/data/gaob/Re-ID/conda-envs/tri_reid/lib/python3.10/site-packages/timm/models/helpers.py:7: FutureWarning: Importing from timm.models.helpers is deprecated, please import via timm.models
  warnings.warn(f"Importing from {__name__} is deprecated, please import via timm.models", FutureWarning)
/data/gaob/Re-ID/conda-envs/tri_reid/lib/python3.10/site-packages/timm/models/registry.py:4: FutureWarning: Importing from timm.models.registry is deprecated, please import via timm.models
  warnings.warn(f"Importing from {__name__} is deprecated, please import via timm.models", FutureWarning)
/data/gaob/Re-ID/conda-envs/tri_reid/lib/python3.10/site-packages/timm/models/layers/__init__.py:48: FutureWarning: Importing from timm.models.layers is deprecated, please import via timm.layers
  warnings.warn(f"Importing from {__name__} is deprecated, please import via timm.layers", FutureWarning)
建立transformer............
using Transformer_type: ViT-B-16 as a backbone
Resized position embedding: %s to %s torch.Size([197, 768]) torch.Size([129, 768])
Position embedding resize to height:8 width: 16
Successfully load ckpt!
<All keys matched successfully>
Loading pretrained model from CLIP
camera number is : 8
===========Building Signal===========
{"event": "epoch", "dataset": "RGBNT100", "epoch": 1, "steps": 130, "mean_loss": 2.526548347106347, "seconds": 61.05701398500241, "official_fused": {"mAP": 85.64857694395474, "Rank-1": 95.86005806922913, "Rank-5": 96.61807417869568, "Rank-10": 96.85131311416626}, "best_epoch": 1}
{"event": "epoch", "dataset": "RGBNT100", "epoch": 2, "steps": 131, "mean_loss": 0.8930872710606524, "seconds": 59.898123227991164, "official_fused": {"mAP": 84.45255054473276, "Rank-1": 96.55976891517639, "Rank-5": 97.02624082565308, "Rank-10": 97.37609624862671}, "best_epoch": 1}
{"event": "epoch", "dataset": "RGBNT100", "epoch": 3, "steps": 132, "mean_loss": 0.7294043185132922, "seconds": 60.17365331196925, "official_fused": {"mAP": 82.24549298990759, "Rank-1": 95.80174684524536, "Rank-5": 96.67638540267944, "Rank-10": 96.90961837768555}, "best_epoch": 1}
{"event": "epoch", "dataset": "RGBNT100", "epoch": 4, "steps": 131, "mean_loss": 0.7184531338342274, "seconds": 59.53158757800702, "official_fused": {"mAP": 81.30751970003921, "Rank-1": 94.98542547225952, "Rank-5": 95.91836929321289, "Rank-10": 96.44314646720886}, "best_epoch": 1}
{"event": "epoch", "dataset": "RGBNT100", "epoch": 5, "steps": 132, "mean_loss": 0.7130977926832257, "seconds": 60.08150290802587, "official_fused": {"mAP": 81.57088825975326, "Rank-1": 94.92711424827576, "Rank-5": 95.91836929321289, "Rank-10": 96.50145769119263}, "best_epoch": 1}
{"event": "epoch", "dataset": "RGBNT100", "epoch": 6, "steps": 131, "mean_loss": 0.7107354193243361, "seconds": 59.880224026041105, "official_fused": {"mAP": 80.98986136376482, "Rank-1": 94.57725882530212, "Rank-5": 96.03498578071594, "Rank-10": 96.55976891517639}, "best_epoch": 1}
{"event": "epoch", "dataset": "RGBNT100", "epoch": 7, "steps": 132, "mean_loss": 0.7088059665578784, "seconds": 60.38482235203264, "official_fused": {"mAP": 80.83932327259915, "Rank-1": 93.58600378036499, "Rank-5": 94.92711424827576, "Rank-10": 95.56851387023926}, "best_epoch": 1}
{"event": "epoch", "dataset": "RGBNT100", "epoch": 8, "steps": 131, "mean_loss": 0.7082966274887551, "seconds": 59.63526342599653, "official_fused": {"mAP": 81.9573278395449, "Rank-1": 95.27696967124939, "Rank-5": 95.97667455673218, "Rank-10": 96.50145769119263}, "best_epoch": 1}
{"event": "epoch", "dataset": "RGBNT100", "epoch": 9, "steps": 130, "mean_loss": 0.7080803884909703, "seconds": 59.580950336006936, "official_fused": {"mAP": 82.09072710232729, "Rank-1": 95.39358615875244, "Rank-5": 96.32652997970581, "Rank-10": 96.7930018901825}, "best_epoch": 1}
{"event": "epoch", "dataset": "RGBNT100", "epoch": 10, "steps": 132, "mean_loss": 0.7077862895799406, "seconds": 59.99947522801813, "official_fused": {"mAP": 81.73406410655122, "Rank-1": 94.98542547225952, "Rank-5": 95.62682509422302, "Rank-10": 96.03498578071594}, "best_epoch": 1}
{"event": "epoch", "dataset": "RGBNT100", "epoch": 11, "steps": 131, "mean_loss": 0.7074674208655612, "seconds": 59.72464787401259, "official_fused": {"mAP": 81.89003808876535, "Rank-1": 95.16034722328186, "Rank-5": 95.86005806922913, "Rank-10": 96.32652997970581}, "best_epoch": 1}
{"event": "epoch", "dataset": "RGBNT100", "epoch": 12, "steps": 131, "mean_loss": 0.7076987769767529, "seconds": 59.69347167998785, "official_fused": {"mAP": 82.68594177606829, "Rank-1": 95.4518973827362, "Rank-5": 96.61807417869568, "Rank-10": 96.90961837768555}, "best_epoch": 1}
{"event": "epoch", "dataset": "RGBNT100", "epoch": 13, "steps": 131, "mean_loss": 0.7078637485285751, "seconds": 59.69092726398958, "official_fused": {"mAP": 82.60907866116159, "Rank-1": 95.33527493476868, "Rank-5": 96.0932970046997, "Rank-10": 96.61807417869568}, "best_epoch": 1}
{"event": "epoch", "dataset": "RGBNT100", "epoch": 14, "steps": 132, "mean_loss": 0.7076341690439166, "seconds": 59.880075603025034, "official_fused": {"mAP": 82.56424284163602, "Rank-1": 94.75218653678894, "Rank-5": 95.39358615875244, "Rank-10": 95.97667455673218}, "best_epoch": 1}
{"event": "epoch", "dataset": "RGBNT100", "epoch": 15, "steps": 129, "mean_loss": 0.7073305507963018, "seconds": 58.68777223600773, "official_fused": {"mAP": 82.38467876995367, "Rank-1": 94.63557004928589, "Rank-5": 95.68513035774231, "Rank-10": 95.97667455673218}, "best_epoch": 1}
{"event": "epoch", "dataset": "RGBNT100", "epoch": 16, "steps": 131, "mean_loss": 0.7073216297244298, "seconds": 59.486728632997256, "official_fused": {"mAP": 82.69145459116588, "Rank-1": 95.39358615875244, "Rank-5": 96.0932970046997, "Rank-10": 96.151602268219}, "best_epoch": 1}
{"event": "epoch", "dataset": "RGBNT100", "epoch": 17, "steps": 132, "mean_loss": 0.7074792940508235, "seconds": 59.92237093899166, "official_fused": {"mAP": 83.00636183608724, "Rank-1": 95.4518973827362, "Rank-5": 96.38484120368958, "Rank-10": 96.55976891517639}, "best_epoch": 1}
{"event": "epoch", "dataset": "RGBNT100", "epoch": 18, "steps": 132, "mean_loss": 0.7076553724931948, "seconds": 60.27403869701084, "official_fused": {"mAP": 82.62958994558313, "Rank-1": 95.10204195976257, "Rank-5": 95.86005806922913, "Rank-10": 96.03498578071594}, "best_epoch": 1}
{"event": "epoch", "dataset": "RGBNT100", "epoch": 19, "steps": 132, "mean_loss": 0.7072222706946459, "seconds": 60.586481956997886, "official_fused": {"mAP": 82.61328445443642, "Rank-1": 95.16034722328186, "Rank-5": 95.80174684524536, "Rank-10": 96.20991349220276}, "best_epoch": 1}
{"event": "epoch", "dataset": "RGBNT100", "epoch": 20, "steps": 132, "mean_loss": 0.7070189086776791, "seconds": 60.15038062696112, "official_fused": {"mAP": 82.42406442768878, "Rank-1": 94.75218653678894, "Rank-5": 95.4518973827362, "Rank-10": 95.86005806922913}, "best_epoch": 1}
{"event": "epoch", "dataset": "RGBNT100", "epoch": 21, "steps": 131, "mean_loss": 0.7068775737558612, "seconds": 59.6138315119897, "official_fused": {"mAP": 82.34881539529059, "Rank-1": 94.57725882530212, "Rank-5": 95.21865844726562, "Rank-10": 95.56851387023926}, "best_epoch": 1}
{"event": "epoch", "dataset": "RGBNT100", "epoch": 22, "steps": 132, "mean_loss": 0.7068570066582073, "seconds": 60.17865908803651, "official_fused": {"mAP": 82.5716710579121, "Rank-1": 94.92711424827576, "Rank-5": 95.5102026462555, "Rank-10": 95.74344158172607}, "best_epoch": 1}
{"event": "epoch", "dataset": "RGBNT100", "epoch": 23, "steps": 131, "mean_loss": 0.706966386951563, "seconds": 59.638439345988445, "official_fused": {"mAP": 82.35235899880013, "Rank-1": 95.10204195976257, "Rank-5": 95.62682509422302, "Rank-10": 95.80174684524536}, "best_epoch": 1}
{"event": "epoch", "dataset": "RGBNT100", "epoch": 24, "steps": 130, "mean_loss": 0.7067751673551707, "seconds": 59.54597418400226, "official_fused": {"mAP": 82.61600457213729, "Rank-1": 95.04373073577881, "Rank-5": 95.27696967124939, "Rank-10": 95.74344158172607}, "best_epoch": 1}
{"event": "epoch", "dataset": "RGBNT100", "epoch": 25, "steps": 132, "mean_loss": 0.7069458916331782, "seconds": 60.15304122597445, "official_fused": {"mAP": 82.06705802872965, "Rank-1": 94.57725882530212, "Rank-5": 95.33527493476868, "Rank-10": 95.62682509422302}, "best_epoch": 1}
{"event": "epoch", "dataset": "RGBNT100", "epoch": 26, "steps": 131, "mean_loss": 0.7068227215577628, "seconds": 59.83078028203454, "official_fused": {"mAP": 82.55052063041485, "Rank-1": 94.57725882530212, "Rank-5": 95.16034722328186, "Rank-10": 95.68513035774231}, "best_epoch": 1}
{"event": "epoch", "dataset": "RGBNT100", "epoch": 27, "steps": 131, "mean_loss": 0.7066775947126723, "seconds": 59.94041331799235, "official_fused": {"mAP": 82.59266181787235, "Rank-1": 94.86880302429199, "Rank-5": 95.5102026462555, "Rank-10": 95.80174684524536}, "best_epoch": 1}
{"event": "epoch", "dataset": "RGBNT100", "epoch": 28, "steps": 130, "mean_loss": 0.7068832466235527, "seconds": 59.135545131983235, "official_fused": {"mAP": 82.5961310203432, "Rank-1": 94.69387531280518, "Rank-5": 95.10204195976257, "Rank-10": 95.5102026462555}, "best_epoch": 1}
{"event": "epoch", "dataset": "RGBNT100", "epoch": 29, "steps": 131, "mean_loss": 0.7067749350125553, "seconds": 59.35499527200591, "official_fused": {"mAP": 82.29850328810853, "Rank-1": 94.63557004928589, "Rank-5": 95.21865844726562, "Rank-10": 95.4518973827362}, "best_epoch": 1}
{"event": "epoch", "dataset": "RGBNT100", "epoch": 30, "steps": 132, "mean_loss": 0.7067810080268166, "seconds": 59.76023031200748, "official_fused": {"mAP": 82.14357497461846, "Rank-1": 94.69387531280518, "Rank-5": 95.39358615875244, "Rank-10": 95.62682509422302}, "best_epoch": 1}
{"event": "epoch", "dataset": "RGBNT100", "epoch": 31, "steps": 131, "mean_loss": 0.7065115461822684, "seconds": 59.275621459994, "official_fused": {"mAP": 81.97538507362637, "Rank-1": 94.46064233779907, "Rank-5": 95.16034722328186, "Rank-10": 95.33527493476868}, "best_epoch": 1}
{"event": "epoch", "dataset": "RGBNT100", "epoch": 32, "steps": 131, "mean_loss": 0.7064162706600801, "seconds": 59.267702176992316, "official_fused": {"mAP": 82.07201621507565, "Rank-1": 93.93585920333862, "Rank-5": 94.75218653678894, "Rank-10": 94.98542547225952}, "best_epoch": 1}
{"event": "epoch", "dataset": "RGBNT100", "epoch": 33, "steps": 131, "mean_loss": 0.7063737397885504, "seconds": 59.36293021996971, "official_fused": {"mAP": 82.09205085460314, "Rank-1": 94.11078691482544, "Rank-5": 94.63557004928589, "Rank-10": 94.86880302429199}, "best_epoch": 1}
{"event": "epoch", "dataset": "RGBNT100", "epoch": 34, "steps": 132, "mean_loss": 0.7063043736147158, "seconds": 59.78448643902084, "official_fused": {"mAP": 82.01612633237096, "Rank-1": 94.11078691482544, "Rank-5": 94.98542547225952, "Rank-10": 95.10204195976257}, "best_epoch": 1}
{"event": "epoch", "dataset": "RGBNT100", "epoch": 35, "steps": 132, "mean_loss": 0.7062935815616087, "seconds": 59.665001182002015, "official_fused": {"mAP": 82.2581778891426, "Rank-1": 94.22740340232849, "Rank-5": 95.04373073577881, "Rank-10": 95.27696967124939}, "best_epoch": 1}
{"event": "epoch", "dataset": "RGBNT100", "epoch": 36, "steps": 130, "mean_loss": 0.7062591804907872, "seconds": 58.796306873031426, "official_fused": {"mAP": 81.97754143060767, "Rank-1": 94.28571462631226, "Rank-5": 94.98542547225952, "Rank-10": 95.16034722328186}, "best_epoch": 1}
{"event": "epoch", "dataset": "RGBNT100", "epoch": 37, "steps": 131, "mean_loss": 0.7062155363213924, "seconds": 59.10594753001351, "official_fused": {"mAP": 81.81986000291026, "Rank-1": 93.99417042732239, "Rank-5": 94.8104977607727, "Rank-10": 95.16034722328186}, "best_epoch": 1}
{"event": "epoch", "dataset": "RGBNT100", "epoch": 38, "steps": 132, "mean_loss": 0.7061897958769943, "seconds": 59.706246229005046, "official_fused": {"mAP": 82.0978739809489, "Rank-1": 93.87755393981934, "Rank-5": 94.63557004928589, "Rank-10": 95.04373073577881}, "best_epoch": 1}
{"event": "epoch", "dataset": "RGBNT100", "epoch": 39, "steps": 130, "mean_loss": 0.7061709614900442, "seconds": 58.85758079896914, "official_fused": {"mAP": 81.73999968879262, "Rank-1": 93.7609314918518, "Rank-5": 94.51894760131836, "Rank-10": 95.16034722328186}, "best_epoch": 1}
{"event": "epoch", "dataset": "RGBNT100", "epoch": 40, "steps": 131, "mean_loss": 0.7061420064846068, "seconds": 59.203554133011494, "official_fused": {"mAP": 81.8586061579342, "Rank-1": 93.87755393981934, "Rank-5": 94.63557004928589, "Rank-10": 95.10204195976257}, "best_epoch": 1}
{"event": "epoch", "dataset": "RGBNT100", "epoch": 41, "steps": 131, "mean_loss": 0.7061288124732389, "seconds": 59.28721854003379, "official_fused": {"mAP": 81.92701597375037, "Rank-1": 94.05247569084167, "Rank-5": 94.98542547225952, "Rank-10": 95.21865844726562}, "best_epoch": 1}
{"event": "epoch", "dataset": "RGBNT100", "epoch": 42, "steps": 132, "mean_loss": 0.7061184337644866, "seconds": 59.78816638101125, "official_fused": {"mAP": 81.98045381864853, "Rank-1": 94.1690981388092, "Rank-5": 94.98542547225952, "Rank-10": 95.16034722328186}, "best_epoch": 1}
{"event": "epoch", "dataset": "RGBNT100", "epoch": 43, "steps": 131, "mean_loss": 0.7061048541360229, "seconds": 59.349160972982645, "official_fused": {"mAP": 81.93570243059092, "Rank-1": 93.93585920333862, "Rank-5": 94.8104977607727, "Rank-10": 95.33527493476868}, "best_epoch": 1}
{"event": "epoch", "dataset": "RGBNT100", "epoch": 44, "steps": 131, "mean_loss": 0.7061010257888386, "seconds": 59.33380175399361, "official_fused": {"mAP": 81.92935146065646, "Rank-1": 93.87755393981934, "Rank-5": 94.92711424827576, "Rank-10": 95.21865844726562}, "best_epoch": 1}
{"event": "epoch", "dataset": "RGBNT100", "epoch": 45, "steps": 132, "mean_loss": 0.7060891317598748, "seconds": 59.661024525994435, "official_fused": {"mAP": 81.87459193899562, "Rank-1": 93.93585920333862, "Rank-5": 94.92711424827576, "Rank-10": 95.16034722328186}, "best_epoch": 1}
{"event": "epoch", "dataset": "RGBNT100", "epoch": 46, "steps": 132, "mean_loss": 0.7060953532204484, "seconds": 59.6691187559627, "official_fused": {"mAP": 81.83232853191025, "Rank-1": 93.93585920333862, "Rank-5": 94.8104977607727, "Rank-10": 95.16034722328186}, "best_epoch": 1}
{"event": "epoch", "dataset": "RGBNT100", "epoch": 47, "steps": 131, "mean_loss": 0.7060851372835291, "seconds": 59.30088948603952, "official_fused": {"mAP": 81.79649865040425, "Rank-1": 93.7609314918518, "Rank-5": 94.86880302429199, "Rank-10": 95.10204195976257}, "best_epoch": 1}
{"event": "epoch", "dataset": "RGBNT100", "epoch": 48, "steps": 130, "mean_loss": 0.7060771061823918, "seconds": 58.73978108604206, "official_fused": {"mAP": 81.8364442054434, "Rank-1": 93.7609314918518, "Rank-5": 94.75218653678894, "Rank-10": 95.16034722328186}, "best_epoch": 1}
{"event": "epoch", "dataset": "RGBNT100", "epoch": 49, "steps": 132, "mean_loss": 0.7060745913874019, "seconds": 59.74288095004158, "official_fused": {"mAP": 81.8585680510442, "Rank-1": 93.7609314918518, "Rank-5": 94.8104977607727, "Rank-10": 95.16034722328186}, "best_epoch": 1}
{"event": "epoch", "dataset": "RGBNT100", "epoch": 50, "steps": 130, "mean_loss": 0.7060751213477208, "seconds": 58.819420197978616, "official_fused": {"mAP": 81.85786001072664, "Rank-1": 93.81924271583557, "Rank-5": 94.8104977607727, "Rank-10": 95.16034722328186}, "best_epoch": 1}
