/data/gaob/Re-ID/conda-envs/tri_reid/lib/python3.10/site-packages/timm/models/helpers.py:7: FutureWarning: Importing from timm.models.helpers is deprecated, please import via timm.models
  warnings.warn(f"Importing from {__name__} is deprecated, please import via timm.models", FutureWarning)
/data/gaob/Re-ID/conda-envs/tri_reid/lib/python3.10/site-packages/timm/models/registry.py:4: FutureWarning: Importing from timm.models.registry is deprecated, please import via timm.models
  warnings.warn(f"Importing from {__name__} is deprecated, please import via timm.models", FutureWarning)
/data/gaob/Re-ID/conda-envs/tri_reid/lib/python3.10/site-packages/timm/models/layers/__init__.py:48: FutureWarning: Importing from timm.models.layers is deprecated, please import via timm.layers
  warnings.warn(f"Importing from {__name__} is deprecated, please import via timm.layers", FutureWarning)
建立transformer............
using Transformer_type: ViT-B-16 as a backbone
Resized position embedding: %s to %s torch.Size([197, 768]) torch.Size([129, 768])
Position embedding resize to height:8 width: 16
Successfully load ckpt!
<All keys matched successfully>
Loading pretrained model from CLIP
camera number is : 8
===========Building Signal===========
{"event": "epoch", "dataset": "MSVR310", "epoch": 1, "steps": 20, "mean_loss": 5.415943002700805, "seconds": 12.551952409005025, "official_fused": {"mAP": 17.07010936863446, "Rank-1": 39.593908190727234, "Rank-5": 58.544838428497314, "Rank-10": 65.98984599113464}, "best_epoch": 1}
{"event": "epoch", "dataset": "MSVR310", "epoch": 2, "steps": 20, "mean_loss": 5.22223927974701, "seconds": 11.298601369999233, "official_fused": {"mAP": 23.741168671981182, "Rank-1": 45.51607370376587, "Rank-5": 64.29780125617981, "Rank-10": 72.0812201499939}, "best_epoch": 2}
{"event": "epoch", "dataset": "MSVR310", "epoch": 3, "steps": 20, "mean_loss": 4.873814129829407, "seconds": 11.691098401002819, "official_fused": {"mAP": 33.6815230396663, "Rank-1": 55.16074299812317, "Rank-5": 73.09644818305969, "Rank-10": 78.17258834838867}, "best_epoch": 3}
{"event": "epoch", "dataset": "MSVR310", "epoch": 4, "steps": 20, "mean_loss": 4.300298643112183, "seconds": 11.471844522995525, "official_fused": {"mAP": 34.6190656328038, "Rank-1": 53.976309299468994, "Rank-5": 69.54314708709717, "Rank-10": 76.31133794784546}, "best_epoch": 4}
{"event": "epoch", "dataset": "MSVR310", "epoch": 5, "steps": 20, "mean_loss": 3.5495457291603087, "seconds": 11.722127097993507, "official_fused": {"mAP": 35.58537161132105, "Rank-1": 53.468698263168335, "Rank-5": 70.2199637889862, "Rank-10": 75.46531558036804}, "best_epoch": 5}
{"event": "epoch", "dataset": "MSVR310", "epoch": 6, "steps": 20, "mean_loss": 2.812363350391388, "seconds": 11.727337417993112, "official_fused": {"mAP": 41.57821165283266, "Rank-1": 61.92893385887146, "Rank-5": 77.66497731208801, "Rank-10": 81.7258894443512}, "best_epoch": 6}
{"event": "epoch", "dataset": "MSVR310", "epoch": 7, "steps": 20, "mean_loss": 2.2550058901309966, "seconds": 11.532976382004563, "official_fused": {"mAP": 41.915739965434106, "Rank-1": 60.40608882904053, "Rank-5": 77.66497731208801, "Rank-10": 82.06430077552795}, "best_epoch": 7}
{"event": "epoch", "dataset": "MSVR310", "epoch": 8, "steps": 20, "mean_loss": 1.8378128349781035, "seconds": 11.562661114992807, "official_fused": {"mAP": 46.472810835997265, "Rank-1": 66.15905165672302, "Rank-5": 78.68020534515381, "Rank-10": 82.91032314300537}, "best_epoch": 8}
{"event": "epoch", "dataset": "MSVR310", "epoch": 9, "steps": 20, "mean_loss": 1.5002418637275696, "seconds": 11.744512883989955, "official_fused": {"mAP": 45.09831862179531, "Rank-1": 61.08291149139404, "Rank-5": 77.66497731208801, "Rank-10": 83.41793417930603}, "best_epoch": 8}
{"event": "epoch", "dataset": "MSVR310", "epoch": 10, "steps": 20, "mean_loss": 1.325606894493103, "seconds": 11.833062156001688, "official_fused": {"mAP": 47.253162760853826, "Rank-1": 65.48223495483398, "Rank-5": 78.68020534515381, "Rank-10": 84.09475684165955}, "best_epoch": 10}
{"event": "epoch", "dataset": "MSVR310", "epoch": 11, "steps": 20, "mean_loss": 1.2023090898990632, "seconds": 12.02280264699948, "official_fused": {"mAP": 46.35946132045165, "Rank-1": 62.6057505607605, "Rank-5": 78.17258834838867, "Rank-10": 85.27919054031372}, "best_epoch": 10}
{"event": "epoch", "dataset": "MSVR310", "epoch": 12, "steps": 20, "mean_loss": 1.1401289522647857, "seconds": 12.077524205000373, "official_fused": {"mAP": 49.2163787926942, "Rank-1": 66.49746298789978, "Rank-5": 80.03383874893188, "Rank-10": 85.44839024543762}, "best_epoch": 12}
{"event": "epoch", "dataset": "MSVR310", "epoch": 13, "steps": 20, "mean_loss": 1.0945525109767913, "seconds": 11.61903323700244, "official_fused": {"mAP": 49.01179556139437, "Rank-1": 65.14382362365723, "Rank-5": 81.21827244758606, "Rank-10": 86.29441857337952}, "best_epoch": 12}
{"event": "epoch", "dataset": "MSVR310", "epoch": 14, "steps": 20, "mean_loss": 1.064541643857956, "seconds": 11.682592500001192, "official_fused": {"mAP": 46.673752051082076, "Rank-1": 63.113367557525635, "Rank-5": 79.01861071586609, "Rank-10": 85.10998487472534}, "best_epoch": 12}
{"event": "epoch", "dataset": "MSVR310", "epoch": 15, "steps": 20, "mean_loss": 1.0539904475212096, "seconds": 11.80573178701161, "official_fused": {"mAP": 49.16152054458198, "Rank-1": 67.3434853553772, "Rank-5": 82.74111747741699, "Rank-10": 86.80202960968018}, "best_epoch": 12}
{"event": "epoch", "dataset": "MSVR310", "epoch": 16, "steps": 20, "mean_loss": 1.018700787425041, "seconds": 11.886249761999352, "official_fused": {"mAP": 51.72241087708173, "Rank-1": 67.17427968978882, "Rank-5": 83.58713984489441, "Rank-10": 88.49408030509949}, "best_epoch": 16}
{"event": "epoch", "dataset": "MSVR310", "epoch": 17, "steps": 20, "mean_loss": 1.0068306118249892, "seconds": 11.623218464999809, "official_fused": {"mAP": 48.46827937969789, "Rank-1": 65.82064032554626, "Rank-5": 80.7106614112854, "Rank-10": 85.617595911026}, "best_epoch": 16}
{"event": "epoch", "dataset": "MSVR310", "epoch": 18, "steps": 20, "mean_loss": 0.9926029145717621, "seconds": 11.832792817993322, "official_fused": {"mAP": 49.21794079360089, "Rank-1": 66.15905165672302, "Rank-5": 82.57191181182861, "Rank-10": 87.30964660644531}, "best_epoch": 16}
{"event": "epoch", "dataset": "MSVR310", "epoch": 19, "steps": 20, "mean_loss": 0.9910637497901916, "seconds": 11.780922001998988, "official_fused": {"mAP": 50.25836394397012, "Rank-1": 67.51269102096558, "Rank-5": 81.55668377876282, "Rank-10": 87.30964660644531}, "best_epoch": 16}
{"event": "epoch", "dataset": "MSVR310", "epoch": 20, "steps": 20, "mean_loss": 0.9728672802448273, "seconds": 12.072982126002898, "official_fused": {"mAP": 47.49781904752178, "Rank-1": 64.29780125617981, "Rank-5": 81.21827244758606, "Rank-10": 85.95600724220276}, "best_epoch": 16}
{"event": "epoch", "dataset": "MSVR310", "epoch": 21, "steps": 20, "mean_loss": 0.9578298836946487, "seconds": 11.665905192989158, "official_fused": {"mAP": 48.62358130819363, "Rank-1": 65.48223495483398, "Rank-5": 82.06430077552795, "Rank-10": 86.6328239440918}, "best_epoch": 16}
{"event": "epoch", "dataset": "MSVR310", "epoch": 22, "steps": 20, "mean_loss": 0.9554272174835206, "seconds": 11.99552032900101, "official_fused": {"mAP": 47.76165661039889, "Rank-1": 62.77495622634888, "Rank-5": 80.20304441452026, "Rank-10": 84.6023678779602}, "best_epoch": 16}
{"event": "epoch", "dataset": "MSVR310", "epoch": 23, "steps": 20, "mean_loss": 0.9510840594768524, "seconds": 11.726352373007103, "official_fused": {"mAP": 47.60118448254258, "Rank-1": 64.29780125617981, "Rank-5": 79.35702204704285, "Rank-10": 84.43316221237183}, "best_epoch": 16}
{"event": "epoch", "dataset": "MSVR310", "epoch": 24, "steps": 20, "mean_loss": 0.9512965857982636, "seconds": 11.99159006800619, "official_fused": {"mAP": 51.70182061418777, "Rank-1": 69.03553009033203, "Rank-5": 83.92555117607117, "Rank-10": 88.66328001022339}, "best_epoch": 16}
{"event": "epoch", "dataset": "MSVR310", "epoch": 25, "steps": 20, "mean_loss": 0.9476675063371658, "seconds": 11.625056698991102, "official_fused": {"mAP": 48.241520814543534, "Rank-1": 66.49746298789978, "Rank-5": 80.37225008010864, "Rank-10": 85.617595911026}, "best_epoch": 16}
{"event": "epoch", "dataset": "MSVR310", "epoch": 26, "steps": 20, "mean_loss": 0.9371142387390137, "seconds": 11.870450520000304, "official_fused": {"mAP": 48.24473284513555, "Rank-1": 65.3130292892456, "Rank-5": 80.7106614112854, "Rank-10": 86.29441857337952}, "best_epoch": 16}
{"event": "epoch", "dataset": "MSVR310", "epoch": 27, "steps": 20, "mean_loss": 0.9268899947404862, "seconds": 11.862455391994445, "official_fused": {"mAP": 49.72198977849847, "Rank-1": 66.3282573223114, "Rank-5": 81.04906678199768, "Rank-10": 86.6328239440918}, "best_epoch": 16}
{"event": "epoch", "dataset": "MSVR310", "epoch": 28, "steps": 20, "mean_loss": 0.923241651058197, "seconds": 11.863522280997131, "official_fused": {"mAP": 49.92262090548589, "Rank-1": 68.02030205726624, "Rank-5": 81.04906678199768, "Rank-10": 87.14044094085693}, "best_epoch": 16}
{"event": "epoch", "dataset": "MSVR310", "epoch": 29, "steps": 20, "mean_loss": 0.9238436192274093, "seconds": 12.009793953999178, "official_fused": {"mAP": 49.981348453541074, "Rank-1": 68.02030205726624, "Rank-5": 83.07952880859375, "Rank-10": 88.49408030509949}, "best_epoch": 16}
{"event": "epoch", "dataset": "MSVR310", "epoch": 30, "steps": 20, "mean_loss": 0.9216051638126374, "seconds": 11.845627695001895, "official_fused": {"mAP": 50.1325027471063, "Rank-1": 68.86633038520813, "Rank-5": 82.57191181182861, "Rank-10": 87.81725764274597}, "best_epoch": 16}
{"event": "epoch", "dataset": "MSVR310", "epoch": 31, "steps": 20, "mean_loss": 0.9211679041385651, "seconds": 11.836273759021424, "official_fused": {"mAP": 49.76778572616667, "Rank-1": 66.66666865348816, "Rank-5": 82.74111747741699, "Rank-10": 87.81725764274597}, "best_epoch": 16}
{"event": "epoch", "dataset": "MSVR310", "epoch": 32, "steps": 20, "mean_loss": 0.9139705628156662, "seconds": 11.763269298011437, "official_fused": {"mAP": 49.469423830749406, "Rank-1": 66.66666865348816, "Rank-5": 82.91032314300537, "Rank-10": 87.81725764274597}, "best_epoch": 16}
{"event": "epoch", "dataset": "MSVR310", "epoch": 33, "steps": 20, "mean_loss": 0.9085188776254653, "seconds": 11.856135737994919, "official_fused": {"mAP": 49.98375766754889, "Rank-1": 67.68189668655396, "Rank-5": 82.06430077552795, "Rank-10": 87.81725764274597}, "best_epoch": 16}
{"event": "epoch", "dataset": "MSVR310", "epoch": 34, "steps": 20, "mean_loss": 0.9086201965808869, "seconds": 11.82247634101077, "official_fused": {"mAP": 49.50062846122132, "Rank-1": 67.00507402420044, "Rank-5": 82.57191181182861, "Rank-10": 87.30964660644531}, "best_epoch": 16}
{"event": "epoch", "dataset": "MSVR310", "epoch": 35, "steps": 20, "mean_loss": 0.9055342823266983, "seconds": 11.552304565004306, "official_fused": {"mAP": 48.531722245871336, "Rank-1": 65.82064032554626, "Rank-5": 82.06430077552795, "Rank-10": 86.6328239440918}, "best_epoch": 16}
{"event": "epoch", "dataset": "MSVR310", "epoch": 36, "steps": 20, "mean_loss": 0.9046294689178467, "seconds": 12.056988722993992, "official_fused": {"mAP": 48.42620386529507, "Rank-1": 65.14382362365723, "Rank-5": 82.40270614624023, "Rank-10": 86.12521290779114}, "best_epoch": 16}
{"event": "epoch", "dataset": "MSVR310", "epoch": 37, "steps": 20, "mean_loss": 0.9043408066034317, "seconds": 11.70945299899904, "official_fused": {"mAP": 49.3722410471168, "Rank-1": 67.3434853553772, "Rank-5": 83.07952880859375, "Rank-10": 87.14044094085693}, "best_epoch": 16}
{"event": "epoch", "dataset": "MSVR310", "epoch": 38, "steps": 20, "mean_loss": 0.9101246535778046, "seconds": 11.857831803994486, "official_fused": {"mAP": 48.56365351448625, "Rank-1": 65.82064032554626, "Rank-5": 82.23350048065186, "Rank-10": 86.29441857337952}, "best_epoch": 16}
{"event": "epoch", "dataset": "MSVR310", "epoch": 39, "steps": 20, "mean_loss": 0.905282062292099, "seconds": 11.966128701984417, "official_fused": {"mAP": 49.3311210920229, "Rank-1": 66.83587431907654, "Rank-5": 82.06430077552795, "Rank-10": 87.30964660644531}, "best_epoch": 16}
{"event": "epoch", "dataset": "MSVR310", "epoch": 40, "steps": 20, "mean_loss": 0.9032202512025833, "seconds": 11.742660302988952, "official_fused": {"mAP": 48.00487170212573, "Rank-1": 64.29780125617981, "Rank-5": 81.7258894443512, "Rank-10": 85.95600724220276}, "best_epoch": 16}
{"event": "epoch", "dataset": "MSVR310", "epoch": 41, "steps": 20, "mean_loss": 0.9017747461795806, "seconds": 11.92654885299271, "official_fused": {"mAP": 48.065997764275075, "Rank-1": 64.97461795806885, "Rank-5": 81.7258894443512, "Rank-10": 85.27919054031372}, "best_epoch": 16}
{"event": "epoch", "dataset": "MSVR310", "epoch": 42, "steps": 20, "mean_loss": 0.8973175585269928, "seconds": 11.839253212005133, "official_fused": {"mAP": 49.281148669189534, "Rank-1": 66.15905165672302, "Rank-5": 81.89509510993958, "Rank-10": 86.29441857337952}, "best_epoch": 16}
{"event": "epoch", "dataset": "MSVR310", "epoch": 43, "steps": 20, "mean_loss": 0.8933999598026275, "seconds": 11.701310509000905, "official_fused": {"mAP": 49.22504431307072, "Rank-1": 66.15905165672302, "Rank-5": 81.04906678199768, "Rank-10": 86.46361827850342}, "best_epoch": 16}
{"event": "epoch", "dataset": "MSVR310", "epoch": 44, "steps": 20, "mean_loss": 0.8944578886032104, "seconds": 11.893490713002393, "official_fused": {"mAP": 48.64583025150517, "Rank-1": 65.98984599113464, "Rank-5": 80.7106614112854, "Rank-10": 86.12521290779114}, "best_epoch": 16}
{"event": "epoch", "dataset": "MSVR310", "epoch": 45, "steps": 20, "mean_loss": 0.8995289206504822, "seconds": 11.925533420988359, "official_fused": {"mAP": 48.59292277292232, "Rank-1": 66.15905165672302, "Rank-5": 80.7106614112854, "Rank-10": 85.617595911026}, "best_epoch": 16}
{"event": "epoch", "dataset": "MSVR310", "epoch": 46, "steps": 20, "mean_loss": 0.8977131873369217, "seconds": 11.817580898001324, "official_fused": {"mAP": 48.63527703520524, "Rank-1": 66.15905165672302, "Rank-5": 81.21827244758606, "Rank-10": 85.78680157661438}, "best_epoch": 16}
{"event": "epoch", "dataset": "MSVR310", "epoch": 47, "steps": 20, "mean_loss": 0.9003285497426987, "seconds": 11.890775175997987, "official_fused": {"mAP": 48.66204914812369, "Rank-1": 66.15905165672302, "Rank-5": 81.04906678199768, "Rank-10": 86.12521290779114}, "best_epoch": 16}
{"event": "epoch", "dataset": "MSVR310", "epoch": 48, "steps": 20, "mean_loss": 0.8946640908718109, "seconds": 11.801409824984148, "official_fused": {"mAP": 48.76707276121861, "Rank-1": 66.3282573223114, "Rank-5": 81.21827244758606, "Rank-10": 86.12521290779114}, "best_epoch": 16}
{"event": "epoch", "dataset": "MSVR310", "epoch": 49, "steps": 20, "mean_loss": 0.898446649312973, "seconds": 12.002247669006465, "official_fused": {"mAP": 48.7728019946952, "Rank-1": 66.3282573223114, "Rank-5": 81.21827244758606, "Rank-10": 86.12521290779114}, "best_epoch": 16}
{"event": "epoch", "dataset": "MSVR310", "epoch": 50, "steps": 20, "mean_loss": 0.8975573599338531, "seconds": 11.681657459994312, "official_fused": {"mAP": 48.777683651758466, "Rank-1": 66.3282573223114, "Rank-5": 81.21827244758606, "Rank-10": 86.12521290779114}, "best_epoch": 16}
