/data/gaob/Re-ID/conda-envs/tri_reid/lib/python3.10/site-packages/timm/models/helpers.py:7: FutureWarning: Importing from timm.models.helpers is deprecated, please import via timm.models
  warnings.warn(f"Importing from {__name__} is deprecated, please import via timm.models", FutureWarning)
/data/gaob/Re-ID/conda-envs/tri_reid/lib/python3.10/site-packages/timm/models/registry.py:4: FutureWarning: Importing from timm.models.registry is deprecated, please import via timm.models
  warnings.warn(f"Importing from {__name__} is deprecated, please import via timm.models", FutureWarning)
/data/gaob/Re-ID/conda-envs/tri_reid/lib/python3.10/site-packages/timm/models/layers/__init__.py:48: FutureWarning: Importing from timm.models.layers is deprecated, please import via timm.layers
  warnings.warn(f"Importing from {__name__} is deprecated, please import via timm.layers", FutureWarning)
建立transformer............
using Transformer_type: ViT-B-16 as a backbone
Resized position embedding: %s to %s torch.Size([197, 768]) torch.Size([129, 768])
Position embedding resize to height:8 width: 16
Successfully load ckpt!
<All keys matched successfully>
Loading pretrained model from CLIP
camera number is : 8
===========Building Signal===========
{"event": "epoch", "dataset": "RGBNT100", "epoch": 1, "steps": 130, "mean_loss": 2.50245638352174, "seconds": 72.88757869400433, "official_fused": {"mAP": 85.37991550280026, "Rank-1": 95.21865844726562, "Rank-5": 96.03498578071594, "Rank-10": 96.50145769119263}, "best_epoch": 1}
{"event": "epoch", "dataset": "RGBNT100", "epoch": 2, "steps": 131, "mean_loss": 0.875449386716799, "seconds": 84.16006774400012, "official_fused": {"mAP": 84.79122483687568, "Rank-1": 95.74344158172607, "Rank-5": 96.55976891517639, "Rank-10": 96.96792960166931}, "best_epoch": 1}
{"event": "epoch", "dataset": "RGBNT100", "epoch": 3, "steps": 132, "mean_loss": 0.7239834169546763, "seconds": 80.23429247300373, "official_fused": {"mAP": 82.00787863601376, "Rank-1": 94.69387531280518, "Rank-5": 95.68513035774231, "Rank-10": 96.20991349220276}, "best_epoch": 1}
{"event": "epoch", "dataset": "RGBNT100", "epoch": 4, "steps": 131, "mean_loss": 0.7155931773986525, "seconds": 82.20162634400185, "official_fused": {"mAP": 81.07606214563997, "Rank-1": 94.05247569084167, "Rank-5": 94.75218653678894, "Rank-10": 95.10204195976257}, "best_epoch": 1}
{"event": "epoch", "dataset": "RGBNT100", "epoch": 5, "steps": 132, "mean_loss": 0.7113406942649321, "seconds": 82.99593618999643, "official_fused": {"mAP": 81.67719061784854, "Rank-1": 94.92711424827576, "Rank-5": 95.27696967124939, "Rank-10": 95.56851387023926}, "best_epoch": 1}
{"event": "epoch", "dataset": "RGBNT100", "epoch": 6, "steps": 131, "mean_loss": 0.7099282354798936, "seconds": 82.9741695440025, "official_fused": {"mAP": 81.38593744972638, "Rank-1": 94.22740340232849, "Rank-5": 95.04373073577881, "Rank-10": 95.5102026462555}, "best_epoch": 1}
{"event": "epoch", "dataset": "RGBNT100", "epoch": 7, "steps": 132, "mean_loss": 0.708125857241226, "seconds": 84.02952365699457, "official_fused": {"mAP": 81.11659401714323, "Rank-1": 93.81924271583557, "Rank-5": 94.40233111381531, "Rank-10": 94.69387531280518}, "best_epoch": 1}
{"event": "epoch", "dataset": "RGBNT100", "epoch": 8, "steps": 131, "mean_loss": 0.7078815416525338, "seconds": 85.31085803300084, "official_fused": {"mAP": 82.1922375306998, "Rank-1": 94.86880302429199, "Rank-5": 95.4518973827362, "Rank-10": 95.74344158172607}, "best_epoch": 1}
{"event": "epoch", "dataset": "RGBNT100", "epoch": 9, "steps": 130, "mean_loss": 0.707780861396056, "seconds": 84.3335002810054, "official_fused": {"mAP": 82.00834738505388, "Rank-1": 94.69387531280518, "Rank-5": 95.68513035774231, "Rank-10": 95.97667455673218}, "best_epoch": 1}
{"event": "epoch", "dataset": "RGBNT100", "epoch": 10, "steps": 132, "mean_loss": 0.7072961953553286, "seconds": 82.57567055300751, "official_fused": {"mAP": 81.36366213205802, "Rank-1": 94.05247569084167, "Rank-5": 95.04373073577881, "Rank-10": 95.56851387023926}, "best_epoch": 1}
{"event": "epoch", "dataset": "RGBNT100", "epoch": 11, "steps": 131, "mean_loss": 0.7070649434591978, "seconds": 79.08636649200344, "official_fused": {"mAP": 81.72599889626203, "Rank-1": 94.86880302429199, "Rank-5": 95.56851387023926, "Rank-10": 96.03498578071594}, "best_epoch": 1}
{"event": "epoch", "dataset": "RGBNT100", "epoch": 12, "steps": 131, "mean_loss": 0.7076082347913553, "seconds": 78.55631590000121, "official_fused": {"mAP": 80.88279666928597, "Rank-1": 93.5276985168457, "Rank-5": 94.40233111381531, "Rank-10": 94.8104977607727}, "best_epoch": 1}
{"event": "epoch", "dataset": "RGBNT100", "epoch": 13, "steps": 131, "mean_loss": 0.7071548286285109, "seconds": 80.6415392140043, "official_fused": {"mAP": 81.62196069674746, "Rank-1": 93.93585920333862, "Rank-5": 94.69387531280518, "Rank-10": 95.33527493476868}, "best_epoch": 1}
{"event": "epoch", "dataset": "RGBNT100", "epoch": 14, "steps": 132, "mean_loss": 0.7070963712352695, "seconds": 84.2682521079987, "official_fused": {"mAP": 81.834724656322, "Rank-1": 94.11078691482544, "Rank-5": 94.92711424827576, "Rank-10": 95.39358615875244}, "best_epoch": 1}
{"event": "epoch", "dataset": "RGBNT100", "epoch": 15, "steps": 129, "mean_loss": 0.7452768803566925, "seconds": 82.39428880000196, "official_fused": {"mAP": 76.22635540785875, "Rank-1": 94.11078691482544, "Rank-5": 95.16034722328186, "Rank-10": 95.62682509422302}, "best_epoch": 1}
{"event": "epoch", "dataset": "RGBNT100", "epoch": 16, "steps": 131, "mean_loss": 0.713392673102954, "seconds": 84.28752476100635, "official_fused": {"mAP": 79.03276290666082, "Rank-1": 95.10204195976257, "Rank-5": 95.80174684524536, "Rank-10": 96.38484120368958}, "best_epoch": 1}
{"event": "epoch", "dataset": "RGBNT100", "epoch": 17, "steps": 132, "mean_loss": 0.7091385351889061, "seconds": 86.05716969999776, "official_fused": {"mAP": 79.7761460525724, "Rank-1": 94.05247569084167, "Rank-5": 95.4518973827362, "Rank-10": 96.151602268219}, "best_epoch": 1}
{"event": "epoch", "dataset": "RGBNT100", "epoch": 18, "steps": 132, "mean_loss": 0.708219792806741, "seconds": 84.25013694500376, "official_fused": {"mAP": 80.46020985190353, "Rank-1": 94.75218653678894, "Rank-5": 95.5102026462555, "Rank-10": 96.38484120368958}, "best_epoch": 1}
{"event": "epoch", "dataset": "RGBNT100", "epoch": 19, "steps": 132, "mean_loss": 0.7076334596583338, "seconds": 83.05040166199615, "official_fused": {"mAP": 80.59910174588714, "Rank-1": 94.11078691482544, "Rank-5": 95.68513035774231, "Rank-10": 96.32652997970581}, "best_epoch": 1}
{"event": "epoch", "dataset": "RGBNT100", "epoch": 20, "steps": 132, "mean_loss": 0.7074411737196373, "seconds": 82.80481988599058, "official_fused": {"mAP": 80.88796835973395, "Rank-1": 93.87755393981934, "Rank-5": 94.92711424827576, "Rank-10": 95.91836929321289}, "best_epoch": 1}
{"event": "epoch", "dataset": "RGBNT100", "epoch": 21, "steps": 131, "mean_loss": 0.7072780409842047, "seconds": 83.42528199299704, "official_fused": {"mAP": 81.11393678824173, "Rank-1": 94.28571462631226, "Rank-5": 95.56851387023926, "Rank-10": 95.97667455673218}, "best_epoch": 1}
{"event": "epoch", "dataset": "RGBNT100", "epoch": 22, "steps": 132, "mean_loss": 0.7071379314769398, "seconds": 84.51651495500118, "official_fused": {"mAP": 81.72495373236424, "Rank-1": 94.98542547225952, "Rank-5": 95.62682509422302, "Rank-10": 96.03498578071594}, "best_epoch": 1}
{"event": "epoch", "dataset": "RGBNT100", "epoch": 23, "steps": 131, "mean_loss": 0.7071102925839315, "seconds": 83.661159433992, "official_fused": {"mAP": 81.8207015067969, "Rank-1": 94.8104977607727, "Rank-5": 95.5102026462555, "Rank-10": 95.80174684524536}, "best_epoch": 1}
{"event": "epoch", "dataset": "RGBNT100", "epoch": 24, "steps": 130, "mean_loss": 0.7069654817764576, "seconds": 83.13779080999666, "official_fused": {"mAP": 81.8003813181621, "Rank-1": 94.57725882530212, "Rank-5": 95.27696967124939, "Rank-10": 96.03498578071594}, "best_epoch": 1}
{"event": "epoch", "dataset": "RGBNT100", "epoch": 25, "steps": 132, "mean_loss": 0.7068837054751136, "seconds": 78.07771536799555, "official_fused": {"mAP": 81.68356747813415, "Rank-1": 94.28571462631226, "Rank-5": 95.16034722328186, "Rank-10": 95.5102026462555}, "best_epoch": 1}
{"event": "epoch", "dataset": "RGBNT100", "epoch": 26, "steps": 131, "mean_loss": 0.7067825198173523, "seconds": 74.72276721200615, "official_fused": {"mAP": 81.94681202694264, "Rank-1": 94.28571462631226, "Rank-5": 95.39358615875244, "Rank-10": 95.80174684524536}, "best_epoch": 1}
