/data/gaob/Re-ID/conda-envs/tri_reid/lib/python3.10/site-packages/timm/models/helpers.py:7: FutureWarning: Importing from timm.models.helpers is deprecated, please import via timm.models
  warnings.warn(f"Importing from {__name__} is deprecated, please import via timm.models", FutureWarning)
/data/gaob/Re-ID/conda-envs/tri_reid/lib/python3.10/site-packages/timm/models/registry.py:4: FutureWarning: Importing from timm.models.registry is deprecated, please import via timm.models
  warnings.warn(f"Importing from {__name__} is deprecated, please import via timm.models", FutureWarning)
/data/gaob/Re-ID/conda-envs/tri_reid/lib/python3.10/site-packages/timm/models/layers/__init__.py:48: FutureWarning: Importing from timm.models.layers is deprecated, please import via timm.layers
  warnings.warn(f"Importing from {__name__} is deprecated, please import via timm.layers", FutureWarning)
/data/gaob/Re-ID/conda-envs/tri_reid/lib/python3.10/site-packages/torch/optim/lr_scheduler.py:224: UserWarning: Detected call of `lr_scheduler.step()` before `optimizer.step()`. In PyTorch 1.1.0 and later, you should call them in the opposite order: `optimizer.step()` before `lr_scheduler.step()`.  Failure to do this will result in PyTorch skipping the first value of the learning rate schedule. See more details at https://pytorch.org/docs/stable/optim.html#how-to-adjust-learning-rate
  warnings.warn(
/data/gaob/Re-ID/conda-envs/tri_reid/lib/python3.10/site-packages/torch/optim/lr_scheduler.py:240: UserWarning: The epoch parameter in `scheduler.step()` was not necessary and is being deprecated where possible. Please use `scheduler.step()` to step the scheduler. During the deprecation, if epoch is different from None, the closed form is used instead of the new chainable form, where available. Please open an issue if you are unable to replicate your use case: https://github.com/pytorch/pytorch/issues/new/choose.
  warnings.warn(EPOCH_DEPRECATION_WARNING, UserWarning)
建立transformer............
using Transformer_type: ViT-B-16 as a backbone
Resized position embedding: %s to %s torch.Size([197, 768]) torch.Size([129, 768])
Position embedding resize to height:8 width: 16
Successfully load ckpt!
<All keys matched successfully>
Loading pretrained model from CLIP
camera number is : 8
===========Building Signal===========
using soft triplet loss for training
label smooth on, numclasses: 155
{"event": "epoch", "dataset": "MSVR310", "recipe": "native", "epoch": 1, "steps": 14, "mean_loss": 7.758583511625018, "seconds": 12.386883783969097, "official_fused": {"mAP": 15.911655755193133, "Rank-1": 36.717426776885986, "Rank-5": 56.345176696777344, "Rank-10": 63.113367557525635}}
/data/gaob/Re-ID/conda-envs/tri_reid/lib/python3.10/site-packages/torch/optim/lr_scheduler.py:240: UserWarning: The epoch parameter in `scheduler.step()` was not necessary and is being deprecated where possible. Please use `scheduler.step()` to step the scheduler. During the deprecation, if epoch is different from None, the closed form is used instead of the new chainable form, where available. Please open an issue if you are unable to replicate your use case: https://github.com/pytorch/pytorch/issues/new/choose.
  warnings.warn(EPOCH_DEPRECATION_WARNING, UserWarning)
{"event": "epoch", "dataset": "MSVR310", "recipe": "native", "epoch": 2, "steps": 14, "mean_loss": 6.277989864349365, "seconds": 9.747355782950763, "official_fused": {"mAP": 22.125533879902072, "Rank-1": 42.47038960456848, "Rank-5": 61.92893385887146, "Rank-10": 69.71235275268555}}
{"event": "epoch", "dataset": "MSVR310", "recipe": "native", "epoch": 3, "steps": 14, "mean_loss": 5.750671216419765, "seconds": 9.969277244003024, "official_fused": {"mAP": 26.514367745724932, "Rank-1": 45.17766535282135, "Rank-5": 65.14382362365723, "Rank-10": 72.25042581558228}}
{"event": "epoch", "dataset": "MSVR310", "recipe": "native", "epoch": 4, "steps": 14, "mean_loss": 5.40974371773856, "seconds": 10.213465320004616, "official_fused": {"mAP": 30.072720703989468, "Rank-1": 47.88494110107422, "Rank-5": 67.68189668655396, "Rank-10": 75.12690424919128}}
{"event": "epoch", "dataset": "MSVR310", "recipe": "native", "epoch": 5, "steps": 14, "mean_loss": 5.100184168134417, "seconds": 10.23831300297752, "official_fused": {"mAP": 33.616867300416686, "Rank-1": 51.60744786262512, "Rank-5": 70.89678645133972, "Rank-10": 78.0033826828003}}
{"event": "epoch", "dataset": "MSVR310", "recipe": "native", "epoch": 6, "steps": 14, "mean_loss": 4.8400766508919855, "seconds": 10.47595370002091, "official_fused": {"mAP": 35.70693171244358, "Rank-1": 52.79187560081482, "Rank-5": 72.58883118629456, "Rank-10": 79.18781638145447}}
{"event": "epoch", "dataset": "MSVR310", "recipe": "native", "epoch": 7, "steps": 14, "mean_loss": 4.624612433569772, "seconds": 10.24562285700813, "official_fused": {"mAP": 37.965869739972085, "Rank-1": 56.345176696777344, "Rank-5": 74.11167621612549, "Rank-10": 80.37225008010864}}
{"event": "epoch", "dataset": "MSVR310", "recipe": "native", "epoch": 8, "steps": 14, "mean_loss": 4.394930498940604, "seconds": 10.36198217998026, "official_fused": {"mAP": 37.27334175409915, "Rank-1": 54.14551496505737, "Rank-5": 73.26565384864807, "Rank-10": 80.03383874893188}}
{"event": "epoch", "dataset": "MSVR310", "recipe": "native", "epoch": 9, "steps": 14, "mean_loss": 4.189007316316877, "seconds": 10.381964422995225, "official_fused": {"mAP": 39.77795802279766, "Rank-1": 58.375632762908936, "Rank-5": 75.9729266166687, "Rank-10": 81.21827244758606}}
{"event": "epoch", "dataset": "MSVR310", "recipe": "native", "epoch": 10, "steps": 15, "mean_loss": 4.010019652048746, "seconds": 10.741009071993176, "official_fused": {"mAP": 42.20875836654493, "Rank-1": 60.913705825805664, "Rank-5": 78.84940505027771, "Rank-10": 82.91032314300537}}
{"event": "epoch", "dataset": "MSVR310", "recipe": "native", "epoch": 11, "steps": 14, "mean_loss": 3.851942164557321, "seconds": 10.309415383031592, "official_fused": {"mAP": 42.42950428222832, "Rank-1": 60.575294494628906, "Rank-5": 78.34179401397705, "Rank-10": 83.24872851371765}}
{"event": "epoch", "dataset": "MSVR310", "recipe": "native", "epoch": 12, "steps": 14, "mean_loss": 3.729381339890616, "seconds": 9.88690087699797, "official_fused": {"mAP": 44.58090491649099, "Rank-1": 63.45177888870239, "Rank-5": 79.18781638145447, "Rank-10": 83.75634551048279}}
{"event": "epoch", "dataset": "MSVR310", "recipe": "native", "epoch": 13, "steps": 14, "mean_loss": 3.558708803994315, "seconds": 10.247339417983312, "official_fused": {"mAP": 44.909521829581365, "Rank-1": 62.77495622634888, "Rank-5": 79.52622771263123, "Rank-10": 83.92555117607117}}
{"event": "epoch", "dataset": "MSVR310", "recipe": "native", "epoch": 14, "steps": 14, "mean_loss": 3.4379869188581194, "seconds": 10.232768176007085, "official_fused": {"mAP": 45.04235126757048, "Rank-1": 62.26734519004822, "Rank-5": 79.18781638145447, "Rank-10": 83.75634551048279}}
{"event": "epoch", "dataset": "MSVR310", "recipe": "native", "epoch": 15, "steps": 14, "mean_loss": 3.3609839848109653, "seconds": 10.149364562996197, "official_fused": {"mAP": 46.2825248111382, "Rank-1": 64.29780125617981, "Rank-5": 79.86463904380798, "Rank-10": 85.10998487472534}}
{"event": "epoch", "dataset": "MSVR310", "recipe": "native", "epoch": 16, "steps": 14, "mean_loss": 3.23750707081386, "seconds": 10.559710249013733, "official_fused": {"mAP": 48.63524732003916, "Rank-1": 66.3282573223114, "Rank-5": 81.38747811317444, "Rank-10": 84.94077920913696}}
{"event": "epoch", "dataset": "MSVR310", "recipe": "native", "epoch": 17, "steps": 15, "mean_loss": 3.163165251413981, "seconds": 10.606264572998043, "official_fused": {"mAP": 48.143564191302836, "Rank-1": 65.65144062042236, "Rank-5": 81.55668377876282, "Rank-10": 85.617595911026}}
{"event": "epoch", "dataset": "MSVR310", "recipe": "native", "epoch": 18, "steps": 14, "mean_loss": 3.024125337600708, "seconds": 9.990029824024532, "official_fused": {"mAP": 49.76081117559359, "Rank-1": 68.18950772285461, "Rank-5": 81.38747811317444, "Rank-10": 85.44839024543762}}
{"event": "epoch", "dataset": "MSVR310", "recipe": "native", "epoch": 19, "steps": 15, "mean_loss": 2.9264023939768475, "seconds": 10.564466515032109, "official_fused": {"mAP": 49.70941629520417, "Rank-1": 69.03553009033203, "Rank-5": 82.23350048065186, "Rank-10": 85.78680157661438}}
{"event": "epoch", "dataset": "MSVR310", "recipe": "native", "epoch": 20, "steps": 14, "mean_loss": 2.792921849659511, "seconds": 9.966167700011283, "official_fused": {"mAP": 50.07374092644997, "Rank-1": 68.52791905403137, "Rank-5": 81.89509510993958, "Rank-10": 85.95600724220276}}
{"event": "epoch", "dataset": "MSVR310", "recipe": "native", "epoch": 21, "steps": 14, "mean_loss": 2.7456016881125316, "seconds": 10.078926654008683, "official_fused": {"mAP": 49.979027972683895, "Rank-1": 68.358713388443, "Rank-5": 81.55668377876282, "Rank-10": 85.44839024543762}}
{"event": "epoch", "dataset": "MSVR310", "recipe": "native", "epoch": 22, "steps": 14, "mean_loss": 2.7036013262612477, "seconds": 10.361593815963715, "official_fused": {"mAP": 50.251111473502604, "Rank-1": 67.85110235214233, "Rank-5": 81.04906678199768, "Rank-10": 85.27919054031372}}
{"event": "epoch", "dataset": "MSVR310", "recipe": "native", "epoch": 23, "steps": 14, "mean_loss": 2.7477022239140103, "seconds": 10.169162499951199, "official_fused": {"mAP": 50.4785257926032, "Rank-1": 68.18950772285461, "Rank-5": 81.21827244758606, "Rank-10": 85.78680157661438}}
{"event": "epoch", "dataset": "MSVR310", "recipe": "native", "epoch": 24, "steps": 14, "mean_loss": 2.7119519540241788, "seconds": 10.017732269014232, "official_fused": {"mAP": 50.17565780125146, "Rank-1": 67.85110235214233, "Rank-5": 80.7106614112854, "Rank-10": 85.27919054031372}}
{"event": "epoch", "dataset": "MSVR310", "recipe": "native", "epoch": 25, "steps": 15, "mean_loss": 2.7010453224182127, "seconds": 10.711914250976406, "official_fused": {"mAP": 50.55932647688424, "Rank-1": 68.358713388443, "Rank-5": 81.38747811317444, "Rank-10": 85.27919054031372}}
{"event": "epoch", "dataset": "MSVR310", "recipe": "native", "epoch": 26, "steps": 14, "mean_loss": 2.6966822147369385, "seconds": 10.198714850004762, "official_fused": {"mAP": 50.7193803627387, "Rank-1": 69.03553009033203, "Rank-5": 81.55668377876282, "Rank-10": 85.44839024543762}}
{"event": "epoch", "dataset": "MSVR310", "recipe": "native", "epoch": 27, "steps": 14, "mean_loss": 2.672133581978934, "seconds": 10.017285286041442, "official_fused": {"mAP": 50.45333603635748, "Rank-1": 68.86633038520813, "Rank-5": 80.87986707687378, "Rank-10": 85.617595911026}}
