/data/gaob/Re-ID/conda-envs/tri_reid/lib/python3.10/site-packages/timm/models/helpers.py:7: FutureWarning: Importing from timm.models.helpers is deprecated, please import via timm.models
  warnings.warn(f"Importing from {__name__} is deprecated, please import via timm.models", FutureWarning)
/data/gaob/Re-ID/conda-envs/tri_reid/lib/python3.10/site-packages/timm/models/registry.py:4: FutureWarning: Importing from timm.models.registry is deprecated, please import via timm.models
  warnings.warn(f"Importing from {__name__} is deprecated, please import via timm.models", FutureWarning)
/data/gaob/Re-ID/conda-envs/tri_reid/lib/python3.10/site-packages/timm/models/layers/__init__.py:48: FutureWarning: Importing from timm.models.layers is deprecated, please import via timm.layers
  warnings.warn(f"Importing from {__name__} is deprecated, please import via timm.layers", FutureWarning)
建立transformer............
using Transformer_type: ViT-B-16 as a backbone
Resized position embedding: %s to %s torch.Size([197, 768]) torch.Size([129, 768])
Position embedding resize to height:16 width: 8
Successfully load ckpt!
<All keys matched successfully>
Loading pretrained model from CLIP
camera number is : 4
===========Building Signal===========
{"event": "epoch", "dataset": "RGBNT201", "epoch": 1, "steps": 53, "mean_loss": 5.44470572921465, "seconds": 22.2450914200017, "official_fused": {"mAP": 5.135499717178376, "Rank-1": 4.186603054404259, "Rank-5": 9.808612614870071, "Rank-10": 14.473684132099152}, "best_epoch": 1}
{"event": "epoch", "dataset": "RGBNT201", "epoch": 2, "steps": 53, "mean_loss": 4.879257400080843, "seconds": 20.273576941006468, "official_fused": {"mAP": 14.566584519797686, "Rank-1": 12.559808790683746, "Rank-5": 21.531100571155548, "Rank-10": 28.82775068283081}, "best_epoch": 2}
{"event": "epoch", "dataset": "RGBNT201", "epoch": 3, "steps": 53, "mean_loss": 3.699178416773958, "seconds": 20.40099355300481, "official_fused": {"mAP": 24.619975213682498, "Rank-1": 22.727273404598236, "Rank-5": 36.84210479259491, "Rank-10": 45.33492922782898}, "best_epoch": 3}
{"event": "epoch", "dataset": "RGBNT201", "epoch": 4, "steps": 53, "mean_loss": 2.4674230589056916, "seconds": 20.302809916989645, "official_fused": {"mAP": 41.79946517641571, "Rank-1": 40.909090638160706, "Rank-5": 54.78469133377075, "Rank-10": 63.63636255264282}, "best_epoch": 4}
{"event": "epoch", "dataset": "RGBNT201", "epoch": 5, "steps": 53, "mean_loss": 1.6244207823051597, "seconds": 20.313398179001524, "official_fused": {"mAP": 46.70624258273017, "Rank-1": 46.770334243774414, "Rank-5": 59.44976210594177, "Rank-10": 67.22487807273865}, "best_epoch": 5}
{"event": "epoch", "dataset": "RGBNT201", "epoch": 6, "steps": 53, "mean_loss": 1.2265400144289125, "seconds": 20.334618370005046, "official_fused": {"mAP": 51.11331707754966, "Rank-1": 52.272725105285645, "Rank-5": 62.55980730056763, "Rank-10": 69.0191388130188}, "best_epoch": 6}
{"event": "epoch", "dataset": "RGBNT201", "epoch": 7, "steps": 53, "mean_loss": 1.08480374543172, "seconds": 20.525021620996995, "official_fused": {"mAP": 53.53943629583115, "Rank-1": 55.62201142311096, "Rank-5": 67.1052634716034, "Rank-10": 73.68420958518982}, "best_epoch": 7}
{"event": "epoch", "dataset": "RGBNT201", "epoch": 8, "steps": 53, "mean_loss": 1.036448874563541, "seconds": 20.44389806500112, "official_fused": {"mAP": 58.77951451386942, "Rank-1": 60.52631735801697, "Rank-5": 69.61722373962402, "Rank-10": 74.52152967453003}, "best_epoch": 8}
{"event": "epoch", "dataset": "RGBNT201", "epoch": 9, "steps": 53, "mean_loss": 1.002998023662927, "seconds": 20.41152383199369, "official_fused": {"mAP": 59.71011006748989, "Rank-1": 61.48325204849243, "Rank-5": 70.81339955329895, "Rank-10": 76.55502557754517}, "best_epoch": 9}
{"event": "epoch", "dataset": "RGBNT201", "epoch": 10, "steps": 53, "mean_loss": 1.0021376463602174, "seconds": 20.41033569299907, "official_fused": {"mAP": 63.73726716955852, "Rank-1": 65.66985845565796, "Rank-5": 74.16267991065979, "Rank-10": 79.904305934906}, "best_epoch": 10}
{"event": "epoch", "dataset": "RGBNT201", "epoch": 11, "steps": 53, "mean_loss": 0.979566291818079, "seconds": 20.47744424600387, "official_fused": {"mAP": 62.698024410835586, "Rank-1": 64.1148328781128, "Rank-5": 74.40191507339478, "Rank-10": 79.904305934906}, "best_epoch": 10}
{"event": "epoch", "dataset": "RGBNT201", "epoch": 12, "steps": 53, "mean_loss": 0.9717489233556783, "seconds": 20.495505226004752, "official_fused": {"mAP": 62.375192195861054, "Rank-1": 63.755983114242554, "Rank-5": 71.77033424377441, "Rank-10": 79.78469133377075}, "best_epoch": 10}
