/root/miniconda3/envs/tri_reid/lib/python3.10/site-packages/timm/models/helpers.py:7: FutureWarning: Importing from timm.models.helpers is deprecated, please import via timm.models
  warnings.warn(f"Importing from {__name__} is deprecated, please import via timm.models", FutureWarning)
/root/miniconda3/envs/tri_reid/lib/python3.10/site-packages/timm/models/registry.py:4: FutureWarning: Importing from timm.models.registry is deprecated, please import via timm.models
  warnings.warn(f"Importing from {__name__} is deprecated, please import via timm.models", FutureWarning)
/root/miniconda3/envs/tri_reid/lib/python3.10/site-packages/timm/models/layers/__init__.py:48: FutureWarning: Importing from timm.models.layers is deprecated, please import via timm.layers
  warnings.warn(f"Importing from {__name__} is deprecated, please import via timm.layers", FutureWarning)
建立transformer............
using Transformer_type: ViT-B-16 as a backbone
Resized position embedding: %s to %s torch.Size([197, 768]) torch.Size([129, 768])
Position embedding resize to height:8 width: 16
Successfully load ckpt!
<All keys matched successfully>
Loading pretrained model from CLIP
camera number is : 8
===========Building Signal===========
{"event": "freshness_epoch", "fold": 0, "endpoint": "control", "mode": "source", "epoch": 1, "updates": 13, "learning_rate": 7.000000000000001e-05, "mean_loss": 4.00077328315148, "elapsed_seconds": 19.28837058134377}
{"event": "freshness_epoch", "fold": 0, "endpoint": "control", "mode": "source", "epoch": 2, "updates": 13, "learning_rate": 0.00014000000000000001, "mean_loss": 3.4806819145496073, "elapsed_seconds": 17.314167207106948}
{"event": "freshness_epoch", "fold": 0, "endpoint": "control", "mode": "source", "epoch": 3, "updates": 13, "learning_rate": 0.00020999999999999998, "mean_loss": 2.7774814458993764, "elapsed_seconds": 17.38931011594832}
{"event": "freshness_epoch", "fold": 0, "endpoint": "control", "mode": "source", "epoch": 4, "updates": 13, "learning_rate": 0.00028000000000000003, "mean_loss": 2.124021291732788, "elapsed_seconds": 17.2433860078454}
{"event": "freshness_epoch", "fold": 0, "endpoint": "control", "mode": "source", "epoch": 5, "updates": 13, "learning_rate": 0.00035, "mean_loss": 1.6745925133044903, "elapsed_seconds": 17.787046073004603}
{"event": "freshness_epoch", "fold": 0, "endpoint": "control", "mode": "source", "epoch": 6, "updates": 13, "learning_rate": 0.00035, "mean_loss": 1.377363498394306, "elapsed_seconds": 58.61783642321825}
{"event": "freshness_epoch", "fold": 0, "endpoint": "control", "mode": "source", "epoch": 7, "updates": 13, "learning_rate": 0.000346175830128416, "mean_loss": 1.243001910356375, "elapsed_seconds": 70.40903447754681}
{"event": "freshness_epoch", "fold": 0, "endpoint": "control", "mode": "source", "epoch": 8, "updates": 13, "learning_rate": 0.0003348704550874551, "mean_loss": 1.1479781315876887, "elapsed_seconds": 70.71149519272149}
{"event": "freshness_epoch", "fold": 0, "endpoint": "control", "mode": "source", "epoch": 9, "updates": 13, "learning_rate": 0.0003165779740156158, "mean_loss": 1.0159733845637395, "elapsed_seconds": 70.41092296503484}
{"event": "freshness_epoch", "fold": 0, "endpoint": "control", "mode": "source", "epoch": 10, "updates": 13, "learning_rate": 0.0002920978561128002, "mean_loss": 0.984083340718196, "elapsed_seconds": 70.25323761068285}
{"event": "freshness_epoch", "fold": 0, "endpoint": "control", "mode": "source", "epoch": 11, "updates": 13, "learning_rate": 0.0002625, "mean_loss": 0.9377942773012015, "elapsed_seconds": 70.59092723578215}
{"event": "freshness_epoch", "fold": 0, "endpoint": "control", "mode": "source", "epoch": 12, "updates": 13, "learning_rate": 0.0002290779740156158, "mean_loss": 0.927255236185514, "elapsed_seconds": 70.6368375569582}
{"event": "freshness_epoch", "fold": 0, "endpoint": "control", "mode": "source", "epoch": 13, "updates": 13, "learning_rate": 0.00019329248107183937, "mean_loss": 0.8851095621402447, "elapsed_seconds": 70.31567598879337}
{"event": "freshness_epoch", "fold": 0, "endpoint": "control", "mode": "source", "epoch": 14, "updates": 13, "learning_rate": 0.00015670751892816066, "mean_loss": 0.8698050792400653, "elapsed_seconds": 70.83245880156755}
{"event": "freshness_epoch", "fold": 0, "endpoint": "control", "mode": "source", "epoch": 15, "updates": 13, "learning_rate": 0.00012092202598438422, "mean_loss": 0.8589423803182749, "elapsed_seconds": 70.34620449692011}
{"event": "freshness_epoch", "fold": 0, "endpoint": "control", "mode": "source", "epoch": 16, "updates": 13, "learning_rate": 8.750000000000004e-05, "mean_loss": 0.8633359899887671, "elapsed_seconds": 70.60948877222836}
{"event": "freshness_epoch", "fold": 0, "endpoint": "control", "mode": "source", "epoch": 17, "updates": 13, "learning_rate": 5.7902143887199866e-05, "mean_loss": 0.8595781876490667, "elapsed_seconds": 70.16724983975291}
{"event": "freshness_epoch", "fold": 0, "endpoint": "control", "mode": "source", "epoch": 18, "updates": 13, "learning_rate": 3.342202598438421e-05, "mean_loss": 0.8235095555965717, "elapsed_seconds": 70.55088367126882}
{"event": "freshness_epoch", "fold": 0, "endpoint": "control", "mode": "source", "epoch": 19, "updates": 13, "learning_rate": 1.5129544912544829e-05, "mean_loss": 0.8246490680254422, "elapsed_seconds": 70.44957558810711}
{"event": "freshness_epoch", "fold": 0, "endpoint": "control", "mode": "source", "epoch": 20, "updates": 13, "learning_rate": 3.824169871584004e-06, "mean_loss": 0.8291332813409659, "elapsed_seconds": 70.25151953846216}
建立transformer............
using Transformer_type: ViT-B-16 as a backbone
Resized position embedding: %s to %s torch.Size([197, 768]) torch.Size([129, 768])
Position embedding resize to height:8 width: 16
Successfully load ckpt!
<All keys matched successfully>
Loading pretrained model from CLIP
camera number is : 8
===========Building Signal===========
建立transformer............
using Transformer_type: ViT-B-16 as a backbone
Resized position embedding: %s to %s torch.Size([197, 768]) torch.Size([129, 768])
Position embedding resize to height:8 width: 16
Successfully load ckpt!
<All keys matched successfully>
Loading pretrained model from CLIP
camera number is : 8
===========Building Signal===========
{"event": "freshness_epoch", "fold": 0, "endpoint": "instance_memory", "mode": "source", "epoch": 1, "updates": 13, "learning_rate": 7.000000000000001e-05, "mean_loss": 4.000779812152569, "elapsed_seconds": 16.99740781635046}
{"event": "freshness_epoch", "fold": 0, "endpoint": "instance_memory", "mode": "source", "epoch": 2, "updates": 13, "learning_rate": 0.00014000000000000001, "mean_loss": 3.4807112216949463, "elapsed_seconds": 16.645377911627293}
{"event": "freshness_epoch", "fold": 0, "endpoint": "instance_memory", "mode": "source", "epoch": 3, "updates": 13, "learning_rate": 0.00020999999999999998, "mean_loss": 2.777539509993333, "elapsed_seconds": 16.61622697301209}
{"event": "freshness_epoch", "fold": 0, "endpoint": "instance_memory", "mode": "source", "epoch": 4, "updates": 13, "learning_rate": 0.00028000000000000003, "mean_loss": 2.123994570512038, "elapsed_seconds": 16.420606199651957}
{"event": "freshness_epoch", "fold": 0, "endpoint": "instance_memory", "mode": "source", "epoch": 5, "updates": 13, "learning_rate": 0.00035, "mean_loss": 1.6738941210966845, "elapsed_seconds": 17.02509176172316}
{"event": "freshness_epoch", "fold": 0, "endpoint": "instance_memory", "mode": "source", "epoch": 6, "updates": 13, "learning_rate": 0.00035, "mean_loss": 1.467792639365563, "elapsed_seconds": 57.56976144015789}
{"event": "freshness_epoch", "fold": 0, "endpoint": "instance_memory", "mode": "source", "epoch": 7, "updates": 13, "learning_rate": 0.000346175830128416, "mean_loss": 1.4084152900255644, "elapsed_seconds": 69.87636549770832}
{"event": "freshness_epoch", "fold": 0, "endpoint": "instance_memory", "mode": "source", "epoch": 8, "updates": 13, "learning_rate": 0.0003348704550874551, "mean_loss": 1.28839176434737, "elapsed_seconds": 69.7862385418266}
{"event": "freshness_epoch", "fold": 0, "endpoint": "instance_memory", "mode": "source", "epoch": 9, "updates": 13, "learning_rate": 0.0003165779740156158, "mean_loss": 1.163918307194343, "elapsed_seconds": 69.7671067416668}
{"event": "freshness_epoch", "fold": 0, "endpoint": "instance_memory", "mode": "source", "epoch": 10, "updates": 13, "learning_rate": 0.0002920978561128002, "mean_loss": 1.1485899411714995, "elapsed_seconds": 69.70847781561315}
{"event": "freshness_epoch", "fold": 0, "endpoint": "instance_memory", "mode": "source", "epoch": 11, "updates": 13, "learning_rate": 0.0002625, "mean_loss": 1.0907026070814867, "elapsed_seconds": 69.67987743578851}
{"event": "freshness_epoch", "fold": 0, "endpoint": "instance_memory", "mode": "source", "epoch": 12, "updates": 13, "learning_rate": 0.0002290779740156158, "mean_loss": 1.0750358058856084, "elapsed_seconds": 70.19878338463604}
{"event": "freshness_epoch", "fold": 0, "endpoint": "instance_memory", "mode": "source", "epoch": 13, "updates": 13, "learning_rate": 0.00019329248107183937, "mean_loss": 1.044625108058636, "elapsed_seconds": 69.12541443482041}
{"event": "freshness_epoch", "fold": 0, "endpoint": "instance_memory", "mode": "source", "epoch": 14, "updates": 13, "learning_rate": 0.00015670751892816066, "mean_loss": 1.0435838194993825, "elapsed_seconds": 69.36581308208406}
{"event": "freshness_epoch", "fold": 0, "endpoint": "instance_memory", "mode": "source", "epoch": 15, "updates": 13, "learning_rate": 0.00012092202598438422, "mean_loss": 1.0222150866801922, "elapsed_seconds": 69.94079813733697}
{"event": "freshness_epoch", "fold": 0, "endpoint": "instance_memory", "mode": "source", "epoch": 16, "updates": 13, "learning_rate": 8.750000000000004e-05, "mean_loss": 1.0090977182755103, "elapsed_seconds": 69.85646677389741}
{"event": "freshness_epoch", "fold": 0, "endpoint": "instance_memory", "mode": "source", "epoch": 17, "updates": 13, "learning_rate": 5.7902143887199866e-05, "mean_loss": 1.0194093034817622, "elapsed_seconds": 69.64514916576445}
{"event": "freshness_epoch", "fold": 0, "endpoint": "instance_memory", "mode": "source", "epoch": 18, "updates": 13, "learning_rate": 3.342202598438421e-05, "mean_loss": 0.987160169161283, "elapsed_seconds": 69.28867875039577}
{"event": "freshness_epoch", "fold": 0, "endpoint": "instance_memory", "mode": "source", "epoch": 19, "updates": 13, "learning_rate": 1.5129544912544829e-05, "mean_loss": 0.969138489319728, "elapsed_seconds": 69.17829905822873}
{"event": "freshness_epoch", "fold": 0, "endpoint": "instance_memory", "mode": "source", "epoch": 20, "updates": 13, "learning_rate": 3.824169871584004e-06, "mean_loss": 0.9741356372833252, "elapsed_seconds": 69.45587160624564}
建立transformer............
using Transformer_type: ViT-B-16 as a backbone
Resized position embedding: %s to %s torch.Size([197, 768]) torch.Size([129, 768])
Position embedding resize to height:8 width: 16
Successfully load ckpt!
<All keys matched successfully>
Loading pretrained model from CLIP
camera number is : 8
===========Building Signal===========
建立transformer............
using Transformer_type: ViT-B-16 as a backbone
Resized position embedding: %s to %s torch.Size([197, 768]) torch.Size([129, 768])
Position embedding resize to height:8 width: 16
Successfully load ckpt!
<All keys matched successfully>
Loading pretrained model from CLIP
camera number is : 8
===========Building Signal===========
{"event": "freshness_epoch", "fold": 1, "endpoint": "control", "mode": "source", "epoch": 1, "updates": 13, "learning_rate": 7.000000000000001e-05, "mean_loss": 4.045408670718853, "elapsed_seconds": 16.765115382149816}
{"event": "freshness_epoch", "fold": 1, "endpoint": "control", "mode": "source", "epoch": 2, "updates": 13, "learning_rate": 0.00014000000000000001, "mean_loss": 3.5277404601757345, "elapsed_seconds": 16.197195265442133}
{"event": "freshness_epoch", "fold": 1, "endpoint": "control", "mode": "source", "epoch": 3, "updates": 13, "learning_rate": 0.00020999999999999998, "mean_loss": 2.8247208411876974, "elapsed_seconds": 16.224777283146977}
{"event": "freshness_epoch", "fold": 1, "endpoint": "control", "mode": "source", "epoch": 4, "updates": 13, "learning_rate": 0.00028000000000000003, "mean_loss": 2.2021439167169423, "elapsed_seconds": 16.373621832579374}
{"event": "freshness_epoch", "fold": 1, "endpoint": "control", "mode": "source", "epoch": 5, "updates": 13, "learning_rate": 0.00035, "mean_loss": 1.700710654258728, "elapsed_seconds": 16.28078748472035}
{"event": "freshness_epoch", "fold": 1, "endpoint": "control", "mode": "source", "epoch": 6, "updates": 13, "learning_rate": 0.00035, "mean_loss": 1.4483428001403809, "elapsed_seconds": 57.701711274683475}
{"event": "freshness_epoch", "fold": 1, "endpoint": "control", "mode": "source", "epoch": 7, "updates": 13, "learning_rate": 0.000346175830128416, "mean_loss": 1.2744995172207172, "elapsed_seconds": 70.00831243768334}
{"event": "freshness_epoch", "fold": 1, "endpoint": "control", "mode": "source", "epoch": 8, "updates": 13, "learning_rate": 0.0003348704550874551, "mean_loss": 1.146461968238537, "elapsed_seconds": 69.91819595731795}
{"event": "freshness_epoch", "fold": 1, "endpoint": "control", "mode": "source", "epoch": 9, "updates": 13, "learning_rate": 0.0003165779740156158, "mean_loss": 1.0751643501795256, "elapsed_seconds": 69.95440635085106}
{"event": "freshness_epoch", "fold": 1, "endpoint": "control", "mode": "source", "epoch": 10, "updates": 13, "learning_rate": 0.0002920978561128002, "mean_loss": 0.9959564208984375, "elapsed_seconds": 69.26940790005028}
{"event": "freshness_epoch", "fold": 1, "endpoint": "control", "mode": "source", "epoch": 11, "updates": 13, "learning_rate": 0.0002625, "mean_loss": 0.9961263399857742, "elapsed_seconds": 69.69914759136736}
{"event": "freshness_epoch", "fold": 1, "endpoint": "control", "mode": "source", "epoch": 12, "updates": 13, "learning_rate": 0.0002290779740156158, "mean_loss": 0.9284911889296311, "elapsed_seconds": 69.4102816991508}
{"event": "freshness_epoch", "fold": 1, "endpoint": "control", "mode": "source", "epoch": 13, "updates": 13, "learning_rate": 0.00019329248107183937, "mean_loss": 0.9191986918449402, "elapsed_seconds": 69.76873903907835}
{"event": "freshness_epoch", "fold": 1, "endpoint": "control", "mode": "source", "epoch": 14, "updates": 13, "learning_rate": 0.00015670751892816066, "mean_loss": 0.8648346983469449, "elapsed_seconds": 69.78985187411308}
{"event": "freshness_epoch", "fold": 1, "endpoint": "control", "mode": "source", "epoch": 15, "updates": 13, "learning_rate": 0.00012092202598438422, "mean_loss": 0.8860154518714318, "elapsed_seconds": 69.86914193630219}
{"event": "freshness_epoch", "fold": 1, "endpoint": "control", "mode": "source", "epoch": 16, "updates": 13, "learning_rate": 8.750000000000004e-05, "mean_loss": 0.9053172148191012, "elapsed_seconds": 70.03110105544329}
{"event": "freshness_epoch", "fold": 1, "endpoint": "control", "mode": "source", "epoch": 17, "updates": 13, "learning_rate": 5.7902143887199866e-05, "mean_loss": 0.8537323979231027, "elapsed_seconds": 69.77228784747422}
{"event": "freshness_epoch", "fold": 1, "endpoint": "control", "mode": "source", "epoch": 18, "updates": 13, "learning_rate": 3.342202598438421e-05, "mean_loss": 0.8367887506118188, "elapsed_seconds": 69.19930190779269}
{"event": "freshness_epoch", "fold": 1, "endpoint": "control", "mode": "source", "epoch": 19, "updates": 13, "learning_rate": 1.5129544912544829e-05, "mean_loss": 0.8525516436650202, "elapsed_seconds": 69.46135648339987}
{"event": "freshness_epoch", "fold": 1, "endpoint": "control", "mode": "source", "epoch": 20, "updates": 13, "learning_rate": 3.824169871584004e-06, "mean_loss": 0.8641210656899673, "elapsed_seconds": 69.44040913507342}
建立transformer............
using Transformer_type: ViT-B-16 as a backbone
Resized position embedding: %s to %s torch.Size([197, 768]) torch.Size([129, 768])
Position embedding resize to height:8 width: 16
Successfully load ckpt!
<All keys matched successfully>
Loading pretrained model from CLIP
camera number is : 8
===========Building Signal===========
建立transformer............
using Transformer_type: ViT-B-16 as a backbone
Resized position embedding: %s to %s torch.Size([197, 768]) torch.Size([129, 768])
Position embedding resize to height:8 width: 16
Successfully load ckpt!
<All keys matched successfully>
Loading pretrained model from CLIP
camera number is : 8
===========Building Signal===========
{"event": "freshness_epoch", "fold": 1, "endpoint": "instance_memory", "mode": "source", "epoch": 1, "updates": 13, "learning_rate": 7.000000000000001e-05, "mean_loss": 4.04540360890902, "elapsed_seconds": 16.54375073313713}
{"event": "freshness_epoch", "fold": 1, "endpoint": "instance_memory", "mode": "source", "epoch": 2, "updates": 13, "learning_rate": 0.00014000000000000001, "mean_loss": 3.527631741303664, "elapsed_seconds": 16.447123439982533}
{"event": "freshness_epoch", "fold": 1, "endpoint": "instance_memory", "mode": "source", "epoch": 3, "updates": 13, "learning_rate": 0.00020999999999999998, "mean_loss": 2.824589179112361, "elapsed_seconds": 16.525810949504375}
{"event": "freshness_epoch", "fold": 1, "endpoint": "instance_memory", "mode": "source", "epoch": 4, "updates": 13, "learning_rate": 0.00028000000000000003, "mean_loss": 2.2021014873798075, "elapsed_seconds": 16.406347073614597}
{"event": "freshness_epoch", "fold": 1, "endpoint": "instance_memory", "mode": "source", "epoch": 5, "updates": 13, "learning_rate": 0.00035, "mean_loss": 1.7009072853968694, "elapsed_seconds": 16.19420655258}
{"event": "freshness_epoch", "fold": 1, "endpoint": "instance_memory", "mode": "source", "epoch": 6, "updates": 13, "learning_rate": 0.00035, "mean_loss": 1.5371007185715895, "elapsed_seconds": 56.92660078406334}
{"event": "freshness_epoch", "fold": 1, "endpoint": "instance_memory", "mode": "source", "epoch": 7, "updates": 13, "learning_rate": 0.000346175830128416, "mean_loss": 1.44433698287377, "elapsed_seconds": 69.53715240210295}
{"event": "freshness_epoch", "fold": 1, "endpoint": "instance_memory", "mode": "source", "epoch": 8, "updates": 13, "learning_rate": 0.0003348704550874551, "mean_loss": 1.3145095109939575, "elapsed_seconds": 69.75871166400611}
{"event": "freshness_epoch", "fold": 1, "endpoint": "instance_memory", "mode": "source", "epoch": 9, "updates": 13, "learning_rate": 0.0003165779740156158, "mean_loss": 1.2545672196608324, "elapsed_seconds": 69.41915781609714}
{"event": "freshness_epoch", "fold": 1, "endpoint": "instance_memory", "mode": "source", "epoch": 10, "updates": 13, "learning_rate": 0.0002920978561128002, "mean_loss": 1.1723926067352295, "elapsed_seconds": 69.269133515656}
{"event": "freshness_epoch", "fold": 1, "endpoint": "instance_memory", "mode": "source", "epoch": 11, "updates": 13, "learning_rate": 0.0002625, "mean_loss": 1.1524193011797392, "elapsed_seconds": 69.41842339374125}
{"event": "freshness_epoch", "fold": 1, "endpoint": "instance_memory", "mode": "source", "epoch": 12, "updates": 13, "learning_rate": 0.0002290779740156158, "mean_loss": 1.126704032604511, "elapsed_seconds": 69.07003257609904}
{"event": "freshness_epoch", "fold": 1, "endpoint": "instance_memory", "mode": "source", "epoch": 13, "updates": 13, "learning_rate": 0.00019329248107183937, "mean_loss": 1.0982083586546092, "elapsed_seconds": 69.4333456326276}
{"event": "freshness_epoch", "fold": 1, "endpoint": "instance_memory", "mode": "source", "epoch": 14, "updates": 13, "learning_rate": 0.00015670751892816066, "mean_loss": 1.060244619846344, "elapsed_seconds": 68.91113260760903}
{"event": "freshness_epoch", "fold": 1, "endpoint": "instance_memory", "mode": "source", "epoch": 15, "updates": 13, "learning_rate": 0.00012092202598438422, "mean_loss": 1.0741883791410005, "elapsed_seconds": 69.38863815180957}
{"event": "freshness_epoch", "fold": 1, "endpoint": "instance_memory", "mode": "source", "epoch": 16, "updates": 13, "learning_rate": 8.750000000000004e-05, "mean_loss": 1.0748736629119287, "elapsed_seconds": 69.6207302454859}
{"event": "freshness_epoch", "fold": 1, "endpoint": "instance_memory", "mode": "source", "epoch": 17, "updates": 13, "learning_rate": 5.7902143887199866e-05, "mean_loss": 1.0323966604012709, "elapsed_seconds": 69.41666662320495}
{"event": "freshness_epoch", "fold": 1, "endpoint": "instance_memory", "mode": "source", "epoch": 18, "updates": 13, "learning_rate": 3.342202598438421e-05, "mean_loss": 1.025148405478551, "elapsed_seconds": 68.98067624866962}
{"event": "freshness_epoch", "fold": 1, "endpoint": "instance_memory", "mode": "source", "epoch": 19, "updates": 13, "learning_rate": 1.5129544912544829e-05, "mean_loss": 1.0186061721581678, "elapsed_seconds": 69.01958372630179}
{"event": "freshness_epoch", "fold": 1, "endpoint": "instance_memory", "mode": "source", "epoch": 20, "updates": 13, "learning_rate": 3.824169871584004e-06, "mean_loss": 1.0205303155458891, "elapsed_seconds": 68.77389315329492}
建立transformer............
using Transformer_type: ViT-B-16 as a backbone
Resized position embedding: %s to %s torch.Size([197, 768]) torch.Size([129, 768])
Position embedding resize to height:8 width: 16
Successfully load ckpt!
<All keys matched successfully>
Loading pretrained model from CLIP
camera number is : 8
===========Building Signal===========
建立transformer............
using Transformer_type: ViT-B-16 as a backbone
Resized position embedding: %s to %s torch.Size([197, 768]) torch.Size([129, 768])
Position embedding resize to height:8 width: 16
Successfully load ckpt!
<All keys matched successfully>
Loading pretrained model from CLIP
camera number is : 8
===========Building Signal===========
{"event": "freshness_epoch", "fold": 2, "endpoint": "control", "mode": "source", "epoch": 1, "updates": 13, "learning_rate": 7.000000000000001e-05, "mean_loss": 4.056957098153921, "elapsed_seconds": 17.202923009172082}
{"event": "freshness_epoch", "fold": 2, "endpoint": "control", "mode": "source", "epoch": 2, "updates": 13, "learning_rate": 0.00014000000000000001, "mean_loss": 3.5534161237569957, "elapsed_seconds": 16.4166792742908}
{"event": "freshness_epoch", "fold": 2, "endpoint": "control", "mode": "source", "epoch": 3, "updates": 13, "learning_rate": 0.00020999999999999998, "mean_loss": 2.8409855915949893, "elapsed_seconds": 16.506697392091155}
{"event": "freshness_epoch", "fold": 2, "endpoint": "control", "mode": "source", "epoch": 4, "updates": 13, "learning_rate": 0.00028000000000000003, "mean_loss": 2.110028486985427, "elapsed_seconds": 16.589665478095412}
{"event": "freshness_epoch", "fold": 2, "endpoint": "control", "mode": "source", "epoch": 5, "updates": 13, "learning_rate": 0.00035, "mean_loss": 1.740788982464717, "elapsed_seconds": 16.561471045017242}
{"event": "freshness_epoch", "fold": 2, "endpoint": "control", "mode": "source", "epoch": 6, "updates": 13, "learning_rate": 0.00035, "mean_loss": 1.450400893504803, "elapsed_seconds": 57.43083805590868}
{"event": "freshness_epoch", "fold": 2, "endpoint": "control", "mode": "source", "epoch": 7, "updates": 13, "learning_rate": 0.000346175830128416, "mean_loss": 1.2798235691510713, "elapsed_seconds": 69.07928811013699}
{"event": "freshness_epoch", "fold": 2, "endpoint": "control", "mode": "source", "epoch": 8, "updates": 13, "learning_rate": 0.0003348704550874551, "mean_loss": 1.1583656118466303, "elapsed_seconds": 69.41511937975883}
{"event": "freshness_epoch", "fold": 2, "endpoint": "control", "mode": "source", "epoch": 9, "updates": 13, "learning_rate": 0.0003165779740156158, "mean_loss": 1.0785282391768236, "elapsed_seconds": 69.15053870156407}
{"event": "freshness_epoch", "fold": 2, "endpoint": "control", "mode": "source", "epoch": 10, "updates": 13, "learning_rate": 0.0002920978561128002, "mean_loss": 1.0048766732215881, "elapsed_seconds": 69.65993210859597}
{"event": "freshness_epoch", "fold": 2, "endpoint": "control", "mode": "source", "epoch": 11, "updates": 13, "learning_rate": 0.0002625, "mean_loss": 0.9788113786624029, "elapsed_seconds": 69.86475983075798}
{"event": "freshness_epoch", "fold": 2, "endpoint": "control", "mode": "source", "epoch": 12, "updates": 13, "learning_rate": 0.0002290779740156158, "mean_loss": 0.905472457408905, "elapsed_seconds": 69.87035412341356}
{"event": "freshness_epoch", "fold": 2, "endpoint": "control", "mode": "source", "epoch": 13, "updates": 13, "learning_rate": 0.00019329248107183937, "mean_loss": 0.885195622077355, "elapsed_seconds": 69.77497044764459}
{"event": "freshness_epoch", "fold": 2, "endpoint": "control", "mode": "source", "epoch": 14, "updates": 13, "learning_rate": 0.00015670751892816066, "mean_loss": 0.9294648949916546, "elapsed_seconds": 69.8413707036525}
{"event": "freshness_epoch", "fold": 2, "endpoint": "control", "mode": "source", "epoch": 15, "updates": 13, "learning_rate": 0.00012092202598438422, "mean_loss": 0.8942577838897705, "elapsed_seconds": 69.73463520035148}
{"event": "freshness_epoch", "fold": 2, "endpoint": "control", "mode": "source", "epoch": 16, "updates": 13, "learning_rate": 8.750000000000004e-05, "mean_loss": 0.8537783668591425, "elapsed_seconds": 69.7040246874094}
{"event": "freshness_epoch", "fold": 2, "endpoint": "control", "mode": "source", "epoch": 17, "updates": 13, "learning_rate": 5.7902143887199866e-05, "mean_loss": 0.8547148566979629, "elapsed_seconds": 69.75759250298142}
{"event": "freshness_epoch", "fold": 2, "endpoint": "control", "mode": "source", "epoch": 18, "updates": 13, "learning_rate": 3.342202598438421e-05, "mean_loss": 0.8461800951224107, "elapsed_seconds": 69.7631965558976}
{"event": "freshness_epoch", "fold": 2, "endpoint": "control", "mode": "source", "epoch": 19, "updates": 13, "learning_rate": 1.5129544912544829e-05, "mean_loss": 0.8503211644979624, "elapsed_seconds": 69.50611409917474}
{"event": "freshness_epoch", "fold": 2, "endpoint": "control", "mode": "source", "epoch": 20, "updates": 13, "learning_rate": 3.824169871584004e-06, "mean_loss": 0.8359959308917706, "elapsed_seconds": 69.3455178141594}
建立transformer............
using Transformer_type: ViT-B-16 as a backbone
Resized position embedding: %s to %s torch.Size([197, 768]) torch.Size([129, 768])
Position embedding resize to height:8 width: 16
Successfully load ckpt!
<All keys matched successfully>
Loading pretrained model from CLIP
camera number is : 8
===========Building Signal===========
建立transformer............
using Transformer_type: ViT-B-16 as a backbone
Resized position embedding: %s to %s torch.Size([197, 768]) torch.Size([129, 768])
Position embedding resize to height:8 width: 16
Successfully load ckpt!
<All keys matched successfully>
Loading pretrained model from CLIP
camera number is : 8
===========Building Signal===========
{"event": "freshness_epoch", "fold": 2, "endpoint": "instance_memory", "mode": "source", "epoch": 1, "updates": 13, "learning_rate": 7.000000000000001e-05, "mean_loss": 4.056988422687237, "elapsed_seconds": 16.869465297088027}
{"event": "freshness_epoch", "fold": 2, "endpoint": "instance_memory", "mode": "source", "epoch": 2, "updates": 13, "learning_rate": 0.00014000000000000001, "mean_loss": 3.5534642659700832, "elapsed_seconds": 16.417150516062975}
{"event": "freshness_epoch", "fold": 2, "endpoint": "instance_memory", "mode": "source", "epoch": 3, "updates": 13, "learning_rate": 0.00020999999999999998, "mean_loss": 2.841002812752357, "elapsed_seconds": 16.17548685334623}
{"event": "freshness_epoch", "fold": 2, "endpoint": "instance_memory", "mode": "source", "epoch": 4, "updates": 13, "learning_rate": 0.00028000000000000003, "mean_loss": 2.1101366464908304, "elapsed_seconds": 16.460222609341145}
{"event": "freshness_epoch", "fold": 2, "endpoint": "instance_memory", "mode": "source", "epoch": 5, "updates": 13, "learning_rate": 0.00035, "mean_loss": 1.7405680142916167, "elapsed_seconds": 16.500092698261142}
{"event": "freshness_epoch", "fold": 2, "endpoint": "instance_memory", "mode": "source", "epoch": 6, "updates": 13, "learning_rate": 0.00035, "mean_loss": 1.5357889762291541, "elapsed_seconds": 57.63323115371168}
{"event": "freshness_epoch", "fold": 2, "endpoint": "instance_memory", "mode": "source", "epoch": 7, "updates": 13, "learning_rate": 0.000346175830128416, "mean_loss": 1.4425003987092238, "elapsed_seconds": 69.49559386074543}
{"event": "freshness_epoch", "fold": 2, "endpoint": "instance_memory", "mode": "source", "epoch": 8, "updates": 13, "learning_rate": 0.0003348704550874551, "mean_loss": 1.31836120898907, "elapsed_seconds": 69.81438471749425}
{"event": "freshness_epoch", "fold": 2, "endpoint": "instance_memory", "mode": "source", "epoch": 9, "updates": 13, "learning_rate": 0.0003165779740156158, "mean_loss": 1.2372082655246441, "elapsed_seconds": 69.4866851978004}
{"event": "freshness_epoch", "fold": 2, "endpoint": "instance_memory", "mode": "source", "epoch": 10, "updates": 13, "learning_rate": 0.0002920978561128002, "mean_loss": 1.1749436350969167, "elapsed_seconds": 69.76086249761283}
{"event": "freshness_epoch", "fold": 2, "endpoint": "instance_memory", "mode": "source", "epoch": 11, "updates": 13, "learning_rate": 0.0002625, "mean_loss": 1.1328534254660974, "elapsed_seconds": 69.95119141601026}
{"event": "freshness_epoch", "fold": 2, "endpoint": "instance_memory", "mode": "source", "epoch": 12, "updates": 13, "learning_rate": 0.0002290779740156158, "mean_loss": 1.064394739957956, "elapsed_seconds": 69.77902314253151}
{"event": "freshness_epoch", "fold": 2, "endpoint": "instance_memory", "mode": "source", "epoch": 13, "updates": 13, "learning_rate": 0.00019329248107183937, "mean_loss": 1.0594683289527893, "elapsed_seconds": 69.75767249055207}
{"event": "freshness_epoch", "fold": 2, "endpoint": "instance_memory", "mode": "source", "epoch": 14, "updates": 13, "learning_rate": 0.00015670751892816066, "mean_loss": 1.0931291763599102, "elapsed_seconds": 69.7602598592639}
{"event": "freshness_epoch", "fold": 2, "endpoint": "instance_memory", "mode": "source", "epoch": 15, "updates": 13, "learning_rate": 0.00012092202598438422, "mean_loss": 1.0672581012432392, "elapsed_seconds": 69.45411092042923}
{"event": "freshness_epoch", "fold": 2, "endpoint": "instance_memory", "mode": "source", "epoch": 16, "updates": 13, "learning_rate": 8.750000000000004e-05, "mean_loss": 1.0243031199161823, "elapsed_seconds": 69.56536999903619}
{"event": "freshness_epoch", "fold": 2, "endpoint": "instance_memory", "mode": "source", "epoch": 17, "updates": 13, "learning_rate": 5.7902143887199866e-05, "mean_loss": 1.0069451102843652, "elapsed_seconds": 69.73261613585055}
{"event": "freshness_epoch", "fold": 2, "endpoint": "instance_memory", "mode": "source", "epoch": 18, "updates": 13, "learning_rate": 3.342202598438421e-05, "mean_loss": 1.005677525813763, "elapsed_seconds": 70.01452164724469}
{"event": "freshness_epoch", "fold": 2, "endpoint": "instance_memory", "mode": "source", "epoch": 19, "updates": 13, "learning_rate": 1.5129544912544829e-05, "mean_loss": 0.9966306044505193, "elapsed_seconds": 69.51114092208445}
{"event": "freshness_epoch", "fold": 2, "endpoint": "instance_memory", "mode": "source", "epoch": 20, "updates": 13, "learning_rate": 3.824169871584004e-06, "mean_loss": 0.9867086914869455, "elapsed_seconds": 69.94127690792084}
建立transformer............
using Transformer_type: ViT-B-16 as a backbone
Resized position embedding: %s to %s torch.Size([197, 768]) torch.Size([129, 768])
Position embedding resize to height:8 width: 16
Successfully load ckpt!
<All keys matched successfully>
Loading pretrained model from CLIP
camera number is : 8
===========Building Signal===========
