/root/miniconda3/envs/tri_reid/lib/python3.10/site-packages/timm/models/helpers.py:7: FutureWarning: Importing from timm.models.helpers is deprecated, please import via timm.models
  warnings.warn(f"Importing from {__name__} is deprecated, please import via timm.models", FutureWarning)
/root/miniconda3/envs/tri_reid/lib/python3.10/site-packages/timm/models/registry.py:4: FutureWarning: Importing from timm.models.registry is deprecated, please import via timm.models
  warnings.warn(f"Importing from {__name__} is deprecated, please import via timm.models", FutureWarning)
/root/miniconda3/envs/tri_reid/lib/python3.10/site-packages/timm/models/layers/__init__.py:48: FutureWarning: Importing from timm.models.layers is deprecated, please import via timm.layers
  warnings.warn(f"Importing from {__name__} is deprecated, please import via timm.layers", FutureWarning)
建立transformer............
using Transformer_type: ViT-B-16 as a backbone
Resized position embedding: %s to %s torch.Size([197, 768]) torch.Size([129, 768])
Position embedding resize to height:16 width: 8
Successfully load ckpt!
<All keys matched successfully>
Loading pretrained model from CLIP
camera number is : 4
===========Building Signal===========
建立transformer............
using Transformer_type: ViT-B-16 as a backbone
Resized position embedding: %s to %s torch.Size([197, 768]) torch.Size([129, 768])
Position embedding resize to height:16 width: 8
Successfully load ckpt!
<All keys matched successfully>
Loading pretrained model from CLIP
camera number is : 4
===========Building Signal===========
建立transformer............
using Transformer_type: ViT-B-16 as a backbone
Resized position embedding: %s to %s torch.Size([197, 768]) torch.Size([129, 768])
Position embedding resize to height:16 width: 8
Successfully load ckpt!
<All keys matched successfully>
Loading pretrained model from CLIP
camera number is : 4
===========Building Signal===========
{"fold": 0, "epoch": 1, "completed_batches": 29, "model_forwards": 174, "elapsed_seconds": 126.95833706855774}
{"fold": 0, "epoch": 2, "completed_batches": 58, "model_forwards": 348, "elapsed_seconds": 231.99051880836487}
{"fold": 0, "epoch": 3, "completed_batches": 87, "model_forwards": 522, "elapsed_seconds": 336.98253870010376}
{"fold": 0, "epoch": 4, "completed_batches": 116, "model_forwards": 696, "elapsed_seconds": 442.2410397529602}
{"fold": 0, "epoch": 5, "completed_batches": 145, "model_forwards": 870, "elapsed_seconds": 547.7177429199219}
{"fold": 0, "epoch": 6, "completed_batches": 174, "model_forwards": 1044, "elapsed_seconds": 652.7327945232391}
{"fold": 0, "epoch": 7, "completed_batches": 203, "model_forwards": 1218, "elapsed_seconds": 758.4005842208862}
{"fold": 0, "epoch": 8, "completed_batches": 232, "model_forwards": 1392, "elapsed_seconds": 863.2220733165741}
{"fold": 0, "epoch": 9, "completed_batches": 261, "model_forwards": 1566, "elapsed_seconds": 968.2939717769623}
{"fold": 0, "epoch": 10, "completed_batches": 290, "model_forwards": 1740, "elapsed_seconds": 1073.2432141304016}
{"fold": 0, "epoch": 11, "completed_batches": 319, "model_forwards": 1914, "elapsed_seconds": 1178.4219753742218}
{"fold": 0, "epoch": 12, "completed_batches": 348, "model_forwards": 2088, "elapsed_seconds": 1283.8642814159393}
{"fold": 0, "epoch": 13, "completed_batches": 377, "model_forwards": 2262, "elapsed_seconds": 1388.8087103366852}
{"fold": 0, "epoch": 14, "completed_batches": 406, "model_forwards": 2436, "elapsed_seconds": 1494.1356101036072}
{"fold": 0, "epoch": 15, "completed_batches": 435, "model_forwards": 2610, "elapsed_seconds": 1599.1183862686157}
{"fold": 0, "epoch": 16, "completed_batches": 464, "model_forwards": 2784, "elapsed_seconds": 1704.297866344452}
{"fold": 0, "epoch": 17, "completed_batches": 493, "model_forwards": 2958, "elapsed_seconds": 1809.5179045200348}
{"fold": 0, "epoch": 18, "completed_batches": 522, "model_forwards": 3132, "elapsed_seconds": 1915.1347057819366}
{"fold": 0, "epoch": 19, "completed_batches": 551, "model_forwards": 3306, "elapsed_seconds": 2020.2453742027283}
{"fold": 0, "epoch": 20, "completed_batches": 580, "model_forwards": 3480, "elapsed_seconds": 2125.321405172348}
建立transformer............
using Transformer_type: ViT-B-16 as a backbone
Resized position embedding: %s to %s torch.Size([197, 768]) torch.Size([129, 768])
Position embedding resize to height:16 width: 8
Successfully load ckpt!
<All keys matched successfully>
Loading pretrained model from CLIP
camera number is : 4
===========Building Signal===========
建立transformer............
using Transformer_type: ViT-B-16 as a backbone
Resized position embedding: %s to %s torch.Size([197, 768]) torch.Size([129, 768])
Position embedding resize to height:16 width: 8
Successfully load ckpt!
<All keys matched successfully>
Loading pretrained model from CLIP
camera number is : 4
===========Building Signal===========
建立transformer............
using Transformer_type: ViT-B-16 as a backbone
Resized position embedding: %s to %s torch.Size([197, 768]) torch.Size([129, 768])
Position embedding resize to height:16 width: 8
Successfully load ckpt!
<All keys matched successfully>
Loading pretrained model from CLIP
camera number is : 4
===========Building Signal===========
{"fold": 1, "epoch": 1, "completed_batches": 608, "model_forwards": 3648, "elapsed_seconds": 2247.347328901291}
{"fold": 1, "epoch": 2, "completed_batches": 636, "model_forwards": 3816, "elapsed_seconds": 2349.1067922115326}
{"fold": 1, "epoch": 3, "completed_batches": 664, "model_forwards": 3984, "elapsed_seconds": 2450.7028381824493}
{"fold": 1, "epoch": 4, "completed_batches": 692, "model_forwards": 4152, "elapsed_seconds": 2552.253095626831}
{"fold": 1, "epoch": 5, "completed_batches": 720, "model_forwards": 4320, "elapsed_seconds": 2654.2646477222443}
{"fold": 1, "epoch": 6, "completed_batches": 748, "model_forwards": 4488, "elapsed_seconds": 2756.123625278473}
{"fold": 1, "epoch": 7, "completed_batches": 776, "model_forwards": 4656, "elapsed_seconds": 2857.8719527721405}
{"fold": 1, "epoch": 8, "completed_batches": 804, "model_forwards": 4824, "elapsed_seconds": 2959.907169818878}
{"fold": 1, "epoch": 9, "completed_batches": 832, "model_forwards": 4992, "elapsed_seconds": 3061.6246140003204}
{"fold": 1, "epoch": 10, "completed_batches": 860, "model_forwards": 5160, "elapsed_seconds": 3163.214555501938}
{"fold": 1, "epoch": 11, "completed_batches": 888, "model_forwards": 5328, "elapsed_seconds": 3264.941073656082}
{"fold": 1, "epoch": 12, "completed_batches": 916, "model_forwards": 5496, "elapsed_seconds": 3366.59579372406}
{"fold": 1, "epoch": 13, "completed_batches": 944, "model_forwards": 5664, "elapsed_seconds": 3468.47016954422}
{"fold": 1, "epoch": 14, "completed_batches": 972, "model_forwards": 5832, "elapsed_seconds": 3570.2599709033966}
{"fold": 1, "epoch": 15, "completed_batches": 1000, "model_forwards": 6000, "elapsed_seconds": 3672.15722990036}
{"fold": 1, "epoch": 16, "completed_batches": 1028, "model_forwards": 6168, "elapsed_seconds": 3774.203693151474}
{"fold": 1, "epoch": 17, "completed_batches": 1056, "model_forwards": 6336, "elapsed_seconds": 3875.9603881835938}
{"fold": 1, "epoch": 18, "completed_batches": 1084, "model_forwards": 6504, "elapsed_seconds": 3977.7114634513855}
{"fold": 1, "epoch": 19, "completed_batches": 1112, "model_forwards": 6672, "elapsed_seconds": 4079.5209641456604}
{"fold": 1, "epoch": 20, "completed_batches": 1140, "model_forwards": 6840, "elapsed_seconds": 4181.352138996124}
建立transformer............
using Transformer_type: ViT-B-16 as a backbone
Resized position embedding: %s to %s torch.Size([197, 768]) torch.Size([129, 768])
Position embedding resize to height:16 width: 8
Successfully load ckpt!
<All keys matched successfully>
Loading pretrained model from CLIP
camera number is : 4
===========Building Signal===========
建立transformer............
using Transformer_type: ViT-B-16 as a backbone
Resized position embedding: %s to %s torch.Size([197, 768]) torch.Size([129, 768])
Position embedding resize to height:16 width: 8
Successfully load ckpt!
<All keys matched successfully>
Loading pretrained model from CLIP
camera number is : 4
===========Building Signal===========
建立transformer............
using Transformer_type: ViT-B-16 as a backbone
Resized position embedding: %s to %s torch.Size([197, 768]) torch.Size([129, 768])
Position embedding resize to height:16 width: 8
Successfully load ckpt!
<All keys matched successfully>
Loading pretrained model from CLIP
camera number is : 4
===========Building Signal===========
{"fold": 2, "epoch": 1, "completed_batches": 1167, "model_forwards": 7002, "elapsed_seconds": 4300.914397478104}
{"fold": 2, "epoch": 2, "completed_batches": 1194, "model_forwards": 7164, "elapsed_seconds": 4399.042238712311}
{"fold": 2, "epoch": 3, "completed_batches": 1221, "model_forwards": 7326, "elapsed_seconds": 4497.101247310638}
{"fold": 2, "epoch": 4, "completed_batches": 1248, "model_forwards": 7488, "elapsed_seconds": 4595.353709459305}
{"fold": 2, "epoch": 5, "completed_batches": 1275, "model_forwards": 7650, "elapsed_seconds": 4693.472592592239}
{"fold": 2, "epoch": 6, "completed_batches": 1302, "model_forwards": 7812, "elapsed_seconds": 4791.4561223983765}
{"fold": 2, "epoch": 7, "completed_batches": 1329, "model_forwards": 7974, "elapsed_seconds": 4889.566054105759}
{"fold": 2, "epoch": 8, "completed_batches": 1356, "model_forwards": 8136, "elapsed_seconds": 4987.704924821854}
{"fold": 2, "epoch": 9, "completed_batches": 1383, "model_forwards": 8298, "elapsed_seconds": 5085.94241976738}
{"fold": 2, "epoch": 10, "completed_batches": 1410, "model_forwards": 8460, "elapsed_seconds": 5184.059112071991}
{"fold": 2, "epoch": 11, "completed_batches": 1437, "model_forwards": 8622, "elapsed_seconds": 5282.212712526321}
{"fold": 2, "epoch": 12, "completed_batches": 1464, "model_forwards": 8784, "elapsed_seconds": 5380.573045253754}
{"fold": 2, "epoch": 13, "completed_batches": 1491, "model_forwards": 8946, "elapsed_seconds": 5478.856260299683}
{"fold": 2, "epoch": 14, "completed_batches": 1518, "model_forwards": 9108, "elapsed_seconds": 5577.1249458789825}
{"fold": 2, "epoch": 15, "completed_batches": 1545, "model_forwards": 9270, "elapsed_seconds": 5675.436014890671}
{"fold": 2, "epoch": 16, "completed_batches": 1572, "model_forwards": 9432, "elapsed_seconds": 5773.795028209686}
{"fold": 2, "epoch": 17, "completed_batches": 1599, "model_forwards": 9594, "elapsed_seconds": 5871.700592041016}
{"fold": 2, "epoch": 18, "completed_batches": 1626, "model_forwards": 9756, "elapsed_seconds": 5969.986754655838}
{"fold": 2, "epoch": 19, "completed_batches": 1653, "model_forwards": 9918, "elapsed_seconds": 6068.27153134346}
{"fold": 2, "epoch": 20, "completed_batches": 1680, "model_forwards": 10080, "elapsed_seconds": 6166.415838956833}
{"status": "COMPLETE_FIXED_SOURCE_ROLE_DRIFT_PENDING_CPU_VERIFICATION", "model_forwards": 10080, "optimizer_updates": 0}
