{
  "status": "PASS_STATIC_CHECKS_WITH_INHERITED_NEWLINE_LIMIT",
  "generated_at": "2026-09-08T12:46:50.040592+08:00",
  "reviewer": "gpt-6-astra",
  "reasoning_effort": "max",
  "review_independence": "same-family",
  "acceptance_status": "provisional",
  "interpreter": "3.13.12 (main, Feb  3 2026, 22:53:26) [MSC v.1944 64 bit (AMD64)]",
  "project_commit": "e83efaa06ae87f8825e3451778cda787b05ea6d7",
  "config_binding_counts": {
    "total": 67,
    "EXACT_LOCAL_BYTES": 62,
    "INHERITED_CRLF_VS_BOUND_LF": 5
  },
  "remote_fixed_bindings_not_live_rehashed": 7,
  "protocol_checks": [
    {
      "fold": 0,
      "source_records": 672,
      "source_identities": 103,
      "gallery_records": 360,
      "queries": 210,
      "query_identities": 20,
      "excluded_queries_retained": 150,
      "label_zero_identity": 5,
      "batches": 260
    },
    {
      "fold": 1,
      "source_records": 683,
      "source_identities": 103,
      "gallery_records": 349,
      "queries": 207,
      "query_identities": 20,
      "excluded_queries_retained": 142,
      "label_zero_identity": 1,
      "batches": 260
    },
    {
      "fold": 2,
      "source_records": 709,
      "source_identities": 104,
      "gallery_records": 323,
      "queries": 183,
      "query_identities": 20,
      "excluded_queries_retained": 140,
      "label_zero_identity": 1,
      "batches": 260
    }
  ],
  "queue_checks": [
    {
      "fold": 0,
      "mode": "comparison",
      "steps": 260,
      "first_history": {
        "zero_based_step": 66,
        "recorded_step": 67,
        "history_groups": 1,
        "history_records": 38
      },
      "historical_candidate_exposures": 58133,
      "history_batches": 194,
      "max_history": 356,
      "max_post_update_queue": 391,
      "duplicate_batch_exposures": 5907,
      "current_record_history_exclusions": 1372,
      "age_expirations": 6298,
      "capacity_evictions": 0
    },
    {
      "fold": 0,
      "mode": "capacity",
      "steps": 8,
      "first_history": {
        "zero_based_step": 3,
        "recorded_step": 4,
        "history_groups": 1,
        "history_records": 31
      },
      "historical_candidate_exposures": 547,
      "history_batches": 5,
      "max_history": 195,
      "max_post_update_queue": 234,
      "duplicate_batch_exposures": 179,
      "current_record_history_exclusions": 0,
      "age_expirations": 0,
      "capacity_evictions": 0
    },
    {
      "fold": 0,
      "mode": "overfit",
      "steps": 100,
      "first_history": null,
      "historical_candidate_exposures": 0,
      "history_batches": 0,
      "max_history": 0,
      "max_post_update_queue": 53,
      "duplicate_batch_exposures": 1100,
      "current_record_history_exclusions": 5141,
      "age_expirations": 0,
      "capacity_evictions": 0
    },
    {
      "fold": 1,
      "mode": "comparison",
      "steps": 260,
      "first_history": {
        "zero_based_step": 66,
        "recorded_step": 67,
        "history_groups": 1,
        "history_records": 37
      },
      "historical_candidate_exposures": 59505,
      "history_batches": 194,
      "max_history": 372,
      "max_post_update_queue": 408,
      "duplicate_batch_exposures": 5721,
      "current_record_history_exclusions": 1324,
      "age_expirations": 6488,
      "capacity_evictions": 0
    },
    {
      "fold": 1,
      "mode": "capacity",
      "steps": 8,
      "first_history": {
        "zero_based_step": 3,
        "recorded_step": 4,
        "history_groups": 1,
        "history_records": 32
      },
      "historical_candidate_exposures": 519,
      "history_batches": 5,
      "max_history": 176,
      "max_post_update_queue": 225,
      "duplicate_batch_exposures": 196,
      "current_record_history_exclusions": 0,
      "age_expirations": 0,
      "capacity_evictions": 0
    },
    {
      "fold": 2,
      "mode": "comparison",
      "steps": 260,
      "first_history": {
        "zero_based_step": 66,
        "recorded_step": 67,
        "history_groups": 1,
        "history_records": 44
      },
      "historical_candidate_exposures": 59984,
      "history_batches": 194,
      "max_history": 362,
      "max_post_update_queue": 406,
      "duplicate_batch_exposures": 5688,
      "current_record_history_exclusions": 1261,
      "age_expirations": 6561,
      "capacity_evictions": 0
    },
    {
      "fold": 2,
      "mode": "capacity",
      "steps": 8,
      "first_history": {
        "zero_based_step": 3,
        "recorded_step": 4,
        "history_groups": 1,
        "history_records": 39
      },
      "historical_candidate_exposures": 658,
      "history_batches": 5,
      "max_history": 221,
      "max_post_update_queue": 263,
      "duplicate_batch_exposures": 162,
      "current_record_history_exclusions": 0,
      "age_expirations": 0,
      "capacity_evictions": 0
    }
  ],
  "gradient_ast_order": {
    "backward": 146,
    "history_add": 190,
    "unscale": 198,
    "step": 203
  },
  "endpoint_mutation_branches": 1,
  "stage_modules": [
    "tools.check_msvr_history_gradient",
    "tools.train_msvr_history_gradient",
    "tools.verify_msvr_history_gradient"
  ],
  "inherited_parameter_bindings": [
    {
      "fold": 0,
      "trainable_tensors": 203,
      "role_encoder_tensors": {
        "cnn": 42,
        "transformer": 54,
        "mamba": 93
      },
      "other_trainable_tensors": [
        "fused_neck.weight",
        "branch_necks.cnn.weight",
        "branch_necks.transformer.weight",
        "branch_necks.mamba.weight",
        "residual_necks.cnn.weight",
        "residual_necks.transformer.weight",
        "residual_necks.mamba.weight",
        "fused_classifier.weight",
        "branch_classifiers.cnn.weight",
        "branch_classifiers.transformer.weight",
        "branch_classifiers.mamba.weight",
        "residual_classifiers.cnn.weight",
        "residual_classifiers.transformer.weight",
        "residual_classifiers.mamba.weight"
      ],
      "trainable_parameters": 8076300,
      "provenance": "Inherited exact builder runtime name inventory; new runtime not instantiated by reviewer"
    },
    {
      "fold": 1,
      "trainable_tensors": 203,
      "role_encoder_tensors": {
        "cnn": 42,
        "transformer": 54,
        "mamba": 93
      },
      "other_trainable_tensors": [
        "fused_neck.weight",
        "branch_necks.cnn.weight",
        "branch_necks.transformer.weight",
        "branch_necks.mamba.weight",
        "residual_necks.cnn.weight",
        "residual_necks.transformer.weight",
        "residual_necks.mamba.weight",
        "fused_classifier.weight",
        "branch_classifiers.cnn.weight",
        "branch_classifiers.transformer.weight",
        "branch_classifiers.mamba.weight",
        "residual_classifiers.cnn.weight",
        "residual_classifiers.transformer.weight",
        "residual_classifiers.mamba.weight"
      ],
      "trainable_parameters": 8076300,
      "provenance": "Inherited exact builder runtime name inventory; new runtime not instantiated by reviewer"
    },
    {
      "fold": 2,
      "trainable_tensors": 203,
      "role_encoder_tensors": {
        "cnn": 42,
        "transformer": 54,
        "mamba": 93
      },
      "other_trainable_tensors": [
        "fused_neck.weight",
        "branch_necks.cnn.weight",
        "branch_necks.transformer.weight",
        "branch_necks.mamba.weight",
        "residual_necks.cnn.weight",
        "residual_necks.transformer.weight",
        "residual_necks.mamba.weight",
        "fused_classifier.weight",
        "branch_classifiers.cnn.weight",
        "branch_classifiers.transformer.weight",
        "branch_classifiers.mamba.weight",
        "residual_classifiers.cnn.weight",
        "residual_classifiers.transformer.weight",
        "residual_classifiers.mamba.weight"
      ],
      "trainable_parameters": 8102412,
      "provenance": "Inherited exact builder runtime name inventory; new runtime not instantiated by reviewer"
    }
  ],
  "resolved_plan_step_indexing": {
    "original": "step3",
    "final": "logged step4; zero_based_step=3",
    "execution_scripts_unchanged": true,
    "only_plan_and_bound_plan_digest_changed": true
  },
  "source_prerequisite_local_mirror_exact": true,
  "assertions_executed_are_static_or_stdlib_metadata_only": true,
  "project_module_imports": 0,
  "model_forwards": 0,
  "model_backwards": 0,
  "optimizer_updates": 0,
  "remote_commands": 0
}
