/data/gaob/Re-ID/conda-envs/tri_reid/lib/python3.10/site-packages/timm/models/helpers.py:7: FutureWarning: Importing from timm.models.helpers is deprecated, please import via timm.models
  warnings.warn(f"Importing from {__name__} is deprecated, please import via timm.models", FutureWarning)
/data/gaob/Re-ID/conda-envs/tri_reid/lib/python3.10/site-packages/timm/models/registry.py:4: FutureWarning: Importing from timm.models.registry is deprecated, please import via timm.models
  warnings.warn(f"Importing from {__name__} is deprecated, please import via timm.models", FutureWarning)
/data/gaob/Re-ID/conda-envs/tri_reid/lib/python3.10/site-packages/timm/models/layers/__init__.py:48: FutureWarning: Importing from timm.models.layers is deprecated, please import via timm.layers
  warnings.warn(f"Importing from {__name__} is deprecated, please import via timm.layers", FutureWarning)
建立transformer............
using Transformer_type: ViT-B-16 as a backbone
Resized position embedding: %s to %s torch.Size([197, 768]) torch.Size([129, 768])
Position embedding resize to height:16 width: 8
Successfully load ckpt!
<All keys matched successfully>
Loading pretrained model from CLIP
camera number is : 4
===========Building Signal===========
{"event": "epoch", "dataset": "RGBNT201", "epoch": 1, "steps": 53, "mean_loss": 5.418362563511111, "seconds": 32.00319881300675, "official_fused": {"mAP": 7.3313990768848605, "Rank-1": 5.382775142788887, "Rank-5": 12.32057437300682, "Rank-10": 17.942583560943604}, "best_epoch": 1}
{"event": "epoch", "dataset": "RGBNT201", "epoch": 2, "steps": 53, "mean_loss": 4.735484591070211, "seconds": 29.775395314994967, "official_fused": {"mAP": 26.13816179492472, "Rank-1": 21.770334243774414, "Rank-5": 35.52631437778473, "Rank-10": 45.21531164646149}, "best_epoch": 2}
{"event": "epoch", "dataset": "RGBNT201", "epoch": 3, "steps": 53, "mean_loss": 3.444326895587849, "seconds": 30.437354094989132, "official_fused": {"mAP": 40.8618703353407, "Rank-1": 37.32057511806488, "Rank-5": 50.35884976387024, "Rank-10": 59.090906381607056}, "best_epoch": 3}
{"event": "epoch", "dataset": "RGBNT201", "epoch": 4, "steps": 53, "mean_loss": 2.186916600983098, "seconds": 30.625092119997134, "official_fused": {"mAP": 57.5341029336075, "Rank-1": 55.62201142311096, "Rank-5": 68.30143332481384, "Rank-10": 75.59808492660522}, "best_epoch": 4}
{"event": "epoch", "dataset": "RGBNT201", "epoch": 5, "steps": 53, "mean_loss": 1.4027484587903292, "seconds": 30.48515844301437, "official_fused": {"mAP": 57.37264307647575, "Rank-1": 57.416266202926636, "Rank-5": 68.18181872367859, "Rank-10": 74.40191507339478}, "best_epoch": 4}
{"event": "epoch", "dataset": "RGBNT201", "epoch": 6, "steps": 53, "mean_loss": 1.0908628004901815, "seconds": 30.393188179004937, "official_fused": {"mAP": 62.57592083450869, "Rank-1": 62.081336975097656, "Rank-5": 73.20573925971985, "Rank-10": 78.82775068283081}, "best_epoch": 6}
{"event": "epoch", "dataset": "RGBNT201", "epoch": 7, "steps": 53, "mean_loss": 0.9906458326105801, "seconds": 30.116616159008117, "official_fused": {"mAP": 65.27850368852845, "Rank-1": 66.50717854499817, "Rank-5": 77.39234566688538, "Rank-10": 83.13397169113159}, "best_epoch": 7}
{"event": "epoch", "dataset": "RGBNT201", "epoch": 8, "steps": 53, "mean_loss": 0.9590932400721424, "seconds": 30.3701090090035, "official_fused": {"mAP": 67.46970107608401, "Rank-1": 69.61722373962402, "Rank-5": 77.63158082962036, "Rank-10": 82.41626620292664}, "best_epoch": 8}
{"event": "epoch", "dataset": "RGBNT201", "epoch": 9, "steps": 53, "mean_loss": 0.9412996735212937, "seconds": 30.301525696006138, "official_fused": {"mAP": 65.63193907294556, "Rank-1": 68.77990365028381, "Rank-5": 77.51196026802063, "Rank-10": 82.29665160179138}, "best_epoch": 8}
{"event": "epoch", "dataset": "RGBNT201", "epoch": 10, "steps": 53, "mean_loss": 0.9408672069603542, "seconds": 30.98548574000597, "official_fused": {"mAP": 69.85959783472477, "Rank-1": 71.65071964263916, "Rank-5": 80.74162602424622, "Rank-10": 85.40669679641724}, "best_epoch": 10}
{"event": "epoch", "dataset": "RGBNT201", "epoch": 11, "steps": 53, "mean_loss": 0.9266813678561516, "seconds": 30.427813920978224, "official_fused": {"mAP": 68.40781292816777, "Rank-1": 69.73684430122375, "Rank-5": 77.27272510528564, "Rank-10": 82.77512192726135}, "best_epoch": 10}
{"event": "epoch", "dataset": "RGBNT201", "epoch": 12, "steps": 53, "mean_loss": 0.9153837156745622, "seconds": 30.213927372999024, "official_fused": {"mAP": 64.02804188177159, "Rank-1": 66.50717854499817, "Rank-5": 76.43540501594543, "Rank-10": 82.65550136566162}, "best_epoch": 10}
{"event": "epoch", "dataset": "RGBNT201", "epoch": 13, "steps": 53, "mean_loss": 0.9118604131464688, "seconds": 30.449384653999005, "official_fused": {"mAP": 68.98669552765996, "Rank-1": 71.29186391830444, "Rank-5": 78.34928035736084, "Rank-10": 83.85167717933655}, "best_epoch": 10}
{"event": "epoch", "dataset": "RGBNT201", "epoch": 14, "steps": 53, "mean_loss": 0.9052145604817372, "seconds": 30.442445900000166, "official_fused": {"mAP": 67.6153230139097, "Rank-1": 69.73684430122375, "Rank-5": 77.39234566688538, "Rank-10": 83.85167717933655}, "best_epoch": 10}
{"event": "epoch", "dataset": "RGBNT201", "epoch": 15, "steps": 53, "mean_loss": 0.9004534269278904, "seconds": 30.457776892988477, "official_fused": {"mAP": 67.40699097357003, "Rank-1": 67.9425835609436, "Rank-5": 76.9138753414154, "Rank-10": 84.21052694320679}, "best_epoch": 10}
{"event": "epoch", "dataset": "RGBNT201", "epoch": 16, "steps": 53, "mean_loss": 0.8958355683200764, "seconds": 30.238680042006308, "official_fused": {"mAP": 67.00067189399228, "Rank-1": 68.54066848754883, "Rank-5": 76.0765552520752, "Rank-10": 83.25358629226685}, "best_epoch": 10}
{"event": "epoch", "dataset": "RGBNT201", "epoch": 17, "steps": 53, "mean_loss": 0.8875017514768636, "seconds": 30.741726509993896, "official_fused": {"mAP": 68.55139112473789, "Rank-1": 68.42105388641357, "Rank-5": 77.9904305934906, "Rank-10": 84.80861186981201}, "best_epoch": 10}
{"event": "epoch", "dataset": "RGBNT201", "epoch": 18, "steps": 53, "mean_loss": 0.8838091155268112, "seconds": 30.622705165005755, "official_fused": {"mAP": 65.1317150902107, "Rank-1": 65.90909361839294, "Rank-5": 76.31579041481018, "Rank-10": 81.69856667518616}, "best_epoch": 10}
{"event": "epoch", "dataset": "RGBNT201", "epoch": 19, "steps": 53, "mean_loss": 0.8848856541345704, "seconds": 30.57285755200428, "official_fused": {"mAP": 67.43257090161057, "Rank-1": 69.13875341415405, "Rank-5": 76.79426074028015, "Rank-10": 82.0574164390564}, "best_epoch": 10}
{"event": "epoch", "dataset": "RGBNT201", "epoch": 20, "steps": 53, "mean_loss": 0.8819995140129665, "seconds": 30.365401871007634, "official_fused": {"mAP": 65.41325687024127, "Rank-1": 68.06219816207886, "Rank-5": 76.43540501594543, "Rank-10": 82.0574164390564}, "best_epoch": 10}
{"event": "epoch", "dataset": "RGBNT201", "epoch": 21, "steps": 53, "mean_loss": 0.8800977727152267, "seconds": 30.4598275529861, "official_fused": {"mAP": 63.82022878545304, "Rank-1": 64.35406804084778, "Rank-5": 74.16267991065979, "Rank-10": 80.74162602424622}, "best_epoch": 10}
{"event": "epoch", "dataset": "RGBNT201", "epoch": 22, "steps": 53, "mean_loss": 0.876782588238986, "seconds": 30.665117353986716, "official_fused": {"mAP": 64.3272621489329, "Rank-1": 66.74641370773315, "Rank-5": 75.83732008934021, "Rank-10": 80.26315569877625}, "best_epoch": 10}
{"event": "epoch", "dataset": "RGBNT201", "epoch": 23, "steps": 53, "mean_loss": 0.8736629722253332, "seconds": 30.49183475598693, "official_fused": {"mAP": 66.93092053715903, "Rank-1": 68.06219816207886, "Rank-5": 76.55502557754517, "Rank-10": 82.29665160179138}, "best_epoch": 10}
{"event": "epoch", "dataset": "RGBNT201", "epoch": 24, "steps": 53, "mean_loss": 0.8740562054346193, "seconds": 30.157106778002344, "official_fused": {"mAP": 62.7832956811487, "Rank-1": 64.1148328781128, "Rank-5": 73.44497442245483, "Rank-10": 81.10047578811646}, "best_epoch": 10}
{"event": "epoch", "dataset": "RGBNT201", "epoch": 25, "steps": 53, "mean_loss": 0.8729117625164535, "seconds": 30.52401886100415, "official_fused": {"mAP": 65.93372807829091, "Rank-1": 64.83253836631775, "Rank-5": 73.56459498405457, "Rank-10": 80.14354109764099}, "best_epoch": 10}
{"event": "epoch", "dataset": "RGBNT201", "epoch": 26, "steps": 53, "mean_loss": 0.8693349473881271, "seconds": 30.462238484993577, "official_fused": {"mAP": 65.08394309601296, "Rank-1": 66.38755798339844, "Rank-5": 74.76076483726501, "Rank-10": 80.26315569877625}, "best_epoch": 10}
{"event": "epoch", "dataset": "RGBNT201", "epoch": 27, "steps": 53, "mean_loss": 0.866940255435008, "seconds": 30.319648495002184, "official_fused": {"mAP": 64.79683701090103, "Rank-1": 66.0287082195282, "Rank-5": 74.88038539886475, "Rank-10": 80.50239086151123}, "best_epoch": 10}
{"event": "epoch", "dataset": "RGBNT201", "epoch": 28, "steps": 53, "mean_loss": 0.8662997776607297, "seconds": 30.377310917014256, "official_fused": {"mAP": 67.93817618037903, "Rank-1": 68.77990365028381, "Rank-5": 76.79426074028015, "Rank-10": 82.53588676452637}, "best_epoch": 10}
{"event": "epoch", "dataset": "RGBNT201", "epoch": 29, "steps": 53, "mean_loss": 0.8647802056006666, "seconds": 30.35005411997554, "official_fused": {"mAP": 66.69101470947531, "Rank-1": 67.22487807273865, "Rank-5": 76.19616985321045, "Rank-10": 82.0574164390564}, "best_epoch": 10}
{"event": "epoch", "dataset": "RGBNT201", "epoch": 30, "steps": 53, "mean_loss": 0.8635347350588385, "seconds": 30.294431018992327, "official_fused": {"mAP": 66.90114761999706, "Rank-1": 69.61722373962402, "Rank-5": 76.9138753414154, "Rank-10": 81.93780183792114}, "best_epoch": 10}
{"event": "epoch", "dataset": "RGBNT201", "epoch": 31, "steps": 53, "mean_loss": 0.8622949033413293, "seconds": 30.201291314995615, "official_fused": {"mAP": 67.4997669125357, "Rank-1": 68.66028904914856, "Rank-5": 76.43540501594543, "Rank-10": 81.57894611358643}, "best_epoch": 10}
{"event": "epoch", "dataset": "RGBNT201", "epoch": 32, "steps": 53, "mean_loss": 0.8610556069410072, "seconds": 31.14458541199565, "official_fused": {"mAP": 67.18086436542123, "Rank-1": 68.77990365028381, "Rank-5": 76.0765552520752, "Rank-10": 80.62201142311096}, "best_epoch": 10}
{"event": "epoch", "dataset": "RGBNT201", "epoch": 33, "steps": 53, "mean_loss": 0.8600066225483732, "seconds": 30.370308866986306, "official_fused": {"mAP": 66.31470486970508, "Rank-1": 67.9425835609436, "Rank-5": 76.0765552520752, "Rank-10": 81.57894611358643}, "best_epoch": 10}
{"event": "epoch", "dataset": "RGBNT201", "epoch": 34, "steps": 53, "mean_loss": 0.8585518845972026, "seconds": 30.557533159008017, "official_fused": {"mAP": 65.25429391990751, "Rank-1": 66.74641370773315, "Rank-5": 76.31579041481018, "Rank-10": 81.57894611358643}, "best_epoch": 10}
{"event": "epoch", "dataset": "RGBNT201", "epoch": 35, "steps": 53, "mean_loss": 0.857525221581729, "seconds": 30.346884466998745, "official_fused": {"mAP": 65.47796709180207, "Rank-1": 68.30143332481384, "Rank-5": 75.95694065093994, "Rank-10": 81.10047578811646}, "best_epoch": 10}
{"event": "epoch", "dataset": "RGBNT201", "epoch": 36, "steps": 53, "mean_loss": 0.8575475969404545, "seconds": 30.681381023023278, "official_fused": {"mAP": 65.83068465979716, "Rank-1": 67.34449863433838, "Rank-5": 76.0765552520752, "Rank-10": 81.45933151245117}, "best_epoch": 10}
{"event": "epoch", "dataset": "RGBNT201", "epoch": 37, "steps": 53, "mean_loss": 0.8572478485557268, "seconds": 30.21757362197968, "official_fused": {"mAP": 65.5653484913421, "Rank-1": 67.58373379707336, "Rank-5": 76.0765552520752, "Rank-10": 81.57894611358643}, "best_epoch": 10}
{"event": "epoch", "dataset": "RGBNT201", "epoch": 38, "steps": 53, "mean_loss": 0.8561563952913824, "seconds": 30.124188025016338, "official_fused": {"mAP": 64.57105621996283, "Rank-1": 65.90909361839294, "Rank-5": 75.0, "Rank-10": 80.9808611869812}, "best_epoch": 10}
{"event": "epoch", "dataset": "RGBNT201", "epoch": 39, "steps": 53, "mean_loss": 0.8555022219441971, "seconds": 30.39632929902291, "official_fused": {"mAP": 65.19788266679498, "Rank-1": 67.1052634716034, "Rank-5": 76.43540501594543, "Rank-10": 81.69856667518616}, "best_epoch": 10}
{"event": "epoch", "dataset": "RGBNT201", "epoch": 40, "steps": 53, "mean_loss": 0.8550190307059378, "seconds": 30.87656415402307, "official_fused": {"mAP": 64.48138862932635, "Rank-1": 66.38755798339844, "Rank-5": 75.59808492660522, "Rank-10": 81.22009634971619}, "best_epoch": 10}
{"event": "epoch", "dataset": "RGBNT201", "epoch": 41, "steps": 53, "mean_loss": 0.8548680127791639, "seconds": 30.29492504199152, "official_fused": {"mAP": 65.51895118364351, "Rank-1": 67.70334839820862, "Rank-5": 76.19616985321045, "Rank-10": 81.81818127632141}, "best_epoch": 10}
{"event": "epoch", "dataset": "RGBNT201", "epoch": 42, "steps": 53, "mean_loss": 0.8541136091610171, "seconds": 30.351124519016594, "official_fused": {"mAP": 65.75539714410007, "Rank-1": 67.58373379707336, "Rank-5": 77.39234566688538, "Rank-10": 82.53588676452637}, "best_epoch": 10}
{"event": "epoch", "dataset": "RGBNT201", "epoch": 43, "steps": 53, "mean_loss": 0.8540339076294089, "seconds": 30.16067650599871, "official_fused": {"mAP": 65.47299985945429, "Rank-1": 67.58373379707336, "Rank-5": 76.9138753414154, "Rank-10": 82.0574164390564}, "best_epoch": 10}
{"event": "epoch", "dataset": "RGBNT201", "epoch": 44, "steps": 53, "mean_loss": 0.8539080496104259, "seconds": 30.661983704019804, "official_fused": {"mAP": 65.52014047536233, "Rank-1": 67.46411323547363, "Rank-5": 77.03348994255066, "Rank-10": 81.81818127632141}, "best_epoch": 10}
{"event": "epoch", "dataset": "RGBNT201", "epoch": 45, "steps": 53, "mean_loss": 0.8547909462227011, "seconds": 30.418981631984934, "official_fused": {"mAP": 65.36580949345036, "Rank-1": 67.1052634716034, "Rank-5": 76.31579041481018, "Rank-10": 81.69856667518616}, "best_epoch": 10}
{"event": "epoch", "dataset": "RGBNT201", "epoch": 46, "steps": 52, "mean_loss": 0.8536091446876526, "seconds": 29.635978419013554, "official_fused": {"mAP": 65.30033002561335, "Rank-1": 66.74641370773315, "Rank-5": 76.19616985321045, "Rank-10": 81.57894611358643}, "best_epoch": 10}
{"event": "epoch", "dataset": "RGBNT201", "epoch": 47, "steps": 53, "mean_loss": 0.853302758819652, "seconds": 30.506455578986788, "official_fused": {"mAP": 65.42754162514012, "Rank-1": 67.1052634716034, "Rank-5": 76.31579041481018, "Rank-10": 81.69856667518616}, "best_epoch": 10}
{"event": "epoch", "dataset": "RGBNT201", "epoch": 48, "steps": 53, "mean_loss": 0.8533112834084708, "seconds": 30.187761456007138, "official_fused": {"mAP": 65.48766105604332, "Rank-1": 67.1052634716034, "Rank-5": 76.67464017868042, "Rank-10": 81.81818127632141}, "best_epoch": 10}
{"event": "epoch", "dataset": "RGBNT201", "epoch": 49, "steps": 53, "mean_loss": 0.8531731265895771, "seconds": 30.980186736996984, "official_fused": {"mAP": 65.48596758196021, "Rank-1": 67.22487807273865, "Rank-5": 76.43540501594543, "Rank-10": 81.69856667518616}, "best_epoch": 10}
{"event": "epoch", "dataset": "RGBNT201", "epoch": 50, "steps": 53, "mean_loss": 0.8538446313930008, "seconds": 30.21686442801729, "official_fused": {"mAP": 65.45703767411354, "Rank-1": 67.22487807273865, "Rank-5": 76.31579041481018, "Rank-10": 81.69856667518616}, "best_epoch": 10}
