/data/gaob/Re-ID/conda-envs/tri_reid/lib/python3.10/site-packages/timm/models/helpers.py:7: FutureWarning: Importing from timm.models.helpers is deprecated, please import via timm.models
  warnings.warn(f"Importing from {__name__} is deprecated, please import via timm.models", FutureWarning)
/data/gaob/Re-ID/conda-envs/tri_reid/lib/python3.10/site-packages/timm/models/registry.py:4: FutureWarning: Importing from timm.models.registry is deprecated, please import via timm.models
  warnings.warn(f"Importing from {__name__} is deprecated, please import via timm.models", FutureWarning)
/data/gaob/Re-ID/conda-envs/tri_reid/lib/python3.10/site-packages/timm/models/layers/__init__.py:48: FutureWarning: Importing from timm.models.layers is deprecated, please import via timm.layers
  warnings.warn(f"Importing from {__name__} is deprecated, please import via timm.layers", FutureWarning)
建立transformer............
using Transformer_type: ViT-B-16 as a backbone
Resized position embedding: %s to %s torch.Size([197, 768]) torch.Size([129, 768])
Position embedding resize to height:8 width: 16
Successfully load ckpt!
<All keys matched successfully>
Loading pretrained model from CLIP
camera number is : 8
===========Building Signal===========
{"event": "epoch", "dataset": "MSVR310", "epoch": 1, "steps": 20, "mean_loss": 5.2044050931930546, "seconds": 11.789982073998544, "official_fused": {"mAP": 50.92047441162734, "Rank-1": 68.52791905403137, "Rank-5": 81.04906678199768, "Rank-10": 85.78680157661438}, "best_epoch": 1}
{"event": "epoch", "dataset": "MSVR310", "epoch": 2, "steps": 20, "mean_loss": 4.908540534973144, "seconds": 9.366130434005754, "official_fused": {"mAP": 49.71564863122321, "Rank-1": 67.3434853553772, "Rank-5": 81.21827244758606, "Rank-10": 84.94077920913696}, "best_epoch": 1}
{"event": "epoch", "dataset": "MSVR310", "epoch": 3, "steps": 20, "mean_loss": 4.420201420783997, "seconds": 9.52300169999944, "official_fused": {"mAP": 50.6195771742182, "Rank-1": 67.85110235214233, "Rank-5": 81.55668377876282, "Rank-10": 84.94077920913696}, "best_epoch": 1}
{"event": "epoch", "dataset": "MSVR310", "epoch": 4, "steps": 20, "mean_loss": 3.757633996009827, "seconds": 9.314006060987595, "official_fused": {"mAP": 48.645569524643136, "Rank-1": 65.48223495483398, "Rank-5": 79.52622771263123, "Rank-10": 84.94077920913696}, "best_epoch": 1}
{"event": "epoch", "dataset": "MSVR310", "epoch": 5, "steps": 20, "mean_loss": 3.008738648891449, "seconds": 9.595995985000627, "official_fused": {"mAP": 49.14555799350224, "Rank-1": 66.49746298789978, "Rank-5": 80.7106614112854, "Rank-10": 85.78680157661438}, "best_epoch": 1}
{"event": "epoch", "dataset": "MSVR310", "epoch": 6, "steps": 20, "mean_loss": 2.3099057972431183, "seconds": 9.496898197990959, "official_fused": {"mAP": 50.939527529948805, "Rank-1": 68.02030205726624, "Rank-5": 81.04906678199768, "Rank-10": 86.46361827850342}, "best_epoch": 6}
