/data/gaob/Re-ID/conda-envs/tri_reid/lib/python3.10/site-packages/timm/models/helpers.py:7: FutureWarning: Importing from timm.models.helpers is deprecated, please import via timm.models
  warnings.warn(f"Importing from {__name__} is deprecated, please import via timm.models", FutureWarning)
/data/gaob/Re-ID/conda-envs/tri_reid/lib/python3.10/site-packages/timm/models/registry.py:4: FutureWarning: Importing from timm.models.registry is deprecated, please import via timm.models
  warnings.warn(f"Importing from {__name__} is deprecated, please import via timm.models", FutureWarning)
/data/gaob/Re-ID/conda-envs/tri_reid/lib/python3.10/site-packages/timm/models/layers/__init__.py:48: FutureWarning: Importing from timm.models.layers is deprecated, please import via timm.layers
  warnings.warn(f"Importing from {__name__} is deprecated, please import via timm.layers", FutureWarning)
建立transformer............
using Transformer_type: ViT-B-16 as a backbone
Resized position embedding: %s to %s torch.Size([197, 768]) torch.Size([129, 768])
Position embedding resize to height:8 width: 16
Successfully load ckpt!
<All keys matched successfully>
Loading pretrained model from CLIP
camera number is : 8
===========Building Signal===========
{"event": "epoch", "dataset": "RGBNT100", "recipe": "metric_raw", "epoch": 1, "steps": 130, "mean_loss": 4.434805769186753, "seconds": 71.2274689199985, "official_fused": {"mAP": 47.94732330079782, "Rank-1": 74.46064352989197, "Rank-5": 79.24198508262634, "Rank-10": 82.50728845596313}}
{"event": "epoch", "dataset": "RGBNT100", "recipe": "metric_raw", "epoch": 2, "steps": 131, "mean_loss": 1.8539692982462526, "seconds": 81.44331771600991, "official_fused": {"mAP": 66.94215542328136, "Rank-1": 89.15451765060425, "Rank-5": 91.37026071548462, "Rank-10": 93.29445958137512}}
{"event": "epoch", "dataset": "RGBNT100", "recipe": "metric_raw", "epoch": 3, "steps": 132, "mean_loss": 0.9256790167454517, "seconds": 79.02142227999866, "official_fused": {"mAP": 70.3431045625101, "Rank-1": 91.72011613845825, "Rank-5": 93.7609314918518, "Rank-10": 94.34402585029602}}
{"event": "epoch", "dataset": "RGBNT100", "recipe": "metric_raw", "epoch": 4, "steps": 131, "mean_loss": 0.8056386954911793, "seconds": 79.02380158999586, "official_fused": {"mAP": 70.85673218611348, "Rank-1": 92.36151576042175, "Rank-5": 93.93585920333862, "Rank-10": 95.21865844726562}}
{"event": "epoch", "dataset": "RGBNT100", "recipe": "metric_raw", "epoch": 5, "steps": 132, "mean_loss": 0.7709922591845194, "seconds": 76.61888968100538, "official_fused": {"mAP": 70.53137170250335, "Rank-1": 91.37026071548462, "Rank-5": 93.1195318698883, "Rank-10": 93.99417042732239}}
{"event": "epoch", "dataset": "RGBNT100", "recipe": "metric_raw", "epoch": 6, "steps": 131, "mean_loss": 0.7556730800002586, "seconds": 78.35369182599243, "official_fused": {"mAP": 70.53045559538883, "Rank-1": 91.89504384994507, "Rank-5": 93.7609314918518, "Rank-10": 94.40233111381531}}
{"event": "epoch", "dataset": "RGBNT100", "recipe": "metric_raw", "epoch": 7, "steps": 132, "mean_loss": 0.7437637741818572, "seconds": 79.23474581600749, "official_fused": {"mAP": 71.54398276774715, "Rank-1": 92.8862988948822, "Rank-5": 94.28571462631226, "Rank-10": 95.33527493476868}}
{"event": "epoch", "dataset": "RGBNT100", "recipe": "metric_raw", "epoch": 8, "steps": 131, "mean_loss": 0.7365035387395903, "seconds": 78.05278884200379, "official_fused": {"mAP": 72.12710510543967, "Rank-1": 92.82798767089844, "Rank-5": 94.28571462631226, "Rank-10": 94.8104977607727}}
{"event": "epoch", "dataset": "RGBNT100", "recipe": "metric_raw", "epoch": 9, "steps": 130, "mean_loss": 0.7313942849636078, "seconds": 75.04212143301265, "official_fused": {"mAP": 72.02349699162673, "Rank-1": 93.00291538238525, "Rank-5": 94.22740340232849, "Rank-10": 95.56851387023926}}
{"event": "epoch", "dataset": "RGBNT100", "recipe": "metric_raw", "epoch": 10, "steps": 132, "mean_loss": 0.7277300457159678, "seconds": 75.34358393601724, "official_fused": {"mAP": 72.15673245334764, "Rank-1": 93.41107606887817, "Rank-5": 94.11078691482544, "Rank-10": 94.63557004928589}}
{"event": "epoch", "dataset": "RGBNT100", "recipe": "metric_raw", "epoch": 11, "steps": 131, "mean_loss": 0.7253273552610674, "seconds": 77.07023787399521, "official_fused": {"mAP": 71.97009258279886, "Rank-1": 93.00291538238525, "Rank-5": 94.1690981388092, "Rank-10": 94.69387531280518}}
{"event": "epoch", "dataset": "RGBNT100", "recipe": "metric_raw", "epoch": 12, "steps": 131, "mean_loss": 0.7229395340417177, "seconds": 76.6296307320008, "official_fused": {"mAP": 72.56270053066643, "Rank-1": 93.5276985168457, "Rank-5": 94.11078691482544, "Rank-10": 94.98542547225952}}
{"event": "epoch", "dataset": "RGBNT100", "recipe": "metric_raw", "epoch": 13, "steps": 131, "mean_loss": 0.7214913754972793, "seconds": 76.19882753901766, "official_fused": {"mAP": 72.87468373668558, "Rank-1": 93.29445958137512, "Rank-5": 94.1690981388092, "Rank-10": 94.92711424827576}}
{"event": "epoch", "dataset": "RGBNT100", "recipe": "metric_raw", "epoch": 14, "steps": 132, "mean_loss": 0.7193376196153236, "seconds": 77.16654029098572, "official_fused": {"mAP": 73.18705421578207, "Rank-1": 93.81924271583557, "Rank-5": 95.16034722328186, "Rank-10": 95.56851387023926}}
{"event": "epoch", "dataset": "RGBNT100", "recipe": "metric_raw", "epoch": 15, "steps": 129, "mean_loss": 0.718057165774264, "seconds": 74.14510123699438, "official_fused": {"mAP": 72.7500995650258, "Rank-1": 93.87755393981934, "Rank-5": 94.92711424827576, "Rank-10": 95.33527493476868}}
{"event": "epoch", "dataset": "RGBNT100", "recipe": "metric_raw", "epoch": 16, "steps": 131, "mean_loss": 0.7175164563965252, "seconds": 76.60953159199562, "official_fused": {"mAP": 73.36405541921755, "Rank-1": 93.5276985168457, "Rank-5": 94.63557004928589, "Rank-10": 95.62682509422302}}
{"event": "epoch", "dataset": "RGBNT100", "recipe": "metric_raw", "epoch": 17, "steps": 132, "mean_loss": 0.7164039769859025, "seconds": 76.5110340520041, "official_fused": {"mAP": 73.35816079422112, "Rank-1": 94.05247569084167, "Rank-5": 94.86880302429199, "Rank-10": 95.5102026462555}}
{"event": "epoch", "dataset": "RGBNT100", "recipe": "metric_raw", "epoch": 18, "steps": 132, "mean_loss": 0.7154911702329462, "seconds": 77.20990169400466, "official_fused": {"mAP": 73.74559465090768, "Rank-1": 93.81924271583557, "Rank-5": 94.63557004928589, "Rank-10": 95.33527493476868}}
{"event": "epoch", "dataset": "RGBNT100", "recipe": "metric_raw", "epoch": 19, "steps": 132, "mean_loss": 0.7151385261253878, "seconds": 74.8726591860177, "official_fused": {"mAP": 74.17721587241279, "Rank-1": 94.22740340232849, "Rank-5": 95.27696967124939, "Rank-10": 95.80174684524536}}
{"event": "epoch", "dataset": "RGBNT100", "recipe": "metric_raw", "epoch": 20, "steps": 132, "mean_loss": 0.7142274235234116, "seconds": 75.11726746699424, "official_fused": {"mAP": 74.103134662338, "Rank-1": 94.40233111381531, "Rank-5": 95.33527493476868, "Rank-10": 95.97667455673218}}
{"event": "epoch", "dataset": "RGBNT100", "recipe": "metric_raw", "epoch": 21, "steps": 131, "mean_loss": 0.7141284041732322, "seconds": 76.24269776599249, "official_fused": {"mAP": 73.53164815627336, "Rank-1": 93.7609314918518, "Rank-5": 94.98542547225952, "Rank-10": 95.62682509422302}}
{"event": "epoch", "dataset": "RGBNT100", "recipe": "metric_raw", "epoch": 22, "steps": 132, "mean_loss": 0.713489472414508, "seconds": 75.88546725700144, "official_fused": {"mAP": 74.02877136466311, "Rank-1": 94.1690981388092, "Rank-5": 94.92711424827576, "Rank-10": 95.62682509422302}}
{"event": "epoch", "dataset": "RGBNT100", "recipe": "metric_raw", "epoch": 23, "steps": 131, "mean_loss": 0.7132346839395188, "seconds": 70.64252473099623, "official_fused": {"mAP": 74.12734065724077, "Rank-1": 94.34402585029602, "Rank-5": 95.16034722328186, "Rank-10": 95.86005806922913}}
{"event": "epoch", "dataset": "RGBNT100", "recipe": "metric_raw", "epoch": 24, "steps": 130, "mean_loss": 0.7133328997171842, "seconds": 68.5268271540117, "official_fused": {"mAP": 73.79771785192875, "Rank-1": 94.1690981388092, "Rank-5": 95.33527493476868, "Rank-10": 96.0932970046997}}
{"event": "epoch", "dataset": "RGBNT100", "recipe": "metric_raw", "epoch": 25, "steps": 132, "mean_loss": 0.7124160753958153, "seconds": 69.99771835000138, "official_fused": {"mAP": 74.4892355446471, "Rank-1": 94.8104977607727, "Rank-5": 95.68513035774231, "Rank-10": 96.32652997970581}}
{"event": "epoch", "dataset": "RGBNT100", "recipe": "metric_raw", "epoch": 26, "steps": 131, "mean_loss": 0.7119918019716976, "seconds": 68.51688034000108, "official_fused": {"mAP": 74.57139050175728, "Rank-1": 95.04373073577881, "Rank-5": 95.56851387023926, "Rank-10": 96.151602268219}}
{"event": "epoch", "dataset": "RGBNT100", "recipe": "metric_raw", "epoch": 27, "steps": 131, "mean_loss": 0.7117109066657438, "seconds": 68.06556493300013, "official_fused": {"mAP": 74.34342610593194, "Rank-1": 94.51894760131836, "Rank-5": 95.27696967124939, "Rank-10": 95.68513035774231}}
{"event": "epoch", "dataset": "RGBNT100", "recipe": "metric_raw", "epoch": 28, "steps": 130, "mean_loss": 0.7114514662669256, "seconds": 66.74263315502321, "official_fused": {"mAP": 74.5673207191937, "Rank-1": 95.04373073577881, "Rank-5": 95.74344158172607, "Rank-10": 96.151602268219}}
{"event": "epoch", "dataset": "RGBNT100", "recipe": "metric_raw", "epoch": 29, "steps": 131, "mean_loss": 0.7111761378877945, "seconds": 68.80626031098654, "official_fused": {"mAP": 74.76108025346491, "Rank-1": 94.63557004928589, "Rank-5": 95.5102026462555, "Rank-10": 95.97667455673218}}
{"event": "epoch", "dataset": "RGBNT100", "recipe": "metric_raw", "epoch": 30, "steps": 132, "mean_loss": 0.7110964741670724, "seconds": 68.75031659301021, "official_fused": {"mAP": 74.48331881442837, "Rank-1": 94.8104977607727, "Rank-5": 95.86005806922913, "Rank-10": 96.26821875572205}}
{"event": "epoch", "dataset": "RGBNT100", "recipe": "metric_raw", "epoch": 31, "steps": 131, "mean_loss": 0.7106540517042611, "seconds": 70.23833941799239, "official_fused": {"mAP": 74.36084631038612, "Rank-1": 94.51894760131836, "Rank-5": 95.5102026462555, "Rank-10": 95.91836929321289}}
{"event": "epoch", "dataset": "RGBNT100", "recipe": "metric_raw", "epoch": 32, "steps": 131, "mean_loss": 0.7105113295198396, "seconds": 68.67570699000498, "official_fused": {"mAP": 74.55553682103374, "Rank-1": 94.98542547225952, "Rank-5": 95.91836929321289, "Rank-10": 96.26821875572205}}
{"event": "epoch", "dataset": "RGBNT100", "recipe": "metric_raw", "epoch": 33, "steps": 131, "mean_loss": 0.7105070930400877, "seconds": 71.64922355202725, "official_fused": {"mAP": 75.06232587028899, "Rank-1": 94.92711424827576, "Rank-5": 95.86005806922913, "Rank-10": 96.151602268219}}
{"event": "epoch", "dataset": "RGBNT100", "recipe": "metric_raw", "epoch": 34, "steps": 132, "mean_loss": 0.710603266954422, "seconds": 72.89735241100425, "official_fused": {"mAP": 74.66855568697042, "Rank-1": 95.04373073577881, "Rank-5": 95.5102026462555, "Rank-10": 95.80174684524536}}
{"event": "epoch", "dataset": "RGBNT100", "recipe": "metric_raw", "epoch": 35, "steps": 132, "mean_loss": 0.7101019571224848, "seconds": 68.9892700019991, "official_fused": {"mAP": 74.91570966090735, "Rank-1": 95.10204195976257, "Rank-5": 95.62682509422302, "Rank-10": 95.97667455673218}}
{"event": "epoch", "dataset": "RGBNT100", "recipe": "metric_raw", "epoch": 36, "steps": 130, "mean_loss": 0.7099570223918328, "seconds": 68.67455213499488, "official_fused": {"mAP": 74.90931702649063, "Rank-1": 94.69387531280518, "Rank-5": 95.16034722328186, "Rank-10": 95.56851387023926}}
{"event": "epoch", "dataset": "RGBNT100", "recipe": "metric_raw", "epoch": 37, "steps": 131, "mean_loss": 0.7097024148657122, "seconds": 70.13828349698451, "official_fused": {"mAP": 74.98404475287111, "Rank-1": 94.57725882530212, "Rank-5": 95.16034722328186, "Rank-10": 95.56851387023926}}
{"event": "epoch", "dataset": "RGBNT100", "recipe": "metric_raw", "epoch": 38, "steps": 132, "mean_loss": 0.7095716631773746, "seconds": 69.77765255302074, "official_fused": {"mAP": 75.07832569653372, "Rank-1": 94.75218653678894, "Rank-5": 95.33527493476868, "Rank-10": 95.62682509422302}}
{"event": "epoch", "dataset": "RGBNT100", "recipe": "metric_raw", "epoch": 39, "steps": 130, "mean_loss": 0.7095119545092949, "seconds": 69.00553488600417, "official_fused": {"mAP": 75.30322555859095, "Rank-1": 94.8104977607727, "Rank-5": 95.56851387023926, "Rank-10": 95.86005806922913}}
{"event": "epoch", "dataset": "RGBNT100", "recipe": "metric_raw", "epoch": 40, "steps": 131, "mean_loss": 0.7094032573335953, "seconds": 69.86325542299892, "official_fused": {"mAP": 75.14711870272255, "Rank-1": 94.63557004928589, "Rank-5": 95.4518973827362, "Rank-10": 95.91836929321289}}
{"event": "epoch", "dataset": "RGBNT100", "recipe": "metric_raw", "epoch": 41, "steps": 131, "mean_loss": 0.7092933272587434, "seconds": 69.13304764899658, "official_fused": {"mAP": 75.21507863944164, "Rank-1": 94.57725882530212, "Rank-5": 95.39358615875244, "Rank-10": 95.80174684524536}}
{"event": "epoch", "dataset": "RGBNT100", "recipe": "metric_raw", "epoch": 42, "steps": 132, "mean_loss": 0.7092377146085104, "seconds": 69.50193982201745, "official_fused": {"mAP": 75.13079105154183, "Rank-1": 94.8104977607727, "Rank-5": 95.39358615875244, "Rank-10": 95.80174684524536}}
{"event": "epoch", "dataset": "RGBNT100", "recipe": "metric_raw", "epoch": 43, "steps": 131, "mean_loss": 0.7091445308605223, "seconds": 70.27761461399496, "official_fused": {"mAP": 75.24051320529331, "Rank-1": 94.63557004928589, "Rank-5": 95.33527493476868, "Rank-10": 96.03498578071594}}
{"event": "epoch", "dataset": "RGBNT100", "recipe": "metric_raw", "epoch": 44, "steps": 131, "mean_loss": 0.7090521140862968, "seconds": 75.9802535790077, "official_fused": {"mAP": 75.31855178703314, "Rank-1": 94.75218653678894, "Rank-5": 95.56851387023926, "Rank-10": 95.97667455673218}}
{"event": "epoch", "dataset": "RGBNT100", "recipe": "metric_raw", "epoch": 45, "steps": 132, "mean_loss": 0.7090906040234999, "seconds": 78.33528727400699, "official_fused": {"mAP": 75.38576034482996, "Rank-1": 94.46064233779907, "Rank-5": 95.33527493476868, "Rank-10": 95.97667455673218}}
{"event": "epoch", "dataset": "RGBNT100", "recipe": "metric_raw", "epoch": 46, "steps": 132, "mean_loss": 0.7090017055020188, "seconds": 80.17446673300583, "official_fused": {"mAP": 75.36310578530609, "Rank-1": 94.69387531280518, "Rank-5": 95.33527493476868, "Rank-10": 96.03498578071594}}
{"event": "epoch", "dataset": "RGBNT100", "recipe": "metric_raw", "epoch": 47, "steps": 131, "mean_loss": 0.7090167935567958, "seconds": 79.52719942398835, "official_fused": {"mAP": 75.45031606381254, "Rank-1": 94.63557004928589, "Rank-5": 95.5102026462555, "Rank-10": 95.86005806922913}}
{"event": "epoch", "dataset": "RGBNT100", "recipe": "metric_raw", "epoch": 48, "steps": 130, "mean_loss": 0.7090517608019021, "seconds": 78.95266639799229, "official_fused": {"mAP": 75.45198460760588, "Rank-1": 94.75218653678894, "Rank-5": 95.5102026462555, "Rank-10": 95.86005806922913}}
{"event": "epoch", "dataset": "RGBNT100", "recipe": "metric_raw", "epoch": 49, "steps": 132, "mean_loss": 0.7089835400834228, "seconds": 79.49378538399469, "official_fused": {"mAP": 75.43041725118152, "Rank-1": 94.63557004928589, "Rank-5": 95.4518973827362, "Rank-10": 95.80174684524536}}
{"event": "epoch", "dataset": "RGBNT100", "recipe": "metric_raw", "epoch": 50, "steps": 130, "mean_loss": 0.7089821655016679, "seconds": 79.55033317598281, "official_fused": {"mAP": 75.42953460838974, "Rank-1": 94.63557004928589, "Rank-5": 95.4518973827362, "Rank-10": 95.80174684524536}}
