/data/gaob/Re-ID/conda-envs/tri_reid/lib/python3.10/site-packages/timm/models/helpers.py:7: FutureWarning: Importing from timm.models.helpers is deprecated, please import via timm.models
  warnings.warn(f"Importing from {__name__} is deprecated, please import via timm.models", FutureWarning)
/data/gaob/Re-ID/conda-envs/tri_reid/lib/python3.10/site-packages/timm/models/registry.py:4: FutureWarning: Importing from timm.models.registry is deprecated, please import via timm.models
  warnings.warn(f"Importing from {__name__} is deprecated, please import via timm.models", FutureWarning)
/data/gaob/Re-ID/conda-envs/tri_reid/lib/python3.10/site-packages/timm/models/layers/__init__.py:48: FutureWarning: Importing from timm.models.layers is deprecated, please import via timm.layers
  warnings.warn(f"Importing from {__name__} is deprecated, please import via timm.layers", FutureWarning)
建立transformer............
using Transformer_type: ViT-B-16 as a backbone
Resized position embedding: %s to %s torch.Size([197, 768]) torch.Size([129, 768])
Position embedding resize to height:16 width: 8
Successfully load ckpt!
<All keys matched successfully>
Loading pretrained model from CLIP
camera number is : 4
===========Building Signal===========
using soft triplet loss for training
label smooth on, numclasses: 171
{"event": "epoch", "dataset": "RGBNT201", "recipe": "native", "epoch": 1, "steps": 53, "mean_loss": 4.12866710266977, "seconds": 33.61828344303649, "official_fused": {"mAP": 29.432939414502794, "Rank-1": 28.588515520095825, "Rank-5": 45.69377899169922, "Rank-10": 55.62201142311096}}
{"event": "epoch", "dataset": "RGBNT201", "recipe": "native", "epoch": 2, "steps": 53, "mean_loss": 3.2345257615143397, "seconds": 32.910402650013566, "official_fused": {"mAP": 52.49829404527597, "Rank-1": 52.03348994255066, "Rank-5": 63.755983114242554, "Rank-10": 70.69377899169922}}
{"event": "epoch", "dataset": "RGBNT201", "recipe": "native", "epoch": 3, "steps": 53, "mean_loss": 2.3528513301093623, "seconds": 33.09108711499721, "official_fused": {"mAP": 71.5242342477314, "Rank-1": 77.63158082962036, "Rank-5": 88.39712738990784, "Rank-10": 91.26794338226318}}
{"event": "epoch", "dataset": "RGBNT201", "recipe": "native", "epoch": 4, "steps": 53, "mean_loss": 1.7419829436068266, "seconds": 31.97464376100106, "official_fused": {"mAP": 71.00675000040489, "Rank-1": 73.80383014678955, "Rank-5": 84.21052694320679, "Rank-10": 88.75598311424255}}
{"event": "epoch", "dataset": "RGBNT201", "recipe": "native", "epoch": 5, "steps": 53, "mean_loss": 1.3363824273055454, "seconds": 31.785933134960942, "official_fused": {"mAP": 66.40950069147335, "Rank-1": 69.0191388130188, "Rank-5": 81.33971095085144, "Rank-10": 86.24401688575745}}
{"event": "epoch", "dataset": "RGBNT201", "recipe": "native", "epoch": 6, "steps": 53, "mean_loss": 0.8251251240946212, "seconds": 31.932138537988067, "official_fused": {"mAP": 68.00375275232373, "Rank-1": 72.72727489471436, "Rank-5": 81.69856667518616, "Rank-10": 89.1148328781128}}
{"event": "epoch", "dataset": "RGBNT201", "recipe": "native", "epoch": 7, "steps": 53, "mean_loss": 0.5954791734803397, "seconds": 31.957234787987545, "official_fused": {"mAP": 73.82737938044953, "Rank-1": 77.9904305934906, "Rank-5": 88.0382776260376, "Rank-10": 91.98564887046814}}
{"event": "epoch", "dataset": "RGBNT201", "recipe": "native", "epoch": 8, "steps": 53, "mean_loss": 0.5543427827223292, "seconds": 32.246795778977685, "official_fused": {"mAP": 74.39491438122786, "Rank-1": 78.58851552009583, "Rank-5": 88.51674795150757, "Rank-10": 91.86602830886841}}
{"event": "epoch", "dataset": "RGBNT201", "recipe": "native", "epoch": 9, "steps": 53, "mean_loss": 0.5149359877379436, "seconds": 32.18201923300512, "official_fused": {"mAP": 73.08204050487366, "Rank-1": 76.67464017868042, "Rank-5": 86.72248721122742, "Rank-10": 90.55023789405823}}
{"event": "epoch", "dataset": "RGBNT201", "recipe": "native", "epoch": 10, "steps": 53, "mean_loss": 0.5083874334704201, "seconds": 31.989118963014334, "official_fused": {"mAP": 72.84315191460765, "Rank-1": 75.95694065093994, "Rank-5": 86.12440228462219, "Rank-10": 90.31100273132324}}
{"event": "epoch", "dataset": "RGBNT201", "recipe": "native", "epoch": 11, "steps": 53, "mean_loss": 0.5008067961009044, "seconds": 32.209218101983424, "official_fused": {"mAP": 72.36445680832509, "Rank-1": 75.11961460113525, "Rank-5": 85.76555252075195, "Rank-10": 90.43062329292297}}
{"event": "epoch", "dataset": "RGBNT201", "recipe": "native", "epoch": 12, "steps": 53, "mean_loss": 0.5147070041242635, "seconds": 32.043062518001534, "official_fused": {"mAP": 73.21219777980794, "Rank-1": 77.39234566688538, "Rank-5": 86.9617223739624, "Rank-10": 91.38755798339844}}
{"event": "epoch", "dataset": "RGBNT201", "recipe": "native", "epoch": 13, "steps": 53, "mean_loss": 0.4952378267387174, "seconds": 31.736894527974073, "official_fused": {"mAP": 73.06479212331134, "Rank-1": 76.19616985321045, "Rank-5": 86.24401688575745, "Rank-10": 91.14832282066345}}
{"event": "epoch", "dataset": "RGBNT201", "recipe": "native", "epoch": 14, "steps": 53, "mean_loss": 0.49570752764647863, "seconds": 32.04226011800347, "official_fused": {"mAP": 70.80404495572256, "Rank-1": 74.04305934906006, "Rank-5": 84.44976210594177, "Rank-10": 89.47368264198303}}
{"event": "epoch", "dataset": "RGBNT201", "recipe": "native", "epoch": 15, "steps": 53, "mean_loss": 0.4842327332721566, "seconds": 31.942628181015607, "official_fused": {"mAP": 71.16909814902557, "Rank-1": 73.80383014678955, "Rank-5": 84.92823243141174, "Rank-10": 89.83253836631775}}
{"event": "epoch", "dataset": "RGBNT201", "recipe": "native", "epoch": 16, "steps": 53, "mean_loss": 0.4915990840713933, "seconds": 32.506728728010785, "official_fused": {"mAP": 70.93270151245798, "Rank-1": 72.72727489471436, "Rank-5": 83.25358629226685, "Rank-10": 88.87559771537781}}
{"event": "epoch", "dataset": "RGBNT201", "recipe": "native", "epoch": 17, "steps": 53, "mean_loss": 0.47819553681139676, "seconds": 32.01517040503677, "official_fused": {"mAP": 72.47299651167793, "Rank-1": 74.64115023612976, "Rank-5": 84.68899726867676, "Rank-10": 90.19138813018799}}
{"event": "epoch", "dataset": "RGBNT201", "recipe": "native", "epoch": 18, "steps": 53, "mean_loss": 0.473554050585009, "seconds": 31.949898298014887, "official_fused": {"mAP": 73.62404151769177, "Rank-1": 76.19616985321045, "Rank-5": 86.00478172302246, "Rank-10": 90.31100273132324}}
{"event": "epoch", "dataset": "RGBNT201", "recipe": "native", "epoch": 19, "steps": 53, "mean_loss": 0.49902344930846737, "seconds": 32.00786341005005, "official_fused": {"mAP": 73.0002547509127, "Rank-1": 76.79426074028015, "Rank-5": 85.76555252075195, "Rank-10": 91.38755798339844}}
{"event": "epoch", "dataset": "RGBNT201", "recipe": "native", "epoch": 20, "steps": 53, "mean_loss": 0.4792711925956438, "seconds": 32.339998204028234, "official_fused": {"mAP": 73.62047691729244, "Rank-1": 75.47847032546997, "Rank-5": 85.76555252075195, "Rank-10": 90.66985845565796}}
{"event": "epoch", "dataset": "RGBNT201", "recipe": "native", "epoch": 21, "steps": 53, "mean_loss": 0.47574430254270444, "seconds": 32.21552291297121, "official_fused": {"mAP": 73.04675962279337, "Rank-1": 76.0765552520752, "Rank-5": 85.76555252075195, "Rank-10": 90.19138813018799}}
{"event": "epoch", "dataset": "RGBNT201", "recipe": "native", "epoch": 22, "steps": 53, "mean_loss": 0.47218306559436724, "seconds": 32.09459637699183, "official_fused": {"mAP": 71.40777104158322, "Rank-1": 72.60765433311462, "Rank-5": 83.01435112953186, "Rank-10": 87.67942786216736}}
{"event": "epoch", "dataset": "RGBNT201", "recipe": "native", "epoch": 23, "steps": 53, "mean_loss": 0.4787175233634013, "seconds": 32.13600890501402, "official_fused": {"mAP": 69.73648480158435, "Rank-1": 72.0095694065094, "Rank-5": 80.86124658584595, "Rank-10": 86.24401688575745}}
{"event": "epoch", "dataset": "RGBNT201", "recipe": "native", "epoch": 24, "steps": 53, "mean_loss": 0.4690189350326106, "seconds": 32.69638457300607, "official_fused": {"mAP": 70.0582865132332, "Rank-1": 72.0095694065094, "Rank-5": 82.17703104019165, "Rank-10": 87.08133697509766}}
{"event": "epoch", "dataset": "RGBNT201", "recipe": "native", "epoch": 25, "steps": 53, "mean_loss": 0.4664739679615453, "seconds": 31.966938595985994, "official_fused": {"mAP": 71.70631828558187, "Rank-1": 74.16267991065979, "Rank-5": 83.85167717933655, "Rank-10": 89.83253836631775}}
{"event": "epoch", "dataset": "RGBNT201", "recipe": "native", "epoch": 26, "steps": 53, "mean_loss": 0.46327108650837306, "seconds": 32.137159961042926, "official_fused": {"mAP": 72.14441515988075, "Rank-1": 74.52152967453003, "Rank-5": 84.21052694320679, "Rank-10": 90.07176756858826}}
{"event": "epoch", "dataset": "RGBNT201", "recipe": "native", "epoch": 27, "steps": 53, "mean_loss": 0.4594451740102948, "seconds": 31.96253581100609, "official_fused": {"mAP": 72.45353818842933, "Rank-1": 74.52152967453003, "Rank-5": 84.68899726867676, "Rank-10": 90.19138813018799}}
{"event": "epoch", "dataset": "RGBNT201", "recipe": "native", "epoch": 28, "steps": 53, "mean_loss": 0.4593378907104708, "seconds": 32.15682601201115, "official_fused": {"mAP": 72.20063556645859, "Rank-1": 73.9234447479248, "Rank-5": 84.09090638160706, "Rank-10": 89.35406804084778}}
{"event": "epoch", "dataset": "RGBNT201", "recipe": "native", "epoch": 29, "steps": 53, "mean_loss": 0.4591315624848852, "seconds": 31.810731465986464, "official_fused": {"mAP": 72.52545836078275, "Rank-1": 75.0, "Rank-5": 83.37320685386658, "Rank-10": 88.87559771537781}}
{"event": "epoch", "dataset": "RGBNT201", "recipe": "native", "epoch": 30, "steps": 53, "mean_loss": 0.4613953840057805, "seconds": 31.874443914042786, "official_fused": {"mAP": 72.27708974446273, "Rank-1": 74.40191507339478, "Rank-5": 83.85167717933655, "Rank-10": 89.35406804084778}}
{"event": "epoch", "dataset": "RGBNT201", "recipe": "native", "epoch": 31, "steps": 53, "mean_loss": 0.4571977527636402, "seconds": 32.13394383498235, "official_fused": {"mAP": 72.1389033251749, "Rank-1": 74.28229451179504, "Rank-5": 83.37320685386658, "Rank-10": 89.23444747924805}}
{"event": "epoch", "dataset": "RGBNT201", "recipe": "native", "epoch": 32, "steps": 53, "mean_loss": 0.45815553642668816, "seconds": 33.07076498802053, "official_fused": {"mAP": 71.08634712504254, "Rank-1": 72.60765433311462, "Rank-5": 83.37320685386658, "Rank-10": 88.87559771537781}}
{"event": "epoch", "dataset": "RGBNT201", "recipe": "native", "epoch": 33, "steps": 53, "mean_loss": 0.45644110834823465, "seconds": 32.31550154200522, "official_fused": {"mAP": 71.6414445435947, "Rank-1": 73.32535982131958, "Rank-5": 84.56937670707703, "Rank-10": 89.71291780471802}}
{"event": "epoch", "dataset": "RGBNT201", "recipe": "native", "epoch": 34, "steps": 53, "mean_loss": 0.45508989298118735, "seconds": 31.934974375995807, "official_fused": {"mAP": 71.30988932578913, "Rank-1": 73.56459498405457, "Rank-5": 84.09090638160706, "Rank-10": 89.71291780471802}}
{"event": "epoch", "dataset": "RGBNT201", "recipe": "native", "epoch": 35, "steps": 53, "mean_loss": 0.4547564685344696, "seconds": 32.320138062001206, "official_fused": {"mAP": 71.27034035804246, "Rank-1": 73.20573925971985, "Rank-5": 84.21052694320679, "Rank-10": 89.47368264198303}}
{"event": "epoch", "dataset": "RGBNT201", "recipe": "native", "epoch": 36, "steps": 53, "mean_loss": 0.4529097726884878, "seconds": 32.2145639579976, "official_fused": {"mAP": 71.42265464715969, "Rank-1": 73.32535982131958, "Rank-5": 84.44976210594177, "Rank-10": 89.47368264198303}}
{"event": "epoch", "dataset": "RGBNT201", "recipe": "native", "epoch": 37, "steps": 53, "mean_loss": 0.45790012208920605, "seconds": 31.868956596008502, "official_fused": {"mAP": 71.7745937988826, "Rank-1": 75.0, "Rank-5": 85.8851671218872, "Rank-10": 89.47368264198303}}
{"event": "epoch", "dataset": "RGBNT201", "recipe": "native", "epoch": 38, "steps": 53, "mean_loss": 0.45775396868867696, "seconds": 32.318311898969114, "official_fused": {"mAP": 71.84855126774082, "Rank-1": 75.35884976387024, "Rank-5": 85.40669679641724, "Rank-10": 89.83253836631775}}
{"event": "epoch", "dataset": "RGBNT201", "recipe": "native", "epoch": 39, "steps": 53, "mean_loss": 0.45394251537772845, "seconds": 32.047878053970635, "official_fused": {"mAP": 71.63000582945395, "Rank-1": 75.11961460113525, "Rank-5": 84.56937670707703, "Rank-10": 89.83253836631775}}
{"event": "epoch", "dataset": "RGBNT201", "recipe": "native", "epoch": 40, "steps": 53, "mean_loss": 0.4531164248034639, "seconds": 32.42619900399586, "official_fused": {"mAP": 71.51155008844421, "Rank-1": 74.76076483726501, "Rank-5": 84.21052694320679, "Rank-10": 89.83253836631775}}
{"event": "epoch", "dataset": "RGBNT201", "recipe": "native", "epoch": 41, "steps": 53, "mean_loss": 0.4560682700490052, "seconds": 32.25960720801959, "official_fused": {"mAP": 71.0464772275899, "Rank-1": 73.80383014678955, "Rank-5": 83.85167717933655, "Rank-10": 90.07176756858826}}
{"event": "epoch", "dataset": "RGBNT201", "recipe": "native", "epoch": 42, "steps": 53, "mean_loss": 0.45316779557264075, "seconds": 32.03317211900139, "official_fused": {"mAP": 71.30770165372533, "Rank-1": 73.80383014678955, "Rank-5": 84.09090638160706, "Rank-10": 90.31100273132324}}
{"event": "epoch", "dataset": "RGBNT201", "recipe": "native", "epoch": 43, "steps": 53, "mean_loss": 0.4542997434454144, "seconds": 32.028419105976354, "official_fused": {"mAP": 71.61656104211704, "Rank-1": 74.40191507339478, "Rank-5": 84.68899726867676, "Rank-10": 89.952152967453}}
{"event": "epoch", "dataset": "RGBNT201", "recipe": "native", "epoch": 44, "steps": 53, "mean_loss": 0.4541987023263607, "seconds": 31.910637912980746, "official_fused": {"mAP": 71.6265801511485, "Rank-1": 74.16267991065979, "Rank-5": 84.21052694320679, "Rank-10": 89.952152967453}}
{"event": "epoch", "dataset": "RGBNT201", "recipe": "native", "epoch": 45, "steps": 53, "mean_loss": 0.45255500809201654, "seconds": 32.07073726702947, "official_fused": {"mAP": 71.52786143307472, "Rank-1": 74.16267991065979, "Rank-5": 84.44976210594177, "Rank-10": 89.952152967453}}
{"event": "epoch", "dataset": "RGBNT201", "recipe": "native", "epoch": 46, "steps": 52, "mean_loss": 0.4536548824264453, "seconds": 32.30964113899972, "official_fused": {"mAP": 71.42584923338497, "Rank-1": 74.16267991065979, "Rank-5": 83.85167717933655, "Rank-10": 90.07176756858826}}
{"event": "epoch", "dataset": "RGBNT201", "recipe": "native", "epoch": 47, "steps": 53, "mean_loss": 0.4517196714878082, "seconds": 32.51297565695131, "official_fused": {"mAP": 71.45091135130056, "Rank-1": 74.04305934906006, "Rank-5": 84.09090638160706, "Rank-10": 90.31100273132324}}
{"event": "epoch", "dataset": "RGBNT201", "recipe": "native", "epoch": 48, "steps": 53, "mean_loss": 0.4533044099807739, "seconds": 32.48569228296401, "official_fused": {"mAP": 71.55666771781108, "Rank-1": 74.04305934906006, "Rank-5": 84.33014154434204, "Rank-10": 89.952152967453}}
{"event": "epoch", "dataset": "RGBNT201", "recipe": "native", "epoch": 49, "steps": 53, "mean_loss": 0.4527033162566851, "seconds": 32.1747283389559, "official_fused": {"mAP": 71.63433376095446, "Rank-1": 74.04305934906006, "Rank-5": 84.44976210594177, "Rank-10": 89.83253836631775}}
{"event": "epoch", "dataset": "RGBNT201", "recipe": "native", "epoch": 50, "steps": 53, "mean_loss": 0.45172722159691575, "seconds": 31.994665906007867, "official_fused": {"mAP": 71.45942241775302, "Rank-1": 73.80383014678955, "Rank-5": 84.33014154434204, "Rank-10": 89.71291780471802}}
