/root/miniconda3/envs/tri_reid/lib/python3.10/site-packages/timm/models/helpers.py:7: FutureWarning: Importing from timm.models.helpers is deprecated, please import via timm.models
  warnings.warn(f"Importing from {__name__} is deprecated, please import via timm.models", FutureWarning)
/root/miniconda3/envs/tri_reid/lib/python3.10/site-packages/timm/models/registry.py:4: FutureWarning: Importing from timm.models.registry is deprecated, please import via timm.models
  warnings.warn(f"Importing from {__name__} is deprecated, please import via timm.models", FutureWarning)
/root/miniconda3/envs/tri_reid/lib/python3.10/site-packages/timm/models/layers/__init__.py:48: FutureWarning: Importing from timm.models.layers is deprecated, please import via timm.layers
  warnings.warn(f"Importing from {__name__} is deprecated, please import via timm.layers", FutureWarning)
建立transformer............
using Transformer_type: ViT-B-16 as a backbone
Resized position embedding: %s to %s torch.Size([197, 768]) torch.Size([129, 768])
Position embedding resize to height:8 width: 16
Successfully load ckpt!
<All keys matched successfully>
Loading pretrained model from CLIP
camera number is : 8
===========Building Signal===========
using soft triplet loss for training
label smooth on, numclasses: 50
{"event": "signal_source_epoch", "epoch": 1, "optimizer_steps": 130, "mean_loss": 6.734105792412391, "learning_rates": [2.0041138350963593e-05, 6.891338801383971e-05, 0.00011813723659515383], "elapsed_seconds": 68.91378224082291}
{"event": "signal_source_epoch", "epoch": 2, "optimizer_steps": 131, "mean_loss": 3.568932378565082, "learning_rates": [4.659358115494252e-05, 0.0003409802984520793, 0.0006374849058017135], "elapsed_seconds": 66.5450491681695}
{"event": "signal_source_epoch", "epoch": 3, "optimizer_steps": 132, "mean_loss": 1.465971832925623, "learning_rates": [3.196644851937891e-05, 0.0004619667398929596, 0.0008950605585426092], "elapsed_seconds": 67.73081659339368}
{"event": "signal_source_epoch", "epoch": 4, "optimizer_steps": 131, "mean_loss": 0.9925500159045212, "learning_rates": [1.5627173066139224e-05, 0.0004983331855535507, 0.000984511903166771], "elapsed_seconds": 66.73205624520779}
{"event": "signal_source_epoch", "epoch": 5, "optimizer_steps": 132, "mean_loss": 0.905966247121493, "learning_rates": [7.424527679650564e-06, 0.0010291638139157486, 0.002058253742498869], "elapsed_seconds": 67.80804173275828}
{"event": "signal_source_epoch", "epoch": 6, "optimizer_steps": 131, "mean_loss": 0.8716599013059194, "learning_rates": [6.969260153469668e-06, 0.0009615869869936229, 0.001923072467264281], "elapsed_seconds": 67.2427672110498}
{"event": "signal_source_epoch", "epoch": 7, "optimizer_steps": 132, "mean_loss": 0.858220720832998, "learning_rates": [4.7069069297323386e-06, 0.0006457428953982538, 0.0012913906535679878], "elapsed_seconds": 68.01059808768332}
{"event": "signal_source_epoch", "epoch": 8, "optimizer_steps": 131, "mean_loss": 0.8434530514797182, "learning_rates": [6.272085127262627e-06, 0.0008545504941284028, 0.001708931625496458], "elapsed_seconds": 65.7401032410562}
{"event": "signal_source_epoch", "epoch": 9, "optimizer_steps": 130, "mean_loss": 0.8340154299369225, "learning_rates": [5.3920834789780435e-06, 0.0007286055772434898, 0.0014570220457832859], "elapsed_seconds": 66.10942121222615}
{"event": "signal_source_epoch", "epoch": 10, "optimizer_steps": 132, "mean_loss": 0.8271107493024884, "learning_rates": [3.353742987662554e-06, 0.00044873935631737114, 0.0008973291826926172], "elapsed_seconds": 67.36968520656228}
{"event": "signal_source_epoch", "epoch": 11, "optimizer_steps": 131, "mean_loss": 0.824473146718877, "learning_rates": [3.0770958840865782e-06, 0.0004069479853820942, 0.0008137244208477133], "elapsed_seconds": 65.11584318242967}
{"event": "signal_source_epoch", "epoch": 12, "optimizer_steps": 131, "mean_loss": 0.8197672658294212, "learning_rates": [1.827534976909976e-06, 0.00023837389238051142, 0.0004766220221395344], "elapsed_seconds": 67.43505190312862}
{"event": "signal_source_epoch", "epoch": 13, "optimizer_steps": 131, "mean_loss": 0.819131770661769, "learning_rates": [1.6033965283787672e-06, 0.0002057351895578977, 0.0004113355566379886], "elapsed_seconds": 66.70087271369994}
{"event": "signal_source_epoch", "epoch": 14, "optimizer_steps": 132, "mean_loss": 0.8180927313638456, "learning_rates": [2.95516923399655e-06, 0.00037185309829442024, 0.0007434049692905304], "elapsed_seconds": 67.69729699194431}
{"event": "signal_source_epoch", "epoch": 15, "optimizer_steps": 129, "mean_loss": 0.814868011677912, "learning_rates": [3.2621134512126453e-06, 0.00040101103425696505, 0.0008016214580900969], "elapsed_seconds": 66.32078724168241}
{"event": "signal_source_epoch", "epoch": 16, "optimizer_steps": 131, "mean_loss": 0.8122208850984355, "learning_rates": [2.538979328282788e-06, 0.0003034879132190253, 0.0006066019473535861], "elapsed_seconds": 66.93847436830401}
{"event": "signal_source_epoch", "epoch": 17, "optimizer_steps": 132, "mean_loss": 0.810105377074444, "learning_rates": [3.3719737064199134e-06, 0.0003896150013374172, 0.0007786367557859036], "elapsed_seconds": 67.26762313209474}
{"event": "signal_source_epoch", "epoch": 18, "optimizer_steps": 132, "mean_loss": 0.8076567631779294, "learning_rates": [3.0304859454458097e-06, 0.00033596674269149195, 0.0006712982243062146], "elapsed_seconds": 66.41162918135524}
{"event": "signal_source_epoch", "epoch": 19, "optimizer_steps": 132, "mean_loss": 0.8064777462771444, "learning_rates": [1.805482386271471e-06, 0.00019022027232425522, 0.00037999056434812376], "elapsed_seconds": 68.51624386757612}
{"event": "signal_source_epoch", "epoch": 20, "optimizer_steps": 132, "mean_loss": 0.8056255669304819, "learning_rates": [2.227678525447846e-06, 0.0002202891679883004, 0.0004399194451451304], "elapsed_seconds": 67.19750259816647}
{"event": "signal_source_epoch", "epoch": 21, "optimizer_steps": 131, "mean_loss": 0.8038749676624327, "learning_rates": [1.929882939644609e-06, 0.00017620462986985756, 0.0003517331519578419], "elapsed_seconds": 67.34871220774949}
{"event": "signal_source_epoch", "epoch": 22, "optimizer_steps": 132, "mean_loss": 0.8030247873429096, "learning_rates": [2.31897659414557e-06, 0.00019123427784573132, 0.0003815086819840191], "elapsed_seconds": 67.34019179083407}
{"event": "signal_source_epoch", "epoch": 23, "optimizer_steps": 131, "mean_loss": 0.8032919791818575, "learning_rates": [1.4892137288860595e-06, 0.00010763751883147789, 0.00021454948080531139], "elapsed_seconds": 66.79129210300744}
{"event": "signal_source_epoch", "epoch": 24, "optimizer_steps": 130, "mean_loss": 0.8017845231753129, "learning_rates": [8.66531393600401e-07, 5.264758712916336e-05, 0.00010480116844555769], "elapsed_seconds": 65.98192298598588}
{"event": "signal_source_epoch", "epoch": 25, "optimizer_steps": 132, "mean_loss": 0.8009288198117054, "learning_rates": [8.697449015824397e-07, 4.18516614595542e-05, 8.31284119495977e-05], "elapsed_seconds": 67.79670288786292}
{"event": "signal_source_epoch", "epoch": 26, "optimizer_steps": 131, "mean_loss": 0.801766085260697, "learning_rates": [1.4480633602502445e-06, 5.055655933229444e-05, 0.00010001835383651164], "elapsed_seconds": 66.96830326318741}
{"event": "signal_source_epoch", "epoch": 27, "optimizer_steps": 131, "mean_loss": 0.8004162543602572, "learning_rates": [3.817664052908767e-07, 8.445353174844887e-06, 1.65669513600072e-05], "elapsed_seconds": 66.3395543769002}
{"event": "signal_source_epoch", "epoch": 28, "optimizer_steps": 130, "mean_loss": 0.8005160038287823, "learning_rates": [8.972286476534628e-07, 1.0018314594070298e-05, 1.920501986384265e-05], "elapsed_seconds": 66.65404038317502}
{"event": "signal_source_epoch", "epoch": 29, "optimizer_steps": 131, "mean_loss": 0.7996531975178318, "learning_rates": [1.138591969567617e-06, 4.18374227402415e-06, 7.250800134627851e-06], "elapsed_seconds": 67.38071213290095}
{"event": "signal_source_epoch", "epoch": 30, "optimizer_steps": 132, "mean_loss": 0.7987275651910088, "learning_rates": [7e-07], "elapsed_seconds": 67.78979847580194}
建立transformer............
using Transformer_type: ViT-B-16 as a backbone
Resized position embedding: %s to %s torch.Size([197, 768]) torch.Size([129, 768])
Position embedding resize to height:8 width: 16
Successfully load ckpt!
<All keys matched successfully>
Loading pretrained model from CLIP
camera number is : 8
===========Building Signal===========
{"status": "COMPLETE_FULL50_SIGNAL_FIXED_EPOCH30", "optimizer_steps": 3936, "checkpoint_sha256": "f173efd1eb43193b4012b6165be451161b31163684a65759bfdaa7085b240bee", "official_model_record_forwards": 0, "elapsed_seconds": 2033.8046663440764}
