/root/miniconda3/envs/tri_reid/lib/python3.10/site-packages/timm/models/helpers.py:7: FutureWarning: Importing from timm.models.helpers is deprecated, please import via timm.models
  warnings.warn(f"Importing from {__name__} is deprecated, please import via timm.models", FutureWarning)
/root/miniconda3/envs/tri_reid/lib/python3.10/site-packages/timm/models/registry.py:4: FutureWarning: Importing from timm.models.registry is deprecated, please import via timm.models
  warnings.warn(f"Importing from {__name__} is deprecated, please import via timm.models", FutureWarning)
/root/miniconda3/envs/tri_reid/lib/python3.10/site-packages/timm/models/layers/__init__.py:48: FutureWarning: Importing from timm.models.layers is deprecated, please import via timm.layers
  warnings.warn(f"Importing from {__name__} is deprecated, please import via timm.layers", FutureWarning)
建立transformer............
using Transformer_type: ViT-B-16 as a backbone
Resized position embedding: %s to %s torch.Size([197, 768]) torch.Size([129, 768])
Position embedding resize to height:8 width: 16
Successfully load ckpt!
<All keys matched successfully>
Loading pretrained model from CLIP
camera number is : 8
===========Building Signal===========
{"event": "source_coverage_extracted", "condition": "fold_0_control_clean", "complete": 1, "elapsed_seconds": 13.030738970264792}
{"event": "source_coverage_extracted", "condition": "fold_0_control_augmented", "complete": 2, "elapsed_seconds": 11.691651636734605}
建立transformer............
using Transformer_type: ViT-B-16 as a backbone
Resized position embedding: %s to %s torch.Size([197, 768]) torch.Size([129, 768])
Position embedding resize to height:8 width: 16
Successfully load ckpt!
<All keys matched successfully>
Loading pretrained model from CLIP
camera number is : 8
===========Building Signal===========
{"event": "source_coverage_extracted", "condition": "fold_0_smooth_ap_clean", "complete": 3, "elapsed_seconds": 11.613815212622285}
{"event": "source_coverage_extracted", "condition": "fold_0_smooth_ap_augmented", "complete": 4, "elapsed_seconds": 11.995630487799644}
建立transformer............
using Transformer_type: ViT-B-16 as a backbone
Resized position embedding: %s to %s torch.Size([197, 768]) torch.Size([129, 768])
Position embedding resize to height:8 width: 16
Successfully load ckpt!
<All keys matched successfully>
Loading pretrained model from CLIP
camera number is : 8
===========Building Signal===========
{"event": "source_coverage_extracted", "condition": "fold_1_control_clean", "complete": 5, "elapsed_seconds": 11.837910892441869}
{"event": "source_coverage_extracted", "condition": "fold_1_control_augmented", "complete": 6, "elapsed_seconds": 11.568753888830543}
建立transformer............
using Transformer_type: ViT-B-16 as a backbone
Resized position embedding: %s to %s torch.Size([197, 768]) torch.Size([129, 768])
Position embedding resize to height:8 width: 16
Successfully load ckpt!
<All keys matched successfully>
Loading pretrained model from CLIP
camera number is : 8
===========Building Signal===========
{"event": "source_coverage_extracted", "condition": "fold_1_smooth_ap_clean", "complete": 7, "elapsed_seconds": 11.8680054936558}
{"event": "source_coverage_extracted", "condition": "fold_1_smooth_ap_augmented", "complete": 8, "elapsed_seconds": 11.859588442370296}
建立transformer............
using Transformer_type: ViT-B-16 as a backbone
Resized position embedding: %s to %s torch.Size([197, 768]) torch.Size([129, 768])
Position embedding resize to height:8 width: 16
Successfully load ckpt!
<All keys matched successfully>
Loading pretrained model from CLIP
camera number is : 8
===========Building Signal===========
{"event": "source_coverage_extracted", "condition": "fold_2_control_clean", "complete": 9, "elapsed_seconds": 11.79753670655191}
{"event": "source_coverage_extracted", "condition": "fold_2_control_augmented", "complete": 10, "elapsed_seconds": 12.600787922739983}
建立transformer............
using Transformer_type: ViT-B-16 as a backbone
Resized position embedding: %s to %s torch.Size([197, 768]) torch.Size([129, 768])
Position embedding resize to height:8 width: 16
Successfully load ckpt!
<All keys matched successfully>
Loading pretrained model from CLIP
camera number is : 8
===========Building Signal===========
{"event": "source_coverage_extracted", "condition": "fold_2_smooth_ap_clean", "complete": 11, "elapsed_seconds": 11.861947560682893}
{"event": "source_coverage_extracted", "condition": "fold_2_smooth_ap_augmented", "complete": 12, "elapsed_seconds": 12.298656301572919}
