/data/gaob/Re-ID/conda-envs/tri_reid/lib/python3.10/site-packages/timm/models/helpers.py:7: FutureWarning: Importing from timm.models.helpers is deprecated, please import via timm.models
  warnings.warn(f"Importing from {__name__} is deprecated, please import via timm.models", FutureWarning)
/data/gaob/Re-ID/conda-envs/tri_reid/lib/python3.10/site-packages/timm/models/registry.py:4: FutureWarning: Importing from timm.models.registry is deprecated, please import via timm.models
  warnings.warn(f"Importing from {__name__} is deprecated, please import via timm.models", FutureWarning)
/data/gaob/Re-ID/conda-envs/tri_reid/lib/python3.10/site-packages/timm/models/layers/__init__.py:48: FutureWarning: Importing from timm.models.layers is deprecated, please import via timm.layers
  warnings.warn(f"Importing from {__name__} is deprecated, please import via timm.layers", FutureWarning)
建立transformer............
using Transformer_type: ViT-B-16 as a backbone
Resized position embedding: %s to %s torch.Size([197, 768]) torch.Size([129, 768])
Position embedding resize to height:8 width: 16
Successfully load ckpt!
<All keys matched successfully>
Loading pretrained model from CLIP
camera number is : 8
===========Building Signal===========
{"event": "epoch", "dataset": "MSVR310", "recipe": "metric_raw", "epoch": 1, "steps": 20, "mean_loss": 7.029898071289063, "seconds": 12.057063915999606, "official_fused": {"mAP": 15.041647419185281, "Rank-1": 36.04061007499695, "Rank-5": 55.16074299812317, "Rank-10": 61.5905225276947}}
{"event": "epoch", "dataset": "MSVR310", "recipe": "metric_raw", "epoch": 2, "steps": 20, "mean_loss": 5.937263751029969, "seconds": 10.394618738006102, "official_fused": {"mAP": 21.730192307163744, "Rank-1": 43.824025988578796, "Rank-5": 63.79018425941467, "Rank-10": 71.74280881881714}}
{"event": "epoch", "dataset": "MSVR310", "recipe": "metric_raw", "epoch": 3, "steps": 20, "mean_loss": 5.378288674354553, "seconds": 10.613673439016566, "official_fused": {"mAP": 28.000169843669305, "Rank-1": 51.269036531448364, "Rank-5": 68.358713388443, "Rank-10": 76.48054361343384}}
{"event": "epoch", "dataset": "MSVR310", "recipe": "metric_raw", "epoch": 4, "steps": 20, "mean_loss": 4.759954190254211, "seconds": 10.353996189980535, "official_fused": {"mAP": 32.32309561887714, "Rank-1": 52.62267589569092, "Rank-5": 71.74280881881714, "Rank-10": 79.35702204704285}}
{"event": "epoch", "dataset": "MSVR310", "recipe": "metric_raw", "epoch": 5, "steps": 20, "mean_loss": 4.050372731685639, "seconds": 10.495064657006878, "official_fused": {"mAP": 37.04217303699268, "Rank-1": 57.36040472984314, "Rank-5": 73.77326488494873, "Rank-10": 80.54145574569702}}
{"event": "epoch", "dataset": "MSVR310", "recipe": "metric_raw", "epoch": 6, "steps": 20, "mean_loss": 3.3128771066665648, "seconds": 10.578542387025664, "official_fused": {"mAP": 41.73709572379085, "Rank-1": 60.913705825805664, "Rank-5": 78.51099967956543, "Rank-10": 84.6023678779602}}
{"event": "epoch", "dataset": "MSVR310", "recipe": "metric_raw", "epoch": 7, "steps": 20, "mean_loss": 2.727373456954956, "seconds": 10.472299666987965, "official_fused": {"mAP": 43.4042421046057, "Rank-1": 63.282573223114014, "Rank-5": 79.01861071586609, "Rank-10": 85.44839024543762}}
{"event": "epoch", "dataset": "MSVR310", "recipe": "metric_raw", "epoch": 8, "steps": 20, "mean_loss": 2.2383315324783326, "seconds": 10.620703518012306, "official_fused": {"mAP": 45.1820628321651, "Rank-1": 63.282573223114014, "Rank-5": 79.35702204704285, "Rank-10": 84.6023678779602}}
{"event": "epoch", "dataset": "MSVR310", "recipe": "metric_raw", "epoch": 9, "steps": 20, "mean_loss": 1.8267068266868591, "seconds": 10.617015244002687, "official_fused": {"mAP": 44.8823267796928, "Rank-1": 61.92893385887146, "Rank-5": 79.35702204704285, "Rank-10": 83.75634551048279}}
{"event": "epoch", "dataset": "MSVR310", "recipe": "metric_raw", "epoch": 10, "steps": 20, "mean_loss": 1.6012880504131317, "seconds": 10.504383040999528, "official_fused": {"mAP": 47.76594187528421, "Rank-1": 66.49746298789978, "Rank-5": 81.55668377876282, "Rank-10": 86.29441857337952}}
{"event": "epoch", "dataset": "MSVR310", "recipe": "metric_raw", "epoch": 11, "steps": 20, "mean_loss": 1.406750899553299, "seconds": 10.45436268800404, "official_fused": {"mAP": 47.674301862588734, "Rank-1": 65.14382362365723, "Rank-5": 82.06430077552795, "Rank-10": 86.29441857337952}}
{"event": "epoch", "dataset": "MSVR310", "recipe": "metric_raw", "epoch": 12, "steps": 20, "mean_loss": 1.3012247264385224, "seconds": 10.737020631000632, "official_fused": {"mAP": 49.19714119353047, "Rank-1": 67.3434853553772, "Rank-5": 82.23350048065186, "Rank-10": 86.97123527526855}}
{"event": "epoch", "dataset": "MSVR310", "recipe": "metric_raw", "epoch": 13, "steps": 20, "mean_loss": 1.1992504835128783, "seconds": 10.350034898001468, "official_fused": {"mAP": 48.866977200201134, "Rank-1": 66.83587431907654, "Rank-5": 82.91032314300537, "Rank-10": 86.80202960968018}}
{"event": "epoch", "dataset": "MSVR310", "recipe": "metric_raw", "epoch": 14, "steps": 20, "mean_loss": 1.1998654067516328, "seconds": 10.336447445995873, "official_fused": {"mAP": 48.20230055906066, "Rank-1": 67.00507402420044, "Rank-5": 81.89509510993958, "Rank-10": 86.6328239440918}}
{"event": "epoch", "dataset": "MSVR310", "recipe": "metric_raw", "epoch": 15, "steps": 20, "mean_loss": 1.1726296365261077, "seconds": 10.571796261006966, "official_fused": {"mAP": 50.56227518884945, "Rank-1": 67.68189668655396, "Rank-5": 82.74111747741699, "Rank-10": 87.81725764274597}}
{"event": "epoch", "dataset": "MSVR310", "recipe": "metric_raw", "epoch": 16, "steps": 20, "mean_loss": 1.0921081751585007, "seconds": 10.527375386009226, "official_fused": {"mAP": 50.71613870303978, "Rank-1": 69.03553009033203, "Rank-5": 84.26395654678345, "Rank-10": 88.49408030509949}}
{"event": "epoch", "dataset": "MSVR310", "recipe": "metric_raw", "epoch": 17, "steps": 20, "mean_loss": 1.0835997730493545, "seconds": 10.41475048501161, "official_fused": {"mAP": 49.98152459586899, "Rank-1": 68.02030205726624, "Rank-5": 83.92555117607117, "Rank-10": 87.81725764274597}}
{"event": "epoch", "dataset": "MSVR310", "recipe": "metric_raw", "epoch": 18, "steps": 20, "mean_loss": 1.0538187682628632, "seconds": 10.614921657019295, "official_fused": {"mAP": 51.61568405481775, "Rank-1": 70.2199637889862, "Rank-5": 84.6023678779602, "Rank-10": 89.00169134140015}}
{"event": "epoch", "dataset": "MSVR310", "recipe": "metric_raw", "epoch": 19, "steps": 20, "mean_loss": 1.06106658577919, "seconds": 10.5070165170182, "official_fused": {"mAP": 50.3185991002971, "Rank-1": 68.18950772285461, "Rank-5": 83.58713984489441, "Rank-10": 88.15566897392273}}
{"event": "epoch", "dataset": "MSVR310", "recipe": "metric_raw", "epoch": 20, "steps": 20, "mean_loss": 1.022896435856819, "seconds": 10.599966566020157, "official_fused": {"mAP": 51.1995920749166, "Rank-1": 70.38916945457458, "Rank-5": 83.41793417930603, "Rank-10": 87.98646330833435}}
{"event": "epoch", "dataset": "MSVR310", "recipe": "metric_raw", "epoch": 21, "steps": 20, "mean_loss": 1.001748752593994, "seconds": 10.174630789988441, "official_fused": {"mAP": 50.44038777403382, "Rank-1": 69.20473575592041, "Rank-5": 84.26395654678345, "Rank-10": 88.66328001022339}}
{"event": "epoch", "dataset": "MSVR310", "recipe": "metric_raw", "epoch": 22, "steps": 20, "mean_loss": 1.0029515653848649, "seconds": 10.802948239987018, "official_fused": {"mAP": 50.74823692625683, "Rank-1": 69.37394142150879, "Rank-5": 83.92555117607117, "Rank-10": 88.66328001022339}}
{"event": "epoch", "dataset": "MSVR310", "recipe": "metric_raw", "epoch": 23, "steps": 20, "mean_loss": 1.003431960940361, "seconds": 10.446324573014863, "official_fused": {"mAP": 52.75955111523475, "Rank-1": 71.40439748764038, "Rank-5": 84.94077920913696, "Rank-10": 89.84771370887756}}
{"event": "epoch", "dataset": "MSVR310", "recipe": "metric_raw", "epoch": 24, "steps": 20, "mean_loss": 0.9968858599662781, "seconds": 10.695753981999587, "official_fused": {"mAP": 52.34405033408542, "Rank-1": 71.235191822052, "Rank-5": 85.617595911026, "Rank-10": 89.00169134140015}}
{"event": "epoch", "dataset": "MSVR310", "recipe": "metric_raw", "epoch": 25, "steps": 20, "mean_loss": 1.0035906076431274, "seconds": 10.37022752201301, "official_fused": {"mAP": 51.443861575111725, "Rank-1": 71.0659921169281, "Rank-5": 84.6023678779602, "Rank-10": 88.66328001022339}}
{"event": "epoch", "dataset": "MSVR310", "recipe": "metric_raw", "epoch": 26, "steps": 20, "mean_loss": 0.980556669831276, "seconds": 10.555311194999376, "official_fused": {"mAP": 50.75756564030609, "Rank-1": 69.20473575592041, "Rank-5": 84.6023678779602, "Rank-10": 88.15566897392273}}
{"event": "epoch", "dataset": "MSVR310", "recipe": "metric_raw", "epoch": 27, "steps": 20, "mean_loss": 0.9659892708063126, "seconds": 10.6206493669888, "official_fused": {"mAP": 49.94765723514799, "Rank-1": 68.02030205726624, "Rank-5": 84.26395654678345, "Rank-10": 88.15566897392273}}
{"event": "epoch", "dataset": "MSVR310", "recipe": "metric_raw", "epoch": 28, "steps": 20, "mean_loss": 0.9655296832323075, "seconds": 10.314069387008203, "official_fused": {"mAP": 51.31921386566343, "Rank-1": 70.2199637889862, "Rank-5": 85.10998487472534, "Rank-10": 89.00169134140015}}
{"event": "epoch", "dataset": "MSVR310", "recipe": "metric_raw", "epoch": 29, "steps": 20, "mean_loss": 0.9640125781297684, "seconds": 10.502192143001594, "official_fused": {"mAP": 51.25579307265063, "Rank-1": 69.88155841827393, "Rank-5": 84.77157354354858, "Rank-10": 88.66328001022339}}
{"event": "epoch", "dataset": "MSVR310", "recipe": "metric_raw", "epoch": 30, "steps": 20, "mean_loss": 0.9649655938148498, "seconds": 10.630849391018273, "official_fused": {"mAP": 51.70019604357542, "Rank-1": 71.0659921169281, "Rank-5": 85.617595911026, "Rank-10": 88.83248567581177}}
{"event": "epoch", "dataset": "MSVR310", "recipe": "metric_raw", "epoch": 31, "steps": 20, "mean_loss": 0.9686845004558563, "seconds": 10.47132968500955, "official_fused": {"mAP": 51.94140891728827, "Rank-1": 71.40439748764038, "Rank-5": 85.95600724220276, "Rank-10": 89.00169134140015}}
{"event": "epoch", "dataset": "MSVR310", "recipe": "metric_raw", "epoch": 32, "steps": 20, "mean_loss": 0.9613711923360825, "seconds": 10.646128501015482, "official_fused": {"mAP": 51.266416406250315, "Rank-1": 71.40439748764038, "Rank-5": 84.09475684165955, "Rank-10": 89.17089700698853}}
{"event": "epoch", "dataset": "MSVR310", "recipe": "metric_raw", "epoch": 33, "steps": 20, "mean_loss": 0.9517499536275864, "seconds": 10.59715922898613, "official_fused": {"mAP": 51.0566941446224, "Rank-1": 69.71235275268555, "Rank-5": 84.26395654678345, "Rank-10": 88.83248567581177}}
{"event": "epoch", "dataset": "MSVR310", "recipe": "metric_raw", "epoch": 34, "steps": 20, "mean_loss": 0.9405345112085343, "seconds": 10.58018802900915, "official_fused": {"mAP": 51.72829029501976, "Rank-1": 71.235191822052, "Rank-5": 85.27919054031372, "Rank-10": 89.3401026725769}}
{"event": "epoch", "dataset": "MSVR310", "recipe": "metric_raw", "epoch": 35, "steps": 20, "mean_loss": 0.9442315995693207, "seconds": 10.334710085997358, "official_fused": {"mAP": 51.38966172222469, "Rank-1": 70.72758078575134, "Rank-5": 84.77157354354858, "Rank-10": 88.83248567581177}}
{"event": "epoch", "dataset": "MSVR310", "recipe": "metric_raw", "epoch": 36, "steps": 20, "mean_loss": 0.9511394798755646, "seconds": 10.55886815697886, "official_fused": {"mAP": 50.237892112831354, "Rank-1": 69.03553009033203, "Rank-5": 83.41793417930603, "Rank-10": 88.15566897392273}}
{"event": "epoch", "dataset": "MSVR310", "recipe": "metric_raw", "epoch": 37, "steps": 20, "mean_loss": 0.9424229860305786, "seconds": 10.618484355974942, "official_fused": {"mAP": 51.48542701083433, "Rank-1": 71.235191822052, "Rank-5": 85.27919054031372, "Rank-10": 89.3401026725769}}
{"event": "epoch", "dataset": "MSVR310", "recipe": "metric_raw", "epoch": 38, "steps": 20, "mean_loss": 0.9474885702133179, "seconds": 10.689740936999442, "official_fused": {"mAP": 51.5348748387767, "Rank-1": 70.89678645133972, "Rank-5": 84.94077920913696, "Rank-10": 89.67850804328918}}
{"event": "epoch", "dataset": "MSVR310", "recipe": "metric_raw", "epoch": 39, "steps": 20, "mean_loss": 0.9428797394037247, "seconds": 10.662968397984514, "official_fused": {"mAP": 51.59120113773944, "Rank-1": 70.38916945457458, "Rank-5": 84.6023678779602, "Rank-10": 89.3401026725769}}
{"event": "epoch", "dataset": "MSVR310", "recipe": "metric_raw", "epoch": 40, "steps": 20, "mean_loss": 0.9588509619235992, "seconds": 10.380141547007952, "official_fused": {"mAP": 50.7695659819426, "Rank-1": 69.03553009033203, "Rank-5": 83.75634551048279, "Rank-10": 88.49408030509949}}
{"event": "epoch", "dataset": "MSVR310", "recipe": "metric_raw", "epoch": 41, "steps": 20, "mean_loss": 0.9523629158735275, "seconds": 10.579191948985681, "official_fused": {"mAP": 50.83560167964472, "Rank-1": 69.71235275268555, "Rank-5": 84.6023678779602, "Rank-10": 88.83248567581177}}
{"event": "epoch", "dataset": "MSVR310", "recipe": "metric_raw", "epoch": 42, "steps": 20, "mean_loss": 0.9349875777959824, "seconds": 10.668631475011352, "official_fused": {"mAP": 51.140396787790706, "Rank-1": 69.71235275268555, "Rank-5": 84.94077920913696, "Rank-10": 88.83248567581177}}
{"event": "epoch", "dataset": "MSVR310", "recipe": "metric_raw", "epoch": 43, "steps": 20, "mean_loss": 0.9309350728988648, "seconds": 10.371446564997314, "official_fused": {"mAP": 51.13274162320616, "Rank-1": 70.0507640838623, "Rank-5": 84.77157354354858, "Rank-10": 89.00169134140015}}
{"event": "epoch", "dataset": "MSVR310", "recipe": "metric_raw", "epoch": 44, "steps": 20, "mean_loss": 0.928030064702034, "seconds": 10.576173670997377, "official_fused": {"mAP": 51.05162008391437, "Rank-1": 69.71235275268555, "Rank-5": 84.77157354354858, "Rank-10": 89.00169134140015}}
{"event": "epoch", "dataset": "MSVR310", "recipe": "metric_raw", "epoch": 45, "steps": 20, "mean_loss": 0.9501877516508103, "seconds": 10.687570691981819, "official_fused": {"mAP": 51.05346315949717, "Rank-1": 70.0507640838623, "Rank-5": 84.94077920913696, "Rank-10": 88.66328001022339}}
{"event": "epoch", "dataset": "MSVR310", "recipe": "metric_raw", "epoch": 46, "steps": 20, "mean_loss": 0.9422806799411774, "seconds": 10.717444304988021, "official_fused": {"mAP": 51.066574510974675, "Rank-1": 69.88155841827393, "Rank-5": 84.6023678779602, "Rank-10": 88.66328001022339}}
{"event": "epoch", "dataset": "MSVR310", "recipe": "metric_raw", "epoch": 47, "steps": 20, "mean_loss": 0.9500355750322342, "seconds": 10.640289080009097, "official_fused": {"mAP": 51.06109426965324, "Rank-1": 70.0507640838623, "Rank-5": 84.6023678779602, "Rank-10": 88.49408030509949}}
{"event": "epoch", "dataset": "MSVR310", "recipe": "metric_raw", "epoch": 48, "steps": 20, "mean_loss": 0.9282740086317063, "seconds": 10.455516257992713, "official_fused": {"mAP": 51.042011250279494, "Rank-1": 70.0507640838623, "Rank-5": 84.43316221237183, "Rank-10": 88.49408030509949}}
{"event": "epoch", "dataset": "MSVR310", "recipe": "metric_raw", "epoch": 49, "steps": 20, "mean_loss": 0.9435347706079483, "seconds": 10.406494269001996, "official_fused": {"mAP": 51.066130156945846, "Rank-1": 70.0507640838623, "Rank-5": 84.43316221237183, "Rank-10": 88.66328001022339}}
{"event": "epoch", "dataset": "MSVR310", "recipe": "metric_raw", "epoch": 50, "steps": 20, "mean_loss": 0.9399901449680328, "seconds": 10.662636010005372, "official_fused": {"mAP": 51.071206698213444, "Rank-1": 70.0507640838623, "Rank-5": 84.43316221237183, "Rank-10": 88.66328001022339}}
