/data/gaob/Re-ID/conda-envs/tri_reid/lib/python3.10/site-packages/timm/models/helpers.py:7: FutureWarning: Importing from timm.models.helpers is deprecated, please import via timm.models
  warnings.warn(f"Importing from {__name__} is deprecated, please import via timm.models", FutureWarning)
/data/gaob/Re-ID/conda-envs/tri_reid/lib/python3.10/site-packages/timm/models/registry.py:4: FutureWarning: Importing from timm.models.registry is deprecated, please import via timm.models
  warnings.warn(f"Importing from {__name__} is deprecated, please import via timm.models", FutureWarning)
/data/gaob/Re-ID/conda-envs/tri_reid/lib/python3.10/site-packages/timm/models/layers/__init__.py:48: FutureWarning: Importing from timm.models.layers is deprecated, please import via timm.layers
  warnings.warn(f"Importing from {__name__} is deprecated, please import via timm.layers", FutureWarning)
建立transformer............
using Transformer_type: ViT-B-16 as a backbone
Resized position embedding: %s to %s torch.Size([197, 768]) torch.Size([129, 768])
Position embedding resize to height:16 width: 8
Successfully load ckpt!
<All keys matched successfully>
Loading pretrained model from CLIP
camera number is : 4
===========Building Signal===========
using soft triplet loss for training
label smooth on, numclasses: 171
{"event": "epoch", "dataset": "RGBNT201", "recipe": "native", "epoch": 1, "steps": 53, "mean_loss": 2.0637031726117403, "seconds": 34.61842633597553, "official_fused": {"mAP": 28.606788703818392, "Rank-1": 27.631577849388123, "Rank-5": 43.54066848754883, "Rank-10": 53.34928035736084}}
{"event": "epoch", "dataset": "RGBNT201", "recipe": "native", "epoch": 2, "steps": 53, "mean_loss": 1.5918209102918517, "seconds": 32.42058119701687, "official_fused": {"mAP": 53.53242375877054, "Rank-1": 55.02392053604126, "Rank-5": 66.50717854499817, "Rank-10": 76.19616985321045}}
{"event": "epoch", "dataset": "RGBNT201", "recipe": "native", "epoch": 3, "steps": 53, "mean_loss": 1.191338504260441, "seconds": 33.3902791540022, "official_fused": {"mAP": 53.6730928581411, "Rank-1": 56.100475788116455, "Rank-5": 73.32535982131958, "Rank-10": 83.37320685386658}}
{"event": "epoch", "dataset": "RGBNT201", "recipe": "native", "epoch": 4, "steps": 53, "mean_loss": 0.8781252582118196, "seconds": 33.168187178031076, "official_fused": {"mAP": 65.41461286974187, "Rank-1": 68.77990365028381, "Rank-5": 80.26315569877625, "Rank-10": 87.55980730056763}}
{"event": "epoch", "dataset": "RGBNT201", "recipe": "native", "epoch": 5, "steps": 53, "mean_loss": 0.6921763639405089, "seconds": 33.55410334398039, "official_fused": {"mAP": 66.05566340574123, "Rank-1": 65.90909361839294, "Rank-5": 75.0, "Rank-10": 82.29665160179138}}
{"event": "epoch", "dataset": "RGBNT201", "recipe": "native", "epoch": 6, "steps": 53, "mean_loss": 0.41726831220230964, "seconds": 33.56411573605146, "official_fused": {"mAP": 65.46028841275731, "Rank-1": 67.58373379707336, "Rank-5": 79.54545617103577, "Rank-10": 86.60287261009216}}
{"event": "epoch", "dataset": "RGBNT201", "recipe": "native", "epoch": 7, "steps": 53, "mean_loss": 0.3032072681301045, "seconds": 33.792814571002964, "official_fused": {"mAP": 68.83461504160036, "Rank-1": 71.41148447990417, "Rank-5": 82.8947365283966, "Rank-10": 88.99521827697754}}
{"event": "epoch", "dataset": "RGBNT201", "recipe": "native", "epoch": 8, "steps": 53, "mean_loss": 0.277968981918299, "seconds": 32.868180449004285, "official_fused": {"mAP": 69.43045262188411, "Rank-1": 72.12918400764465, "Rank-5": 85.28708219528198, "Rank-10": 90.78947305679321}}
{"event": "epoch", "dataset": "RGBNT201", "recipe": "native", "epoch": 9, "steps": 53, "mean_loss": 0.2617389064914775, "seconds": 32.60738823801512, "official_fused": {"mAP": 67.4495980351065, "Rank-1": 70.33492922782898, "Rank-5": 81.10047578811646, "Rank-10": 86.12440228462219}}
{"event": "epoch", "dataset": "RGBNT201", "recipe": "native", "epoch": 10, "steps": 53, "mean_loss": 0.2582112196481453, "seconds": 33.02156579098664, "official_fused": {"mAP": 67.33533049126571, "Rank-1": 69.37798857688904, "Rank-5": 81.10047578811646, "Rank-10": 87.91866302490234}}
{"event": "epoch", "dataset": "RGBNT201", "recipe": "native", "epoch": 11, "steps": 53, "mean_loss": 0.2509985324346794, "seconds": 33.40342075400986, "official_fused": {"mAP": 66.96133942999806, "Rank-1": 68.54066848754883, "Rank-5": 80.50239086151123, "Rank-10": 87.91866302490234}}
{"event": "epoch", "dataset": "RGBNT201", "recipe": "native", "epoch": 12, "steps": 53, "mean_loss": 0.2575613294007643, "seconds": 32.662724193010945, "official_fused": {"mAP": 68.17192509695495, "Rank-1": 71.05262875556946, "Rank-5": 82.17703104019165, "Rank-10": 87.91866302490234}}
{"event": "epoch", "dataset": "RGBNT201", "recipe": "native", "epoch": 13, "steps": 53, "mean_loss": 0.24863860629639536, "seconds": 32.277127645967994, "official_fused": {"mAP": 68.22719977727195, "Rank-1": 70.81339955329895, "Rank-5": 82.29665160179138, "Rank-10": 88.51674795150757}}
{"event": "epoch", "dataset": "RGBNT201", "recipe": "native", "epoch": 14, "steps": 53, "mean_loss": 0.24970836150196363, "seconds": 32.639300901966635, "official_fused": {"mAP": 65.45595666877189, "Rank-1": 67.70334839820862, "Rank-5": 79.904305934906, "Rank-10": 84.56937670707703}}
{"event": "epoch", "dataset": "RGBNT201", "recipe": "native", "epoch": 15, "steps": 53, "mean_loss": 0.24285947151903836, "seconds": 33.50688248599181, "official_fused": {"mAP": 67.0656935760631, "Rank-1": 69.13875341415405, "Rank-5": 79.54545617103577, "Rank-10": 86.72248721122742}}
{"event": "epoch", "dataset": "RGBNT201", "recipe": "native", "epoch": 16, "steps": 53, "mean_loss": 0.2469360502261036, "seconds": 33.57906170398928, "official_fused": {"mAP": 67.45367243898949, "Rank-1": 68.89952421188354, "Rank-5": 80.74162602424622, "Rank-10": 86.12440228462219}}
{"event": "epoch", "dataset": "RGBNT201", "recipe": "native", "epoch": 17, "steps": 53, "mean_loss": 0.24008338912478033, "seconds": 32.660439545987174, "official_fused": {"mAP": 68.09037894546175, "Rank-1": 69.49760913848877, "Rank-5": 83.13397169113159, "Rank-10": 87.32057213783264}}
{"event": "epoch", "dataset": "RGBNT201", "recipe": "native", "epoch": 18, "steps": 53, "mean_loss": 0.23773968107295487, "seconds": 33.75003343302524, "official_fused": {"mAP": 69.07214623747724, "Rank-1": 71.29186391830444, "Rank-5": 83.25358629226685, "Rank-10": 88.63636255264282}}
{"event": "epoch", "dataset": "RGBNT201", "recipe": "native", "epoch": 19, "steps": 53, "mean_loss": 0.24791862379829838, "seconds": 32.95818960701581, "official_fused": {"mAP": 68.52929165846713, "Rank-1": 72.36841917037964, "Rank-5": 84.44976210594177, "Rank-10": 89.59330320358276}}
{"event": "epoch", "dataset": "RGBNT201", "recipe": "native", "epoch": 20, "steps": 53, "mean_loss": 0.23859039483205327, "seconds": 33.88487463799538, "official_fused": {"mAP": 68.8624682242146, "Rank-1": 72.72727489471436, "Rank-5": 81.81818127632141, "Rank-10": 88.0382776260376}}
{"event": "epoch", "dataset": "RGBNT201", "recipe": "native", "epoch": 21, "steps": 53, "mean_loss": 0.23618315216505303, "seconds": 33.18173684499925, "official_fused": {"mAP": 67.68549251988185, "Rank-1": 69.37798857688904, "Rank-5": 81.33971095085144, "Rank-10": 87.20095753669739}}
{"event": "epoch", "dataset": "RGBNT201", "recipe": "native", "epoch": 22, "steps": 53, "mean_loss": 0.2353569820242108, "seconds": 32.275473149027675, "official_fused": {"mAP": 65.28323629068005, "Rank-1": 68.18181872367859, "Rank-5": 78.46890091896057, "Rank-10": 84.33014154434204}}
{"event": "epoch", "dataset": "RGBNT201", "recipe": "native", "epoch": 23, "steps": 53, "mean_loss": 0.23682666077928724, "seconds": 33.36002558399923, "official_fused": {"mAP": 64.54313660839865, "Rank-1": 67.46411323547363, "Rank-5": 78.46890091896057, "Rank-10": 84.56937670707703}}
{"event": "epoch", "dataset": "RGBNT201", "recipe": "native", "epoch": 24, "steps": 53, "mean_loss": 0.23352573474623123, "seconds": 33.08939186902717, "official_fused": {"mAP": 66.08420897840608, "Rank-1": 69.13875341415405, "Rank-5": 80.26315569877625, "Rank-10": 85.8851671218872}}
{"event": "epoch", "dataset": "RGBNT201", "recipe": "native", "epoch": 25, "steps": 53, "mean_loss": 0.2333684077240386, "seconds": 31.88723283400759, "official_fused": {"mAP": 67.4721392362887, "Rank-1": 69.85645890235901, "Rank-5": 81.93780183792114, "Rank-10": 85.8851671218872}}
{"event": "epoch", "dataset": "RGBNT201", "recipe": "native", "epoch": 26, "steps": 53, "mean_loss": 0.23127190150179952, "seconds": 33.69404672499513, "official_fused": {"mAP": 66.26982603145967, "Rank-1": 69.73684430122375, "Rank-5": 81.33971095085144, "Rank-10": 85.40669679641724}}
{"event": "epoch", "dataset": "RGBNT201", "recipe": "native", "epoch": 27, "steps": 53, "mean_loss": 0.23050001741580242, "seconds": 33.301227226969786, "official_fused": {"mAP": 67.02004735082969, "Rank-1": 69.97607946395874, "Rank-5": 81.57894611358643, "Rank-10": 85.28708219528198}}
{"event": "epoch", "dataset": "RGBNT201", "recipe": "native", "epoch": 28, "steps": 53, "mean_loss": 0.2298399769472626, "seconds": 33.7800644080271, "official_fused": {"mAP": 66.57141453403645, "Rank-1": 68.54066848754883, "Rank-5": 79.904305934906, "Rank-10": 84.33014154434204}}
{"event": "epoch", "dataset": "RGBNT201", "recipe": "native", "epoch": 29, "steps": 53, "mean_loss": 0.2291011298602482, "seconds": 33.27970524696866, "official_fused": {"mAP": 66.7404047020479, "Rank-1": 68.06219816207886, "Rank-5": 79.66507077217102, "Rank-10": 85.28708219528198}}
{"event": "epoch", "dataset": "RGBNT201", "recipe": "native", "epoch": 30, "steps": 53, "mean_loss": 0.2294543905640548, "seconds": 32.3968783239834, "official_fused": {"mAP": 66.51462846437187, "Rank-1": 68.77990365028381, "Rank-5": 80.86124658584595, "Rank-10": 85.047847032547}}
{"event": "epoch", "dataset": "RGBNT201", "recipe": "native", "epoch": 31, "steps": 53, "mean_loss": 0.22907268016968133, "seconds": 33.158037923974916, "official_fused": {"mAP": 67.39385778639604, "Rank-1": 69.61722373962402, "Rank-5": 80.9808611869812, "Rank-10": 85.52631735801697}}
{"event": "epoch", "dataset": "RGBNT201", "recipe": "native", "epoch": 32, "steps": 53, "mean_loss": 0.2288614533982187, "seconds": 33.78970391897019, "official_fused": {"mAP": 66.10608937741574, "Rank-1": 67.9425835609436, "Rank-5": 80.02392053604126, "Rank-10": 85.40669679641724}}
{"event": "epoch", "dataset": "RGBNT201", "recipe": "native", "epoch": 33, "steps": 53, "mean_loss": 0.228407676489848, "seconds": 33.72119614202529, "official_fused": {"mAP": 65.47335037374069, "Rank-1": 68.42105388641357, "Rank-5": 78.94737124443054, "Rank-10": 85.047847032547}}
{"event": "epoch", "dataset": "RGBNT201", "recipe": "native", "epoch": 34, "steps": 53, "mean_loss": 0.22757413392921663, "seconds": 33.12689021596452, "official_fused": {"mAP": 65.38145682029655, "Rank-1": 68.06219816207886, "Rank-5": 78.34928035736084, "Rank-10": 84.44976210594177}}
{"event": "epoch", "dataset": "RGBNT201", "recipe": "native", "epoch": 35, "steps": 53, "mean_loss": 0.22829813074390842, "seconds": 33.10993137100013, "official_fused": {"mAP": 65.13241938307608, "Rank-1": 66.98564887046814, "Rank-5": 78.22966575622559, "Rank-10": 83.49282145500183}}
{"event": "epoch", "dataset": "RGBNT201", "recipe": "native", "epoch": 36, "steps": 53, "mean_loss": 0.2266973228949421, "seconds": 33.047957740025595, "official_fused": {"mAP": 65.2437180533741, "Rank-1": 66.98564887046814, "Rank-5": 78.34928035736084, "Rank-10": 83.85167717933655}}
{"event": "epoch", "dataset": "RGBNT201", "recipe": "native", "epoch": 37, "steps": 53, "mean_loss": 0.22756064528564238, "seconds": 33.67090249300236, "official_fused": {"mAP": 65.81219097217992, "Rank-1": 68.18181872367859, "Rank-5": 78.70813608169556, "Rank-10": 83.61244201660156}}
{"event": "epoch", "dataset": "RGBNT201", "recipe": "native", "epoch": 38, "steps": 53, "mean_loss": 0.2287062625840025, "seconds": 33.551246801042, "official_fused": {"mAP": 65.73747241945027, "Rank-1": 67.70334839820862, "Rank-5": 78.70813608169556, "Rank-10": 83.49282145500183}}
{"event": "epoch", "dataset": "RGBNT201", "recipe": "native", "epoch": 39, "steps": 53, "mean_loss": 0.2264882005610556, "seconds": 33.8087998930132, "official_fused": {"mAP": 65.50117784962602, "Rank-1": 66.86602830886841, "Rank-5": 78.46890091896057, "Rank-10": 83.73205661773682}}
{"event": "epoch", "dataset": "RGBNT201", "recipe": "native", "epoch": 40, "steps": 53, "mean_loss": 0.22699630569736912, "seconds": 32.5709548680461, "official_fused": {"mAP": 65.74141400907013, "Rank-1": 67.46411323547363, "Rank-5": 78.46890091896057, "Rank-10": 84.56937670707703}}
{"event": "epoch", "dataset": "RGBNT201", "recipe": "native", "epoch": 41, "steps": 53, "mean_loss": 0.22753196364303804, "seconds": 33.46496822102927, "official_fused": {"mAP": 65.3743887663543, "Rank-1": 66.98564887046814, "Rank-5": 78.58851552009583, "Rank-10": 84.33014154434204}}
{"event": "epoch", "dataset": "RGBNT201", "recipe": "native", "epoch": 42, "steps": 53, "mean_loss": 0.22688614844151264, "seconds": 33.594671352999285, "official_fused": {"mAP": 65.58452744209288, "Rank-1": 67.22487807273865, "Rank-5": 79.18660044670105, "Rank-10": 84.68899726867676}}
{"event": "epoch", "dataset": "RGBNT201", "recipe": "native", "epoch": 43, "steps": 53, "mean_loss": 0.22712743619702896, "seconds": 32.91360819496913, "official_fused": {"mAP": 65.77441392733851, "Rank-1": 67.46411323547363, "Rank-5": 79.0669858455658, "Rank-10": 84.68899726867676}}
{"event": "epoch", "dataset": "RGBNT201", "recipe": "native", "epoch": 44, "steps": 53, "mean_loss": 0.22708105928492997, "seconds": 32.93670987099176, "official_fused": {"mAP": 66.46656052673661, "Rank-1": 68.54066848754883, "Rank-5": 79.904305934906, "Rank-10": 84.56937670707703}}
{"event": "epoch", "dataset": "RGBNT201", "recipe": "native", "epoch": 45, "steps": 53, "mean_loss": 0.22591383361591483, "seconds": 33.836975042009726, "official_fused": {"mAP": 66.31179976316041, "Rank-1": 68.54066848754883, "Rank-5": 80.02392053604126, "Rank-10": 84.68899726867676}}
{"event": "epoch", "dataset": "RGBNT201", "recipe": "native", "epoch": 46, "steps": 52, "mean_loss": 0.2263727938899627, "seconds": 32.605234272021335, "official_fused": {"mAP": 66.18302962505204, "Rank-1": 68.06219816207886, "Rank-5": 79.42583560943604, "Rank-10": 84.44976210594177}}
{"event": "epoch", "dataset": "RGBNT201", "recipe": "native", "epoch": 47, "steps": 53, "mean_loss": 0.22568627685870765, "seconds": 33.00012229703134, "official_fused": {"mAP": 66.27728065818519, "Rank-1": 68.06219816207886, "Rank-5": 79.42583560943604, "Rank-10": 84.44976210594177}}
{"event": "epoch", "dataset": "RGBNT201", "recipe": "native", "epoch": 48, "steps": 53, "mean_loss": 0.22667135270136707, "seconds": 33.33584539097501, "official_fused": {"mAP": 66.13226622022765, "Rank-1": 68.18181872367859, "Rank-5": 79.66507077217102, "Rank-10": 84.44976210594177}}
{"event": "epoch", "dataset": "RGBNT201", "recipe": "native", "epoch": 49, "steps": 53, "mean_loss": 0.22613629867445748, "seconds": 33.00154849799583, "official_fused": {"mAP": 65.99767215949538, "Rank-1": 68.06219816207886, "Rank-5": 79.30622100830078, "Rank-10": 84.44976210594177}}
{"event": "epoch", "dataset": "RGBNT201", "recipe": "native", "epoch": 50, "steps": 53, "mean_loss": 0.22552505894651953, "seconds": 32.493475103983656, "official_fused": {"mAP": 65.91141117276594, "Rank-1": 67.70334839820862, "Rank-5": 79.30622100830078, "Rank-10": 84.56937670707703}}
