/root/miniconda3/envs/tri_reid/lib/python3.10/site-packages/timm/models/helpers.py:7: FutureWarning: Importing from timm.models.helpers is deprecated, please import via timm.models
  warnings.warn(f"Importing from {__name__} is deprecated, please import via timm.models", FutureWarning)
/root/miniconda3/envs/tri_reid/lib/python3.10/site-packages/timm/models/registry.py:4: FutureWarning: Importing from timm.models.registry is deprecated, please import via timm.models
  warnings.warn(f"Importing from {__name__} is deprecated, please import via timm.models", FutureWarning)
/root/miniconda3/envs/tri_reid/lib/python3.10/site-packages/timm/models/layers/__init__.py:48: FutureWarning: Importing from timm.models.layers is deprecated, please import via timm.layers
  warnings.warn(f"Importing from {__name__} is deprecated, please import via timm.layers", FutureWarning)
建立transformer............
using Transformer_type: ViT-B-16 as a backbone
Resized position embedding: %s to %s torch.Size([197, 768]) torch.Size([129, 768])
Position embedding resize to height:8 width: 16
Successfully load ckpt!
<All keys matched successfully>
Loading pretrained model from CLIP
camera number is : 8
===========Building Signal===========
{"event": "rgbnt100_role_epoch", "fold": 0, "mode": "comparison", "epoch": 1, "optimizer_steps": 81, "learning_rate": 7.000000000000001e-05, "mean_loss": 1.3583068788787465, "elapsed_seconds": 91.20628800429404}
{"event": "rgbnt100_role_epoch", "fold": 0, "mode": "comparison", "epoch": 2, "optimizer_steps": 83, "learning_rate": 0.00014000000000000001, "mean_loss": 0.5762912106801228, "elapsed_seconds": 91.98267720080912}
{"event": "rgbnt100_role_epoch", "fold": 0, "mode": "comparison", "epoch": 3, "optimizer_steps": 83, "learning_rate": 0.00020999999999999998, "mean_loss": 0.5073840926928692, "elapsed_seconds": 92.43732018955052}
{"event": "rgbnt100_role_epoch", "fold": 0, "mode": "comparison", "epoch": 4, "optimizer_steps": 81, "learning_rate": 0.00028000000000000003, "mean_loss": 0.5016741200729653, "elapsed_seconds": 91.01595199666917}
{"event": "rgbnt100_role_epoch", "fold": 0, "mode": "comparison", "epoch": 5, "optimizer_steps": 82, "learning_rate": 0.00035, "mean_loss": 0.5002815316363078, "elapsed_seconds": 90.65935344994068}
{"event": "rgbnt100_role_epoch", "fold": 0, "mode": "comparison", "epoch": 6, "optimizer_steps": 83, "learning_rate": 0.00035, "mean_loss": 0.5044254998126662, "elapsed_seconds": 91.48274147138}
{"event": "rgbnt100_role_epoch", "fold": 0, "mode": "comparison", "epoch": 7, "optimizer_steps": 82, "learning_rate": 0.000346175830128416, "mean_loss": 0.51283800820025, "elapsed_seconds": 90.72037516720593}
{"event": "rgbnt100_role_epoch", "fold": 0, "mode": "comparison", "epoch": 8, "optimizer_steps": 83, "learning_rate": 0.0003348704550874551, "mean_loss": 0.5150848282388893, "elapsed_seconds": 91.96939730644226}
{"event": "rgbnt100_role_epoch", "fold": 0, "mode": "comparison", "epoch": 9, "optimizer_steps": 84, "learning_rate": 0.0003165779740156158, "mean_loss": 0.5234852596407845, "elapsed_seconds": 93.14494637958705}
{"event": "rgbnt100_role_epoch", "fold": 0, "mode": "comparison", "epoch": 10, "optimizer_steps": 83, "learning_rate": 0.0002920978561128002, "mean_loss": 0.5122334651918297, "elapsed_seconds": 91.48607629537582}
{"event": "rgbnt100_role_epoch", "fold": 0, "mode": "comparison", "epoch": 11, "optimizer_steps": 83, "learning_rate": 0.0002625, "mean_loss": 0.5075644470122923, "elapsed_seconds": 91.63092179782689}
{"event": "rgbnt100_role_epoch", "fold": 0, "mode": "comparison", "epoch": 12, "optimizer_steps": 84, "learning_rate": 0.0002290779740156158, "mean_loss": 0.5017012045496986, "elapsed_seconds": 93.14847632311285}
{"event": "rgbnt100_role_epoch", "fold": 0, "mode": "comparison", "epoch": 13, "optimizer_steps": 83, "learning_rate": 0.00019329248107183937, "mean_loss": 0.497611409210297, "elapsed_seconds": 90.87397665157914}
{"event": "rgbnt100_role_epoch", "fold": 0, "mode": "comparison", "epoch": 14, "optimizer_steps": 82, "learning_rate": 0.00015670751892816066, "mean_loss": 0.49663671342338006, "elapsed_seconds": 90.19310856796801}
{"event": "rgbnt100_role_epoch", "fold": 0, "mode": "comparison", "epoch": 15, "optimizer_steps": 84, "learning_rate": 0.00012092202598438422, "mean_loss": 0.4961943406434286, "elapsed_seconds": 92.91756518557668}
{"event": "rgbnt100_role_epoch", "fold": 0, "mode": "comparison", "epoch": 16, "optimizer_steps": 83, "learning_rate": 8.750000000000004e-05, "mean_loss": 0.4959868041865797, "elapsed_seconds": 91.58464443683624}
{"event": "rgbnt100_role_epoch", "fold": 0, "mode": "comparison", "epoch": 17, "optimizer_steps": 83, "learning_rate": 5.7902143887199866e-05, "mean_loss": 0.49590512679283877, "elapsed_seconds": 91.45864188857377}
{"event": "rgbnt100_role_epoch", "fold": 0, "mode": "comparison", "epoch": 18, "optimizer_steps": 81, "learning_rate": 3.342202598438421e-05, "mean_loss": 0.4958366162982988, "elapsed_seconds": 89.1012845877558}
{"event": "rgbnt100_role_epoch", "fold": 0, "mode": "comparison", "epoch": 19, "optimizer_steps": 83, "learning_rate": 1.5129544912544829e-05, "mean_loss": 0.49576014818915404, "elapsed_seconds": 91.69099336490035}
{"event": "rgbnt100_role_epoch", "fold": 0, "mode": "comparison", "epoch": 20, "optimizer_steps": 82, "learning_rate": 3.824169871584004e-06, "mean_loss": 0.4957876725167763, "elapsed_seconds": 90.64925105497241}
建立transformer............
using Transformer_type: ViT-B-16 as a backbone
Resized position embedding: %s to %s torch.Size([197, 768]) torch.Size([129, 768])
Position embedding resize to height:8 width: 16
Successfully load ckpt!
<All keys matched successfully>
Loading pretrained model from CLIP
camera number is : 8
===========Building Signal===========
建立transformer............
using Transformer_type: ViT-B-16 as a backbone
Resized position embedding: %s to %s torch.Size([197, 768]) torch.Size([129, 768])
Position embedding resize to height:8 width: 16
Successfully load ckpt!
<All keys matched successfully>
Loading pretrained model from CLIP
camera number is : 8
===========Building Signal===========
{"event": "rgbnt100_role_epoch", "fold": 1, "mode": "comparison", "epoch": 1, "optimizer_steps": 86, "learning_rate": 7.000000000000001e-05, "mean_loss": 1.31025821802228, "elapsed_seconds": 94.01029353961349}
{"event": "rgbnt100_role_epoch", "fold": 1, "mode": "comparison", "epoch": 2, "optimizer_steps": 86, "learning_rate": 0.00014000000000000001, "mean_loss": 0.564723226913186, "elapsed_seconds": 94.59705346636474}
{"event": "rgbnt100_role_epoch", "fold": 1, "mode": "comparison", "epoch": 3, "optimizer_steps": 87, "learning_rate": 0.00020999999999999998, "mean_loss": 0.506095368286659, "elapsed_seconds": 96.04337654821575}
{"event": "rgbnt100_role_epoch", "fold": 1, "mode": "comparison", "epoch": 4, "optimizer_steps": 85, "learning_rate": 0.00028000000000000003, "mean_loss": 0.5008976575206308, "elapsed_seconds": 93.73109622485936}
{"event": "rgbnt100_role_epoch", "fold": 1, "mode": "comparison", "epoch": 5, "optimizer_steps": 85, "learning_rate": 0.00035, "mean_loss": 0.500519280573901, "elapsed_seconds": 93.35477930307388}
{"event": "rgbnt100_role_epoch", "fold": 1, "mode": "comparison", "epoch": 6, "optimizer_steps": 86, "learning_rate": 0.00035, "mean_loss": 0.5027436894732852, "elapsed_seconds": 95.03914968855679}
{"event": "rgbnt100_role_epoch", "fold": 1, "mode": "comparison", "epoch": 7, "optimizer_steps": 86, "learning_rate": 0.000346175830128416, "mean_loss": 0.516096712544907, "elapsed_seconds": 95.57028421759605}
{"event": "rgbnt100_role_epoch", "fold": 1, "mode": "comparison", "epoch": 8, "optimizer_steps": 86, "learning_rate": 0.0003348704550874551, "mean_loss": 0.5283097541609476, "elapsed_seconds": 92.4078334569931}
{"event": "rgbnt100_role_epoch", "fold": 1, "mode": "comparison", "epoch": 9, "optimizer_steps": 87, "learning_rate": 0.0003165779740156158, "mean_loss": 0.5176248091390763, "elapsed_seconds": 95.50313724577427}
{"event": "rgbnt100_role_epoch", "fold": 1, "mode": "comparison", "epoch": 10, "optimizer_steps": 85, "learning_rate": 0.0002920978561128002, "mean_loss": 0.5070320231073043, "elapsed_seconds": 94.7476666457951}
{"event": "rgbnt100_role_epoch", "fold": 1, "mode": "comparison", "epoch": 11, "optimizer_steps": 86, "learning_rate": 0.0002625, "mean_loss": 0.499847344187803, "elapsed_seconds": 94.16539412923157}
{"event": "rgbnt100_role_epoch", "fold": 1, "mode": "comparison", "epoch": 12, "optimizer_steps": 86, "learning_rate": 0.0002290779740156158, "mean_loss": 0.49928254270276357, "elapsed_seconds": 95.78617891855538}
{"event": "rgbnt100_role_epoch", "fold": 1, "mode": "comparison", "epoch": 13, "optimizer_steps": 87, "learning_rate": 0.00019329248107183937, "mean_loss": 0.5006373928881239, "elapsed_seconds": 96.1855829693377}
{"event": "rgbnt100_role_epoch", "fold": 1, "mode": "comparison", "epoch": 14, "optimizer_steps": 87, "learning_rate": 0.00015670751892816066, "mean_loss": 0.4969747618012045, "elapsed_seconds": 96.53632053360343}
{"event": "rgbnt100_role_epoch", "fold": 1, "mode": "comparison", "epoch": 15, "optimizer_steps": 86, "learning_rate": 0.00012092202598438422, "mean_loss": 0.49605908678021543, "elapsed_seconds": 95.02317405678332}
{"event": "rgbnt100_role_epoch", "fold": 1, "mode": "comparison", "epoch": 16, "optimizer_steps": 85, "learning_rate": 8.750000000000004e-05, "mean_loss": 0.4958678280605989, "elapsed_seconds": 94.27383147738874}
{"event": "rgbnt100_role_epoch", "fold": 1, "mode": "comparison", "epoch": 17, "optimizer_steps": 86, "learning_rate": 5.7902143887199866e-05, "mean_loss": 0.4957171079031257, "elapsed_seconds": 94.43143683485687}
{"event": "rgbnt100_role_epoch", "fold": 1, "mode": "comparison", "epoch": 18, "optimizer_steps": 85, "learning_rate": 3.342202598438421e-05, "mean_loss": 0.49564574185539695, "elapsed_seconds": 93.57785644195974}
{"event": "rgbnt100_role_epoch", "fold": 1, "mode": "comparison", "epoch": 19, "optimizer_steps": 86, "learning_rate": 1.5129544912544829e-05, "mean_loss": 0.49562610408594443, "elapsed_seconds": 95.10317414812744}
{"event": "rgbnt100_role_epoch", "fold": 1, "mode": "comparison", "epoch": 20, "optimizer_steps": 86, "learning_rate": 3.824169871584004e-06, "mean_loss": 0.49558095218137255, "elapsed_seconds": 94.76911133900285}
建立transformer............
using Transformer_type: ViT-B-16 as a backbone
Resized position embedding: %s to %s torch.Size([197, 768]) torch.Size([129, 768])
Position embedding resize to height:8 width: 16
Successfully load ckpt!
<All keys matched successfully>
Loading pretrained model from CLIP
camera number is : 8
===========Building Signal===========
建立transformer............
using Transformer_type: ViT-B-16 as a backbone
Resized position embedding: %s to %s torch.Size([197, 768]) torch.Size([129, 768])
Position embedding resize to height:8 width: 16
Successfully load ckpt!
<All keys matched successfully>
Loading pretrained model from CLIP
camera number is : 8
===========Building Signal===========
{"event": "rgbnt100_role_epoch", "fold": 2, "mode": "comparison", "epoch": 1, "optimizer_steps": 90, "learning_rate": 7.000000000000001e-05, "mean_loss": 1.333256381087833, "elapsed_seconds": 99.72092688083649}
{"event": "rgbnt100_role_epoch", "fold": 2, "mode": "comparison", "epoch": 2, "optimizer_steps": 91, "learning_rate": 0.00014000000000000001, "mean_loss": 0.5652680993080139, "elapsed_seconds": 100.76235412806273}
{"event": "rgbnt100_role_epoch", "fold": 2, "mode": "comparison", "epoch": 3, "optimizer_steps": 91, "learning_rate": 0.00020999999999999998, "mean_loss": 0.508133012514848, "elapsed_seconds": 101.39238249696791}
{"event": "rgbnt100_role_epoch", "fold": 2, "mode": "comparison", "epoch": 4, "optimizer_steps": 91, "learning_rate": 0.00028000000000000003, "mean_loss": 0.5032409508149702, "elapsed_seconds": 101.94803034327924}
{"event": "rgbnt100_role_epoch", "fold": 2, "mode": "comparison", "epoch": 5, "optimizer_steps": 92, "learning_rate": 0.00035, "mean_loss": 0.5029227817836015, "elapsed_seconds": 102.52429131232202}
{"event": "rgbnt100_role_epoch", "fold": 2, "mode": "comparison", "epoch": 6, "optimizer_steps": 91, "learning_rate": 0.00035, "mean_loss": 0.5106134532572149, "elapsed_seconds": 101.80358878709376}
{"event": "rgbnt100_role_epoch", "fold": 2, "mode": "comparison", "epoch": 7, "optimizer_steps": 91, "learning_rate": 0.000346175830128416, "mean_loss": 0.5217499497172596, "elapsed_seconds": 101.52698496170342}
{"event": "rgbnt100_role_epoch", "fold": 2, "mode": "comparison", "epoch": 8, "optimizer_steps": 92, "learning_rate": 0.0003348704550874551, "mean_loss": 0.5194269315056179, "elapsed_seconds": 102.35943929851055}
{"event": "rgbnt100_role_epoch", "fold": 2, "mode": "comparison", "epoch": 9, "optimizer_steps": 90, "learning_rate": 0.0003165779740156158, "mean_loss": 0.516883905728658, "elapsed_seconds": 101.23068204522133}
{"event": "rgbnt100_role_epoch", "fold": 2, "mode": "comparison", "epoch": 10, "optimizer_steps": 90, "learning_rate": 0.0002920978561128002, "mean_loss": 0.5105262835820515, "elapsed_seconds": 99.63166087120771}
{"event": "rgbnt100_role_epoch", "fold": 2, "mode": "comparison", "epoch": 11, "optimizer_steps": 92, "learning_rate": 0.0002625, "mean_loss": 0.5074404189768045, "elapsed_seconds": 102.89058692380786}
{"event": "rgbnt100_role_epoch", "fold": 2, "mode": "comparison", "epoch": 12, "optimizer_steps": 90, "learning_rate": 0.0002290779740156158, "mean_loss": 0.5057215432325999, "elapsed_seconds": 100.40712638758123}
{"event": "rgbnt100_role_epoch", "fold": 2, "mode": "comparison", "epoch": 13, "optimizer_steps": 92, "learning_rate": 0.00019329248107183937, "mean_loss": 0.5006839629748593, "elapsed_seconds": 103.29136848077178}
{"event": "rgbnt100_role_epoch", "fold": 2, "mode": "comparison", "epoch": 14, "optimizer_steps": 91, "learning_rate": 0.00015670751892816066, "mean_loss": 0.4990124856377696, "elapsed_seconds": 101.14907188341022}
{"event": "rgbnt100_role_epoch", "fold": 2, "mode": "comparison", "epoch": 15, "optimizer_steps": 91, "learning_rate": 0.00012092202598438422, "mean_loss": 0.4986097341055398, "elapsed_seconds": 100.92419166490436}
{"event": "rgbnt100_role_epoch", "fold": 2, "mode": "comparison", "epoch": 16, "optimizer_steps": 92, "learning_rate": 8.750000000000004e-05, "mean_loss": 0.498400019886701, "elapsed_seconds": 102.3400873169303}
{"event": "rgbnt100_role_epoch", "fold": 2, "mode": "comparison", "epoch": 17, "optimizer_steps": 91, "learning_rate": 5.7902143887199866e-05, "mean_loss": 0.49835694556707866, "elapsed_seconds": 101.79614986665547}
{"event": "rgbnt100_role_epoch", "fold": 2, "mode": "comparison", "epoch": 18, "optimizer_steps": 91, "learning_rate": 3.342202598438421e-05, "mean_loss": 0.49824554677847976, "elapsed_seconds": 101.39339992031455}
{"event": "rgbnt100_role_epoch", "fold": 2, "mode": "comparison", "epoch": 19, "optimizer_steps": 92, "learning_rate": 1.5129544912544829e-05, "mean_loss": 0.49820897792992386, "elapsed_seconds": 102.50448704697192}
{"event": "rgbnt100_role_epoch", "fold": 2, "mode": "comparison", "epoch": 20, "optimizer_steps": 92, "learning_rate": 3.824169871584004e-06, "mean_loss": 0.49819183576366177, "elapsed_seconds": 103.01791591383517}
建立transformer............
using Transformer_type: ViT-B-16 as a backbone
Resized position embedding: %s to %s torch.Size([197, 768]) torch.Size([129, 768])
Position embedding resize to height:8 width: 16
Successfully load ckpt!
<All keys matched successfully>
Loading pretrained model from CLIP
camera number is : 8
===========Building Signal===========
{"event": "complete", "status": "COMPLETE_COMPARISON_SUPPORT_PASS", "elapsed_seconds": 6216.345667030662}
