/data/gaob/Re-ID/conda-envs/tri_reid/lib/python3.10/site-packages/timm/models/helpers.py:7: FutureWarning: Importing from timm.models.helpers is deprecated, please import via timm.models
  warnings.warn(f"Importing from {__name__} is deprecated, please import via timm.models", FutureWarning)
/data/gaob/Re-ID/conda-envs/tri_reid/lib/python3.10/site-packages/timm/models/registry.py:4: FutureWarning: Importing from timm.models.registry is deprecated, please import via timm.models
  warnings.warn(f"Importing from {__name__} is deprecated, please import via timm.models", FutureWarning)
/data/gaob/Re-ID/conda-envs/tri_reid/lib/python3.10/site-packages/timm/models/layers/__init__.py:48: FutureWarning: Importing from timm.models.layers is deprecated, please import via timm.layers
  warnings.warn(f"Importing from {__name__} is deprecated, please import via timm.layers", FutureWarning)
建立transformer............
using Transformer_type: ViT-B-16 as a backbone
Resized position embedding: %s to %s torch.Size([197, 768]) torch.Size([129, 768])
Position embedding resize to height:8 width: 16
Successfully load ckpt!
<All keys matched successfully>
Loading pretrained model from CLIP
camera number is : 8
===========Building Signal===========
{"event": "epoch", "dataset": "MSVR310", "epoch": 1, "steps": 20, "mean_loss": 5.204397296905517, "seconds": 11.318547471993952, "official_fused": {"mAP": 50.91434459147863, "Rank-1": 68.52791905403137, "Rank-5": 81.04906678199768, "Rank-10": 85.78680157661438}, "best_epoch": 1}
{"event": "epoch", "dataset": "MSVR310", "epoch": 2, "steps": 20, "mean_loss": 4.908461022377014, "seconds": 9.064918421994662, "official_fused": {"mAP": 49.75748767680127, "Rank-1": 67.17427968978882, "Rank-5": 81.55668377876282, "Rank-10": 85.27919054031372}, "best_epoch": 1}
{"event": "epoch", "dataset": "MSVR310", "epoch": 3, "steps": 20, "mean_loss": 4.418929862976074, "seconds": 9.215967960000853, "official_fused": {"mAP": 50.69164491440797, "Rank-1": 68.02030205726624, "Rank-5": 81.89509510993958, "Rank-10": 85.10998487472534}, "best_epoch": 1}
{"event": "epoch", "dataset": "MSVR310", "epoch": 4, "steps": 20, "mean_loss": 3.7548843741416933, "seconds": 9.28988066499005, "official_fused": {"mAP": 48.69131133814557, "Rank-1": 65.82064032554626, "Rank-5": 80.03383874893188, "Rank-10": 85.10998487472534}, "best_epoch": 1}
{"event": "epoch", "dataset": "MSVR310", "epoch": 5, "steps": 20, "mean_loss": 3.0076693177223204, "seconds": 9.517114501009928, "official_fused": {"mAP": 49.73129590056953, "Rank-1": 66.66666865348816, "Rank-5": 80.87986707687378, "Rank-10": 86.46361827850342}, "best_epoch": 1}
{"event": "epoch", "dataset": "MSVR310", "epoch": 6, "steps": 20, "mean_loss": 2.3077429592609406, "seconds": 9.453729717992246, "official_fused": {"mAP": 50.69622717060332, "Rank-1": 67.3434853553772, "Rank-5": 80.87986707687378, "Rank-10": 86.29441857337952}, "best_epoch": 1}
{"event": "epoch", "dataset": "MSVR310", "epoch": 7, "steps": 20, "mean_loss": 1.7949819684028625, "seconds": 9.57701746901148, "official_fused": {"mAP": 49.869362554112996, "Rank-1": 66.66666865348816, "Rank-5": 79.86463904380798, "Rank-10": 85.78680157661438}, "best_epoch": 1}
{"event": "epoch", "dataset": "MSVR310", "epoch": 8, "steps": 20, "mean_loss": 1.4848887741565704, "seconds": 9.613645701989299, "official_fused": {"mAP": 52.10917916430681, "Rank-1": 67.85110235214233, "Rank-5": 83.07952880859375, "Rank-10": 86.97123527526855}, "best_epoch": 8}
