/data/gaob/Re-ID/conda-envs/tri_reid/lib/python3.10/site-packages/timm/models/helpers.py:7: FutureWarning: Importing from timm.models.helpers is deprecated, please import via timm.models
  warnings.warn(f"Importing from {__name__} is deprecated, please import via timm.models", FutureWarning)
/data/gaob/Re-ID/conda-envs/tri_reid/lib/python3.10/site-packages/timm/models/registry.py:4: FutureWarning: Importing from timm.models.registry is deprecated, please import via timm.models
  warnings.warn(f"Importing from {__name__} is deprecated, please import via timm.models", FutureWarning)
/data/gaob/Re-ID/conda-envs/tri_reid/lib/python3.10/site-packages/timm/models/layers/__init__.py:48: FutureWarning: Importing from timm.models.layers is deprecated, please import via timm.layers
  warnings.warn(f"Importing from {__name__} is deprecated, please import via timm.layers", FutureWarning)
建立transformer............
using Transformer_type: ViT-B-16 as a backbone
Resized position embedding: %s to %s torch.Size([197, 768]) torch.Size([129, 768])
Position embedding resize to height:16 width: 8
Successfully load ckpt!
<All keys matched successfully>
Loading pretrained model from CLIP
camera number is : 4
===========Building Signal===========
{"event": "epoch", "dataset": "RGBNT201", "epoch": 1, "steps": 53, "mean_loss": 5.00262588824866, "seconds": 23.356185957003618, "official_fused": {"mAP": 72.10744738689533, "Rank-1": 73.32535982131958, "Rank-5": 82.8947365283966, "Rank-10": 87.91866302490234}, "best_epoch": 1}
{"event": "epoch", "dataset": "RGBNT201", "epoch": 2, "steps": 53, "mean_loss": 4.1656341552734375, "seconds": 20.955203680001432, "official_fused": {"mAP": 72.59971600522543, "Rank-1": 74.04305934906006, "Rank-5": 83.13397169113159, "Rank-10": 87.91866302490234}, "best_epoch": 2}
{"event": "epoch", "dataset": "RGBNT201", "epoch": 3, "steps": 53, "mean_loss": 2.8207768674166696, "seconds": 21.796630723001726, "official_fused": {"mAP": 71.04247069167053, "Rank-1": 71.77033424377441, "Rank-5": 80.38277626037598, "Rank-10": 85.8851671218872}, "best_epoch": 2}
{"event": "epoch", "dataset": "RGBNT201", "epoch": 4, "steps": 53, "mean_loss": 1.6223489945789553, "seconds": 22.84356327400019, "official_fused": {"mAP": 70.96127145218593, "Rank-1": 70.57416439056396, "Rank-5": 80.14354109764099, "Rank-10": 85.64593195915222}, "best_epoch": 2}
{"event": "epoch", "dataset": "RGBNT201", "epoch": 5, "steps": 53, "mean_loss": 1.0875274876378618, "seconds": 22.487013115998707, "official_fused": {"mAP": 69.77292968095999, "Rank-1": 69.85645890235901, "Rank-5": 79.42583560943604, "Rank-10": 84.68899726867676}, "best_epoch": 2}
{"event": "epoch", "dataset": "RGBNT201", "epoch": 6, "steps": 53, "mean_loss": 0.9482992178988907, "seconds": 22.694323969000834, "official_fused": {"mAP": 69.60466861090742, "Rank-1": 69.25837397575378, "Rank-5": 78.70813608169556, "Rank-10": 84.09090638160706}, "best_epoch": 2}
{"event": "epoch", "dataset": "RGBNT201", "epoch": 7, "steps": 53, "mean_loss": 0.9180928277519514, "seconds": 23.109731732998625, "official_fused": {"mAP": 68.4040365508634, "Rank-1": 68.30143332481384, "Rank-5": 77.27272510528564, "Rank-10": 82.8947365283966}, "best_epoch": 2}
{"event": "epoch", "dataset": "RGBNT201", "epoch": 8, "steps": 53, "mean_loss": 0.9084127466633635, "seconds": 22.897828767003375, "official_fused": {"mAP": 69.10434291327466, "Rank-1": 67.9425835609436, "Rank-5": 78.22966575622559, "Rank-10": 84.21052694320679}, "best_epoch": 2}
{"event": "epoch", "dataset": "RGBNT201", "epoch": 9, "steps": 53, "mean_loss": 0.9017931728992822, "seconds": 22.443957619994762, "official_fused": {"mAP": 69.81133110503703, "Rank-1": 70.57416439056396, "Rank-5": 79.18660044670105, "Rank-10": 84.09090638160706}, "best_epoch": 2}
{"event": "epoch", "dataset": "RGBNT201", "epoch": 10, "steps": 53, "mean_loss": 0.8993351302056942, "seconds": 22.62704085600126, "official_fused": {"mAP": 68.78684413813131, "Rank-1": 69.25837397575378, "Rank-5": 77.03348994255066, "Rank-10": 82.77512192726135}, "best_epoch": 2}
{"event": "epoch", "dataset": "RGBNT201", "epoch": 11, "steps": 53, "mean_loss": 0.8939825026494153, "seconds": 22.69315270199877, "official_fused": {"mAP": 70.42189023665675, "Rank-1": 70.9330141544342, "Rank-5": 79.54545617103577, "Rank-10": 84.33014154434204}, "best_epoch": 2}
{"event": "epoch", "dataset": "RGBNT201", "epoch": 12, "steps": 53, "mean_loss": 0.8923077898205451, "seconds": 22.500337368001055, "official_fused": {"mAP": 70.14334598909949, "Rank-1": 70.21530866622925, "Rank-5": 77.51196026802063, "Rank-10": 82.29665160179138}, "best_epoch": 2}
{"event": "epoch", "dataset": "RGBNT201", "epoch": 13, "steps": 53, "mean_loss": 0.8896717440407231, "seconds": 22.63162572899455, "official_fused": {"mAP": 69.448850860413, "Rank-1": 69.73684430122375, "Rank-5": 78.70813608169556, "Rank-10": 83.49282145500183}, "best_epoch": 2}
{"event": "epoch", "dataset": "RGBNT201", "epoch": 14, "steps": 53, "mean_loss": 0.8863838573671737, "seconds": 22.620510687003843, "official_fused": {"mAP": 69.2288436719245, "Rank-1": 67.70334839820862, "Rank-5": 76.0765552520752, "Rank-10": 81.69856667518616}, "best_epoch": 2}
{"event": "epoch", "dataset": "RGBNT201", "epoch": 15, "steps": 53, "mean_loss": 0.8821202111694048, "seconds": 22.67064659800235, "official_fused": {"mAP": 68.89995176598327, "Rank-1": 69.25837397575378, "Rank-5": 78.70813608169556, "Rank-10": 84.68899726867676}, "best_epoch": 2}
{"event": "epoch", "dataset": "RGBNT201", "epoch": 16, "steps": 53, "mean_loss": 0.8823322811216678, "seconds": 22.70987246599543, "official_fused": {"mAP": 69.08961919432454, "Rank-1": 68.54066848754883, "Rank-5": 77.03348994255066, "Rank-10": 81.81818127632141}, "best_epoch": 2}
{"event": "epoch", "dataset": "RGBNT201", "epoch": 17, "steps": 53, "mean_loss": 0.8771164788390106, "seconds": 22.673172024005908, "official_fused": {"mAP": 69.10961978690294, "Rank-1": 68.66028904914856, "Rank-5": 76.43540501594543, "Rank-10": 82.65550136566162}, "best_epoch": 2}
{"event": "epoch", "dataset": "RGBNT201", "epoch": 18, "steps": 53, "mean_loss": 0.8743755063920651, "seconds": 22.423986429996148, "official_fused": {"mAP": 69.3235594748081, "Rank-1": 69.49760913848877, "Rank-5": 77.63158082962036, "Rank-10": 83.01435112953186}, "best_epoch": 2}
{"event": "epoch", "dataset": "RGBNT201", "epoch": 19, "steps": 53, "mean_loss": 0.8742823364599696, "seconds": 22.80470156500087, "official_fused": {"mAP": 68.94549795405331, "Rank-1": 69.73684430122375, "Rank-5": 76.9138753414154, "Rank-10": 82.53588676452637}, "best_epoch": 2}
{"event": "epoch", "dataset": "RGBNT201", "epoch": 20, "steps": 53, "mean_loss": 0.8724460084483309, "seconds": 22.77004759000556, "official_fused": {"mAP": 68.92125148153528, "Rank-1": 68.77990365028381, "Rank-5": 77.87081599235535, "Rank-10": 83.61244201660156}, "best_epoch": 2}
{"event": "epoch", "dataset": "RGBNT201", "epoch": 21, "steps": 53, "mean_loss": 0.8706395131237102, "seconds": 23.842402368994954, "official_fused": {"mAP": 69.74617077147525, "Rank-1": 70.21530866622925, "Rank-5": 78.70813608169556, "Rank-10": 84.33014154434204}, "best_epoch": 2}
{"event": "epoch", "dataset": "RGBNT201", "epoch": 22, "steps": 53, "mean_loss": 0.8687422590435676, "seconds": 23.076367023000785, "official_fused": {"mAP": 70.10433813340238, "Rank-1": 70.45454382896423, "Rank-5": 79.18660044670105, "Rank-10": 84.09090638160706}, "best_epoch": 2}
{"event": "epoch", "dataset": "RGBNT201", "epoch": 23, "steps": 53, "mean_loss": 0.8674888622086003, "seconds": 22.956181515000935, "official_fused": {"mAP": 69.08038161820713, "Rank-1": 69.73684430122375, "Rank-5": 78.22966575622559, "Rank-10": 81.81818127632141}, "best_epoch": 2}
{"event": "epoch", "dataset": "RGBNT201", "epoch": 24, "steps": 53, "mean_loss": 0.8659394911999972, "seconds": 22.903843733998656, "official_fused": {"mAP": 69.41613380306187, "Rank-1": 70.69377899169922, "Rank-5": 78.82775068283081, "Rank-10": 83.49282145500183}, "best_epoch": 2}
{"event": "epoch", "dataset": "RGBNT201", "epoch": 25, "steps": 53, "mean_loss": 0.8654616205197461, "seconds": 23.234425513001042, "official_fused": {"mAP": 68.94586568900381, "Rank-1": 69.13875341415405, "Rank-5": 77.15311050415039, "Rank-10": 83.61244201660156}, "best_epoch": 2}
{"event": "epoch", "dataset": "RGBNT201", "epoch": 26, "steps": 53, "mean_loss": 0.8640749893098507, "seconds": 22.44879472899629, "official_fused": {"mAP": 69.73789600105103, "Rank-1": 70.33492922782898, "Rank-5": 77.87081599235535, "Rank-10": 83.85167717933655}, "best_epoch": 2}
{"event": "epoch", "dataset": "RGBNT201", "epoch": 27, "steps": 53, "mean_loss": 0.862390324754535, "seconds": 23.165392242000962, "official_fused": {"mAP": 68.06414769314027, "Rank-1": 67.82296895980835, "Rank-5": 76.67464017868042, "Rank-10": 83.01435112953186}, "best_epoch": 2}
{"event": "epoch", "dataset": "RGBNT201", "epoch": 28, "steps": 53, "mean_loss": 0.8615167602053229, "seconds": 22.78340680999827, "official_fused": {"mAP": 69.02518516267322, "Rank-1": 69.25837397575378, "Rank-5": 77.03348994255066, "Rank-10": 82.53588676452637}, "best_epoch": 2}
{"event": "epoch", "dataset": "RGBNT201", "epoch": 29, "steps": 53, "mean_loss": 0.8618142717289474, "seconds": 22.46477250400494, "official_fused": {"mAP": 69.00109402856748, "Rank-1": 69.49760913848877, "Rank-5": 77.9904305934906, "Rank-10": 83.13397169113159}, "best_epoch": 2}
{"event": "epoch", "dataset": "RGBNT201", "epoch": 30, "steps": 53, "mean_loss": 0.859697773771466, "seconds": 23.16043964099663, "official_fused": {"mAP": 68.69586315916867, "Rank-1": 69.25837397575378, "Rank-5": 78.46890091896057, "Rank-10": 83.37320685386658}, "best_epoch": 2}
{"event": "epoch", "dataset": "RGBNT201", "epoch": 31, "steps": 53, "mean_loss": 0.8597322196330665, "seconds": 23.1139206969965, "official_fused": {"mAP": 69.34871070564824, "Rank-1": 69.0191388130188, "Rank-5": 78.58851552009583, "Rank-10": 83.73205661773682}, "best_epoch": 2}
{"event": "epoch", "dataset": "RGBNT201", "epoch": 32, "steps": 53, "mean_loss": 0.8583658573762426, "seconds": 22.427153730997816, "official_fused": {"mAP": 69.94011196664354, "Rank-1": 70.21530866622925, "Rank-5": 78.58851552009583, "Rank-10": 83.85167717933655}, "best_epoch": 2}
{"event": "epoch", "dataset": "RGBNT201", "epoch": 33, "steps": 53, "mean_loss": 0.8576144025010882, "seconds": 22.614279393004836, "official_fused": {"mAP": 68.78245814504808, "Rank-1": 68.89952421188354, "Rank-5": 77.63158082962036, "Rank-10": 82.29665160179138}, "best_epoch": 2}
{"event": "epoch", "dataset": "RGBNT201", "epoch": 34, "steps": 53, "mean_loss": 0.8558931159523299, "seconds": 22.645723656001792, "official_fused": {"mAP": 69.03205476956246, "Rank-1": 69.73684430122375, "Rank-5": 78.11004519462585, "Rank-10": 82.0574164390564}, "best_epoch": 2}
{"event": "epoch", "dataset": "RGBNT201", "epoch": 35, "steps": 53, "mean_loss": 0.8551727308417266, "seconds": 22.777378090999264, "official_fused": {"mAP": 68.1376721803991, "Rank-1": 68.77990365028381, "Rank-5": 76.9138753414154, "Rank-10": 81.93780183792114}, "best_epoch": 2}
{"event": "epoch", "dataset": "RGBNT201", "epoch": 36, "steps": 53, "mean_loss": 0.8547590352454275, "seconds": 22.66616108800372, "official_fused": {"mAP": 68.66080842830809, "Rank-1": 69.0191388130188, "Rank-5": 78.11004519462585, "Rank-10": 82.8947365283966}, "best_epoch": 2}
{"event": "epoch", "dataset": "RGBNT201", "epoch": 37, "steps": 53, "mean_loss": 0.8545761085906118, "seconds": 22.714733565000643, "official_fused": {"mAP": 67.82390445147695, "Rank-1": 67.46411323547363, "Rank-5": 77.27272510528564, "Rank-10": 82.0574164390564}, "best_epoch": 2}
{"event": "epoch", "dataset": "RGBNT201", "epoch": 38, "steps": 53, "mean_loss": 0.8536123892046371, "seconds": 23.77503684599651, "official_fused": {"mAP": 68.23477006511861, "Rank-1": 68.06219816207886, "Rank-5": 77.39234566688538, "Rank-10": 82.0574164390564}, "best_epoch": 2}
{"event": "epoch", "dataset": "RGBNT201", "epoch": 39, "steps": 53, "mean_loss": 0.8529179669776052, "seconds": 22.8718093139978, "official_fused": {"mAP": 68.53191496182045, "Rank-1": 68.30143332481384, "Rank-5": 77.87081599235535, "Rank-10": 81.69856667518616}, "best_epoch": 2}
{"event": "epoch", "dataset": "RGBNT201", "epoch": 40, "steps": 53, "mean_loss": 0.8526842942777669, "seconds": 23.01388111099368, "official_fused": {"mAP": 68.51808301118074, "Rank-1": 68.66028904914856, "Rank-5": 77.75119543075562, "Rank-10": 81.69856667518616}, "best_epoch": 2}
{"event": "epoch", "dataset": "RGBNT201", "epoch": 41, "steps": 53, "mean_loss": 0.8529832633036487, "seconds": 23.232781628998055, "official_fused": {"mAP": 68.96341863885485, "Rank-1": 68.66028904914856, "Rank-5": 77.87081599235535, "Rank-10": 82.17703104019165}, "best_epoch": 2}
{"event": "epoch", "dataset": "RGBNT201", "epoch": 42, "steps": 53, "mean_loss": 0.8521547025104739, "seconds": 22.676089995999064, "official_fused": {"mAP": 68.6663734109971, "Rank-1": 68.30143332481384, "Rank-5": 77.9904305934906, "Rank-10": 81.93780183792114}, "best_epoch": 2}
{"event": "epoch", "dataset": "RGBNT201", "epoch": 43, "steps": 53, "mean_loss": 0.8515421748161316, "seconds": 22.670705890996032, "official_fused": {"mAP": 68.4901660854718, "Rank-1": 68.18181872367859, "Rank-5": 77.39234566688538, "Rank-10": 81.45933151245117}, "best_epoch": 2}
{"event": "epoch", "dataset": "RGBNT201", "epoch": 44, "steps": 53, "mean_loss": 0.8519720446388677, "seconds": 22.662441025997396, "official_fused": {"mAP": 68.40588058492955, "Rank-1": 68.06219816207886, "Rank-5": 77.9904305934906, "Rank-10": 81.69856667518616}, "best_epoch": 2}
{"event": "epoch", "dataset": "RGBNT201", "epoch": 45, "steps": 53, "mean_loss": 0.8526149245927919, "seconds": 22.973981784001808, "official_fused": {"mAP": 68.53872783230926, "Rank-1": 68.06219816207886, "Rank-5": 77.75119543075562, "Rank-10": 81.69856667518616}, "best_epoch": 2}
{"event": "epoch", "dataset": "RGBNT201", "epoch": 46, "steps": 52, "mean_loss": 0.8517845742977582, "seconds": 22.432402215003094, "official_fused": {"mAP": 68.54878009123478, "Rank-1": 68.42105388641357, "Rank-5": 77.9904305934906, "Rank-10": 81.57894611358643}, "best_epoch": 2}
{"event": "epoch", "dataset": "RGBNT201", "epoch": 47, "steps": 53, "mean_loss": 0.8513731068035342, "seconds": 22.649058076000074, "official_fused": {"mAP": 68.62008517317048, "Rank-1": 68.54066848754883, "Rank-5": 77.9904305934906, "Rank-10": 82.0574164390564}, "best_epoch": 2}
{"event": "epoch", "dataset": "RGBNT201", "epoch": 48, "steps": 53, "mean_loss": 0.8515169598021597, "seconds": 22.665352682000957, "official_fused": {"mAP": 68.63031221200644, "Rank-1": 68.54066848754883, "Rank-5": 78.22966575622559, "Rank-10": 82.0574164390564}, "best_epoch": 2}
{"event": "epoch", "dataset": "RGBNT201", "epoch": 49, "steps": 53, "mean_loss": 0.8511091403241428, "seconds": 23.02419024100527, "official_fused": {"mAP": 68.58715587116943, "Rank-1": 68.54066848754883, "Rank-5": 77.9904305934906, "Rank-10": 81.93780183792114}, "best_epoch": 2}
{"event": "epoch", "dataset": "RGBNT201", "epoch": 50, "steps": 53, "mean_loss": 0.8517044658930797, "seconds": 22.6657698659983, "official_fused": {"mAP": 68.58368113576843, "Rank-1": 68.54066848754883, "Rank-5": 77.9904305934906, "Rank-10": 81.93780183792114}, "best_epoch": 2}
