/data/gaob/Re-ID/conda-envs/tri_reid/lib/python3.10/site-packages/timm/models/helpers.py:7: FutureWarning: Importing from timm.models.helpers is deprecated, please import via timm.models
  warnings.warn(f"Importing from {__name__} is deprecated, please import via timm.models", FutureWarning)
/data/gaob/Re-ID/conda-envs/tri_reid/lib/python3.10/site-packages/timm/models/registry.py:4: FutureWarning: Importing from timm.models.registry is deprecated, please import via timm.models
  warnings.warn(f"Importing from {__name__} is deprecated, please import via timm.models", FutureWarning)
/data/gaob/Re-ID/conda-envs/tri_reid/lib/python3.10/site-packages/timm/models/layers/__init__.py:48: FutureWarning: Importing from timm.models.layers is deprecated, please import via timm.layers
  warnings.warn(f"Importing from {__name__} is deprecated, please import via timm.layers", FutureWarning)
建立transformer............
using Transformer_type: ViT-B-16 as a backbone
Resized position embedding: %s to %s torch.Size([197, 768]) torch.Size([129, 768])
Position embedding resize to height:8 width: 16
Successfully load ckpt!
<All keys matched successfully>
Loading pretrained model from CLIP
camera number is : 8
===========Building Signal===========
{"event": "epoch", "dataset": "RGBNT100", "recipe": "raw", "epoch": 1, "steps": 130, "mean_loss": 4.365652770262498, "seconds": 62.938642569992226, "official_fused": {"mAP": 47.3207035837666, "Rank-1": 74.46064352989197, "Rank-5": 79.18367385864258, "Rank-10": 82.33236074447632}}
{"event": "epoch", "dataset": "RGBNT100", "recipe": "raw", "epoch": 2, "steps": 131, "mean_loss": 1.792602889410412, "seconds": 73.91393736700411, "official_fused": {"mAP": 66.50383274635509, "Rank-1": 88.68804574012756, "Rank-5": 91.54518842697144, "Rank-10": 93.5276985168457}}
{"event": "epoch", "dataset": "RGBNT100", "recipe": "raw", "epoch": 3, "steps": 132, "mean_loss": 0.9296803171887542, "seconds": 70.41133069898933, "official_fused": {"mAP": 70.78736150890863, "Rank-1": 92.2448992729187, "Rank-5": 93.81924271583557, "Rank-10": 94.63557004928589}}
{"event": "epoch", "dataset": "RGBNT100", "recipe": "raw", "epoch": 4, "steps": 131, "mean_loss": 0.8063979649361763, "seconds": 69.36281371998484, "official_fused": {"mAP": 71.47756705936573, "Rank-1": 93.23615431785583, "Rank-5": 94.63557004928589, "Rank-10": 95.5102026462555}}
{"event": "epoch", "dataset": "RGBNT100", "recipe": "raw", "epoch": 5, "steps": 132, "mean_loss": 0.7726493103034568, "seconds": 71.09440239498508, "official_fused": {"mAP": 70.6327007893133, "Rank-1": 92.41982698440552, "Rank-5": 93.93585920333862, "Rank-10": 94.75218653678894}}
{"event": "epoch", "dataset": "RGBNT100", "recipe": "raw", "epoch": 6, "steps": 131, "mean_loss": 0.7573199404104975, "seconds": 71.18151173298247, "official_fused": {"mAP": 71.3069372602446, "Rank-1": 92.12828278541565, "Rank-5": 93.93585920333862, "Rank-10": 94.8104977607727}}
{"event": "epoch", "dataset": "RGBNT100", "recipe": "raw", "epoch": 7, "steps": 132, "mean_loss": 0.7464493278301123, "seconds": 70.8862067599839, "official_fused": {"mAP": 71.16624281131102, "Rank-1": 91.66180491447449, "Rank-5": 93.1195318698883, "Rank-10": 94.1690981388092}}
{"event": "epoch", "dataset": "RGBNT100", "recipe": "raw", "epoch": 8, "steps": 131, "mean_loss": 0.7393270876571423, "seconds": 70.90138498900342, "official_fused": {"mAP": 72.00069708961388, "Rank-1": 91.8367326259613, "Rank-5": 93.5276985168457, "Rank-10": 94.40233111381531}}
{"event": "epoch", "dataset": "RGBNT100", "recipe": "raw", "epoch": 9, "steps": 130, "mean_loss": 0.7343126943478218, "seconds": 67.43244941500598, "official_fused": {"mAP": 72.2227964936871, "Rank-1": 92.4781322479248, "Rank-5": 93.70262622833252, "Rank-10": 94.63557004928589}}
{"event": "epoch", "dataset": "RGBNT100", "recipe": "raw", "epoch": 10, "steps": 132, "mean_loss": 0.7303504830960071, "seconds": 72.5163889649848, "official_fused": {"mAP": 71.81456478763266, "Rank-1": 92.18658804893494, "Rank-5": 93.5276985168457, "Rank-10": 94.51894760131836}}
{"event": "epoch", "dataset": "RGBNT100", "recipe": "raw", "epoch": 11, "steps": 131, "mean_loss": 0.7277401135168002, "seconds": 70.01137198699871, "official_fused": {"mAP": 71.33940896900003, "Rank-1": 91.07871651649475, "Rank-5": 93.17784309387207, "Rank-10": 93.81924271583557}}
{"event": "epoch", "dataset": "RGBNT100", "recipe": "raw", "epoch": 12, "steps": 131, "mean_loss": 0.7251014859621762, "seconds": 70.49784442599048, "official_fused": {"mAP": 72.32419201732495, "Rank-1": 91.77842736244202, "Rank-5": 93.1195318698883, "Rank-10": 94.40233111381531}}
{"event": "epoch", "dataset": "RGBNT100", "recipe": "raw", "epoch": 13, "steps": 131, "mean_loss": 0.7229252898966083, "seconds": 68.85422356601339, "official_fused": {"mAP": 72.17725111777668, "Rank-1": 92.2448992729187, "Rank-5": 93.00291538238525, "Rank-10": 94.40233111381531}}
{"event": "epoch", "dataset": "RGBNT100", "recipe": "raw", "epoch": 14, "steps": 132, "mean_loss": 0.7207891037969878, "seconds": 70.20362446500803, "official_fused": {"mAP": 72.58171547846605, "Rank-1": 92.36151576042175, "Rank-5": 93.87755393981934, "Rank-10": 95.04373073577881}}
{"event": "epoch", "dataset": "RGBNT100", "recipe": "raw", "epoch": 15, "steps": 129, "mean_loss": 0.7194316627443299, "seconds": 68.72660177000216, "official_fused": {"mAP": 72.36218094647263, "Rank-1": 92.06997156143188, "Rank-5": 93.58600378036499, "Rank-10": 94.46064233779907}}
{"event": "epoch", "dataset": "RGBNT100", "recipe": "raw", "epoch": 16, "steps": 131, "mean_loss": 0.718882564824956, "seconds": 71.56192569399718, "official_fused": {"mAP": 73.21445206750894, "Rank-1": 92.18658804893494, "Rank-5": 93.93585920333862, "Rank-10": 94.63557004928589}}
{"event": "epoch", "dataset": "RGBNT100", "recipe": "raw", "epoch": 17, "steps": 132, "mean_loss": 0.7170808112079446, "seconds": 71.35837123697274, "official_fused": {"mAP": 73.31005604235428, "Rank-1": 93.23615431785583, "Rank-5": 94.57725882530212, "Rank-10": 95.21865844726562}}
{"event": "epoch", "dataset": "RGBNT100", "recipe": "raw", "epoch": 18, "steps": 132, "mean_loss": 0.7163797187985796, "seconds": 71.70391349500278, "official_fused": {"mAP": 73.05360046647372, "Rank-1": 92.2448992729187, "Rank-5": 94.1690981388092, "Rank-10": 95.21865844726562}}
{"event": "epoch", "dataset": "RGBNT100", "recipe": "raw", "epoch": 19, "steps": 132, "mean_loss": 0.7157639215389887, "seconds": 70.9838698930107, "official_fused": {"mAP": 73.84473916596173, "Rank-1": 93.23615431785583, "Rank-5": 95.10204195976257, "Rank-10": 96.03498578071594}}
{"event": "epoch", "dataset": "RGBNT100", "recipe": "raw", "epoch": 20, "steps": 132, "mean_loss": 0.7150306502978007, "seconds": 73.13758399101789, "official_fused": {"mAP": 73.7129276621722, "Rank-1": 93.64431500434875, "Rank-5": 95.5102026462555, "Rank-10": 96.20991349220276}}
{"event": "epoch", "dataset": "RGBNT100", "recipe": "raw", "epoch": 21, "steps": 131, "mean_loss": 0.7151420748870791, "seconds": 72.78951043300913, "official_fused": {"mAP": 73.67469951387012, "Rank-1": 92.94460415840149, "Rank-5": 94.51894760131836, "Rank-10": 95.39358615875244}}
{"event": "epoch", "dataset": "RGBNT100", "recipe": "raw", "epoch": 22, "steps": 132, "mean_loss": 0.7140747231967521, "seconds": 75.17365210098797, "official_fused": {"mAP": 73.76028146413519, "Rank-1": 93.29445958137512, "Rank-5": 94.57725882530212, "Rank-10": 95.39358615875244}}
{"event": "epoch", "dataset": "RGBNT100", "recipe": "raw", "epoch": 23, "steps": 131, "mean_loss": 0.7138054043282079, "seconds": 73.93052648601588, "official_fused": {"mAP": 73.82988634670919, "Rank-1": 93.99417042732239, "Rank-5": 95.68513035774231, "Rank-10": 96.20991349220276}}
{"event": "epoch", "dataset": "RGBNT100", "recipe": "raw", "epoch": 24, "steps": 130, "mean_loss": 0.7134697391436651, "seconds": 71.82707305101212, "official_fused": {"mAP": 74.25929149925598, "Rank-1": 93.29445958137512, "Rank-5": 94.57725882530212, "Rank-10": 95.56851387023926}}
{"event": "epoch", "dataset": "RGBNT100", "recipe": "raw", "epoch": 25, "steps": 132, "mean_loss": 0.7128080490863684, "seconds": 73.07131690700771, "official_fused": {"mAP": 74.32584008371809, "Rank-1": 93.99417042732239, "Rank-5": 95.5102026462555, "Rank-10": 96.03498578071594}}
{"event": "epoch", "dataset": "RGBNT100", "recipe": "raw", "epoch": 26, "steps": 131, "mean_loss": 0.7126250216979106, "seconds": 73.2156087589974, "official_fused": {"mAP": 74.3534355712297, "Rank-1": 93.81924271583557, "Rank-5": 95.27696967124939, "Rank-10": 96.0932970046997}}
{"event": "epoch", "dataset": "RGBNT100", "recipe": "raw", "epoch": 27, "steps": 131, "mean_loss": 0.7125761326942736, "seconds": 71.5823479629762, "official_fused": {"mAP": 74.16565559674123, "Rank-1": 93.58600378036499, "Rank-5": 94.98542547225952, "Rank-10": 95.74344158172607}}
{"event": "epoch", "dataset": "RGBNT100", "recipe": "raw", "epoch": 28, "steps": 130, "mean_loss": 0.7122132003307342, "seconds": 72.15489461200195, "official_fused": {"mAP": 74.32877026720061, "Rank-1": 93.7609314918518, "Rank-5": 94.69387531280518, "Rank-10": 95.74344158172607}}
{"event": "epoch", "dataset": "RGBNT100", "recipe": "raw", "epoch": 29, "steps": 131, "mean_loss": 0.7117560992714103, "seconds": 73.33494002200314, "official_fused": {"mAP": 74.7028856212551, "Rank-1": 94.1690981388092, "Rank-5": 95.39358615875244, "Rank-10": 96.26821875572205}}
{"event": "epoch", "dataset": "RGBNT100", "recipe": "raw", "epoch": 30, "steps": 132, "mean_loss": 0.7115953122124528, "seconds": 72.78585359698627, "official_fused": {"mAP": 74.654612002487, "Rank-1": 94.1690981388092, "Rank-5": 95.04373073577881, "Rank-10": 95.56851387023926}}
{"event": "epoch", "dataset": "RGBNT100", "recipe": "raw", "epoch": 31, "steps": 131, "mean_loss": 0.7111582705992778, "seconds": 72.26914822298568, "official_fused": {"mAP": 74.49093326433065, "Rank-1": 93.99417042732239, "Rank-5": 95.10204195976257, "Rank-10": 95.97667455673218}}
{"event": "epoch", "dataset": "RGBNT100", "recipe": "raw", "epoch": 32, "steps": 131, "mean_loss": 0.7109443390642414, "seconds": 71.24416271300288, "official_fused": {"mAP": 74.4909210070098, "Rank-1": 94.1690981388092, "Rank-5": 95.62682509422302, "Rank-10": 96.38484120368958}}
{"event": "epoch", "dataset": "RGBNT100", "recipe": "raw", "epoch": 33, "steps": 131, "mean_loss": 0.7107983081395389, "seconds": 71.82332425899222, "official_fused": {"mAP": 74.74044991502643, "Rank-1": 93.93585920333862, "Rank-5": 95.21865844726562, "Rank-10": 95.62682509422302}}
{"event": "epoch", "dataset": "RGBNT100", "recipe": "raw", "epoch": 34, "steps": 132, "mean_loss": 0.7109308441480001, "seconds": 73.05413356100325, "official_fused": {"mAP": 74.55210847324997, "Rank-1": 93.93585920333862, "Rank-5": 94.28571462631226, "Rank-10": 95.68513035774231}}
{"event": "epoch", "dataset": "RGBNT100", "recipe": "raw", "epoch": 35, "steps": 132, "mean_loss": 0.7104467392870875, "seconds": 72.62464631401235, "official_fused": {"mAP": 74.69217154083891, "Rank-1": 93.99417042732239, "Rank-5": 95.04373073577881, "Rank-10": 95.91836929321289}}
{"event": "epoch", "dataset": "RGBNT100", "recipe": "raw", "epoch": 36, "steps": 130, "mean_loss": 0.7103011667728424, "seconds": 72.37116907199379, "official_fused": {"mAP": 74.603838654717, "Rank-1": 94.05247569084167, "Rank-5": 95.33527493476868, "Rank-10": 96.151602268219}}
{"event": "epoch", "dataset": "RGBNT100", "recipe": "raw", "epoch": 37, "steps": 131, "mean_loss": 0.7100941998357991, "seconds": 72.385831616004, "official_fused": {"mAP": 74.77139934843656, "Rank-1": 94.22740340232849, "Rank-5": 95.80174684524536, "Rank-10": 96.38484120368958}}
{"event": "epoch", "dataset": "RGBNT100", "recipe": "raw", "epoch": 38, "steps": 132, "mean_loss": 0.7099154550920833, "seconds": 72.23228945900337, "official_fused": {"mAP": 74.66034737342748, "Rank-1": 94.51894760131836, "Rank-5": 95.56851387023926, "Rank-10": 96.151602268219}}
{"event": "epoch", "dataset": "RGBNT100", "recipe": "raw", "epoch": 39, "steps": 130, "mean_loss": 0.7099117242372953, "seconds": 71.79808163898997, "official_fused": {"mAP": 74.84818506285191, "Rank-1": 94.28571462631226, "Rank-5": 95.68513035774231, "Rank-10": 96.44314646720886}}
{"event": "epoch", "dataset": "RGBNT100", "recipe": "raw", "epoch": 40, "steps": 131, "mean_loss": 0.7098208811446911, "seconds": 72.25906153899268, "official_fused": {"mAP": 74.81779407720572, "Rank-1": 94.63557004928589, "Rank-5": 95.68513035774231, "Rank-10": 96.38484120368958}}
{"event": "epoch", "dataset": "RGBNT100", "recipe": "raw", "epoch": 41, "steps": 131, "mean_loss": 0.7096320577250183, "seconds": 73.04005507999682, "official_fused": {"mAP": 74.99548518876975, "Rank-1": 94.63557004928589, "Rank-5": 95.56851387023926, "Rank-10": 96.20991349220276}}
{"event": "epoch", "dataset": "RGBNT100", "recipe": "raw", "epoch": 42, "steps": 132, "mean_loss": 0.7095798533974271, "seconds": 72.41005691199098, "official_fused": {"mAP": 74.89597016106725, "Rank-1": 94.57725882530212, "Rank-5": 95.74344158172607, "Rank-10": 96.32652997970581}}
{"event": "epoch", "dataset": "RGBNT100", "recipe": "raw", "epoch": 43, "steps": 131, "mean_loss": 0.7095886591736597, "seconds": 72.5633879880188, "official_fused": {"mAP": 74.96179242768625, "Rank-1": 94.40233111381531, "Rank-5": 95.97667455673218, "Rank-10": 96.38484120368958}}
{"event": "epoch", "dataset": "RGBNT100", "recipe": "raw", "epoch": 44, "steps": 131, "mean_loss": 0.7094277593925709, "seconds": 71.89421510801185, "official_fused": {"mAP": 75.07978925042079, "Rank-1": 94.46064233779907, "Rank-5": 95.91836929321289, "Rank-10": 96.50145769119263}}
{"event": "epoch", "dataset": "RGBNT100", "recipe": "raw", "epoch": 45, "steps": 132, "mean_loss": 0.7094637340668476, "seconds": 71.33365237800172, "official_fused": {"mAP": 75.15863336447623, "Rank-1": 94.63557004928589, "Rank-5": 95.97667455673218, "Rank-10": 96.44314646720886}}
{"event": "epoch", "dataset": "RGBNT100", "recipe": "raw", "epoch": 46, "steps": 132, "mean_loss": 0.7092919178081282, "seconds": 72.47418099499191, "official_fused": {"mAP": 75.1428758007738, "Rank-1": 94.34402585029602, "Rank-5": 95.86005806922913, "Rank-10": 96.26821875572205}}
{"event": "epoch", "dataset": "RGBNT100", "recipe": "raw", "epoch": 47, "steps": 131, "mean_loss": 0.7093810111511755, "seconds": 71.66803751600673, "official_fused": {"mAP": 75.19293649431079, "Rank-1": 94.40233111381531, "Rank-5": 95.91836929321289, "Rank-10": 96.38484120368958}}
{"event": "epoch", "dataset": "RGBNT100", "recipe": "raw", "epoch": 48, "steps": 130, "mean_loss": 0.7094019779792199, "seconds": 69.32721614401089, "official_fused": {"mAP": 75.16532845959455, "Rank-1": 94.28571462631226, "Rank-5": 95.86005806922913, "Rank-10": 96.38484120368958}}
{"event": "epoch", "dataset": "RGBNT100", "recipe": "raw", "epoch": 49, "steps": 132, "mean_loss": 0.7093165738112999, "seconds": 73.36777688298025, "official_fused": {"mAP": 75.17165742832574, "Rank-1": 94.22740340232849, "Rank-5": 95.97667455673218, "Rank-10": 96.38484120368958}}
{"event": "epoch", "dataset": "RGBNT100", "recipe": "raw", "epoch": 50, "steps": 130, "mean_loss": 0.709338411459556, "seconds": 72.29794412999763, "official_fused": {"mAP": 75.17144108542338, "Rank-1": 94.28571462631226, "Rank-5": 95.97667455673218, "Rank-10": 96.32652997970581}}
