/data/gaob/Re-ID/conda-envs/tri_reid/lib/python3.10/site-packages/timm/models/helpers.py:7: FutureWarning: Importing from timm.models.helpers is deprecated, please import via timm.models
  warnings.warn(f"Importing from {__name__} is deprecated, please import via timm.models", FutureWarning)
/data/gaob/Re-ID/conda-envs/tri_reid/lib/python3.10/site-packages/timm/models/registry.py:4: FutureWarning: Importing from timm.models.registry is deprecated, please import via timm.models
  warnings.warn(f"Importing from {__name__} is deprecated, please import via timm.models", FutureWarning)
/data/gaob/Re-ID/conda-envs/tri_reid/lib/python3.10/site-packages/timm/models/layers/__init__.py:48: FutureWarning: Importing from timm.models.layers is deprecated, please import via timm.layers
  warnings.warn(f"Importing from {__name__} is deprecated, please import via timm.layers", FutureWarning)
建立transformer............
using Transformer_type: ViT-B-16 as a backbone
Resized position embedding: %s to %s torch.Size([197, 768]) torch.Size([129, 768])
Position embedding resize to height:8 width: 16
Successfully load ckpt!
<All keys matched successfully>
Loading pretrained model from CLIP
camera number is : 8
===========Building Signal===========
{"event": "epoch", "dataset": "RGBNT100", "epoch": 1, "steps": 130, "mean_loss": 2.4755781173706053, "seconds": 77.63374025699159, "official_fused": {"mAP": 85.55810880333647, "Rank-1": 95.27696967124939, "Rank-5": 95.97667455673218, "Rank-10": 96.55976891517639}, "best_epoch": 1}
{"event": "epoch", "dataset": "RGBNT100", "epoch": 2, "steps": 131, "mean_loss": 0.8610792883479869, "seconds": 76.68207727200934, "official_fused": {"mAP": 84.32913606575109, "Rank-1": 95.80174684524536, "Rank-5": 96.61807417869568, "Rank-10": 97.08454608917236}, "best_epoch": 1}
{"event": "epoch", "dataset": "RGBNT100", "epoch": 3, "steps": 132, "mean_loss": 0.7211258614605124, "seconds": 77.38527670499752, "official_fused": {"mAP": 81.54798262894961, "Rank-1": 94.22740340232849, "Rank-5": 94.75218653678894, "Rank-10": 95.33527493476868}, "best_epoch": 1}
{"event": "epoch", "dataset": "RGBNT100", "epoch": 4, "steps": 131, "mean_loss": 0.7137538567754148, "seconds": 77.18981614099175, "official_fused": {"mAP": 81.6026449926148, "Rank-1": 93.7609314918518, "Rank-5": 94.46064233779907, "Rank-10": 95.21865844726562}, "best_epoch": 1}
{"event": "epoch", "dataset": "RGBNT100", "epoch": 5, "steps": 132, "mean_loss": 0.7103485356677662, "seconds": 77.56284518599568, "official_fused": {"mAP": 81.54061351645275, "Rank-1": 94.8104977607727, "Rank-5": 95.56851387023926, "Rank-10": 96.151602268219}, "best_epoch": 1}
{"event": "epoch", "dataset": "RGBNT100", "epoch": 6, "steps": 131, "mean_loss": 0.709235112630684, "seconds": 76.84989155600488, "official_fused": {"mAP": 81.83119333811993, "Rank-1": 94.63557004928589, "Rank-5": 95.10204195976257, "Rank-10": 95.21865844726562}, "best_epoch": 1}
{"event": "epoch", "dataset": "RGBNT100", "epoch": 7, "steps": 132, "mean_loss": 0.7077986313538118, "seconds": 77.851400561005, "official_fused": {"mAP": 81.34207523106193, "Rank-1": 93.87755393981934, "Rank-5": 94.28571462631226, "Rank-10": 94.57725882530212}, "best_epoch": 1}
{"event": "epoch", "dataset": "RGBNT100", "epoch": 8, "steps": 131, "mean_loss": 0.7075736135926866, "seconds": 76.76660392800113, "official_fused": {"mAP": 81.88684124763618, "Rank-1": 94.69387531280518, "Rank-5": 95.68513035774231, "Rank-10": 96.0932970046997}, "best_epoch": 1}
{"event": "epoch", "dataset": "RGBNT100", "epoch": 9, "steps": 130, "mean_loss": 0.7076857594343332, "seconds": 76.69102566200309, "official_fused": {"mAP": 81.3576844804923, "Rank-1": 94.28571462631226, "Rank-5": 94.86880302429199, "Rank-10": 94.92711424827576}, "best_epoch": 1}
{"event": "epoch", "dataset": "RGBNT100", "epoch": 10, "steps": 132, "mean_loss": 0.7079046382145449, "seconds": 78.3673731170129, "official_fused": {"mAP": 81.1433758705106, "Rank-1": 94.46064233779907, "Rank-5": 95.10204195976257, "Rank-10": 95.16034722328186}, "best_epoch": 1}
{"event": "epoch", "dataset": "RGBNT100", "epoch": 11, "steps": 131, "mean_loss": 0.7073698098422917, "seconds": 76.99391676401137, "official_fused": {"mAP": 80.76533841534905, "Rank-1": 93.64431500434875, "Rank-5": 94.46064233779907, "Rank-10": 94.98542547225952}, "best_epoch": 1}
{"event": "epoch", "dataset": "RGBNT100", "epoch": 12, "steps": 131, "mean_loss": 0.7074324647888882, "seconds": 76.86266431899276, "official_fused": {"mAP": 80.74815554061574, "Rank-1": 93.00291538238525, "Rank-5": 93.5276985168457, "Rank-10": 93.93585920333862}, "best_epoch": 1}
{"event": "epoch", "dataset": "RGBNT100", "epoch": 13, "steps": 131, "mean_loss": 0.7071382935720546, "seconds": 76.61497400001099, "official_fused": {"mAP": 81.72862389331374, "Rank-1": 93.70262622833252, "Rank-5": 94.34402585029602, "Rank-10": 94.8104977607727}, "best_epoch": 1}
{"event": "epoch", "dataset": "RGBNT100", "epoch": 14, "steps": 132, "mean_loss": 0.7626996293212428, "seconds": 78.25624208600493, "official_fused": {"mAP": 77.3908208453192, "Rank-1": 96.03498578071594, "Rank-5": 96.90961837768555, "Rank-10": 97.25947380065918}, "best_epoch": 1}
