{"completed_conditions": 2, "condition": "fold_0_initial_clean"}
{"completed_conditions": 4, "condition": "fold_0_initial_augmented"}
{"completed_conditions": 6, "condition": "fold_0_initial_coupled_style"}
{"completed_conditions": 8, "condition": "fold_0_control_final_clean"}
{"completed_conditions": 10, "condition": "fold_0_control_final_augmented"}
{"completed_conditions": 12, "condition": "fold_0_control_final_coupled_style"}
{"completed_conditions": 14, "condition": "fold_0_style_final_clean"}
{"completed_conditions": 16, "condition": "fold_0_style_final_augmented"}
{"completed_conditions": 18, "condition": "fold_0_style_final_coupled_style"}
{"completed_conditions": 20, "condition": "fold_1_initial_clean"}
{"completed_conditions": 22, "condition": "fold_1_initial_augmented"}
{"completed_conditions": 24, "condition": "fold_1_initial_coupled_style"}
{"completed_conditions": 26, "condition": "fold_1_control_final_clean"}
{"completed_conditions": 28, "condition": "fold_1_control_final_augmented"}
{"completed_conditions": 30, "condition": "fold_1_control_final_coupled_style"}
{"completed_conditions": 32, "condition": "fold_1_style_final_clean"}
{"completed_conditions": 34, "condition": "fold_1_style_final_augmented"}
{"completed_conditions": 36, "condition": "fold_1_style_final_coupled_style"}
{"completed_conditions": 38, "condition": "fold_2_initial_clean"}
{"completed_conditions": 40, "condition": "fold_2_initial_augmented"}
{"completed_conditions": 42, "condition": "fold_2_initial_coupled_style"}
{"completed_conditions": 44, "condition": "fold_2_control_final_clean"}
{"completed_conditions": 46, "condition": "fold_2_control_final_augmented"}
{"completed_conditions": 48, "condition": "fold_2_control_final_coupled_style"}
{"completed_conditions": 50, "condition": "fold_2_style_final_clean"}
{"completed_conditions": 52, "condition": "fold_2_style_final_augmented"}
{"completed_conditions": 54, "condition": "fold_2_style_final_coupled_style"}
