/data/gaob/Re-ID/conda-envs/tri_reid/lib/python3.10/site-packages/timm/models/helpers.py:7: FutureWarning: Importing from timm.models.helpers is deprecated, please import via timm.models
  warnings.warn(f"Importing from {__name__} is deprecated, please import via timm.models", FutureWarning)
/data/gaob/Re-ID/conda-envs/tri_reid/lib/python3.10/site-packages/timm/models/registry.py:4: FutureWarning: Importing from timm.models.registry is deprecated, please import via timm.models
  warnings.warn(f"Importing from {__name__} is deprecated, please import via timm.models", FutureWarning)
/data/gaob/Re-ID/conda-envs/tri_reid/lib/python3.10/site-packages/timm/models/layers/__init__.py:48: FutureWarning: Importing from timm.models.layers is deprecated, please import via timm.layers
  warnings.warn(f"Importing from {__name__} is deprecated, please import via timm.layers", FutureWarning)
建立transformer............
using Transformer_type: ViT-B-16 as a backbone
Resized position embedding: %s to %s torch.Size([197, 768]) torch.Size([129, 768])
Position embedding resize to height:8 width: 16
Successfully load ckpt!
<All keys matched successfully>
Loading pretrained model from CLIP
camera number is : 8
===========Building Signal===========
using soft triplet loss for training
label smooth on, numclasses: 50
{"event": "epoch", "dataset": "RGBNT100", "recipe": "author", "epoch": 1, "steps": 62, "mean_loss": 5.514745420025241, "seconds": 54.019725402933545, "official_fused": {"mAP": 56.65831298535294, "Rank-1": 81.39941692352295, "Rank-5": 83.55684876441956, "Rank-10": 84.66472029685974}}
{"event": "epoch", "dataset": "RGBNT100", "recipe": "author", "epoch": 2, "steps": 62, "mean_loss": 4.334468303188201, "seconds": 52.85837945097592, "official_fused": {"mAP": 69.51670370926948, "Rank-1": 86.93877458572388, "Rank-5": 88.27988505363464, "Rank-10": 89.38775658607483}}
{"event": "epoch", "dataset": "RGBNT100", "recipe": "author", "epoch": 3, "steps": 63, "mean_loss": 2.7505467940890598, "seconds": 54.34230783698149, "official_fused": {"mAP": 76.18288088835556, "Rank-1": 92.65305995941162, "Rank-5": 93.64431500434875, "Rank-10": 94.22740340232849}}
{"event": "epoch", "dataset": "RGBNT100", "recipe": "author", "epoch": 4, "steps": 61, "mean_loss": 1.4728819981950227, "seconds": 51.820641956990585, "official_fused": {"mAP": 82.14566188186404, "Rank-1": 96.7930018901825, "Rank-5": 97.49271273612976, "Rank-10": 98.01748991012573}}
{"event": "epoch", "dataset": "RGBNT100", "recipe": "author", "epoch": 5, "steps": 63, "mean_loss": 0.8637331686322651, "seconds": 53.463448499911465, "official_fused": {"mAP": 83.97407297292774, "Rank-1": 96.32652997970581, "Rank-5": 96.85131311416626, "Rank-10": 97.14285731315613}}
{"event": "epoch", "dataset": "RGBNT100", "recipe": "author", "epoch": 6, "steps": 63, "mean_loss": 0.7390577953959269, "seconds": 53.780957960989326, "official_fused": {"mAP": 83.37090197489132, "Rank-1": 96.61807417869568, "Rank-5": 97.02624082565308, "Rank-10": 97.20116853713989}}
{"event": "epoch", "dataset": "RGBNT100", "recipe": "author", "epoch": 7, "steps": 62, "mean_loss": 0.6840415760394065, "seconds": 52.93411193508655, "official_fused": {"mAP": 83.92550672268257, "Rank-1": 96.44314646720886, "Rank-5": 96.96792960166931, "Rank-10": 97.31778502464294}}
{"event": "epoch", "dataset": "RGBNT100", "recipe": "author", "epoch": 8, "steps": 63, "mean_loss": 0.6479274517013913, "seconds": 54.305558742024004, "official_fused": {"mAP": 83.9352403568116, "Rank-1": 96.26821875572205, "Rank-5": 96.90961837768555, "Rank-10": 97.14285731315613}}
{"event": "epoch", "dataset": "RGBNT100", "recipe": "author", "epoch": 9, "steps": 63, "mean_loss": 0.6282597657233949, "seconds": 53.82324051205069, "official_fused": {"mAP": 84.03193833734271, "Rank-1": 96.20991349220276, "Rank-5": 96.61807417869568, "Rank-10": 97.08454608917236}}
{"event": "epoch", "dataset": "RGBNT100", "recipe": "author", "epoch": 10, "steps": 62, "mean_loss": 0.6131032301533607, "seconds": 52.58023879502434, "official_fused": {"mAP": 83.68384927909494, "Rank-1": 95.91836929321289, "Rank-5": 96.20991349220276, "Rank-10": 96.55976891517639}}
{"event": "epoch", "dataset": "RGBNT100", "recipe": "author", "epoch": 11, "steps": 63, "mean_loss": 0.6056897138792371, "seconds": 54.74952390405815, "official_fused": {"mAP": 83.85357844245146, "Rank-1": 96.0932970046997, "Rank-5": 96.38484120368958, "Rank-10": 96.55976891517639}}
{"event": "epoch", "dataset": "RGBNT100", "recipe": "author", "epoch": 12, "steps": 63, "mean_loss": 0.5985656352270217, "seconds": 53.33611137303524, "official_fused": {"mAP": 83.71832032036151, "Rank-1": 96.26821875572205, "Rank-5": 96.61807417869568, "Rank-10": 97.02624082565308}}
{"event": "epoch", "dataset": "RGBNT100", "recipe": "author", "epoch": 13, "steps": 63, "mean_loss": 0.5947680198957049, "seconds": 53.23615153005812, "official_fused": {"mAP": 83.77337207178867, "Rank-1": 96.26821875572205, "Rank-5": 96.55976891517639, "Rank-10": 96.7930018901825}}
{"event": "epoch", "dataset": "RGBNT100", "recipe": "author", "epoch": 14, "steps": 63, "mean_loss": 0.5908349705120873, "seconds": 53.93591833906248, "official_fused": {"mAP": 83.82021940839151, "Rank-1": 96.61807417869568, "Rank-5": 97.20116853713989, "Rank-10": 97.31778502464294}}
{"event": "epoch", "dataset": "RGBNT100", "recipe": "author", "epoch": 15, "steps": 63, "mean_loss": 0.5865605501901536, "seconds": 53.742680790950544, "official_fused": {"mAP": 83.16647757958859, "Rank-1": 96.26821875572205, "Rank-5": 96.50145769119263, "Rank-10": 96.73469662666321}}
{"event": "epoch", "dataset": "RGBNT100", "recipe": "author", "epoch": 16, "steps": 63, "mean_loss": 0.5875777545429411, "seconds": 53.13718875905033, "official_fused": {"mAP": 83.6689903409065, "Rank-1": 96.20991349220276, "Rank-5": 96.61807417869568, "Rank-10": 96.90961837768555}}
{"event": "epoch", "dataset": "RGBNT100", "recipe": "author", "epoch": 17, "steps": 62, "mean_loss": 0.5808845364278362, "seconds": 52.6488715329906, "official_fused": {"mAP": 83.76809106226558, "Rank-1": 95.80174684524536, "Rank-5": 96.20991349220276, "Rank-10": 96.38484120368958}}
{"event": "epoch", "dataset": "RGBNT100", "recipe": "author", "epoch": 18, "steps": 62, "mean_loss": 0.5753829267717177, "seconds": 52.81498153193388, "official_fused": {"mAP": 83.38060715079621, "Rank-1": 96.0932970046997, "Rank-5": 96.44314646720886, "Rank-10": 96.50145769119263}}
{"event": "epoch", "dataset": "RGBNT100", "recipe": "author", "epoch": 19, "steps": 63, "mean_loss": 0.5720302509883094, "seconds": 53.06689193600323, "official_fused": {"mAP": 83.14633025826869, "Rank-1": 95.80174684524536, "Rank-5": 96.151602268219, "Rank-10": 96.38484120368958}}
{"event": "epoch", "dataset": "RGBNT100", "recipe": "author", "epoch": 20, "steps": 62, "mean_loss": 0.5675422433883913, "seconds": 52.818862959044054, "official_fused": {"mAP": 83.17231306459273, "Rank-1": 96.03498578071594, "Rank-5": 96.26821875572205, "Rank-10": 96.44314646720886}}
{"event": "epoch", "dataset": "RGBNT100", "recipe": "author", "epoch": 21, "steps": 63, "mean_loss": 0.5665181317026653, "seconds": 53.78609074198175, "official_fused": {"mAP": 83.12291160192297, "Rank-1": 95.97667455673218, "Rank-5": 96.20991349220276, "Rank-10": 96.32652997970581}}
{"event": "epoch", "dataset": "RGBNT100", "recipe": "author", "epoch": 22, "steps": 63, "mean_loss": 0.5618798231321668, "seconds": 53.34277889004443, "official_fused": {"mAP": 83.37051626517564, "Rank-1": 96.20991349220276, "Rank-5": 96.38484120368958, "Rank-10": 96.50145769119263}}
{"event": "epoch", "dataset": "RGBNT100", "recipe": "author", "epoch": 23, "steps": 63, "mean_loss": 0.5583060705472552, "seconds": 54.25500258000102, "official_fused": {"mAP": 83.07896072050761, "Rank-1": 96.20991349220276, "Rank-5": 96.38484120368958, "Rank-10": 96.55976891517639}}
{"event": "epoch", "dataset": "RGBNT100", "recipe": "author", "epoch": 24, "steps": 63, "mean_loss": 0.558415362759242, "seconds": 53.083266100962646, "official_fused": {"mAP": 83.32345400937284, "Rank-1": 96.0932970046997, "Rank-5": 96.20991349220276, "Rank-10": 96.67638540267944}}
{"event": "epoch", "dataset": "RGBNT100", "recipe": "author", "epoch": 25, "steps": 63, "mean_loss": 0.557136767440372, "seconds": 52.9420901510166, "official_fused": {"mAP": 82.98248844747957, "Rank-1": 95.86005806922913, "Rank-5": 96.20991349220276, "Rank-10": 96.38484120368958}}
{"event": "epoch", "dataset": "RGBNT100", "recipe": "author", "epoch": 26, "steps": 63, "mean_loss": 0.5555152297019958, "seconds": 53.03355591499712, "official_fused": {"mAP": 83.05284195843052, "Rank-1": 95.86005806922913, "Rank-5": 96.20991349220276, "Rank-10": 96.26821875572205}}
{"event": "epoch", "dataset": "RGBNT100", "recipe": "author", "epoch": 27, "steps": 63, "mean_loss": 0.5538252100111947, "seconds": 53.49156094097998, "official_fused": {"mAP": 82.96191618451425, "Rank-1": 96.151602268219, "Rank-5": 96.20991349220276, "Rank-10": 96.32652997970581}}
{"event": "epoch", "dataset": "RGBNT100", "recipe": "author", "epoch": 28, "steps": 62, "mean_loss": 0.552401122546965, "seconds": 52.963010200997815, "official_fused": {"mAP": 82.7794321665999, "Rank-1": 95.91836929321289, "Rank-5": 96.20991349220276, "Rank-10": 96.38484120368958}}
{"event": "epoch", "dataset": "RGBNT100", "recipe": "author", "epoch": 29, "steps": 63, "mean_loss": 0.5525743469359383, "seconds": 54.123139605042525, "official_fused": {"mAP": 82.66752316422176, "Rank-1": 95.68513035774231, "Rank-5": 96.03498578071594, "Rank-10": 96.20991349220276}}
{"event": "epoch", "dataset": "RGBNT100", "recipe": "author", "epoch": 30, "steps": 62, "mean_loss": 0.5504724671763759, "seconds": 52.60242010699585, "official_fused": {"mAP": 82.56888184246937, "Rank-1": 95.80174684524536, "Rank-5": 96.0932970046997, "Rank-10": 96.26821875572205}}
{"event": "epoch", "dataset": "RGBNT100", "recipe": "author", "epoch": 31, "steps": 62, "mean_loss": 0.5511632023319122, "seconds": 52.54936587694101, "official_fused": {"mAP": 82.63909511636422, "Rank-1": 95.91836929321289, "Rank-5": 96.151602268219, "Rank-10": 96.44314646720886}}
{"event": "epoch", "dataset": "RGBNT100", "recipe": "author", "epoch": 32, "steps": 62, "mean_loss": 0.5500357958578295, "seconds": 53.08832588104997, "official_fused": {"mAP": 82.39519644758451, "Rank-1": 95.86005806922913, "Rank-5": 96.0932970046997, "Rank-10": 96.26821875572205}}
{"event": "epoch", "dataset": "RGBNT100", "recipe": "author", "epoch": 33, "steps": 63, "mean_loss": 0.5479565442554535, "seconds": 53.69582008291036, "official_fused": {"mAP": 82.26190314089231, "Rank-1": 95.91836929321289, "Rank-5": 96.03498578071594, "Rank-10": 96.20991349220276}}
{"event": "epoch", "dataset": "RGBNT100", "recipe": "author", "epoch": 34, "steps": 62, "mean_loss": 0.5477167156434828, "seconds": 52.888994643930346, "official_fused": {"mAP": 82.29693827710912, "Rank-1": 95.80174684524536, "Rank-5": 95.97667455673218, "Rank-10": 96.26821875572205}}
{"event": "epoch", "dataset": "RGBNT100", "recipe": "author", "epoch": 35, "steps": 63, "mean_loss": 0.54739530029751, "seconds": 53.72167687595356, "official_fused": {"mAP": 82.21667012738403, "Rank-1": 95.91836929321289, "Rank-5": 96.0932970046997, "Rank-10": 96.38484120368958}}
{"event": "epoch", "dataset": "RGBNT100", "recipe": "author", "epoch": 36, "steps": 62, "mean_loss": 0.5484140130781359, "seconds": 53.06055338308215, "official_fused": {"mAP": 82.31890284040571, "Rank-1": 95.80174684524536, "Rank-5": 96.0932970046997, "Rank-10": 96.32652997970581}}
{"event": "epoch", "dataset": "RGBNT100", "recipe": "author", "epoch": 37, "steps": 63, "mean_loss": 0.5469344901660133, "seconds": 53.93350991397165, "official_fused": {"mAP": 82.22213336565875, "Rank-1": 95.56851387023926, "Rank-5": 96.0932970046997, "Rank-10": 96.20991349220276}}
{"event": "epoch", "dataset": "RGBNT100", "recipe": "author", "epoch": 38, "steps": 63, "mean_loss": 0.5463207146478077, "seconds": 52.38978935289197, "official_fused": {"mAP": 82.22114382806916, "Rank-1": 95.74344158172607, "Rank-5": 96.151602268219, "Rank-10": 96.20991349220276}}
{"event": "epoch", "dataset": "RGBNT100", "recipe": "author", "epoch": 39, "steps": 63, "mean_loss": 0.5468552604554191, "seconds": 53.593637019977905, "official_fused": {"mAP": 82.12268419604095, "Rank-1": 95.80174684524536, "Rank-5": 96.03498578071594, "Rank-10": 96.32652997970581}}
{"event": "epoch", "dataset": "RGBNT100", "recipe": "author", "epoch": 40, "steps": 62, "mean_loss": 0.5460332209064115, "seconds": 52.538713185931556, "official_fused": {"mAP": 82.31571765408899, "Rank-1": 95.91836929321289, "Rank-5": 96.0932970046997, "Rank-10": 96.26821875572205}}
{"event": "epoch", "dataset": "RGBNT100", "recipe": "author", "epoch": 41, "steps": 63, "mean_loss": 0.5459454551575675, "seconds": 53.85547362908255, "official_fused": {"mAP": 82.34028103748305, "Rank-1": 95.97667455673218, "Rank-5": 96.151602268219, "Rank-10": 96.26821875572205}}
{"event": "epoch", "dataset": "RGBNT100", "recipe": "author", "epoch": 42, "steps": 63, "mean_loss": 0.545658048183199, "seconds": 53.53781189699657, "official_fused": {"mAP": 82.39805223164062, "Rank-1": 95.97667455673218, "Rank-5": 96.0932970046997, "Rank-10": 96.151602268219}}
{"event": "epoch", "dataset": "RGBNT100", "recipe": "author", "epoch": 43, "steps": 62, "mean_loss": 0.545657794321737, "seconds": 52.60249875893351, "official_fused": {"mAP": 82.34066237191284, "Rank-1": 95.97667455673218, "Rank-5": 96.151602268219, "Rank-10": 96.26821875572205}}
{"event": "epoch", "dataset": "RGBNT100", "recipe": "author", "epoch": 44, "steps": 62, "mean_loss": 0.5449401265190493, "seconds": 53.029975348035805, "official_fused": {"mAP": 82.33775399504295, "Rank-1": 95.97667455673218, "Rank-5": 96.0932970046997, "Rank-10": 96.26821875572205}}
{"event": "epoch", "dataset": "RGBNT100", "recipe": "author", "epoch": 45, "steps": 62, "mean_loss": 0.544790885140819, "seconds": 52.82326875894796, "official_fused": {"mAP": 82.29485670875604, "Rank-1": 95.80174684524536, "Rank-5": 96.0932970046997, "Rank-10": 96.26821875572205}}
{"event": "epoch", "dataset": "RGBNT100", "recipe": "author", "epoch": 46, "steps": 63, "mean_loss": 0.54424345209485, "seconds": 53.935077361995354, "official_fused": {"mAP": 82.33328757493616, "Rank-1": 95.68513035774231, "Rank-5": 95.97667455673218, "Rank-10": 96.20991349220276}}
{"event": "epoch", "dataset": "RGBNT100", "recipe": "author", "epoch": 47, "steps": 62, "mean_loss": 0.5442501162329028, "seconds": 53.26726128999144, "official_fused": {"mAP": 82.27003273505655, "Rank-1": 95.68513035774231, "Rank-5": 95.97667455673218, "Rank-10": 96.0932970046997}}
{"event": "epoch", "dataset": "RGBNT100", "recipe": "author", "epoch": 48, "steps": 63, "mean_loss": 0.5439009770514474, "seconds": 53.57053497701418, "official_fused": {"mAP": 82.16482650724774, "Rank-1": 95.91836929321289, "Rank-5": 96.03498578071594, "Rank-10": 96.26821875572205}}
{"event": "epoch", "dataset": "RGBNT100", "recipe": "author", "epoch": 49, "steps": 63, "mean_loss": 0.5439272626997933, "seconds": 53.48189093696419, "official_fused": {"mAP": 82.29362396720018, "Rank-1": 95.97667455673218, "Rank-5": 96.151602268219, "Rank-10": 96.26821875572205}}
{"event": "epoch", "dataset": "RGBNT100", "recipe": "author", "epoch": 50, "steps": 62, "mean_loss": 0.543780368181967, "seconds": 52.58012121799402, "official_fused": {"mAP": 82.18775408898613, "Rank-1": 95.97667455673218, "Rank-5": 96.20991349220276, "Rank-10": 96.44314646720886}}
