/data/gaob/Re-ID/conda-envs/tri_reid/lib/python3.10/site-packages/timm/models/helpers.py:7: FutureWarning: Importing from timm.models.helpers is deprecated, please import via timm.models
  warnings.warn(f"Importing from {__name__} is deprecated, please import via timm.models", FutureWarning)
/data/gaob/Re-ID/conda-envs/tri_reid/lib/python3.10/site-packages/timm/models/registry.py:4: FutureWarning: Importing from timm.models.registry is deprecated, please import via timm.models
  warnings.warn(f"Importing from {__name__} is deprecated, please import via timm.models", FutureWarning)
/data/gaob/Re-ID/conda-envs/tri_reid/lib/python3.10/site-packages/timm/models/layers/__init__.py:48: FutureWarning: Importing from timm.models.layers is deprecated, please import via timm.layers
  warnings.warn(f"Importing from {__name__} is deprecated, please import via timm.layers", FutureWarning)
/data/gaob/Re-ID/conda-envs/tri_reid/lib/python3.10/site-packages/torch/optim/lr_scheduler.py:224: UserWarning: Detected call of `lr_scheduler.step()` before `optimizer.step()`. In PyTorch 1.1.0 and later, you should call them in the opposite order: `optimizer.step()` before `lr_scheduler.step()`.  Failure to do this will result in PyTorch skipping the first value of the learning rate schedule. See more details at https://pytorch.org/docs/stable/optim.html#how-to-adjust-learning-rate
  warnings.warn(
/data/gaob/Re-ID/conda-envs/tri_reid/lib/python3.10/site-packages/torch/optim/lr_scheduler.py:240: UserWarning: The epoch parameter in `scheduler.step()` was not necessary and is being deprecated where possible. Please use `scheduler.step()` to step the scheduler. During the deprecation, if epoch is different from None, the closed form is used instead of the new chainable form, where available. Please open an issue if you are unable to replicate your use case: https://github.com/pytorch/pytorch/issues/new/choose.
  warnings.warn(EPOCH_DEPRECATION_WARNING, UserWarning)
建立transformer............
using Transformer_type: ViT-B-16 as a backbone
Resized position embedding: %s to %s torch.Size([197, 768]) torch.Size([129, 768])
Position embedding resize to height:8 width: 16
Successfully load ckpt!
<All keys matched successfully>
Loading pretrained model from CLIP
camera number is : 8
===========Building Signal===========
using soft triplet loss for training
label smooth on, numclasses: 155
{"event": "epoch", "dataset": "MSVR310", "recipe": "native", "epoch": 1, "steps": 14, "mean_loss": 15.475233146122523, "seconds": 12.456844186002854, "official_fused": {"mAP": 15.514647574208196, "Rank-1": 34.1793566942215, "Rank-5": 54.31472063064575, "Rank-10": 61.92893385887146}}
/data/gaob/Re-ID/conda-envs/tri_reid/lib/python3.10/site-packages/torch/optim/lr_scheduler.py:240: UserWarning: The epoch parameter in `scheduler.step()` was not necessary and is being deprecated where possible. Please use `scheduler.step()` to step the scheduler. During the deprecation, if epoch is different from None, the closed form is used instead of the new chainable form, where available. Please open an issue if you are unable to replicate your use case: https://github.com/pytorch/pytorch/issues/new/choose.
  warnings.warn(EPOCH_DEPRECATION_WARNING, UserWarning)
{"event": "epoch", "dataset": "MSVR310", "recipe": "native", "epoch": 2, "steps": 14, "mean_loss": 12.50895425251552, "seconds": 10.50793782697292, "official_fused": {"mAP": 21.41628222737861, "Rank-1": 40.60913622379303, "Rank-5": 61.42131686210632, "Rank-10": 68.69712471961975}}
{"event": "epoch", "dataset": "MSVR310", "recipe": "native", "epoch": 3, "steps": 14, "mean_loss": 11.482112339564733, "seconds": 10.14555770898005, "official_fused": {"mAP": 25.394640316783423, "Rank-1": 42.3011839389801, "Rank-5": 64.29780125617981, "Rank-10": 71.91201448440552}}
{"event": "epoch", "dataset": "MSVR310", "recipe": "native", "epoch": 4, "steps": 14, "mean_loss": 10.796013968331474, "seconds": 10.177112026955001, "official_fused": {"mAP": 29.787033167606065, "Rank-1": 47.88494110107422, "Rank-5": 66.83587431907654, "Rank-10": 75.46531558036804}}
{"event": "epoch", "dataset": "MSVR310", "recipe": "native", "epoch": 5, "steps": 14, "mean_loss": 10.170552185603551, "seconds": 10.281962611014023, "official_fused": {"mAP": 33.18245976217584, "Rank-1": 50.76141953468323, "Rank-5": 68.69712471961975, "Rank-10": 78.17258834838867}}
{"event": "epoch", "dataset": "MSVR310", "recipe": "native", "epoch": 6, "steps": 14, "mean_loss": 9.659827504839216, "seconds": 10.391663676011376, "official_fused": {"mAP": 34.98115970665717, "Rank-1": 52.79187560081482, "Rank-5": 71.91201448440552, "Rank-10": 79.01861071586609}}
{"event": "epoch", "dataset": "MSVR310", "recipe": "native", "epoch": 7, "steps": 14, "mean_loss": 9.228242192949567, "seconds": 10.32350747397868, "official_fused": {"mAP": 37.61693334010358, "Rank-1": 56.85279369354248, "Rank-5": 73.94247055053711, "Rank-10": 80.03383874893188}}
{"event": "epoch", "dataset": "MSVR310", "recipe": "native", "epoch": 8, "steps": 14, "mean_loss": 8.77416603905814, "seconds": 10.17680656799348, "official_fused": {"mAP": 36.69655046426905, "Rank-1": 54.99153733253479, "Rank-5": 72.41962552070618, "Rank-10": 79.35702204704285}}
{"event": "epoch", "dataset": "MSVR310", "recipe": "native", "epoch": 9, "steps": 14, "mean_loss": 8.361968108585902, "seconds": 10.262862393050455, "official_fused": {"mAP": 38.95880982318703, "Rank-1": 56.6835880279541, "Rank-5": 75.12690424919128, "Rank-10": 80.87986707687378}}
{"event": "epoch", "dataset": "MSVR310", "recipe": "native", "epoch": 10, "steps": 15, "mean_loss": 8.006230354309082, "seconds": 10.95293396600755, "official_fused": {"mAP": 41.331036469580134, "Rank-1": 59.39086079597473, "Rank-5": 77.49577164649963, "Rank-10": 83.24872851371765}}
{"event": "epoch", "dataset": "MSVR310", "recipe": "native", "epoch": 11, "steps": 14, "mean_loss": 7.68743235724313, "seconds": 10.098981991992332, "official_fused": {"mAP": 41.6970393632893, "Rank-1": 59.72927212715149, "Rank-5": 76.81894898414612, "Rank-10": 82.91032314300537}}
{"event": "epoch", "dataset": "MSVR310", "recipe": "native", "epoch": 12, "steps": 14, "mean_loss": 7.43934610911778, "seconds": 10.109027141996194, "official_fused": {"mAP": 43.94187368708823, "Rank-1": 62.09813952445984, "Rank-5": 79.18781638145447, "Rank-10": 83.58713984489441}}
{"event": "epoch", "dataset": "MSVR310", "recipe": "native", "epoch": 13, "steps": 14, "mean_loss": 7.097379752567837, "seconds": 10.113437852996867, "official_fused": {"mAP": 44.4509354075001, "Rank-1": 61.75972819328308, "Rank-5": 78.0033826828003, "Rank-10": 83.41793417930603}}
{"event": "epoch", "dataset": "MSVR310", "recipe": "native", "epoch": 14, "steps": 14, "mean_loss": 6.844839300428118, "seconds": 10.383757193980273, "official_fused": {"mAP": 44.1690295224806, "Rank-1": 60.913705825805664, "Rank-5": 79.01861071586609, "Rank-10": 83.24872851371765}}
{"event": "epoch", "dataset": "MSVR310", "recipe": "native", "epoch": 15, "steps": 14, "mean_loss": 6.686196667807443, "seconds": 10.266845292993821, "official_fused": {"mAP": 45.70128901799222, "Rank-1": 62.6057505607605, "Rank-5": 79.86463904380798, "Rank-10": 84.6023678779602}}
{"event": "epoch", "dataset": "MSVR310", "recipe": "native", "epoch": 16, "steps": 14, "mean_loss": 6.441538061414446, "seconds": 10.520824778999668, "official_fused": {"mAP": 48.51646462093873, "Rank-1": 66.66666865348816, "Rank-5": 81.7258894443512, "Rank-10": 85.617595911026}}
{"event": "epoch", "dataset": "MSVR310", "recipe": "native", "epoch": 17, "steps": 15, "mean_loss": 6.288609472910563, "seconds": 10.969168718031142, "official_fused": {"mAP": 47.98000591455851, "Rank-1": 64.80541229248047, "Rank-5": 80.87986707687378, "Rank-10": 85.27919054031372}}
{"event": "epoch", "dataset": "MSVR310", "recipe": "native", "epoch": 18, "steps": 14, "mean_loss": 5.991821527481079, "seconds": 10.21869633399183, "official_fused": {"mAP": 49.267013746286246, "Rank-1": 67.00507402420044, "Rank-5": 81.38747811317444, "Rank-10": 85.78680157661438}}
{"event": "epoch", "dataset": "MSVR310", "recipe": "native", "epoch": 19, "steps": 15, "mean_loss": 5.782050641377767, "seconds": 10.868457281962037, "official_fused": {"mAP": 49.37181546396257, "Rank-1": 68.52791905403137, "Rank-5": 82.06430077552795, "Rank-10": 86.97123527526855}}
{"event": "epoch", "dataset": "MSVR310", "recipe": "native", "epoch": 20, "steps": 14, "mean_loss": 5.520324502672468, "seconds": 10.257476428989321, "official_fused": {"mAP": 49.70296756049962, "Rank-1": 67.68189668655396, "Rank-5": 82.23350048065186, "Rank-10": 86.6328239440918}}
{"event": "epoch", "dataset": "MSVR310", "recipe": "native", "epoch": 21, "steps": 14, "mean_loss": 5.418814965656826, "seconds": 10.456309132976457, "official_fused": {"mAP": 49.492384225365946, "Rank-1": 67.17427968978882, "Rank-5": 81.55668377876282, "Rank-10": 85.95600724220276}}
{"event": "epoch", "dataset": "MSVR310", "recipe": "native", "epoch": 22, "steps": 14, "mean_loss": 5.3178441524505615, "seconds": 10.296664378955029, "official_fused": {"mAP": 49.710640906830314, "Rank-1": 67.00507402420044, "Rank-5": 81.04906678199768, "Rank-10": 85.10998487472534}}
{"event": "epoch", "dataset": "MSVR310", "recipe": "native", "epoch": 23, "steps": 14, "mean_loss": 5.418437787464687, "seconds": 10.541311273002066, "official_fused": {"mAP": 49.91534545123894, "Rank-1": 68.02030205726624, "Rank-5": 81.7258894443512, "Rank-10": 85.10998487472534}}
{"event": "epoch", "dataset": "MSVR310", "recipe": "native", "epoch": 24, "steps": 14, "mean_loss": 5.331110715866089, "seconds": 10.85420266498113, "official_fused": {"mAP": 49.67882398792647, "Rank-1": 67.68189668655396, "Rank-5": 80.7106614112854, "Rank-10": 85.10998487472534}}
{"event": "epoch", "dataset": "MSVR310", "recipe": "native", "epoch": 25, "steps": 15, "mean_loss": 5.308366330464681, "seconds": 10.960066252970137, "official_fused": {"mAP": 49.987904382953694, "Rank-1": 68.02030205726624, "Rank-5": 81.04906678199768, "Rank-10": 84.94077920913696}}
{"event": "epoch", "dataset": "MSVR310", "recipe": "native", "epoch": 26, "steps": 14, "mean_loss": 5.314204488481794, "seconds": 10.321282160002738, "official_fused": {"mAP": 50.27187721880816, "Rank-1": 68.358713388443, "Rank-5": 80.7106614112854, "Rank-10": 85.10998487472534}}
{"event": "epoch", "dataset": "MSVR310", "recipe": "native", "epoch": 27, "steps": 14, "mean_loss": 5.245323521750314, "seconds": 10.732431139971595, "official_fused": {"mAP": 49.8613937033386, "Rank-1": 67.00507402420044, "Rank-5": 80.37225008010864, "Rank-10": 84.94077920913696}}
{"event": "epoch", "dataset": "MSVR310", "recipe": "native", "epoch": 28, "steps": 15, "mean_loss": 5.230931504567464, "seconds": 10.825894630048424, "official_fused": {"mAP": 49.95254528211393, "Rank-1": 67.3434853553772, "Rank-5": 80.7106614112854, "Rank-10": 85.27919054031372}}
{"event": "epoch", "dataset": "MSVR310", "recipe": "native", "epoch": 29, "steps": 14, "mean_loss": 5.1164630481175015, "seconds": 10.278586797008757, "official_fused": {"mAP": 50.07691804605264, "Rank-1": 67.17427968978882, "Rank-5": 80.87986707687378, "Rank-10": 85.95600724220276}}
{"event": "epoch", "dataset": "MSVR310", "recipe": "native", "epoch": 30, "steps": 14, "mean_loss": 5.192372628620693, "seconds": 10.526021965953987, "official_fused": {"mAP": 50.03666544408622, "Rank-1": 67.17427968978882, "Rank-5": 81.04906678199768, "Rank-10": 85.44839024543762}}
{"event": "epoch", "dataset": "MSVR310", "recipe": "native", "epoch": 31, "steps": 14, "mean_loss": 5.2001791681562155, "seconds": 10.285807077016216, "official_fused": {"mAP": 49.75173794729537, "Rank-1": 67.17427968978882, "Rank-5": 80.7106614112854, "Rank-10": 84.94077920913696}}
{"event": "epoch", "dataset": "MSVR310", "recipe": "native", "epoch": 32, "steps": 14, "mean_loss": 5.044417585645403, "seconds": 10.253014762012754, "official_fused": {"mAP": 50.31496672001909, "Rank-1": 68.02030205726624, "Rank-5": 81.55668377876282, "Rank-10": 85.95600724220276}}
{"event": "epoch", "dataset": "MSVR310", "recipe": "native", "epoch": 33, "steps": 14, "mean_loss": 5.033857345581055, "seconds": 10.292306638963055, "official_fused": {"mAP": 50.18553372488188, "Rank-1": 67.85110235214233, "Rank-5": 81.55668377876282, "Rank-10": 86.46361827850342}}
{"event": "epoch", "dataset": "MSVR310", "recipe": "native", "epoch": 34, "steps": 14, "mean_loss": 4.992147207260132, "seconds": 10.432916441000998, "official_fused": {"mAP": 49.87166875040516, "Rank-1": 66.49746298789978, "Rank-5": 80.87986707687378, "Rank-10": 85.95600724220276}}
{"event": "epoch", "dataset": "MSVR310", "recipe": "native", "epoch": 35, "steps": 14, "mean_loss": 5.006261348724365, "seconds": 10.325488682021387, "official_fused": {"mAP": 49.612089570432175, "Rank-1": 66.49746298789978, "Rank-5": 80.37225008010864, "Rank-10": 84.94077920913696}}
{"event": "epoch", "dataset": "MSVR310", "recipe": "native", "epoch": 36, "steps": 14, "mean_loss": 5.035205091748919, "seconds": 10.409460697963368, "official_fused": {"mAP": 49.536526164552036, "Rank-1": 66.83587431907654, "Rank-5": 80.37225008010864, "Rank-10": 84.77157354354858}}
{"event": "epoch", "dataset": "MSVR310", "recipe": "native", "epoch": 37, "steps": 14, "mean_loss": 4.943666355950492, "seconds": 10.383004575036466, "official_fused": {"mAP": 50.3201562887313, "Rank-1": 67.85110235214233, "Rank-5": 80.54145574569702, "Rank-10": 85.617595911026}}
{"event": "epoch", "dataset": "MSVR310", "recipe": "native", "epoch": 38, "steps": 14, "mean_loss": 4.9901300839015414, "seconds": 10.344826451968402, "official_fused": {"mAP": 50.54991431283226, "Rank-1": 67.85110235214233, "Rank-5": 80.54145574569702, "Rank-10": 85.617595911026}}
{"event": "epoch", "dataset": "MSVR310", "recipe": "native", "epoch": 39, "steps": 14, "mean_loss": 4.967231103352138, "seconds": 10.451116869982798, "official_fused": {"mAP": 50.235037923345196, "Rank-1": 67.51269102096558, "Rank-5": 80.87986707687378, "Rank-10": 85.44839024543762}}
{"event": "epoch", "dataset": "MSVR310", "recipe": "native", "epoch": 40, "steps": 14, "mean_loss": 4.860869237354824, "seconds": 10.452357986010611, "official_fused": {"mAP": 50.30952180802749, "Rank-1": 67.85110235214233, "Rank-5": 80.87986707687378, "Rank-10": 85.617595911026}}
{"event": "epoch", "dataset": "MSVR310", "recipe": "native", "epoch": 41, "steps": 14, "mean_loss": 4.877536262784686, "seconds": 10.68525259901071, "official_fused": {"mAP": 50.337787517548996, "Rank-1": 67.85110235214233, "Rank-5": 80.87986707687378, "Rank-10": 85.617595911026}}
{"event": "epoch", "dataset": "MSVR310", "recipe": "native", "epoch": 42, "steps": 14, "mean_loss": 4.906799895422799, "seconds": 10.571712685981765, "official_fused": {"mAP": 50.33792723824742, "Rank-1": 67.85110235214233, "Rank-5": 80.87986707687378, "Rank-10": 85.617595911026}}
{"event": "epoch", "dataset": "MSVR310", "recipe": "native", "epoch": 43, "steps": 15, "mean_loss": 4.960805733998616, "seconds": 11.064196305989753, "official_fused": {"mAP": 50.3628263508351, "Rank-1": 67.85110235214233, "Rank-5": 80.87986707687378, "Rank-10": 85.617595911026}}
{"event": "epoch", "dataset": "MSVR310", "recipe": "native", "epoch": 44, "steps": 14, "mean_loss": 4.859249080930438, "seconds": 10.508715167990886, "official_fused": {"mAP": 50.39378882189083, "Rank-1": 67.68189668655396, "Rank-5": 80.87986707687378, "Rank-10": 85.617595911026}}
{"event": "epoch", "dataset": "MSVR310", "recipe": "native", "epoch": 45, "steps": 14, "mean_loss": 4.869529690061297, "seconds": 10.489292573009152, "official_fused": {"mAP": 50.41412163225345, "Rank-1": 67.68189668655396, "Rank-5": 80.87986707687378, "Rank-10": 85.617595911026}}
{"event": "epoch", "dataset": "MSVR310", "recipe": "native", "epoch": 46, "steps": 14, "mean_loss": 4.891842229025705, "seconds": 10.439455244981218, "official_fused": {"mAP": 50.43818681745423, "Rank-1": 67.68189668655396, "Rank-5": 81.04906678199768, "Rank-10": 85.78680157661438}}
{"event": "epoch", "dataset": "MSVR310", "recipe": "native", "epoch": 47, "steps": 14, "mean_loss": 4.861354998179844, "seconds": 10.725558735022787, "official_fused": {"mAP": 50.483345449558215, "Rank-1": 67.68189668655396, "Rank-5": 81.04906678199768, "Rank-10": 85.78680157661438}}
{"event": "epoch", "dataset": "MSVR310", "recipe": "native", "epoch": 48, "steps": 14, "mean_loss": 4.962614502225604, "seconds": 10.58372774295276, "official_fused": {"mAP": 50.472476931140406, "Rank-1": 67.68189668655396, "Rank-5": 81.04906678199768, "Rank-10": 85.78680157661438}}
{"event": "epoch", "dataset": "MSVR310", "recipe": "native", "epoch": 49, "steps": 14, "mean_loss": 4.878065279551914, "seconds": 10.859488493995741, "official_fused": {"mAP": 50.47537366318683, "Rank-1": 67.68189668655396, "Rank-5": 81.38747811317444, "Rank-10": 85.617595911026}}
{"event": "epoch", "dataset": "MSVR310", "recipe": "native", "epoch": 50, "steps": 14, "mean_loss": 4.9221742153167725, "seconds": 10.55035712895915, "official_fused": {"mAP": 50.492012107524346, "Rank-1": 67.68189668655396, "Rank-5": 81.38747811317444, "Rank-10": 85.617595911026}}
