/root/miniconda3/envs/tri_reid/lib/python3.10/site-packages/timm/models/helpers.py:7: FutureWarning: Importing from timm.models.helpers is deprecated, please import via timm.models
  warnings.warn(f"Importing from {__name__} is deprecated, please import via timm.models", FutureWarning)
/root/miniconda3/envs/tri_reid/lib/python3.10/site-packages/timm/models/registry.py:4: FutureWarning: Importing from timm.models.registry is deprecated, please import via timm.models
  warnings.warn(f"Importing from {__name__} is deprecated, please import via timm.models", FutureWarning)
/root/miniconda3/envs/tri_reid/lib/python3.10/site-packages/timm/models/layers/__init__.py:48: FutureWarning: Importing from timm.models.layers is deprecated, please import via timm.layers
  warnings.warn(f"Importing from {__name__} is deprecated, please import via timm.layers", FutureWarning)
建立transformer............
using Transformer_type: ViT-B-16 as a backbone
Resized position embedding: %s to %s torch.Size([197, 768]) torch.Size([129, 768])
Position embedding resize to height:8 width: 16
Successfully load ckpt!
<All keys matched successfully>
Loading pretrained model from CLIP
camera number is : 8
===========Building Signal===========
{"event": "objective_gradient_epoch", "endpoint": "control", "epoch": 1, "batches": 13, "elapsed_seconds": 47.73625071533024}
{"event": "objective_gradient_epoch", "endpoint": "control", "epoch": 2, "batches": 26, "elapsed_seconds": 94.81040973961353}
{"event": "objective_gradient_epoch", "endpoint": "control", "epoch": 3, "batches": 39, "elapsed_seconds": 141.43133979290724}
{"event": "objective_gradient_epoch", "endpoint": "control", "epoch": 4, "batches": 52, "elapsed_seconds": 187.2599480357021}
{"event": "objective_gradient_epoch", "endpoint": "control", "epoch": 5, "batches": 65, "elapsed_seconds": 232.97347055189312}
{"event": "objective_gradient_epoch", "endpoint": "control", "epoch": 6, "batches": 78, "elapsed_seconds": 396.25415501371026}
{"event": "objective_gradient_epoch", "endpoint": "control", "epoch": 7, "batches": 91, "elapsed_seconds": 615.0684680622071}
{"event": "objective_gradient_epoch", "endpoint": "control", "epoch": 8, "batches": 104, "elapsed_seconds": 829.8882820755243}
{"event": "objective_gradient_epoch", "endpoint": "control", "epoch": 9, "batches": 117, "elapsed_seconds": 1046.8036987204105}
{"event": "objective_gradient_epoch", "endpoint": "control", "epoch": 10, "batches": 130, "elapsed_seconds": 1267.9766247197986}
{"event": "objective_gradient_epoch", "endpoint": "control", "epoch": 11, "batches": 143, "elapsed_seconds": 1485.3076503109187}
{"event": "objective_gradient_epoch", "endpoint": "control", "epoch": 12, "batches": 156, "elapsed_seconds": 1702.844492038712}
{"event": "objective_gradient_epoch", "endpoint": "control", "epoch": 13, "batches": 169, "elapsed_seconds": 1923.3116170484573}
{"event": "objective_gradient_epoch", "endpoint": "control", "epoch": 14, "batches": 182, "elapsed_seconds": 2126.874533895403}
{"event": "objective_gradient_epoch", "endpoint": "control", "epoch": 15, "batches": 195, "elapsed_seconds": 2342.008297080174}
{"event": "objective_gradient_epoch", "endpoint": "control", "epoch": 16, "batches": 208, "elapsed_seconds": 2561.727304683998}
{"event": "objective_gradient_epoch", "endpoint": "control", "epoch": 17, "batches": 221, "elapsed_seconds": 2775.3298848308623}
{"event": "objective_gradient_epoch", "endpoint": "control", "epoch": 18, "batches": 234, "elapsed_seconds": 2987.8249838091433}
{"event": "objective_gradient_epoch", "endpoint": "control", "epoch": 19, "batches": 247, "elapsed_seconds": 3205.2814740389585}
{"event": "objective_gradient_epoch", "endpoint": "control", "epoch": 20, "batches": 260, "elapsed_seconds": 3421.612600300461}
建立transformer............
using Transformer_type: ViT-B-16 as a backbone
Resized position embedding: %s to %s torch.Size([197, 768]) torch.Size([129, 768])
Position embedding resize to height:8 width: 16
Successfully load ckpt!
<All keys matched successfully>
Loading pretrained model from CLIP
camera number is : 8
===========Building Signal===========
{"event": "objective_gradient_epoch", "endpoint": "smooth_ap", "epoch": 1, "batches": 13, "elapsed_seconds": 45.240147644653916}
{"event": "objective_gradient_epoch", "endpoint": "smooth_ap", "epoch": 2, "batches": 26, "elapsed_seconds": 90.31601294130087}
{"event": "objective_gradient_epoch", "endpoint": "smooth_ap", "epoch": 3, "batches": 39, "elapsed_seconds": 135.5347436182201}
{"event": "objective_gradient_epoch", "endpoint": "smooth_ap", "epoch": 4, "batches": 52, "elapsed_seconds": 180.72498001344502}
{"event": "objective_gradient_epoch", "endpoint": "smooth_ap", "epoch": 5, "batches": 65, "elapsed_seconds": 226.14123277924955}
{"event": "objective_gradient_epoch", "endpoint": "smooth_ap", "epoch": 6, "batches": 78, "elapsed_seconds": 395.1530584357679}
{"event": "objective_gradient_epoch", "endpoint": "smooth_ap", "epoch": 7, "batches": 91, "elapsed_seconds": 626.5454972870648}
{"event": "objective_gradient_epoch", "endpoint": "smooth_ap", "epoch": 8, "batches": 104, "elapsed_seconds": 857.7229613084346}
{"event": "objective_gradient_epoch", "endpoint": "smooth_ap", "epoch": 9, "batches": 117, "elapsed_seconds": 1088.7554996721447}
{"event": "objective_gradient_epoch", "endpoint": "smooth_ap", "epoch": 10, "batches": 130, "elapsed_seconds": 1319.8648621290922}
{"event": "objective_gradient_epoch", "endpoint": "smooth_ap", "epoch": 11, "batches": 143, "elapsed_seconds": 1551.403065379709}
{"event": "objective_gradient_epoch", "endpoint": "smooth_ap", "epoch": 12, "batches": 156, "elapsed_seconds": 1784.1163756567985}
{"event": "objective_gradient_epoch", "endpoint": "smooth_ap", "epoch": 13, "batches": 169, "elapsed_seconds": 2015.253520336002}
{"event": "objective_gradient_epoch", "endpoint": "smooth_ap", "epoch": 14, "batches": 182, "elapsed_seconds": 2246.487220896408}
{"event": "objective_gradient_epoch", "endpoint": "smooth_ap", "epoch": 15, "batches": 195, "elapsed_seconds": 2477.9755571018904}
{"event": "objective_gradient_epoch", "endpoint": "smooth_ap", "epoch": 16, "batches": 208, "elapsed_seconds": 2709.152852155268}
{"event": "objective_gradient_epoch", "endpoint": "smooth_ap", "epoch": 17, "batches": 221, "elapsed_seconds": 2938.849872784689}
{"event": "objective_gradient_epoch", "endpoint": "smooth_ap", "epoch": 18, "batches": 234, "elapsed_seconds": 3168.9786814004183}
{"event": "objective_gradient_epoch", "endpoint": "smooth_ap", "epoch": 19, "batches": 247, "elapsed_seconds": 3400.552304752171}
{"event": "objective_gradient_epoch", "endpoint": "smooth_ap", "epoch": 20, "batches": 260, "elapsed_seconds": 3632.0034839883447}
建立transformer............
using Transformer_type: ViT-B-16 as a backbone
Resized position embedding: %s to %s torch.Size([197, 768]) torch.Size([129, 768])
Position embedding resize to height:8 width: 16
Successfully load ckpt!
<All keys matched successfully>
Loading pretrained model from CLIP
camera number is : 8
===========Building Signal===========
{"event": "objective_gradient_epoch", "endpoint": "control", "epoch": 1, "batches": 13, "elapsed_seconds": 45.06978095136583}
{"event": "objective_gradient_epoch", "endpoint": "control", "epoch": 2, "batches": 26, "elapsed_seconds": 90.28126563504338}
{"event": "objective_gradient_epoch", "endpoint": "control", "epoch": 3, "batches": 39, "elapsed_seconds": 135.46562685072422}
{"event": "objective_gradient_epoch", "endpoint": "control", "epoch": 4, "batches": 52, "elapsed_seconds": 180.7090937588364}
{"event": "objective_gradient_epoch", "endpoint": "control", "epoch": 5, "batches": 65, "elapsed_seconds": 226.0355465747416}
{"event": "objective_gradient_epoch", "endpoint": "control", "epoch": 6, "batches": 78, "elapsed_seconds": 389.9162802193314}
{"event": "objective_gradient_epoch", "endpoint": "control", "epoch": 7, "batches": 91, "elapsed_seconds": 608.6431748867035}
{"event": "objective_gradient_epoch", "endpoint": "control", "epoch": 8, "batches": 104, "elapsed_seconds": 821.1886501871049}
{"event": "objective_gradient_epoch", "endpoint": "control", "epoch": 9, "batches": 117, "elapsed_seconds": 1045.4470572602004}
{"event": "objective_gradient_epoch", "endpoint": "control", "epoch": 10, "batches": 130, "elapsed_seconds": 1263.996821289882}
{"event": "objective_gradient_epoch", "endpoint": "control", "epoch": 11, "batches": 143, "elapsed_seconds": 1481.253339515999}
{"event": "objective_gradient_epoch", "endpoint": "control", "epoch": 12, "batches": 156, "elapsed_seconds": 1702.9686571769416}
{"event": "objective_gradient_epoch", "endpoint": "control", "epoch": 13, "batches": 169, "elapsed_seconds": 1917.641949430108}
{"event": "objective_gradient_epoch", "endpoint": "control", "epoch": 14, "batches": 182, "elapsed_seconds": 2139.416837371886}
{"event": "objective_gradient_epoch", "endpoint": "control", "epoch": 15, "batches": 195, "elapsed_seconds": 2350.459724392742}
{"event": "objective_gradient_epoch", "endpoint": "control", "epoch": 16, "batches": 208, "elapsed_seconds": 2566.4323128052056}
{"event": "objective_gradient_epoch", "endpoint": "control", "epoch": 17, "batches": 221, "elapsed_seconds": 2778.00166907534}
{"event": "objective_gradient_epoch", "endpoint": "control", "epoch": 18, "batches": 234, "elapsed_seconds": 2987.4079724028707}
{"event": "objective_gradient_epoch", "endpoint": "control", "epoch": 19, "batches": 247, "elapsed_seconds": 3201.6266592666507}
{"event": "objective_gradient_epoch", "endpoint": "control", "epoch": 20, "batches": 260, "elapsed_seconds": 3408.6716832481325}
建立transformer............
using Transformer_type: ViT-B-16 as a backbone
Resized position embedding: %s to %s torch.Size([197, 768]) torch.Size([129, 768])
Position embedding resize to height:8 width: 16
Successfully load ckpt!
<All keys matched successfully>
Loading pretrained model from CLIP
camera number is : 8
===========Building Signal===========
{"event": "objective_gradient_epoch", "endpoint": "smooth_ap", "epoch": 1, "batches": 13, "elapsed_seconds": 45.74685280583799}
{"event": "objective_gradient_epoch", "endpoint": "smooth_ap", "epoch": 2, "batches": 26, "elapsed_seconds": 90.93062093108892}
{"event": "objective_gradient_epoch", "endpoint": "smooth_ap", "epoch": 3, "batches": 39, "elapsed_seconds": 136.04285436496139}
{"event": "objective_gradient_epoch", "endpoint": "smooth_ap", "epoch": 4, "batches": 52, "elapsed_seconds": 181.944722821936}
{"event": "objective_gradient_epoch", "endpoint": "smooth_ap", "epoch": 5, "batches": 65, "elapsed_seconds": 226.66315384954214}
{"event": "objective_gradient_epoch", "endpoint": "smooth_ap", "epoch": 6, "batches": 78, "elapsed_seconds": 395.2468185890466}
{"event": "objective_gradient_epoch", "endpoint": "smooth_ap", "epoch": 7, "batches": 91, "elapsed_seconds": 626.4866848420352}
{"event": "objective_gradient_epoch", "endpoint": "smooth_ap", "epoch": 8, "batches": 104, "elapsed_seconds": 856.7494645267725}
{"event": "objective_gradient_epoch", "endpoint": "smooth_ap", "epoch": 9, "batches": 117, "elapsed_seconds": 1087.1223629936576}
{"event": "objective_gradient_epoch", "endpoint": "smooth_ap", "epoch": 10, "batches": 130, "elapsed_seconds": 1317.1723611485213}
{"event": "objective_gradient_epoch", "endpoint": "smooth_ap", "epoch": 11, "batches": 143, "elapsed_seconds": 1547.606039306149}
{"event": "objective_gradient_epoch", "endpoint": "smooth_ap", "epoch": 12, "batches": 156, "elapsed_seconds": 1778.0667324699461}
{"event": "objective_gradient_epoch", "endpoint": "smooth_ap", "epoch": 13, "batches": 169, "elapsed_seconds": 2007.9385888129473}
{"event": "objective_gradient_epoch", "endpoint": "smooth_ap", "epoch": 14, "batches": 182, "elapsed_seconds": 2237.777453524992}
{"event": "objective_gradient_epoch", "endpoint": "smooth_ap", "epoch": 15, "batches": 195, "elapsed_seconds": 2467.563121775165}
{"event": "objective_gradient_epoch", "endpoint": "smooth_ap", "epoch": 16, "batches": 208, "elapsed_seconds": 2698.205473465845}
{"event": "objective_gradient_epoch", "endpoint": "smooth_ap", "epoch": 17, "batches": 221, "elapsed_seconds": 2928.472611794248}
{"event": "objective_gradient_epoch", "endpoint": "smooth_ap", "epoch": 18, "batches": 234, "elapsed_seconds": 3158.8064490891993}
{"event": "objective_gradient_epoch", "endpoint": "smooth_ap", "epoch": 19, "batches": 247, "elapsed_seconds": 3388.759800605476}
{"event": "objective_gradient_epoch", "endpoint": "smooth_ap", "epoch": 20, "batches": 260, "elapsed_seconds": 3617.544076802209}
建立transformer............
using Transformer_type: ViT-B-16 as a backbone
Resized position embedding: %s to %s torch.Size([197, 768]) torch.Size([129, 768])
Position embedding resize to height:8 width: 16
Successfully load ckpt!
<All keys matched successfully>
Loading pretrained model from CLIP
camera number is : 8
===========Building Signal===========
{"event": "objective_gradient_epoch", "endpoint": "control", "epoch": 1, "batches": 13, "elapsed_seconds": 44.79043399915099}
{"event": "objective_gradient_epoch", "endpoint": "control", "epoch": 2, "batches": 26, "elapsed_seconds": 88.93092423677444}
{"event": "objective_gradient_epoch", "endpoint": "control", "epoch": 3, "batches": 39, "elapsed_seconds": 132.85538128763437}
{"event": "objective_gradient_epoch", "endpoint": "control", "epoch": 4, "batches": 52, "elapsed_seconds": 177.2328450679779}
{"event": "objective_gradient_epoch", "endpoint": "control", "epoch": 5, "batches": 65, "elapsed_seconds": 221.64470570906997}
{"event": "objective_gradient_epoch", "endpoint": "control", "epoch": 6, "batches": 78, "elapsed_seconds": 378.74761566706}
{"event": "objective_gradient_epoch", "endpoint": "control", "epoch": 7, "batches": 91, "elapsed_seconds": 594.1189442891628}
{"event": "objective_gradient_epoch", "endpoint": "control", "epoch": 8, "batches": 104, "elapsed_seconds": 802.0005209036171}
{"event": "objective_gradient_epoch", "endpoint": "control", "epoch": 9, "batches": 117, "elapsed_seconds": 1023.156286155805}
{"event": "objective_gradient_epoch", "endpoint": "control", "epoch": 10, "batches": 130, "elapsed_seconds": 1245.9820041954517}
{"event": "objective_gradient_epoch", "endpoint": "control", "epoch": 11, "batches": 143, "elapsed_seconds": 1463.4450291339308}
{"event": "objective_gradient_epoch", "endpoint": "control", "epoch": 12, "batches": 156, "elapsed_seconds": 1686.9076074864715}
{"event": "objective_gradient_epoch", "endpoint": "control", "epoch": 13, "batches": 169, "elapsed_seconds": 1904.4659230597317}
{"event": "objective_gradient_epoch", "endpoint": "control", "epoch": 14, "batches": 182, "elapsed_seconds": 2119.9698710720986}
{"event": "objective_gradient_epoch", "endpoint": "control", "epoch": 15, "batches": 195, "elapsed_seconds": 2330.304074537009}
{"event": "objective_gradient_epoch", "endpoint": "control", "epoch": 16, "batches": 208, "elapsed_seconds": 2545.5886406023055}
{"event": "objective_gradient_epoch", "endpoint": "control", "epoch": 17, "batches": 221, "elapsed_seconds": 2758.2391904219985}
{"event": "objective_gradient_epoch", "endpoint": "control", "epoch": 18, "batches": 234, "elapsed_seconds": 2966.6756515633315}
{"event": "objective_gradient_epoch", "endpoint": "control", "epoch": 19, "batches": 247, "elapsed_seconds": 3183.292249588296}
{"event": "objective_gradient_epoch", "endpoint": "control", "epoch": 20, "batches": 260, "elapsed_seconds": 3400.835834328085}
建立transformer............
using Transformer_type: ViT-B-16 as a backbone
Resized position embedding: %s to %s torch.Size([197, 768]) torch.Size([129, 768])
Position embedding resize to height:8 width: 16
Successfully load ckpt!
<All keys matched successfully>
Loading pretrained model from CLIP
camera number is : 8
===========Building Signal===========
{"event": "objective_gradient_epoch", "endpoint": "smooth_ap", "epoch": 1, "batches": 13, "elapsed_seconds": 44.73315710760653}
{"event": "objective_gradient_epoch", "endpoint": "smooth_ap", "epoch": 2, "batches": 26, "elapsed_seconds": 89.2705401610583}
{"event": "objective_gradient_epoch", "endpoint": "smooth_ap", "epoch": 3, "batches": 39, "elapsed_seconds": 134.66409793496132}
{"event": "objective_gradient_epoch", "endpoint": "smooth_ap", "epoch": 4, "batches": 52, "elapsed_seconds": 179.0880676470697}
{"event": "objective_gradient_epoch", "endpoint": "smooth_ap", "epoch": 5, "batches": 65, "elapsed_seconds": 222.89823746308684}
{"event": "objective_gradient_epoch", "endpoint": "smooth_ap", "epoch": 6, "batches": 78, "elapsed_seconds": 390.167117619887}
{"event": "objective_gradient_epoch", "endpoint": "smooth_ap", "epoch": 7, "batches": 91, "elapsed_seconds": 618.8980389274657}
{"event": "objective_gradient_epoch", "endpoint": "smooth_ap", "epoch": 8, "batches": 104, "elapsed_seconds": 848.2834562063217}
{"event": "objective_gradient_epoch", "endpoint": "smooth_ap", "epoch": 9, "batches": 117, "elapsed_seconds": 1078.8750691227615}
{"event": "objective_gradient_epoch", "endpoint": "smooth_ap", "epoch": 10, "batches": 130, "elapsed_seconds": 1308.538785347715}
{"event": "objective_gradient_epoch", "endpoint": "smooth_ap", "epoch": 11, "batches": 143, "elapsed_seconds": 1537.9539124835283}
{"event": "objective_gradient_epoch", "endpoint": "smooth_ap", "epoch": 12, "batches": 156, "elapsed_seconds": 1767.4906867593527}
{"event": "objective_gradient_epoch", "endpoint": "smooth_ap", "epoch": 13, "batches": 169, "elapsed_seconds": 1996.537445275113}
{"event": "objective_gradient_epoch", "endpoint": "smooth_ap", "epoch": 14, "batches": 182, "elapsed_seconds": 2225.986854646355}
{"event": "objective_gradient_epoch", "endpoint": "smooth_ap", "epoch": 15, "batches": 195, "elapsed_seconds": 2455.3497480545193}
{"event": "objective_gradient_epoch", "endpoint": "smooth_ap", "epoch": 16, "batches": 208, "elapsed_seconds": 2684.1440066751093}
{"event": "objective_gradient_epoch", "endpoint": "smooth_ap", "epoch": 17, "batches": 221, "elapsed_seconds": 2913.3072559479624}
{"event": "objective_gradient_epoch", "endpoint": "smooth_ap", "epoch": 18, "batches": 234, "elapsed_seconds": 3142.4926713388413}
{"event": "objective_gradient_epoch", "endpoint": "smooth_ap", "epoch": 19, "batches": 247, "elapsed_seconds": 3372.0786433722824}
{"event": "objective_gradient_epoch", "endpoint": "smooth_ap", "epoch": 20, "batches": 260, "elapsed_seconds": 3601.5501652359962}
