/data/gaob/Re-ID/conda-envs/tri_reid/lib/python3.10/site-packages/timm/models/helpers.py:7: FutureWarning: Importing from timm.models.helpers is deprecated, please import via timm.models
  warnings.warn(f"Importing from {__name__} is deprecated, please import via timm.models", FutureWarning)
/data/gaob/Re-ID/conda-envs/tri_reid/lib/python3.10/site-packages/timm/models/registry.py:4: FutureWarning: Importing from timm.models.registry is deprecated, please import via timm.models
  warnings.warn(f"Importing from {__name__} is deprecated, please import via timm.models", FutureWarning)
/data/gaob/Re-ID/conda-envs/tri_reid/lib/python3.10/site-packages/timm/models/layers/__init__.py:48: FutureWarning: Importing from timm.models.layers is deprecated, please import via timm.layers
  warnings.warn(f"Importing from {__name__} is deprecated, please import via timm.layers", FutureWarning)
建立transformer............
using Transformer_type: ViT-B-16 as a backbone
Resized position embedding: %s to %s torch.Size([197, 768]) torch.Size([129, 768])
Position embedding resize to height:8 width: 16
Successfully load ckpt!
<All keys matched successfully>
Loading pretrained model from CLIP
camera number is : 8
===========Building Signal===========
{"event": "epoch", "dataset": "RGBNT100", "epoch": 1, "steps": 130, "mean_loss": 2.531826550226945, "seconds": 66.20311547798337, "official_fused": {"mAP": 85.74286910847007, "Rank-1": 96.32652997970581, "Rank-5": 96.44314646720886, "Rank-10": 96.55976891517639}, "best_epoch": 1}
{"event": "epoch", "dataset": "RGBNT100", "epoch": 2, "steps": 131, "mean_loss": 0.8960738869113777, "seconds": 68.32714806799777, "official_fused": {"mAP": 84.31915331867353, "Rank-1": 95.97667455673218, "Rank-5": 96.67638540267944, "Rank-10": 97.14285731315613}, "best_epoch": 1}
{"event": "epoch", "dataset": "RGBNT100", "epoch": 3, "steps": 132, "mean_loss": 0.7305136011405424, "seconds": 69.05885271599982, "official_fused": {"mAP": 82.27578352571786, "Rank-1": 95.68513035774231, "Rank-5": 96.38484120368958, "Rank-10": 97.02624082565308}, "best_epoch": 1}
{"event": "epoch", "dataset": "RGBNT100", "epoch": 4, "steps": 131, "mean_loss": 0.7193267090629986, "seconds": 68.65161299699685, "official_fused": {"mAP": 81.01324407741053, "Rank-1": 94.75218653678894, "Rank-5": 95.21865844726562, "Rank-10": 96.03498578071594}, "best_epoch": 1}
{"event": "epoch", "dataset": "RGBNT100", "epoch": 5, "steps": 132, "mean_loss": 0.7136509757150303, "seconds": 68.075160737033, "official_fused": {"mAP": 81.98749646606063, "Rank-1": 94.92711424827576, "Rank-5": 95.33527493476868, "Rank-10": 95.97667455673218}, "best_epoch": 1}
{"event": "epoch", "dataset": "RGBNT100", "epoch": 6, "steps": 131, "mean_loss": 0.7115205462652309, "seconds": 69.17939347197535, "official_fused": {"mAP": 82.4638299046069, "Rank-1": 94.8104977607727, "Rank-5": 95.39358615875244, "Rank-10": 95.68513035774231}, "best_epoch": 1}
{"event": "epoch", "dataset": "RGBNT100", "epoch": 7, "steps": 132, "mean_loss": 0.7088559608567845, "seconds": 69.13083606399596, "official_fused": {"mAP": 82.38601587552276, "Rank-1": 94.69387531280518, "Rank-5": 95.56851387023926, "Rank-10": 96.151602268219}, "best_epoch": 1}
{"event": "epoch", "dataset": "RGBNT100", "epoch": 8, "steps": 131, "mean_loss": 0.7085486832465834, "seconds": 68.93285787000787, "official_fused": {"mAP": 82.79049072443175, "Rank-1": 95.10204195976257, "Rank-5": 96.26821875572205, "Rank-10": 96.50145769119263}, "best_epoch": 1}
{"event": "epoch", "dataset": "RGBNT100", "epoch": 9, "steps": 130, "mean_loss": 0.7082964768776527, "seconds": 69.52526155702071, "official_fused": {"mAP": 82.63421170309428, "Rank-1": 95.4518973827362, "Rank-5": 96.20991349220276, "Rank-10": 96.55976891517639}, "best_epoch": 1}
{"event": "epoch", "dataset": "RGBNT100", "epoch": 10, "steps": 132, "mean_loss": 0.7079309568260655, "seconds": 68.16303981997771, "official_fused": {"mAP": 82.54030803746879, "Rank-1": 95.04373073577881, "Rank-5": 95.56851387023926, "Rank-10": 95.62682509422302}, "best_epoch": 1}
{"event": "epoch", "dataset": "RGBNT100", "epoch": 11, "steps": 131, "mean_loss": 0.7074690083511003, "seconds": 68.202980527014, "official_fused": {"mAP": 82.8639846867976, "Rank-1": 94.86880302429199, "Rank-5": 95.86005806922913, "Rank-10": 96.32652997970581}, "best_epoch": 1}
{"event": "epoch", "dataset": "RGBNT100", "epoch": 12, "steps": 131, "mean_loss": 0.7075689362205622, "seconds": 67.33591224299744, "official_fused": {"mAP": 83.33703895605619, "Rank-1": 95.16034722328186, "Rank-5": 96.20991349220276, "Rank-10": 96.50145769119263}, "best_epoch": 1}
{"event": "epoch", "dataset": "RGBNT100", "epoch": 13, "steps": 131, "mean_loss": 0.7077756938133531, "seconds": 67.95225631300127, "official_fused": {"mAP": 83.64162483913404, "Rank-1": 95.33527493476868, "Rank-5": 95.91836929321289, "Rank-10": 96.50145769119263}, "best_epoch": 1}
{"event": "epoch", "dataset": "RGBNT100", "epoch": 14, "steps": 132, "mean_loss": 0.7074356977686738, "seconds": 68.41461260901997, "official_fused": {"mAP": 83.49331578080493, "Rank-1": 95.27696967124939, "Rank-5": 95.86005806922913, "Rank-10": 96.20991349220276}, "best_epoch": 1}
{"event": "epoch", "dataset": "RGBNT100", "epoch": 15, "steps": 129, "mean_loss": 0.7070691548576651, "seconds": 66.49166718003107, "official_fused": {"mAP": 83.12546985805362, "Rank-1": 94.8104977607727, "Rank-5": 95.68513035774231, "Rank-10": 95.91836929321289}, "best_epoch": 1}
{"event": "epoch", "dataset": "RGBNT100", "epoch": 16, "steps": 131, "mean_loss": 0.7072874535131091, "seconds": 66.47686672996497, "official_fused": {"mAP": 83.32831388766864, "Rank-1": 94.98542547225952, "Rank-5": 95.5102026462555, "Rank-10": 95.97667455673218}, "best_epoch": 1}
{"event": "epoch", "dataset": "RGBNT100", "epoch": 17, "steps": 132, "mean_loss": 0.7078749000123052, "seconds": 67.11364657001104, "official_fused": {"mAP": 82.86738630850186, "Rank-1": 94.57725882530212, "Rank-5": 95.97667455673218, "Rank-10": 96.38484120368958}, "best_epoch": 1}
{"event": "epoch", "dataset": "RGBNT100", "epoch": 18, "steps": 132, "mean_loss": 0.7096531621434472, "seconds": 68.96901962300763, "official_fused": {"mAP": 83.59821704221764, "Rank-1": 95.16034722328186, "Rank-5": 96.151602268219, "Rank-10": 96.26821875572205}, "best_epoch": 1}
{"event": "epoch", "dataset": "RGBNT100", "epoch": 19, "steps": 132, "mean_loss": 0.7074566167412382, "seconds": 67.52968062303262, "official_fused": {"mAP": 83.20860180386549, "Rank-1": 95.27696967124939, "Rank-5": 95.97667455673218, "Rank-10": 96.26821875572205}, "best_epoch": 1}
{"event": "epoch", "dataset": "RGBNT100", "epoch": 20, "steps": 132, "mean_loss": 0.706967039993315, "seconds": 68.68004300299799, "official_fused": {"mAP": 83.38539305458376, "Rank-1": 94.98542547225952, "Rank-5": 95.62682509422302, "Rank-10": 95.91836929321289}, "best_epoch": 1}
{"event": "epoch", "dataset": "RGBNT100", "epoch": 21, "steps": 131, "mean_loss": 0.707165201656691, "seconds": 68.34537816996453, "official_fused": {"mAP": 83.2008046283112, "Rank-1": 94.51894760131836, "Rank-5": 95.68513035774231, "Rank-10": 95.97667455673218}, "best_epoch": 1}
{"event": "epoch", "dataset": "RGBNT100", "epoch": 22, "steps": 132, "mean_loss": 0.7069852577917504, "seconds": 67.77345225500176, "official_fused": {"mAP": 83.32904775112245, "Rank-1": 94.75218653678894, "Rank-5": 95.56851387023926, "Rank-10": 96.03498578071594}, "best_epoch": 1}
{"event": "epoch", "dataset": "RGBNT100", "epoch": 23, "steps": 131, "mean_loss": 0.7069822367821031, "seconds": 65.94023971899878, "official_fused": {"mAP": 83.14174992577568, "Rank-1": 94.63557004928589, "Rank-5": 95.56851387023926, "Rank-10": 95.86005806922913}, "best_epoch": 1}
{"event": "epoch", "dataset": "RGBNT100", "epoch": 24, "steps": 130, "mean_loss": 0.7069620737662682, "seconds": 66.89807444100734, "official_fused": {"mAP": 83.21694330238087, "Rank-1": 94.57725882530212, "Rank-5": 95.27696967124939, "Rank-10": 95.80174684524536}, "best_epoch": 1}
{"event": "epoch", "dataset": "RGBNT100", "epoch": 25, "steps": 132, "mean_loss": 0.7069337304794427, "seconds": 67.22494276496582, "official_fused": {"mAP": 82.97252408501807, "Rank-1": 94.22740340232849, "Rank-5": 95.04373073577881, "Rank-10": 95.5102026462555}, "best_epoch": 1}
{"event": "epoch", "dataset": "RGBNT100", "epoch": 26, "steps": 131, "mean_loss": 0.7067846610345914, "seconds": 67.10136385099031, "official_fused": {"mAP": 83.26824153812224, "Rank-1": 94.51894760131836, "Rank-5": 95.21865844726562, "Rank-10": 95.5102026462555}, "best_epoch": 1}
{"event": "epoch", "dataset": "RGBNT100", "epoch": 27, "steps": 131, "mean_loss": 0.7066644885157811, "seconds": 65.72909196204273, "official_fused": {"mAP": 83.11685544707676, "Rank-1": 94.57725882530212, "Rank-5": 95.04373073577881, "Rank-10": 95.56851387023926}, "best_epoch": 1}
{"event": "epoch", "dataset": "RGBNT100", "epoch": 28, "steps": 130, "mean_loss": 0.7067423224449157, "seconds": 64.12338542297948, "official_fused": {"mAP": 83.1965838203148, "Rank-1": 94.34402585029602, "Rank-5": 94.8104977607727, "Rank-10": 95.5102026462555}, "best_epoch": 1}
{"event": "epoch", "dataset": "RGBNT100", "epoch": 29, "steps": 131, "mean_loss": 0.7066867888428783, "seconds": 64.92131280101603, "official_fused": {"mAP": 82.96472869230023, "Rank-1": 94.34402585029602, "Rank-5": 94.92711424827576, "Rank-10": 95.21865844726562}, "best_epoch": 1}
{"event": "epoch", "dataset": "RGBNT100", "epoch": 30, "steps": 132, "mean_loss": 0.7067111093889583, "seconds": 65.27371805295115, "official_fused": {"mAP": 82.85715758099886, "Rank-1": 94.40233111381531, "Rank-5": 95.16034722328186, "Rank-10": 95.5102026462555}, "best_epoch": 1}
{"event": "epoch", "dataset": "RGBNT100", "epoch": 31, "steps": 131, "mean_loss": 0.7066417391063603, "seconds": 64.43485667504137, "official_fused": {"mAP": 82.69713244520004, "Rank-1": 94.46064233779907, "Rank-5": 94.8104977607727, "Rank-10": 95.5102026462555}, "best_epoch": 1}
{"event": "epoch", "dataset": "RGBNT100", "epoch": 32, "steps": 131, "mean_loss": 0.7064502116378027, "seconds": 64.18370679504005, "official_fused": {"mAP": 82.79456220725693, "Rank-1": 94.22740340232849, "Rank-5": 94.8104977607727, "Rank-10": 94.92711424827576}, "best_epoch": 1}
{"event": "epoch", "dataset": "RGBNT100", "epoch": 33, "steps": 131, "mean_loss": 0.7063766381212773, "seconds": 64.68063999601873, "official_fused": {"mAP": 82.86573849302175, "Rank-1": 93.81924271583557, "Rank-5": 94.34402585029602, "Rank-10": 94.63557004928589}, "best_epoch": 1}
{"event": "epoch", "dataset": "RGBNT100", "epoch": 34, "steps": 132, "mean_loss": 0.7063397525837927, "seconds": 65.3959642139962, "official_fused": {"mAP": 82.77293343079648, "Rank-1": 93.70262622833252, "Rank-5": 94.22740340232849, "Rank-10": 94.57725882530212}, "best_epoch": 1}
{"event": "epoch", "dataset": "RGBNT100", "epoch": 35, "steps": 132, "mean_loss": 0.7063438914942018, "seconds": 65.37049387203297, "official_fused": {"mAP": 82.85791623593248, "Rank-1": 93.93585920333862, "Rank-5": 94.51894760131836, "Rank-10": 94.8104977607727}, "best_epoch": 1}
{"event": "epoch", "dataset": "RGBNT100", "epoch": 36, "steps": 130, "mean_loss": 0.7063045231195596, "seconds": 63.93115805002162, "official_fused": {"mAP": 82.68353732859185, "Rank-1": 93.64431500434875, "Rank-5": 94.28571462631226, "Rank-10": 94.51894760131836}, "best_epoch": 1}
{"event": "epoch", "dataset": "RGBNT100", "epoch": 37, "steps": 131, "mean_loss": 0.7062560201601218, "seconds": 64.90277143201092, "official_fused": {"mAP": 82.6332353744088, "Rank-1": 93.70262622833252, "Rank-5": 94.22740340232849, "Rank-10": 94.51894760131836}, "best_epoch": 1}
{"event": "epoch", "dataset": "RGBNT100", "epoch": 38, "steps": 132, "mean_loss": 0.7062461841287035, "seconds": 65.08372165099718, "official_fused": {"mAP": 82.77839776333289, "Rank-1": 93.58600378036499, "Rank-5": 94.1690981388092, "Rank-10": 94.51894760131836}, "best_epoch": 1}
{"event": "epoch", "dataset": "RGBNT100", "epoch": 39, "steps": 130, "mean_loss": 0.7062014648547539, "seconds": 63.311453115951736, "official_fused": {"mAP": 82.54716848302975, "Rank-1": 93.35277080535889, "Rank-5": 94.05247569084167, "Rank-10": 94.40233111381531}, "best_epoch": 1}
{"event": "epoch", "dataset": "RGBNT100", "epoch": 40, "steps": 131, "mean_loss": 0.7061755952944282, "seconds": 64.06583392299945, "official_fused": {"mAP": 82.62827314619867, "Rank-1": 93.35277080535889, "Rank-5": 94.05247569084167, "Rank-10": 94.40233111381531}, "best_epoch": 1}
{"event": "epoch", "dataset": "RGBNT100", "epoch": 41, "steps": 131, "mean_loss": 0.7061625819169838, "seconds": 63.97447966603795, "official_fused": {"mAP": 82.58992032140443, "Rank-1": 93.5276985168457, "Rank-5": 94.11078691482544, "Rank-10": 94.46064233779907}, "best_epoch": 1}
{"event": "epoch", "dataset": "RGBNT100", "epoch": 42, "steps": 132, "mean_loss": 0.7061511341369513, "seconds": 64.27933772199322, "official_fused": {"mAP": 82.6632143832594, "Rank-1": 93.5276985168457, "Rank-5": 94.22740340232849, "Rank-10": 94.63557004928589}, "best_epoch": 1}
{"event": "epoch", "dataset": "RGBNT100", "epoch": 43, "steps": 131, "mean_loss": 0.7061355104883209, "seconds": 64.41559248795966, "official_fused": {"mAP": 82.64701716009777, "Rank-1": 93.41107606887817, "Rank-5": 94.22740340232849, "Rank-10": 94.51894760131836}, "best_epoch": 1}
{"event": "epoch", "dataset": "RGBNT100", "epoch": 44, "steps": 131, "mean_loss": 0.706131346808135, "seconds": 64.7268855710281, "official_fused": {"mAP": 82.59645525581122, "Rank-1": 93.29445958137512, "Rank-5": 94.11078691482544, "Rank-10": 94.34402585029602}, "best_epoch": 1}
{"event": "epoch", "dataset": "RGBNT100", "epoch": 45, "steps": 132, "mean_loss": 0.7061217458862247, "seconds": 65.86273067700677, "official_fused": {"mAP": 82.56910072556225, "Rank-1": 93.35277080535889, "Rank-5": 94.05247569084167, "Rank-10": 94.28571462631226}, "best_epoch": 1}
{"event": "epoch", "dataset": "RGBNT100", "epoch": 46, "steps": 132, "mean_loss": 0.7061333791776137, "seconds": 64.35492286802037, "official_fused": {"mAP": 82.52845405957993, "Rank-1": 93.23615431785583, "Rank-5": 94.05247569084167, "Rank-10": 94.22740340232849}, "best_epoch": 1}
{"event": "epoch", "dataset": "RGBNT100", "epoch": 47, "steps": 131, "mean_loss": 0.7061202880990414, "seconds": 64.96234323701356, "official_fused": {"mAP": 82.55249839128224, "Rank-1": 93.23615431785583, "Rank-5": 94.05247569084167, "Rank-10": 94.22740340232849}, "best_epoch": 1}
{"event": "epoch", "dataset": "RGBNT100", "epoch": 48, "steps": 130, "mean_loss": 0.7061061510672936, "seconds": 63.94919438799843, "official_fused": {"mAP": 82.56671907736207, "Rank-1": 93.35277080535889, "Rank-5": 94.05247569084167, "Rank-10": 94.22740340232849}, "best_epoch": 1}
{"event": "epoch", "dataset": "RGBNT100", "epoch": 49, "steps": 132, "mean_loss": 0.7061033190199824, "seconds": 65.25510140002007, "official_fused": {"mAP": 82.57988652659385, "Rank-1": 93.29445958137512, "Rank-5": 93.99417042732239, "Rank-10": 94.22740340232849}, "best_epoch": 1}
{"event": "epoch", "dataset": "RGBNT100", "epoch": 50, "steps": 130, "mean_loss": 0.7061057031154633, "seconds": 64.569246397994, "official_fused": {"mAP": 82.58069041116676, "Rank-1": 93.29445958137512, "Rank-5": 94.05247569084167, "Rank-10": 94.22740340232849}, "best_epoch": 1}
