/data/gaob/Re-ID/conda-envs/tri_reid/lib/python3.10/site-packages/timm/models/helpers.py:7: FutureWarning: Importing from timm.models.helpers is deprecated, please import via timm.models
  warnings.warn(f"Importing from {__name__} is deprecated, please import via timm.models", FutureWarning)
/data/gaob/Re-ID/conda-envs/tri_reid/lib/python3.10/site-packages/timm/models/registry.py:4: FutureWarning: Importing from timm.models.registry is deprecated, please import via timm.models
  warnings.warn(f"Importing from {__name__} is deprecated, please import via timm.models", FutureWarning)
/data/gaob/Re-ID/conda-envs/tri_reid/lib/python3.10/site-packages/timm/models/layers/__init__.py:48: FutureWarning: Importing from timm.models.layers is deprecated, please import via timm.layers
  warnings.warn(f"Importing from {__name__} is deprecated, please import via timm.layers", FutureWarning)
建立transformer............
using Transformer_type: ViT-B-16 as a backbone
Resized position embedding: %s to %s torch.Size([197, 768]) torch.Size([129, 768])
Position embedding resize to height:8 width: 16
Successfully load ckpt!
<All keys matched successfully>
Loading pretrained model from CLIP
camera number is : 8
===========Building Signal===========
{"event": "epoch", "dataset": "RGBNT100", "epoch": 1, "steps": 130, "mean_loss": 2.517721546613253, "seconds": 51.76525533600943, "official_fused": {"mAP": 85.105062268976, "Rank-1": 95.04373073577881, "Rank-5": 95.68513035774231, "Rank-10": 95.97667455673218}, "best_epoch": 1}
{"event": "epoch", "dataset": "RGBNT100", "epoch": 2, "steps": 131, "mean_loss": 0.8849555108383411, "seconds": 54.18143974900886, "official_fused": {"mAP": 84.53784462261142, "Rank-1": 95.80174684524536, "Rank-5": 96.67638540267944, "Rank-10": 97.20116853713989}, "best_epoch": 1}
{"event": "epoch", "dataset": "RGBNT100", "epoch": 3, "steps": 132, "mean_loss": 0.7270083680297389, "seconds": 54.614726038998924, "official_fused": {"mAP": 82.34012791274844, "Rank-1": 96.20991349220276, "Rank-5": 96.90961837768555, "Rank-10": 97.14285731315613}, "best_epoch": 1}
{"event": "epoch", "dataset": "RGBNT100", "epoch": 4, "steps": 131, "mean_loss": 0.7172950260511791, "seconds": 54.057176589994924, "official_fused": {"mAP": 81.18486262035908, "Rank-1": 94.46064233779907, "Rank-5": 95.10204195976257, "Rank-10": 95.56851387023926}, "best_epoch": 1}
{"event": "epoch", "dataset": "RGBNT100", "epoch": 5, "steps": 132, "mean_loss": 0.7121096104383469, "seconds": 54.89526600501267, "official_fused": {"mAP": 81.84306775268188, "Rank-1": 95.04373073577881, "Rank-5": 95.74344158172607, "Rank-10": 96.03498578071594}, "best_epoch": 1}
{"event": "epoch", "dataset": "RGBNT100", "epoch": 6, "steps": 131, "mean_loss": 0.710406863962421, "seconds": 54.238363719006884, "official_fused": {"mAP": 82.4064688330345, "Rank-1": 94.86880302429199, "Rank-5": 96.0932970046997, "Rank-10": 96.44314646720886}, "best_epoch": 1}
{"event": "epoch", "dataset": "RGBNT100", "epoch": 7, "steps": 132, "mean_loss": 0.7083703148545641, "seconds": 54.7701076779922, "official_fused": {"mAP": 82.04800721776544, "Rank-1": 94.92711424827576, "Rank-5": 95.86005806922913, "Rank-10": 96.20991349220276}, "best_epoch": 1}
{"event": "epoch", "dataset": "RGBNT100", "epoch": 8, "steps": 131, "mean_loss": 0.7078517293202058, "seconds": 53.74718391499482, "official_fused": {"mAP": 82.23196634135498, "Rank-1": 93.7609314918518, "Rank-5": 94.51894760131836, "Rank-10": 94.86880302429199}, "best_epoch": 1}
{"event": "epoch", "dataset": "RGBNT100", "epoch": 9, "steps": 130, "mean_loss": 0.7079412038509663, "seconds": 53.862585556998965, "official_fused": {"mAP": 82.11111071673285, "Rank-1": 94.11078691482544, "Rank-5": 95.04373073577881, "Rank-10": 95.4518973827362}, "best_epoch": 1}
{"event": "epoch", "dataset": "RGBNT100", "epoch": 10, "steps": 132, "mean_loss": 0.7074953344735232, "seconds": 54.521205615994404, "official_fused": {"mAP": 81.77626104280814, "Rank-1": 94.11078691482544, "Rank-5": 95.21865844726562, "Rank-10": 95.86005806922913}, "best_epoch": 1}
{"event": "epoch", "dataset": "RGBNT100", "epoch": 11, "steps": 131, "mean_loss": 0.7073752552498388, "seconds": 54.211044159994344, "official_fused": {"mAP": 82.33349762429472, "Rank-1": 94.40233111381531, "Rank-5": 95.68513035774231, "Rank-10": 96.26821875572205}, "best_epoch": 1}
{"event": "epoch", "dataset": "RGBNT100", "epoch": 12, "steps": 131, "mean_loss": 0.7074305697251823, "seconds": 54.10722503000579, "official_fused": {"mAP": 81.98372161143914, "Rank-1": 93.64431500434875, "Rank-5": 94.86880302429199, "Rank-10": 95.4518973827362}, "best_epoch": 1}
{"event": "epoch", "dataset": "RGBNT100", "epoch": 13, "steps": 131, "mean_loss": 0.7073607426563292, "seconds": 53.43048169800022, "official_fused": {"mAP": 82.33943439872783, "Rank-1": 94.34402585029602, "Rank-5": 95.27696967124939, "Rank-10": 95.86005806922913}, "best_epoch": 1}
{"event": "epoch", "dataset": "RGBNT100", "epoch": 14, "steps": 132, "mean_loss": 0.7075511325489391, "seconds": 53.95968305898714, "official_fused": {"mAP": 82.17258011253385, "Rank-1": 93.64431500434875, "Rank-5": 94.63557004928589, "Rank-10": 95.10204195976257}, "best_epoch": 1}
{"event": "epoch", "dataset": "RGBNT100", "epoch": 15, "steps": 129, "mean_loss": 0.7071497112281563, "seconds": 53.281467569002416, "official_fused": {"mAP": 81.71371775359529, "Rank-1": 93.5276985168457, "Rank-5": 94.34402585029602, "Rank-10": 94.86880302429199}, "best_epoch": 1}
{"event": "epoch", "dataset": "RGBNT100", "epoch": 16, "steps": 131, "mean_loss": 0.7071889975598751, "seconds": 54.14907201999449, "official_fused": {"mAP": 81.70063371109147, "Rank-1": 93.87755393981934, "Rank-5": 94.8104977607727, "Rank-10": 95.33527493476868}, "best_epoch": 1}
{"event": "epoch", "dataset": "RGBNT100", "epoch": 17, "steps": 132, "mean_loss": 0.7070985291943406, "seconds": 55.1605602609925, "official_fused": {"mAP": 81.77075397003472, "Rank-1": 93.99417042732239, "Rank-5": 95.4518973827362, "Rank-10": 95.91836929321289}, "best_epoch": 1}
{"event": "epoch", "dataset": "RGBNT100", "epoch": 18, "steps": 132, "mean_loss": 0.7075956079995993, "seconds": 54.43377598300867, "official_fused": {"mAP": 82.21585180215914, "Rank-1": 93.70262622833252, "Rank-5": 94.46064233779907, "Rank-10": 94.86880302429199}, "best_epoch": 1}
{"event": "epoch", "dataset": "RGBNT100", "epoch": 19, "steps": 132, "mean_loss": 0.707176511034821, "seconds": 55.780464556999505, "official_fused": {"mAP": 81.87122764515266, "Rank-1": 93.81924271583557, "Rank-5": 95.16034722328186, "Rank-10": 95.56851387023926}, "best_epoch": 1}
{"event": "epoch", "dataset": "RGBNT100", "epoch": 20, "steps": 132, "mean_loss": 0.7069270357941136, "seconds": 54.30256891300087, "official_fused": {"mAP": 81.69149757743156, "Rank-1": 93.41107606887817, "Rank-5": 94.51894760131836, "Rank-10": 95.04373073577881}, "best_epoch": 1}
{"event": "epoch", "dataset": "RGBNT100", "epoch": 21, "steps": 131, "mean_loss": 0.7071665853034449, "seconds": 53.373766225005966, "official_fused": {"mAP": 81.43867310619918, "Rank-1": 94.1690981388092, "Rank-5": 95.21865844726562, "Rank-10": 95.80174684524536}, "best_epoch": 1}
{"event": "epoch", "dataset": "RGBNT100", "epoch": 22, "steps": 132, "mean_loss": 0.7071944890600262, "seconds": 55.37075368400838, "official_fused": {"mAP": 81.48435271326593, "Rank-1": 93.58600378036499, "Rank-5": 94.8104977607727, "Rank-10": 95.5102026462555}, "best_epoch": 1}
{"event": "epoch", "dataset": "RGBNT100", "epoch": 23, "steps": 131, "mean_loss": 0.7072190332958717, "seconds": 54.66407590699964, "official_fused": {"mAP": 81.67030964660604, "Rank-1": 93.29445958137512, "Rank-5": 94.11078691482544, "Rank-10": 95.04373073577881}, "best_epoch": 1}
{"event": "epoch", "dataset": "RGBNT100", "epoch": 24, "steps": 130, "mean_loss": 0.7068550912233499, "seconds": 54.45833038100682, "official_fused": {"mAP": 81.62541170503242, "Rank-1": 92.94460415840149, "Rank-5": 93.87755393981934, "Rank-10": 94.34402585029602}, "best_epoch": 1}
{"event": "epoch", "dataset": "RGBNT100", "epoch": 25, "steps": 132, "mean_loss": 0.7066941550283721, "seconds": 55.5530045429914, "official_fused": {"mAP": 81.51789571885624, "Rank-1": 93.46938729286194, "Rank-5": 94.63557004928589, "Rank-10": 94.86880302429199}, "best_epoch": 1}
{"event": "epoch", "dataset": "RGBNT100", "epoch": 26, "steps": 131, "mean_loss": 0.7066455133088673, "seconds": 54.70708262900007, "official_fused": {"mAP": 81.63224575953507, "Rank-1": 93.23615431785583, "Rank-5": 94.28571462631226, "Rank-10": 94.92711424827576}, "best_epoch": 1}
