/data/gaob/Re-ID/conda-envs/tri_reid/lib/python3.10/site-packages/timm/models/helpers.py:7: FutureWarning: Importing from timm.models.helpers is deprecated, please import via timm.models
  warnings.warn(f"Importing from {__name__} is deprecated, please import via timm.models", FutureWarning)
/data/gaob/Re-ID/conda-envs/tri_reid/lib/python3.10/site-packages/timm/models/registry.py:4: FutureWarning: Importing from timm.models.registry is deprecated, please import via timm.models
  warnings.warn(f"Importing from {__name__} is deprecated, please import via timm.models", FutureWarning)
/data/gaob/Re-ID/conda-envs/tri_reid/lib/python3.10/site-packages/timm/models/layers/__init__.py:48: FutureWarning: Importing from timm.models.layers is deprecated, please import via timm.layers
  warnings.warn(f"Importing from {__name__} is deprecated, please import via timm.layers", FutureWarning)
建立transformer............
using Transformer_type: ViT-B-16 as a backbone
Resized position embedding: %s to %s torch.Size([197, 768]) torch.Size([129, 768])
Position embedding resize to height:16 width: 8
Successfully load ckpt!
<All keys matched successfully>
Loading pretrained model from CLIP
camera number is : 4
===========Building Signal===========
using soft triplet loss for training
label smooth on, numclasses: 171
{"event": "epoch", "dataset": "RGBNT201", "recipe": "native", "epoch": 1, "steps": 53, "mean_loss": 4.128668843575244, "seconds": 35.378798822988756, "official_fused": {"mAP": 29.457981130872103, "Rank-1": 28.82775068283081, "Rank-5": 45.69377899169922, "Rank-10": 55.62201142311096}}
{"event": "epoch", "dataset": "RGBNT201", "recipe": "native", "epoch": 2, "steps": 53, "mean_loss": 3.234711062233403, "seconds": 32.92378583102254, "official_fused": {"mAP": 52.63280608870882, "Rank-1": 51.79426074028015, "Rank-5": 63.755983114242554, "Rank-10": 71.05262875556946}}
{"event": "epoch", "dataset": "RGBNT201", "recipe": "native", "epoch": 3, "steps": 53, "mean_loss": 2.3527483850155235, "seconds": 33.27375607099384, "official_fused": {"mAP": 71.23507533080607, "Rank-1": 77.39234566688538, "Rank-5": 87.91866302490234, "Rank-10": 91.38755798339844}}
{"event": "epoch", "dataset": "RGBNT201", "recipe": "native", "epoch": 4, "steps": 53, "mean_loss": 1.7418633092124507, "seconds": 33.03649102395866, "official_fused": {"mAP": 71.0220580407341, "Rank-1": 73.80383014678955, "Rank-5": 84.21052694320679, "Rank-10": 88.99521827697754}}
{"event": "epoch", "dataset": "RGBNT201", "recipe": "native", "epoch": 5, "steps": 53, "mean_loss": 1.3365409329252422, "seconds": 33.06000880501233, "official_fused": {"mAP": 66.28260821260548, "Rank-1": 68.66028904914856, "Rank-5": 81.22009634971619, "Rank-10": 86.00478172302246}}
{"event": "epoch", "dataset": "RGBNT201", "recipe": "native", "epoch": 6, "steps": 53, "mean_loss": 0.8251805946512042, "seconds": 32.907690240012016, "official_fused": {"mAP": 68.14847735210272, "Rank-1": 72.24880456924438, "Rank-5": 82.0574164390564, "Rank-10": 88.87559771537781}}
{"event": "epoch", "dataset": "RGBNT201", "recipe": "native", "epoch": 7, "steps": 53, "mean_loss": 0.5954092651043298, "seconds": 32.83498507097829, "official_fused": {"mAP": 74.22249535691653, "Rank-1": 78.46890091896057, "Rank-5": 88.39712738990784, "Rank-10": 92.58373379707336}}
{"event": "epoch", "dataset": "RGBNT201", "recipe": "native", "epoch": 8, "steps": 53, "mean_loss": 0.5544049706099168, "seconds": 33.08690120797837, "official_fused": {"mAP": 74.41824710398774, "Rank-1": 79.0669858455658, "Rank-5": 88.0382776260376, "Rank-10": 91.62679314613342}}
{"event": "epoch", "dataset": "RGBNT201", "recipe": "native", "epoch": 9, "steps": 53, "mean_loss": 0.514977605275388, "seconds": 34.522263341990765, "official_fused": {"mAP": 73.14020411749986, "Rank-1": 76.31579041481018, "Rank-5": 86.48325204849243, "Rank-10": 90.31100273132324}}
{"event": "epoch", "dataset": "RGBNT201", "recipe": "native", "epoch": 10, "steps": 53, "mean_loss": 0.5083837402316759, "seconds": 34.30489862599643, "official_fused": {"mAP": 72.94655520507546, "Rank-1": 75.71770548820496, "Rank-5": 86.48325204849243, "Rank-10": 90.07176756858826}}
{"event": "epoch", "dataset": "RGBNT201", "recipe": "native", "epoch": 11, "steps": 53, "mean_loss": 0.5009201365821766, "seconds": 32.96704649802996, "official_fused": {"mAP": 72.63154714635712, "Rank-1": 75.23923516273499, "Rank-5": 85.76555252075195, "Rank-10": 90.66985845565796}}
{"event": "epoch", "dataset": "RGBNT201", "recipe": "native", "epoch": 12, "steps": 53, "mean_loss": 0.5147951391507994, "seconds": 33.187307694985066, "official_fused": {"mAP": 73.385875209693, "Rank-1": 77.15311050415039, "Rank-5": 87.08133697509766, "Rank-10": 91.62679314613342}}
{"event": "epoch", "dataset": "RGBNT201", "recipe": "native", "epoch": 13, "steps": 53, "mean_loss": 0.49521746219329116, "seconds": 32.95854600897292, "official_fused": {"mAP": 73.03746304748668, "Rank-1": 75.83732008934021, "Rank-5": 86.24401688575745, "Rank-10": 91.14832282066345}}
{"event": "epoch", "dataset": "RGBNT201", "recipe": "native", "epoch": 14, "steps": 53, "mean_loss": 0.4957128572014143, "seconds": 32.997844632016495, "official_fused": {"mAP": 70.78717709576496, "Rank-1": 74.04305934906006, "Rank-5": 84.21052694320679, "Rank-10": 89.71291780471802}}
{"event": "epoch", "dataset": "RGBNT201", "recipe": "native", "epoch": 15, "steps": 53, "mean_loss": 0.484213152021732, "seconds": 33.065520756994374, "official_fused": {"mAP": 71.21933584458912, "Rank-1": 73.44497442245483, "Rank-5": 84.92823243141174, "Rank-10": 89.71291780471802}}
{"event": "epoch", "dataset": "RGBNT201", "recipe": "native", "epoch": 16, "steps": 53, "mean_loss": 0.49171293119214615, "seconds": 34.254163662029896, "official_fused": {"mAP": 70.93601899899062, "Rank-1": 72.84688949584961, "Rank-5": 82.8947365283966, "Rank-10": 88.87559771537781}}
{"event": "epoch", "dataset": "RGBNT201", "recipe": "native", "epoch": 17, "steps": 53, "mean_loss": 0.47823465039145274, "seconds": 33.28507493302459, "official_fused": {"mAP": 72.46738893515106, "Rank-1": 74.28229451179504, "Rank-5": 84.80861186981201, "Rank-10": 90.31100273132324}}
{"event": "epoch", "dataset": "RGBNT201", "recipe": "native", "epoch": 18, "steps": 53, "mean_loss": 0.47361503569584973, "seconds": 32.88763206801377, "official_fused": {"mAP": 73.60877016759521, "Rank-1": 75.59808492660522, "Rank-5": 86.00478172302246, "Rank-10": 90.43062329292297}}
{"event": "epoch", "dataset": "RGBNT201", "recipe": "native", "epoch": 19, "steps": 53, "mean_loss": 0.49900301841070066, "seconds": 33.0099084280082, "official_fused": {"mAP": 72.98375576254021, "Rank-1": 76.55502557754517, "Rank-5": 85.76555252075195, "Rank-10": 91.50717854499817}}
{"event": "epoch", "dataset": "RGBNT201", "recipe": "native", "epoch": 20, "steps": 53, "mean_loss": 0.4792942489093205, "seconds": 33.02318487298908, "official_fused": {"mAP": 73.56243582750842, "Rank-1": 75.11961460113525, "Rank-5": 85.64593195915222, "Rank-10": 90.31100273132324}}
{"event": "epoch", "dataset": "RGBNT201", "recipe": "native", "epoch": 21, "steps": 53, "mean_loss": 0.47576300884192846, "seconds": 33.371459767979104, "official_fused": {"mAP": 72.82085243612613, "Rank-1": 75.59808492660522, "Rank-5": 85.76555252075195, "Rank-10": 90.07176756858826}}
{"event": "epoch", "dataset": "RGBNT201", "recipe": "native", "epoch": 22, "steps": 53, "mean_loss": 0.472236933573237, "seconds": 32.70882584596984, "official_fused": {"mAP": 71.27405427860694, "Rank-1": 72.0095694065094, "Rank-5": 83.01435112953186, "Rank-10": 87.67942786216736}}
{"event": "epoch", "dataset": "RGBNT201", "recipe": "native", "epoch": 23, "steps": 53, "mean_loss": 0.47876073616855547, "seconds": 33.349126523011364, "official_fused": {"mAP": 69.62374327069205, "Rank-1": 72.12918400764465, "Rank-5": 80.74162602424622, "Rank-10": 86.36363744735718}}
{"event": "epoch", "dataset": "RGBNT201", "recipe": "native", "epoch": 24, "steps": 53, "mean_loss": 0.4690803772998306, "seconds": 33.172920709999744, "official_fused": {"mAP": 69.8120299268672, "Rank-1": 71.65071964263916, "Rank-5": 81.69856667518616, "Rank-10": 87.44019269943237}}
{"event": "epoch", "dataset": "RGBNT201", "recipe": "native", "epoch": 25, "steps": 53, "mean_loss": 0.4665286709677498, "seconds": 33.08621342299739, "official_fused": {"mAP": 71.55671348253203, "Rank-1": 74.16267991065979, "Rank-5": 83.9712917804718, "Rank-10": 89.83253836631775}}
{"event": "epoch", "dataset": "RGBNT201", "recipe": "native", "epoch": 26, "steps": 53, "mean_loss": 0.4633455017827592, "seconds": 32.97371003200533, "official_fused": {"mAP": 72.04438107902963, "Rank-1": 74.40191507339478, "Rank-5": 84.21052694320679, "Rank-10": 89.83253836631775}}
{"event": "epoch", "dataset": "RGBNT201", "recipe": "native", "epoch": 27, "steps": 53, "mean_loss": 0.4594763393672007, "seconds": 32.93999269697815, "official_fused": {"mAP": 72.33423294810424, "Rank-1": 74.28229451179504, "Rank-5": 84.68899726867676, "Rank-10": 90.07176756858826}}
{"event": "epoch", "dataset": "RGBNT201", "recipe": "native", "epoch": 28, "steps": 53, "mean_loss": 0.4593931312830943, "seconds": 32.912320787028875, "official_fused": {"mAP": 72.07140566469748, "Rank-1": 73.68420958518982, "Rank-5": 84.21052694320679, "Rank-10": 89.35406804084778}}
{"event": "epoch", "dataset": "RGBNT201", "recipe": "native", "epoch": 29, "steps": 53, "mean_loss": 0.4591385699668021, "seconds": 33.09314095805166, "official_fused": {"mAP": 72.51030584512313, "Rank-1": 74.28229451179504, "Rank-5": 83.49282145500183, "Rank-10": 89.35406804084778}}
{"event": "epoch", "dataset": "RGBNT201", "recipe": "native", "epoch": 30, "steps": 53, "mean_loss": 0.4614258290461774, "seconds": 33.03449162998004, "official_fused": {"mAP": 72.02098886889814, "Rank-1": 74.16267991065979, "Rank-5": 83.61244201660156, "Rank-10": 88.87559771537781}}
{"event": "epoch", "dataset": "RGBNT201", "recipe": "native", "epoch": 31, "steps": 53, "mean_loss": 0.4572035805234369, "seconds": 33.02189313102281, "official_fused": {"mAP": 71.9641497767874, "Rank-1": 74.16267991065979, "Rank-5": 83.13397169113159, "Rank-10": 88.99521827697754}}
{"event": "epoch", "dataset": "RGBNT201", "recipe": "native", "epoch": 32, "steps": 53, "mean_loss": 0.4581596699525725, "seconds": 33.0931767920265, "official_fused": {"mAP": 70.97864564570104, "Rank-1": 72.48803973197937, "Rank-5": 83.37320685386658, "Rank-10": 88.75598311424255}}
{"event": "epoch", "dataset": "RGBNT201", "recipe": "native", "epoch": 33, "steps": 53, "mean_loss": 0.4565138344494802, "seconds": 32.89944727503462, "official_fused": {"mAP": 71.6204188062772, "Rank-1": 73.68420958518982, "Rank-5": 84.33014154434204, "Rank-10": 89.47368264198303}}
{"event": "epoch", "dataset": "RGBNT201", "recipe": "native", "epoch": 34, "steps": 53, "mean_loss": 0.45517710132418937, "seconds": 32.90115615003742, "official_fused": {"mAP": 71.23930667050834, "Rank-1": 73.20573925971985, "Rank-5": 84.09090638160706, "Rank-10": 89.47368264198303}}
{"event": "epoch", "dataset": "RGBNT201", "recipe": "native", "epoch": 35, "steps": 53, "mean_loss": 0.45481117547683, "seconds": 33.35143367398996, "official_fused": {"mAP": 71.1649456397622, "Rank-1": 73.32535982131958, "Rank-5": 84.09090638160706, "Rank-10": 88.99521827697754}}
{"event": "epoch", "dataset": "RGBNT201", "recipe": "native", "epoch": 36, "steps": 53, "mean_loss": 0.45294001023724395, "seconds": 32.72145664104028, "official_fused": {"mAP": 71.3772802840771, "Rank-1": 74.04305934906006, "Rank-5": 84.56937670707703, "Rank-10": 89.23444747924805}}
{"event": "epoch", "dataset": "RGBNT201", "recipe": "native", "epoch": 37, "steps": 53, "mean_loss": 0.45793236089202594, "seconds": 32.9218975600088, "official_fused": {"mAP": 71.64700698407354, "Rank-1": 74.88038539886475, "Rank-5": 85.64593195915222, "Rank-10": 89.47368264198303}}
{"event": "epoch", "dataset": "RGBNT201", "recipe": "native", "epoch": 38, "steps": 53, "mean_loss": 0.4578296862683206, "seconds": 32.74466403899714, "official_fused": {"mAP": 71.79066706634207, "Rank-1": 75.59808492660522, "Rank-5": 85.047847032547, "Rank-10": 89.23444747924805}}
{"event": "epoch", "dataset": "RGBNT201", "recipe": "native", "epoch": 39, "steps": 53, "mean_loss": 0.45399811357822056, "seconds": 32.655605642008595, "official_fused": {"mAP": 71.55899742783086, "Rank-1": 75.23923516273499, "Rank-5": 84.56937670707703, "Rank-10": 89.35406804084778}}
{"event": "epoch", "dataset": "RGBNT201", "recipe": "native", "epoch": 40, "steps": 53, "mean_loss": 0.4531896468603386, "seconds": 32.758776828995906, "official_fused": {"mAP": 71.41155779600369, "Rank-1": 75.11961460113525, "Rank-5": 84.21052694320679, "Rank-10": 89.35406804084778}}
{"event": "epoch", "dataset": "RGBNT201", "recipe": "native", "epoch": 41, "steps": 53, "mean_loss": 0.45623536323601344, "seconds": 32.73029368597781, "official_fused": {"mAP": 70.98289937177886, "Rank-1": 73.56459498405457, "Rank-5": 83.61244201660156, "Rank-10": 89.71291780471802}}
{"event": "epoch", "dataset": "RGBNT201", "recipe": "native", "epoch": 42, "steps": 53, "mean_loss": 0.4531714994952364, "seconds": 32.97255302401027, "official_fused": {"mAP": 71.23216223033403, "Rank-1": 74.16267991065979, "Rank-5": 83.9712917804718, "Rank-10": 89.83253836631775}}
{"event": "epoch", "dataset": "RGBNT201", "recipe": "native", "epoch": 43, "steps": 53, "mean_loss": 0.4543370081568664, "seconds": 32.727777532010805, "official_fused": {"mAP": 71.43914716032899, "Rank-1": 74.04305934906006, "Rank-5": 83.85167717933655, "Rank-10": 89.952152967453}}
{"event": "epoch", "dataset": "RGBNT201", "recipe": "native", "epoch": 44, "steps": 53, "mean_loss": 0.4542704590086667, "seconds": 32.755736076971516, "official_fused": {"mAP": 71.53094163047632, "Rank-1": 74.04305934906006, "Rank-5": 83.85167717933655, "Rank-10": 90.07176756858826}}
{"event": "epoch", "dataset": "RGBNT201", "recipe": "native", "epoch": 45, "steps": 53, "mean_loss": 0.4526131158729769, "seconds": 33.28046161902603, "official_fused": {"mAP": 71.30645106898281, "Rank-1": 73.44497442245483, "Rank-5": 83.85167717933655, "Rank-10": 89.83253836631775}}
{"event": "epoch", "dataset": "RGBNT201", "recipe": "native", "epoch": 46, "steps": 52, "mean_loss": 0.45368689871751344, "seconds": 32.54153926396975, "official_fused": {"mAP": 71.29265378351649, "Rank-1": 74.16267991065979, "Rank-5": 84.21052694320679, "Rank-10": 90.19138813018799}}
{"event": "epoch", "dataset": "RGBNT201", "recipe": "native", "epoch": 47, "steps": 53, "mean_loss": 0.4517789578662728, "seconds": 32.67694402101915, "official_fused": {"mAP": 71.3169099889264, "Rank-1": 74.04305934906006, "Rank-5": 83.9712917804718, "Rank-10": 90.31100273132324}}
{"event": "epoch", "dataset": "RGBNT201", "recipe": "native", "epoch": 48, "steps": 53, "mean_loss": 0.4533575582054426, "seconds": 32.96228776604403, "official_fused": {"mAP": 71.43636274144858, "Rank-1": 73.68420958518982, "Rank-5": 84.21052694320679, "Rank-10": 89.952152967453}}
{"event": "epoch", "dataset": "RGBNT201", "recipe": "native", "epoch": 49, "steps": 53, "mean_loss": 0.4527575862857531, "seconds": 32.62205248803366, "official_fused": {"mAP": 71.48269551755936, "Rank-1": 73.68420958518982, "Rank-5": 83.9712917804718, "Rank-10": 89.952152967453}}
{"event": "epoch", "dataset": "RGBNT201", "recipe": "native", "epoch": 50, "steps": 53, "mean_loss": 0.45179719744988206, "seconds": 32.80197008198593, "official_fused": {"mAP": 71.32237474025999, "Rank-1": 73.68420958518982, "Rank-5": 83.85167717933655, "Rank-10": 89.83253836631775}}
