/data/gaob/Re-ID/conda-envs/tri_reid/lib/python3.10/site-packages/timm/models/helpers.py:7: FutureWarning: Importing from timm.models.helpers is deprecated, please import via timm.models
  warnings.warn(f"Importing from {__name__} is deprecated, please import via timm.models", FutureWarning)
/data/gaob/Re-ID/conda-envs/tri_reid/lib/python3.10/site-packages/timm/models/registry.py:4: FutureWarning: Importing from timm.models.registry is deprecated, please import via timm.models
  warnings.warn(f"Importing from {__name__} is deprecated, please import via timm.models", FutureWarning)
/data/gaob/Re-ID/conda-envs/tri_reid/lib/python3.10/site-packages/timm/models/layers/__init__.py:48: FutureWarning: Importing from timm.models.layers is deprecated, please import via timm.layers
  warnings.warn(f"Importing from {__name__} is deprecated, please import via timm.layers", FutureWarning)
建立transformer............
using Transformer_type: ViT-B-16 as a backbone
Resized position embedding: %s to %s torch.Size([197, 768]) torch.Size([129, 768])
Position embedding resize to height:8 width: 16
Successfully load ckpt!
<All keys matched successfully>
Loading pretrained model from CLIP
camera number is : 8
===========Building Signal===========
{"event": "epoch", "dataset": "MSVR310", "epoch": 1, "steps": 20, "mean_loss": 5.204387259483338, "seconds": 11.364461937999295, "official_fused": {"mAP": 50.91449588058801, "Rank-1": 68.52791905403137, "Rank-5": 81.04906678199768, "Rank-10": 85.78680157661438}, "best_epoch": 1}
{"event": "epoch", "dataset": "MSVR310", "epoch": 2, "steps": 20, "mean_loss": 4.90852267742157, "seconds": 8.973285109001154, "official_fused": {"mAP": 49.710583268576485, "Rank-1": 67.3434853553772, "Rank-5": 81.38747811317444, "Rank-10": 85.10998487472534}, "best_epoch": 1}
{"event": "epoch", "dataset": "MSVR310", "epoch": 3, "steps": 20, "mean_loss": 4.420131540298462, "seconds": 8.96055745400372, "official_fused": {"mAP": 50.55129022472802, "Rank-1": 67.85110235214233, "Rank-5": 81.55668377876282, "Rank-10": 85.10998487472534}, "best_epoch": 1}
{"event": "epoch", "dataset": "MSVR310", "epoch": 4, "steps": 20, "mean_loss": 3.7579692244529723, "seconds": 8.778250489995116, "official_fused": {"mAP": 48.55275184000935, "Rank-1": 65.65144062042236, "Rank-5": 79.86463904380798, "Rank-10": 84.77157354354858}, "best_epoch": 1}
{"event": "epoch", "dataset": "MSVR310", "epoch": 5, "steps": 20, "mean_loss": 3.0088054656982424, "seconds": 8.928704076999566, "official_fused": {"mAP": 49.4771024022373, "Rank-1": 67.17427968978882, "Rank-5": 80.7106614112854, "Rank-10": 86.12521290779114}, "best_epoch": 1}
{"event": "epoch", "dataset": "MSVR310", "epoch": 6, "steps": 20, "mean_loss": 2.305054670572281, "seconds": 9.014200163997884, "official_fused": {"mAP": 51.045873320666644, "Rank-1": 67.51269102096558, "Rank-5": 81.04906678199768, "Rank-10": 86.29441857337952}, "best_epoch": 6}
{"event": "epoch", "dataset": "MSVR310", "epoch": 7, "steps": 20, "mean_loss": 1.7955234050750732, "seconds": 8.933975546999136, "official_fused": {"mAP": 50.037401639219524, "Rank-1": 66.15905165672302, "Rank-5": 80.20304441452026, "Rank-10": 85.78680157661438}, "best_epoch": 6}
{"event": "epoch", "dataset": "MSVR310", "epoch": 8, "steps": 20, "mean_loss": 1.483955055475235, "seconds": 8.716188387996226, "official_fused": {"mAP": 52.0352545869305, "Rank-1": 68.02030205726624, "Rank-5": 82.91032314300537, "Rank-10": 86.6328239440918}, "best_epoch": 8}
{"event": "epoch", "dataset": "MSVR310", "epoch": 9, "steps": 20, "mean_loss": 1.237063479423523, "seconds": 8.940166997999768, "official_fused": {"mAP": 51.10976058639104, "Rank-1": 67.3434853553772, "Rank-5": 82.74111747741699, "Rank-10": 86.80202960968018}, "best_epoch": 8}
{"event": "epoch", "dataset": "MSVR310", "epoch": 10, "steps": 20, "mean_loss": 1.1727440178394317, "seconds": 8.831977387999359, "official_fused": {"mAP": 52.29191945005249, "Rank-1": 67.85110235214233, "Rank-5": 83.41793417930603, "Rank-10": 89.00169134140015}, "best_epoch": 10}
{"event": "epoch", "dataset": "MSVR310", "epoch": 11, "steps": 20, "mean_loss": 1.101352271437645, "seconds": 8.846266086002288, "official_fused": {"mAP": 50.80538799491108, "Rank-1": 67.00507402420044, "Rank-5": 81.04906678199768, "Rank-10": 86.6328239440918}, "best_epoch": 10}
{"event": "epoch", "dataset": "MSVR310", "epoch": 12, "steps": 20, "mean_loss": 1.064653789997101, "seconds": 9.18079124900396, "official_fused": {"mAP": 51.080999028738425, "Rank-1": 67.68189668655396, "Rank-5": 81.89509510993958, "Rank-10": 86.6328239440918}, "best_epoch": 10}
{"event": "epoch", "dataset": "MSVR310", "epoch": 13, "steps": 20, "mean_loss": 1.0364002853631973, "seconds": 8.829241890998674, "official_fused": {"mAP": 51.74406593794691, "Rank-1": 67.85110235214233, "Rank-5": 81.89509510993958, "Rank-10": 88.15566897392273}, "best_epoch": 10}
{"event": "epoch", "dataset": "MSVR310", "epoch": 14, "steps": 20, "mean_loss": 1.0244420170783997, "seconds": 8.777953394994256, "official_fused": {"mAP": 50.18387830674945, "Rank-1": 66.3282573223114, "Rank-5": 81.7258894443512, "Rank-10": 86.12521290779114}, "best_epoch": 10}
{"event": "epoch", "dataset": "MSVR310", "epoch": 15, "steps": 20, "mean_loss": 1.0294306874275208, "seconds": 9.005455358004838, "official_fused": {"mAP": 51.937915128496805, "Rank-1": 67.68189668655396, "Rank-5": 82.91032314300537, "Rank-10": 87.64805197715759}, "best_epoch": 10}
{"event": "epoch", "dataset": "MSVR310", "epoch": 16, "steps": 20, "mean_loss": 0.9921574115753173, "seconds": 8.915653980999195, "official_fused": {"mAP": 51.09162737791072, "Rank-1": 68.86633038520813, "Rank-5": 81.89509510993958, "Rank-10": 87.98646330833435}, "best_epoch": 10}
{"event": "epoch", "dataset": "MSVR310", "epoch": 17, "steps": 20, "mean_loss": 0.9863081067800522, "seconds": 8.98242347699852, "official_fused": {"mAP": 50.85476384457568, "Rank-1": 68.52791905403137, "Rank-5": 81.38747811317444, "Rank-10": 87.14044094085693}, "best_epoch": 10}
{"event": "epoch", "dataset": "MSVR310", "epoch": 18, "steps": 20, "mean_loss": 0.9742177456617356, "seconds": 9.030333791000885, "official_fused": {"mAP": 51.62999884807326, "Rank-1": 68.18950772285461, "Rank-5": 82.23350048065186, "Rank-10": 87.98646330833435}, "best_epoch": 10}
{"event": "epoch", "dataset": "MSVR310", "epoch": 19, "steps": 20, "mean_loss": 0.9855489909648896, "seconds": 9.174017766999896, "official_fused": {"mAP": 50.16849229841354, "Rank-1": 66.15905165672302, "Rank-5": 80.7106614112854, "Rank-10": 85.78680157661438}, "best_epoch": 10}
{"event": "epoch", "dataset": "MSVR310", "epoch": 20, "steps": 20, "mean_loss": 0.972834312915802, "seconds": 9.0958689830004, "official_fused": {"mAP": 50.08342892841656, "Rank-1": 65.98984599113464, "Rank-5": 81.55668377876282, "Rank-10": 86.97123527526855}, "best_epoch": 10}
{"event": "epoch", "dataset": "MSVR310", "epoch": 21, "steps": 20, "mean_loss": 0.9566728472709656, "seconds": 8.606586641995818, "official_fused": {"mAP": 50.07790964171157, "Rank-1": 65.98984599113464, "Rank-5": 80.03383874893188, "Rank-10": 86.6328239440918}, "best_epoch": 10}
{"event": "epoch", "dataset": "MSVR310", "epoch": 22, "steps": 20, "mean_loss": 0.9568992644548416, "seconds": 9.202862019999884, "official_fused": {"mAP": 50.16239981162812, "Rank-1": 67.3434853553772, "Rank-5": 82.74111747741699, "Rank-10": 86.97123527526855}, "best_epoch": 10}
{"event": "epoch", "dataset": "MSVR310", "epoch": 23, "steps": 20, "mean_loss": 0.95497085750103, "seconds": 8.85227374600072, "official_fused": {"mAP": 50.7494785144572, "Rank-1": 67.68189668655396, "Rank-5": 83.07952880859375, "Rank-10": 87.98646330833435}, "best_epoch": 10}
{"event": "epoch", "dataset": "MSVR310", "epoch": 24, "steps": 20, "mean_loss": 0.9481136322021484, "seconds": 9.05969812800322, "official_fused": {"mAP": 50.54420934926104, "Rank-1": 67.85110235214233, "Rank-5": 81.55668377876282, "Rank-10": 88.15566897392273}, "best_epoch": 10}
{"event": "epoch", "dataset": "MSVR310", "epoch": 25, "steps": 20, "mean_loss": 0.951405468583107, "seconds": 8.778303590006544, "official_fused": {"mAP": 50.1843781185261, "Rank-1": 67.00507402420044, "Rank-5": 81.55668377876282, "Rank-10": 86.46361827850342}, "best_epoch": 10}
{"event": "epoch", "dataset": "MSVR310", "epoch": 26, "steps": 20, "mean_loss": 0.9358112305402756, "seconds": 9.016377326996007, "official_fused": {"mAP": 50.05141044337387, "Rank-1": 68.02030205726624, "Rank-5": 80.20304441452026, "Rank-10": 87.14044094085693}, "best_epoch": 10}
{"event": "epoch", "dataset": "MSVR310", "epoch": 27, "steps": 20, "mean_loss": 0.9286544322967529, "seconds": 9.064220315005514, "official_fused": {"mAP": 49.96360311297327, "Rank-1": 68.358713388443, "Rank-5": 81.21827244758606, "Rank-10": 87.81725764274597}, "best_epoch": 10}
{"event": "epoch", "dataset": "MSVR310", "epoch": 28, "steps": 20, "mean_loss": 0.9277028501033783, "seconds": 8.902010825004254, "official_fused": {"mAP": 48.88381309848975, "Rank-1": 65.65144062042236, "Rank-5": 80.20304441452026, "Rank-10": 86.29441857337952}, "best_epoch": 10}
{"event": "epoch", "dataset": "MSVR310", "epoch": 29, "steps": 20, "mean_loss": 0.932027742266655, "seconds": 9.010939348998363, "official_fused": {"mAP": 49.872492204474575, "Rank-1": 67.00507402420044, "Rank-5": 80.54145574569702, "Rank-10": 85.617595911026}, "best_epoch": 10}
{"event": "epoch", "dataset": "MSVR310", "epoch": 30, "steps": 20, "mean_loss": 0.9284494102001191, "seconds": 9.080955633995472, "official_fused": {"mAP": 49.40876338029461, "Rank-1": 66.15905165672302, "Rank-5": 81.04906678199768, "Rank-10": 86.6328239440918}, "best_epoch": 10}
{"event": "epoch", "dataset": "MSVR310", "epoch": 31, "steps": 20, "mean_loss": 0.9269529432058334, "seconds": 8.893235000999994, "official_fused": {"mAP": 49.00485485562794, "Rank-1": 66.83587431907654, "Rank-5": 81.89509510993958, "Rank-10": 86.29441857337952}, "best_epoch": 10}
{"event": "epoch", "dataset": "MSVR310", "epoch": 32, "steps": 20, "mean_loss": 0.9203437030315399, "seconds": 9.12567072899401, "official_fused": {"mAP": 49.814760209909366, "Rank-1": 65.98984599113464, "Rank-5": 82.23350048065186, "Rank-10": 86.6328239440918}, "best_epoch": 10}
{"event": "epoch", "dataset": "MSVR310", "epoch": 33, "steps": 20, "mean_loss": 0.9164855211973191, "seconds": 9.124126938004338, "official_fused": {"mAP": 49.70508756060131, "Rank-1": 67.3434853553772, "Rank-5": 82.23350048065186, "Rank-10": 87.14044094085693}, "best_epoch": 10}
{"event": "epoch", "dataset": "MSVR310", "epoch": 34, "steps": 20, "mean_loss": 0.9172121554613113, "seconds": 9.034662652004045, "official_fused": {"mAP": 50.41915671398848, "Rank-1": 68.02030205726624, "Rank-5": 82.40270614624023, "Rank-10": 86.97123527526855}, "best_epoch": 10}
{"event": "epoch", "dataset": "MSVR310", "epoch": 35, "steps": 20, "mean_loss": 0.9157333731651306, "seconds": 8.75699723699654, "official_fused": {"mAP": 49.41944394788182, "Rank-1": 66.15905165672302, "Rank-5": 81.7258894443512, "Rank-10": 85.95600724220276}, "best_epoch": 10}
{"event": "epoch", "dataset": "MSVR310", "epoch": 36, "steps": 20, "mean_loss": 0.915949746966362, "seconds": 8.946214057999896, "official_fused": {"mAP": 48.68236409921731, "Rank-1": 65.98984599113464, "Rank-5": 81.04906678199768, "Rank-10": 85.27919054031372}, "best_epoch": 10}
{"event": "epoch", "dataset": "MSVR310", "epoch": 37, "steps": 20, "mean_loss": 0.9087253153324127, "seconds": 8.911645632993896, "official_fused": {"mAP": 49.19807342696367, "Rank-1": 67.00507402420044, "Rank-5": 80.87986707687378, "Rank-10": 86.29441857337952}, "best_epoch": 10}
{"event": "epoch", "dataset": "MSVR310", "epoch": 38, "steps": 20, "mean_loss": 0.9161224842071534, "seconds": 9.014259112998843, "official_fused": {"mAP": 49.11157191384884, "Rank-1": 66.49746298789978, "Rank-5": 81.21827244758606, "Rank-10": 85.95600724220276}, "best_epoch": 10}
{"event": "epoch", "dataset": "MSVR310", "epoch": 39, "steps": 20, "mean_loss": 0.9130575716495514, "seconds": 8.920646299004147, "official_fused": {"mAP": 48.74925578710012, "Rank-1": 67.17427968978882, "Rank-5": 79.6954333782196, "Rank-10": 85.95600724220276}, "best_epoch": 10}
{"event": "epoch", "dataset": "MSVR310", "epoch": 40, "steps": 20, "mean_loss": 0.9102614343166351, "seconds": 8.851600810994569, "official_fused": {"mAP": 48.59469099614846, "Rank-1": 65.98984599113464, "Rank-5": 79.35702204704285, "Rank-10": 86.29441857337952}, "best_epoch": 10}
{"event": "epoch", "dataset": "MSVR310", "epoch": 41, "steps": 20, "mean_loss": 0.9071402460336685, "seconds": 9.155975291003415, "official_fused": {"mAP": 48.65363685380248, "Rank-1": 66.3282573223114, "Rank-5": 80.7106614112854, "Rank-10": 85.44839024543762}, "best_epoch": 10}
{"event": "epoch", "dataset": "MSVR310", "epoch": 42, "steps": 20, "mean_loss": 0.9045572757720948, "seconds": 9.024535147000279, "official_fused": {"mAP": 48.72314098764386, "Rank-1": 66.49746298789978, "Rank-5": 80.54145574569702, "Rank-10": 85.78680157661438}, "best_epoch": 10}
{"event": "epoch", "dataset": "MSVR310", "epoch": 43, "steps": 20, "mean_loss": 0.9003240674734115, "seconds": 9.003110322999419, "official_fused": {"mAP": 48.95040279634956, "Rank-1": 67.00507402420044, "Rank-5": 80.20304441452026, "Rank-10": 85.617595911026}, "best_epoch": 10}
{"event": "epoch", "dataset": "MSVR310", "epoch": 44, "steps": 20, "mean_loss": 0.9011678397655487, "seconds": 8.871416492998833, "official_fused": {"mAP": 48.569668380209, "Rank-1": 66.49746298789978, "Rank-5": 80.7106614112854, "Rank-10": 85.44839024543762}, "best_epoch": 10}
{"event": "epoch", "dataset": "MSVR310", "epoch": 45, "steps": 20, "mean_loss": 0.9050865232944488, "seconds": 9.105112108998583, "official_fused": {"mAP": 48.46180112943815, "Rank-1": 65.65144062042236, "Rank-5": 80.20304441452026, "Rank-10": 85.44839024543762}, "best_epoch": 10}
{"event": "epoch", "dataset": "MSVR310", "epoch": 46, "steps": 20, "mean_loss": 0.9052023619413376, "seconds": 8.883337058003235, "official_fused": {"mAP": 48.48122034339467, "Rank-1": 65.98984599113464, "Rank-5": 80.37225008010864, "Rank-10": 85.44839024543762}, "best_epoch": 10}
{"event": "epoch", "dataset": "MSVR310", "epoch": 47, "steps": 20, "mean_loss": 0.9078167021274567, "seconds": 8.900037158004125, "official_fused": {"mAP": 48.59739568039657, "Rank-1": 65.82064032554626, "Rank-5": 79.86463904380798, "Rank-10": 85.617595911026}, "best_epoch": 10}
{"event": "epoch", "dataset": "MSVR310", "epoch": 48, "steps": 20, "mean_loss": 0.9004182696342469, "seconds": 8.892190821003169, "official_fused": {"mAP": 48.59535236556668, "Rank-1": 65.98984599113464, "Rank-5": 80.37225008010864, "Rank-10": 85.617595911026}, "best_epoch": 10}
{"event": "epoch", "dataset": "MSVR310", "epoch": 49, "steps": 20, "mean_loss": 0.9034205913543701, "seconds": 8.791468760995485, "official_fused": {"mAP": 48.58554532823511, "Rank-1": 65.98984599113464, "Rank-5": 80.37225008010864, "Rank-10": 85.617595911026}, "best_epoch": 10}
{"event": "epoch", "dataset": "MSVR310", "epoch": 50, "steps": 20, "mean_loss": 0.9035817593336105, "seconds": 8.939530994000961, "official_fused": {"mAP": 48.58882201110403, "Rank-1": 65.82064032554626, "Rank-5": 80.37225008010864, "Rank-10": 85.617595911026}, "best_epoch": 10}
