/data/gaob/Re-ID/conda-envs/tri_reid/lib/python3.10/site-packages/timm/models/helpers.py:7: FutureWarning: Importing from timm.models.helpers is deprecated, please import via timm.models
  warnings.warn(f"Importing from {__name__} is deprecated, please import via timm.models", FutureWarning)
/data/gaob/Re-ID/conda-envs/tri_reid/lib/python3.10/site-packages/timm/models/registry.py:4: FutureWarning: Importing from timm.models.registry is deprecated, please import via timm.models
  warnings.warn(f"Importing from {__name__} is deprecated, please import via timm.models", FutureWarning)
/data/gaob/Re-ID/conda-envs/tri_reid/lib/python3.10/site-packages/timm/models/layers/__init__.py:48: FutureWarning: Importing from timm.models.layers is deprecated, please import via timm.layers
  warnings.warn(f"Importing from {__name__} is deprecated, please import via timm.layers", FutureWarning)
/data/gaob/Re-ID/conda-envs/tri_reid/lib/python3.10/site-packages/torch/optim/lr_scheduler.py:224: UserWarning: Detected call of `lr_scheduler.step()` before `optimizer.step()`. In PyTorch 1.1.0 and later, you should call them in the opposite order: `optimizer.step()` before `lr_scheduler.step()`.  Failure to do this will result in PyTorch skipping the first value of the learning rate schedule. See more details at https://pytorch.org/docs/stable/optim.html#how-to-adjust-learning-rate
  warnings.warn(
/data/gaob/Re-ID/conda-envs/tri_reid/lib/python3.10/site-packages/torch/optim/lr_scheduler.py:240: UserWarning: The epoch parameter in `scheduler.step()` was not necessary and is being deprecated where possible. Please use `scheduler.step()` to step the scheduler. During the deprecation, if epoch is different from None, the closed form is used instead of the new chainable form, where available. Please open an issue if you are unable to replicate your use case: https://github.com/pytorch/pytorch/issues/new/choose.
  warnings.warn(EPOCH_DEPRECATION_WARNING, UserWarning)
建立transformer............
using Transformer_type: ViT-B-16 as a backbone
Resized position embedding: %s to %s torch.Size([197, 768]) torch.Size([129, 768])
Position embedding resize to height:8 width: 16
Successfully load ckpt!
<All keys matched successfully>
Loading pretrained model from CLIP
camera number is : 8
===========Building Signal===========
using soft triplet loss for training
label smooth on, numclasses: 155
{"event": "epoch", "dataset": "MSVR310", "recipe": "semantic", "epoch": 1, "steps": 14, "mean_loss": 16.4725832257952, "seconds": 12.399631640990265, "official_fused": {"mAP": 15.514669539910225, "Rank-1": 34.1793566942215, "Rank-5": 54.31472063064575, "Rank-10": 61.92893385887146}}
/data/gaob/Re-ID/conda-envs/tri_reid/lib/python3.10/site-packages/torch/optim/lr_scheduler.py:240: UserWarning: The epoch parameter in `scheduler.step()` was not necessary and is being deprecated where possible. Please use `scheduler.step()` to step the scheduler. During the deprecation, if epoch is different from None, the closed form is used instead of the new chainable form, where available. Please open an issue if you are unable to replicate your use case: https://github.com/pytorch/pytorch/issues/new/choose.
  warnings.warn(EPOCH_DEPRECATION_WARNING, UserWarning)
{"event": "epoch", "dataset": "MSVR310", "recipe": "semantic", "epoch": 2, "steps": 14, "mean_loss": 13.501722744532994, "seconds": 10.040477953967638, "official_fused": {"mAP": 21.41496362081818, "Rank-1": 40.60913622379303, "Rank-5": 61.42131686210632, "Rank-10": 68.69712471961975}}
{"event": "epoch", "dataset": "MSVR310", "recipe": "semantic", "epoch": 3, "steps": 14, "mean_loss": 12.471457140786308, "seconds": 10.102252303971909, "official_fused": {"mAP": 25.39025653730907, "Rank-1": 42.3011839389801, "Rank-5": 64.29780125617981, "Rank-10": 71.91201448440552}}
{"event": "epoch", "dataset": "MSVR310", "recipe": "semantic", "epoch": 4, "steps": 14, "mean_loss": 11.782630579812187, "seconds": 10.14059320394881, "official_fused": {"mAP": 29.762332240264648, "Rank-1": 47.88494110107422, "Rank-5": 66.83587431907654, "Rank-10": 75.46531558036804}}
{"event": "epoch", "dataset": "MSVR310", "recipe": "semantic", "epoch": 5, "steps": 14, "mean_loss": 11.154493400028773, "seconds": 10.197650472982787, "official_fused": {"mAP": 33.18048143261892, "Rank-1": 50.76141953468323, "Rank-5": 69.03553009033203, "Rank-10": 78.17258834838867}}
{"event": "epoch", "dataset": "MSVR310", "recipe": "semantic", "epoch": 6, "steps": 14, "mean_loss": 10.637529850006104, "seconds": 10.321900469018146, "official_fused": {"mAP": 34.974369321186806, "Rank-1": 52.79187560081482, "Rank-5": 71.91201448440552, "Rank-10": 79.01861071586609}}
{"event": "epoch", "dataset": "MSVR310", "recipe": "semantic", "epoch": 7, "steps": 14, "mean_loss": 10.191931111471993, "seconds": 10.229171477956697, "official_fused": {"mAP": 37.600959484486765, "Rank-1": 56.85279369354248, "Rank-5": 73.94247055053711, "Rank-10": 80.03383874893188}}
{"event": "epoch", "dataset": "MSVR310", "recipe": "semantic", "epoch": 8, "steps": 14, "mean_loss": 9.727823870522636, "seconds": 10.130568320048042, "official_fused": {"mAP": 36.683085377262934, "Rank-1": 54.82233762741089, "Rank-5": 72.41962552070618, "Rank-10": 79.18781638145447}}
{"event": "epoch", "dataset": "MSVR310", "recipe": "semantic", "epoch": 9, "steps": 14, "mean_loss": 9.311733313969203, "seconds": 10.252486920915544, "official_fused": {"mAP": 38.94758564327447, "Rank-1": 56.85279369354248, "Rank-5": 75.12690424919128, "Rank-10": 80.87986707687378}}
{"event": "epoch", "dataset": "MSVR310", "recipe": "semantic", "epoch": 10, "steps": 15, "mean_loss": 8.953472963968913, "seconds": 10.768065734999254, "official_fused": {"mAP": 41.320115998383706, "Rank-1": 59.39086079597473, "Rank-5": 77.49577164649963, "Rank-10": 83.07952880859375}}
{"event": "epoch", "dataset": "MSVR310", "recipe": "semantic", "epoch": 11, "steps": 14, "mean_loss": 8.62782805306571, "seconds": 9.908526321989484, "official_fused": {"mAP": 41.712163555480885, "Rank-1": 59.72927212715149, "Rank-5": 76.81894898414612, "Rank-10": 83.07952880859375}}
{"event": "epoch", "dataset": "MSVR310", "recipe": "semantic", "epoch": 12, "steps": 14, "mean_loss": 8.383358887263707, "seconds": 10.1462871999247, "official_fused": {"mAP": 43.968455783727975, "Rank-1": 62.09813952445984, "Rank-5": 79.35702204704285, "Rank-10": 83.75634551048279}}
{"event": "epoch", "dataset": "MSVR310", "recipe": "semantic", "epoch": 13, "steps": 14, "mean_loss": 8.035493339811053, "seconds": 9.922198144020513, "official_fused": {"mAP": 44.49021977895093, "Rank-1": 61.92893385887146, "Rank-5": 78.0033826828003, "Rank-10": 83.58713984489441}}
{"event": "epoch", "dataset": "MSVR310", "recipe": "semantic", "epoch": 14, "steps": 14, "mean_loss": 7.788305929728916, "seconds": 10.433560219942592, "official_fused": {"mAP": 44.17128483903646, "Rank-1": 60.744500160217285, "Rank-5": 79.18781638145447, "Rank-10": 83.24872851371765}}
{"event": "epoch", "dataset": "MSVR310", "recipe": "semantic", "epoch": 15, "steps": 14, "mean_loss": 7.637726306915283, "seconds": 10.158008323051035, "official_fused": {"mAP": 45.71219246744698, "Rank-1": 62.6057505607605, "Rank-5": 80.03383874893188, "Rank-10": 84.6023678779602}}
{"event": "epoch", "dataset": "MSVR310", "recipe": "semantic", "epoch": 16, "steps": 14, "mean_loss": 7.389632395335606, "seconds": 9.955337601015344, "official_fused": {"mAP": 48.54214073944712, "Rank-1": 66.66666865348816, "Rank-5": 81.55668377876282, "Rank-10": 85.617595911026}}
{"event": "epoch", "dataset": "MSVR310", "recipe": "semantic", "epoch": 17, "steps": 15, "mean_loss": 7.244576327006022, "seconds": 10.698440706008114, "official_fused": {"mAP": 47.98342771817188, "Rank-1": 64.80541229248047, "Rank-5": 80.87986707687378, "Rank-10": 85.27919054031372}}
{"event": "epoch", "dataset": "MSVR310", "recipe": "semantic", "epoch": 18, "steps": 14, "mean_loss": 6.951885291508266, "seconds": 10.234370705089532, "official_fused": {"mAP": 49.309787942669644, "Rank-1": 67.17427968978882, "Rank-5": 81.38747811317444, "Rank-10": 85.95600724220276}}
{"event": "epoch", "dataset": "MSVR310", "recipe": "semantic", "epoch": 19, "steps": 15, "mean_loss": 6.748628902435303, "seconds": 10.926122079021297, "official_fused": {"mAP": 49.3830551366743, "Rank-1": 68.69712471961975, "Rank-5": 82.06430077552795, "Rank-10": 86.97123527526855}}
{"event": "epoch", "dataset": "MSVR310", "recipe": "semantic", "epoch": 20, "steps": 14, "mean_loss": 6.489258970533099, "seconds": 10.044938998995349, "official_fused": {"mAP": 49.706420229860285, "Rank-1": 67.68189668655396, "Rank-5": 82.23350048065186, "Rank-10": 86.6328239440918}}
{"event": "epoch", "dataset": "MSVR310", "recipe": "semantic", "epoch": 21, "steps": 14, "mean_loss": 6.385962963104248, "seconds": 10.550366231007501, "official_fused": {"mAP": 49.48275096267892, "Rank-1": 67.00507402420044, "Rank-5": 81.55668377876282, "Rank-10": 85.95600724220276}}
{"event": "epoch", "dataset": "MSVR310", "recipe": "semantic", "epoch": 22, "steps": 14, "mean_loss": 6.289101532527378, "seconds": 10.429278608993627, "official_fused": {"mAP": 49.737560324976776, "Rank-1": 67.17427968978882, "Rank-5": 81.38747811317444, "Rank-10": 85.10998487472534}}
{"event": "epoch", "dataset": "MSVR310", "recipe": "semantic", "epoch": 23, "steps": 14, "mean_loss": 6.387634652001517, "seconds": 10.474160513025708, "official_fused": {"mAP": 49.933020073623204, "Rank-1": 68.02030205726624, "Rank-5": 81.7258894443512, "Rank-10": 85.10998487472534}}
{"event": "epoch", "dataset": "MSVR310", "recipe": "semantic", "epoch": 24, "steps": 14, "mean_loss": 6.299503326416016, "seconds": 10.49237595393788, "official_fused": {"mAP": 49.68921551387141, "Rank-1": 67.68189668655396, "Rank-5": 81.04906678199768, "Rank-10": 85.10998487472534}}
{"event": "epoch", "dataset": "MSVR310", "recipe": "semantic", "epoch": 25, "steps": 15, "mean_loss": 6.278920269012451, "seconds": 10.47478281299118, "official_fused": {"mAP": 49.99419035288975, "Rank-1": 68.02030205726624, "Rank-5": 81.04906678199768, "Rank-10": 84.94077920913696}}
{"event": "epoch", "dataset": "MSVR310", "recipe": "semantic", "epoch": 26, "steps": 14, "mean_loss": 6.2823513235364645, "seconds": 10.159911348018795, "official_fused": {"mAP": 50.284391783775405, "Rank-1": 68.358713388443, "Rank-5": 80.87986707687378, "Rank-10": 85.10998487472534}}
{"event": "epoch", "dataset": "MSVR310", "recipe": "semantic", "epoch": 27, "steps": 14, "mean_loss": 6.216955082757132, "seconds": 10.504636593046598, "official_fused": {"mAP": 49.87156931999666, "Rank-1": 67.00507402420044, "Rank-5": 80.37225008010864, "Rank-10": 84.94077920913696}}
{"event": "epoch", "dataset": "MSVR310", "recipe": "semantic", "epoch": 28, "steps": 15, "mean_loss": 6.201640955607096, "seconds": 10.77245079993736, "official_fused": {"mAP": 49.97081172672601, "Rank-1": 67.51269102096558, "Rank-5": 80.7106614112854, "Rank-10": 85.27919054031372}}
{"event": "epoch", "dataset": "MSVR310", "recipe": "semantic", "epoch": 29, "steps": 14, "mean_loss": 6.0899817943573, "seconds": 9.982567999977618, "official_fused": {"mAP": 50.06703930967522, "Rank-1": 67.17427968978882, "Rank-5": 81.04906678199768, "Rank-10": 85.78680157661438}}
{"event": "epoch", "dataset": "MSVR310", "recipe": "semantic", "epoch": 30, "steps": 14, "mean_loss": 6.165014743804932, "seconds": 10.102991560008377, "official_fused": {"mAP": 50.059854238555786, "Rank-1": 67.17427968978882, "Rank-5": 81.04906678199768, "Rank-10": 85.44839024543762}}
{"event": "epoch", "dataset": "MSVR310", "recipe": "semantic", "epoch": 31, "steps": 14, "mean_loss": 6.1731347015925815, "seconds": 10.326643309905194, "official_fused": {"mAP": 49.75890972630859, "Rank-1": 67.17427968978882, "Rank-5": 80.7106614112854, "Rank-10": 84.94077920913696}}
{"event": "epoch", "dataset": "MSVR310", "recipe": "semantic", "epoch": 32, "steps": 14, "mean_loss": 6.015858752386911, "seconds": 9.987621317966841, "official_fused": {"mAP": 50.33210706681973, "Rank-1": 68.02030205726624, "Rank-5": 81.55668377876282, "Rank-10": 85.95600724220276}}
{"event": "epoch", "dataset": "MSVR310", "recipe": "semantic", "epoch": 33, "steps": 14, "mean_loss": 6.008560419082642, "seconds": 9.986038801958784, "official_fused": {"mAP": 50.18464264136043, "Rank-1": 67.85110235214233, "Rank-5": 81.55668377876282, "Rank-10": 86.46361827850342}}
{"event": "epoch", "dataset": "MSVR310", "recipe": "semantic", "epoch": 34, "steps": 14, "mean_loss": 5.966259241104126, "seconds": 10.170072939014062, "official_fused": {"mAP": 49.898361750101316, "Rank-1": 66.66666865348816, "Rank-5": 80.87986707687378, "Rank-10": 85.95600724220276}}
{"event": "epoch", "dataset": "MSVR310", "recipe": "semantic", "epoch": 35, "steps": 14, "mean_loss": 5.979067734309605, "seconds": 10.094573452952318, "official_fused": {"mAP": 49.612306607696695, "Rank-1": 66.49746298789978, "Rank-5": 80.37225008010864, "Rank-10": 84.94077920913696}}
{"event": "epoch", "dataset": "MSVR310", "recipe": "semantic", "epoch": 36, "steps": 14, "mean_loss": 6.009317193712507, "seconds": 10.499209599103779, "official_fused": {"mAP": 49.537904000957525, "Rank-1": 66.83587431907654, "Rank-5": 80.37225008010864, "Rank-10": 84.77157354354858}}
{"event": "epoch", "dataset": "MSVR310", "recipe": "semantic", "epoch": 37, "steps": 14, "mean_loss": 5.915387187685285, "seconds": 10.168035308015533, "official_fused": {"mAP": 50.319067061736, "Rank-1": 67.85110235214233, "Rank-5": 80.54145574569702, "Rank-10": 85.617595911026}}
{"event": "epoch", "dataset": "MSVR310", "recipe": "semantic", "epoch": 38, "steps": 14, "mean_loss": 5.964355536869594, "seconds": 10.149122140952386, "official_fused": {"mAP": 50.55417711230392, "Rank-1": 68.02030205726624, "Rank-5": 80.54145574569702, "Rank-10": 85.617595911026}}
{"event": "epoch", "dataset": "MSVR310", "recipe": "semantic", "epoch": 39, "steps": 14, "mean_loss": 5.941864797047207, "seconds": 10.190930434037, "official_fused": {"mAP": 50.26026276917017, "Rank-1": 67.68189668655396, "Rank-5": 80.87986707687378, "Rank-10": 85.44839024543762}}
{"event": "epoch", "dataset": "MSVR310", "recipe": "semantic", "epoch": 40, "steps": 14, "mean_loss": 5.835677521569388, "seconds": 10.090766198933125, "official_fused": {"mAP": 50.320571332670674, "Rank-1": 67.85110235214233, "Rank-5": 80.87986707687378, "Rank-10": 85.617595911026}}
{"event": "epoch", "dataset": "MSVR310", "recipe": "semantic", "epoch": 41, "steps": 14, "mean_loss": 5.853032316480364, "seconds": 10.025960505008698, "official_fused": {"mAP": 50.35119323051966, "Rank-1": 67.85110235214233, "Rank-5": 80.87986707687378, "Rank-10": 85.617595911026}}
{"event": "epoch", "dataset": "MSVR310", "recipe": "semantic", "epoch": 42, "steps": 14, "mean_loss": 5.881216015134539, "seconds": 10.03651980299037, "official_fused": {"mAP": 50.335907673305314, "Rank-1": 67.85110235214233, "Rank-5": 80.87986707687378, "Rank-10": 85.617595911026}}
{"event": "epoch", "dataset": "MSVR310", "recipe": "semantic", "epoch": 43, "steps": 15, "mean_loss": 5.934382438659668, "seconds": 10.518629597034305, "official_fused": {"mAP": 50.362427104980476, "Rank-1": 67.85110235214233, "Rank-5": 80.87986707687378, "Rank-10": 85.617595911026}}
{"event": "epoch", "dataset": "MSVR310", "recipe": "semantic", "epoch": 44, "steps": 14, "mean_loss": 5.832387004579816, "seconds": 10.132912270026281, "official_fused": {"mAP": 50.38904533973303, "Rank-1": 67.68189668655396, "Rank-5": 80.87986707687378, "Rank-10": 85.617595911026}}
{"event": "epoch", "dataset": "MSVR310", "recipe": "semantic", "epoch": 45, "steps": 14, "mean_loss": 5.845123870032174, "seconds": 10.337524881004356, "official_fused": {"mAP": 50.42051210898549, "Rank-1": 67.68189668655396, "Rank-5": 80.87986707687378, "Rank-10": 85.617595911026}}
{"event": "epoch", "dataset": "MSVR310", "recipe": "semantic", "epoch": 46, "steps": 14, "mean_loss": 5.865718841552734, "seconds": 10.123674364993349, "official_fused": {"mAP": 50.44847240881579, "Rank-1": 67.68189668655396, "Rank-5": 81.04906678199768, "Rank-10": 85.78680157661438}}
{"event": "epoch", "dataset": "MSVR310", "recipe": "semantic", "epoch": 47, "steps": 14, "mean_loss": 5.836728027888706, "seconds": 10.395588246057741, "official_fused": {"mAP": 50.48621028608504, "Rank-1": 67.68189668655396, "Rank-5": 81.04906678199768, "Rank-10": 85.78680157661438}}
{"event": "epoch", "dataset": "MSVR310", "recipe": "semantic", "epoch": 48, "steps": 14, "mean_loss": 5.936628954751151, "seconds": 10.363110815989785, "official_fused": {"mAP": 50.490700961153024, "Rank-1": 67.68189668655396, "Rank-5": 81.04906678199768, "Rank-10": 85.78680157661438}}
{"event": "epoch", "dataset": "MSVR310", "recipe": "semantic", "epoch": 49, "steps": 14, "mean_loss": 5.851393835885184, "seconds": 10.393201672006398, "official_fused": {"mAP": 50.489272106491654, "Rank-1": 67.68189668655396, "Rank-5": 81.38747811317444, "Rank-10": 85.78680157661438}}
{"event": "epoch", "dataset": "MSVR310", "recipe": "semantic", "epoch": 50, "steps": 14, "mean_loss": 5.89707350730896, "seconds": 10.170783738023601, "official_fused": {"mAP": 50.49037403054623, "Rank-1": 67.68189668655396, "Rank-5": 81.38747811317444, "Rank-10": 85.617595911026}}
