/data/gaob/Re-ID/conda-envs/tri_reid/lib/python3.10/site-packages/timm/models/helpers.py:7: FutureWarning: Importing from timm.models.helpers is deprecated, please import via timm.models
  warnings.warn(f"Importing from {__name__} is deprecated, please import via timm.models", FutureWarning)
/data/gaob/Re-ID/conda-envs/tri_reid/lib/python3.10/site-packages/timm/models/registry.py:4: FutureWarning: Importing from timm.models.registry is deprecated, please import via timm.models
  warnings.warn(f"Importing from {__name__} is deprecated, please import via timm.models", FutureWarning)
/data/gaob/Re-ID/conda-envs/tri_reid/lib/python3.10/site-packages/timm/models/layers/__init__.py:48: FutureWarning: Importing from timm.models.layers is deprecated, please import via timm.layers
  warnings.warn(f"Importing from {__name__} is deprecated, please import via timm.layers", FutureWarning)
/data/gaob/Re-ID/conda-envs/tri_reid/lib/python3.10/site-packages/torch/optim/lr_scheduler.py:224: UserWarning: Detected call of `lr_scheduler.step()` before `optimizer.step()`. In PyTorch 1.1.0 and later, you should call them in the opposite order: `optimizer.step()` before `lr_scheduler.step()`.  Failure to do this will result in PyTorch skipping the first value of the learning rate schedule. See more details at https://pytorch.org/docs/stable/optim.html#how-to-adjust-learning-rate
  warnings.warn(
/data/gaob/Re-ID/conda-envs/tri_reid/lib/python3.10/site-packages/torch/optim/lr_scheduler.py:240: UserWarning: The epoch parameter in `scheduler.step()` was not necessary and is being deprecated where possible. Please use `scheduler.step()` to step the scheduler. During the deprecation, if epoch is different from None, the closed form is used instead of the new chainable form, where available. Please open an issue if you are unable to replicate your use case: https://github.com/pytorch/pytorch/issues/new/choose.
  warnings.warn(EPOCH_DEPRECATION_WARNING, UserWarning)
建立transformer............
using Transformer_type: ViT-B-16 as a backbone
Resized position embedding: %s to %s torch.Size([197, 768]) torch.Size([129, 768])
Position embedding resize to height:8 width: 16
Successfully load ckpt!
<All keys matched successfully>
Loading pretrained model from CLIP
camera number is : 8
===========Building Signal===========
using soft triplet loss for training
label smooth on, numclasses: 155
{"event": "epoch", "dataset": "MSVR310", "recipe": "semantic", "epoch": 1, "steps": 14, "mean_loss": 15.531389713287354, "seconds": 11.95303456694819, "official_fused": {"mAP": 15.514702312179965, "Rank-1": 34.1793566942215, "Rank-5": 54.31472063064575, "Rank-10": 61.92893385887146}}
/data/gaob/Re-ID/conda-envs/tri_reid/lib/python3.10/site-packages/torch/optim/lr_scheduler.py:240: UserWarning: The epoch parameter in `scheduler.step()` was not necessary and is being deprecated where possible. Please use `scheduler.step()` to step the scheduler. During the deprecation, if epoch is different from None, the closed form is used instead of the new chainable form, where available. Please open an issue if you are unable to replicate your use case: https://github.com/pytorch/pytorch/issues/new/choose.
  warnings.warn(EPOCH_DEPRECATION_WARNING, UserWarning)
{"event": "epoch", "dataset": "MSVR310", "recipe": "semantic", "epoch": 2, "steps": 14, "mean_loss": 12.558813095092773, "seconds": 9.90646524191834, "official_fused": {"mAP": 21.415367853163964, "Rank-1": 40.60913622379303, "Rank-5": 61.42131686210632, "Rank-10": 68.69712471961975}}
{"event": "epoch", "dataset": "MSVR310", "recipe": "semantic", "epoch": 3, "steps": 14, "mean_loss": 11.53126791545323, "seconds": 9.876254363916814, "official_fused": {"mAP": 25.40252785226047, "Rank-1": 42.3011839389801, "Rank-5": 64.29780125617981, "Rank-10": 71.91201448440552}}
{"event": "epoch", "dataset": "MSVR310", "recipe": "semantic", "epoch": 4, "steps": 14, "mean_loss": 10.844679491860527, "seconds": 10.27015442296397, "official_fused": {"mAP": 29.75739553930729, "Rank-1": 47.88494110107422, "Rank-5": 66.83587431907654, "Rank-10": 75.46531558036804}}
{"event": "epoch", "dataset": "MSVR310", "recipe": "semantic", "epoch": 5, "steps": 14, "mean_loss": 10.221158981323242, "seconds": 10.10735292697791, "official_fused": {"mAP": 33.17491048209914, "Rank-1": 50.76141953468323, "Rank-5": 68.86633038520813, "Rank-10": 78.17258834838867}}
{"event": "epoch", "dataset": "MSVR310", "recipe": "semantic", "epoch": 6, "steps": 14, "mean_loss": 9.711998530796595, "seconds": 9.859035214991309, "official_fused": {"mAP": 34.96429401364395, "Rank-1": 52.79187560081482, "Rank-5": 71.91201448440552, "Rank-10": 79.01861071586609}}
{"event": "epoch", "dataset": "MSVR310", "recipe": "semantic", "epoch": 7, "steps": 14, "mean_loss": 9.276837757655553, "seconds": 10.069491983042099, "official_fused": {"mAP": 37.594339231161236, "Rank-1": 56.85279369354248, "Rank-5": 73.77326488494873, "Rank-10": 80.03383874893188}}
{"event": "epoch", "dataset": "MSVR310", "recipe": "semantic", "epoch": 8, "steps": 14, "mean_loss": 8.820152418954033, "seconds": 10.149426077958196, "official_fused": {"mAP": 36.6760892434884, "Rank-1": 54.99153733253479, "Rank-5": 72.41962552070618, "Rank-10": 79.35702204704285}}
{"event": "epoch", "dataset": "MSVR310", "recipe": "semantic", "epoch": 9, "steps": 14, "mean_loss": 8.410542692456927, "seconds": 10.45014540606644, "official_fused": {"mAP": 38.92262313256719, "Rank-1": 56.6835880279541, "Rank-5": 75.12690424919128, "Rank-10": 80.87986707687378}}
{"event": "epoch", "dataset": "MSVR310", "recipe": "semantic", "epoch": 10, "steps": 15, "mean_loss": 8.056813144683838, "seconds": 11.288684523897246, "official_fused": {"mAP": 41.290684738311626, "Rank-1": 59.39086079597473, "Rank-5": 77.32656598091125, "Rank-10": 83.41793417930603}}
{"event": "epoch", "dataset": "MSVR310", "recipe": "semantic", "epoch": 11, "steps": 14, "mean_loss": 7.737637315477643, "seconds": 10.080593471997418, "official_fused": {"mAP": 41.672956662505015, "Rank-1": 59.56006646156311, "Rank-5": 76.81894898414612, "Rank-10": 83.07952880859375}}
{"event": "epoch", "dataset": "MSVR310", "recipe": "semantic", "epoch": 12, "steps": 14, "mean_loss": 7.487714563097272, "seconds": 10.498372074915096, "official_fused": {"mAP": 43.93724205057835, "Rank-1": 62.09813952445984, "Rank-5": 79.18781638145447, "Rank-10": 83.58713984489441}}
{"event": "epoch", "dataset": "MSVR310", "recipe": "semantic", "epoch": 13, "steps": 14, "mean_loss": 7.147259882518223, "seconds": 10.222062931978144, "official_fused": {"mAP": 44.43440352104287, "Rank-1": 61.75972819328308, "Rank-5": 78.0033826828003, "Rank-10": 83.41793417930603}}
{"event": "epoch", "dataset": "MSVR310", "recipe": "semantic", "epoch": 14, "steps": 14, "mean_loss": 6.89504861831665, "seconds": 10.277170610032044, "official_fused": {"mAP": 44.171796446158226, "Rank-1": 60.913705825805664, "Rank-5": 79.18781638145447, "Rank-10": 83.24872851371765}}
{"event": "epoch", "dataset": "MSVR310", "recipe": "semantic", "epoch": 15, "steps": 14, "mean_loss": 6.738433599472046, "seconds": 10.136879523983225, "official_fused": {"mAP": 45.692006339230105, "Rank-1": 62.6057505607605, "Rank-5": 79.86463904380798, "Rank-10": 84.6023678779602}}
{"event": "epoch", "dataset": "MSVR310", "recipe": "semantic", "epoch": 16, "steps": 14, "mean_loss": 6.494071006774902, "seconds": 10.27573085995391, "official_fused": {"mAP": 48.51045465982086, "Rank-1": 66.49746298789978, "Rank-5": 81.7258894443512, "Rank-10": 85.617595911026}}
{"event": "epoch", "dataset": "MSVR310", "recipe": "semantic", "epoch": 17, "steps": 15, "mean_loss": 6.341623083750407, "seconds": 10.718521549948491, "official_fused": {"mAP": 47.9675362493512, "Rank-1": 64.80541229248047, "Rank-5": 80.87986707687378, "Rank-10": 85.27919054031372}}
{"event": "epoch", "dataset": "MSVR310", "recipe": "semantic", "epoch": 18, "steps": 14, "mean_loss": 6.043399299894061, "seconds": 10.455746647086926, "official_fused": {"mAP": 49.26107002670196, "Rank-1": 67.00507402420044, "Rank-5": 81.38747811317444, "Rank-10": 85.78680157661438}}
{"event": "epoch", "dataset": "MSVR310", "recipe": "semantic", "epoch": 19, "steps": 15, "mean_loss": 5.831353950500488, "seconds": 10.65767881507054, "official_fused": {"mAP": 49.35917392941248, "Rank-1": 68.52791905403137, "Rank-5": 82.06430077552795, "Rank-10": 86.97123527526855}}
{"event": "epoch", "dataset": "MSVR310", "recipe": "semantic", "epoch": 20, "steps": 14, "mean_loss": 5.567445516586304, "seconds": 10.511676940019242, "official_fused": {"mAP": 49.69710372693748, "Rank-1": 67.68189668655396, "Rank-5": 82.23350048065186, "Rank-10": 86.6328239440918}}
{"event": "epoch", "dataset": "MSVR310", "recipe": "semantic", "epoch": 21, "steps": 14, "mean_loss": 5.458414793014526, "seconds": 10.091168377082795, "official_fused": {"mAP": 49.46917597911866, "Rank-1": 67.00507402420044, "Rank-5": 81.55668377876282, "Rank-10": 85.95600724220276}}
{"event": "epoch", "dataset": "MSVR310", "recipe": "semantic", "epoch": 22, "steps": 14, "mean_loss": 5.360248122896467, "seconds": 10.07081884809304, "official_fused": {"mAP": 49.705817157668825, "Rank-1": 67.00507402420044, "Rank-5": 81.04906678199768, "Rank-10": 85.10998487472534}}
{"event": "epoch", "dataset": "MSVR310", "recipe": "semantic", "epoch": 23, "steps": 14, "mean_loss": 5.467176130839756, "seconds": 10.185168517986313, "official_fused": {"mAP": 49.922578729567746, "Rank-1": 68.02030205726624, "Rank-5": 81.7258894443512, "Rank-10": 85.10998487472534}}
{"event": "epoch", "dataset": "MSVR310", "recipe": "semantic", "epoch": 24, "steps": 14, "mean_loss": 5.375286102294922, "seconds": 10.099197153933346, "official_fused": {"mAP": 49.68003978133503, "Rank-1": 67.68189668655396, "Rank-5": 80.7106614112854, "Rank-10": 85.10998487472534}}
{"event": "epoch", "dataset": "MSVR310", "recipe": "semantic", "epoch": 25, "steps": 15, "mean_loss": 5.358385594685872, "seconds": 10.608420928008854, "official_fused": {"mAP": 49.97503837591371, "Rank-1": 68.02030205726624, "Rank-5": 81.04906678199768, "Rank-10": 84.94077920913696}}
{"event": "epoch", "dataset": "MSVR310", "recipe": "semantic", "epoch": 26, "steps": 14, "mean_loss": 5.363081353051322, "seconds": 10.050127018010244, "official_fused": {"mAP": 50.27482888583293, "Rank-1": 68.358713388443, "Rank-5": 80.87986707687378, "Rank-10": 85.10998487472534}}
{"event": "epoch", "dataset": "MSVR310", "recipe": "semantic", "epoch": 27, "steps": 14, "mean_loss": 5.284055267061506, "seconds": 10.373817512067035, "official_fused": {"mAP": 49.85607300682355, "Rank-1": 67.00507402420044, "Rank-5": 80.37225008010864, "Rank-10": 84.94077920913696}}
{"event": "epoch", "dataset": "MSVR310", "recipe": "semantic", "epoch": 28, "steps": 15, "mean_loss": 5.281387519836426, "seconds": 10.494263461907394, "official_fused": {"mAP": 49.95150933517093, "Rank-1": 67.3434853553772, "Rank-5": 80.7106614112854, "Rank-10": 85.27919054031372}}
{"event": "epoch", "dataset": "MSVR310", "recipe": "semantic", "epoch": 29, "steps": 14, "mean_loss": 5.167443786348615, "seconds": 10.0131112850504, "official_fused": {"mAP": 50.05172731490758, "Rank-1": 67.17427968978882, "Rank-5": 80.87986707687378, "Rank-10": 85.78680157661438}}
{"event": "epoch", "dataset": "MSVR310", "recipe": "semantic", "epoch": 30, "steps": 14, "mean_loss": 5.2430026190621515, "seconds": 10.1914452140918, "official_fused": {"mAP": 50.03989433479708, "Rank-1": 67.17427968978882, "Rank-5": 81.21827244758606, "Rank-10": 85.44839024543762}}
{"event": "epoch", "dataset": "MSVR310", "recipe": "semantic", "epoch": 31, "steps": 14, "mean_loss": 5.250917911529541, "seconds": 10.176562245935202, "official_fused": {"mAP": 49.74230114090706, "Rank-1": 67.17427968978882, "Rank-5": 80.7106614112854, "Rank-10": 84.94077920913696}}
{"event": "epoch", "dataset": "MSVR310", "recipe": "semantic", "epoch": 32, "steps": 14, "mean_loss": 5.093277215957642, "seconds": 9.991679584025405, "official_fused": {"mAP": 50.32045640252455, "Rank-1": 68.02030205726624, "Rank-5": 81.55668377876282, "Rank-10": 85.95600724220276}}
{"event": "epoch", "dataset": "MSVR310", "recipe": "semantic", "epoch": 33, "steps": 14, "mean_loss": 5.077327898570469, "seconds": 9.964579495950602, "official_fused": {"mAP": 50.172259472812165, "Rank-1": 67.85110235214233, "Rank-5": 81.55668377876282, "Rank-10": 86.46361827850342}}
{"event": "epoch", "dataset": "MSVR310", "recipe": "semantic", "epoch": 34, "steps": 14, "mean_loss": 5.0398600442068915, "seconds": 9.995663919951767, "official_fused": {"mAP": 49.86957832574229, "Rank-1": 66.49746298789978, "Rank-5": 80.87986707687378, "Rank-10": 85.95600724220276}}
{"event": "epoch", "dataset": "MSVR310", "recipe": "semantic", "epoch": 35, "steps": 14, "mean_loss": 5.05989009993417, "seconds": 9.946069873985834, "official_fused": {"mAP": 49.60322028546735, "Rank-1": 66.49746298789978, "Rank-5": 80.37225008010864, "Rank-10": 84.94077920913696}}
{"event": "epoch", "dataset": "MSVR310", "recipe": "semantic", "epoch": 36, "steps": 14, "mean_loss": 5.063138450895037, "seconds": 10.057314151898026, "official_fused": {"mAP": 49.52606307757917, "Rank-1": 66.83587431907654, "Rank-5": 80.37225008010864, "Rank-10": 84.77157354354858}}
{"event": "epoch", "dataset": "MSVR310", "recipe": "semantic", "epoch": 37, "steps": 14, "mean_loss": 4.9895437104361395, "seconds": 10.056404975010082, "official_fused": {"mAP": 50.31443071668965, "Rank-1": 67.85110235214233, "Rank-5": 80.54145574569702, "Rank-10": 85.617595911026}}
{"event": "epoch", "dataset": "MSVR310", "recipe": "semantic", "epoch": 38, "steps": 14, "mean_loss": 5.040343795503889, "seconds": 10.137651954079047, "official_fused": {"mAP": 50.54464055641864, "Rank-1": 67.85110235214233, "Rank-5": 80.54145574569702, "Rank-10": 85.44839024543762}}
{"event": "epoch", "dataset": "MSVR310", "recipe": "semantic", "epoch": 39, "steps": 14, "mean_loss": 5.009137562343052, "seconds": 10.140701334923506, "official_fused": {"mAP": 50.23630481184879, "Rank-1": 67.51269102096558, "Rank-5": 80.87986707687378, "Rank-10": 85.44839024543762}}
{"event": "epoch", "dataset": "MSVR310", "recipe": "semantic", "epoch": 40, "steps": 14, "mean_loss": 4.903396163667951, "seconds": 10.116448875982314, "official_fused": {"mAP": 50.305840088845024, "Rank-1": 67.85110235214233, "Rank-5": 80.87986707687378, "Rank-10": 85.617595911026}}
{"event": "epoch", "dataset": "MSVR310", "recipe": "semantic", "epoch": 41, "steps": 14, "mean_loss": 4.923473800931658, "seconds": 10.174095340073109, "official_fused": {"mAP": 50.3260043809148, "Rank-1": 67.85110235214233, "Rank-5": 80.87986707687378, "Rank-10": 85.617595911026}}
{"event": "epoch", "dataset": "MSVR310", "recipe": "semantic", "epoch": 42, "steps": 14, "mean_loss": 4.955373048782349, "seconds": 10.079230646020733, "official_fused": {"mAP": 50.33046478661636, "Rank-1": 67.85110235214233, "Rank-5": 80.87986707687378, "Rank-10": 85.617595911026}}
{"event": "epoch", "dataset": "MSVR310", "recipe": "semantic", "epoch": 43, "steps": 15, "mean_loss": 5.007103284200032, "seconds": 10.741839686990716, "official_fused": {"mAP": 50.34962570603327, "Rank-1": 67.85110235214233, "Rank-5": 80.87986707687378, "Rank-10": 85.617595911026}}
{"event": "epoch", "dataset": "MSVR310", "recipe": "semantic", "epoch": 44, "steps": 14, "mean_loss": 4.907980339867728, "seconds": 10.239583243965171, "official_fused": {"mAP": 50.37518629965, "Rank-1": 67.68189668655396, "Rank-5": 80.87986707687378, "Rank-10": 85.617595911026}}
{"event": "epoch", "dataset": "MSVR310", "recipe": "semantic", "epoch": 45, "steps": 14, "mean_loss": 4.918827908379691, "seconds": 10.735244562965818, "official_fused": {"mAP": 50.40929421162437, "Rank-1": 67.68189668655396, "Rank-5": 80.87986707687378, "Rank-10": 85.617595911026}}
{"event": "epoch", "dataset": "MSVR310", "recipe": "semantic", "epoch": 46, "steps": 14, "mean_loss": 4.929383380072458, "seconds": 10.187503978027962, "official_fused": {"mAP": 50.43759583801356, "Rank-1": 67.68189668655396, "Rank-5": 81.04906678199768, "Rank-10": 85.78680157661438}}
{"event": "epoch", "dataset": "MSVR310", "recipe": "semantic", "epoch": 47, "steps": 14, "mean_loss": 4.905020100729806, "seconds": 10.177096317056566, "official_fused": {"mAP": 50.482828621597534, "Rank-1": 67.68189668655396, "Rank-5": 81.04906678199768, "Rank-10": 85.78680157661438}}
{"event": "epoch", "dataset": "MSVR310", "recipe": "semantic", "epoch": 48, "steps": 14, "mean_loss": 5.008085489273071, "seconds": 10.151152546983212, "official_fused": {"mAP": 50.467379709847094, "Rank-1": 67.68189668655396, "Rank-5": 81.04906678199768, "Rank-10": 85.78680157661438}}
{"event": "epoch", "dataset": "MSVR310", "recipe": "semantic", "epoch": 49, "steps": 14, "mean_loss": 4.920098713466099, "seconds": 10.149174292921089, "official_fused": {"mAP": 50.47664805340365, "Rank-1": 67.68189668655396, "Rank-5": 81.38747811317444, "Rank-10": 85.617595911026}}
{"event": "epoch", "dataset": "MSVR310", "recipe": "semantic", "epoch": 50, "steps": 14, "mean_loss": 4.975873674665179, "seconds": 10.039829569985159, "official_fused": {"mAP": 50.48147309755012, "Rank-1": 67.68189668655396, "Rank-5": 81.38747811317444, "Rank-10": 85.617595911026}}
