/data/gaob/Re-ID/conda-envs/tri_reid/lib/python3.10/site-packages/timm/models/helpers.py:7: FutureWarning: Importing from timm.models.helpers is deprecated, please import via timm.models
  warnings.warn(f"Importing from {__name__} is deprecated, please import via timm.models", FutureWarning)
/data/gaob/Re-ID/conda-envs/tri_reid/lib/python3.10/site-packages/timm/models/registry.py:4: FutureWarning: Importing from timm.models.registry is deprecated, please import via timm.models
  warnings.warn(f"Importing from {__name__} is deprecated, please import via timm.models", FutureWarning)
/data/gaob/Re-ID/conda-envs/tri_reid/lib/python3.10/site-packages/timm/models/layers/__init__.py:48: FutureWarning: Importing from timm.models.layers is deprecated, please import via timm.layers
  warnings.warn(f"Importing from {__name__} is deprecated, please import via timm.layers", FutureWarning)
建立transformer............
using Transformer_type: ViT-B-16 as a backbone
Resized position embedding: %s to %s torch.Size([197, 768]) torch.Size([129, 768])
Position embedding resize to height:8 width: 16
Successfully load ckpt!
<All keys matched successfully>
Loading pretrained model from CLIP
camera number is : 8
===========Building Signal===========
using soft triplet loss for training
label smooth on, numclasses: 50
{"event": "epoch", "dataset": "RGBNT100", "recipe": "semantic", "epoch": 1, "steps": 62, "mean_loss": 11.85146834773402, "seconds": 67.66464608698152, "official_fused": {"mAP": 58.177736641083435, "Rank-1": 83.38192701339722, "Rank-5": 85.24781465530396, "Rank-10": 86.41399145126343}}
{"event": "epoch", "dataset": "RGBNT100", "recipe": "semantic", "epoch": 2, "steps": 62, "mean_loss": 9.461001819179904, "seconds": 65.18175106192939, "official_fused": {"mAP": 69.75225184402116, "Rank-1": 88.27988505363464, "Rank-5": 89.38775658607483, "Rank-10": 89.97084498405457}}
{"event": "epoch", "dataset": "RGBNT100", "recipe": "semantic", "epoch": 3, "steps": 63, "mean_loss": 6.098914978996156, "seconds": 65.70048320607748, "official_fused": {"mAP": 77.2022387789213, "Rank-1": 93.7609314918518, "Rank-5": 94.63557004928589, "Rank-10": 95.27696967124939}}
{"event": "epoch", "dataset": "RGBNT100", "recipe": "semantic", "epoch": 4, "steps": 61, "mean_loss": 3.481030405544844, "seconds": 63.55297603295185, "official_fused": {"mAP": 81.0291646006575, "Rank-1": 94.57725882530212, "Rank-5": 95.10204195976257, "Rank-10": 95.21865844726562}}
{"event": "epoch", "dataset": "RGBNT100", "recipe": "semantic", "epoch": 5, "steps": 63, "mean_loss": 2.4959846261947876, "seconds": 67.63057360099629, "official_fused": {"mAP": 83.91064365551128, "Rank-1": 95.62682509422302, "Rank-5": 96.90961837768555, "Rank-10": 97.49271273612976}}
{"event": "epoch", "dataset": "RGBNT100", "recipe": "semantic", "epoch": 6, "steps": 63, "mean_loss": 2.258722468027993, "seconds": 66.71437387401238, "official_fused": {"mAP": 82.54195690597325, "Rank-1": 95.97667455673218, "Rank-5": 96.90961837768555, "Rank-10": 97.25947380065918}}
{"event": "epoch", "dataset": "RGBNT100", "recipe": "semantic", "epoch": 7, "steps": 62, "mean_loss": 2.143607674106475, "seconds": 65.75204358599149, "official_fused": {"mAP": 83.25496540518424, "Rank-1": 96.32652997970581, "Rank-5": 96.7930018901825, "Rank-10": 97.20116853713989}}
{"event": "epoch", "dataset": "RGBNT100", "recipe": "semantic", "epoch": 8, "steps": 63, "mean_loss": 2.09227620798444, "seconds": 65.7027736339951, "official_fused": {"mAP": 83.33836767192811, "Rank-1": 95.56851387023926, "Rank-5": 96.32652997970581, "Rank-10": 97.14285731315613}}
{"event": "epoch", "dataset": "RGBNT100", "recipe": "semantic", "epoch": 9, "steps": 63, "mean_loss": 2.072223640623547, "seconds": 67.13860084698536, "official_fused": {"mAP": 83.1582778428887, "Rank-1": 96.61807417869568, "Rank-5": 97.14285731315613, "Rank-10": 97.31778502464294}}
{"event": "epoch", "dataset": "RGBNT100", "recipe": "semantic", "epoch": 10, "steps": 62, "mean_loss": 2.0462177338138705, "seconds": 64.51598643697798, "official_fused": {"mAP": 82.18937858973744, "Rank-1": 95.86005806922913, "Rank-5": 96.73469662666321, "Rank-10": 97.14285731315613}}
{"event": "epoch", "dataset": "RGBNT100", "recipe": "semantic", "epoch": 11, "steps": 63, "mean_loss": 2.0196602155291843, "seconds": 66.28921370196622, "official_fused": {"mAP": 82.21575610676767, "Rank-1": 96.03498578071594, "Rank-5": 96.67638540267944, "Rank-10": 96.73469662666321}}
{"event": "epoch", "dataset": "RGBNT100", "recipe": "semantic", "epoch": 12, "steps": 63, "mean_loss": 2.0141064590877957, "seconds": 66.47637655306607, "official_fused": {"mAP": 81.69581883984017, "Rank-1": 96.0932970046997, "Rank-5": 96.67638540267944, "Rank-10": 97.02624082565308}}
{"event": "epoch", "dataset": "RGBNT100", "recipe": "semantic", "epoch": 13, "steps": 63, "mean_loss": 2.0190907565374223, "seconds": 67.77368425100576, "official_fused": {"mAP": 81.36838620577156, "Rank-1": 96.50145769119263, "Rank-5": 97.08454608917236, "Rank-10": 97.434401512146}}
{"event": "epoch", "dataset": "RGBNT100", "recipe": "semantic", "epoch": 14, "steps": 63, "mean_loss": 2.002539184358385, "seconds": 66.25302534596995, "official_fused": {"mAP": 81.75041422713137, "Rank-1": 96.03498578071594, "Rank-5": 96.85131311416626, "Rank-10": 97.31778502464294}}
{"event": "epoch", "dataset": "RGBNT100", "recipe": "semantic", "epoch": 15, "steps": 63, "mean_loss": 2.0049579919330656, "seconds": 66.20854300202336, "official_fused": {"mAP": 82.56369933898317, "Rank-1": 96.20991349220276, "Rank-5": 97.25947380065918, "Rank-10": 97.66764044761658}}
{"event": "epoch", "dataset": "RGBNT100", "recipe": "semantic", "epoch": 16, "steps": 63, "mean_loss": 1.990893977028983, "seconds": 66.09179271594621, "official_fused": {"mAP": 81.93833519396024, "Rank-1": 95.56851387023926, "Rank-5": 96.38484120368958, "Rank-10": 96.7930018901825}}
{"event": "epoch", "dataset": "RGBNT100", "recipe": "semantic", "epoch": 17, "steps": 62, "mean_loss": 1.9950922343038744, "seconds": 66.31179553596303, "official_fused": {"mAP": 81.1991529827379, "Rank-1": 96.44314646720886, "Rank-5": 97.02624082565308, "Rank-10": 97.31778502464294}}
{"event": "epoch", "dataset": "RGBNT100", "recipe": "semantic", "epoch": 18, "steps": 62, "mean_loss": 1.984332719156819, "seconds": 66.03567126998678, "official_fused": {"mAP": 81.15875078791065, "Rank-1": 95.39358615875244, "Rank-5": 96.151602268219, "Rank-10": 96.38484120368958}}
{"event": "epoch", "dataset": "RGBNT100", "recipe": "semantic", "epoch": 19, "steps": 63, "mean_loss": 1.9919514769599551, "seconds": 66.86909011099488, "official_fused": {"mAP": 80.5819196997718, "Rank-1": 95.10204195976257, "Rank-5": 95.62682509422302, "Rank-10": 95.97667455673218}}
{"event": "epoch", "dataset": "RGBNT100", "recipe": "semantic", "epoch": 20, "steps": 62, "mean_loss": 1.985300475551236, "seconds": 66.35958358296193, "official_fused": {"mAP": 80.2352680204271, "Rank-1": 95.39358615875244, "Rank-5": 96.0932970046997, "Rank-10": 96.50145769119263}}
{"event": "epoch", "dataset": "RGBNT100", "recipe": "semantic", "epoch": 21, "steps": 63, "mean_loss": 1.993379585326664, "seconds": 66.91497861791868, "official_fused": {"mAP": 80.47091562882727, "Rank-1": 94.40233111381531, "Rank-5": 94.86880302429199, "Rank-10": 95.33527493476868}}
{"event": "epoch", "dataset": "RGBNT100", "recipe": "semantic", "epoch": 22, "steps": 63, "mean_loss": 1.9920412510160417, "seconds": 65.674496171996, "official_fused": {"mAP": 78.36901575190225, "Rank-1": 94.57725882530212, "Rank-5": 95.62682509422302, "Rank-10": 95.97667455673218}}
{"event": "epoch", "dataset": "RGBNT100", "recipe": "semantic", "epoch": 23, "steps": 63, "mean_loss": 1.9747261811816503, "seconds": 67.53693993692286, "official_fused": {"mAP": 79.0660024937312, "Rank-1": 94.1690981388092, "Rank-5": 95.5102026462555, "Rank-10": 95.86005806922913}}
{"event": "epoch", "dataset": "RGBNT100", "recipe": "semantic", "epoch": 24, "steps": 63, "mean_loss": 1.9924043568353804, "seconds": 65.65215453400742, "official_fused": {"mAP": 79.41506930037401, "Rank-1": 93.87755393981934, "Rank-5": 94.63557004928589, "Rank-10": 95.16034722328186}}
{"event": "epoch", "dataset": "RGBNT100", "recipe": "semantic", "epoch": 25, "steps": 63, "mean_loss": 1.9982388076328097, "seconds": 66.31866004900075, "official_fused": {"mAP": 77.85044398204377, "Rank-1": 93.06122660636902, "Rank-5": 94.22740340232849, "Rank-10": 94.63557004928589}}
{"event": "epoch", "dataset": "RGBNT100", "recipe": "semantic", "epoch": 26, "steps": 63, "mean_loss": 1.982603288832165, "seconds": 67.06081919802818, "official_fused": {"mAP": 80.41938645835657, "Rank-1": 95.68513035774231, "Rank-5": 96.55976891517639, "Rank-10": 97.20116853713989}}
{"event": "epoch", "dataset": "RGBNT100", "recipe": "semantic", "epoch": 27, "steps": 63, "mean_loss": 1.9848645830911302, "seconds": 67.0697678909637, "official_fused": {"mAP": 79.30236558076426, "Rank-1": 95.56851387023926, "Rank-5": 95.97667455673218, "Rank-10": 96.26821875572205}}
{"event": "epoch", "dataset": "RGBNT100", "recipe": "semantic", "epoch": 28, "steps": 62, "mean_loss": 1.9958779311949206, "seconds": 66.20974413200747, "official_fused": {"mAP": 78.99463572212507, "Rank-1": 94.69387531280518, "Rank-5": 95.39358615875244, "Rank-10": 95.56851387023926}}
{"event": "epoch", "dataset": "RGBNT100", "recipe": "semantic", "epoch": 29, "steps": 63, "mean_loss": 1.9944816827774048, "seconds": 66.60000938992016, "official_fused": {"mAP": 78.64184552662947, "Rank-1": 94.46064233779907, "Rank-5": 95.10204195976257, "Rank-10": 95.5102026462555}}
{"event": "epoch", "dataset": "RGBNT100", "recipe": "semantic", "epoch": 30, "steps": 62, "mean_loss": 2.0011088405886004, "seconds": 66.12167520995717, "official_fused": {"mAP": 78.49561961745336, "Rank-1": 94.22740340232849, "Rank-5": 95.21865844726562, "Rank-10": 95.74344158172607}}
{"event": "epoch", "dataset": "RGBNT100", "recipe": "semantic", "epoch": 31, "steps": 62, "mean_loss": 1.9991402126127673, "seconds": 66.6077204690082, "official_fused": {"mAP": 76.91882514822224, "Rank-1": 93.1195318698883, "Rank-5": 94.22740340232849, "Rank-10": 94.69387531280518}}
{"event": "epoch", "dataset": "RGBNT100", "recipe": "semantic", "epoch": 32, "steps": 62, "mean_loss": 1.9921080027857134, "seconds": 66.43112513900269, "official_fused": {"mAP": 77.47399928572436, "Rank-1": 94.63557004928589, "Rank-5": 95.39358615875244, "Rank-10": 95.39358615875244}}
{"event": "epoch", "dataset": "RGBNT100", "recipe": "semantic", "epoch": 33, "steps": 63, "mean_loss": 2.007073746787177, "seconds": 65.30419905600138, "official_fused": {"mAP": 76.64920113573088, "Rank-1": 93.46938729286194, "Rank-5": 94.28571462631226, "Rank-10": 94.63557004928589}}
{"event": "epoch", "dataset": "RGBNT100", "recipe": "semantic", "epoch": 34, "steps": 62, "mean_loss": 2.0136449836915538, "seconds": 64.86613037600182, "official_fused": {"mAP": 76.62669459572969, "Rank-1": 94.22740340232849, "Rank-5": 94.34402585029602, "Rank-10": 94.51894760131836}}
{"event": "epoch", "dataset": "RGBNT100", "recipe": "semantic", "epoch": 35, "steps": 63, "mean_loss": 2.0191440979639688, "seconds": 65.61343717796262, "official_fused": {"mAP": 76.4634699782719, "Rank-1": 92.94460415840149, "Rank-5": 93.93585920333862, "Rank-10": 94.46064233779907}}
{"event": "epoch", "dataset": "RGBNT100", "recipe": "semantic", "epoch": 36, "steps": 62, "mean_loss": 2.016852161576671, "seconds": 64.83189410995692, "official_fused": {"mAP": 76.34831385006784, "Rank-1": 93.17784309387207, "Rank-5": 94.11078691482544, "Rank-10": 94.57725882530212}}
{"event": "epoch", "dataset": "RGBNT100", "recipe": "semantic", "epoch": 37, "steps": 63, "mean_loss": 2.0212085265961903, "seconds": 67.45780640805606, "official_fused": {"mAP": 75.23890250932409, "Rank-1": 93.00291538238525, "Rank-5": 93.70262622833252, "Rank-10": 94.34402585029602}}
{"event": "epoch", "dataset": "RGBNT100", "recipe": "semantic", "epoch": 38, "steps": 63, "mean_loss": 2.014170741278028, "seconds": 67.84943524701521, "official_fused": {"mAP": 75.07443388350266, "Rank-1": 93.00291538238525, "Rank-5": 93.87755393981934, "Rank-10": 94.40233111381531}}
{"event": "epoch", "dataset": "RGBNT100", "recipe": "semantic", "epoch": 39, "steps": 63, "mean_loss": 2.0223068263795643, "seconds": 67.60629870998673, "official_fused": {"mAP": 75.25016426564892, "Rank-1": 92.76967644691467, "Rank-5": 93.46938729286194, "Rank-10": 94.11078691482544}}
{"event": "epoch", "dataset": "RGBNT100", "recipe": "semantic", "epoch": 40, "steps": 62, "mean_loss": 2.0182564950758413, "seconds": 64.75636333995499, "official_fused": {"mAP": 75.34571181721232, "Rank-1": 93.00291538238525, "Rank-5": 93.87755393981934, "Rank-10": 94.34402585029602}}
{"event": "epoch", "dataset": "RGBNT100", "recipe": "semantic", "epoch": 41, "steps": 63, "mean_loss": 2.010851852477543, "seconds": 67.28770681610331, "official_fused": {"mAP": 74.85160318489417, "Rank-1": 93.06122660636902, "Rank-5": 93.46938729286194, "Rank-10": 93.93585920333862}}
{"event": "epoch", "dataset": "RGBNT100", "recipe": "semantic", "epoch": 42, "steps": 63, "mean_loss": 2.0180058384698536, "seconds": 66.12116902600974, "official_fused": {"mAP": 74.5509447656323, "Rank-1": 92.4781322479248, "Rank-5": 93.70262622833252, "Rank-10": 94.46064233779907}}
{"event": "epoch", "dataset": "RGBNT100", "recipe": "semantic", "epoch": 43, "steps": 62, "mean_loss": 2.011964444191225, "seconds": 65.7195958889788, "official_fused": {"mAP": 74.44973198489734, "Rank-1": 92.01166033744812, "Rank-5": 93.23615431785583, "Rank-10": 93.81924271583557}}
{"event": "epoch", "dataset": "RGBNT100", "recipe": "semantic", "epoch": 44, "steps": 62, "mean_loss": 2.019097824250498, "seconds": 64.51030485297088, "official_fused": {"mAP": 74.40158729358271, "Rank-1": 92.18658804893494, "Rank-5": 93.23615431785583, "Rank-10": 93.7609314918518}}
{"event": "epoch", "dataset": "RGBNT100", "recipe": "semantic", "epoch": 45, "steps": 62, "mean_loss": 2.0226375056851293, "seconds": 64.94739860494155, "official_fused": {"mAP": 73.81460748736212, "Rank-1": 92.4781322479248, "Rank-5": 93.06122660636902, "Rank-10": 93.35277080535889}}
{"event": "epoch", "dataset": "RGBNT100", "recipe": "semantic", "epoch": 46, "steps": 63, "mean_loss": 2.017477304216415, "seconds": 65.74995154200587, "official_fused": {"mAP": 74.00628677840639, "Rank-1": 92.18658804893494, "Rank-5": 93.17784309387207, "Rank-10": 93.7609314918518}}
{"event": "epoch", "dataset": "RGBNT100", "recipe": "semantic", "epoch": 47, "steps": 62, "mean_loss": 2.0144741246777196, "seconds": 64.35978872107808, "official_fused": {"mAP": 73.86282299198717, "Rank-1": 92.2448992729187, "Rank-5": 93.23615431785583, "Rank-10": 93.7609314918518}}
{"event": "epoch", "dataset": "RGBNT100", "recipe": "semantic", "epoch": 48, "steps": 63, "mean_loss": 2.0124981971014115, "seconds": 65.23218354699202, "official_fused": {"mAP": 73.78773101225016, "Rank-1": 91.8367326259613, "Rank-5": 92.71137118339539, "Rank-10": 93.64431500434875}}
{"event": "epoch", "dataset": "RGBNT100", "recipe": "semantic", "epoch": 49, "steps": 63, "mean_loss": 2.018668218264504, "seconds": 67.00452628801577, "official_fused": {"mAP": 73.71268035102175, "Rank-1": 91.95335507392883, "Rank-5": 93.23615431785583, "Rank-10": 93.93585920333862}}
{"event": "epoch", "dataset": "RGBNT100", "recipe": "semantic", "epoch": 50, "steps": 62, "mean_loss": 2.019366785403221, "seconds": 64.49601777002681, "official_fused": {"mAP": 73.67762574807143, "Rank-1": 92.12828278541565, "Rank-5": 93.06122660636902, "Rank-10": 93.5276985168457}}
