/data/gaob/Re-ID/conda-envs/tri_reid/lib/python3.10/site-packages/timm/models/helpers.py:7: FutureWarning: Importing from timm.models.helpers is deprecated, please import via timm.models
  warnings.warn(f"Importing from {__name__} is deprecated, please import via timm.models", FutureWarning)
/data/gaob/Re-ID/conda-envs/tri_reid/lib/python3.10/site-packages/timm/models/registry.py:4: FutureWarning: Importing from timm.models.registry is deprecated, please import via timm.models
  warnings.warn(f"Importing from {__name__} is deprecated, please import via timm.models", FutureWarning)
/data/gaob/Re-ID/conda-envs/tri_reid/lib/python3.10/site-packages/timm/models/layers/__init__.py:48: FutureWarning: Importing from timm.models.layers is deprecated, please import via timm.layers
  warnings.warn(f"Importing from {__name__} is deprecated, please import via timm.layers", FutureWarning)
建立transformer............
using Transformer_type: ViT-B-16 as a backbone
Resized position embedding: %s to %s torch.Size([197, 768]) torch.Size([129, 768])
Position embedding resize to height:16 width: 8
Successfully load ckpt!
<All keys matched successfully>
Loading pretrained model from CLIP
camera number is : 4
===========Building Signal===========
using soft triplet loss for training
label smooth on, numclasses: 171
{"event": "epoch", "dataset": "RGBNT201", "recipe": "semantic", "epoch": 1, "steps": 53, "mean_loss": 5.116603023601028, "seconds": 33.68214309599716, "official_fused": {"mAP": 29.44034310753027, "Rank-1": 28.588515520095825, "Rank-5": 45.69377899169922, "Rank-10": 55.62201142311096}}
{"event": "epoch", "dataset": "RGBNT201", "recipe": "semantic", "epoch": 2, "steps": 53, "mean_loss": 4.194078989748685, "seconds": 33.357387595111504, "official_fused": {"mAP": 52.90149154174234, "Rank-1": 52.392345666885376, "Rank-5": 64.1148328781128, "Rank-10": 70.69377899169922}}
{"event": "epoch", "dataset": "RGBNT201", "recipe": "semantic", "epoch": 3, "steps": 53, "mean_loss": 3.2867073293002145, "seconds": 33.606773408013396, "official_fused": {"mAP": 71.64233605940827, "Rank-1": 77.87081599235535, "Rank-5": 88.75598311424255, "Rank-10": 91.62679314613342}}
{"event": "epoch", "dataset": "RGBNT201", "recipe": "semantic", "epoch": 4, "steps": 53, "mean_loss": 2.6623952388763428, "seconds": 33.360633603995666, "official_fused": {"mAP": 71.03919547599891, "Rank-1": 73.80383014678955, "Rank-5": 84.21052694320679, "Rank-10": 88.63636255264282}}
{"event": "epoch", "dataset": "RGBNT201", "recipe": "semantic", "epoch": 5, "steps": 53, "mean_loss": 2.291221076587461, "seconds": 32.42779620795045, "official_fused": {"mAP": 66.3852884703054, "Rank-1": 68.77990365028381, "Rank-5": 81.45933151245117, "Rank-10": 86.00478172302246}}
{"event": "epoch", "dataset": "RGBNT201", "recipe": "semantic", "epoch": 6, "steps": 53, "mean_loss": 1.721498430899854, "seconds": 33.022484780987725, "official_fused": {"mAP": 67.84960148431793, "Rank-1": 72.48803973197937, "Rank-5": 81.10047578811646, "Rank-10": 88.63636255264282}}
{"event": "epoch", "dataset": "RGBNT201", "recipe": "semantic", "epoch": 7, "steps": 53, "mean_loss": 1.5041402308446057, "seconds": 32.57423688599374, "official_fused": {"mAP": 74.02932772436299, "Rank-1": 78.46890091896057, "Rank-5": 87.79904246330261, "Rank-10": 92.34449863433838}}
{"event": "epoch", "dataset": "RGBNT201", "recipe": "semantic", "epoch": 8, "steps": 53, "mean_loss": 1.5076798965346139, "seconds": 32.80285413295496, "official_fused": {"mAP": 74.46938466396887, "Rank-1": 79.18660044670105, "Rank-5": 88.39712738990784, "Rank-10": 91.98564887046814}}
{"event": "epoch", "dataset": "RGBNT201", "recipe": "semantic", "epoch": 9, "steps": 53, "mean_loss": 1.4336658986109607, "seconds": 32.94161685695872, "official_fused": {"mAP": 73.02211613993703, "Rank-1": 76.67464017868042, "Rank-5": 86.60287261009216, "Rank-10": 90.31100273132324}}
{"event": "epoch", "dataset": "RGBNT201", "recipe": "semantic", "epoch": 10, "steps": 53, "mean_loss": 1.473938190712119, "seconds": 32.57468764099758, "official_fused": {"mAP": 72.84703150661689, "Rank-1": 75.83732008934021, "Rank-5": 86.12440228462219, "Rank-10": 90.31100273132324}}
{"event": "epoch", "dataset": "RGBNT201", "recipe": "semantic", "epoch": 11, "steps": 53, "mean_loss": 1.4463315437424857, "seconds": 33.22471250698436, "official_fused": {"mAP": 72.66608542520709, "Rank-1": 75.35884976387024, "Rank-5": 85.8851671218872, "Rank-10": 90.19138813018799}}
{"event": "epoch", "dataset": "RGBNT201", "recipe": "semantic", "epoch": 12, "steps": 53, "mean_loss": 1.4240051642903742, "seconds": 33.489026135066524, "official_fused": {"mAP": 73.34763185714095, "Rank-1": 77.03348994255066, "Rank-5": 87.44019269943237, "Rank-10": 91.50717854499817}}
{"event": "epoch", "dataset": "RGBNT201", "recipe": "semantic", "epoch": 13, "steps": 53, "mean_loss": 1.364746757273404, "seconds": 33.70158836606424, "official_fused": {"mAP": 73.10969479877704, "Rank-1": 76.55502557754517, "Rank-5": 86.60287261009216, "Rank-10": 91.38755798339844}}
{"event": "epoch", "dataset": "RGBNT201", "recipe": "semantic", "epoch": 14, "steps": 53, "mean_loss": 1.3685223741351433, "seconds": 32.36282171495259, "official_fused": {"mAP": 70.57893795731566, "Rank-1": 73.44497442245483, "Rank-5": 84.21052694320679, "Rank-10": 88.99521827697754}}
{"event": "epoch", "dataset": "RGBNT201", "recipe": "semantic", "epoch": 15, "steps": 53, "mean_loss": 1.380780372979506, "seconds": 33.59305287397001, "official_fused": {"mAP": 71.50571916098026, "Rank-1": 73.56459498405457, "Rank-5": 84.92823243141174, "Rank-10": 89.47368264198303}}
{"event": "epoch", "dataset": "RGBNT201", "recipe": "semantic", "epoch": 16, "steps": 53, "mean_loss": 1.3532781421013598, "seconds": 33.08328062307555, "official_fused": {"mAP": 71.0805198353573, "Rank-1": 73.20573925971985, "Rank-5": 82.77512192726135, "Rank-10": 88.87559771537781}}
{"event": "epoch", "dataset": "RGBNT201", "recipe": "semantic", "epoch": 17, "steps": 53, "mean_loss": 1.37229918533901, "seconds": 32.11972666007932, "official_fused": {"mAP": 72.49006788903918, "Rank-1": 74.64115023612976, "Rank-5": 84.92823243141174, "Rank-10": 90.19138813018799}}
{"event": "epoch", "dataset": "RGBNT201", "recipe": "semantic", "epoch": 18, "steps": 53, "mean_loss": 1.3880971917566263, "seconds": 32.29827266302891, "official_fused": {"mAP": 73.57292185571556, "Rank-1": 75.11961460113525, "Rank-5": 86.00478172302246, "Rank-10": 90.55023789405823}}
{"event": "epoch", "dataset": "RGBNT201", "recipe": "semantic", "epoch": 19, "steps": 53, "mean_loss": 1.4567709441454906, "seconds": 31.98672353103757, "official_fused": {"mAP": 73.248796190381, "Rank-1": 77.27272510528564, "Rank-5": 86.00478172302246, "Rank-10": 91.26794338226318}}
{"event": "epoch", "dataset": "RGBNT201", "recipe": "semantic", "epoch": 20, "steps": 53, "mean_loss": 1.4188168746120524, "seconds": 33.03219810302835, "official_fused": {"mAP": 73.85448476443133, "Rank-1": 75.83732008934021, "Rank-5": 86.60287261009216, "Rank-10": 90.19138813018799}}
{"event": "epoch", "dataset": "RGBNT201", "recipe": "semantic", "epoch": 21, "steps": 53, "mean_loss": 1.3616160469235115, "seconds": 32.462176717002876, "official_fused": {"mAP": 72.736865731516, "Rank-1": 75.59808492660522, "Rank-5": 85.52631735801697, "Rank-10": 89.952152967453}}
{"event": "epoch", "dataset": "RGBNT201", "recipe": "semantic", "epoch": 22, "steps": 53, "mean_loss": 1.39915465408901, "seconds": 33.332819888019, "official_fused": {"mAP": 71.28326500901375, "Rank-1": 72.96651005744934, "Rank-5": 82.8947365283966, "Rank-10": 87.20095753669739}}
{"event": "epoch", "dataset": "RGBNT201", "recipe": "semantic", "epoch": 23, "steps": 53, "mean_loss": 1.3680030219959762, "seconds": 33.44364608102478, "official_fused": {"mAP": 69.8134980151661, "Rank-1": 71.88995480537415, "Rank-5": 80.74162602424622, "Rank-10": 86.60287261009216}}
{"event": "epoch", "dataset": "RGBNT201", "recipe": "semantic", "epoch": 24, "steps": 53, "mean_loss": 1.373196340956778, "seconds": 33.38436848204583, "official_fused": {"mAP": 70.19530511603432, "Rank-1": 72.36841917037964, "Rank-5": 81.81818127632141, "Rank-10": 87.55980730056763}}
{"event": "epoch", "dataset": "RGBNT201", "recipe": "semantic", "epoch": 25, "steps": 53, "mean_loss": 1.339433346154555, "seconds": 32.714974969043396, "official_fused": {"mAP": 71.82527601509214, "Rank-1": 74.16267991065979, "Rank-5": 83.49282145500183, "Rank-10": 89.59330320358276}}
{"event": "epoch", "dataset": "RGBNT201", "recipe": "semantic", "epoch": 26, "steps": 53, "mean_loss": 1.3275091445670937, "seconds": 32.94700143299997, "official_fused": {"mAP": 72.23164910997303, "Rank-1": 74.52152967453003, "Rank-5": 83.9712917804718, "Rank-10": 89.59330320358276}}
{"event": "epoch", "dataset": "RGBNT201", "recipe": "semantic", "epoch": 27, "steps": 53, "mean_loss": 1.314242329237596, "seconds": 33.020836571929976, "official_fused": {"mAP": 72.54597870924671, "Rank-1": 74.88038539886475, "Rank-5": 84.68899726867676, "Rank-10": 89.83253836631775}}
{"event": "epoch", "dataset": "RGBNT201", "recipe": "semantic", "epoch": 28, "steps": 53, "mean_loss": 1.3189415481855284, "seconds": 33.18543200392742, "official_fused": {"mAP": 71.48765773650997, "Rank-1": 73.80383014678955, "Rank-5": 82.65550136566162, "Rank-10": 88.63636255264282}}
{"event": "epoch", "dataset": "RGBNT201", "recipe": "semantic", "epoch": 29, "steps": 53, "mean_loss": 1.344746693125311, "seconds": 32.619286778965034, "official_fused": {"mAP": 72.44947821451684, "Rank-1": 74.16267991065979, "Rank-5": 83.25358629226685, "Rank-10": 88.99521827697754}}
{"event": "epoch", "dataset": "RGBNT201", "recipe": "semantic", "epoch": 30, "steps": 53, "mean_loss": 1.328342226316344, "seconds": 32.76387875492219, "official_fused": {"mAP": 72.23093558889605, "Rank-1": 74.28229451179504, "Rank-5": 83.25358629226685, "Rank-10": 88.63636255264282}}
{"event": "epoch", "dataset": "RGBNT201", "recipe": "semantic", "epoch": 31, "steps": 53, "mean_loss": 1.3120891575543385, "seconds": 33.00646171893459, "official_fused": {"mAP": 72.2846195044978, "Rank-1": 74.64115023612976, "Rank-5": 83.37320685386658, "Rank-10": 88.87559771537781}}
{"event": "epoch", "dataset": "RGBNT201", "recipe": "semantic", "epoch": 32, "steps": 53, "mean_loss": 1.3070540855515678, "seconds": 33.46973447606433, "official_fused": {"mAP": 71.22069881538103, "Rank-1": 73.20573925971985, "Rank-5": 83.37320685386658, "Rank-10": 88.87559771537781}}
{"event": "epoch", "dataset": "RGBNT201", "recipe": "semantic", "epoch": 33, "steps": 53, "mean_loss": 1.3614341627876714, "seconds": 32.69145599298645, "official_fused": {"mAP": 71.96429128908886, "Rank-1": 74.64115023612976, "Rank-5": 84.68899726867676, "Rank-10": 89.59330320358276}}
{"event": "epoch", "dataset": "RGBNT201", "recipe": "semantic", "epoch": 34, "steps": 53, "mean_loss": 1.333889272977721, "seconds": 32.807691994006746, "official_fused": {"mAP": 71.58363027617139, "Rank-1": 73.56459498405457, "Rank-5": 84.09090638160706, "Rank-10": 89.83253836631775}}
{"event": "epoch", "dataset": "RGBNT201", "recipe": "semantic", "epoch": 35, "steps": 53, "mean_loss": 1.3140649210731938, "seconds": 32.171699607977644, "official_fused": {"mAP": 71.43508076946185, "Rank-1": 73.80383014678955, "Rank-5": 83.73205661773682, "Rank-10": 89.23444747924805}}
{"event": "epoch", "dataset": "RGBNT201", "recipe": "semantic", "epoch": 36, "steps": 53, "mean_loss": 1.3089092879925135, "seconds": 32.58897980500478, "official_fused": {"mAP": 71.65746165724887, "Rank-1": 74.04305934906006, "Rank-5": 84.21052694320679, "Rank-10": 89.47368264198303}}
{"event": "epoch", "dataset": "RGBNT201", "recipe": "semantic", "epoch": 37, "steps": 53, "mean_loss": 1.3060834407806396, "seconds": 32.588668092968874, "official_fused": {"mAP": 72.05585594876041, "Rank-1": 75.11961460113525, "Rank-5": 85.047847032547, "Rank-10": 89.83253836631775}}
{"event": "epoch", "dataset": "RGBNT201", "recipe": "semantic", "epoch": 38, "steps": 53, "mean_loss": 1.2992809830971483, "seconds": 32.3657283349894, "official_fused": {"mAP": 72.14374305155276, "Rank-1": 75.47847032546997, "Rank-5": 84.92823243141174, "Rank-10": 90.07176756858826}}
{"event": "epoch", "dataset": "RGBNT201", "recipe": "semantic", "epoch": 39, "steps": 53, "mean_loss": 1.3076071919135328, "seconds": 32.68613583408296, "official_fused": {"mAP": 72.1506359362099, "Rank-1": 74.88038539886475, "Rank-5": 85.047847032547, "Rank-10": 89.83253836631775}}
{"event": "epoch", "dataset": "RGBNT201", "recipe": "semantic", "epoch": 40, "steps": 53, "mean_loss": 1.3082859606113073, "seconds": 32.44469171902165, "official_fused": {"mAP": 72.02511725775584, "Rank-1": 74.64115023612976, "Rank-5": 84.80861186981201, "Rank-10": 89.83253836631775}}
{"event": "epoch", "dataset": "RGBNT201", "recipe": "semantic", "epoch": 41, "steps": 53, "mean_loss": 1.3135268328324803, "seconds": 32.33078526693862, "official_fused": {"mAP": 71.6979764928392, "Rank-1": 74.52152967453003, "Rank-5": 84.33014154434204, "Rank-10": 89.952152967453}}
{"event": "epoch", "dataset": "RGBNT201", "recipe": "semantic", "epoch": 42, "steps": 53, "mean_loss": 1.3013484522981464, "seconds": 32.7843817070825, "official_fused": {"mAP": 71.93089935842994, "Rank-1": 74.64115023612976, "Rank-5": 84.44976210594177, "Rank-10": 89.952152967453}}
{"event": "epoch", "dataset": "RGBNT201", "recipe": "semantic", "epoch": 43, "steps": 53, "mean_loss": 1.2962788410906523, "seconds": 33.20037392002996, "official_fused": {"mAP": 72.14026153255769, "Rank-1": 74.52152967453003, "Rank-5": 84.21052694320679, "Rank-10": 89.952152967453}}
{"event": "epoch", "dataset": "RGBNT201", "recipe": "semantic", "epoch": 44, "steps": 53, "mean_loss": 1.3059996568931724, "seconds": 32.91691477398854, "official_fused": {"mAP": 72.185689587652, "Rank-1": 74.28229451179504, "Rank-5": 84.56937670707703, "Rank-10": 90.07176756858826}}
{"event": "epoch", "dataset": "RGBNT201", "recipe": "semantic", "epoch": 45, "steps": 53, "mean_loss": 1.3053315203144866, "seconds": 33.206677398993634, "official_fused": {"mAP": 72.02624703219406, "Rank-1": 74.40191507339478, "Rank-5": 84.44976210594177, "Rank-10": 89.83253836631775}}
{"event": "epoch", "dataset": "RGBNT201", "recipe": "semantic", "epoch": 46, "steps": 52, "mean_loss": 1.3049982258906732, "seconds": 31.638414221000858, "official_fused": {"mAP": 72.03251853436889, "Rank-1": 74.88038539886475, "Rank-5": 84.44976210594177, "Rank-10": 89.952152967453}}
{"event": "epoch", "dataset": "RGBNT201", "recipe": "semantic", "epoch": 47, "steps": 53, "mean_loss": 1.3036796776753552, "seconds": 33.33892559807282, "official_fused": {"mAP": 72.03190633332841, "Rank-1": 74.76076483726501, "Rank-5": 84.56937670707703, "Rank-10": 89.952152967453}}
{"event": "epoch", "dataset": "RGBNT201", "recipe": "semantic", "epoch": 48, "steps": 53, "mean_loss": 1.3075266941538397, "seconds": 32.26865919295233, "official_fused": {"mAP": 72.15982972785221, "Rank-1": 74.64115023612976, "Rank-5": 84.68899726867676, "Rank-10": 89.83253836631775}}
{"event": "epoch", "dataset": "RGBNT201", "recipe": "semantic", "epoch": 49, "steps": 53, "mean_loss": 1.3048503961203233, "seconds": 33.29948080005124, "official_fused": {"mAP": 72.20624611790659, "Rank-1": 74.40191507339478, "Rank-5": 84.33014154434204, "Rank-10": 89.952152967453}}
{"event": "epoch", "dataset": "RGBNT201", "recipe": "semantic", "epoch": 50, "steps": 53, "mean_loss": 1.3040135356615175, "seconds": 32.51456867100205, "official_fused": {"mAP": 72.00969057213068, "Rank-1": 74.52152967453003, "Rank-5": 84.44976210594177, "Rank-10": 89.83253836631775}}
