/data/gaob/Re-ID/conda-envs/tri_reid/lib/python3.10/site-packages/timm/models/helpers.py:7: FutureWarning: Importing from timm.models.helpers is deprecated, please import via timm.models
  warnings.warn(f"Importing from {__name__} is deprecated, please import via timm.models", FutureWarning)
/data/gaob/Re-ID/conda-envs/tri_reid/lib/python3.10/site-packages/timm/models/registry.py:4: FutureWarning: Importing from timm.models.registry is deprecated, please import via timm.models
  warnings.warn(f"Importing from {__name__} is deprecated, please import via timm.models", FutureWarning)
/data/gaob/Re-ID/conda-envs/tri_reid/lib/python3.10/site-packages/timm/models/layers/__init__.py:48: FutureWarning: Importing from timm.models.layers is deprecated, please import via timm.layers
  warnings.warn(f"Importing from {__name__} is deprecated, please import via timm.layers", FutureWarning)
建立transformer............
using Transformer_type: ViT-B-16 as a backbone
Resized position embedding: %s to %s torch.Size([197, 768]) torch.Size([129, 768])
Position embedding resize to height:16 width: 8
Successfully load ckpt!
<All keys matched successfully>
Loading pretrained model from CLIP
camera number is : 4
===========Building Signal===========
using soft triplet loss for training
label smooth on, numclasses: 171
{"event": "epoch", "dataset": "RGBNT201", "recipe": "semantic", "epoch": 1, "steps": 53, "mean_loss": 4.17564118133401, "seconds": 35.24512994103134, "official_fused": {"mAP": 29.45716920020822, "Rank-1": 28.588515520095825, "Rank-5": 45.69377899169922, "Rank-10": 55.741626024246216}}
{"event": "epoch", "dataset": "RGBNT201", "recipe": "semantic", "epoch": 2, "steps": 53, "mean_loss": 3.2765232796938912, "seconds": 31.737773510976695, "official_fused": {"mAP": 53.39794781181999, "Rank-1": 53.110045194625854, "Rank-5": 65.31100273132324, "Rank-10": 71.41148447990417}}
{"event": "epoch", "dataset": "RGBNT201", "recipe": "semantic", "epoch": 3, "steps": 53, "mean_loss": 2.3831677031966874, "seconds": 33.50459474499803, "official_fused": {"mAP": 71.55016268431298, "Rank-1": 77.63158082962036, "Rank-5": 88.39712738990784, "Rank-10": 91.74641370773315}}
{"event": "epoch", "dataset": "RGBNT201", "recipe": "semantic", "epoch": 4, "steps": 53, "mean_loss": 1.758441742861046, "seconds": 33.360702165053226, "official_fused": {"mAP": 71.0689622517444, "Rank-1": 74.16267991065979, "Rank-5": 84.21052694320679, "Rank-10": 89.23444747924805}}
{"event": "epoch", "dataset": "RGBNT201", "recipe": "semantic", "epoch": 5, "steps": 53, "mean_loss": 1.3582226656517893, "seconds": 32.33995836903341, "official_fused": {"mAP": 66.62746982543973, "Rank-1": 69.13875341415405, "Rank-5": 81.33971095085144, "Rank-10": 86.24401688575745}}
{"event": "epoch", "dataset": "RGBNT201", "recipe": "semantic", "epoch": 6, "steps": 53, "mean_loss": 0.8320267672808666, "seconds": 32.539371017948724, "official_fused": {"mAP": 68.09083148551741, "Rank-1": 72.60765433311462, "Rank-5": 81.33971095085144, "Rank-10": 88.99521827697754}}
{"event": "epoch", "dataset": "RGBNT201", "recipe": "semantic", "epoch": 7, "steps": 53, "mean_loss": 0.5974105146695983, "seconds": 33.62142867699731, "official_fused": {"mAP": 74.00621539233555, "Rank-1": 77.75119543075562, "Rank-5": 88.0382776260376, "Rank-10": 92.70334839820862}}
{"event": "epoch", "dataset": "RGBNT201", "recipe": "semantic", "epoch": 8, "steps": 53, "mean_loss": 0.5576585317557713, "seconds": 33.47856954403687, "official_fused": {"mAP": 74.65207441845062, "Rank-1": 79.66507077217102, "Rank-5": 88.27751278877258, "Rank-10": 91.74641370773315}}
{"event": "epoch", "dataset": "RGBNT201", "recipe": "semantic", "epoch": 9, "steps": 53, "mean_loss": 0.5159817427959082, "seconds": 33.74426185002085, "official_fused": {"mAP": 73.15305049176882, "Rank-1": 75.95694065093994, "Rank-5": 86.48325204849243, "Rank-10": 90.31100273132324}}
{"event": "epoch", "dataset": "RGBNT201", "recipe": "semantic", "epoch": 10, "steps": 53, "mean_loss": 0.5103738099898932, "seconds": 33.542935941019095, "official_fused": {"mAP": 72.94371401563671, "Rank-1": 75.35884976387024, "Rank-5": 86.24401688575745, "Rank-10": 90.19138813018799}}
{"event": "epoch", "dataset": "RGBNT201", "recipe": "semantic", "epoch": 11, "steps": 53, "mean_loss": 0.5030480330845095, "seconds": 32.202089383034036, "official_fused": {"mAP": 72.7110929021917, "Rank-1": 75.35884976387024, "Rank-5": 85.52631735801697, "Rank-10": 90.78947305679321}}
{"event": "epoch", "dataset": "RGBNT201", "recipe": "semantic", "epoch": 12, "steps": 53, "mean_loss": 0.5203721455807956, "seconds": 33.60062896099407, "official_fused": {"mAP": 73.36778149769131, "Rank-1": 77.03348994255066, "Rank-5": 87.44019269943237, "Rank-10": 91.74641370773315}}
{"event": "epoch", "dataset": "RGBNT201", "recipe": "semantic", "epoch": 13, "steps": 53, "mean_loss": 0.4961597964448749, "seconds": 33.50807916908525, "official_fused": {"mAP": 73.12204049900747, "Rank-1": 76.31579041481018, "Rank-5": 86.24401688575745, "Rank-10": 91.0287082195282}}
{"event": "epoch", "dataset": "RGBNT201", "recipe": "semantic", "epoch": 14, "steps": 53, "mean_loss": 0.49681428299759917, "seconds": 33.089543350972235, "official_fused": {"mAP": 70.76289551296406, "Rank-1": 74.76076483726501, "Rank-5": 84.68899726867676, "Rank-10": 89.23444747924805}}
{"event": "epoch", "dataset": "RGBNT201", "recipe": "semantic", "epoch": 15, "steps": 53, "mean_loss": 0.48417384500773447, "seconds": 32.822446863981895, "official_fused": {"mAP": 71.34453867804415, "Rank-1": 74.28229451179504, "Rank-5": 84.92823243141174, "Rank-10": 89.59330320358276}}
{"event": "epoch", "dataset": "RGBNT201", "recipe": "semantic", "epoch": 16, "steps": 53, "mean_loss": 0.49277718280846217, "seconds": 32.43859319691546, "official_fused": {"mAP": 71.13731798656718, "Rank-1": 73.20573925971985, "Rank-5": 83.25358629226685, "Rank-10": 88.87559771537781}}
{"event": "epoch", "dataset": "RGBNT201", "recipe": "semantic", "epoch": 17, "steps": 53, "mean_loss": 0.4781461993478379, "seconds": 32.69331913697533, "official_fused": {"mAP": 72.57913609292073, "Rank-1": 73.9234447479248, "Rank-5": 84.68899726867676, "Rank-10": 89.952152967453}}
{"event": "epoch", "dataset": "RGBNT201", "recipe": "semantic", "epoch": 18, "steps": 53, "mean_loss": 0.473485177980279, "seconds": 32.38917364005465, "official_fused": {"mAP": 73.79942722709208, "Rank-1": 76.43540501594543, "Rank-5": 85.8851671218872, "Rank-10": 90.19138813018799}}
{"event": "epoch", "dataset": "RGBNT201", "recipe": "semantic", "epoch": 19, "steps": 53, "mean_loss": 0.49883380363572316, "seconds": 32.231383792939596, "official_fused": {"mAP": 73.12026632615195, "Rank-1": 76.79426074028015, "Rank-5": 85.76555252075195, "Rank-10": 91.14832282066345}}
{"event": "epoch", "dataset": "RGBNT201", "recipe": "semantic", "epoch": 20, "steps": 53, "mean_loss": 0.4802328499982942, "seconds": 32.71861614496447, "official_fused": {"mAP": 73.69971876258245, "Rank-1": 75.83732008934021, "Rank-5": 85.8851671218872, "Rank-10": 90.31100273132324}}
{"event": "epoch", "dataset": "RGBNT201", "recipe": "semantic", "epoch": 21, "steps": 53, "mean_loss": 0.4770831038367073, "seconds": 32.39868566498626, "official_fused": {"mAP": 73.11484919772724, "Rank-1": 76.43540501594543, "Rank-5": 85.76555252075195, "Rank-10": 90.31100273132324}}
{"event": "epoch", "dataset": "RGBNT201", "recipe": "semantic", "epoch": 22, "steps": 53, "mean_loss": 0.473118726937276, "seconds": 32.566110393963754, "official_fused": {"mAP": 71.49559144583318, "Rank-1": 72.60765433311462, "Rank-5": 83.13397169113159, "Rank-10": 87.79904246330261}}
{"event": "epoch", "dataset": "RGBNT201", "recipe": "semantic", "epoch": 23, "steps": 53, "mean_loss": 0.4787216731962168, "seconds": 33.461164748994634, "official_fused": {"mAP": 69.7743643956663, "Rank-1": 72.24880456924438, "Rank-5": 80.86124658584595, "Rank-10": 86.36363744735718}}
{"event": "epoch", "dataset": "RGBNT201", "recipe": "semantic", "epoch": 24, "steps": 53, "mean_loss": 0.4700609827941319, "seconds": 32.200474641053006, "official_fused": {"mAP": 69.99296068057957, "Rank-1": 71.77033424377441, "Rank-5": 81.81818127632141, "Rank-10": 87.32057213783264}}
{"event": "epoch", "dataset": "RGBNT201", "recipe": "semantic", "epoch": 25, "steps": 53, "mean_loss": 0.4676657673322929, "seconds": 32.92147915798705, "official_fused": {"mAP": 71.72639807275726, "Rank-1": 74.04305934906006, "Rank-5": 83.61244201660156, "Rank-10": 89.952152967453}}
{"event": "epoch", "dataset": "RGBNT201", "recipe": "semantic", "epoch": 26, "steps": 53, "mean_loss": 0.46325216372058076, "seconds": 33.329710274003446, "official_fused": {"mAP": 72.25964322929016, "Rank-1": 74.88038539886475, "Rank-5": 83.9712917804718, "Rank-10": 89.83253836631775}}
{"event": "epoch", "dataset": "RGBNT201", "recipe": "semantic", "epoch": 27, "steps": 53, "mean_loss": 0.45936987535008844, "seconds": 33.16880062199198, "official_fused": {"mAP": 72.51536285459458, "Rank-1": 74.40191507339478, "Rank-5": 84.56937670707703, "Rank-10": 90.07176756858826}}
{"event": "epoch", "dataset": "RGBNT201", "recipe": "semantic", "epoch": 28, "steps": 53, "mean_loss": 0.45927912615380195, "seconds": 32.12295903195627, "official_fused": {"mAP": 72.26263404044279, "Rank-1": 74.16267991065979, "Rank-5": 84.21052694320679, "Rank-10": 89.35406804084778}}
{"event": "epoch", "dataset": "RGBNT201", "recipe": "semantic", "epoch": 29, "steps": 53, "mean_loss": 0.45907810442852526, "seconds": 32.21218122099526, "official_fused": {"mAP": 72.59584635243449, "Rank-1": 74.76076483726501, "Rank-5": 83.37320685386658, "Rank-10": 89.1148328781128}}
{"event": "epoch", "dataset": "RGBNT201", "recipe": "semantic", "epoch": 30, "steps": 53, "mean_loss": 0.46132678749426353, "seconds": 33.193125218036585, "official_fused": {"mAP": 72.31494034921725, "Rank-1": 74.40191507339478, "Rank-5": 83.37320685386658, "Rank-10": 88.99521827697754}}
{"event": "epoch", "dataset": "RGBNT201", "recipe": "semantic", "epoch": 31, "steps": 53, "mean_loss": 0.4571556342097948, "seconds": 33.22259920195211, "official_fused": {"mAP": 72.20316722798731, "Rank-1": 74.40191507339478, "Rank-5": 83.37320685386658, "Rank-10": 89.1148328781128}}
{"event": "epoch", "dataset": "RGBNT201", "recipe": "semantic", "epoch": 32, "steps": 53, "mean_loss": 0.45807633422455696, "seconds": 33.15299823798705, "official_fused": {"mAP": 71.17211112121586, "Rank-1": 72.60765433311462, "Rank-5": 83.13397169113159, "Rank-10": 88.75598311424255}}
{"event": "epoch", "dataset": "RGBNT201", "recipe": "semantic", "epoch": 33, "steps": 53, "mean_loss": 0.4573703143956526, "seconds": 32.75540850299876, "official_fused": {"mAP": 71.73836311104246, "Rank-1": 73.68420958518982, "Rank-5": 84.92823243141174, "Rank-10": 89.71291780471802}}
{"event": "epoch", "dataset": "RGBNT201", "recipe": "semantic", "epoch": 34, "steps": 53, "mean_loss": 0.4551139507653578, "seconds": 32.10742383694742, "official_fused": {"mAP": 71.31654418482474, "Rank-1": 73.32535982131958, "Rank-5": 84.09090638160706, "Rank-10": 89.47368264198303}}
{"event": "epoch", "dataset": "RGBNT201", "recipe": "semantic", "epoch": 35, "steps": 53, "mean_loss": 0.45473755024514106, "seconds": 32.18399774900172, "official_fused": {"mAP": 71.35266204605036, "Rank-1": 73.56459498405457, "Rank-5": 84.09090638160706, "Rank-10": 89.23444747924805}}
{"event": "epoch", "dataset": "RGBNT201", "recipe": "semantic", "epoch": 36, "steps": 53, "mean_loss": 0.4528795542582026, "seconds": 33.6994053380331, "official_fused": {"mAP": 71.53731559343515, "Rank-1": 74.04305934906006, "Rank-5": 84.33014154434204, "Rank-10": 89.23444747924805}}
{"event": "epoch", "dataset": "RGBNT201", "recipe": "semantic", "epoch": 37, "steps": 53, "mean_loss": 0.460239884426009, "seconds": 32.70067776495125, "official_fused": {"mAP": 71.80593573464125, "Rank-1": 75.0, "Rank-5": 85.8851671218872, "Rank-10": 89.35406804084778}}
{"event": "epoch", "dataset": "RGBNT201", "recipe": "semantic", "epoch": 38, "steps": 53, "mean_loss": 0.45767209158753447, "seconds": 33.34687223902438, "official_fused": {"mAP": 71.92627034675584, "Rank-1": 75.59808492660522, "Rank-5": 85.40669679641724, "Rank-10": 89.59330320358276}}
{"event": "epoch", "dataset": "RGBNT201", "recipe": "semantic", "epoch": 39, "steps": 53, "mean_loss": 0.4539104385196038, "seconds": 33.084978878032416, "official_fused": {"mAP": 71.70733487903907, "Rank-1": 75.23923516273499, "Rank-5": 84.80861186981201, "Rank-10": 89.59330320358276}}
{"event": "epoch", "dataset": "RGBNT201", "recipe": "semantic", "epoch": 40, "steps": 53, "mean_loss": 0.45308911687922926, "seconds": 33.15442258492112, "official_fused": {"mAP": 71.53873674356515, "Rank-1": 75.11961460113525, "Rank-5": 84.21052694320679, "Rank-10": 89.59330320358276}}
{"event": "epoch", "dataset": "RGBNT201", "recipe": "semantic", "epoch": 41, "steps": 53, "mean_loss": 0.45605697834266806, "seconds": 33.228719481034204, "official_fused": {"mAP": 71.2312211496556, "Rank-1": 74.04305934906006, "Rank-5": 83.85167717933655, "Rank-10": 89.59330320358276}}
{"event": "epoch", "dataset": "RGBNT201", "recipe": "semantic", "epoch": 42, "steps": 53, "mean_loss": 0.45309498287596794, "seconds": 33.768077943939716, "official_fused": {"mAP": 71.49748340967335, "Rank-1": 74.28229451179504, "Rank-5": 84.44976210594177, "Rank-10": 90.31100273132324}}
{"event": "epoch", "dataset": "RGBNT201", "recipe": "semantic", "epoch": 43, "steps": 53, "mean_loss": 0.45424712379023713, "seconds": 32.23187233693898, "official_fused": {"mAP": 71.69392351238544, "Rank-1": 74.40191507339478, "Rank-5": 84.33014154434204, "Rank-10": 89.83253836631775}}
{"event": "epoch", "dataset": "RGBNT201", "recipe": "semantic", "epoch": 44, "steps": 53, "mean_loss": 0.4551044927453095, "seconds": 32.36121569795068, "official_fused": {"mAP": 71.65384302387466, "Rank-1": 73.9234447479248, "Rank-5": 84.33014154434204, "Rank-10": 90.07176756858826}}
{"event": "epoch", "dataset": "RGBNT201", "recipe": "semantic", "epoch": 45, "steps": 53, "mean_loss": 0.45254617423381444, "seconds": 32.9191946790088, "official_fused": {"mAP": 71.5311612607747, "Rank-1": 74.04305934906006, "Rank-5": 83.9712917804718, "Rank-10": 89.952152967453}}
{"event": "epoch", "dataset": "RGBNT201", "recipe": "semantic", "epoch": 46, "steps": 52, "mean_loss": 0.453609854556047, "seconds": 32.62879216996953, "official_fused": {"mAP": 71.4828366584088, "Rank-1": 74.16267991065979, "Rank-5": 84.33014154434204, "Rank-10": 90.07176756858826}}
{"event": "epoch", "dataset": "RGBNT201", "recipe": "semantic", "epoch": 47, "steps": 53, "mean_loss": 0.4517081998429208, "seconds": 31.96492177597247, "official_fused": {"mAP": 71.53504463652993, "Rank-1": 74.28229451179504, "Rank-5": 84.33014154434204, "Rank-10": 90.19138813018799}}
{"event": "epoch", "dataset": "RGBNT201", "recipe": "semantic", "epoch": 48, "steps": 53, "mean_loss": 0.4532188115254888, "seconds": 32.0848465639865, "official_fused": {"mAP": 71.61406650943478, "Rank-1": 73.9234447479248, "Rank-5": 84.33014154434204, "Rank-10": 89.952152967453}}
{"event": "epoch", "dataset": "RGBNT201", "recipe": "semantic", "epoch": 49, "steps": 53, "mean_loss": 0.45265617291882354, "seconds": 33.243482989026234, "official_fused": {"mAP": 71.6773778357968, "Rank-1": 73.68420958518982, "Rank-5": 84.09090638160706, "Rank-10": 90.07176756858826}}
{"event": "epoch", "dataset": "RGBNT201", "recipe": "semantic", "epoch": 50, "steps": 53, "mean_loss": 0.45172243972994247, "seconds": 33.13621412101202, "official_fused": {"mAP": 71.49862807927958, "Rank-1": 73.9234447479248, "Rank-5": 84.33014154434204, "Rank-10": 89.83253836631775}}
