/data/gaob/Re-ID/conda-envs/tri_reid/lib/python3.10/site-packages/timm/models/helpers.py:7: FutureWarning: Importing from timm.models.helpers is deprecated, please import via timm.models
  warnings.warn(f"Importing from {__name__} is deprecated, please import via timm.models", FutureWarning)
/data/gaob/Re-ID/conda-envs/tri_reid/lib/python3.10/site-packages/timm/models/registry.py:4: FutureWarning: Importing from timm.models.registry is deprecated, please import via timm.models
  warnings.warn(f"Importing from {__name__} is deprecated, please import via timm.models", FutureWarning)
/data/gaob/Re-ID/conda-envs/tri_reid/lib/python3.10/site-packages/timm/models/layers/__init__.py:48: FutureWarning: Importing from timm.models.layers is deprecated, please import via timm.layers
  warnings.warn(f"Importing from {__name__} is deprecated, please import via timm.layers", FutureWarning)
建立transformer............
using Transformer_type: ViT-B-16 as a backbone
Resized position embedding: %s to %s torch.Size([197, 768]) torch.Size([129, 768])
Position embedding resize to height:8 width: 16
Successfully load ckpt!
<All keys matched successfully>
Loading pretrained model from CLIP
camera number is : 8
===========Building Signal===========
{"event": "epoch", "dataset": "RGBNT100", "epoch": 1, "steps": 130, "mean_loss": 2.489818164018484, "seconds": 92.58305843699782, "official_fused": {"mAP": 85.41758894916663, "Rank-1": 95.33527493476868, "Rank-5": 95.86005806922913, "Rank-10": 96.38484120368958}, "best_epoch": 1}
{"event": "epoch", "dataset": "RGBNT100", "epoch": 2, "steps": 131, "mean_loss": 0.8679622329828394, "seconds": 103.21330592599406, "official_fused": {"mAP": 84.60207544422154, "Rank-1": 95.86005806922913, "Rank-5": 96.55976891517639, "Rank-10": 97.02624082565308}, "best_epoch": 1}
{"event": "epoch", "dataset": "RGBNT100", "epoch": 3, "steps": 132, "mean_loss": 0.7225798255566395, "seconds": 102.54539723999915, "official_fused": {"mAP": 81.97347385351941, "Rank-1": 94.40233111381531, "Rank-5": 95.62682509422302, "Rank-10": 95.91836929321289}, "best_epoch": 1}
{"event": "epoch", "dataset": "RGBNT100", "epoch": 4, "steps": 131, "mean_loss": 0.7145370809176496, "seconds": 102.6378523089952, "official_fused": {"mAP": 81.3569696634921, "Rank-1": 93.58600378036499, "Rank-5": 94.34402585029602, "Rank-10": 94.63557004928589}, "best_epoch": 1}
{"event": "epoch", "dataset": "RGBNT100", "epoch": 5, "steps": 132, "mean_loss": 0.7106759001811346, "seconds": 100.53099840199866, "official_fused": {"mAP": 81.44875678227564, "Rank-1": 95.04373073577881, "Rank-5": 95.86005806922913, "Rank-10": 95.97667455673218}, "best_epoch": 1}
{"event": "epoch", "dataset": "RGBNT100", "epoch": 6, "steps": 131, "mean_loss": 0.7094398281956447, "seconds": 103.25671719299862, "official_fused": {"mAP": 82.39064398572012, "Rank-1": 94.8104977607727, "Rank-5": 95.68513035774231, "Rank-10": 95.91836929321289}, "best_epoch": 1}
{"event": "epoch", "dataset": "RGBNT100", "epoch": 7, "steps": 132, "mean_loss": 0.7079845242428057, "seconds": 103.13899690199469, "official_fused": {"mAP": 81.76122466969204, "Rank-1": 93.5276985168457, "Rank-5": 94.46064233779907, "Rank-10": 94.86880302429199}, "best_epoch": 1}
{"event": "epoch", "dataset": "RGBNT100", "epoch": 8, "steps": 131, "mean_loss": 0.7077570198146441, "seconds": 105.02447590099473, "official_fused": {"mAP": 82.61806964549267, "Rank-1": 95.21865844726562, "Rank-5": 95.86005806922913, "Rank-10": 96.20991349220276}, "best_epoch": 1}
{"event": "epoch", "dataset": "RGBNT100", "epoch": 9, "steps": 130, "mean_loss": 0.7076483093775235, "seconds": 99.95182421601203, "official_fused": {"mAP": 82.05419219953747, "Rank-1": 94.75218653678894, "Rank-5": 95.33527493476868, "Rank-10": 95.5102026462555}, "best_epoch": 1}
{"event": "epoch", "dataset": "RGBNT100", "epoch": 10, "steps": 132, "mean_loss": 0.7073634131388231, "seconds": 96.52144213000429, "official_fused": {"mAP": 81.22913680010438, "Rank-1": 93.87755393981934, "Rank-5": 94.86880302429199, "Rank-10": 95.16034722328186}, "best_epoch": 1}
{"event": "epoch", "dataset": "RGBNT100", "epoch": 11, "steps": 131, "mean_loss": 0.7072846106900513, "seconds": 93.36256895201223, "official_fused": {"mAP": 81.41775262411302, "Rank-1": 93.70262622833252, "Rank-5": 94.57725882530212, "Rank-10": 94.98542547225952}, "best_epoch": 1}
{"event": "epoch", "dataset": "RGBNT100", "epoch": 12, "steps": 131, "mean_loss": 0.7073111697917677, "seconds": 91.55977859700215, "official_fused": {"mAP": 81.08891332531535, "Rank-1": 92.94460415840149, "Rank-5": 94.05247569084167, "Rank-10": 94.28571462631226}, "best_epoch": 1}
{"event": "epoch", "dataset": "RGBNT100", "epoch": 13, "steps": 131, "mean_loss": 0.7070280518240601, "seconds": 91.0529397430073, "official_fused": {"mAP": 81.75996416393805, "Rank-1": 93.41107606887817, "Rank-5": 94.34402585029602, "Rank-10": 94.86880302429199}, "best_epoch": 1}
{"event": "epoch", "dataset": "RGBNT100", "epoch": 14, "steps": 132, "mean_loss": 0.7071466730399565, "seconds": 91.98650313500548, "official_fused": {"mAP": 81.59011411462109, "Rank-1": 93.5276985168457, "Rank-5": 94.63557004928589, "Rank-10": 94.86880302429199}, "best_epoch": 1}
{"event": "epoch", "dataset": "RGBNT100", "epoch": 15, "steps": 129, "mean_loss": 0.7071173191070557, "seconds": 86.89120881599956, "official_fused": {"mAP": 80.88299632755785, "Rank-1": 93.23615431785583, "Rank-5": 94.22740340232849, "Rank-10": 94.51894760131836}, "best_epoch": 1}
{"event": "epoch", "dataset": "RGBNT100", "epoch": 16, "steps": 131, "mean_loss": 0.7070386255060443, "seconds": 90.61546684100176, "official_fused": {"mAP": 81.3838723005166, "Rank-1": 93.1195318698883, "Rank-5": 93.87755393981934, "Rank-10": 94.22740340232849}, "best_epoch": 1}
{"event": "epoch", "dataset": "RGBNT100", "epoch": 17, "steps": 132, "mean_loss": 0.707641270124551, "seconds": 93.54170655399503, "official_fused": {"mAP": 80.75385667415947, "Rank-1": 93.7609314918518, "Rank-5": 94.51894760131836, "Rank-10": 95.27696967124939}, "best_epoch": 1}
{"event": "epoch", "dataset": "RGBNT100", "epoch": 18, "steps": 132, "mean_loss": 0.7656669801834858, "seconds": 94.18813248700462, "official_fused": {"mAP": 77.60273009479965, "Rank-1": 93.23615431785583, "Rank-5": 93.99417042732239, "Rank-10": 94.98542547225952}, "best_epoch": 1}
{"event": "epoch", "dataset": "RGBNT100", "epoch": 19, "steps": 132, "mean_loss": 0.7229304480733294, "seconds": 94.30686549999518, "official_fused": {"mAP": 79.77683025982095, "Rank-1": 95.39358615875244, "Rank-5": 96.0932970046997, "Rank-10": 96.44314646720886}, "best_epoch": 1}
{"event": "epoch", "dataset": "RGBNT100", "epoch": 20, "steps": 132, "mean_loss": 0.7118298190109658, "seconds": 91.58737941300205, "official_fused": {"mAP": 80.27235124916757, "Rank-1": 95.33527493476868, "Rank-5": 96.61807417869568, "Rank-10": 96.85131311416626}, "best_epoch": 1}
{"event": "epoch", "dataset": "RGBNT100", "epoch": 21, "steps": 131, "mean_loss": 0.7098584366208724, "seconds": 93.40399184499984, "official_fused": {"mAP": 81.02452561846643, "Rank-1": 95.5102026462555, "Rank-5": 96.61807417869568, "Rank-10": 96.90961837768555}, "best_epoch": 1}
{"event": "epoch", "dataset": "RGBNT100", "epoch": 22, "steps": 132, "mean_loss": 0.7086772160096602, "seconds": 92.21219921398733, "official_fused": {"mAP": 81.64596378694, "Rank-1": 95.39358615875244, "Rank-5": 96.20991349220276, "Rank-10": 97.08454608917236}, "best_epoch": 1}
{"event": "epoch", "dataset": "RGBNT100", "epoch": 23, "steps": 131, "mean_loss": 0.7082065807954045, "seconds": 91.34711646399228, "official_fused": {"mAP": 82.09643446258445, "Rank-1": 95.16034722328186, "Rank-5": 96.151602268219, "Rank-10": 96.85131311416626}, "best_epoch": 1}
{"event": "epoch", "dataset": "RGBNT100", "epoch": 24, "steps": 130, "mean_loss": 0.707719618999041, "seconds": 87.96297833400604, "official_fused": {"mAP": 82.37754620688096, "Rank-1": 95.27696967124939, "Rank-5": 96.32652997970581, "Rank-10": 96.96792960166931}, "best_epoch": 1}
{"event": "epoch", "dataset": "RGBNT100", "epoch": 25, "steps": 132, "mean_loss": 0.7076085178237973, "seconds": 86.57571436399303, "official_fused": {"mAP": 82.45471518455807, "Rank-1": 95.33527493476868, "Rank-5": 96.151602268219, "Rank-10": 96.85131311416626}, "best_epoch": 1}
{"event": "epoch", "dataset": "RGBNT100", "epoch": 26, "steps": 131, "mean_loss": 0.707380828511624, "seconds": 84.71879786800127, "official_fused": {"mAP": 82.5462356611479, "Rank-1": 95.5102026462555, "Rank-5": 96.26821875572205, "Rank-10": 96.7930018901825}, "best_epoch": 1}
{"event": "epoch", "dataset": "RGBNT100", "epoch": 27, "steps": 131, "mean_loss": 0.7072609899608233, "seconds": 85.77917973200965, "official_fused": {"mAP": 82.71035467041779, "Rank-1": 95.39358615875244, "Rank-5": 95.97667455673218, "Rank-10": 96.55976891517639}, "best_epoch": 1}
{"event": "epoch", "dataset": "RGBNT100", "epoch": 28, "steps": 130, "mean_loss": 0.7072638717981485, "seconds": 83.37747996299004, "official_fused": {"mAP": 82.67063396268088, "Rank-1": 95.39358615875244, "Rank-5": 96.151602268219, "Rank-10": 96.73469662666321}, "best_epoch": 1}
{"event": "epoch", "dataset": "RGBNT100", "epoch": 29, "steps": 131, "mean_loss": 0.7071087501431239, "seconds": 83.75112111399358, "official_fused": {"mAP": 82.65555247307137, "Rank-1": 95.16034722328186, "Rank-5": 95.97667455673218, "Rank-10": 96.67638540267944}, "best_epoch": 1}
{"event": "epoch", "dataset": "RGBNT100", "epoch": 30, "steps": 132, "mean_loss": 0.7070530594298334, "seconds": 86.4924502359936, "official_fused": {"mAP": 82.74217494689574, "Rank-1": 95.16034722328186, "Rank-5": 95.56851387023926, "Rank-10": 96.32652997970581}, "best_epoch": 1}
{"event": "epoch", "dataset": "RGBNT100", "epoch": 31, "steps": 131, "mean_loss": 0.7069262320758732, "seconds": 85.50607372898958, "official_fused": {"mAP": 82.70381892369997, "Rank-1": 95.39358615875244, "Rank-5": 95.86005806922913, "Rank-10": 96.61807417869568}, "best_epoch": 1}
{"event": "epoch", "dataset": "RGBNT100", "epoch": 32, "steps": 131, "mean_loss": 0.7068483119702521, "seconds": 85.0983216780005, "official_fused": {"mAP": 82.84114595182267, "Rank-1": 95.5102026462555, "Rank-5": 95.80174684524536, "Rank-10": 96.44314646720886}, "best_epoch": 1}
{"event": "epoch", "dataset": "RGBNT100", "epoch": 33, "steps": 131, "mean_loss": 0.7067958116531372, "seconds": 84.74850224699185, "official_fused": {"mAP": 82.92295391024082, "Rank-1": 95.39358615875244, "Rank-5": 95.80174684524536, "Rank-10": 96.32652997970581}, "best_epoch": 1}
{"event": "epoch", "dataset": "RGBNT100", "epoch": 34, "steps": 132, "mean_loss": 0.7067194359772133, "seconds": 86.16411517900997, "official_fused": {"mAP": 83.02788079024882, "Rank-1": 95.5102026462555, "Rank-5": 95.86005806922913, "Rank-10": 96.38484120368958}, "best_epoch": 1}
{"event": "epoch", "dataset": "RGBNT100", "epoch": 35, "steps": 132, "mean_loss": 0.70670432258736, "seconds": 87.99024872499285, "official_fused": {"mAP": 82.89543690564562, "Rank-1": 95.16034722328186, "Rank-5": 95.80174684524536, "Rank-10": 96.32652997970581}, "best_epoch": 1}
{"event": "epoch", "dataset": "RGBNT100", "epoch": 36, "steps": 130, "mean_loss": 0.7066731370412387, "seconds": 84.41998401300225, "official_fused": {"mAP": 83.04189590150266, "Rank-1": 95.16034722328186, "Rank-5": 95.56851387023926, "Rank-10": 96.151602268219}, "best_epoch": 1}
{"event": "epoch", "dataset": "RGBNT100", "epoch": 37, "steps": 131, "mean_loss": 0.7066096558825661, "seconds": 85.45771089900518, "official_fused": {"mAP": 83.01462889220508, "Rank-1": 95.21865844726562, "Rank-5": 95.68513035774231, "Rank-10": 95.86005806922913}, "best_epoch": 1}
{"event": "epoch", "dataset": "RGBNT100", "epoch": 38, "steps": 132, "mean_loss": 0.706570481712168, "seconds": 85.59619904799911, "official_fused": {"mAP": 82.91320384148143, "Rank-1": 95.33527493476868, "Rank-5": 95.74344158172607, "Rank-10": 96.03498578071594}, "best_epoch": 1}
{"event": "epoch", "dataset": "RGBNT100", "epoch": 39, "steps": 130, "mean_loss": 0.7065354218849769, "seconds": 84.66764816999785, "official_fused": {"mAP": 83.02457029689364, "Rank-1": 95.27696967124939, "Rank-5": 95.62682509422302, "Rank-10": 95.86005806922913}, "best_epoch": 1}
{"event": "epoch", "dataset": "RGBNT100", "epoch": 40, "steps": 131, "mean_loss": 0.7064974558262425, "seconds": 85.71501467100461, "official_fused": {"mAP": 82.87576943068775, "Rank-1": 94.92711424827576, "Rank-5": 95.16034722328186, "Rank-10": 95.62682509422302}, "best_epoch": 1}
{"event": "epoch", "dataset": "RGBNT100", "epoch": 41, "steps": 131, "mean_loss": 0.7064760500238142, "seconds": 85.79812229200616, "official_fused": {"mAP": 82.8971766490654, "Rank-1": 95.16034722328186, "Rank-5": 95.27696967124939, "Rank-10": 95.56851387023926}, "best_epoch": 1}
{"event": "epoch", "dataset": "RGBNT100", "epoch": 42, "steps": 132, "mean_loss": 0.7064383115732309, "seconds": 86.23614945399459, "official_fused": {"mAP": 82.97445059406581, "Rank-1": 95.10204195976257, "Rank-5": 95.27696967124939, "Rank-10": 95.68513035774231}, "best_epoch": 1}
{"event": "epoch", "dataset": "RGBNT100", "epoch": 43, "steps": 131, "mean_loss": 0.7064356084998328, "seconds": 86.53328241899726, "official_fused": {"mAP": 82.9940946907093, "Rank-1": 95.04373073577881, "Rank-5": 95.21865844726562, "Rank-10": 95.62682509422302}, "best_epoch": 1}
{"event": "epoch", "dataset": "RGBNT100", "epoch": 44, "steps": 131, "mean_loss": 0.7064269894861993, "seconds": 87.64700204301334, "official_fused": {"mAP": 82.94304019918307, "Rank-1": 94.98542547225952, "Rank-5": 95.21865844726562, "Rank-10": 95.62682509422302}, "best_epoch": 1}
{"event": "epoch", "dataset": "RGBNT100", "epoch": 45, "steps": 132, "mean_loss": 0.7064382894472643, "seconds": 87.15762222399644, "official_fused": {"mAP": 83.00811946418466, "Rank-1": 95.10204195976257, "Rank-5": 95.16034722328186, "Rank-10": 95.74344158172607}, "best_epoch": 1}
{"event": "epoch", "dataset": "RGBNT100", "epoch": 46, "steps": 132, "mean_loss": 0.7063915819832773, "seconds": 86.74492106899561, "official_fused": {"mAP": 83.01614158806055, "Rank-1": 95.04373073577881, "Rank-5": 95.21865844726562, "Rank-10": 95.68513035774231}, "best_epoch": 1}
{"event": "epoch", "dataset": "RGBNT100", "epoch": 47, "steps": 131, "mean_loss": 0.7064136203008754, "seconds": 86.52188587001001, "official_fused": {"mAP": 83.03166146410696, "Rank-1": 95.10204195976257, "Rank-5": 95.27696967124939, "Rank-10": 95.74344158172607}, "best_epoch": 1}
{"event": "epoch", "dataset": "RGBNT100", "epoch": 48, "steps": 130, "mean_loss": 0.706400832763085, "seconds": 84.72469403898867, "official_fused": {"mAP": 83.01692728073422, "Rank-1": 95.10204195976257, "Rank-5": 95.27696967124939, "Rank-10": 95.74344158172607}, "best_epoch": 1}
{"event": "epoch", "dataset": "RGBNT100", "epoch": 49, "steps": 132, "mean_loss": 0.7063968438993801, "seconds": 86.25257870698988, "official_fused": {"mAP": 83.01898347713804, "Rank-1": 95.10204195976257, "Rank-5": 95.27696967124939, "Rank-10": 95.74344158172607}, "best_epoch": 1}
{"event": "epoch", "dataset": "RGBNT100", "epoch": 50, "steps": 130, "mean_loss": 0.7063997938082769, "seconds": 85.55315179999161, "official_fused": {"mAP": 83.01610719025395, "Rank-1": 95.10204195976257, "Rank-5": 95.27696967124939, "Rank-10": 95.74344158172607}, "best_epoch": 1}
