/data/gaob/Re-ID/conda-envs/tri_reid/lib/python3.10/site-packages/timm/models/helpers.py:7: FutureWarning: Importing from timm.models.helpers is deprecated, please import via timm.models
  warnings.warn(f"Importing from {__name__} is deprecated, please import via timm.models", FutureWarning)
/data/gaob/Re-ID/conda-envs/tri_reid/lib/python3.10/site-packages/timm/models/registry.py:4: FutureWarning: Importing from timm.models.registry is deprecated, please import via timm.models
  warnings.warn(f"Importing from {__name__} is deprecated, please import via timm.models", FutureWarning)
/data/gaob/Re-ID/conda-envs/tri_reid/lib/python3.10/site-packages/timm/models/layers/__init__.py:48: FutureWarning: Importing from timm.models.layers is deprecated, please import via timm.layers
  warnings.warn(f"Importing from {__name__} is deprecated, please import via timm.layers", FutureWarning)
建立transformer............
using Transformer_type: ViT-B-16 as a backbone
Resized position embedding: %s to %s torch.Size([197, 768]) torch.Size([129, 768])
Position embedding resize to height:16 width: 8
Successfully load ckpt!
<All keys matched successfully>
Loading pretrained model from CLIP
camera number is : 4
===========Building Signal===========
{"event": "epoch", "dataset": "RGBNT201", "epoch": 1, "steps": 53, "mean_loss": 5.002578024594289, "seconds": 23.306587706996652, "official_fused": {"mAP": 72.02921122227083, "Rank-1": 73.32535982131958, "Rank-5": 82.8947365283966, "Rank-10": 87.91866302490234}, "best_epoch": 1}
{"event": "epoch", "dataset": "RGBNT201", "epoch": 2, "steps": 53, "mean_loss": 4.165360131353702, "seconds": 21.68311711599381, "official_fused": {"mAP": 72.51144380717218, "Rank-1": 73.80383014678955, "Rank-5": 82.65550136566162, "Rank-10": 87.91866302490234}, "best_epoch": 2}
{"event": "epoch", "dataset": "RGBNT201", "epoch": 3, "steps": 53, "mean_loss": 2.8206676357197313, "seconds": 22.540532836996135, "official_fused": {"mAP": 70.94703020044557, "Rank-1": 71.65071964263916, "Rank-5": 80.38277626037598, "Rank-10": 85.8851671218872}, "best_epoch": 2}
{"event": "epoch", "dataset": "RGBNT201", "epoch": 4, "steps": 53, "mean_loss": 1.6238820755256798, "seconds": 22.49235537200002, "official_fused": {"mAP": 71.03035950320482, "Rank-1": 71.41148447990417, "Rank-5": 80.02392053604126, "Rank-10": 85.52631735801697}, "best_epoch": 2}
{"event": "epoch", "dataset": "RGBNT201", "epoch": 5, "steps": 53, "mean_loss": 1.0886100946732287, "seconds": 22.311613712998223, "official_fused": {"mAP": 69.41373797875326, "Rank-1": 69.73684430122375, "Rank-5": 79.18660044670105, "Rank-10": 84.21052694320679}, "best_epoch": 2}
{"event": "epoch", "dataset": "RGBNT201", "epoch": 6, "steps": 53, "mean_loss": 0.9483166989290489, "seconds": 23.10318897900288, "official_fused": {"mAP": 69.32157764114494, "Rank-1": 68.77990365028381, "Rank-5": 78.70813608169556, "Rank-10": 83.73205661773682}, "best_epoch": 2}
{"event": "epoch", "dataset": "RGBNT201", "epoch": 7, "steps": 53, "mean_loss": 0.9182304604998175, "seconds": 22.63998603499931, "official_fused": {"mAP": 67.60181476670311, "Rank-1": 66.38755798339844, "Rank-5": 75.83732008934021, "Rank-10": 81.93780183792114}, "best_epoch": 2}
{"event": "epoch", "dataset": "RGBNT201", "epoch": 8, "steps": 53, "mean_loss": 0.9086470007896423, "seconds": 22.248400656004378, "official_fused": {"mAP": 69.18350482835054, "Rank-1": 68.30143332481384, "Rank-5": 76.9138753414154, "Rank-10": 84.21052694320679}, "best_epoch": 2}
{"event": "epoch", "dataset": "RGBNT201", "epoch": 9, "steps": 53, "mean_loss": 0.9019063587458629, "seconds": 22.134159028995782, "official_fused": {"mAP": 70.00224753635564, "Rank-1": 70.095694065094, "Rank-5": 78.82775068283081, "Rank-10": 83.37320685386658}, "best_epoch": 2}
{"event": "epoch", "dataset": "RGBNT201", "epoch": 10, "steps": 53, "mean_loss": 0.8998101184952934, "seconds": 22.640406357000757, "official_fused": {"mAP": 69.18021256514835, "Rank-1": 69.61722373962402, "Rank-5": 77.75119543075562, "Rank-10": 83.01435112953186}, "best_epoch": 2}
{"event": "epoch", "dataset": "RGBNT201", "epoch": 11, "steps": 53, "mean_loss": 0.8941008324893016, "seconds": 22.379838851004024, "official_fused": {"mAP": 69.87869979955747, "Rank-1": 69.73684430122375, "Rank-5": 78.94737124443054, "Rank-10": 83.25358629226685}, "best_epoch": 2}
{"event": "epoch", "dataset": "RGBNT201", "epoch": 12, "steps": 53, "mean_loss": 0.8923181745241273, "seconds": 22.321249098000408, "official_fused": {"mAP": 69.60946720180644, "Rank-1": 69.37798857688904, "Rank-5": 77.63158082962036, "Rank-10": 82.8947365283966}, "best_epoch": 2}
{"event": "epoch", "dataset": "RGBNT201", "epoch": 13, "steps": 53, "mean_loss": 0.8902037267415028, "seconds": 22.42718410100497, "official_fused": {"mAP": 69.19165233194941, "Rank-1": 69.97607946395874, "Rank-5": 77.9904305934906, "Rank-10": 82.77512192726135}, "best_epoch": 2}
{"event": "epoch", "dataset": "RGBNT201", "epoch": 14, "steps": 53, "mean_loss": 0.8864123079012025, "seconds": 22.177404107998882, "official_fused": {"mAP": 68.21875697468786, "Rank-1": 66.38755798339844, "Rank-5": 74.76076483726501, "Rank-10": 81.33971095085144}, "best_epoch": 2}
{"event": "epoch", "dataset": "RGBNT201", "epoch": 15, "steps": 53, "mean_loss": 0.8828230027882558, "seconds": 22.249802803999046, "official_fused": {"mAP": 69.17284841867372, "Rank-1": 69.37798857688904, "Rank-5": 78.82775068283081, "Rank-10": 84.92823243141174}, "best_epoch": 2}
{"event": "epoch", "dataset": "RGBNT201", "epoch": 16, "steps": 53, "mean_loss": 0.882967766725792, "seconds": 22.410550487002183, "official_fused": {"mAP": 68.61104440621001, "Rank-1": 68.18181872367859, "Rank-5": 76.67464017868042, "Rank-10": 81.57894611358643}, "best_epoch": 2}
{"event": "epoch", "dataset": "RGBNT201", "epoch": 17, "steps": 53, "mean_loss": 0.8780120093867464, "seconds": 22.578793341002893, "official_fused": {"mAP": 67.43937724697317, "Rank-1": 66.74641370773315, "Rank-5": 74.40191507339478, "Rank-10": 81.33971095085144}, "best_epoch": 2}
{"event": "epoch", "dataset": "RGBNT201", "epoch": 18, "steps": 53, "mean_loss": 0.8756888160165751, "seconds": 22.314002753999375, "official_fused": {"mAP": 69.67984889787586, "Rank-1": 70.21530866622925, "Rank-5": 77.63158082962036, "Rank-10": 83.61244201660156}, "best_epoch": 2}
{"event": "epoch", "dataset": "RGBNT201", "epoch": 19, "steps": 53, "mean_loss": 0.875033399968777, "seconds": 22.406582544004777, "official_fused": {"mAP": 69.19943464519503, "Rank-1": 69.97607946395874, "Rank-5": 76.9138753414154, "Rank-10": 82.77512192726135}, "best_epoch": 2}
{"event": "epoch", "dataset": "RGBNT201", "epoch": 20, "steps": 53, "mean_loss": 0.8741227692028262, "seconds": 22.854624783001782, "official_fused": {"mAP": 70.10996755604522, "Rank-1": 70.81339955329895, "Rank-5": 78.94737124443054, "Rank-10": 84.68899726867676}, "best_epoch": 2}
{"event": "epoch", "dataset": "RGBNT201", "epoch": 21, "steps": 53, "mean_loss": 0.8712422015532008, "seconds": 22.499861976997636, "official_fused": {"mAP": 70.49155056656006, "Rank-1": 71.65071964263916, "Rank-5": 81.10047578811646, "Rank-10": 84.56937670707703}, "best_epoch": 2}
{"event": "epoch", "dataset": "RGBNT201", "epoch": 22, "steps": 53, "mean_loss": 0.8692351692127731, "seconds": 22.783681610999338, "official_fused": {"mAP": 70.10024351497525, "Rank-1": 69.73684430122375, "Rank-5": 77.51196026802063, "Rank-10": 83.25358629226685}, "best_epoch": 2}
{"event": "epoch", "dataset": "RGBNT201", "epoch": 23, "steps": 53, "mean_loss": 0.8675890823580185, "seconds": 22.318947916995967, "official_fused": {"mAP": 69.5239224016102, "Rank-1": 70.21530866622925, "Rank-5": 78.34928035736084, "Rank-10": 83.01435112953186}, "best_epoch": 2}
{"event": "epoch", "dataset": "RGBNT201", "epoch": 24, "steps": 53, "mean_loss": 0.8670112940500367, "seconds": 22.555079978999856, "official_fused": {"mAP": 70.57457021136582, "Rank-1": 71.17224931716919, "Rank-5": 79.42583560943604, "Rank-10": 83.85167717933655}, "best_epoch": 2}
{"event": "epoch", "dataset": "RGBNT201", "epoch": 25, "steps": 53, "mean_loss": 0.8664297214094198, "seconds": 22.49731700999837, "official_fused": {"mAP": 70.06969024651774, "Rank-1": 70.69377899169922, "Rank-5": 78.46890091896057, "Rank-10": 83.01435112953186}, "best_epoch": 2}
{"event": "epoch", "dataset": "RGBNT201", "epoch": 26, "steps": 53, "mean_loss": 0.8646397748083439, "seconds": 22.112982983999245, "official_fused": {"mAP": 71.04808415620887, "Rank-1": 71.41148447990417, "Rank-5": 78.82775068283081, "Rank-10": 84.80861186981201}, "best_epoch": 2}
{"event": "epoch", "dataset": "RGBNT201", "epoch": 27, "steps": 53, "mean_loss": 0.8627353231861906, "seconds": 22.43617847999849, "official_fused": {"mAP": 68.5966737882954, "Rank-1": 68.54066848754883, "Rank-5": 77.9904305934906, "Rank-10": 83.13397169113159}, "best_epoch": 2}
{"event": "epoch", "dataset": "RGBNT201", "epoch": 28, "steps": 53, "mean_loss": 0.8619479447040918, "seconds": 22.444725307002955, "official_fused": {"mAP": 69.41626770278945, "Rank-1": 70.45454382896423, "Rank-5": 78.46890091896057, "Rank-10": 82.29665160179138}, "best_epoch": 2}
{"event": "epoch", "dataset": "RGBNT201", "epoch": 29, "steps": 53, "mean_loss": 0.8624397617466045, "seconds": 22.32562857100129, "official_fused": {"mAP": 69.87915687300462, "Rank-1": 71.53109908103943, "Rank-5": 79.30622100830078, "Rank-10": 84.21052694320679}, "best_epoch": 2}
{"event": "epoch", "dataset": "RGBNT201", "epoch": 30, "steps": 53, "mean_loss": 0.8602076341521065, "seconds": 22.00092604200472, "official_fused": {"mAP": 70.49095789238511, "Rank-1": 71.41148447990417, "Rank-5": 79.78469133377075, "Rank-10": 84.21052694320679}, "best_epoch": 2}
{"event": "epoch", "dataset": "RGBNT201", "epoch": 31, "steps": 53, "mean_loss": 0.8600267914106261, "seconds": 22.233603856002446, "official_fused": {"mAP": 70.29058447511208, "Rank-1": 70.69377899169922, "Rank-5": 78.82775068283081, "Rank-10": 84.09090638160706}, "best_epoch": 2}
{"event": "epoch", "dataset": "RGBNT201", "epoch": 32, "steps": 53, "mean_loss": 0.8589910201306613, "seconds": 22.509265950000554, "official_fused": {"mAP": 70.94336881227856, "Rank-1": 71.53109908103943, "Rank-5": 80.02392053604126, "Rank-10": 84.33014154434204}, "best_epoch": 2}
{"event": "epoch", "dataset": "RGBNT201", "epoch": 33, "steps": 53, "mean_loss": 0.8580176504153125, "seconds": 22.5288799580012, "official_fused": {"mAP": 70.75324101111664, "Rank-1": 72.48803973197937, "Rank-5": 79.904305934906, "Rank-10": 84.33014154434204}, "best_epoch": 2}
{"event": "epoch", "dataset": "RGBNT201", "epoch": 34, "steps": 53, "mean_loss": 0.8561533801960495, "seconds": 22.272305738995783, "official_fused": {"mAP": 70.40745337300949, "Rank-1": 71.65071964263916, "Rank-5": 80.14354109764099, "Rank-10": 83.37320685386658}, "best_epoch": 2}
{"event": "epoch", "dataset": "RGBNT201", "epoch": 35, "steps": 53, "mean_loss": 0.855841670396193, "seconds": 22.263733105995925, "official_fused": {"mAP": 70.52838356002852, "Rank-1": 72.12918400764465, "Rank-5": 80.62201142311096, "Rank-10": 84.44976210594177}, "best_epoch": 2}
{"event": "epoch", "dataset": "RGBNT201", "epoch": 36, "steps": 53, "mean_loss": 0.8551662822939315, "seconds": 22.577226043998962, "official_fused": {"mAP": 69.6551316604546, "Rank-1": 71.29186391830444, "Rank-5": 79.54545617103577, "Rank-10": 83.85167717933655}, "best_epoch": 2}
{"event": "epoch", "dataset": "RGBNT201", "epoch": 37, "steps": 53, "mean_loss": 0.8549062620918706, "seconds": 22.28227392199915, "official_fused": {"mAP": 69.5539831866253, "Rank-1": 69.97607946395874, "Rank-5": 79.904305934906, "Rank-10": 84.33014154434204}, "best_epoch": 2}
{"event": "epoch", "dataset": "RGBNT201", "epoch": 38, "steps": 53, "mean_loss": 0.8541140140227552, "seconds": 22.272285519000434, "official_fused": {"mAP": 68.96481228621086, "Rank-1": 69.73684430122375, "Rank-5": 78.22966575622559, "Rank-10": 83.01435112953186}, "best_epoch": 2}
{"event": "epoch", "dataset": "RGBNT201", "epoch": 39, "steps": 53, "mean_loss": 0.8532904813874442, "seconds": 22.195308987997123, "official_fused": {"mAP": 69.79187638945797, "Rank-1": 71.29186391830444, "Rank-5": 79.78469133377075, "Rank-10": 83.73205661773682}, "best_epoch": 2}
{"event": "epoch", "dataset": "RGBNT201", "epoch": 40, "steps": 53, "mean_loss": 0.8528356507139386, "seconds": 22.668667709993315, "official_fused": {"mAP": 70.00953870234478, "Rank-1": 71.17224931716919, "Rank-5": 79.66507077217102, "Rank-10": 84.44976210594177}, "best_epoch": 2}
{"event": "epoch", "dataset": "RGBNT201", "epoch": 41, "steps": 53, "mean_loss": 0.8533366738625292, "seconds": 22.636439171998063, "official_fused": {"mAP": 70.3013428519609, "Rank-1": 71.05262875556946, "Rank-5": 79.66507077217102, "Rank-10": 84.56937670707703}, "best_epoch": 2}
{"event": "epoch", "dataset": "RGBNT201", "epoch": 42, "steps": 53, "mean_loss": 0.8523476506179234, "seconds": 22.039635903995077, "official_fused": {"mAP": 69.96554358782693, "Rank-1": 70.81339955329895, "Rank-5": 80.14354109764099, "Rank-10": 84.09090638160706}, "best_epoch": 2}
{"event": "epoch", "dataset": "RGBNT201", "epoch": 43, "steps": 53, "mean_loss": 0.8518553792305712, "seconds": 22.344026052996924, "official_fused": {"mAP": 69.86471097228993, "Rank-1": 71.05262875556946, "Rank-5": 79.18660044670105, "Rank-10": 84.21052694320679}, "best_epoch": 2}
{"event": "epoch", "dataset": "RGBNT201", "epoch": 44, "steps": 53, "mean_loss": 0.8523154528635852, "seconds": 22.26553618300386, "official_fused": {"mAP": 69.87837861841693, "Rank-1": 70.57416439056396, "Rank-5": 79.42583560943604, "Rank-10": 83.9712917804718}, "best_epoch": 2}
{"event": "epoch", "dataset": "RGBNT201", "epoch": 45, "steps": 53, "mean_loss": 0.8527680871621618, "seconds": 22.192156668999814, "official_fused": {"mAP": 69.5631365181538, "Rank-1": 69.85645890235901, "Rank-5": 78.82775068283081, "Rank-10": 83.49282145500183}, "best_epoch": 2}
{"event": "epoch", "dataset": "RGBNT201", "epoch": 46, "steps": 52, "mean_loss": 0.8518317593978002, "seconds": 21.687206126000092, "official_fused": {"mAP": 69.6018668504002, "Rank-1": 70.33492922782898, "Rank-5": 79.18660044670105, "Rank-10": 83.37320685386658}, "best_epoch": 2}
{"event": "epoch", "dataset": "RGBNT201", "epoch": 47, "steps": 53, "mean_loss": 0.8517298799640728, "seconds": 22.09380425800191, "official_fused": {"mAP": 69.70721424709699, "Rank-1": 70.33492922782898, "Rank-5": 79.42583560943604, "Rank-10": 83.61244201660156}, "best_epoch": 2}
{"event": "epoch", "dataset": "RGBNT201", "epoch": 48, "steps": 53, "mean_loss": 0.851797675186733, "seconds": 22.054225795000093, "official_fused": {"mAP": 69.68051581335195, "Rank-1": 70.21530866622925, "Rank-5": 79.0669858455658, "Rank-10": 83.61244201660156}, "best_epoch": 2}
{"event": "epoch", "dataset": "RGBNT201", "epoch": 49, "steps": 53, "mean_loss": 0.8514376541353622, "seconds": 22.358989902000758, "official_fused": {"mAP": 69.6193777925387, "Rank-1": 70.095694065094, "Rank-5": 78.94737124443054, "Rank-10": 83.61244201660156}, "best_epoch": 2}
{"event": "epoch", "dataset": "RGBNT201", "epoch": 50, "steps": 53, "mean_loss": 0.8520508127392463, "seconds": 22.461293777996616, "official_fused": {"mAP": 69.60357627854806, "Rank-1": 70.095694065094, "Rank-5": 78.82775068283081, "Rank-10": 83.61244201660156}, "best_epoch": 2}
