/root/miniconda3/envs/tri_reid/lib/python3.10/site-packages/timm/models/helpers.py:7: FutureWarning: Importing from timm.models.helpers is deprecated, please import via timm.models
  warnings.warn(f"Importing from {__name__} is deprecated, please import via timm.models", FutureWarning)
/root/miniconda3/envs/tri_reid/lib/python3.10/site-packages/timm/models/registry.py:4: FutureWarning: Importing from timm.models.registry is deprecated, please import via timm.models
  warnings.warn(f"Importing from {__name__} is deprecated, please import via timm.models", FutureWarning)
/root/miniconda3/envs/tri_reid/lib/python3.10/site-packages/timm/models/layers/__init__.py:48: FutureWarning: Importing from timm.models.layers is deprecated, please import via timm.layers
  warnings.warn(f"Importing from {__name__} is deprecated, please import via timm.layers", FutureWarning)
建立transformer............
using Transformer_type: ViT-B-16 as a backbone
Resized position embedding: %s to %s torch.Size([197, 768]) torch.Size([129, 768])
Position embedding resize to height:8 width: 16
Successfully load ckpt!
<All keys matched successfully>
Loading pretrained model from CLIP
camera number is : 8
===========Building Signal===========
using soft triplet loss for training
label smooth on, numclasses: 33
/root/miniconda3/envs/tri_reid/lib/python3.10/site-packages/torch/autograd/graph.py:825: UserWarning: Error detected in AbsBackward0. Traceback of forward call that caused the error:
  File "/root/autodl-tmp/trifusion-v2/TriFusion-ReID/tools/probe_rgbnt100_signal_amp_batch.py", line 140, in <module>
    run(parser.parse_args())
  File "/root/autodl-tmp/trifusion-v2/TriFusion-ReID/tools/probe_rgbnt100_signal_amp_batch.py", line 73, in run
    output = model(images, label=labels, cam_label=cameras, view_label=scenes,
  File "/root/miniconda3/envs/tri_reid/lib/python3.10/site-packages/torch/nn/modules/module.py", line 1736, in _wrapped_call_impl
    return self._call_impl(*args, **kwargs)
  File "/root/miniconda3/envs/tri_reid/lib/python3.10/site-packages/torch/nn/modules/module.py", line 1747, in _call_impl
    return forward_call(*args, **kwargs)
  File "/root/autodl-tmp/trifusion-v2/comparators/Signal-cd1b0a6/modeling/make_model.py", line 133, in forward
    loss_area,patch_loss = self.AlignM(rgb_patch,ni_patch,ti_patch,stage="together_CLS_Patch")
  File "/root/miniconda3/envs/tri_reid/lib/python3.10/site-packages/torch/nn/modules/module.py", line 1736, in _wrapped_call_impl
    return self._call_impl(*args, **kwargs)
  File "/root/miniconda3/envs/tri_reid/lib/python3.10/site-packages/torch/nn/modules/module.py", line 1747, in _call_impl
    return forward_call(*args, **kwargs)
  File "/root/autodl-tmp/trifusion-v2/comparators/Signal-cd1b0a6/modeling/AddModule/useB.py", line 116, in forward
    loss_area  = self.Cls_Align(RGB_patch,NI_patch,TI_patch)
  File "/root/autodl-tmp/trifusion-v2/comparators/Signal-cd1b0a6/modeling/AddModule/useB.py", line 75, in Cls_Align
    VT = volume_computation3(feat_ro,feat_no,feat_to).T
  File "/root/autodl-tmp/trifusion-v2/comparators/Signal-cd1b0a6/utils/volume.py", line 60, in volume_computation3
    res = torch.sqrt(torch.abs(gram_det))
 (Triggered internally at ../torch/csrc/autograd/python_anomaly_mode.cpp:110.)
  return Variable._execution_engine.run_backward(  # Calls into the C++ engine to run the backward pass
Traceback (most recent call last):
  File "/root/autodl-tmp/trifusion-v2/TriFusion-ReID/tools/probe_rgbnt100_signal_amp_batch.py", line 140, in <module>
    run(parser.parse_args())
  File "/root/autodl-tmp/trifusion-v2/TriFusion-ReID/tools/probe_rgbnt100_signal_amp_batch.py", line 110, in run
    (loss * 256.0).backward()
  File "/root/miniconda3/envs/tri_reid/lib/python3.10/site-packages/torch/_tensor.py", line 581, in backward
    torch.autograd.backward(
  File "/root/miniconda3/envs/tri_reid/lib/python3.10/site-packages/torch/autograd/__init__.py", line 347, in backward
    _engine_run_backward(
  File "/root/miniconda3/envs/tri_reid/lib/python3.10/site-packages/torch/autograd/graph.py", line 825, in _engine_run_backward
    return Variable._execution_engine.run_backward(  # Calls into the C++ engine to run the backward pass
RuntimeError: Function 'AbsBackward0' returned nan values in its 0th output.
