/data/gaob/Re-ID/conda-envs/tri_reid/lib/python3.10/site-packages/timm/models/helpers.py:7: FutureWarning: Importing from timm.models.helpers is deprecated, please import via timm.models
  warnings.warn(f"Importing from {__name__} is deprecated, please import via timm.models", FutureWarning)
/data/gaob/Re-ID/conda-envs/tri_reid/lib/python3.10/site-packages/timm/models/registry.py:4: FutureWarning: Importing from timm.models.registry is deprecated, please import via timm.models
  warnings.warn(f"Importing from {__name__} is deprecated, please import via timm.models", FutureWarning)
/data/gaob/Re-ID/conda-envs/tri_reid/lib/python3.10/site-packages/timm/models/layers/__init__.py:48: FutureWarning: Importing from timm.models.layers is deprecated, please import via timm.layers
  warnings.warn(f"Importing from {__name__} is deprecated, please import via timm.layers", FutureWarning)
建立transformer............
using Transformer_type: ViT-B-16 as a backbone
Resized position embedding: %s to %s torch.Size([197, 768]) torch.Size([129, 768])
Position embedding resize to height:8 width: 16
Successfully load ckpt!
<All keys matched successfully>
Loading pretrained model from CLIP
camera number is : 8
===========Building Signal===========
{"event": "epoch", "dataset": "MSVR310", "epoch": 1, "steps": 20, "mean_loss": 5.204626607894897, "seconds": 11.572073063987773, "official_fused": {"mAP": 50.95413753210074, "Rank-1": 68.86633038520813, "Rank-5": 81.04906678199768, "Rank-10": 85.78680157661438}, "best_epoch": 1}
{"event": "epoch", "dataset": "MSVR310", "epoch": 2, "steps": 20, "mean_loss": 4.90976870059967, "seconds": 9.1271234289743, "official_fused": {"mAP": 49.724245528997145, "Rank-1": 67.3434853553772, "Rank-5": 81.21827244758606, "Rank-10": 85.44839024543762}, "best_epoch": 1}
{"event": "epoch", "dataset": "MSVR310", "epoch": 3, "steps": 20, "mean_loss": 4.420943284034729, "seconds": 9.114736757997889, "official_fused": {"mAP": 50.68457389127082, "Rank-1": 67.3434853553772, "Rank-5": 82.06430077552795, "Rank-10": 85.27919054031372}, "best_epoch": 1}
{"event": "epoch", "dataset": "MSVR310", "epoch": 4, "steps": 20, "mean_loss": 3.7582563757896423, "seconds": 9.078817110043019, "official_fused": {"mAP": 48.85386664726468, "Rank-1": 65.65144062042236, "Rank-5": 79.86463904380798, "Rank-10": 84.94077920913696}, "best_epoch": 1}
{"event": "epoch", "dataset": "MSVR310", "epoch": 5, "steps": 20, "mean_loss": 3.0063313603401185, "seconds": 9.300721929001156, "official_fused": {"mAP": 49.12095353072857, "Rank-1": 66.15905165672302, "Rank-5": 80.37225008010864, "Rank-10": 86.12521290779114}, "best_epoch": 1}
{"event": "epoch", "dataset": "MSVR310", "epoch": 6, "steps": 20, "mean_loss": 2.3012496709823607, "seconds": 9.060265676002018, "official_fused": {"mAP": 51.0724111322849, "Rank-1": 67.51269102096558, "Rank-5": 80.7106614112854, "Rank-10": 86.80202960968018}, "best_epoch": 6}
{"event": "epoch", "dataset": "MSVR310", "epoch": 7, "steps": 20, "mean_loss": 1.7893449544906617, "seconds": 9.095963422965724, "official_fused": {"mAP": 50.20955803587134, "Rank-1": 65.98984599113464, "Rank-5": 80.7106614112854, "Rank-10": 86.29441857337952}, "best_epoch": 6}
{"event": "epoch", "dataset": "MSVR310", "epoch": 8, "steps": 20, "mean_loss": 1.4787394046783446, "seconds": 9.154008253011853, "official_fused": {"mAP": 52.341107962719235, "Rank-1": 68.52791905403137, "Rank-5": 82.74111747741699, "Rank-10": 86.97123527526855}, "best_epoch": 8}
{"event": "epoch", "dataset": "MSVR310", "epoch": 9, "steps": 20, "mean_loss": 1.2355401158332824, "seconds": 9.161588301998563, "official_fused": {"mAP": 50.84386902686213, "Rank-1": 66.49746298789978, "Rank-5": 81.7258894443512, "Rank-10": 86.12521290779114}, "best_epoch": 8}
{"event": "epoch", "dataset": "MSVR310", "epoch": 10, "steps": 20, "mean_loss": 1.1680452466011046, "seconds": 9.053522507019807, "official_fused": {"mAP": 52.36224352082647, "Rank-1": 67.85110235214233, "Rank-5": 83.41793417930603, "Rank-10": 89.17089700698853}, "best_epoch": 10}
{"event": "epoch", "dataset": "MSVR310", "epoch": 11, "steps": 20, "mean_loss": 1.099603870511055, "seconds": 8.995622362010181, "official_fused": {"mAP": 50.0651212382378, "Rank-1": 66.3282573223114, "Rank-5": 80.7106614112854, "Rank-10": 86.80202960968018}, "best_epoch": 10}
{"event": "epoch", "dataset": "MSVR310", "epoch": 12, "steps": 20, "mean_loss": 1.0588886529207229, "seconds": 9.334598015993834, "official_fused": {"mAP": 51.22768627459623, "Rank-1": 66.83587431907654, "Rank-5": 81.55668377876282, "Rank-10": 87.30964660644531}, "best_epoch": 10}
{"event": "epoch", "dataset": "MSVR310", "epoch": 13, "steps": 20, "mean_loss": 1.0315222531557082, "seconds": 8.943261555978097, "official_fused": {"mAP": 51.10490878641005, "Rank-1": 66.83587431907654, "Rank-5": 82.40270614624023, "Rank-10": 88.49408030509949}, "best_epoch": 10}
{"event": "epoch", "dataset": "MSVR310", "epoch": 14, "steps": 20, "mean_loss": 1.0239003628492356, "seconds": 8.88226677995408, "official_fused": {"mAP": 50.54362099789979, "Rank-1": 65.98984599113464, "Rank-5": 81.7258894443512, "Rank-10": 86.29441857337952}, "best_epoch": 10}
{"event": "epoch", "dataset": "MSVR310", "epoch": 15, "steps": 20, "mean_loss": 1.0344305217266083, "seconds": 9.231177786015905, "official_fused": {"mAP": 52.03179193956945, "Rank-1": 68.52791905403137, "Rank-5": 82.40270614624023, "Rank-10": 87.30964660644531}, "best_epoch": 10}
{"event": "epoch", "dataset": "MSVR310", "epoch": 16, "steps": 20, "mean_loss": 0.9926673829555511, "seconds": 9.059861521003768, "official_fused": {"mAP": 50.5807844463421, "Rank-1": 67.51269102096558, "Rank-5": 82.23350048065186, "Rank-10": 88.32487463951111}, "best_epoch": 10}
{"event": "epoch", "dataset": "MSVR310", "epoch": 17, "steps": 20, "mean_loss": 0.9856073290109635, "seconds": 9.090051537961699, "official_fused": {"mAP": 50.581943408867005, "Rank-1": 68.18950772285461, "Rank-5": 82.40270614624023, "Rank-10": 86.6328239440918}, "best_epoch": 10}
{"event": "epoch", "dataset": "MSVR310", "epoch": 18, "steps": 20, "mean_loss": 0.9739415943622589, "seconds": 9.084536948008463, "official_fused": {"mAP": 51.433219165375895, "Rank-1": 68.02030205726624, "Rank-5": 82.06430077552795, "Rank-10": 87.47885227203369}, "best_epoch": 10}
{"event": "epoch", "dataset": "MSVR310", "epoch": 19, "steps": 20, "mean_loss": 0.9840218335390091, "seconds": 9.08569474099204, "official_fused": {"mAP": 50.84103255293528, "Rank-1": 65.65144062042236, "Rank-5": 81.55668377876282, "Rank-10": 86.80202960968018}, "best_epoch": 10}
{"event": "epoch", "dataset": "MSVR310", "epoch": 20, "steps": 20, "mean_loss": 0.9694291740655899, "seconds": 9.170732757018413, "official_fused": {"mAP": 50.5546530153507, "Rank-1": 66.49746298789978, "Rank-5": 81.21827244758606, "Rank-10": 87.81725764274597}, "best_epoch": 10}
{"event": "epoch", "dataset": "MSVR310", "epoch": 21, "steps": 20, "mean_loss": 0.9545945048332214, "seconds": 8.743212119967211, "official_fused": {"mAP": 49.93394690080299, "Rank-1": 66.15905165672302, "Rank-5": 81.04906678199768, "Rank-10": 86.29441857337952}, "best_epoch": 10}
{"event": "epoch", "dataset": "MSVR310", "epoch": 22, "steps": 20, "mean_loss": 0.9545185506343842, "seconds": 9.191391363972798, "official_fused": {"mAP": 50.50031717038329, "Rank-1": 67.17427968978882, "Rank-5": 82.57191181182861, "Rank-10": 88.15566897392273}, "best_epoch": 10}
