/root/miniconda3/envs/tri_reid/lib/python3.10/site-packages/timm/models/helpers.py:7: FutureWarning: Importing from timm.models.helpers is deprecated, please import via timm.models
  warnings.warn(f"Importing from {__name__} is deprecated, please import via timm.models", FutureWarning)
/root/miniconda3/envs/tri_reid/lib/python3.10/site-packages/timm/models/registry.py:4: FutureWarning: Importing from timm.models.registry is deprecated, please import via timm.models
  warnings.warn(f"Importing from {__name__} is deprecated, please import via timm.models", FutureWarning)
/root/miniconda3/envs/tri_reid/lib/python3.10/site-packages/timm/models/layers/__init__.py:48: FutureWarning: Importing from timm.models.layers is deprecated, please import via timm.layers
  warnings.warn(f"Importing from {__name__} is deprecated, please import via timm.layers", FutureWarning)
建立transformer............
using Transformer_type: ViT-B-16 as a backbone
Resized position embedding: %s to %s torch.Size([197, 768]) torch.Size([129, 768])
Position embedding resize to height:8 width: 16
Successfully load ckpt!
<All keys matched successfully>
Loading pretrained model from CLIP
camera number is : 8
===========Building Signal===========
using soft triplet loss for training
label smooth on, numclasses: 33
{"event": "signal_source_epoch", "epoch": 1, "optimizer_steps": 81, "mean_loss": 7.006990939010809, "learning_rates": [2.0041138350963593e-05, 6.891338801383971e-05, 0.00011813723659515383], "elapsed_seconds": 44.882046388462186}
Traceback (most recent call last):
  File "/root/miniconda3/envs/tri_reid/lib/python3.10/site-packages/torch/serialization.py", line 850, in save
    _save(
  File "/root/miniconda3/envs/tri_reid/lib/python3.10/site-packages/torch/serialization.py", line 1114, in _save
    zip_file.write_record(name, storage, num_bytes)
RuntimeError: [enforce fail at inline_container.cc:778] . PytorchStreamWriter failed writing file data/141: file write failed

During handling of the above exception, another exception occurred:

Traceback (most recent call last):
  File "/root/autodl-tmp/trifusion-v2/TriFusion-ReID/tools/train_rgbnt100_signal_oof.py", line 428, in <module>
    run(arguments)
  File "/root/autodl-tmp/trifusion-v2/TriFusion-ReID/tools/train_rgbnt100_signal_oof.py", line 369, in run
    torch.save({"model_state_dict": model.state_dict(), "fold": fold["fold"],
  File "/root/miniconda3/envs/tri_reid/lib/python3.10/site-packages/torch/serialization.py", line 849, in save
    with _open_zipfile_writer(f) as opened_zipfile:
  File "/root/miniconda3/envs/tri_reid/lib/python3.10/site-packages/torch/serialization.py", line 690, in __exit__
    self.file_like.write_end_of_file()
RuntimeError: [enforce fail at inline_container.cc:603] . unexpected pos 101687680 vs 101687568
