/data/gaob/Re-ID/conda-envs/tri_reid/lib/python3.10/site-packages/timm/models/helpers.py:7: FutureWarning: Importing from timm.models.helpers is deprecated, please import via timm.models
  warnings.warn(f"Importing from {__name__} is deprecated, please import via timm.models", FutureWarning)
/data/gaob/Re-ID/conda-envs/tri_reid/lib/python3.10/site-packages/timm/models/registry.py:4: FutureWarning: Importing from timm.models.registry is deprecated, please import via timm.models
  warnings.warn(f"Importing from {__name__} is deprecated, please import via timm.models", FutureWarning)
/data/gaob/Re-ID/conda-envs/tri_reid/lib/python3.10/site-packages/timm/models/layers/__init__.py:48: FutureWarning: Importing from timm.models.layers is deprecated, please import via timm.layers
  warnings.warn(f"Importing from {__name__} is deprecated, please import via timm.layers", FutureWarning)
/data/gaob/Re-ID/conda-envs/tri_reid/lib/python3.10/site-packages/torch/optim/lr_scheduler.py:224: UserWarning: Detected call of `lr_scheduler.step()` before `optimizer.step()`. In PyTorch 1.1.0 and later, you should call them in the opposite order: `optimizer.step()` before `lr_scheduler.step()`.  Failure to do this will result in PyTorch skipping the first value of the learning rate schedule. See more details at https://pytorch.org/docs/stable/optim.html#how-to-adjust-learning-rate
  warnings.warn(
/data/gaob/Re-ID/conda-envs/tri_reid/lib/python3.10/site-packages/torch/optim/lr_scheduler.py:240: UserWarning: The epoch parameter in `scheduler.step()` was not necessary and is being deprecated where possible. Please use `scheduler.step()` to step the scheduler. During the deprecation, if epoch is different from None, the closed form is used instead of the new chainable form, where available. Please open an issue if you are unable to replicate your use case: https://github.com/pytorch/pytorch/issues/new/choose.
  warnings.warn(EPOCH_DEPRECATION_WARNING, UserWarning)
建立transformer............
using Transformer_type: ViT-B-16 as a backbone
Resized position embedding: %s to %s torch.Size([197, 768]) torch.Size([129, 768])
Position embedding resize to height:8 width: 16
Successfully load ckpt!
<All keys matched successfully>
Loading pretrained model from CLIP
camera number is : 8
===========Building Signal===========
using soft triplet loss for training
label smooth on, numclasses: 155
{"event": "epoch", "dataset": "MSVR310", "recipe": "semantic", "epoch": 1, "steps": 14, "mean_loss": 13.65996721812657, "seconds": 12.623484917043243, "official_fused": {"mAP": 15.516912621677145, "Rank-1": 34.1793566942215, "Rank-5": 54.31472063064575, "Rank-10": 61.92893385887146}}
/data/gaob/Re-ID/conda-envs/tri_reid/lib/python3.10/site-packages/torch/optim/lr_scheduler.py:240: UserWarning: The epoch parameter in `scheduler.step()` was not necessary and is being deprecated where possible. Please use `scheduler.step()` to step the scheduler. During the deprecation, if epoch is different from None, the closed form is used instead of the new chainable form, where available. Please open an issue if you are unable to replicate your use case: https://github.com/pytorch/pytorch/issues/new/choose.
  warnings.warn(EPOCH_DEPRECATION_WARNING, UserWarning)
{"event": "epoch", "dataset": "MSVR310", "recipe": "semantic", "epoch": 2, "steps": 14, "mean_loss": 11.931346688951765, "seconds": 9.758875486033503, "official_fused": {"mAP": 21.411838737648946, "Rank-1": 40.60913622379303, "Rank-5": 61.25211715698242, "Rank-10": 68.69712471961975}}
{"event": "epoch", "dataset": "MSVR310", "recipe": "semantic", "epoch": 3, "steps": 14, "mean_loss": 11.166741984231132, "seconds": 9.922765391005669, "official_fused": {"mAP": 25.372041503602855, "Rank-1": 42.131978273391724, "Rank-5": 64.29780125617981, "Rank-10": 71.91201448440552}}
{"event": "epoch", "dataset": "MSVR310", "recipe": "semantic", "epoch": 4, "steps": 14, "mean_loss": 10.562217576163155, "seconds": 10.03129896702012, "official_fused": {"mAP": 29.737990609861477, "Rank-1": 47.88494110107422, "Rank-5": 66.83587431907654, "Rank-10": 75.46531558036804}}
{"event": "epoch", "dataset": "MSVR310", "recipe": "semantic", "epoch": 5, "steps": 14, "mean_loss": 9.984462056841169, "seconds": 9.919758326024748, "official_fused": {"mAP": 33.14429825765114, "Rank-1": 50.59221386909485, "Rank-5": 68.69712471961975, "Rank-10": 78.0033826828003}}
{"event": "epoch", "dataset": "MSVR310", "recipe": "semantic", "epoch": 6, "steps": 14, "mean_loss": 9.501066752842494, "seconds": 9.839443994977046, "official_fused": {"mAP": 34.899740533965875, "Rank-1": 52.79187560081482, "Rank-5": 71.91201448440552, "Rank-10": 79.01861071586609}}
{"event": "epoch", "dataset": "MSVR310", "recipe": "semantic", "epoch": 7, "steps": 14, "mean_loss": 9.087879589625768, "seconds": 10.0516466400004, "official_fused": {"mAP": 37.53057397587208, "Rank-1": 56.85279369354248, "Rank-5": 73.77326488494873, "Rank-10": 79.86463904380798}}
{"event": "epoch", "dataset": "MSVR310", "recipe": "semantic", "epoch": 8, "steps": 14, "mean_loss": 8.663121768406459, "seconds": 10.015422278025653, "official_fused": {"mAP": 36.5624781847532, "Rank-1": 54.82233762741089, "Rank-5": 72.58883118629456, "Rank-10": 79.18781638145447}}
{"event": "epoch", "dataset": "MSVR310", "recipe": "semantic", "epoch": 9, "steps": 14, "mean_loss": 8.265434401375908, "seconds": 10.075757577025797, "official_fused": {"mAP": 38.77875860843247, "Rank-1": 56.006765365600586, "Rank-5": 74.61928725242615, "Rank-10": 80.20304441452026}}
{"event": "epoch", "dataset": "MSVR310", "recipe": "semantic", "epoch": 10, "steps": 15, "mean_loss": 7.93018913269043, "seconds": 10.595586737035774, "official_fused": {"mAP": 41.181751045633305, "Rank-1": 59.05245542526245, "Rank-5": 77.15736031532288, "Rank-10": 83.24872851371765}}
{"event": "epoch", "dataset": "MSVR310", "recipe": "semantic", "epoch": 11, "steps": 14, "mean_loss": 7.634274959564209, "seconds": 9.8557111939881, "official_fused": {"mAP": 41.61612010498572, "Rank-1": 59.89847779273987, "Rank-5": 76.81894898414612, "Rank-10": 82.74111747741699}}
{"event": "epoch", "dataset": "MSVR310", "recipe": "semantic", "epoch": 12, "steps": 14, "mean_loss": 7.4033127171652655, "seconds": 9.722019487991929, "official_fused": {"mAP": 43.78586925783249, "Rank-1": 61.92893385887146, "Rank-5": 79.01861071586609, "Rank-10": 83.41793417930603}}
{"event": "epoch", "dataset": "MSVR310", "recipe": "semantic", "epoch": 13, "steps": 14, "mean_loss": 7.0942667211805075, "seconds": 9.933154724014457, "official_fused": {"mAP": 44.307379202171134, "Rank-1": 61.5905225276947, "Rank-5": 77.83417701721191, "Rank-10": 83.24872851371765}}
{"event": "epoch", "dataset": "MSVR310", "recipe": "semantic", "epoch": 14, "steps": 14, "mean_loss": 6.869706290108817, "seconds": 10.03103536402341, "official_fused": {"mAP": 44.00281044907697, "Rank-1": 60.575294494628906, "Rank-5": 78.84940505027771, "Rank-10": 83.24872851371765}}
{"event": "epoch", "dataset": "MSVR310", "recipe": "semantic", "epoch": 15, "steps": 14, "mean_loss": 6.72100693838937, "seconds": 9.933605712954886, "official_fused": {"mAP": 45.590738208171096, "Rank-1": 62.6057505607605, "Rank-5": 79.52622771263123, "Rank-10": 84.6023678779602}}
{"event": "epoch", "dataset": "MSVR310", "recipe": "semantic", "epoch": 16, "steps": 14, "mean_loss": 6.5189650399344305, "seconds": 10.13162848900538, "official_fused": {"mAP": 48.385677955661315, "Rank-1": 66.49746298789978, "Rank-5": 81.7258894443512, "Rank-10": 85.27919054031372}}
{"event": "epoch", "dataset": "MSVR310", "recipe": "semantic", "epoch": 17, "steps": 15, "mean_loss": 6.372292804718017, "seconds": 10.600546419038437, "official_fused": {"mAP": 47.848983096601096, "Rank-1": 64.63621258735657, "Rank-5": 80.87986707687378, "Rank-10": 85.44839024543762}}
{"event": "epoch", "dataset": "MSVR310", "recipe": "semantic", "epoch": 18, "steps": 14, "mean_loss": 6.1532982758113315, "seconds": 9.939237431040965, "official_fused": {"mAP": 49.141125435793015, "Rank-1": 66.83587431907654, "Rank-5": 81.38747811317444, "Rank-10": 85.78680157661438}}
{"event": "epoch", "dataset": "MSVR310", "recipe": "semantic", "epoch": 19, "steps": 15, "mean_loss": 5.989952437082926, "seconds": 10.553981905977707, "official_fused": {"mAP": 49.209147189446384, "Rank-1": 67.68189668655396, "Rank-5": 82.06430077552795, "Rank-10": 86.80202960968018}}
{"event": "epoch", "dataset": "MSVR310", "recipe": "semantic", "epoch": 20, "steps": 14, "mean_loss": 5.790534087589809, "seconds": 9.974071363976691, "official_fused": {"mAP": 49.63995155115749, "Rank-1": 67.68189668655396, "Rank-5": 82.06430077552795, "Rank-10": 86.46361827850342}}
{"event": "epoch", "dataset": "MSVR310", "recipe": "semantic", "epoch": 21, "steps": 14, "mean_loss": 5.721848794392177, "seconds": 9.983169378014281, "official_fused": {"mAP": 49.40743425875197, "Rank-1": 67.17427968978882, "Rank-5": 81.38747811317444, "Rank-10": 86.12521290779114}}
{"event": "epoch", "dataset": "MSVR310", "recipe": "semantic", "epoch": 22, "steps": 14, "mean_loss": 5.654443604605539, "seconds": 9.924740931019187, "official_fused": {"mAP": 49.6510472782808, "Rank-1": 67.00507402420044, "Rank-5": 80.87986707687378, "Rank-10": 85.10998487472534}}
{"event": "epoch", "dataset": "MSVR310", "recipe": "semantic", "epoch": 23, "steps": 14, "mean_loss": 5.720162119184222, "seconds": 10.149912582011893, "official_fused": {"mAP": 49.84805942907119, "Rank-1": 68.02030205726624, "Rank-5": 81.7258894443512, "Rank-10": 85.10998487472534}}
{"event": "epoch", "dataset": "MSVR310", "recipe": "semantic", "epoch": 24, "steps": 14, "mean_loss": 5.6675842830113, "seconds": 10.026761051965877, "official_fused": {"mAP": 49.5986368861055, "Rank-1": 67.68189668655396, "Rank-5": 80.54145574569702, "Rank-10": 84.77157354354858}}
{"event": "epoch", "dataset": "MSVR310", "recipe": "semantic", "epoch": 25, "steps": 15, "mean_loss": 5.639156532287598, "seconds": 10.420103419979569, "official_fused": {"mAP": 49.936031357869744, "Rank-1": 68.02030205726624, "Rank-5": 80.7106614112854, "Rank-10": 84.77157354354858}}
{"event": "epoch", "dataset": "MSVR310", "recipe": "semantic", "epoch": 26, "steps": 14, "mean_loss": 5.640534673418317, "seconds": 10.029267733974848, "official_fused": {"mAP": 50.19214702249488, "Rank-1": 68.52791905403137, "Rank-5": 80.7106614112854, "Rank-10": 84.94077920913696}}
{"event": "epoch", "dataset": "MSVR310", "recipe": "semantic", "epoch": 27, "steps": 14, "mean_loss": 5.60118647984096, "seconds": 9.952793819014914, "official_fused": {"mAP": 49.78858717767648, "Rank-1": 66.83587431907654, "Rank-5": 80.54145574569702, "Rank-10": 84.94077920913696}}
{"event": "epoch", "dataset": "MSVR310", "recipe": "semantic", "epoch": 28, "steps": 15, "mean_loss": 5.58115374247233, "seconds": 10.569515754003078, "official_fused": {"mAP": 49.847969731071814, "Rank-1": 67.17427968978882, "Rank-5": 80.54145574569702, "Rank-10": 85.10998487472534}}
{"event": "epoch", "dataset": "MSVR310", "recipe": "semantic", "epoch": 29, "steps": 14, "mean_loss": 5.49841400555202, "seconds": 9.786963307007682, "official_fused": {"mAP": 49.96041841273781, "Rank-1": 67.00507402420044, "Rank-5": 80.87986707687378, "Rank-10": 85.617595911026}}
{"event": "epoch", "dataset": "MSVR310", "recipe": "semantic", "epoch": 30, "steps": 14, "mean_loss": 5.555420296532767, "seconds": 10.048744395957328, "official_fused": {"mAP": 49.960758967253646, "Rank-1": 67.17427968978882, "Rank-5": 80.7106614112854, "Rank-10": 85.10998487472534}}
{"event": "epoch", "dataset": "MSVR310", "recipe": "semantic", "epoch": 31, "steps": 14, "mean_loss": 5.556434631347656, "seconds": 10.099343672045507, "official_fused": {"mAP": 49.68836294944148, "Rank-1": 67.00507402420044, "Rank-5": 80.54145574569702, "Rank-10": 84.94077920913696}}
{"event": "epoch", "dataset": "MSVR310", "recipe": "semantic", "epoch": 32, "steps": 14, "mean_loss": 5.45427223614284, "seconds": 10.029645553033333, "official_fused": {"mAP": 50.235211040828155, "Rank-1": 67.85110235214233, "Rank-5": 81.55668377876282, "Rank-10": 85.95600724220276}}
{"event": "epoch", "dataset": "MSVR310", "recipe": "semantic", "epoch": 33, "steps": 14, "mean_loss": 5.446304389408657, "seconds": 9.864665312983561, "official_fused": {"mAP": 50.08203743602573, "Rank-1": 67.51269102096558, "Rank-5": 81.55668377876282, "Rank-10": 86.46361827850342}}
{"event": "epoch", "dataset": "MSVR310", "recipe": "semantic", "epoch": 34, "steps": 14, "mean_loss": 5.411180394036429, "seconds": 9.884413863008376, "official_fused": {"mAP": 49.80455192403385, "Rank-1": 66.3282573223114, "Rank-5": 80.7106614112854, "Rank-10": 85.95600724220276}}
{"event": "epoch", "dataset": "MSVR310", "recipe": "semantic", "epoch": 35, "steps": 14, "mean_loss": 5.41151305607387, "seconds": 9.850177666987292, "official_fused": {"mAP": 49.57099534463227, "Rank-1": 66.49746298789978, "Rank-5": 80.37225008010864, "Rank-10": 84.94077920913696}}
{"event": "epoch", "dataset": "MSVR310", "recipe": "semantic", "epoch": 36, "steps": 14, "mean_loss": 5.4343955516815186, "seconds": 10.005942785006482, "official_fused": {"mAP": 49.46741389489125, "Rank-1": 66.83587431907654, "Rank-5": 80.20304441452026, "Rank-10": 84.77157354354858}}
{"event": "epoch", "dataset": "MSVR310", "recipe": "semantic", "epoch": 37, "steps": 14, "mean_loss": 5.375416142599923, "seconds": 9.9224126850022, "official_fused": {"mAP": 50.24741579464729, "Rank-1": 67.68189668655396, "Rank-5": 80.54145574569702, "Rank-10": 85.44839024543762}}
{"event": "epoch", "dataset": "MSVR310", "recipe": "semantic", "epoch": 38, "steps": 14, "mean_loss": 5.402416808264596, "seconds": 10.089990048028994, "official_fused": {"mAP": 50.512118270687914, "Rank-1": 67.85110235214233, "Rank-5": 80.54145574569702, "Rank-10": 85.44839024543762}}
{"event": "epoch", "dataset": "MSVR310", "recipe": "semantic", "epoch": 39, "steps": 14, "mean_loss": 5.383979150227138, "seconds": 10.038677817035932, "official_fused": {"mAP": 50.17909897826285, "Rank-1": 67.51269102096558, "Rank-5": 80.7106614112854, "Rank-10": 85.44839024543762}}
{"event": "epoch", "dataset": "MSVR310", "recipe": "semantic", "epoch": 40, "steps": 14, "mean_loss": 5.312578099114554, "seconds": 10.01221264898777, "official_fused": {"mAP": 50.25280553222948, "Rank-1": 67.85110235214233, "Rank-5": 80.7106614112854, "Rank-10": 85.617595911026}}
{"event": "epoch", "dataset": "MSVR310", "recipe": "semantic", "epoch": 41, "steps": 14, "mean_loss": 5.32203221321106, "seconds": 10.002334251999855, "official_fused": {"mAP": 50.280786378848696, "Rank-1": 67.68189668655396, "Rank-5": 80.87986707687378, "Rank-10": 85.617595911026}}
{"event": "epoch", "dataset": "MSVR310", "recipe": "semantic", "epoch": 42, "steps": 14, "mean_loss": 5.345345871789115, "seconds": 10.044136953016277, "official_fused": {"mAP": 50.265262452635284, "Rank-1": 67.68189668655396, "Rank-5": 80.87986707687378, "Rank-10": 85.617595911026}}
{"event": "epoch", "dataset": "MSVR310", "recipe": "semantic", "epoch": 43, "steps": 15, "mean_loss": 5.375885168711345, "seconds": 10.564873646013439, "official_fused": {"mAP": 50.284023473677244, "Rank-1": 67.68189668655396, "Rank-5": 80.87986707687378, "Rank-10": 85.617595911026}}
{"event": "epoch", "dataset": "MSVR310", "recipe": "semantic", "epoch": 44, "steps": 14, "mean_loss": 5.317791189466204, "seconds": 10.193807997042313, "official_fused": {"mAP": 50.32773572421608, "Rank-1": 67.51269102096558, "Rank-5": 80.87986707687378, "Rank-10": 85.617595911026}}
{"event": "epoch", "dataset": "MSVR310", "recipe": "semantic", "epoch": 45, "steps": 14, "mean_loss": 5.3118643420083185, "seconds": 9.931441245949827, "official_fused": {"mAP": 50.367478147733024, "Rank-1": 67.51269102096558, "Rank-5": 80.87986707687378, "Rank-10": 85.617595911026}}
{"event": "epoch", "dataset": "MSVR310", "recipe": "semantic", "epoch": 46, "steps": 14, "mean_loss": 5.330801929746356, "seconds": 10.09899771300843, "official_fused": {"mAP": 50.39291047448368, "Rank-1": 67.51269102096558, "Rank-5": 81.04906678199768, "Rank-10": 85.78680157661438}}
{"event": "epoch", "dataset": "MSVR310", "recipe": "semantic", "epoch": 47, "steps": 14, "mean_loss": 5.316789048058646, "seconds": 9.873368759988807, "official_fused": {"mAP": 50.41598914258915, "Rank-1": 67.51269102096558, "Rank-5": 81.04906678199768, "Rank-10": 85.78680157661438}}
{"event": "epoch", "dataset": "MSVR310", "recipe": "semantic", "epoch": 48, "steps": 14, "mean_loss": 5.3758533000946045, "seconds": 9.819521006022114, "official_fused": {"mAP": 50.370996486642824, "Rank-1": 67.3434853553772, "Rank-5": 80.87986707687378, "Rank-10": 85.78680157661438}}
{"event": "epoch", "dataset": "MSVR310", "recipe": "semantic", "epoch": 49, "steps": 14, "mean_loss": 5.319720132010324, "seconds": 10.008893754973542, "official_fused": {"mAP": 50.376834403379874, "Rank-1": 67.3434853553772, "Rank-5": 81.21827244758606, "Rank-10": 85.44839024543762}}
{"event": "epoch", "dataset": "MSVR310", "recipe": "semantic", "epoch": 50, "steps": 14, "mean_loss": 5.350873129708426, "seconds": 9.961416812962852, "official_fused": {"mAP": 50.41331577786781, "Rank-1": 67.51269102096558, "Rank-5": 81.21827244758606, "Rank-10": 85.44839024543762}}
