/data/gaob/Re-ID/conda-envs/tri_reid/lib/python3.10/site-packages/timm/models/helpers.py:7: FutureWarning: Importing from timm.models.helpers is deprecated, please import via timm.models
  warnings.warn(f"Importing from {__name__} is deprecated, please import via timm.models", FutureWarning)
/data/gaob/Re-ID/conda-envs/tri_reid/lib/python3.10/site-packages/timm/models/registry.py:4: FutureWarning: Importing from timm.models.registry is deprecated, please import via timm.models
  warnings.warn(f"Importing from {__name__} is deprecated, please import via timm.models", FutureWarning)
/data/gaob/Re-ID/conda-envs/tri_reid/lib/python3.10/site-packages/timm/models/layers/__init__.py:48: FutureWarning: Importing from timm.models.layers is deprecated, please import via timm.layers
  warnings.warn(f"Importing from {__name__} is deprecated, please import via timm.layers", FutureWarning)
建立transformer............
using Transformer_type: ViT-B-16 as a backbone
Resized position embedding: %s to %s torch.Size([197, 768]) torch.Size([129, 768])
Position embedding resize to height:16 width: 8
Successfully load ckpt!
<All keys matched successfully>
Loading pretrained model from CLIP
camera number is : 4
===========Building Signal===========
{"event": "epoch", "dataset": "RGBNT201", "recipe": "metric_raw", "epoch": 1, "steps": 53, "mean_loss": 6.403497875861402, "seconds": 26.674112968001282, "official_fused": {"mAP": 5.0957516363114905, "Rank-1": 4.545454680919647, "Rank-5": 8.612440526485443, "Rank-10": 14.473684132099152}}
{"event": "epoch", "dataset": "RGBNT201", "recipe": "metric_raw", "epoch": 2, "steps": 53, "mean_loss": 5.157045166447477, "seconds": 25.302623091003625, "official_fused": {"mAP": 11.460076771620207, "Rank-1": 9.569378197193146, "Rank-5": 19.85645890235901, "Rank-10": 28.46890091896057}}
{"event": "epoch", "dataset": "RGBNT201", "recipe": "metric_raw", "epoch": 3, "steps": 53, "mean_loss": 3.964184918493595, "seconds": 26.614421853999374, "official_fused": {"mAP": 25.388530581828334, "Rank-1": 25.956937670707703, "Rank-5": 40.31100571155548, "Rank-10": 48.32535982131958}}
{"event": "epoch", "dataset": "RGBNT201", "recipe": "metric_raw", "epoch": 4, "steps": 53, "mean_loss": 2.5731035268531657, "seconds": 27.404488468979253, "official_fused": {"mAP": 39.912266744705654, "Rank-1": 39.83253538608551, "Rank-5": 55.263155698776245, "Rank-10": 62.918663024902344}}
{"event": "epoch", "dataset": "RGBNT201", "recipe": "metric_raw", "epoch": 5, "steps": 53, "mean_loss": 1.5830763420968685, "seconds": 27.509979090013076, "official_fused": {"mAP": 46.8924583374997, "Rank-1": 46.29186689853668, "Rank-5": 60.406696796417236, "Rank-10": 69.97607946395874}}
{"event": "epoch", "dataset": "RGBNT201", "recipe": "metric_raw", "epoch": 6, "steps": 53, "mean_loss": 1.1488360908796202, "seconds": 27.520957525994163, "official_fused": {"mAP": 48.86892829197376, "Rank-1": 47.72727191448212, "Rank-5": 63.51674795150757, "Rank-10": 74.04305934906006}}
{"event": "epoch", "dataset": "RGBNT201", "recipe": "metric_raw", "epoch": 7, "steps": 53, "mean_loss": 1.0348734315836206, "seconds": 27.43887258300674, "official_fused": {"mAP": 50.6843633467311, "Rank-1": 48.923444747924805, "Rank-5": 65.19138813018799, "Rank-10": 73.0861246585846}}
{"event": "epoch", "dataset": "RGBNT201", "recipe": "metric_raw", "epoch": 8, "steps": 53, "mean_loss": 0.9975789965323683, "seconds": 27.69042258398258, "official_fused": {"mAP": 50.13848922563042, "Rank-1": 47.48803973197937, "Rank-5": 63.51674795150757, "Rank-10": 72.48803973197937}}
{"event": "epoch", "dataset": "RGBNT201", "recipe": "metric_raw", "epoch": 9, "steps": 53, "mean_loss": 0.9690023851844499, "seconds": 27.649300551012857, "official_fused": {"mAP": 50.94038777869721, "Rank-1": 47.84688949584961, "Rank-5": 63.755983114242554, "Rank-10": 71.65071964263916}}
{"event": "epoch", "dataset": "RGBNT201", "recipe": "metric_raw", "epoch": 10, "steps": 53, "mean_loss": 0.9653450531779595, "seconds": 27.327652259991737, "official_fused": {"mAP": 53.442606602607675, "Rank-1": 53.46890091896057, "Rank-5": 66.86602830886841, "Rank-10": 74.64115023612976}}
{"event": "epoch", "dataset": "RGBNT201", "recipe": "metric_raw", "epoch": 11, "steps": 53, "mean_loss": 0.9527053113253612, "seconds": 27.80139023400261, "official_fused": {"mAP": 53.42897878730898, "Rank-1": 52.87081599235535, "Rank-5": 68.42105388641357, "Rank-10": 76.31579041481018}}
{"event": "epoch", "dataset": "RGBNT201", "recipe": "metric_raw", "epoch": 12, "steps": 53, "mean_loss": 0.9425170286646429, "seconds": 27.579527383990353, "official_fused": {"mAP": 53.55876489867211, "Rank-1": 55.9808611869812, "Rank-5": 68.06219816207886, "Rank-10": 76.0765552520752}}
{"event": "epoch", "dataset": "RGBNT201", "recipe": "metric_raw", "epoch": 13, "steps": 53, "mean_loss": 0.9382097631130578, "seconds": 27.65780490200268, "official_fused": {"mAP": 53.21321652883538, "Rank-1": 54.425835609436035, "Rank-5": 65.66985845565796, "Rank-10": 75.71770548820496}}
{"event": "epoch", "dataset": "RGBNT201", "recipe": "metric_raw", "epoch": 14, "steps": 53, "mean_loss": 0.927464966504079, "seconds": 27.833546979003586, "official_fused": {"mAP": 50.93186506832205, "Rank-1": 52.272725105285645, "Rank-5": 66.50717854499817, "Rank-10": 74.40191507339478}}
{"event": "epoch", "dataset": "RGBNT201", "recipe": "metric_raw", "epoch": 15, "steps": 53, "mean_loss": 0.918705294717033, "seconds": 27.979949207016034, "official_fused": {"mAP": 53.19029518753964, "Rank-1": 56.100475788116455, "Rank-5": 68.89952421188354, "Rank-10": 76.43540501594543}}
{"event": "epoch", "dataset": "RGBNT201", "recipe": "metric_raw", "epoch": 16, "steps": 53, "mean_loss": 0.9179231906836888, "seconds": 27.92298716600635, "official_fused": {"mAP": 53.228266060434215, "Rank-1": 53.82775068283081, "Rank-5": 69.25837397575378, "Rank-10": 78.34928035736084}}
{"event": "epoch", "dataset": "RGBNT201", "recipe": "metric_raw", "epoch": 17, "steps": 53, "mean_loss": 0.9079037128754381, "seconds": 27.499121131986612, "official_fused": {"mAP": 53.61816326597415, "Rank-1": 53.588515520095825, "Rank-5": 67.9425835609436, "Rank-10": 77.9904305934906}}
{"event": "epoch", "dataset": "RGBNT201", "recipe": "metric_raw", "epoch": 18, "steps": 53, "mean_loss": 0.9047539504069202, "seconds": 27.42609472098411, "official_fused": {"mAP": 54.855265712618085, "Rank-1": 55.263155698776245, "Rank-5": 69.25837397575378, "Rank-10": 77.9904305934906}}
{"event": "epoch", "dataset": "RGBNT201", "recipe": "metric_raw", "epoch": 19, "steps": 53, "mean_loss": 0.9045594222140763, "seconds": 27.341802890994586, "official_fused": {"mAP": 55.53656388004236, "Rank-1": 57.53588676452637, "Rank-5": 70.9330141544342, "Rank-10": 79.0669858455658}}
{"event": "epoch", "dataset": "RGBNT201", "recipe": "metric_raw", "epoch": 20, "steps": 53, "mean_loss": 0.8995827818816563, "seconds": 27.64458363200538, "official_fused": {"mAP": 58.0052094900448, "Rank-1": 59.44976210594177, "Rank-5": 74.16267991065979, "Rank-10": 81.22009634971619}}
{"event": "epoch", "dataset": "RGBNT201", "recipe": "metric_raw", "epoch": 21, "steps": 53, "mean_loss": 0.8978680046099536, "seconds": 27.1685011239897, "official_fused": {"mAP": 54.99149305598675, "Rank-1": 55.9808611869812, "Rank-5": 69.13875341415405, "Rank-10": 77.39234566688538}}
{"event": "epoch", "dataset": "RGBNT201", "recipe": "metric_raw", "epoch": 22, "steps": 53, "mean_loss": 0.8963853458188614, "seconds": 27.79580883300514, "official_fused": {"mAP": 52.98226522135949, "Rank-1": 54.18660044670105, "Rank-5": 67.46411323547363, "Rank-10": 76.55502557754517}}
{"event": "epoch", "dataset": "RGBNT201", "recipe": "metric_raw", "epoch": 23, "steps": 53, "mean_loss": 0.8952149377678925, "seconds": 27.79238514098688, "official_fused": {"mAP": 54.988943176346375, "Rank-1": 56.578946113586426, "Rank-5": 69.73684430122375, "Rank-10": 77.39234566688538}}
{"event": "epoch", "dataset": "RGBNT201", "recipe": "metric_raw", "epoch": 24, "steps": 53, "mean_loss": 0.8915783166885376, "seconds": 27.677887454017764, "official_fused": {"mAP": 55.33142248439833, "Rank-1": 56.69856667518616, "Rank-5": 69.61722373962402, "Rank-10": 78.11004519462585}}
{"event": "epoch", "dataset": "RGBNT201", "recipe": "metric_raw", "epoch": 25, "steps": 53, "mean_loss": 0.8884443089647113, "seconds": 27.758895947015844, "official_fused": {"mAP": 56.795780772377846, "Rank-1": 57.53588676452637, "Rank-5": 70.81339955329895, "Rank-10": 78.94737124443054}}
{"event": "epoch", "dataset": "RGBNT201", "recipe": "metric_raw", "epoch": 26, "steps": 53, "mean_loss": 0.8860425870373564, "seconds": 27.52205551302177, "official_fused": {"mAP": 56.46527944912837, "Rank-1": 56.93780183792114, "Rank-5": 70.21530866622925, "Rank-10": 78.94737124443054}}
{"event": "epoch", "dataset": "RGBNT201", "recipe": "metric_raw", "epoch": 27, "steps": 53, "mean_loss": 0.8857469918592921, "seconds": 27.929406626004493, "official_fused": {"mAP": 58.60606236896319, "Rank-1": 59.090906381607056, "Rank-5": 72.48803973197937, "Rank-10": 79.66507077217102}}
{"event": "epoch", "dataset": "RGBNT201", "recipe": "metric_raw", "epoch": 28, "steps": 53, "mean_loss": 0.8832067509867111, "seconds": 27.574587853014236, "official_fused": {"mAP": 57.47721293209338, "Rank-1": 56.81818127632141, "Rank-5": 70.57416439056396, "Rank-10": 79.42583560943604}}
{"event": "epoch", "dataset": "RGBNT201", "recipe": "metric_raw", "epoch": 29, "steps": 53, "mean_loss": 0.8836305951172451, "seconds": 27.742982878990006, "official_fused": {"mAP": 55.32663512532029, "Rank-1": 54.904305934906006, "Rank-5": 68.06219816207886, "Rank-10": 78.70813608169556}}
{"event": "epoch", "dataset": "RGBNT201", "recipe": "metric_raw", "epoch": 30, "steps": 53, "mean_loss": 0.8810498073415937, "seconds": 27.72898512100801, "official_fused": {"mAP": 55.69588165641011, "Rank-1": 55.02392053604126, "Rank-5": 69.37798857688904, "Rank-10": 79.30622100830078}}
{"event": "epoch", "dataset": "RGBNT201", "recipe": "metric_raw", "epoch": 31, "steps": 53, "mean_loss": 0.8788883888496543, "seconds": 27.919231899024453, "official_fused": {"mAP": 56.52365406711668, "Rank-1": 55.62201142311096, "Rank-5": 71.29186391830444, "Rank-10": 80.14354109764099}}
{"event": "epoch", "dataset": "RGBNT201", "recipe": "metric_raw", "epoch": 32, "steps": 53, "mean_loss": 0.877658984571133, "seconds": 27.896250624995446, "official_fused": {"mAP": 56.79914203927411, "Rank-1": 56.33971095085144, "Rank-5": 71.88995480537415, "Rank-10": 80.74162602424622}}
{"event": "epoch", "dataset": "RGBNT201", "recipe": "metric_raw", "epoch": 33, "steps": 53, "mean_loss": 0.8784801352698848, "seconds": 27.76670302799903, "official_fused": {"mAP": 59.39535474894273, "Rank-1": 60.64593195915222, "Rank-5": 75.0, "Rank-10": 83.01435112953186}}
{"event": "epoch", "dataset": "RGBNT201", "recipe": "metric_raw", "epoch": 34, "steps": 53, "mean_loss": 0.8752232947439518, "seconds": 27.50015259999782, "official_fused": {"mAP": 57.44422093078951, "Rank-1": 57.416266202926636, "Rank-5": 71.17224931716919, "Rank-10": 81.45933151245117}}
{"event": "epoch", "dataset": "RGBNT201", "recipe": "metric_raw", "epoch": 35, "steps": 53, "mean_loss": 0.8760901689529419, "seconds": 27.726102377986535, "official_fused": {"mAP": 58.907842614717666, "Rank-1": 58.61244201660156, "Rank-5": 71.65071964263916, "Rank-10": 81.81818127632141}}
{"event": "epoch", "dataset": "RGBNT201", "recipe": "metric_raw", "epoch": 36, "steps": 53, "mean_loss": 0.8737531810436608, "seconds": 27.925737030018354, "official_fused": {"mAP": 58.807490322535294, "Rank-1": 58.732056617736816, "Rank-5": 71.65071964263916, "Rank-10": 81.22009634971619}}
{"event": "epoch", "dataset": "RGBNT201", "recipe": "metric_raw", "epoch": 37, "steps": 53, "mean_loss": 0.8758491176479267, "seconds": 27.787952255021082, "official_fused": {"mAP": 59.40222304394543, "Rank-1": 59.68899726867676, "Rank-5": 75.0, "Rank-10": 84.21052694320679}}
{"event": "epoch", "dataset": "RGBNT201", "recipe": "metric_raw", "epoch": 38, "steps": 53, "mean_loss": 0.8749512141605593, "seconds": 27.87691507898853, "official_fused": {"mAP": 59.73434400981085, "Rank-1": 60.28708219528198, "Rank-5": 72.96651005744934, "Rank-10": 82.41626620292664}}
{"event": "epoch", "dataset": "RGBNT201", "recipe": "metric_raw", "epoch": 39, "steps": 53, "mean_loss": 0.8739013638136521, "seconds": 27.502524216019083, "official_fused": {"mAP": 59.03543477179591, "Rank-1": 58.61244201660156, "Rank-5": 74.28229451179504, "Rank-10": 82.53588676452637}}
{"event": "epoch", "dataset": "RGBNT201", "recipe": "metric_raw", "epoch": 40, "steps": 53, "mean_loss": 0.871224249308964, "seconds": 27.943286505003925, "official_fused": {"mAP": 59.05351359368078, "Rank-1": 59.33014154434204, "Rank-5": 73.20573925971985, "Rank-10": 81.22009634971619}}
{"event": "epoch", "dataset": "RGBNT201", "recipe": "metric_raw", "epoch": 41, "steps": 53, "mean_loss": 0.8714591242232412, "seconds": 27.86232871300308, "official_fused": {"mAP": 58.78650631485184, "Rank-1": 57.894736528396606, "Rank-5": 73.68420958518982, "Rank-10": 81.93780183792114}}
{"event": "epoch", "dataset": "RGBNT201", "recipe": "metric_raw", "epoch": 42, "steps": 53, "mean_loss": 0.871053159236908, "seconds": 27.90771279600449, "official_fused": {"mAP": 58.82740087060395, "Rank-1": 57.77512192726135, "Rank-5": 72.96651005744934, "Rank-10": 82.0574164390564}}
{"event": "epoch", "dataset": "RGBNT201", "recipe": "metric_raw", "epoch": 43, "steps": 53, "mean_loss": 0.8713223034480833, "seconds": 27.87783748001675, "official_fused": {"mAP": 58.7215548170224, "Rank-1": 58.01435112953186, "Rank-5": 73.44497442245483, "Rank-10": 81.69856667518616}}
{"event": "epoch", "dataset": "RGBNT201", "recipe": "metric_raw", "epoch": 44, "steps": 53, "mean_loss": 0.870157112490456, "seconds": 28.273108570021577, "official_fused": {"mAP": 58.78815019672804, "Rank-1": 57.894736528396606, "Rank-5": 73.20573925971985, "Rank-10": 82.41626620292664}}
{"event": "epoch", "dataset": "RGBNT201", "recipe": "metric_raw", "epoch": 45, "steps": 53, "mean_loss": 0.871225080400143, "seconds": 28.292834591993596, "official_fused": {"mAP": 58.71395878842092, "Rank-1": 57.894736528396606, "Rank-5": 72.84688949584961, "Rank-10": 82.0574164390564}}
{"event": "epoch", "dataset": "RGBNT201", "recipe": "metric_raw", "epoch": 46, "steps": 52, "mean_loss": 0.8704471828845831, "seconds": 27.92033710097894, "official_fused": {"mAP": 58.81408192294803, "Rank-1": 58.37320685386658, "Rank-5": 72.72727489471436, "Rank-10": 82.17703104019165}}
{"event": "epoch", "dataset": "RGBNT201", "recipe": "metric_raw", "epoch": 47, "steps": 53, "mean_loss": 0.8702820550720647, "seconds": 28.27881657599937, "official_fused": {"mAP": 58.8491706209579, "Rank-1": 58.61244201660156, "Rank-5": 72.60765433311462, "Rank-10": 82.29665160179138}}
{"event": "epoch", "dataset": "RGBNT201", "recipe": "metric_raw", "epoch": 48, "steps": 53, "mean_loss": 0.8708259609510314, "seconds": 28.013639755023178, "official_fused": {"mAP": 58.94343841602372, "Rank-1": 58.61244201660156, "Rank-5": 72.60765433311462, "Rank-10": 82.17703104019165}}
{"event": "epoch", "dataset": "RGBNT201", "recipe": "metric_raw", "epoch": 49, "steps": 53, "mean_loss": 0.8693320649974751, "seconds": 28.080941429012455, "official_fused": {"mAP": 58.93031670477825, "Rank-1": 58.732056617736816, "Rank-5": 72.48803973197937, "Rank-10": 82.0574164390564}}
{"event": "epoch", "dataset": "RGBNT201", "recipe": "metric_raw", "epoch": 50, "steps": 53, "mean_loss": 0.8714897295214096, "seconds": 28.010291842976585, "official_fused": {"mAP": 58.91861927549116, "Rank-1": 58.732056617736816, "Rank-5": 72.60765433311462, "Rank-10": 82.0574164390564}}
