/data/gaob/Re-ID/conda-envs/tri_reid/lib/python3.10/site-packages/timm/models/helpers.py:7: FutureWarning: Importing from timm.models.helpers is deprecated, please import via timm.models
  warnings.warn(f"Importing from {__name__} is deprecated, please import via timm.models", FutureWarning)
/data/gaob/Re-ID/conda-envs/tri_reid/lib/python3.10/site-packages/timm/models/registry.py:4: FutureWarning: Importing from timm.models.registry is deprecated, please import via timm.models
  warnings.warn(f"Importing from {__name__} is deprecated, please import via timm.models", FutureWarning)
/data/gaob/Re-ID/conda-envs/tri_reid/lib/python3.10/site-packages/timm/models/layers/__init__.py:48: FutureWarning: Importing from timm.models.layers is deprecated, please import via timm.layers
  warnings.warn(f"Importing from {__name__} is deprecated, please import via timm.layers", FutureWarning)
建立transformer............
using Transformer_type: ViT-B-16 as a backbone
Resized position embedding: %s to %s torch.Size([197, 768]) torch.Size([129, 768])
Position embedding resize to height:8 width: 16
Successfully load ckpt!
<All keys matched successfully>
Loading pretrained model from CLIP
camera number is : 8
===========Building Signal===========
{"event": "epoch", "dataset": "RGBNT100", "epoch": 1, "steps": 130, "mean_loss": 2.5170826407579274, "seconds": 51.13355647599383, "official_fused": {"mAP": 85.11777892299018, "Rank-1": 94.98542547225952, "Rank-5": 95.68513035774231, "Rank-10": 95.97667455673218}, "best_epoch": 1}
{"event": "epoch", "dataset": "RGBNT100", "epoch": 2, "steps": 131, "mean_loss": 0.8836929343128932, "seconds": 50.34143208101159, "official_fused": {"mAP": 84.47223019156486, "Rank-1": 95.86005806922913, "Rank-5": 96.67638540267944, "Rank-10": 97.14285731315613}, "best_epoch": 1}
{"event": "epoch", "dataset": "RGBNT100", "epoch": 3, "steps": 132, "mean_loss": 0.726451264186339, "seconds": 50.370677315004286, "official_fused": {"mAP": 82.10006062329632, "Rank-1": 95.74344158172607, "Rank-5": 96.73469662666321, "Rank-10": 97.14285731315613}, "best_epoch": 1}
{"event": "epoch", "dataset": "RGBNT100", "epoch": 4, "steps": 131, "mean_loss": 0.716698037304041, "seconds": 50.73116949599353, "official_fused": {"mAP": 81.00166257415701, "Rank-1": 94.92711424827576, "Rank-5": 95.5102026462555, "Rank-10": 95.91836929321289}, "best_epoch": 1}
{"event": "epoch", "dataset": "RGBNT100", "epoch": 5, "steps": 132, "mean_loss": 0.7116611789573323, "seconds": 50.63815971199074, "official_fused": {"mAP": 80.76235426080848, "Rank-1": 94.51894760131836, "Rank-5": 95.4518973827362, "Rank-10": 95.91836929321289}, "best_epoch": 1}
{"event": "epoch", "dataset": "RGBNT100", "epoch": 6, "steps": 131, "mean_loss": 0.7098802410009253, "seconds": 50.46417268300138, "official_fused": {"mAP": 81.61376213482926, "Rank-1": 94.92711424827576, "Rank-5": 95.62682509422302, "Rank-10": 95.97667455673218}, "best_epoch": 1}
{"event": "epoch", "dataset": "RGBNT100", "epoch": 7, "steps": 132, "mean_loss": 0.7079763380867062, "seconds": 50.70597717999772, "official_fused": {"mAP": 81.03465198095118, "Rank-1": 94.51894760131836, "Rank-5": 95.16034722328186, "Rank-10": 95.62682509422302}, "best_epoch": 1}
{"event": "epoch", "dataset": "RGBNT100", "epoch": 8, "steps": 131, "mean_loss": 0.7077407736814659, "seconds": 50.278130078004324, "official_fused": {"mAP": 81.61399153314903, "Rank-1": 94.28571462631226, "Rank-5": 95.10204195976257, "Rank-10": 95.5102026462555}, "best_epoch": 1}
{"event": "epoch", "dataset": "RGBNT100", "epoch": 9, "steps": 130, "mean_loss": 0.7078311099455907, "seconds": 49.80483706800442, "official_fused": {"mAP": 81.63945812728258, "Rank-1": 94.51894760131836, "Rank-5": 95.21865844726562, "Rank-10": 95.74344158172607}, "best_epoch": 1}
{"event": "epoch", "dataset": "RGBNT100", "epoch": 10, "steps": 132, "mean_loss": 0.7074866010384127, "seconds": 50.514792938993196, "official_fused": {"mAP": 81.78325375251283, "Rank-1": 94.1690981388092, "Rank-5": 94.98542547225952, "Rank-10": 95.86005806922913}, "best_epoch": 1}
{"event": "epoch", "dataset": "RGBNT100", "epoch": 11, "steps": 131, "mean_loss": 0.7073570448933667, "seconds": 50.299340539990226, "official_fused": {"mAP": 82.23579554596819, "Rank-1": 94.34402585029602, "Rank-5": 95.04373073577881, "Rank-10": 95.68513035774231}, "best_epoch": 1}
{"event": "epoch", "dataset": "RGBNT100", "epoch": 12, "steps": 131, "mean_loss": 0.7074042945417739, "seconds": 50.127757036010735, "official_fused": {"mAP": 81.83930060592574, "Rank-1": 94.22740340232849, "Rank-5": 95.04373073577881, "Rank-10": 95.39358615875244}, "best_epoch": 1}
{"event": "epoch", "dataset": "RGBNT100", "epoch": 13, "steps": 131, "mean_loss": 0.7071909112784699, "seconds": 50.51923758200428, "official_fused": {"mAP": 81.72451249458526, "Rank-1": 93.58600378036499, "Rank-5": 94.46064233779907, "Rank-10": 94.92711424827576}, "best_epoch": 1}
{"event": "epoch", "dataset": "RGBNT100", "epoch": 14, "steps": 132, "mean_loss": 0.7074255473685988, "seconds": 51.29619447600271, "official_fused": {"mAP": 82.04866623774026, "Rank-1": 93.64431500434875, "Rank-5": 94.57725882530212, "Rank-10": 94.98542547225952}, "best_epoch": 1}
{"event": "epoch", "dataset": "RGBNT100", "epoch": 15, "steps": 129, "mean_loss": 0.7072720449100169, "seconds": 49.727587869012496, "official_fused": {"mAP": 81.19758235433318, "Rank-1": 93.93585920333862, "Rank-5": 95.10204195976257, "Rank-10": 95.4518973827362}, "best_epoch": 1}
{"event": "epoch", "dataset": "RGBNT100", "epoch": 16, "steps": 131, "mean_loss": 0.7071431033483898, "seconds": 50.47473510200507, "official_fused": {"mAP": 80.63791518428495, "Rank-1": 93.64431500434875, "Rank-5": 94.57725882530212, "Rank-10": 94.75218653678894}, "best_epoch": 1}
{"event": "epoch", "dataset": "RGBNT100", "epoch": 17, "steps": 132, "mean_loss": 0.707014008453398, "seconds": 50.86209134400997, "official_fused": {"mAP": 81.22513170009874, "Rank-1": 94.05247569084167, "Rank-5": 94.75218653678894, "Rank-10": 94.8104977607727}, "best_epoch": 1}
{"event": "epoch", "dataset": "RGBNT100", "epoch": 18, "steps": 132, "mean_loss": 0.7072241726246747, "seconds": 50.73603842200828, "official_fused": {"mAP": 81.44904393902488, "Rank-1": 94.28571462631226, "Rank-5": 94.51894760131836, "Rank-10": 94.69387531280518}, "best_epoch": 1}
{"event": "epoch", "dataset": "RGBNT100", "epoch": 19, "steps": 132, "mean_loss": 0.7069572567036657, "seconds": 50.49487135000527, "official_fused": {"mAP": 80.61956161407043, "Rank-1": 93.1195318698883, "Rank-5": 94.05247569084167, "Rank-10": 94.46064233779907}, "best_epoch": 1}
{"event": "epoch", "dataset": "RGBNT100", "epoch": 20, "steps": 132, "mean_loss": 0.7067929673375506, "seconds": 50.60590331599815, "official_fused": {"mAP": 80.68285569433003, "Rank-1": 92.53644347190857, "Rank-5": 93.5276985168457, "Rank-10": 94.11078691482544}, "best_epoch": 1}
{"event": "epoch", "dataset": "RGBNT100", "epoch": 21, "steps": 131, "mean_loss": 0.7070926673539722, "seconds": 50.16659744999197, "official_fused": {"mAP": 80.04574059863054, "Rank-1": 92.76967644691467, "Rank-5": 93.64431500434875, "Rank-10": 94.28571462631226}, "best_epoch": 1}
{"event": "epoch", "dataset": "RGBNT100", "epoch": 22, "steps": 132, "mean_loss": 0.7071308895493998, "seconds": 50.52017469800194, "official_fused": {"mAP": 80.71702640722518, "Rank-1": 93.17784309387207, "Rank-5": 93.99417042732239, "Rank-10": 94.34402585029602}, "best_epoch": 1}
{"event": "epoch", "dataset": "RGBNT100", "epoch": 23, "steps": 131, "mean_loss": 0.707115770296286, "seconds": 50.409012268995866, "official_fused": {"mAP": 80.58838490628214, "Rank-1": 93.06122660636902, "Rank-5": 94.1690981388092, "Rank-10": 94.8104977607727}, "best_epoch": 1}
{"event": "epoch", "dataset": "RGBNT100", "epoch": 24, "steps": 130, "mean_loss": 0.7068832535010118, "seconds": 50.18726162199164, "official_fused": {"mAP": 80.60003252689293, "Rank-1": 93.06122660636902, "Rank-5": 93.70262622833252, "Rank-10": 94.1690981388092}, "best_epoch": 1}
{"event": "epoch", "dataset": "RGBNT100", "epoch": 25, "steps": 132, "mean_loss": 0.7066934551253463, "seconds": 50.386420226001064, "official_fused": {"mAP": 80.2153753913966, "Rank-1": 92.82798767089844, "Rank-5": 93.46938729286194, "Rank-10": 93.87755393981934}, "best_epoch": 1}
{"event": "epoch", "dataset": "RGBNT100", "epoch": 26, "steps": 131, "mean_loss": 0.7065816699093534, "seconds": 49.98512176600343, "official_fused": {"mAP": 80.17912022555672, "Rank-1": 92.94460415840149, "Rank-5": 93.64431500434875, "Rank-10": 93.99417042732239}, "best_epoch": 1}
{"event": "epoch", "dataset": "RGBNT100", "epoch": 27, "steps": 131, "mean_loss": 0.706519709288619, "seconds": 49.96207378098916, "official_fused": {"mAP": 79.75925494808807, "Rank-1": 92.94460415840149, "Rank-5": 93.41107606887817, "Rank-10": 93.87755393981934}, "best_epoch": 1}
{"event": "epoch", "dataset": "RGBNT100", "epoch": 28, "steps": 130, "mean_loss": 0.7065237155327431, "seconds": 49.79399729600118, "official_fused": {"mAP": 79.68713310965113, "Rank-1": 92.2448992729187, "Rank-5": 93.29445958137512, "Rank-10": 93.81924271583557}, "best_epoch": 1}
{"event": "epoch", "dataset": "RGBNT100", "epoch": 29, "steps": 131, "mean_loss": 0.7065374023131742, "seconds": 50.30430107598659, "official_fused": {"mAP": 79.3291750672672, "Rank-1": 91.66180491447449, "Rank-5": 92.65305995941162, "Rank-10": 93.06122660636902}, "best_epoch": 1}
{"event": "epoch", "dataset": "RGBNT100", "epoch": 30, "steps": 132, "mean_loss": 0.706405726797653, "seconds": 50.61122259599506, "official_fused": {"mAP": 78.88545829133271, "Rank-1": 92.30320453643799, "Rank-5": 92.94460415840149, "Rank-10": 93.17784309387207}, "best_epoch": 1}
{"event": "epoch", "dataset": "RGBNT100", "epoch": 31, "steps": 131, "mean_loss": 0.706457028407177, "seconds": 50.15273505001096, "official_fused": {"mAP": 78.66996146388698, "Rank-1": 91.66180491447449, "Rank-5": 92.18658804893494, "Rank-10": 92.8862988948822}, "best_epoch": 1}
{"event": "epoch", "dataset": "RGBNT100", "epoch": 32, "steps": 131, "mean_loss": 0.7063856984822805, "seconds": 49.88342044199817, "official_fused": {"mAP": 78.94078393529455, "Rank-1": 92.59475469589233, "Rank-5": 93.23615431785583, "Rank-10": 93.46938729286194}, "best_epoch": 1}
{"event": "epoch", "dataset": "RGBNT100", "epoch": 33, "steps": 131, "mean_loss": 0.7062463255328987, "seconds": 50.74448006799503, "official_fused": {"mAP": 78.90854335507626, "Rank-1": 92.36151576042175, "Rank-5": 93.06122660636902, "Rank-10": 93.1195318698883}, "best_epoch": 1}
{"event": "epoch", "dataset": "RGBNT100", "epoch": 34, "steps": 132, "mean_loss": 0.7062745062690793, "seconds": 50.610761313000694, "official_fused": {"mAP": 78.7391334945955, "Rank-1": 92.36151576042175, "Rank-5": 93.1195318698883, "Rank-10": 93.93585920333862}, "best_epoch": 1}
{"event": "epoch", "dataset": "RGBNT100", "epoch": 35, "steps": 132, "mean_loss": 0.7061872021718458, "seconds": 50.4633690220071, "official_fused": {"mAP": 78.29151722243571, "Rank-1": 92.12828278541565, "Rank-5": 92.94460415840149, "Rank-10": 93.17784309387207}, "best_epoch": 1}
{"event": "epoch", "dataset": "RGBNT100", "epoch": 36, "steps": 130, "mean_loss": 0.7061791392473075, "seconds": 50.04404802400677, "official_fused": {"mAP": 78.44362511876035, "Rank-1": 92.01166033744812, "Rank-5": 92.4781322479248, "Rank-10": 93.17784309387207}, "best_epoch": 1}
{"event": "epoch", "dataset": "RGBNT100", "epoch": 37, "steps": 131, "mean_loss": 0.706152583351572, "seconds": 50.14783751399955, "official_fused": {"mAP": 77.95807595940346, "Rank-1": 91.77842736244202, "Rank-5": 92.4781322479248, "Rank-10": 92.82798767089844}, "best_epoch": 1}
{"event": "epoch", "dataset": "RGBNT100", "epoch": 38, "steps": 132, "mean_loss": 0.7061135516022191, "seconds": 50.40031845400517, "official_fused": {"mAP": 78.20287760785915, "Rank-1": 92.01166033744812, "Rank-5": 92.59475469589233, "Rank-10": 92.76967644691467}, "best_epoch": 1}
{"event": "epoch", "dataset": "RGBNT100", "epoch": 39, "steps": 130, "mean_loss": 0.7060876007263477, "seconds": 49.89047097599541, "official_fused": {"mAP": 77.83249222370617, "Rank-1": 91.89504384994507, "Rank-5": 92.4781322479248, "Rank-10": 92.76967644691467}, "best_epoch": 1}
{"event": "epoch", "dataset": "RGBNT100", "epoch": 40, "steps": 131, "mean_loss": 0.7060631622794931, "seconds": 50.61266010500549, "official_fused": {"mAP": 77.84695185134593, "Rank-1": 91.66180491447449, "Rank-5": 92.71137118339539, "Rank-10": 92.8862988948822}, "best_epoch": 1}
{"event": "epoch", "dataset": "RGBNT100", "epoch": 41, "steps": 131, "mean_loss": 0.7060549900731967, "seconds": 49.99707321298774, "official_fused": {"mAP": 77.53146978939608, "Rank-1": 91.66180491447449, "Rank-5": 92.41982698440552, "Rank-10": 92.8862988948822}, "best_epoch": 1}
{"event": "epoch", "dataset": "RGBNT100", "epoch": 42, "steps": 132, "mean_loss": 0.7060319844520453, "seconds": 50.65880474798905, "official_fused": {"mAP": 77.68136394394611, "Rank-1": 91.72011613845825, "Rank-5": 92.53644347190857, "Rank-10": 92.8862988948822}, "best_epoch": 1}
{"event": "epoch", "dataset": "RGBNT100", "epoch": 43, "steps": 131, "mean_loss": 0.7060271096593551, "seconds": 50.1726517079951, "official_fused": {"mAP": 77.55586377955538, "Rank-1": 91.66180491447449, "Rank-5": 92.36151576042175, "Rank-10": 92.94460415840149}, "best_epoch": 1}
{"event": "epoch", "dataset": "RGBNT100", "epoch": 44, "steps": 131, "mean_loss": 0.7060204626039694, "seconds": 50.35877844700008, "official_fused": {"mAP": 77.42075304635897, "Rank-1": 91.42857193946838, "Rank-5": 92.01166033744812, "Rank-10": 92.53644347190857}, "best_epoch": 1}
