/root/miniconda3/envs/tri_reid/lib/python3.10/site-packages/timm/models/helpers.py:7: FutureWarning: Importing from timm.models.helpers is deprecated, please import via timm.models
  warnings.warn(f"Importing from {__name__} is deprecated, please import via timm.models", FutureWarning)
/root/miniconda3/envs/tri_reid/lib/python3.10/site-packages/timm/models/registry.py:4: FutureWarning: Importing from timm.models.registry is deprecated, please import via timm.models
  warnings.warn(f"Importing from {__name__} is deprecated, please import via timm.models", FutureWarning)
/root/miniconda3/envs/tri_reid/lib/python3.10/site-packages/timm/models/layers/__init__.py:48: FutureWarning: Importing from timm.models.layers is deprecated, please import via timm.layers
  warnings.warn(f"Importing from {__name__} is deprecated, please import via timm.layers", FutureWarning)
建立transformer............
using Transformer_type: ViT-B-16 as a backbone
Resized position embedding: %s to %s torch.Size([197, 768]) torch.Size([129, 768])
Position embedding resize to height:8 width: 16
Successfully load ckpt!
<All keys matched successfully>
Loading pretrained model from CLIP
camera number is : 8
===========Building Signal===========
{"event": "role_set_epoch", "endpoint": "control", "fold": 0, "mode": "comparison", "epoch": 1, "optimizer_steps": 13, "learning_rate": 7.000000000000001e-05, "mean_loss": 4.000747533944937, "elapsed_seconds": 22.18707947432995}
{"event": "role_set_epoch", "endpoint": "control", "fold": 0, "mode": "comparison", "epoch": 2, "optimizer_steps": 13, "learning_rate": 0.00014000000000000001, "mean_loss": 3.480699135706975, "elapsed_seconds": 20.616133159026504}
{"event": "role_set_epoch", "endpoint": "control", "fold": 0, "mode": "comparison", "epoch": 3, "optimizer_steps": 13, "learning_rate": 0.00020999999999999998, "mean_loss": 2.777359412266658, "elapsed_seconds": 20.077818848192692}
{"event": "role_set_epoch", "endpoint": "control", "fold": 0, "mode": "comparison", "epoch": 4, "optimizer_steps": 13, "learning_rate": 0.00028000000000000003, "mean_loss": 2.123922063754155, "elapsed_seconds": 20.040253207087517}
{"event": "role_set_epoch", "endpoint": "control", "fold": 0, "mode": "comparison", "epoch": 5, "optimizer_steps": 13, "learning_rate": 0.00035, "mean_loss": 1.6743991650067842, "elapsed_seconds": 19.952098667621613}
{"event": "role_set_epoch", "endpoint": "control", "fold": 0, "mode": "comparison", "epoch": 6, "optimizer_steps": 13, "learning_rate": 0.00035, "mean_loss": 1.4518077190105731, "elapsed_seconds": 96.06850743293762}
{"event": "role_set_epoch", "endpoint": "control", "fold": 0, "mode": "comparison", "epoch": 7, "optimizer_steps": 13, "learning_rate": 0.000346175830128416, "mean_loss": 1.33819292141841, "elapsed_seconds": 127.86170241981745}
{"event": "role_set_epoch", "endpoint": "control", "fold": 0, "mode": "comparison", "epoch": 8, "optimizer_steps": 13, "learning_rate": 0.0003348704550874551, "mean_loss": 1.2188035616507897, "elapsed_seconds": 131.93689982965589}
{"event": "role_set_epoch", "endpoint": "control", "fold": 0, "mode": "comparison", "epoch": 9, "optimizer_steps": 13, "learning_rate": 0.0003165779740156158, "mean_loss": 1.0966620628650372, "elapsed_seconds": 132.43336827680469}
{"event": "role_set_epoch", "endpoint": "control", "fold": 0, "mode": "comparison", "epoch": 10, "optimizer_steps": 13, "learning_rate": 0.0002920978561128002, "mean_loss": 1.061624866265517, "elapsed_seconds": 131.4506509564817}
{"event": "role_set_epoch", "endpoint": "control", "fold": 0, "mode": "comparison", "epoch": 11, "optimizer_steps": 13, "learning_rate": 0.0002625, "mean_loss": 1.0130250041301434, "elapsed_seconds": 131.6767354030162}
{"event": "role_set_epoch", "endpoint": "control", "fold": 0, "mode": "comparison", "epoch": 12, "optimizer_steps": 13, "learning_rate": 0.0002290779740156158, "mean_loss": 0.9933286951138423, "elapsed_seconds": 133.64664800465107}
{"event": "role_set_epoch", "endpoint": "control", "fold": 0, "mode": "comparison", "epoch": 13, "optimizer_steps": 13, "learning_rate": 0.00019329248107183937, "mean_loss": 0.9603330538823054, "elapsed_seconds": 133.51395078748465}
{"event": "role_set_epoch", "endpoint": "control", "fold": 0, "mode": "comparison", "epoch": 14, "optimizer_steps": 13, "learning_rate": 0.00015670751892816066, "mean_loss": 0.9452075820702773, "elapsed_seconds": 130.74334370717406}
{"event": "role_set_epoch", "endpoint": "control", "fold": 0, "mode": "comparison", "epoch": 15, "optimizer_steps": 13, "learning_rate": 0.00012092202598438422, "mean_loss": 0.9288180287067707, "elapsed_seconds": 130.9905817527324}
{"event": "role_set_epoch", "endpoint": "control", "fold": 0, "mode": "comparison", "epoch": 16, "optimizer_steps": 13, "learning_rate": 8.750000000000004e-05, "mean_loss": 0.9184881036098187, "elapsed_seconds": 134.1921363528818}
{"event": "role_set_epoch", "endpoint": "control", "fold": 0, "mode": "comparison", "epoch": 17, "optimizer_steps": 13, "learning_rate": 5.7902143887199866e-05, "mean_loss": 0.9088690739411575, "elapsed_seconds": 130.81535531580448}
{"event": "role_set_epoch", "endpoint": "control", "fold": 0, "mode": "comparison", "epoch": 18, "optimizer_steps": 13, "learning_rate": 3.342202598438421e-05, "mean_loss": 0.8878258833518395, "elapsed_seconds": 129.41048413142562}
{"event": "role_set_epoch", "endpoint": "control", "fold": 0, "mode": "comparison", "epoch": 19, "optimizer_steps": 13, "learning_rate": 1.5129544912544829e-05, "mean_loss": 0.886106761602255, "elapsed_seconds": 132.74939871951938}
{"event": "role_set_epoch", "endpoint": "control", "fold": 0, "mode": "comparison", "epoch": 20, "optimizer_steps": 13, "learning_rate": 3.824169871584004e-06, "mean_loss": 0.8882303558863126, "elapsed_seconds": 131.46535123698413}
建立transformer............
using Transformer_type: ViT-B-16 as a backbone
Resized position embedding: %s to %s torch.Size([197, 768]) torch.Size([129, 768])
Position embedding resize to height:8 width: 16
Successfully load ckpt!
<All keys matched successfully>
Loading pretrained model from CLIP
camera number is : 8
===========Building Signal===========
建立transformer............
using Transformer_type: ViT-B-16 as a backbone
Resized position embedding: %s to %s torch.Size([197, 768]) torch.Size([129, 768])
Position embedding resize to height:8 width: 16
Successfully load ckpt!
<All keys matched successfully>
Loading pretrained model from CLIP
camera number is : 8
===========Building Signal===========
{"event": "role_set_epoch", "endpoint": "role_set", "fold": 0, "mode": "comparison", "epoch": 1, "optimizer_steps": 13, "learning_rate": 7.000000000000001e-05, "mean_loss": 4.000777317927434, "elapsed_seconds": 18.80783881433308}
{"event": "role_set_epoch", "endpoint": "role_set", "fold": 0, "mode": "comparison", "epoch": 2, "optimizer_steps": 13, "learning_rate": 0.00014000000000000001, "mean_loss": 3.4807501206031213, "elapsed_seconds": 18.41404613107443}
{"event": "role_set_epoch", "endpoint": "role_set", "fold": 0, "mode": "comparison", "epoch": 3, "optimizer_steps": 13, "learning_rate": 0.00020999999999999998, "mean_loss": 2.777465691933265, "elapsed_seconds": 18.424170279875398}
{"event": "role_set_epoch", "endpoint": "role_set", "fold": 0, "mode": "comparison", "epoch": 4, "optimizer_steps": 13, "learning_rate": 0.00028000000000000003, "mean_loss": 2.124079309977018, "elapsed_seconds": 18.410955050960183}
{"event": "role_set_epoch", "endpoint": "role_set", "fold": 0, "mode": "comparison", "epoch": 5, "optimizer_steps": 13, "learning_rate": 0.00035, "mean_loss": 1.6745474155132587, "elapsed_seconds": 18.339907066896558}
{"event": "role_set_epoch", "endpoint": "role_set", "fold": 0, "mode": "comparison", "epoch": 6, "optimizer_steps": 13, "learning_rate": 0.00035, "mean_loss": 1.4412156618558443, "elapsed_seconds": 96.76904898323119}
{"event": "role_set_epoch", "endpoint": "role_set", "fold": 0, "mode": "comparison", "epoch": 7, "optimizer_steps": 13, "learning_rate": 0.000346175830128416, "mean_loss": 1.3286334459598248, "elapsed_seconds": 139.6791796311736}
{"event": "role_set_epoch", "endpoint": "role_set", "fold": 0, "mode": "comparison", "epoch": 8, "optimizer_steps": 13, "learning_rate": 0.0003348704550874551, "mean_loss": 1.2078674389765813, "elapsed_seconds": 136.31789626181126}
{"event": "role_set_epoch", "endpoint": "role_set", "fold": 0, "mode": "comparison", "epoch": 9, "optimizer_steps": 13, "learning_rate": 0.0003165779740156158, "mean_loss": 1.0871569285025964, "elapsed_seconds": 138.82667312398553}
{"event": "role_set_epoch", "endpoint": "role_set", "fold": 0, "mode": "comparison", "epoch": 10, "optimizer_steps": 13, "learning_rate": 0.0002920978561128002, "mean_loss": 1.051422302539532, "elapsed_seconds": 137.78274180740118}
{"event": "role_set_epoch", "endpoint": "role_set", "fold": 0, "mode": "comparison", "epoch": 11, "optimizer_steps": 13, "learning_rate": 0.0002625, "mean_loss": 1.0032089902804449, "elapsed_seconds": 137.11791554652154}
{"event": "role_set_epoch", "endpoint": "role_set", "fold": 0, "mode": "comparison", "epoch": 12, "optimizer_steps": 13, "learning_rate": 0.0002290779740156158, "mean_loss": 0.9824474591475266, "elapsed_seconds": 137.2147268820554}
{"event": "role_set_epoch", "endpoint": "role_set", "fold": 0, "mode": "comparison", "epoch": 13, "optimizer_steps": 13, "learning_rate": 0.00019329248107183937, "mean_loss": 0.9501432409653296, "elapsed_seconds": 137.10499626398087}
{"event": "role_set_epoch", "endpoint": "role_set", "fold": 0, "mode": "comparison", "epoch": 14, "optimizer_steps": 13, "learning_rate": 0.00015670751892816066, "mean_loss": 0.9346273037103506, "elapsed_seconds": 135.26995605416596}
{"event": "role_set_epoch", "endpoint": "role_set", "fold": 0, "mode": "comparison", "epoch": 15, "optimizer_steps": 13, "learning_rate": 0.00012092202598438422, "mean_loss": 0.9180790277627798, "elapsed_seconds": 136.99546290189028}
{"event": "role_set_epoch", "endpoint": "role_set", "fold": 0, "mode": "comparison", "epoch": 16, "optimizer_steps": 13, "learning_rate": 8.750000000000004e-05, "mean_loss": 0.9092467794051537, "elapsed_seconds": 137.56024731509387}
{"event": "role_set_epoch", "endpoint": "role_set", "fold": 0, "mode": "comparison", "epoch": 17, "optimizer_steps": 13, "learning_rate": 5.7902143887199866e-05, "mean_loss": 0.8986663589110742, "elapsed_seconds": 135.53358551114798}
{"event": "role_set_epoch", "endpoint": "role_set", "fold": 0, "mode": "comparison", "epoch": 18, "optimizer_steps": 13, "learning_rate": 3.342202598438421e-05, "mean_loss": 0.878906942330874, "elapsed_seconds": 136.18336199223995}
{"event": "role_set_epoch", "endpoint": "role_set", "fold": 0, "mode": "comparison", "epoch": 19, "optimizer_steps": 13, "learning_rate": 1.5129544912544829e-05, "mean_loss": 0.87676019851978, "elapsed_seconds": 134.1004739906639}
{"event": "role_set_epoch", "endpoint": "role_set", "fold": 0, "mode": "comparison", "epoch": 20, "optimizer_steps": 13, "learning_rate": 3.824169871584004e-06, "mean_loss": 0.8790340744532071, "elapsed_seconds": 136.21531608514488}
建立transformer............
using Transformer_type: ViT-B-16 as a backbone
Resized position embedding: %s to %s torch.Size([197, 768]) torch.Size([129, 768])
Position embedding resize to height:8 width: 16
Successfully load ckpt!
<All keys matched successfully>
Loading pretrained model from CLIP
camera number is : 8
===========Building Signal===========
建立transformer............
using Transformer_type: ViT-B-16 as a backbone
Resized position embedding: %s to %s torch.Size([197, 768]) torch.Size([129, 768])
Position embedding resize to height:8 width: 16
Successfully load ckpt!
<All keys matched successfully>
Loading pretrained model from CLIP
camera number is : 8
===========Building Signal===========
{"event": "role_set_epoch", "endpoint": "control", "fold": 1, "mode": "comparison", "epoch": 1, "optimizer_steps": 13, "learning_rate": 7.000000000000001e-05, "mean_loss": 4.045420059790978, "elapsed_seconds": 18.5383696295321}
{"event": "role_set_epoch", "endpoint": "control", "fold": 1, "mode": "comparison", "epoch": 2, "optimizer_steps": 13, "learning_rate": 0.00014000000000000001, "mean_loss": 3.5276649548457217, "elapsed_seconds": 18.580865724012256}
{"event": "role_set_epoch", "endpoint": "control", "fold": 1, "mode": "comparison", "epoch": 3, "optimizer_steps": 13, "learning_rate": 0.00020999999999999998, "mean_loss": 2.8246826575352597, "elapsed_seconds": 18.498787788674235}
{"event": "role_set_epoch", "endpoint": "control", "fold": 1, "mode": "comparison", "epoch": 4, "optimizer_steps": 13, "learning_rate": 0.00028000000000000003, "mean_loss": 2.201889285674462, "elapsed_seconds": 18.28123111091554}
{"event": "role_set_epoch", "endpoint": "control", "fold": 1, "mode": "comparison", "epoch": 5, "optimizer_steps": 13, "learning_rate": 0.00035, "mean_loss": 1.7009709706673255, "elapsed_seconds": 18.60384732671082}
{"event": "role_set_epoch", "endpoint": "control", "fold": 1, "mode": "comparison", "epoch": 6, "optimizer_steps": 13, "learning_rate": 0.00035, "mean_loss": 1.5388271441826453, "elapsed_seconds": 95.00669167749584}
{"event": "role_set_epoch", "endpoint": "control", "fold": 1, "mode": "comparison", "epoch": 7, "optimizer_steps": 13, "learning_rate": 0.000346175830128416, "mean_loss": 1.3875550765257616, "elapsed_seconds": 134.24052285961807}
{"event": "role_set_epoch", "endpoint": "control", "fold": 1, "mode": "comparison", "epoch": 8, "optimizer_steps": 13, "learning_rate": 0.0003348704550874551, "mean_loss": 1.2428781802837665, "elapsed_seconds": 128.71158359013498}
{"event": "role_set_epoch", "endpoint": "control", "fold": 1, "mode": "comparison", "epoch": 9, "optimizer_steps": 13, "learning_rate": 0.0003165779740156158, "mean_loss": 1.1762809294920702, "elapsed_seconds": 136.63802489452064}
{"event": "role_set_epoch", "endpoint": "control", "fold": 1, "mode": "comparison", "epoch": 10, "optimizer_steps": 13, "learning_rate": 0.0002920978561128002, "mean_loss": 1.099493723649245, "elapsed_seconds": 131.4300808813423}
{"event": "role_set_epoch", "endpoint": "control", "fold": 1, "mode": "comparison", "epoch": 11, "optimizer_steps": 13, "learning_rate": 0.0002625, "mean_loss": 1.068814639861767, "elapsed_seconds": 127.47718495316803}
{"event": "role_set_epoch", "endpoint": "control", "fold": 1, "mode": "comparison", "epoch": 12, "optimizer_steps": 13, "learning_rate": 0.0002290779740156158, "mean_loss": 1.0344637632369995, "elapsed_seconds": 134.89172241650522}
{"event": "role_set_epoch", "endpoint": "control", "fold": 1, "mode": "comparison", "epoch": 13, "optimizer_steps": 13, "learning_rate": 0.00019329248107183937, "mean_loss": 0.9997275746785678, "elapsed_seconds": 131.56932500377297}
{"event": "role_set_epoch", "endpoint": "control", "fold": 1, "mode": "comparison", "epoch": 14, "optimizer_steps": 13, "learning_rate": 0.00015670751892816066, "mean_loss": 0.9683438677054185, "elapsed_seconds": 135.63887688331306}
{"event": "role_set_epoch", "endpoint": "control", "fold": 1, "mode": "comparison", "epoch": 15, "optimizer_steps": 13, "learning_rate": 0.00012092202598438422, "mean_loss": 0.9590126092617328, "elapsed_seconds": 128.78453488461673}
{"event": "role_set_epoch", "endpoint": "control", "fold": 1, "mode": "comparison", "epoch": 16, "optimizer_steps": 13, "learning_rate": 8.750000000000004e-05, "mean_loss": 0.9658047144229596, "elapsed_seconds": 127.69487568736076}
{"event": "role_set_epoch", "endpoint": "control", "fold": 1, "mode": "comparison", "epoch": 17, "optimizer_steps": 13, "learning_rate": 5.7902143887199866e-05, "mean_loss": 0.9331405804707453, "elapsed_seconds": 130.50696403346956}
{"event": "role_set_epoch", "endpoint": "control", "fold": 1, "mode": "comparison", "epoch": 18, "optimizer_steps": 13, "learning_rate": 3.342202598438421e-05, "mean_loss": 0.9240367595966046, "elapsed_seconds": 129.28891382738948}
{"event": "role_set_epoch", "endpoint": "control", "fold": 1, "mode": "comparison", "epoch": 19, "optimizer_steps": 13, "learning_rate": 1.5129544912544829e-05, "mean_loss": 0.922240504851708, "elapsed_seconds": 129.25910427980125}
{"event": "role_set_epoch", "endpoint": "control", "fold": 1, "mode": "comparison", "epoch": 20, "optimizer_steps": 13, "learning_rate": 3.824169871584004e-06, "mean_loss": 0.9309823650580186, "elapsed_seconds": 128.18841281719506}
建立transformer............
using Transformer_type: ViT-B-16 as a backbone
Resized position embedding: %s to %s torch.Size([197, 768]) torch.Size([129, 768])
Position embedding resize to height:8 width: 16
Successfully load ckpt!
<All keys matched successfully>
Loading pretrained model from CLIP
camera number is : 8
===========Building Signal===========
建立transformer............
using Transformer_type: ViT-B-16 as a backbone
Resized position embedding: %s to %s torch.Size([197, 768]) torch.Size([129, 768])
Position embedding resize to height:8 width: 16
Successfully load ckpt!
<All keys matched successfully>
Loading pretrained model from CLIP
camera number is : 8
===========Building Signal===========
{"event": "role_set_epoch", "endpoint": "role_set", "fold": 1, "mode": "comparison", "epoch": 1, "optimizer_steps": 13, "learning_rate": 7.000000000000001e-05, "mean_loss": 4.045420830066387, "elapsed_seconds": 18.81195521913469}
{"event": "role_set_epoch", "endpoint": "role_set", "fold": 1, "mode": "comparison", "epoch": 2, "optimizer_steps": 13, "learning_rate": 0.00014000000000000001, "mean_loss": 3.527676123839158, "elapsed_seconds": 18.62720171175897}
{"event": "role_set_epoch", "endpoint": "role_set", "fold": 1, "mode": "comparison", "epoch": 3, "optimizer_steps": 13, "learning_rate": 0.00020999999999999998, "mean_loss": 2.8247000987713156, "elapsed_seconds": 18.74564502388239}
{"event": "role_set_epoch", "endpoint": "role_set", "fold": 1, "mode": "comparison", "epoch": 4, "optimizer_steps": 13, "learning_rate": 0.00028000000000000003, "mean_loss": 2.202170261969933, "elapsed_seconds": 18.687045572325587}
{"event": "role_set_epoch", "endpoint": "role_set", "fold": 1, "mode": "comparison", "epoch": 5, "optimizer_steps": 13, "learning_rate": 0.00035, "mean_loss": 1.7010258711301363, "elapsed_seconds": 18.587597142904997}
{"event": "role_set_epoch", "endpoint": "role_set", "fold": 1, "mode": "comparison", "epoch": 6, "optimizer_steps": 13, "learning_rate": 0.00035, "mean_loss": 1.5278576153975267, "elapsed_seconds": 97.80804858915508}
{"event": "role_set_epoch", "endpoint": "role_set", "fold": 1, "mode": "comparison", "epoch": 7, "optimizer_steps": 13, "learning_rate": 0.000346175830128416, "mean_loss": 1.3749583317683294, "elapsed_seconds": 138.61447859928012}
{"event": "role_set_epoch", "endpoint": "role_set", "fold": 1, "mode": "comparison", "epoch": 8, "optimizer_steps": 13, "learning_rate": 0.0003348704550874551, "mean_loss": 1.231748947730431, "elapsed_seconds": 136.72243062965572}
{"event": "role_set_epoch", "endpoint": "role_set", "fold": 1, "mode": "comparison", "epoch": 9, "optimizer_steps": 13, "learning_rate": 0.0003165779740156158, "mean_loss": 1.1635936498641968, "elapsed_seconds": 138.56675561144948}
{"event": "role_set_epoch", "endpoint": "role_set", "fold": 1, "mode": "comparison", "epoch": 10, "optimizer_steps": 13, "learning_rate": 0.0002920978561128002, "mean_loss": 1.0889620735095098, "elapsed_seconds": 137.87652830779552}
{"event": "role_set_epoch", "endpoint": "role_set", "fold": 1, "mode": "comparison", "epoch": 11, "optimizer_steps": 13, "learning_rate": 0.0002625, "mean_loss": 1.0589266511110158, "elapsed_seconds": 135.91194856725633}
{"event": "role_set_epoch", "endpoint": "role_set", "fold": 1, "mode": "comparison", "epoch": 12, "optimizer_steps": 13, "learning_rate": 0.0002290779740156158, "mean_loss": 1.0236617876933172, "elapsed_seconds": 136.67212418094277}
{"event": "role_set_epoch", "endpoint": "role_set", "fold": 1, "mode": "comparison", "epoch": 13, "optimizer_steps": 13, "learning_rate": 0.00019329248107183937, "mean_loss": 0.9885931152563828, "elapsed_seconds": 138.2713081855327}
{"event": "role_set_epoch", "endpoint": "role_set", "fold": 1, "mode": "comparison", "epoch": 14, "optimizer_steps": 13, "learning_rate": 0.00015670751892816066, "mean_loss": 0.9581401210564834, "elapsed_seconds": 136.77929459698498}
{"event": "role_set_epoch", "endpoint": "role_set", "fold": 1, "mode": "comparison", "epoch": 15, "optimizer_steps": 13, "learning_rate": 0.00012092202598438422, "mean_loss": 0.946239553965055, "elapsed_seconds": 136.46200329251587}
{"event": "role_set_epoch", "endpoint": "role_set", "fold": 1, "mode": "comparison", "epoch": 16, "optimizer_steps": 13, "learning_rate": 8.750000000000004e-05, "mean_loss": 0.954308230143327, "elapsed_seconds": 136.56258757971227}
{"event": "role_set_epoch", "endpoint": "role_set", "fold": 1, "mode": "comparison", "epoch": 17, "optimizer_steps": 13, "learning_rate": 5.7902143887199866e-05, "mean_loss": 0.9225051723993741, "elapsed_seconds": 133.73360925540328}
{"event": "role_set_epoch", "endpoint": "role_set", "fold": 1, "mode": "comparison", "epoch": 18, "optimizer_steps": 13, "learning_rate": 3.342202598438421e-05, "mean_loss": 0.9142780074706445, "elapsed_seconds": 135.74901804327965}
{"event": "role_set_epoch", "endpoint": "role_set", "fold": 1, "mode": "comparison", "epoch": 19, "optimizer_steps": 13, "learning_rate": 1.5129544912544829e-05, "mean_loss": 0.9113443860640893, "elapsed_seconds": 134.0661646258086}
{"event": "role_set_epoch", "endpoint": "role_set", "fold": 1, "mode": "comparison", "epoch": 20, "optimizer_steps": 13, "learning_rate": 3.824169871584004e-06, "mean_loss": 0.9198773778401889, "elapsed_seconds": 135.28415988758206}
建立transformer............
using Transformer_type: ViT-B-16 as a backbone
Resized position embedding: %s to %s torch.Size([197, 768]) torch.Size([129, 768])
Position embedding resize to height:8 width: 16
Successfully load ckpt!
<All keys matched successfully>
Loading pretrained model from CLIP
camera number is : 8
===========Building Signal===========
建立transformer............
using Transformer_type: ViT-B-16 as a backbone
Resized position embedding: %s to %s torch.Size([197, 768]) torch.Size([129, 768])
Position embedding resize to height:8 width: 16
Successfully load ckpt!
<All keys matched successfully>
Loading pretrained model from CLIP
camera number is : 8
===========Building Signal===========
{"event": "role_set_epoch", "endpoint": "control", "fold": 2, "mode": "comparison", "epoch": 1, "optimizer_steps": 13, "learning_rate": 7.000000000000001e-05, "mean_loss": 4.056996437219473, "elapsed_seconds": 18.95803639665246}
{"event": "role_set_epoch", "endpoint": "control", "fold": 2, "mode": "comparison", "epoch": 2, "optimizer_steps": 13, "learning_rate": 0.00014000000000000001, "mean_loss": 3.5534564715165358, "elapsed_seconds": 18.730193553492427}
{"event": "role_set_epoch", "endpoint": "control", "fold": 2, "mode": "comparison", "epoch": 3, "optimizer_steps": 13, "learning_rate": 0.00020999999999999998, "mean_loss": 2.840936220609225, "elapsed_seconds": 18.65125928260386}
{"event": "role_set_epoch", "endpoint": "control", "fold": 2, "mode": "comparison", "epoch": 4, "optimizer_steps": 13, "learning_rate": 0.00028000000000000003, "mean_loss": 2.110104744250958, "elapsed_seconds": 18.391261909157038}
{"event": "role_set_epoch", "endpoint": "control", "fold": 2, "mode": "comparison", "epoch": 5, "optimizer_steps": 13, "learning_rate": 0.00035, "mean_loss": 1.7406086829992442, "elapsed_seconds": 18.64558489434421}
{"event": "role_set_epoch", "endpoint": "control", "fold": 2, "mode": "comparison", "epoch": 6, "optimizer_steps": 13, "learning_rate": 0.00035, "mean_loss": 1.5339349324886615, "elapsed_seconds": 90.61055806651711}
{"event": "role_set_epoch", "endpoint": "control", "fold": 2, "mode": "comparison", "epoch": 7, "optimizer_steps": 13, "learning_rate": 0.000346175830128416, "mean_loss": 1.3854843653165376, "elapsed_seconds": 131.59456314332783}
{"event": "role_set_epoch", "endpoint": "control", "fold": 2, "mode": "comparison", "epoch": 8, "optimizer_steps": 13, "learning_rate": 0.0003348704550874551, "mean_loss": 1.2344874051901011, "elapsed_seconds": 128.31326250359416}
{"event": "role_set_epoch", "endpoint": "control", "fold": 2, "mode": "comparison", "epoch": 9, "optimizer_steps": 13, "learning_rate": 0.0003165779740156158, "mean_loss": 1.1657644510269165, "elapsed_seconds": 132.61329786106944}
{"event": "role_set_epoch", "endpoint": "control", "fold": 2, "mode": "comparison", "epoch": 10, "optimizer_steps": 13, "learning_rate": 0.0002920978561128002, "mean_loss": 1.0885422504865205, "elapsed_seconds": 135.3310464657843}
{"event": "role_set_epoch", "endpoint": "control", "fold": 2, "mode": "comparison", "epoch": 11, "optimizer_steps": 13, "learning_rate": 0.0002625, "mean_loss": 1.0510479120107799, "elapsed_seconds": 130.65514883212745}
{"event": "role_set_epoch", "endpoint": "control", "fold": 2, "mode": "comparison", "epoch": 12, "optimizer_steps": 13, "learning_rate": 0.0002290779740156158, "mean_loss": 0.9951433493540838, "elapsed_seconds": 135.28788271173835}
{"event": "role_set_epoch", "endpoint": "control", "fold": 2, "mode": "comparison", "epoch": 13, "optimizer_steps": 13, "learning_rate": 0.00019329248107183937, "mean_loss": 0.9604127590472882, "elapsed_seconds": 135.04478297568858}
{"event": "role_set_epoch", "endpoint": "control", "fold": 2, "mode": "comparison", "epoch": 14, "optimizer_steps": 13, "learning_rate": 0.00015670751892816066, "mean_loss": 0.9975901887967036, "elapsed_seconds": 133.05063423141837}
{"event": "role_set_epoch", "endpoint": "control", "fold": 2, "mode": "comparison", "epoch": 15, "optimizer_steps": 13, "learning_rate": 0.00012092202598438422, "mean_loss": 0.9646813640227685, "elapsed_seconds": 131.3652555719018}
{"event": "role_set_epoch", "endpoint": "control", "fold": 2, "mode": "comparison", "epoch": 16, "optimizer_steps": 13, "learning_rate": 8.750000000000004e-05, "mean_loss": 0.9232268746082599, "elapsed_seconds": 130.55191415548325}
{"event": "role_set_epoch", "endpoint": "control", "fold": 2, "mode": "comparison", "epoch": 17, "optimizer_steps": 13, "learning_rate": 5.7902143887199866e-05, "mean_loss": 0.9177441138487595, "elapsed_seconds": 132.45133783482015}
{"event": "role_set_epoch", "endpoint": "control", "fold": 2, "mode": "comparison", "epoch": 18, "optimizer_steps": 13, "learning_rate": 3.342202598438421e-05, "mean_loss": 0.9218028646249038, "elapsed_seconds": 131.72377838939428}
{"event": "role_set_epoch", "endpoint": "control", "fold": 2, "mode": "comparison", "epoch": 19, "optimizer_steps": 13, "learning_rate": 1.5129544912544829e-05, "mean_loss": 0.9133081252758319, "elapsed_seconds": 136.89994459040463}
{"event": "role_set_epoch", "endpoint": "control", "fold": 2, "mode": "comparison", "epoch": 20, "optimizer_steps": 13, "learning_rate": 3.824169871584004e-06, "mean_loss": 0.9104999120418842, "elapsed_seconds": 135.64137776382267}
建立transformer............
using Transformer_type: ViT-B-16 as a backbone
Resized position embedding: %s to %s torch.Size([197, 768]) torch.Size([129, 768])
Position embedding resize to height:8 width: 16
Successfully load ckpt!
<All keys matched successfully>
Loading pretrained model from CLIP
camera number is : 8
===========Building Signal===========
建立transformer............
using Transformer_type: ViT-B-16 as a backbone
Resized position embedding: %s to %s torch.Size([197, 768]) torch.Size([129, 768])
Position embedding resize to height:8 width: 16
Successfully load ckpt!
<All keys matched successfully>
Loading pretrained model from CLIP
camera number is : 8
===========Building Signal===========
{"event": "role_set_epoch", "endpoint": "role_set", "fold": 2, "mode": "comparison", "epoch": 1, "optimizer_steps": 13, "learning_rate": 7.000000000000001e-05, "mean_loss": 4.056999976818378, "elapsed_seconds": 20.39134068414569}
{"event": "role_set_epoch", "endpoint": "role_set", "fold": 2, "mode": "comparison", "epoch": 2, "optimizer_steps": 13, "learning_rate": 0.00014000000000000001, "mean_loss": 3.5534804417536807, "elapsed_seconds": 19.45223826356232}
{"event": "role_set_epoch", "endpoint": "role_set", "fold": 2, "mode": "comparison", "epoch": 3, "optimizer_steps": 13, "learning_rate": 0.00020999999999999998, "mean_loss": 2.841009598511916, "elapsed_seconds": 19.84639891795814}
{"event": "role_set_epoch", "endpoint": "role_set", "fold": 2, "mode": "comparison", "epoch": 4, "optimizer_steps": 13, "learning_rate": 0.00028000000000000003, "mean_loss": 2.1102268512432394, "elapsed_seconds": 19.697384610772133}
{"event": "role_set_epoch", "endpoint": "role_set", "fold": 2, "mode": "comparison", "epoch": 5, "optimizer_steps": 13, "learning_rate": 0.00035, "mean_loss": 1.7407845717210035, "elapsed_seconds": 19.5531834512949}
{"event": "role_set_epoch", "endpoint": "role_set", "fold": 2, "mode": "comparison", "epoch": 6, "optimizer_steps": 13, "learning_rate": 0.00035, "mean_loss": 1.5224731610371516, "elapsed_seconds": 96.82790529541671}
{"event": "role_set_epoch", "endpoint": "role_set", "fold": 2, "mode": "comparison", "epoch": 7, "optimizer_steps": 13, "learning_rate": 0.000346175830128416, "mean_loss": 1.373221727517935, "elapsed_seconds": 139.108886025846}
{"event": "role_set_epoch", "endpoint": "role_set", "fold": 2, "mode": "comparison", "epoch": 8, "optimizer_steps": 13, "learning_rate": 0.0003348704550874551, "mean_loss": 1.2235013521634615, "elapsed_seconds": 138.11060629598796}
{"event": "role_set_epoch", "endpoint": "role_set", "fold": 2, "mode": "comparison", "epoch": 9, "optimizer_steps": 13, "learning_rate": 0.0003165779740156158, "mean_loss": 1.1527230556194599, "elapsed_seconds": 140.360937545076}
{"event": "role_set_epoch", "endpoint": "role_set", "fold": 2, "mode": "comparison", "epoch": 10, "optimizer_steps": 13, "learning_rate": 0.0002920978561128002, "mean_loss": 1.074655450307406, "elapsed_seconds": 142.16225853934884}
{"event": "role_set_epoch", "endpoint": "role_set", "fold": 2, "mode": "comparison", "epoch": 11, "optimizer_steps": 13, "learning_rate": 0.0002625, "mean_loss": 1.0401493310928345, "elapsed_seconds": 140.62206123955548}
{"event": "role_set_epoch", "endpoint": "role_set", "fold": 2, "mode": "comparison", "epoch": 12, "optimizer_steps": 13, "learning_rate": 0.0002290779740156158, "mean_loss": 0.9821363229017991, "elapsed_seconds": 138.7281744312495}
{"event": "role_set_epoch", "endpoint": "role_set", "fold": 2, "mode": "comparison", "epoch": 13, "optimizer_steps": 13, "learning_rate": 0.00019329248107183937, "mean_loss": 0.9482602431223943, "elapsed_seconds": 140.78478033654392}
{"event": "role_set_epoch", "endpoint": "role_set", "fold": 2, "mode": "comparison", "epoch": 14, "optimizer_steps": 13, "learning_rate": 0.00015670751892816066, "mean_loss": 0.9865305744684659, "elapsed_seconds": 138.88508106023073}
{"event": "role_set_epoch", "endpoint": "role_set", "fold": 2, "mode": "comparison", "epoch": 15, "optimizer_steps": 13, "learning_rate": 0.00012092202598438422, "mean_loss": 0.9532918930053711, "elapsed_seconds": 136.84432146511972}
{"event": "role_set_epoch", "endpoint": "role_set", "fold": 2, "mode": "comparison", "epoch": 16, "optimizer_steps": 13, "learning_rate": 8.750000000000004e-05, "mean_loss": 0.9119895375691928, "elapsed_seconds": 139.56937260739505}
{"event": "role_set_epoch", "endpoint": "role_set", "fold": 2, "mode": "comparison", "epoch": 17, "optimizer_steps": 13, "learning_rate": 5.7902143887199866e-05, "mean_loss": 0.9070124351061307, "elapsed_seconds": 140.57183969020844}
{"event": "role_set_epoch", "endpoint": "role_set", "fold": 2, "mode": "comparison", "epoch": 18, "optimizer_steps": 13, "learning_rate": 3.342202598438421e-05, "mean_loss": 0.9114790283716642, "elapsed_seconds": 139.769929273054}
{"event": "role_set_epoch", "endpoint": "role_set", "fold": 2, "mode": "comparison", "epoch": 19, "optimizer_steps": 13, "learning_rate": 1.5129544912544829e-05, "mean_loss": 0.9026727676391602, "elapsed_seconds": 139.3792324643582}
{"event": "role_set_epoch", "endpoint": "role_set", "fold": 2, "mode": "comparison", "epoch": 20, "optimizer_steps": 13, "learning_rate": 3.824169871584004e-06, "mean_loss": 0.900082542346074, "elapsed_seconds": 138.9947142712772}
建立transformer............
using Transformer_type: ViT-B-16 as a backbone
Resized position embedding: %s to %s torch.Size([197, 768]) torch.Size([129, 768])
Position embedding resize to height:8 width: 16
Successfully load ckpt!
<All keys matched successfully>
Loading pretrained model from CLIP
camera number is : 8
===========Building Signal===========
