/data/gaob/Re-ID/conda-envs/tri_reid/lib/python3.10/site-packages/timm/models/helpers.py:7: FutureWarning: Importing from timm.models.helpers is deprecated, please import via timm.models
  warnings.warn(f"Importing from {__name__} is deprecated, please import via timm.models", FutureWarning)
/data/gaob/Re-ID/conda-envs/tri_reid/lib/python3.10/site-packages/timm/models/registry.py:4: FutureWarning: Importing from timm.models.registry is deprecated, please import via timm.models
  warnings.warn(f"Importing from {__name__} is deprecated, please import via timm.models", FutureWarning)
/data/gaob/Re-ID/conda-envs/tri_reid/lib/python3.10/site-packages/timm/models/layers/__init__.py:48: FutureWarning: Importing from timm.models.layers is deprecated, please import via timm.layers
  warnings.warn(f"Importing from {__name__} is deprecated, please import via timm.layers", FutureWarning)
建立transformer............
using Transformer_type: ViT-B-16 as a backbone
Resized position embedding: %s to %s torch.Size([197, 768]) torch.Size([129, 768])
Position embedding resize to height:8 width: 16
Successfully load ckpt!
<All keys matched successfully>
Loading pretrained model from CLIP
camera number is : 8
===========Building Signal===========
{"event": "epoch", "dataset": "MSVR310", "epoch": 1, "steps": 20, "mean_loss": 5.20441255569458, "seconds": 11.36809458299831, "official_fused": {"mAP": 50.94363920846819, "Rank-1": 68.86633038520813, "Rank-5": 81.04906678199768, "Rank-10": 85.78680157661438}, "best_epoch": 1}
{"event": "epoch", "dataset": "MSVR310", "epoch": 2, "steps": 20, "mean_loss": 4.9085235595703125, "seconds": 9.022325912999804, "official_fused": {"mAP": 49.736592184880905, "Rank-1": 67.3434853553772, "Rank-5": 81.21827244758606, "Rank-10": 85.27919054031372}, "best_epoch": 1}
{"event": "epoch", "dataset": "MSVR310", "epoch": 3, "steps": 20, "mean_loss": 4.420163893699646, "seconds": 9.087518632004503, "official_fused": {"mAP": 50.498817745191985, "Rank-1": 67.51269102096558, "Rank-5": 81.89509510993958, "Rank-10": 84.94077920913696}, "best_epoch": 1}
{"event": "epoch", "dataset": "MSVR310", "epoch": 4, "steps": 20, "mean_loss": 3.757456660270691, "seconds": 8.92663543400704, "official_fused": {"mAP": 48.59605537526223, "Rank-1": 65.14382362365723, "Rank-5": 79.18781638145447, "Rank-10": 85.10998487472534}, "best_epoch": 1}
{"event": "epoch", "dataset": "MSVR310", "epoch": 5, "steps": 20, "mean_loss": 3.0081691265106203, "seconds": 9.005988586999592, "official_fused": {"mAP": 49.13962631355071, "Rank-1": 66.66666865348816, "Rank-5": 80.87986707687378, "Rank-10": 85.78680157661438}, "best_epoch": 1}
{"event": "epoch", "dataset": "MSVR310", "epoch": 6, "steps": 20, "mean_loss": 2.3098107099533083, "seconds": 9.027278533991193, "official_fused": {"mAP": 51.05726214827316, "Rank-1": 68.02030205726624, "Rank-5": 81.21827244758606, "Rank-10": 86.46361827850342}, "best_epoch": 6}
{"event": "epoch", "dataset": "MSVR310", "epoch": 7, "steps": 20, "mean_loss": 1.796020621061325, "seconds": 8.900090761002502, "official_fused": {"mAP": 50.052687944788964, "Rank-1": 66.3282573223114, "Rank-5": 80.20304441452026, "Rank-10": 86.46361827850342}, "best_epoch": 6}
{"event": "epoch", "dataset": "MSVR310", "epoch": 8, "steps": 20, "mean_loss": 1.4867519795894624, "seconds": 8.638664895988768, "official_fused": {"mAP": 51.74473416465478, "Rank-1": 68.02030205726624, "Rank-5": 83.07952880859375, "Rank-10": 86.80202960968018}, "best_epoch": 8}
{"event": "epoch", "dataset": "MSVR310", "epoch": 9, "steps": 20, "mean_loss": 1.2392333269119262, "seconds": 9.050312941995799, "official_fused": {"mAP": 50.8563278816338, "Rank-1": 66.49746298789978, "Rank-5": 81.7258894443512, "Rank-10": 86.6328239440918}, "best_epoch": 8}
{"event": "epoch", "dataset": "MSVR310", "epoch": 10, "steps": 20, "mean_loss": 1.171972632408142, "seconds": 8.985783688010997, "official_fused": {"mAP": 52.415867077136824, "Rank-1": 67.85110235214233, "Rank-5": 83.24872851371765, "Rank-10": 89.00169134140015}, "best_epoch": 10}
{"event": "epoch", "dataset": "MSVR310", "epoch": 11, "steps": 20, "mean_loss": 1.1022121161222458, "seconds": 9.103052589998697, "official_fused": {"mAP": 50.889194229447696, "Rank-1": 67.17427968978882, "Rank-5": 81.21827244758606, "Rank-10": 86.6328239440918}, "best_epoch": 10}
{"event": "epoch", "dataset": "MSVR310", "epoch": 12, "steps": 20, "mean_loss": 1.0625100165605545, "seconds": 9.122417224003584, "official_fused": {"mAP": 51.02247170576457, "Rank-1": 66.49746298789978, "Rank-5": 81.04906678199768, "Rank-10": 86.97123527526855}, "best_epoch": 10}
{"event": "epoch", "dataset": "MSVR310", "epoch": 13, "steps": 20, "mean_loss": 1.0339242339134216, "seconds": 8.826795179003966, "official_fused": {"mAP": 51.255322761681676, "Rank-1": 67.17427968978882, "Rank-5": 82.57191181182861, "Rank-10": 87.81725764274597}, "best_epoch": 10}
{"event": "epoch", "dataset": "MSVR310", "epoch": 14, "steps": 20, "mean_loss": 1.0251309156417847, "seconds": 8.789746287002345, "official_fused": {"mAP": 50.536135363696154, "Rank-1": 66.49746298789978, "Rank-5": 82.23350048065186, "Rank-10": 85.78680157661438}, "best_epoch": 10}
{"event": "epoch", "dataset": "MSVR310", "epoch": 15, "steps": 20, "mean_loss": 1.030475351214409, "seconds": 9.171768083993811, "official_fused": {"mAP": 52.39113998892655, "Rank-1": 68.18950772285461, "Rank-5": 83.07952880859375, "Rank-10": 87.14044094085693}, "best_epoch": 10}
{"event": "epoch", "dataset": "MSVR310", "epoch": 16, "steps": 20, "mean_loss": 0.9924046099185944, "seconds": 9.075862900004722, "official_fused": {"mAP": 50.91204274035776, "Rank-1": 68.18950772285461, "Rank-5": 82.06430077552795, "Rank-10": 87.64805197715759}, "best_epoch": 10}
{"event": "epoch", "dataset": "MSVR310", "epoch": 17, "steps": 20, "mean_loss": 0.9862873584032059, "seconds": 8.978542509008548, "official_fused": {"mAP": 50.514654780623594, "Rank-1": 68.02030205726624, "Rank-5": 81.21827244758606, "Rank-10": 86.29441857337952}, "best_epoch": 10}
{"event": "epoch", "dataset": "MSVR310", "epoch": 18, "steps": 20, "mean_loss": 0.9745939135551452, "seconds": 9.00426580599742, "official_fused": {"mAP": 51.06111597971358, "Rank-1": 66.66666865348816, "Rank-5": 81.89509510993958, "Rank-10": 87.47885227203369}, "best_epoch": 10}
