/root/miniconda3/envs/tri_reid/lib/python3.10/site-packages/timm/models/helpers.py:7: FutureWarning: Importing from timm.models.helpers is deprecated, please import via timm.models
  warnings.warn(f"Importing from {__name__} is deprecated, please import via timm.models", FutureWarning)
/root/miniconda3/envs/tri_reid/lib/python3.10/site-packages/timm/models/registry.py:4: FutureWarning: Importing from timm.models.registry is deprecated, please import via timm.models
  warnings.warn(f"Importing from {__name__} is deprecated, please import via timm.models", FutureWarning)
/root/miniconda3/envs/tri_reid/lib/python3.10/site-packages/timm/models/layers/__init__.py:48: FutureWarning: Importing from timm.models.layers is deprecated, please import via timm.layers
  warnings.warn(f"Importing from {__name__} is deprecated, please import via timm.layers", FutureWarning)
建立transformer............
using Transformer_type: ViT-B-16 as a backbone
Resized position embedding: %s to %s torch.Size([197, 768]) torch.Size([129, 768])
Position embedding resize to height:8 width: 16
Successfully load ckpt!
<All keys matched successfully>
Loading pretrained model from CLIP
camera number is : 8
===========Building Signal===========
{"event": "smooth_ap_epoch", "endpoint": "control", "fold": 0, "mode": "comparison", "epoch": 1, "optimizer_steps": 13, "learning_rate": 7.000000000000001e-05, "mean_loss": 4.000783150012676, "elapsed_seconds": 24.14835223928094}
{"event": "smooth_ap_epoch", "endpoint": "control", "fold": 0, "mode": "comparison", "epoch": 2, "optimizer_steps": 13, "learning_rate": 0.00014000000000000001, "mean_loss": 3.4807026386260986, "elapsed_seconds": 21.05351772531867}
{"event": "smooth_ap_epoch", "endpoint": "control", "fold": 0, "mode": "comparison", "epoch": 3, "optimizer_steps": 13, "learning_rate": 0.00020999999999999998, "mean_loss": 2.777579949452327, "elapsed_seconds": 21.441730100661516}
{"event": "smooth_ap_epoch", "endpoint": "control", "fold": 0, "mode": "comparison", "epoch": 4, "optimizer_steps": 13, "learning_rate": 0.00028000000000000003, "mean_loss": 2.123935002547044, "elapsed_seconds": 21.49952222406864}
{"event": "smooth_ap_epoch", "endpoint": "control", "fold": 0, "mode": "comparison", "epoch": 5, "optimizer_steps": 13, "learning_rate": 0.00035, "mean_loss": 1.674601985858037, "elapsed_seconds": 21.456893218681216}
{"event": "smooth_ap_epoch", "endpoint": "control", "fold": 0, "mode": "comparison", "epoch": 6, "optimizer_steps": 13, "learning_rate": 0.00035, "mean_loss": 1.2953644257325392, "elapsed_seconds": 102.94076791591942}
{"event": "smooth_ap_epoch", "endpoint": "control", "fold": 0, "mode": "comparison", "epoch": 7, "optimizer_steps": 13, "learning_rate": 0.000346175830128416, "mean_loss": 1.1590359256817744, "elapsed_seconds": 145.69740060903132}
{"event": "smooth_ap_epoch", "endpoint": "control", "fold": 0, "mode": "comparison", "epoch": 8, "optimizer_steps": 13, "learning_rate": 0.0003348704550874551, "mean_loss": 1.0482288278066194, "elapsed_seconds": 145.9499311801046}
{"event": "smooth_ap_epoch", "endpoint": "control", "fold": 0, "mode": "comparison", "epoch": 9, "optimizer_steps": 13, "learning_rate": 0.0003165779740156158, "mean_loss": 0.9414502107180082, "elapsed_seconds": 145.14222001843154}
{"event": "smooth_ap_epoch", "endpoint": "control", "fold": 0, "mode": "comparison", "epoch": 10, "optimizer_steps": 13, "learning_rate": 0.0002920978561128002, "mean_loss": 0.9017781661106989, "elapsed_seconds": 145.99465658701956}
{"event": "smooth_ap_epoch", "endpoint": "control", "fold": 0, "mode": "comparison", "epoch": 11, "optimizer_steps": 13, "learning_rate": 0.0002625, "mean_loss": 0.8642712052051837, "elapsed_seconds": 145.96444647945464}
{"event": "smooth_ap_epoch", "endpoint": "control", "fold": 0, "mode": "comparison", "epoch": 12, "optimizer_steps": 13, "learning_rate": 0.0002290779740156158, "mean_loss": 0.8481039083920993, "elapsed_seconds": 147.48582320846617}
{"event": "smooth_ap_epoch", "endpoint": "control", "fold": 0, "mode": "comparison", "epoch": 13, "optimizer_steps": 13, "learning_rate": 0.00019329248107183937, "mean_loss": 0.8168151149382958, "elapsed_seconds": 146.33866335451603}
{"event": "smooth_ap_epoch", "endpoint": "control", "fold": 0, "mode": "comparison", "epoch": 14, "optimizer_steps": 13, "learning_rate": 0.00015670751892816066, "mean_loss": 0.8026976447839004, "elapsed_seconds": 146.3925908189267}
{"event": "smooth_ap_epoch", "endpoint": "control", "fold": 0, "mode": "comparison", "epoch": 15, "optimizer_steps": 13, "learning_rate": 0.00012092202598438422, "mean_loss": 0.7929739631139315, "elapsed_seconds": 146.59880510158837}
{"event": "smooth_ap_epoch", "endpoint": "control", "fold": 0, "mode": "comparison", "epoch": 16, "optimizer_steps": 13, "learning_rate": 8.750000000000004e-05, "mean_loss": 0.791374935553624, "elapsed_seconds": 145.94510601460934}
{"event": "smooth_ap_epoch", "endpoint": "control", "fold": 0, "mode": "comparison", "epoch": 17, "optimizer_steps": 13, "learning_rate": 5.7902143887199866e-05, "mean_loss": 0.7892546103550837, "elapsed_seconds": 145.85429453291}
{"event": "smooth_ap_epoch", "endpoint": "control", "fold": 0, "mode": "comparison", "epoch": 18, "optimizer_steps": 13, "learning_rate": 3.342202598438421e-05, "mean_loss": 0.7693165632394644, "elapsed_seconds": 146.01592200994492}
{"event": "smooth_ap_epoch", "endpoint": "control", "fold": 0, "mode": "comparison", "epoch": 19, "optimizer_steps": 13, "learning_rate": 1.5129544912544829e-05, "mean_loss": 0.7678530445465674, "elapsed_seconds": 146.39098403789103}
{"event": "smooth_ap_epoch", "endpoint": "control", "fold": 0, "mode": "comparison", "epoch": 20, "optimizer_steps": 13, "learning_rate": 3.824169871584004e-06, "mean_loss": 0.7678514306361859, "elapsed_seconds": 146.02057529613376}
建立transformer............
using Transformer_type: ViT-B-16 as a backbone
Resized position embedding: %s to %s torch.Size([197, 768]) torch.Size([129, 768])
Position embedding resize to height:8 width: 16
Successfully load ckpt!
<All keys matched successfully>
Loading pretrained model from CLIP
camera number is : 8
===========Building Signal===========
建立transformer............
using Transformer_type: ViT-B-16 as a backbone
Resized position embedding: %s to %s torch.Size([197, 768]) torch.Size([129, 768])
Position embedding resize to height:8 width: 16
Successfully load ckpt!
<All keys matched successfully>
Loading pretrained model from CLIP
camera number is : 8
===========Building Signal===========
{"event": "smooth_ap_epoch", "endpoint": "cross_scene", "fold": 0, "mode": "comparison", "epoch": 1, "optimizer_steps": 13, "learning_rate": 7.000000000000001e-05, "mean_loss": 4.000788321861854, "elapsed_seconds": 20.82209989055991}
{"event": "smooth_ap_epoch", "endpoint": "cross_scene", "fold": 0, "mode": "comparison", "epoch": 2, "optimizer_steps": 13, "learning_rate": 0.00014000000000000001, "mean_loss": 3.4807240962982178, "elapsed_seconds": 20.53621886484325}
{"event": "smooth_ap_epoch", "endpoint": "cross_scene", "fold": 0, "mode": "comparison", "epoch": 3, "optimizer_steps": 13, "learning_rate": 0.00020999999999999998, "mean_loss": 2.7775044991419864, "elapsed_seconds": 20.02045684494078}
{"event": "smooth_ap_epoch", "endpoint": "cross_scene", "fold": 0, "mode": "comparison", "epoch": 4, "optimizer_steps": 13, "learning_rate": 0.00028000000000000003, "mean_loss": 2.12389062001155, "elapsed_seconds": 19.985178627073765}
{"event": "smooth_ap_epoch", "endpoint": "cross_scene", "fold": 0, "mode": "comparison", "epoch": 5, "optimizer_steps": 13, "learning_rate": 0.00035, "mean_loss": 1.6747273298410268, "elapsed_seconds": 20.33590731024742}
{"event": "smooth_ap_epoch", "endpoint": "cross_scene", "fold": 0, "mode": "comparison", "epoch": 6, "optimizer_steps": 13, "learning_rate": 0.00035, "mean_loss": 1.4213488285358136, "elapsed_seconds": 102.15309292450547}
{"event": "smooth_ap_epoch", "endpoint": "cross_scene", "fold": 0, "mode": "comparison", "epoch": 7, "optimizer_steps": 13, "learning_rate": 0.000346175830128416, "mean_loss": 1.253719449043274, "elapsed_seconds": 144.6503619812429}
{"event": "smooth_ap_epoch", "endpoint": "cross_scene", "fold": 0, "mode": "comparison", "epoch": 8, "optimizer_steps": 13, "learning_rate": 0.0003348704550874551, "mean_loss": 1.1208745424564068, "elapsed_seconds": 145.14237558841705}
{"event": "smooth_ap_epoch", "endpoint": "cross_scene", "fold": 0, "mode": "comparison", "epoch": 9, "optimizer_steps": 13, "learning_rate": 0.0003165779740156158, "mean_loss": 0.9973600094134991, "elapsed_seconds": 144.9874124545604}
{"event": "smooth_ap_epoch", "endpoint": "cross_scene", "fold": 0, "mode": "comparison", "epoch": 10, "optimizer_steps": 13, "learning_rate": 0.0002920978561128002, "mean_loss": 0.9352653851875892, "elapsed_seconds": 143.9022999368608}
{"event": "smooth_ap_epoch", "endpoint": "cross_scene", "fold": 0, "mode": "comparison", "epoch": 11, "optimizer_steps": 13, "learning_rate": 0.0002625, "mean_loss": 0.8952353229889503, "elapsed_seconds": 144.28632630594075}
{"event": "smooth_ap_epoch", "endpoint": "cross_scene", "fold": 0, "mode": "comparison", "epoch": 12, "optimizer_steps": 13, "learning_rate": 0.0002290779740156158, "mean_loss": 0.8726634474901053, "elapsed_seconds": 144.39891734346747}
{"event": "smooth_ap_epoch", "endpoint": "cross_scene", "fold": 0, "mode": "comparison", "epoch": 13, "optimizer_steps": 13, "learning_rate": 0.00019329248107183937, "mean_loss": 0.8431072464356055, "elapsed_seconds": 144.17603328078985}
{"event": "smooth_ap_epoch", "endpoint": "cross_scene", "fold": 0, "mode": "comparison", "epoch": 14, "optimizer_steps": 13, "learning_rate": 0.00015670751892816066, "mean_loss": 0.8240756759276757, "elapsed_seconds": 136.72010521031916}
{"event": "smooth_ap_epoch", "endpoint": "cross_scene", "fold": 0, "mode": "comparison", "epoch": 15, "optimizer_steps": 13, "learning_rate": 0.00012092202598438422, "mean_loss": 0.8068727346567007, "elapsed_seconds": 144.368701511994}
{"event": "smooth_ap_epoch", "endpoint": "cross_scene", "fold": 0, "mode": "comparison", "epoch": 16, "optimizer_steps": 13, "learning_rate": 8.750000000000004e-05, "mean_loss": 0.8046533419535711, "elapsed_seconds": 144.26788233593106}
{"event": "smooth_ap_epoch", "endpoint": "cross_scene", "fold": 0, "mode": "comparison", "epoch": 17, "optimizer_steps": 13, "learning_rate": 5.7902143887199866e-05, "mean_loss": 0.8027737094805791, "elapsed_seconds": 144.02899507805705}
{"event": "smooth_ap_epoch", "endpoint": "cross_scene", "fold": 0, "mode": "comparison", "epoch": 18, "optimizer_steps": 13, "learning_rate": 3.342202598438421e-05, "mean_loss": 0.783690122457651, "elapsed_seconds": 144.76374828070402}
{"event": "smooth_ap_epoch", "endpoint": "cross_scene", "fold": 0, "mode": "comparison", "epoch": 19, "optimizer_steps": 13, "learning_rate": 1.5129544912544829e-05, "mean_loss": 0.7846344525997455, "elapsed_seconds": 144.22310498915613}
{"event": "smooth_ap_epoch", "endpoint": "cross_scene", "fold": 0, "mode": "comparison", "epoch": 20, "optimizer_steps": 13, "learning_rate": 3.824169871584004e-06, "mean_loss": 0.77910315990448, "elapsed_seconds": 144.26087374985218}
建立transformer............
using Transformer_type: ViT-B-16 as a backbone
Resized position embedding: %s to %s torch.Size([197, 768]) torch.Size([129, 768])
Position embedding resize to height:8 width: 16
Successfully load ckpt!
<All keys matched successfully>
Loading pretrained model from CLIP
camera number is : 8
===========Building Signal===========
建立transformer............
using Transformer_type: ViT-B-16 as a backbone
Resized position embedding: %s to %s torch.Size([197, 768]) torch.Size([129, 768])
Position embedding resize to height:8 width: 16
Successfully load ckpt!
<All keys matched successfully>
Loading pretrained model from CLIP
camera number is : 8
===========Building Signal===========
{"event": "smooth_ap_epoch", "endpoint": "control", "fold": 1, "mode": "comparison", "epoch": 1, "optimizer_steps": 13, "learning_rate": 7.000000000000001e-05, "mean_loss": 4.04541092652541, "elapsed_seconds": 20.140560526400805}
{"event": "smooth_ap_epoch", "endpoint": "control", "fold": 1, "mode": "comparison", "epoch": 2, "optimizer_steps": 13, "learning_rate": 0.00014000000000000001, "mean_loss": 3.5277032668773947, "elapsed_seconds": 20.530750202015042}
{"event": "smooth_ap_epoch", "endpoint": "control", "fold": 1, "mode": "comparison", "epoch": 3, "optimizer_steps": 13, "learning_rate": 0.00020999999999999998, "mean_loss": 2.8246975311866174, "elapsed_seconds": 19.895937144756317}
{"event": "smooth_ap_epoch", "endpoint": "control", "fold": 1, "mode": "comparison", "epoch": 4, "optimizer_steps": 13, "learning_rate": 0.00028000000000000003, "mean_loss": 2.2017219066619873, "elapsed_seconds": 20.06890906020999}
{"event": "smooth_ap_epoch", "endpoint": "control", "fold": 1, "mode": "comparison", "epoch": 5, "optimizer_steps": 13, "learning_rate": 0.00035, "mean_loss": 1.7010622024536133, "elapsed_seconds": 20.31089671701193}
{"event": "smooth_ap_epoch", "endpoint": "control", "fold": 1, "mode": "comparison", "epoch": 6, "optimizer_steps": 13, "learning_rate": 0.00035, "mean_loss": 1.3707311245111318, "elapsed_seconds": 101.27526365034282}
{"event": "smooth_ap_epoch", "endpoint": "control", "fold": 1, "mode": "comparison", "epoch": 7, "optimizer_steps": 13, "learning_rate": 0.000346175830128416, "mean_loss": 1.2069495091071496, "elapsed_seconds": 144.33531340397894}
{"event": "smooth_ap_epoch", "endpoint": "control", "fold": 1, "mode": "comparison", "epoch": 8, "optimizer_steps": 13, "learning_rate": 0.0003348704550874551, "mean_loss": 1.0677116880050073, "elapsed_seconds": 144.1465357504785}
{"event": "smooth_ap_epoch", "endpoint": "control", "fold": 1, "mode": "comparison", "epoch": 9, "optimizer_steps": 13, "learning_rate": 0.0003165779740156158, "mean_loss": 1.0005148878464332, "elapsed_seconds": 143.85476816631854}
{"event": "smooth_ap_epoch", "endpoint": "control", "fold": 1, "mode": "comparison", "epoch": 10, "optimizer_steps": 13, "learning_rate": 0.0002920978561128002, "mean_loss": 0.9278129568466773, "elapsed_seconds": 143.64613132178783}
{"event": "smooth_ap_epoch", "endpoint": "control", "fold": 1, "mode": "comparison", "epoch": 11, "optimizer_steps": 13, "learning_rate": 0.0002625, "mean_loss": 0.9103102271373456, "elapsed_seconds": 143.98178499937057}
{"event": "smooth_ap_epoch", "endpoint": "control", "fold": 1, "mode": "comparison", "epoch": 12, "optimizer_steps": 13, "learning_rate": 0.0002290779740156158, "mean_loss": 0.8565624768917377, "elapsed_seconds": 144.08846461214125}
{"event": "smooth_ap_epoch", "endpoint": "control", "fold": 1, "mode": "comparison", "epoch": 13, "optimizer_steps": 13, "learning_rate": 0.00019329248107183937, "mean_loss": 0.8477599712518545, "elapsed_seconds": 143.9619431924075}
{"event": "smooth_ap_epoch", "endpoint": "control", "fold": 1, "mode": "comparison", "epoch": 14, "optimizer_steps": 13, "learning_rate": 0.00015670751892816066, "mean_loss": 0.811733786876385, "elapsed_seconds": 143.93607950024307}
{"event": "smooth_ap_epoch", "endpoint": "control", "fold": 1, "mode": "comparison", "epoch": 15, "optimizer_steps": 13, "learning_rate": 0.00012092202598438422, "mean_loss": 0.8157879389249362, "elapsed_seconds": 143.68219759315252}
{"event": "smooth_ap_epoch", "endpoint": "control", "fold": 1, "mode": "comparison", "epoch": 16, "optimizer_steps": 13, "learning_rate": 8.750000000000004e-05, "mean_loss": 0.819799753335806, "elapsed_seconds": 143.33395593054593}
{"event": "smooth_ap_epoch", "endpoint": "control", "fold": 1, "mode": "comparison", "epoch": 17, "optimizer_steps": 13, "learning_rate": 5.7902143887199866e-05, "mean_loss": 0.7883704029596769, "elapsed_seconds": 142.98442574962974}
{"event": "smooth_ap_epoch", "endpoint": "control", "fold": 1, "mode": "comparison", "epoch": 18, "optimizer_steps": 13, "learning_rate": 3.342202598438421e-05, "mean_loss": 0.7801837004148043, "elapsed_seconds": 142.8378744199872}
{"event": "smooth_ap_epoch", "endpoint": "control", "fold": 1, "mode": "comparison", "epoch": 19, "optimizer_steps": 13, "learning_rate": 1.5129544912544829e-05, "mean_loss": 0.7877080623920147, "elapsed_seconds": 142.9098830036819}
{"event": "smooth_ap_epoch", "endpoint": "control", "fold": 1, "mode": "comparison", "epoch": 20, "optimizer_steps": 13, "learning_rate": 3.824169871584004e-06, "mean_loss": 0.7929260226396414, "elapsed_seconds": 142.94043159857392}
建立transformer............
using Transformer_type: ViT-B-16 as a backbone
Resized position embedding: %s to %s torch.Size([197, 768]) torch.Size([129, 768])
Position embedding resize to height:8 width: 16
Successfully load ckpt!
<All keys matched successfully>
Loading pretrained model from CLIP
camera number is : 8
===========Building Signal===========
建立transformer............
using Transformer_type: ViT-B-16 as a backbone
Resized position embedding: %s to %s torch.Size([197, 768]) torch.Size([129, 768])
Position embedding resize to height:8 width: 16
Successfully load ckpt!
<All keys matched successfully>
Loading pretrained model from CLIP
camera number is : 8
===========Building Signal===========
{"event": "smooth_ap_epoch", "endpoint": "cross_scene", "fold": 1, "mode": "comparison", "epoch": 1, "optimizer_steps": 13, "learning_rate": 7.000000000000001e-05, "mean_loss": 4.0454559692969685, "elapsed_seconds": 19.422372287139297}
{"event": "smooth_ap_epoch", "endpoint": "cross_scene", "fold": 1, "mode": "comparison", "epoch": 2, "optimizer_steps": 13, "learning_rate": 0.00014000000000000001, "mean_loss": 3.527748621427096, "elapsed_seconds": 19.39529286324978}
{"event": "smooth_ap_epoch", "endpoint": "cross_scene", "fold": 1, "mode": "comparison", "epoch": 3, "optimizer_steps": 13, "learning_rate": 0.00020999999999999998, "mean_loss": 2.824686967409574, "elapsed_seconds": 19.05212643928826}
{"event": "smooth_ap_epoch", "endpoint": "cross_scene", "fold": 1, "mode": "comparison", "epoch": 4, "optimizer_steps": 13, "learning_rate": 0.00028000000000000003, "mean_loss": 2.202099928489098, "elapsed_seconds": 19.259279917925596}
{"event": "smooth_ap_epoch", "endpoint": "cross_scene", "fold": 1, "mode": "comparison", "epoch": 5, "optimizer_steps": 13, "learning_rate": 0.00035, "mean_loss": 1.7008347052794237, "elapsed_seconds": 19.27770197018981}
{"event": "smooth_ap_epoch", "endpoint": "cross_scene", "fold": 1, "mode": "comparison", "epoch": 6, "optimizer_steps": 13, "learning_rate": 0.00035, "mean_loss": 1.4816566247206469, "elapsed_seconds": 99.91633086837828}
{"event": "smooth_ap_epoch", "endpoint": "cross_scene", "fold": 1, "mode": "comparison", "epoch": 7, "optimizer_steps": 13, "learning_rate": 0.000346175830128416, "mean_loss": 1.331400651198167, "elapsed_seconds": 142.43454329669476}
{"event": "smooth_ap_epoch", "endpoint": "cross_scene", "fold": 1, "mode": "comparison", "epoch": 8, "optimizer_steps": 13, "learning_rate": 0.0003348704550874551, "mean_loss": 1.1605266149227436, "elapsed_seconds": 142.3266403451562}
{"event": "smooth_ap_epoch", "endpoint": "cross_scene", "fold": 1, "mode": "comparison", "epoch": 9, "optimizer_steps": 13, "learning_rate": 0.0003165779740156158, "mean_loss": 1.0906598888910735, "elapsed_seconds": 142.52593526430428}
{"event": "smooth_ap_epoch", "endpoint": "cross_scene", "fold": 1, "mode": "comparison", "epoch": 10, "optimizer_steps": 13, "learning_rate": 0.0002920978561128002, "mean_loss": 0.9779565838667063, "elapsed_seconds": 141.96932480670512}
{"event": "smooth_ap_epoch", "endpoint": "cross_scene", "fold": 1, "mode": "comparison", "epoch": 11, "optimizer_steps": 13, "learning_rate": 0.0002625, "mean_loss": 0.9586347158138568, "elapsed_seconds": 142.0598198454827}
{"event": "smooth_ap_epoch", "endpoint": "cross_scene", "fold": 1, "mode": "comparison", "epoch": 12, "optimizer_steps": 13, "learning_rate": 0.0002290779740156158, "mean_loss": 0.8859119827930744, "elapsed_seconds": 142.34963897056878}
{"event": "smooth_ap_epoch", "endpoint": "cross_scene", "fold": 1, "mode": "comparison", "epoch": 13, "optimizer_steps": 13, "learning_rate": 0.00019329248107183937, "mean_loss": 0.8659089391048138, "elapsed_seconds": 142.41109482198954}
{"event": "smooth_ap_epoch", "endpoint": "cross_scene", "fold": 1, "mode": "comparison", "epoch": 14, "optimizer_steps": 13, "learning_rate": 0.00015670751892816066, "mean_loss": 0.8363791887576764, "elapsed_seconds": 142.07029146701097}
{"event": "smooth_ap_epoch", "endpoint": "cross_scene", "fold": 1, "mode": "comparison", "epoch": 15, "optimizer_steps": 13, "learning_rate": 0.00012092202598438422, "mean_loss": 0.8419920985515301, "elapsed_seconds": 142.05291013978422}
{"event": "smooth_ap_epoch", "endpoint": "cross_scene", "fold": 1, "mode": "comparison", "epoch": 16, "optimizer_steps": 13, "learning_rate": 8.750000000000004e-05, "mean_loss": 0.831774000938122, "elapsed_seconds": 142.49817117862403}
{"event": "smooth_ap_epoch", "endpoint": "cross_scene", "fold": 1, "mode": "comparison", "epoch": 17, "optimizer_steps": 13, "learning_rate": 5.7902143887199866e-05, "mean_loss": 0.8068790710889376, "elapsed_seconds": 135.022893499583}
{"event": "smooth_ap_epoch", "endpoint": "cross_scene", "fold": 1, "mode": "comparison", "epoch": 18, "optimizer_steps": 13, "learning_rate": 3.342202598438421e-05, "mean_loss": 0.8078686594963074, "elapsed_seconds": 141.5843103285879}
{"event": "smooth_ap_epoch", "endpoint": "cross_scene", "fold": 1, "mode": "comparison", "epoch": 19, "optimizer_steps": 13, "learning_rate": 1.5129544912544829e-05, "mean_loss": 0.8056944425289447, "elapsed_seconds": 141.4344756063074}
{"event": "smooth_ap_epoch", "endpoint": "cross_scene", "fold": 1, "mode": "comparison", "epoch": 20, "optimizer_steps": 13, "learning_rate": 3.824169871584004e-06, "mean_loss": 0.8110889288095328, "elapsed_seconds": 141.99330541491508}
建立transformer............
using Transformer_type: ViT-B-16 as a backbone
Resized position embedding: %s to %s torch.Size([197, 768]) torch.Size([129, 768])
Position embedding resize to height:8 width: 16
Successfully load ckpt!
<All keys matched successfully>
Loading pretrained model from CLIP
camera number is : 8
===========Building Signal===========
建立transformer............
using Transformer_type: ViT-B-16 as a backbone
Resized position embedding: %s to %s torch.Size([197, 768]) torch.Size([129, 768])
Position embedding resize to height:8 width: 16
Successfully load ckpt!
<All keys matched successfully>
Loading pretrained model from CLIP
camera number is : 8
===========Building Signal===========
{"event": "smooth_ap_epoch", "endpoint": "control", "fold": 2, "mode": "comparison", "epoch": 1, "optimizer_steps": 13, "learning_rate": 7.000000000000001e-05, "mean_loss": 4.05699740923368, "elapsed_seconds": 20.09984891489148}
{"event": "smooth_ap_epoch", "endpoint": "control", "fold": 2, "mode": "comparison", "epoch": 2, "optimizer_steps": 13, "learning_rate": 0.00014000000000000001, "mean_loss": 3.553495315405039, "elapsed_seconds": 19.723446359857917}
{"event": "smooth_ap_epoch", "endpoint": "control", "fold": 2, "mode": "comparison", "epoch": 3, "optimizer_steps": 13, "learning_rate": 0.00020999999999999998, "mean_loss": 2.8410926965566783, "elapsed_seconds": 19.860719865188003}
{"event": "smooth_ap_epoch", "endpoint": "control", "fold": 2, "mode": "comparison", "epoch": 4, "optimizer_steps": 13, "learning_rate": 0.00028000000000000003, "mean_loss": 2.1099138993483324, "elapsed_seconds": 19.223436890169978}
{"event": "smooth_ap_epoch", "endpoint": "control", "fold": 2, "mode": "comparison", "epoch": 5, "optimizer_steps": 13, "learning_rate": 0.00035, "mean_loss": 1.7406220252697284, "elapsed_seconds": 19.547800024971366}
{"event": "smooth_ap_epoch", "endpoint": "control", "fold": 2, "mode": "comparison", "epoch": 6, "optimizer_steps": 13, "learning_rate": 0.00035, "mean_loss": 1.3671404765202448, "elapsed_seconds": 100.44057735987008}
{"event": "smooth_ap_epoch", "endpoint": "control", "fold": 2, "mode": "comparison", "epoch": 7, "optimizer_steps": 13, "learning_rate": 0.000346175830128416, "mean_loss": 1.2010858058929443, "elapsed_seconds": 142.1561011839658}
{"event": "smooth_ap_epoch", "endpoint": "control", "fold": 2, "mode": "comparison", "epoch": 8, "optimizer_steps": 13, "learning_rate": 0.0003348704550874551, "mean_loss": 1.0714967801020696, "elapsed_seconds": 143.0672370456159}
{"event": "smooth_ap_epoch", "endpoint": "control", "fold": 2, "mode": "comparison", "epoch": 9, "optimizer_steps": 13, "learning_rate": 0.0003165779740156158, "mean_loss": 0.9991205380513117, "elapsed_seconds": 142.24794221669436}
{"event": "smooth_ap_epoch", "endpoint": "control", "fold": 2, "mode": "comparison", "epoch": 10, "optimizer_steps": 13, "learning_rate": 0.0002920978561128002, "mean_loss": 0.9287239542374244, "elapsed_seconds": 143.0625212714076}
{"event": "smooth_ap_epoch", "endpoint": "control", "fold": 2, "mode": "comparison", "epoch": 11, "optimizer_steps": 13, "learning_rate": 0.0002625, "mean_loss": 0.8957411188345689, "elapsed_seconds": 142.37953592464328}
{"event": "smooth_ap_epoch", "endpoint": "control", "fold": 2, "mode": "comparison", "epoch": 12, "optimizer_steps": 13, "learning_rate": 0.0002290779740156158, "mean_loss": 0.8402634033790002, "elapsed_seconds": 142.65274523943663}
{"event": "smooth_ap_epoch", "endpoint": "control", "fold": 2, "mode": "comparison", "epoch": 13, "optimizer_steps": 13, "learning_rate": 0.00019329248107183937, "mean_loss": 0.8231969475746155, "elapsed_seconds": 142.42389153502882}
{"event": "smooth_ap_epoch", "endpoint": "control", "fold": 2, "mode": "comparison", "epoch": 14, "optimizer_steps": 13, "learning_rate": 0.00015670751892816066, "mean_loss": 0.8518341825558589, "elapsed_seconds": 142.56220080517232}
{"event": "smooth_ap_epoch", "endpoint": "control", "fold": 2, "mode": "comparison", "epoch": 15, "optimizer_steps": 13, "learning_rate": 0.00012092202598438422, "mean_loss": 0.8204606496370755, "elapsed_seconds": 142.29953474923968}
{"event": "smooth_ap_epoch", "endpoint": "control", "fold": 2, "mode": "comparison", "epoch": 16, "optimizer_steps": 13, "learning_rate": 8.750000000000004e-05, "mean_loss": 0.7920967019521273, "elapsed_seconds": 142.269637523219}
{"event": "smooth_ap_epoch", "endpoint": "control", "fold": 2, "mode": "comparison", "epoch": 17, "optimizer_steps": 13, "learning_rate": 5.7902143887199866e-05, "mean_loss": 0.7941125998130212, "elapsed_seconds": 142.2790946122259}
{"event": "smooth_ap_epoch", "endpoint": "control", "fold": 2, "mode": "comparison", "epoch": 18, "optimizer_steps": 13, "learning_rate": 3.342202598438421e-05, "mean_loss": 0.7866101769300607, "elapsed_seconds": 142.48276097886264}
{"event": "smooth_ap_epoch", "endpoint": "control", "fold": 2, "mode": "comparison", "epoch": 19, "optimizer_steps": 13, "learning_rate": 1.5129544912544829e-05, "mean_loss": 0.7915891454770014, "elapsed_seconds": 142.03422169573605}
{"event": "smooth_ap_epoch", "endpoint": "control", "fold": 2, "mode": "comparison", "epoch": 20, "optimizer_steps": 13, "learning_rate": 3.824169871584004e-06, "mean_loss": 0.7805648033435528, "elapsed_seconds": 142.86131696775556}
建立transformer............
using Transformer_type: ViT-B-16 as a backbone
Resized position embedding: %s to %s torch.Size([197, 768]) torch.Size([129, 768])
Position embedding resize to height:8 width: 16
Successfully load ckpt!
<All keys matched successfully>
Loading pretrained model from CLIP
camera number is : 8
===========Building Signal===========
建立transformer............
using Transformer_type: ViT-B-16 as a backbone
Resized position embedding: %s to %s torch.Size([197, 768]) torch.Size([129, 768])
Position embedding resize to height:8 width: 16
Successfully load ckpt!
<All keys matched successfully>
Loading pretrained model from CLIP
camera number is : 8
===========Building Signal===========
{"event": "smooth_ap_epoch", "endpoint": "cross_scene", "fold": 2, "mode": "comparison", "epoch": 1, "optimizer_steps": 13, "learning_rate": 7.000000000000001e-05, "mean_loss": 4.057000673734224, "elapsed_seconds": 20.063335306942463}
{"event": "smooth_ap_epoch", "endpoint": "cross_scene", "fold": 2, "mode": "comparison", "epoch": 2, "optimizer_steps": 13, "learning_rate": 0.00014000000000000001, "mean_loss": 3.5534267058739295, "elapsed_seconds": 19.1481720674783}
{"event": "smooth_ap_epoch", "endpoint": "cross_scene", "fold": 2, "mode": "comparison", "epoch": 3, "optimizer_steps": 13, "learning_rate": 0.00020999999999999998, "mean_loss": 2.840779084425706, "elapsed_seconds": 19.17956797964871}
{"event": "smooth_ap_epoch", "endpoint": "cross_scene", "fold": 2, "mode": "comparison", "epoch": 4, "optimizer_steps": 13, "learning_rate": 0.00028000000000000003, "mean_loss": 2.1102560391792884, "elapsed_seconds": 19.677742483094335}
{"event": "smooth_ap_epoch", "endpoint": "cross_scene", "fold": 2, "mode": "comparison", "epoch": 5, "optimizer_steps": 13, "learning_rate": 0.00035, "mean_loss": 1.740791550049415, "elapsed_seconds": 18.925262628123164}
{"event": "smooth_ap_epoch", "endpoint": "cross_scene", "fold": 2, "mode": "comparison", "epoch": 6, "optimizer_steps": 13, "learning_rate": 0.00035, "mean_loss": 1.5026000554745014, "elapsed_seconds": 99.8073508720845}
{"event": "smooth_ap_epoch", "endpoint": "cross_scene", "fold": 2, "mode": "comparison", "epoch": 7, "optimizer_steps": 13, "learning_rate": 0.000346175830128416, "mean_loss": 1.3228433498969445, "elapsed_seconds": 141.95778309740126}
{"event": "smooth_ap_epoch", "endpoint": "cross_scene", "fold": 2, "mode": "comparison", "epoch": 8, "optimizer_steps": 13, "learning_rate": 0.0003348704550874551, "mean_loss": 1.1568077344160814, "elapsed_seconds": 142.07555189542472}
{"event": "smooth_ap_epoch", "endpoint": "cross_scene", "fold": 2, "mode": "comparison", "epoch": 9, "optimizer_steps": 13, "learning_rate": 0.0003165779740156158, "mean_loss": 1.0660824179649353, "elapsed_seconds": 141.60715096443892}
{"event": "smooth_ap_epoch", "endpoint": "cross_scene", "fold": 2, "mode": "comparison", "epoch": 10, "optimizer_steps": 13, "learning_rate": 0.0002920978561128002, "mean_loss": 0.9711481286929204, "elapsed_seconds": 141.77500197291374}
{"event": "smooth_ap_epoch", "endpoint": "cross_scene", "fold": 2, "mode": "comparison", "epoch": 11, "optimizer_steps": 13, "learning_rate": 0.0002625, "mean_loss": 0.93052994287931, "elapsed_seconds": 134.89186540804803}
{"event": "smooth_ap_epoch", "endpoint": "cross_scene", "fold": 2, "mode": "comparison", "epoch": 12, "optimizer_steps": 13, "learning_rate": 0.0002290779740156158, "mean_loss": 0.8762315190755404, "elapsed_seconds": 141.9646095968783}
{"event": "smooth_ap_epoch", "endpoint": "cross_scene", "fold": 2, "mode": "comparison", "epoch": 13, "optimizer_steps": 13, "learning_rate": 0.00019329248107183937, "mean_loss": 0.8483985249812787, "elapsed_seconds": 141.81922053545713}
{"event": "smooth_ap_epoch", "endpoint": "cross_scene", "fold": 2, "mode": "comparison", "epoch": 14, "optimizer_steps": 13, "learning_rate": 0.00015670751892816066, "mean_loss": 0.8764941875751202, "elapsed_seconds": 141.744251139462}
{"event": "smooth_ap_epoch", "endpoint": "cross_scene", "fold": 2, "mode": "comparison", "epoch": 15, "optimizer_steps": 13, "learning_rate": 0.00012092202598438422, "mean_loss": 0.8409668298868033, "elapsed_seconds": 142.0818663071841}
{"event": "smooth_ap_epoch", "endpoint": "cross_scene", "fold": 2, "mode": "comparison", "epoch": 16, "optimizer_steps": 13, "learning_rate": 8.750000000000004e-05, "mean_loss": 0.8043283545053922, "elapsed_seconds": 141.58380481041968}
{"event": "smooth_ap_epoch", "endpoint": "cross_scene", "fold": 2, "mode": "comparison", "epoch": 17, "optimizer_steps": 13, "learning_rate": 5.7902143887199866e-05, "mean_loss": 0.8175840928004339, "elapsed_seconds": 142.02368182316422}
{"event": "smooth_ap_epoch", "endpoint": "cross_scene", "fold": 2, "mode": "comparison", "epoch": 18, "optimizer_steps": 13, "learning_rate": 3.342202598438421e-05, "mean_loss": 0.7964234397961543, "elapsed_seconds": 134.90609722025692}
{"event": "smooth_ap_epoch", "endpoint": "cross_scene", "fold": 2, "mode": "comparison", "epoch": 19, "optimizer_steps": 13, "learning_rate": 1.5129544912544829e-05, "mean_loss": 0.8157566235615656, "elapsed_seconds": 141.71198811009526}
{"event": "smooth_ap_epoch", "endpoint": "cross_scene", "fold": 2, "mode": "comparison", "epoch": 20, "optimizer_steps": 13, "learning_rate": 3.824169871584004e-06, "mean_loss": 0.7983685319240277, "elapsed_seconds": 141.59210155159235}
建立transformer............
using Transformer_type: ViT-B-16 as a backbone
Resized position embedding: %s to %s torch.Size([197, 768]) torch.Size([129, 768])
Position embedding resize to height:8 width: 16
Successfully load ckpt!
<All keys matched successfully>
Loading pretrained model from CLIP
camera number is : 8
===========Building Signal===========
