/data/gaob/Re-ID/conda-envs/tri_reid/lib/python3.10/site-packages/timm/models/helpers.py:7: FutureWarning: Importing from timm.models.helpers is deprecated, please import via timm.models
  warnings.warn(f"Importing from {__name__} is deprecated, please import via timm.models", FutureWarning)
/data/gaob/Re-ID/conda-envs/tri_reid/lib/python3.10/site-packages/timm/models/registry.py:4: FutureWarning: Importing from timm.models.registry is deprecated, please import via timm.models
  warnings.warn(f"Importing from {__name__} is deprecated, please import via timm.models", FutureWarning)
/data/gaob/Re-ID/conda-envs/tri_reid/lib/python3.10/site-packages/timm/models/layers/__init__.py:48: FutureWarning: Importing from timm.models.layers is deprecated, please import via timm.layers
  warnings.warn(f"Importing from {__name__} is deprecated, please import via timm.layers", FutureWarning)
建立transformer............
using Transformer_type: ViT-B-16 as a backbone
Resized position embedding: %s to %s torch.Size([197, 768]) torch.Size([129, 768])
Position embedding resize to height:16 width: 8
Successfully load ckpt!
<All keys matched successfully>
Loading pretrained model from CLIP
camera number is : 4
===========Building Signal===========
{"event": "epoch", "dataset": "RGBNT201", "epoch": 1, "steps": 53, "mean_loss": 5.002559499920539, "seconds": 22.279351859004237, "official_fused": {"mAP": 72.11867050207712, "Rank-1": 73.44497442245483, "Rank-5": 82.8947365283966, "Rank-10": 87.91866302490234}, "best_epoch": 1}
{"event": "epoch", "dataset": "RGBNT201", "epoch": 2, "steps": 53, "mean_loss": 4.1649064792777, "seconds": 20.361948250007117, "official_fused": {"mAP": 72.56205395889998, "Rank-1": 73.9234447479248, "Rank-5": 82.41626620292664, "Rank-10": 87.79904246330261}, "best_epoch": 2}
{"event": "epoch", "dataset": "RGBNT201", "epoch": 3, "steps": 53, "mean_loss": 2.8186611544411138, "seconds": 20.41259082200122, "official_fused": {"mAP": 70.92642526261581, "Rank-1": 71.41148447990417, "Rank-5": 80.26315569877625, "Rank-10": 85.8851671218872}, "best_epoch": 2}
{"event": "epoch", "dataset": "RGBNT201", "epoch": 4, "steps": 53, "mean_loss": 1.6192006974850062, "seconds": 20.4188754420029, "official_fused": {"mAP": 71.32392344579928, "Rank-1": 71.77033424377441, "Rank-5": 80.38277626037598, "Rank-10": 85.047847032547}, "best_epoch": 2}
{"event": "epoch", "dataset": "RGBNT201", "epoch": 5, "steps": 53, "mean_loss": 1.0835961058454693, "seconds": 20.484391328005586, "official_fused": {"mAP": 70.05352434887583, "Rank-1": 70.21530866622925, "Rank-5": 79.54545617103577, "Rank-10": 84.92823243141174}, "best_epoch": 2}
{"event": "epoch", "dataset": "RGBNT201", "epoch": 6, "steps": 53, "mean_loss": 0.9456778775970891, "seconds": 20.368277293004212, "official_fused": {"mAP": 69.53573003429725, "Rank-1": 69.49760913848877, "Rank-5": 78.58851552009583, "Rank-10": 83.73205661773682}, "best_epoch": 2}
{"event": "epoch", "dataset": "RGBNT201", "epoch": 7, "steps": 53, "mean_loss": 0.9158831272485122, "seconds": 20.482469419002882, "official_fused": {"mAP": 67.5534442403596, "Rank-1": 67.58373379707336, "Rank-5": 75.83732008934021, "Rank-10": 82.17703104019165}, "best_epoch": 2}
