/data/gaob/Re-ID/conda-envs/tri_reid/lib/python3.10/site-packages/timm/models/helpers.py:7: FutureWarning: Importing from timm.models.helpers is deprecated, please import via timm.models
  warnings.warn(f"Importing from {__name__} is deprecated, please import via timm.models", FutureWarning)
/data/gaob/Re-ID/conda-envs/tri_reid/lib/python3.10/site-packages/timm/models/registry.py:4: FutureWarning: Importing from timm.models.registry is deprecated, please import via timm.models
  warnings.warn(f"Importing from {__name__} is deprecated, please import via timm.models", FutureWarning)
/data/gaob/Re-ID/conda-envs/tri_reid/lib/python3.10/site-packages/timm/models/layers/__init__.py:48: FutureWarning: Importing from timm.models.layers is deprecated, please import via timm.layers
  warnings.warn(f"Importing from {__name__} is deprecated, please import via timm.layers", FutureWarning)
建立transformer............
using Transformer_type: ViT-B-16 as a backbone
Resized position embedding: %s to %s torch.Size([197, 768]) torch.Size([129, 768])
Position embedding resize to height:16 width: 8
Successfully load ckpt!
<All keys matched successfully>
Loading pretrained model from CLIP
camera number is : 4
===========Building Signal===========
{"event": "epoch", "dataset": "RGBNT201", "epoch": 1, "steps": 53, "mean_loss": 5.002559499920539, "seconds": 22.279351859004237, "official_fused": {"mAP": 72.11867050207712, "Rank-1": 73.44497442245483, "Rank-5": 82.8947365283966, "Rank-10": 87.91866302490234}, "best_epoch": 1}
{"event": "epoch", "dataset": "RGBNT201", "epoch": 2, "steps": 53, "mean_loss": 4.1649064792777, "seconds": 20.361948250007117, "official_fused": {"mAP": 72.56205395889998, "Rank-1": 73.9234447479248, "Rank-5": 82.41626620292664, "Rank-10": 87.79904246330261}, "best_epoch": 2}
{"event": "epoch", "dataset": "RGBNT201", "epoch": 3, "steps": 53, "mean_loss": 2.8186611544411138, "seconds": 20.41259082200122, "official_fused": {"mAP": 70.92642526261581, "Rank-1": 71.41148447990417, "Rank-5": 80.26315569877625, "Rank-10": 85.8851671218872}, "best_epoch": 2}
{"event": "epoch", "dataset": "RGBNT201", "epoch": 4, "steps": 53, "mean_loss": 1.6192006974850062, "seconds": 20.4188754420029, "official_fused": {"mAP": 71.32392344579928, "Rank-1": 71.77033424377441, "Rank-5": 80.38277626037598, "Rank-10": 85.047847032547}, "best_epoch": 2}
{"event": "epoch", "dataset": "RGBNT201", "epoch": 5, "steps": 53, "mean_loss": 1.0835961058454693, "seconds": 20.484391328005586, "official_fused": {"mAP": 70.05352434887583, "Rank-1": 70.21530866622925, "Rank-5": 79.54545617103577, "Rank-10": 84.92823243141174}, "best_epoch": 2}
{"event": "epoch", "dataset": "RGBNT201", "epoch": 6, "steps": 53, "mean_loss": 0.9456778775970891, "seconds": 20.368277293004212, "official_fused": {"mAP": 69.53573003429725, "Rank-1": 69.49760913848877, "Rank-5": 78.58851552009583, "Rank-10": 83.73205661773682}, "best_epoch": 2}
{"event": "epoch", "dataset": "RGBNT201", "epoch": 7, "steps": 53, "mean_loss": 0.9158831272485122, "seconds": 20.482469419002882, "official_fused": {"mAP": 67.5534442403596, "Rank-1": 67.58373379707336, "Rank-5": 75.83732008934021, "Rank-10": 82.17703104019165}, "best_epoch": 2}
{"event": "epoch", "dataset": "RGBNT201", "epoch": 8, "steps": 53, "mean_loss": 0.9061096805446552, "seconds": 20.515086098006577, "official_fused": {"mAP": 69.74835898811108, "Rank-1": 69.25837397575378, "Rank-5": 77.9904305934906, "Rank-10": 84.09090638160706}, "best_epoch": 2}
{"event": "epoch", "dataset": "RGBNT201", "epoch": 9, "steps": 53, "mean_loss": 0.8998839180424528, "seconds": 20.441966628000955, "official_fused": {"mAP": 70.05435046687396, "Rank-1": 69.73684430122375, "Rank-5": 78.46890091896057, "Rank-10": 84.56937670707703}, "best_epoch": 2}
{"event": "epoch", "dataset": "RGBNT201", "epoch": 10, "steps": 53, "mean_loss": 0.8979187562780561, "seconds": 20.536699025993585, "official_fused": {"mAP": 68.24509463964766, "Rank-1": 69.73684430122375, "Rank-5": 76.43540501594543, "Rank-10": 81.93780183792114}, "best_epoch": 2}
{"event": "epoch", "dataset": "RGBNT201", "epoch": 11, "steps": 53, "mean_loss": 0.8918482987385876, "seconds": 20.338090566001483, "official_fused": {"mAP": 70.6146392562429, "Rank-1": 71.17224931716919, "Rank-5": 78.34928035736084, "Rank-10": 83.73205661773682}, "best_epoch": 2}
{"event": "epoch", "dataset": "RGBNT201", "epoch": 12, "steps": 53, "mean_loss": 0.8896905037592042, "seconds": 20.478653515994665, "official_fused": {"mAP": 69.88400991612126, "Rank-1": 69.0191388130188, "Rank-5": 77.51196026802063, "Rank-10": 82.77512192726135}, "best_epoch": 2}
{"event": "epoch", "dataset": "RGBNT201", "epoch": 13, "steps": 53, "mean_loss": 0.8877169973445389, "seconds": 20.478552314991248, "official_fused": {"mAP": 69.40691401118238, "Rank-1": 69.97607946395874, "Rank-5": 78.34928035736084, "Rank-10": 85.16746163368225}, "best_epoch": 2}
{"event": "epoch", "dataset": "RGBNT201", "epoch": 14, "steps": 53, "mean_loss": 0.8848736005009346, "seconds": 20.325248972992995, "official_fused": {"mAP": 69.39218136546724, "Rank-1": 69.97607946395874, "Rank-5": 76.67464017868042, "Rank-10": 82.17703104019165}, "best_epoch": 2}
{"event": "epoch", "dataset": "RGBNT201", "epoch": 15, "steps": 53, "mean_loss": 0.8821008104198383, "seconds": 20.332280697999522, "official_fused": {"mAP": 69.79756995266347, "Rank-1": 70.45454382896423, "Rank-5": 77.87081599235535, "Rank-10": 82.41626620292664}, "best_epoch": 2}
{"event": "epoch", "dataset": "RGBNT201", "epoch": 16, "steps": 53, "mean_loss": 0.8805792129264688, "seconds": 20.28268347599078, "official_fused": {"mAP": 69.09713198257657, "Rank-1": 68.54066848754883, "Rank-5": 75.35884976387024, "Rank-10": 81.69856667518616}, "best_epoch": 2}
{"event": "epoch", "dataset": "RGBNT201", "epoch": 17, "steps": 53, "mean_loss": 0.8751175504810406, "seconds": 20.37362505600322, "official_fused": {"mAP": 69.02183751002802, "Rank-1": 70.095694065094, "Rank-5": 77.87081599235535, "Rank-10": 82.8947365283966}, "best_epoch": 2}
{"event": "epoch", "dataset": "RGBNT201", "epoch": 18, "steps": 53, "mean_loss": 0.8729093310967931, "seconds": 20.338983202993404, "official_fused": {"mAP": 69.68414353168718, "Rank-1": 71.65071964263916, "Rank-5": 77.87081599235535, "Rank-10": 83.61244201660156}, "best_epoch": 2}
{"event": "epoch", "dataset": "RGBNT201", "epoch": 19, "steps": 53, "mean_loss": 0.8721203432892853, "seconds": 20.316172777995234, "official_fused": {"mAP": 69.9532336163467, "Rank-1": 70.57416439056396, "Rank-5": 79.18660044670105, "Rank-10": 84.44976210594177}, "best_epoch": 2}
{"event": "epoch", "dataset": "RGBNT201", "epoch": 20, "steps": 53, "mean_loss": 0.871912843776199, "seconds": 20.37679449400457, "official_fused": {"mAP": 70.51911938663402, "Rank-1": 72.24880456924438, "Rank-5": 80.02392053604126, "Rank-10": 85.52631735801697}, "best_epoch": 2}
{"event": "epoch", "dataset": "RGBNT201", "epoch": 21, "steps": 53, "mean_loss": 0.8683651067175955, "seconds": 20.4084437880083, "official_fused": {"mAP": 69.054277697831, "Rank-1": 70.45454382896423, "Rank-5": 79.66507077217102, "Rank-10": 84.44976210594177}, "best_epoch": 2}
{"event": "epoch", "dataset": "RGBNT201", "epoch": 22, "steps": 53, "mean_loss": 0.8677148447846467, "seconds": 20.41482639699825, "official_fused": {"mAP": 70.15775562596373, "Rank-1": 71.05262875556946, "Rank-5": 79.0669858455658, "Rank-10": 84.44976210594177}, "best_epoch": 2}
{"event": "epoch", "dataset": "RGBNT201", "epoch": 23, "steps": 53, "mean_loss": 0.8657745640232878, "seconds": 20.407702968994272, "official_fused": {"mAP": 69.71634677660941, "Rank-1": 69.73684430122375, "Rank-5": 78.34928035736084, "Rank-10": 83.49282145500183}, "best_epoch": 2}
{"event": "epoch", "dataset": "RGBNT201", "epoch": 24, "steps": 53, "mean_loss": 0.8647465987025567, "seconds": 20.49347281700466, "official_fused": {"mAP": 69.15901342305341, "Rank-1": 70.81339955329895, "Rank-5": 79.904305934906, "Rank-10": 84.44976210594177}, "best_epoch": 2}
{"event": "epoch", "dataset": "RGBNT201", "epoch": 25, "steps": 53, "mean_loss": 0.8643637153337587, "seconds": 20.693816509010503, "official_fused": {"mAP": 69.75742791866887, "Rank-1": 70.81339955329895, "Rank-5": 80.02392053604126, "Rank-10": 83.85167717933655}, "best_epoch": 2}
{"event": "epoch", "dataset": "RGBNT201", "epoch": 26, "steps": 53, "mean_loss": 0.8631457945085922, "seconds": 20.569984179004678, "official_fused": {"mAP": 69.27286187556895, "Rank-1": 70.33492922782898, "Rank-5": 79.18660044670105, "Rank-10": 84.44976210594177}, "best_epoch": 2}
{"event": "epoch", "dataset": "RGBNT201", "epoch": 27, "steps": 53, "mean_loss": 0.861102247013236, "seconds": 20.459136103003402, "official_fused": {"mAP": 67.25051692193117, "Rank-1": 68.30143332481384, "Rank-5": 77.15311050415039, "Rank-10": 82.65550136566162}, "best_epoch": 2}
{"event": "epoch", "dataset": "RGBNT201", "epoch": 28, "steps": 53, "mean_loss": 0.8601444363594055, "seconds": 20.390248128998792, "official_fused": {"mAP": 67.48919659439075, "Rank-1": 68.54066848754883, "Rank-5": 76.55502557754517, "Rank-10": 81.93780183792114}, "best_epoch": 2}
{"event": "epoch", "dataset": "RGBNT201", "epoch": 29, "steps": 53, "mean_loss": 0.859586552628931, "seconds": 20.36147026901017, "official_fused": {"mAP": 67.72569788968119, "Rank-1": 68.66028904914856, "Rank-5": 77.9904305934906, "Rank-10": 83.9712917804718}, "best_epoch": 2}
{"event": "epoch", "dataset": "RGBNT201", "epoch": 30, "steps": 53, "mean_loss": 0.8580891130105505, "seconds": 20.33584950499062, "official_fused": {"mAP": 69.67350350102018, "Rank-1": 70.69377899169922, "Rank-5": 80.38277626037598, "Rank-10": 84.92823243141174}, "best_epoch": 2}
{"event": "epoch", "dataset": "RGBNT201", "epoch": 31, "steps": 53, "mean_loss": 0.8577732814932769, "seconds": 20.503923462994862, "official_fused": {"mAP": 70.04803959892192, "Rank-1": 70.81339955329895, "Rank-5": 80.14354109764099, "Rank-10": 85.16746163368225}, "best_epoch": 2}
{"event": "epoch", "dataset": "RGBNT201", "epoch": 32, "steps": 53, "mean_loss": 0.8565591416268978, "seconds": 20.65034196600027, "official_fused": {"mAP": 68.9933192414665, "Rank-1": 69.73684430122375, "Rank-5": 79.66507077217102, "Rank-10": 84.92823243141174}, "best_epoch": 2}
{"event": "epoch", "dataset": "RGBNT201", "epoch": 33, "steps": 53, "mean_loss": 0.8566225902089533, "seconds": 20.180657999997493, "official_fused": {"mAP": 68.9994613181897, "Rank-1": 70.33492922782898, "Rank-5": 79.78469133377075, "Rank-10": 83.85167717933655}, "best_epoch": 2}
{"event": "epoch", "dataset": "RGBNT201", "epoch": 34, "steps": 53, "mean_loss": 0.8544442608671369, "seconds": 20.405446087999735, "official_fused": {"mAP": 67.99526609127835, "Rank-1": 68.54066848754883, "Rank-5": 78.70813608169556, "Rank-10": 83.61244201660156}, "best_epoch": 2}
{"event": "epoch", "dataset": "RGBNT201", "epoch": 35, "steps": 53, "mean_loss": 0.8537930857460454, "seconds": 20.50222214499081, "official_fused": {"mAP": 67.82392976208733, "Rank-1": 69.0191388130188, "Rank-5": 79.54545617103577, "Rank-10": 83.85167717933655}, "best_epoch": 2}
{"event": "epoch", "dataset": "RGBNT201", "epoch": 36, "steps": 53, "mean_loss": 0.8533408990446126, "seconds": 20.27979959800723, "official_fused": {"mAP": 67.48299711166055, "Rank-1": 68.42105388641357, "Rank-5": 79.66507077217102, "Rank-10": 83.73205661773682}, "best_epoch": 2}
{"event": "epoch", "dataset": "RGBNT201", "epoch": 37, "steps": 53, "mean_loss": 0.8533226971356374, "seconds": 20.418757099003415, "official_fused": {"mAP": 67.45201944668497, "Rank-1": 68.42105388641357, "Rank-5": 80.02392053604126, "Rank-10": 84.09090638160706}, "best_epoch": 2}
{"event": "epoch", "dataset": "RGBNT201", "epoch": 38, "steps": 53, "mean_loss": 0.8521495810094869, "seconds": 20.387572008999996, "official_fused": {"mAP": 67.54862762835675, "Rank-1": 68.77990365028381, "Rank-5": 78.82775068283081, "Rank-10": 83.85167717933655}, "best_epoch": 2}
{"event": "epoch", "dataset": "RGBNT201", "epoch": 39, "steps": 53, "mean_loss": 0.8513343401674954, "seconds": 20.324084694002522, "official_fused": {"mAP": 68.03409763230982, "Rank-1": 68.66028904914856, "Rank-5": 80.02392053604126, "Rank-10": 84.33014154434204}, "best_epoch": 2}
{"event": "epoch", "dataset": "RGBNT201", "epoch": 40, "steps": 53, "mean_loss": 0.851204660703551, "seconds": 20.545710948994383, "official_fused": {"mAP": 68.1722770461897, "Rank-1": 68.89952421188354, "Rank-5": 80.02392053604126, "Rank-10": 84.68899726867676}, "best_epoch": 2}
{"event": "epoch", "dataset": "RGBNT201", "epoch": 41, "steps": 53, "mean_loss": 0.851661814833587, "seconds": 20.245514624009957, "official_fused": {"mAP": 68.21063184669744, "Rank-1": 69.13875341415405, "Rank-5": 79.78469133377075, "Rank-10": 84.56937670707703}, "best_epoch": 2}
{"event": "epoch", "dataset": "RGBNT201", "epoch": 42, "steps": 53, "mean_loss": 0.8510573596324561, "seconds": 20.321001655000146, "official_fused": {"mAP": 67.86496854363544, "Rank-1": 68.66028904914856, "Rank-5": 79.78469133377075, "Rank-10": 84.44976210594177}, "best_epoch": 2}
{"event": "epoch", "dataset": "RGBNT201", "epoch": 43, "steps": 53, "mean_loss": 0.8502855705765059, "seconds": 20.565271302009933, "official_fused": {"mAP": 67.84720200760964, "Rank-1": 68.54066848754883, "Rank-5": 79.66507077217102, "Rank-10": 84.44976210594177}, "best_epoch": 2}
{"event": "epoch", "dataset": "RGBNT201", "epoch": 44, "steps": 53, "mean_loss": 0.8508140096124613, "seconds": 20.30363037099596, "official_fused": {"mAP": 67.72205967270234, "Rank-1": 68.42105388641357, "Rank-5": 80.02392053604126, "Rank-10": 84.44976210594177}, "best_epoch": 2}
