/data/gaob/Re-ID/conda-envs/tri_reid/lib/python3.10/site-packages/timm/models/helpers.py:7: FutureWarning: Importing from timm.models.helpers is deprecated, please import via timm.models
  warnings.warn(f"Importing from {__name__} is deprecated, please import via timm.models", FutureWarning)
/data/gaob/Re-ID/conda-envs/tri_reid/lib/python3.10/site-packages/timm/models/registry.py:4: FutureWarning: Importing from timm.models.registry is deprecated, please import via timm.models
  warnings.warn(f"Importing from {__name__} is deprecated, please import via timm.models", FutureWarning)
/data/gaob/Re-ID/conda-envs/tri_reid/lib/python3.10/site-packages/timm/models/layers/__init__.py:48: FutureWarning: Importing from timm.models.layers is deprecated, please import via timm.layers
  warnings.warn(f"Importing from {__name__} is deprecated, please import via timm.layers", FutureWarning)
建立transformer............
using Transformer_type: ViT-B-16 as a backbone
Resized position embedding: %s to %s torch.Size([197, 768]) torch.Size([129, 768])
Position embedding resize to height:16 width: 8
Successfully load ckpt!
<All keys matched successfully>
Loading pretrained model from CLIP
camera number is : 4
===========Building Signal===========
{"event": "epoch", "dataset": "RGBNT201", "recipe": "raw", "epoch": 1, "steps": 53, "mean_loss": 6.395920222660281, "seconds": 29.11851401202148, "official_fused": {"mAP": 5.155119055392757, "Rank-1": 4.425837472081184, "Rank-5": 8.732057362794876, "Rank-10": 14.354066550731659}}
{"event": "epoch", "dataset": "RGBNT201", "recipe": "raw", "epoch": 2, "steps": 53, "mean_loss": 5.079988776512866, "seconds": 29.33993178899982, "official_fused": {"mAP": 11.326328381382446, "Rank-1": 8.612440526485443, "Rank-5": 18.779903650283813, "Rank-10": 26.555022597312927}}
{"event": "epoch", "dataset": "RGBNT201", "recipe": "raw", "epoch": 3, "steps": 53, "mean_loss": 3.820276435816063, "seconds": 28.90405507799005, "official_fused": {"mAP": 23.647596612773107, "Rank-1": 22.607655823230743, "Rank-5": 37.44019269943237, "Rank-10": 46.411484479904175}}
{"event": "epoch", "dataset": "RGBNT201", "recipe": "raw", "epoch": 4, "steps": 53, "mean_loss": 2.5107461483973377, "seconds": 28.60595242099953, "official_fused": {"mAP": 36.782882244900236, "Rank-1": 37.79904246330261, "Rank-5": 51.913875341415405, "Rank-10": 60.047847032547}}
{"event": "epoch", "dataset": "RGBNT201", "recipe": "raw", "epoch": 5, "steps": 53, "mean_loss": 1.5982922428059128, "seconds": 28.215908011014108, "official_fused": {"mAP": 44.47899305496001, "Rank-1": 44.61722373962402, "Rank-5": 60.16746163368225, "Rank-10": 69.97607946395874}}
{"event": "epoch", "dataset": "RGBNT201", "recipe": "raw", "epoch": 6, "steps": 53, "mean_loss": 1.1738067820387066, "seconds": 28.33898738800781, "official_fused": {"mAP": 47.5727175975417, "Rank-1": 48.80382716655731, "Rank-5": 62.67942786216736, "Rank-10": 72.48803973197937}}
{"event": "epoch", "dataset": "RGBNT201", "recipe": "raw", "epoch": 7, "steps": 53, "mean_loss": 1.0518179310942597, "seconds": 28.100994802982314, "official_fused": {"mAP": 47.84752004549209, "Rank-1": 47.12918698787689, "Rank-5": 63.755983114242554, "Rank-10": 72.0095694065094}}
{"event": "epoch", "dataset": "RGBNT201", "recipe": "raw", "epoch": 8, "steps": 53, "mean_loss": 1.0111446493076828, "seconds": 28.47106476101908, "official_fused": {"mAP": 50.74103936615112, "Rank-1": 51.435405015945435, "Rank-5": 66.38755798339844, "Rank-10": 75.0}}
{"event": "epoch", "dataset": "RGBNT201", "recipe": "raw", "epoch": 9, "steps": 53, "mean_loss": 0.9819965924856797, "seconds": 28.169292790000327, "official_fused": {"mAP": 50.48930430250629, "Rank-1": 50.119614601135254, "Rank-5": 66.38755798339844, "Rank-10": 73.80383014678955}}
{"event": "epoch", "dataset": "RGBNT201", "recipe": "raw", "epoch": 10, "steps": 53, "mean_loss": 0.9775904090899341, "seconds": 28.705772700021043, "official_fused": {"mAP": 52.38385827947085, "Rank-1": 53.94737124443054, "Rank-5": 68.66028904914856, "Rank-10": 75.23923516273499}}
{"event": "epoch", "dataset": "RGBNT201", "recipe": "raw", "epoch": 11, "steps": 53, "mean_loss": 0.9644913403493054, "seconds": 28.512704527005553, "official_fused": {"mAP": 54.638062502531604, "Rank-1": 56.69856667518616, "Rank-5": 70.21530866622925, "Rank-10": 75.59808492660522}}
{"event": "epoch", "dataset": "RGBNT201", "recipe": "raw", "epoch": 12, "steps": 53, "mean_loss": 0.9538222315176478, "seconds": 28.63242027600063, "official_fused": {"mAP": 55.52032940819595, "Rank-1": 58.9712917804718, "Rank-5": 69.85645890235901, "Rank-10": 76.79426074028015}}
{"event": "epoch", "dataset": "RGBNT201", "recipe": "raw", "epoch": 13, "steps": 53, "mean_loss": 0.9451235341575911, "seconds": 28.389563211007044, "official_fused": {"mAP": 54.92572378337365, "Rank-1": 56.93780183792114, "Rank-5": 69.0191388130188, "Rank-10": 75.83732008934021}}
{"event": "epoch", "dataset": "RGBNT201", "recipe": "raw", "epoch": 14, "steps": 53, "mean_loss": 0.9371901491902909, "seconds": 28.74667936001788, "official_fused": {"mAP": 53.90943730013434, "Rank-1": 56.81818127632141, "Rank-5": 69.25837397575378, "Rank-10": 74.88038539886475}}
{"event": "epoch", "dataset": "RGBNT201", "recipe": "raw", "epoch": 15, "steps": 53, "mean_loss": 0.9264224868900371, "seconds": 29.170353512017755, "official_fused": {"mAP": 54.7493341913902, "Rank-1": 57.65550136566162, "Rank-5": 69.49760913848877, "Rank-10": 75.83732008934021}}
{"event": "epoch", "dataset": "RGBNT201", "recipe": "raw", "epoch": 16, "steps": 53, "mean_loss": 0.9260860625303017, "seconds": 28.442031981016044, "official_fused": {"mAP": 56.76167570212023, "Rank-1": 58.49282145500183, "Rank-5": 72.24880456924438, "Rank-10": 79.0669858455658}}
{"event": "epoch", "dataset": "RGBNT201", "recipe": "raw", "epoch": 17, "steps": 53, "mean_loss": 0.9169252132469753, "seconds": 28.001815853989683, "official_fused": {"mAP": 56.861500231238416, "Rank-1": 58.9712917804718, "Rank-5": 70.57416439056396, "Rank-10": 78.34928035736084}}
{"event": "epoch", "dataset": "RGBNT201", "recipe": "raw", "epoch": 18, "steps": 53, "mean_loss": 0.9128544904151052, "seconds": 28.507672533014556, "official_fused": {"mAP": 58.46891517359742, "Rank-1": 59.569376707077026, "Rank-5": 72.24880456924438, "Rank-10": 78.94737124443054}}
{"event": "epoch", "dataset": "RGBNT201", "recipe": "raw", "epoch": 19, "steps": 53, "mean_loss": 0.913975679649497, "seconds": 28.495870287995785, "official_fused": {"mAP": 56.78759400685265, "Rank-1": 58.01435112953186, "Rank-5": 71.17224931716919, "Rank-10": 78.58851552009583}}
{"event": "epoch", "dataset": "RGBNT201", "recipe": "raw", "epoch": 20, "steps": 53, "mean_loss": 0.9086087852154138, "seconds": 28.6892931489856, "official_fused": {"mAP": 57.167045406826624, "Rank-1": 60.047847032547, "Rank-5": 74.16267991065979, "Rank-10": 80.9808611869812}}
{"event": "epoch", "dataset": "RGBNT201", "recipe": "raw", "epoch": 21, "steps": 53, "mean_loss": 0.9068096088913252, "seconds": 28.887322530004894, "official_fused": {"mAP": 57.6296833033356, "Rank-1": 59.44976210594177, "Rank-5": 72.60765433311462, "Rank-10": 78.46890091896057}}
{"event": "epoch", "dataset": "RGBNT201", "recipe": "raw", "epoch": 22, "steps": 53, "mean_loss": 0.9048839627571825, "seconds": 28.522848321998026, "official_fused": {"mAP": 53.94310327451783, "Rank-1": 55.263155698776245, "Rank-5": 69.0191388130188, "Rank-10": 75.59808492660522}}
{"event": "epoch", "dataset": "RGBNT201", "recipe": "raw", "epoch": 23, "steps": 53, "mean_loss": 0.9017727363784358, "seconds": 28.7554079380061, "official_fused": {"mAP": 57.268327720888514, "Rank-1": 58.9712917804718, "Rank-5": 69.97607946395874, "Rank-10": 79.42583560943604}}
{"event": "epoch", "dataset": "RGBNT201", "recipe": "raw", "epoch": 24, "steps": 53, "mean_loss": 0.896777313835216, "seconds": 28.62424268797622, "official_fused": {"mAP": 57.99483761932822, "Rank-1": 59.92823243141174, "Rank-5": 72.96651005744934, "Rank-10": 79.18660044670105}}
{"event": "epoch", "dataset": "RGBNT201", "recipe": "raw", "epoch": 25, "steps": 53, "mean_loss": 0.8953320159102386, "seconds": 28.961959318025038, "official_fused": {"mAP": 57.92145910228367, "Rank-1": 58.37320685386658, "Rank-5": 71.53109908103943, "Rank-10": 79.30622100830078}}
{"event": "epoch", "dataset": "RGBNT201", "recipe": "raw", "epoch": 26, "steps": 53, "mean_loss": 0.8928335354013263, "seconds": 28.936541695991764, "official_fused": {"mAP": 59.68789908355065, "Rank-1": 60.88516712188721, "Rank-5": 73.20573925971985, "Rank-10": 80.62201142311096}}
{"event": "epoch", "dataset": "RGBNT201", "recipe": "raw", "epoch": 27, "steps": 53, "mean_loss": 0.8917801503865224, "seconds": 29.16459152198513, "official_fused": {"mAP": 58.694073990016435, "Rank-1": 59.33014154434204, "Rank-5": 73.20573925971985, "Rank-10": 81.10047578811646}}
{"event": "epoch", "dataset": "RGBNT201", "recipe": "raw", "epoch": 28, "steps": 53, "mean_loss": 0.8891736471428061, "seconds": 29.288064863008913, "official_fused": {"mAP": 58.61078029674628, "Rank-1": 59.92823243141174, "Rank-5": 71.77033424377441, "Rank-10": 79.42583560943604}}
{"event": "epoch", "dataset": "RGBNT201", "recipe": "raw", "epoch": 29, "steps": 53, "mean_loss": 0.891014667052143, "seconds": 28.90434579300927, "official_fused": {"mAP": 56.20702122330115, "Rank-1": 56.22009634971619, "Rank-5": 70.21530866622925, "Rank-10": 77.87081599235535}}
{"event": "epoch", "dataset": "RGBNT201", "recipe": "raw", "epoch": 30, "steps": 53, "mean_loss": 0.8868579234717027, "seconds": 28.978902252973057, "official_fused": {"mAP": 55.797884267186106, "Rank-1": 56.100475788116455, "Rank-5": 70.45454382896423, "Rank-10": 77.03348994255066}}
{"event": "epoch", "dataset": "RGBNT201", "recipe": "raw", "epoch": 31, "steps": 53, "mean_loss": 0.8856835533987801, "seconds": 28.676749024976743, "official_fused": {"mAP": 55.964207148554436, "Rank-1": 56.33971095085144, "Rank-5": 69.25837397575378, "Rank-10": 76.43540501594543}}
{"event": "epoch", "dataset": "RGBNT201", "recipe": "raw", "epoch": 32, "steps": 53, "mean_loss": 0.8830461074721139, "seconds": 28.842034572007833, "official_fused": {"mAP": 56.29011230412802, "Rank-1": 57.53588676452637, "Rank-5": 70.57416439056396, "Rank-10": 77.27272510528564}}
{"event": "epoch", "dataset": "RGBNT201", "recipe": "raw", "epoch": 33, "steps": 53, "mean_loss": 0.883113441602239, "seconds": 28.59735640999861, "official_fused": {"mAP": 58.61216182702983, "Rank-1": 59.44976210594177, "Rank-5": 72.24880456924438, "Rank-10": 79.78469133377075}}
{"event": "epoch", "dataset": "RGBNT201", "recipe": "raw", "epoch": 34, "steps": 53, "mean_loss": 0.8810532981494688, "seconds": 28.778616700990824, "official_fused": {"mAP": 57.22763450726437, "Rank-1": 58.253586292266846, "Rank-5": 71.88995480537415, "Rank-10": 78.46890091896057}}
{"event": "epoch", "dataset": "RGBNT201", "recipe": "raw", "epoch": 35, "steps": 53, "mean_loss": 0.8813352011284739, "seconds": 28.79396972799441, "official_fused": {"mAP": 58.79451284221623, "Rank-1": 60.047847032547, "Rank-5": 72.12918400764465, "Rank-10": 79.54545617103577}}
{"event": "epoch", "dataset": "RGBNT201", "recipe": "raw", "epoch": 36, "steps": 53, "mean_loss": 0.8787845733030787, "seconds": 28.62679404899245, "official_fused": {"mAP": 58.777319052233125, "Rank-1": 59.92823243141174, "Rank-5": 71.65071964263916, "Rank-10": 79.54545617103577}}
{"event": "epoch", "dataset": "RGBNT201", "recipe": "raw", "epoch": 37, "steps": 53, "mean_loss": 0.8798270720355915, "seconds": 28.39016169201932, "official_fused": {"mAP": 59.39526550879498, "Rank-1": 61.36363744735718, "Rank-5": 73.20573925971985, "Rank-10": 80.50239086151123}}
{"event": "epoch", "dataset": "RGBNT201", "recipe": "raw", "epoch": 38, "steps": 53, "mean_loss": 0.8794123114279981, "seconds": 28.942447977984557, "official_fused": {"mAP": 59.47813364722525, "Rank-1": 59.68899726867676, "Rank-5": 72.36841917037964, "Rank-10": 78.58851552009583}}
{"event": "epoch", "dataset": "RGBNT201", "recipe": "raw", "epoch": 39, "steps": 53, "mean_loss": 0.8776355228334103, "seconds": 28.995664180023596, "official_fused": {"mAP": 58.606073346767076, "Rank-1": 59.21052694320679, "Rank-5": 73.0861246585846, "Rank-10": 79.66507077217102}}
{"event": "epoch", "dataset": "RGBNT201", "recipe": "raw", "epoch": 40, "steps": 53, "mean_loss": 0.8763469963703515, "seconds": 28.71753461199114, "official_fused": {"mAP": 58.75290173126777, "Rank-1": 59.33014154434204, "Rank-5": 71.65071964263916, "Rank-10": 78.70813608169556}}
{"event": "epoch", "dataset": "RGBNT201", "recipe": "raw", "epoch": 41, "steps": 53, "mean_loss": 0.876384584408886, "seconds": 29.04994112899294, "official_fused": {"mAP": 58.25108650636653, "Rank-1": 58.9712917804718, "Rank-5": 72.0095694065094, "Rank-10": 78.58851552009583}}
{"event": "epoch", "dataset": "RGBNT201", "recipe": "raw", "epoch": 42, "steps": 53, "mean_loss": 0.875185675216171, "seconds": 28.864183156983927, "official_fused": {"mAP": 58.82442976090114, "Rank-1": 59.44976210594177, "Rank-5": 72.72727489471436, "Rank-10": 79.66507077217102}}
{"event": "epoch", "dataset": "RGBNT201", "recipe": "raw", "epoch": 43, "steps": 53, "mean_loss": 0.875894806295071, "seconds": 28.723370983992936, "official_fused": {"mAP": 59.13080186176214, "Rank-1": 59.68899726867676, "Rank-5": 72.36841917037964, "Rank-10": 79.54545617103577}}
{"event": "epoch", "dataset": "RGBNT201", "recipe": "raw", "epoch": 44, "steps": 53, "mean_loss": 0.8746145783730273, "seconds": 29.474482677003834, "official_fused": {"mAP": 58.8736950854075, "Rank-1": 59.44976210594177, "Rank-5": 72.24880456924438, "Rank-10": 79.54545617103577}}
{"event": "epoch", "dataset": "RGBNT201", "recipe": "raw", "epoch": 45, "steps": 53, "mean_loss": 0.8763475508060096, "seconds": 28.482161256979452, "official_fused": {"mAP": 58.382971939307225, "Rank-1": 59.090906381607056, "Rank-5": 71.65071964263916, "Rank-10": 78.46890091896057}}
{"event": "epoch", "dataset": "RGBNT201", "recipe": "raw", "epoch": 46, "steps": 52, "mean_loss": 0.8750338485607734, "seconds": 28.22322093800176, "official_fused": {"mAP": 58.44869761892023, "Rank-1": 59.21052694320679, "Rank-5": 71.65071964263916, "Rank-10": 78.70813608169556}}
{"event": "epoch", "dataset": "RGBNT201", "recipe": "raw", "epoch": 47, "steps": 53, "mean_loss": 0.8744082866974596, "seconds": 28.85826251702383, "official_fused": {"mAP": 58.53538423563814, "Rank-1": 59.090906381607056, "Rank-5": 71.77033424377441, "Rank-10": 79.0669858455658}}
{"event": "epoch", "dataset": "RGBNT201", "recipe": "raw", "epoch": 48, "steps": 53, "mean_loss": 0.8750502759555601, "seconds": 28.781023463001475, "official_fused": {"mAP": 58.678322252260415, "Rank-1": 58.9712917804718, "Rank-5": 71.65071964263916, "Rank-10": 78.94737124443054}}
{"event": "epoch", "dataset": "RGBNT201", "recipe": "raw", "epoch": 49, "steps": 53, "mean_loss": 0.8737326399335321, "seconds": 28.996516924002208, "official_fused": {"mAP": 58.65266695816484, "Rank-1": 58.9712917804718, "Rank-5": 71.77033424377441, "Rank-10": 78.94737124443054}}
{"event": "epoch", "dataset": "RGBNT201", "recipe": "raw", "epoch": 50, "steps": 53, "mean_loss": 0.8762002564826101, "seconds": 28.454704919975484, "official_fused": {"mAP": 58.64871386273003, "Rank-1": 58.9712917804718, "Rank-5": 71.77033424377441, "Rank-10": 78.94737124443054}}
