/data/gaob/Re-ID/conda-envs/tri_reid/lib/python3.10/site-packages/timm/models/helpers.py:7: FutureWarning: Importing from timm.models.helpers is deprecated, please import via timm.models
  warnings.warn(f"Importing from {__name__} is deprecated, please import via timm.models", FutureWarning)
/data/gaob/Re-ID/conda-envs/tri_reid/lib/python3.10/site-packages/timm/models/registry.py:4: FutureWarning: Importing from timm.models.registry is deprecated, please import via timm.models
  warnings.warn(f"Importing from {__name__} is deprecated, please import via timm.models", FutureWarning)
/data/gaob/Re-ID/conda-envs/tri_reid/lib/python3.10/site-packages/timm/models/layers/__init__.py:48: FutureWarning: Importing from timm.models.layers is deprecated, please import via timm.layers
  warnings.warn(f"Importing from {__name__} is deprecated, please import via timm.layers", FutureWarning)
建立transformer............
using Transformer_type: ViT-B-16 as a backbone
Resized position embedding: %s to %s torch.Size([197, 768]) torch.Size([129, 768])
Position embedding resize to height:8 width: 16
Successfully load ckpt!
<All keys matched successfully>
Loading pretrained model from CLIP
camera number is : 8
===========Building Signal===========
{"event": "epoch", "dataset": "MSVR310", "epoch": 1, "steps": 20, "mean_loss": 5.4403715372085575, "seconds": 11.972804200995597, "official_fused": {"mAP": 12.92870552148602, "Rank-1": 32.82572031021118, "Rank-5": 51.9458532333374, "Rank-10": 59.39086079597473}, "best_epoch": 1}
{"event": "epoch", "dataset": "MSVR310", "epoch": 2, "steps": 20, "mean_loss": 5.247397518157959, "seconds": 9.00538678499288, "official_fused": {"mAP": 18.057284649992127, "Rank-1": 39.593908190727234, "Rank-5": 58.544838428497314, "Rank-10": 66.66666865348816}, "best_epoch": 2}
{"event": "epoch", "dataset": "MSVR310", "epoch": 3, "steps": 20, "mean_loss": 4.940258026123047, "seconds": 9.240340122996713, "official_fused": {"mAP": 25.633696658186196, "Rank-1": 47.88494110107422, "Rank-5": 67.68189668655396, "Rank-10": 75.46531558036804}, "best_epoch": 3}
{"event": "epoch", "dataset": "MSVR310", "epoch": 4, "steps": 20, "mean_loss": 4.438503837585449, "seconds": 9.118089109993889, "official_fused": {"mAP": 29.553026439132914, "Rank-1": 49.238577485084534, "Rank-5": 68.86633038520813, "Rank-10": 74.11167621612549}, "best_epoch": 4}
{"event": "epoch", "dataset": "MSVR310", "epoch": 5, "steps": 20, "mean_loss": 3.7687527894973756, "seconds": 9.30837830901146, "official_fused": {"mAP": 32.61759885132544, "Rank-1": 53.13028693199158, "Rank-5": 69.71235275268555, "Rank-10": 75.80372095108032}, "best_epoch": 5}
{"event": "epoch", "dataset": "MSVR310", "epoch": 6, "steps": 20, "mean_loss": 3.079208159446716, "seconds": 9.375011908996385, "official_fused": {"mAP": 35.36285200949711, "Rank-1": 56.6835880279541, "Rank-5": 71.74280881881714, "Rank-10": 76.48054361343384}, "best_epoch": 6}
{"event": "epoch", "dataset": "MSVR310", "epoch": 7, "steps": 20, "mean_loss": 2.549558973312378, "seconds": 9.455292849001125, "official_fused": {"mAP": 35.72144872068067, "Rank-1": 55.668359994888306, "Rank-5": 71.0659921169281, "Rank-10": 78.17258834838867}, "best_epoch": 7}
{"event": "epoch", "dataset": "MSVR310", "epoch": 8, "steps": 20, "mean_loss": 2.1300477743148805, "seconds": 9.38372788199922, "official_fused": {"mAP": 40.734260691747146, "Rank-1": 59.22166109085083, "Rank-5": 74.61928725242615, "Rank-10": 81.21827244758606}, "best_epoch": 8}
{"event": "epoch", "dataset": "MSVR310", "epoch": 9, "steps": 20, "mean_loss": 1.7820851147174834, "seconds": 9.344460020001861, "official_fused": {"mAP": 38.75818821020079, "Rank-1": 56.175971031188965, "Rank-5": 74.45008754730225, "Rank-10": 80.37225008010864}, "best_epoch": 8}
{"event": "epoch", "dataset": "MSVR310", "epoch": 10, "steps": 20, "mean_loss": 1.578517347574234, "seconds": 9.547935654001776, "official_fused": {"mAP": 40.89284220955841, "Rank-1": 58.037227392196655, "Rank-5": 74.11167621612549, "Rank-10": 80.20304441452026}, "best_epoch": 10}
{"event": "epoch", "dataset": "MSVR310", "epoch": 11, "steps": 20, "mean_loss": 1.4163235664367675, "seconds": 9.597145070001716, "official_fused": {"mAP": 41.63225330786513, "Rank-1": 59.72927212715149, "Rank-5": 75.29610991477966, "Rank-10": 81.38747811317444}, "best_epoch": 11}
{"event": "epoch", "dataset": "MSVR310", "epoch": 12, "steps": 20, "mean_loss": 1.331573635339737, "seconds": 9.739424109997344, "official_fused": {"mAP": 42.31614201892723, "Rank-1": 60.236889123916626, "Rank-5": 76.14213228225708, "Rank-10": 82.57191181182861}, "best_epoch": 12}
{"event": "epoch", "dataset": "MSVR310", "epoch": 13, "steps": 20, "mean_loss": 1.2594403564929961, "seconds": 9.477289856004063, "official_fused": {"mAP": 43.74631772036006, "Rank-1": 60.913705825805664, "Rank-5": 77.15736031532288, "Rank-10": 83.75634551048279}, "best_epoch": 13}
{"event": "epoch", "dataset": "MSVR310", "epoch": 14, "steps": 20, "mean_loss": 1.2079567313194275, "seconds": 9.144917491008528, "official_fused": {"mAP": 42.0343431771214, "Rank-1": 59.05245542526245, "Rank-5": 76.14213228225708, "Rank-10": 81.38747811317444}, "best_epoch": 13}
{"event": "epoch", "dataset": "MSVR310", "epoch": 15, "steps": 20, "mean_loss": 1.2050382316112518, "seconds": 9.67886717201327, "official_fused": {"mAP": 45.53627485803148, "Rank-1": 63.282573223114014, "Rank-5": 78.84940505027771, "Rank-10": 83.58713984489441}, "best_epoch": 15}
