/data/gaob/Re-ID/conda-envs/tri_reid/lib/python3.10/site-packages/timm/models/helpers.py:7: FutureWarning: Importing from timm.models.helpers is deprecated, please import via timm.models
  warnings.warn(f"Importing from {__name__} is deprecated, please import via timm.models", FutureWarning)
/data/gaob/Re-ID/conda-envs/tri_reid/lib/python3.10/site-packages/timm/models/registry.py:4: FutureWarning: Importing from timm.models.registry is deprecated, please import via timm.models
  warnings.warn(f"Importing from {__name__} is deprecated, please import via timm.models", FutureWarning)
/data/gaob/Re-ID/conda-envs/tri_reid/lib/python3.10/site-packages/timm/models/layers/__init__.py:48: FutureWarning: Importing from timm.models.layers is deprecated, please import via timm.layers
  warnings.warn(f"Importing from {__name__} is deprecated, please import via timm.layers", FutureWarning)
建立transformer............
using Transformer_type: ViT-B-16 as a backbone
Resized position embedding: %s to %s torch.Size([197, 768]) torch.Size([129, 768])
Position embedding resize to height:8 width: 16
Successfully load ckpt!
<All keys matched successfully>
Loading pretrained model from CLIP
camera number is : 8
===========Building Signal===========
{"event": "epoch", "dataset": "MSVR310", "epoch": 1, "steps": 20, "mean_loss": 5.204374480247497, "seconds": 11.67511559498962, "official_fused": {"mAP": 50.89475377302224, "Rank-1": 68.52791905403137, "Rank-5": 81.04906678199768, "Rank-10": 85.78680157661438}, "best_epoch": 1}
{"event": "epoch", "dataset": "MSVR310", "epoch": 2, "steps": 20, "mean_loss": 4.908468270301819, "seconds": 9.505407953998656, "official_fused": {"mAP": 49.67423737171664, "Rank-1": 67.17427968978882, "Rank-5": 81.21827244758606, "Rank-10": 85.10998487472534}, "best_epoch": 1}
{"event": "epoch", "dataset": "MSVR310", "epoch": 3, "steps": 20, "mean_loss": 4.419835543632507, "seconds": 9.526296001000446, "official_fused": {"mAP": 50.562615742668214, "Rank-1": 68.02030205726624, "Rank-5": 81.38747811317444, "Rank-10": 84.94077920913696}, "best_epoch": 1}
{"event": "epoch", "dataset": "MSVR310", "epoch": 4, "steps": 20, "mean_loss": 3.757062923908234, "seconds": 9.109854470007122, "official_fused": {"mAP": 48.580757744854196, "Rank-1": 65.14382362365723, "Rank-5": 79.52622771263123, "Rank-10": 84.77157354354858}, "best_epoch": 1}
{"event": "epoch", "dataset": "MSVR310", "epoch": 5, "steps": 20, "mean_loss": 3.008128595352173, "seconds": 9.65893704300106, "official_fused": {"mAP": 49.24655678768381, "Rank-1": 67.51269102096558, "Rank-5": 80.7106614112854, "Rank-10": 85.95600724220276}, "best_epoch": 1}
{"event": "epoch", "dataset": "MSVR310", "epoch": 6, "steps": 20, "mean_loss": 2.3095148682594298, "seconds": 9.647851089001051, "official_fused": {"mAP": 50.871879506939635, "Rank-1": 68.02030205726624, "Rank-5": 80.87986707687378, "Rank-10": 86.29441857337952}, "best_epoch": 1}
{"event": "epoch", "dataset": "MSVR310", "epoch": 7, "steps": 20, "mean_loss": 1.7953311026096344, "seconds": 9.51974319499277, "official_fused": {"mAP": 49.95736710314898, "Rank-1": 66.3282573223114, "Rank-5": 80.03383874893188, "Rank-10": 86.80202960968018}, "best_epoch": 1}
{"event": "epoch", "dataset": "MSVR310", "epoch": 8, "steps": 20, "mean_loss": 1.485527765750885, "seconds": 9.424833201002912, "official_fused": {"mAP": 51.797881519399105, "Rank-1": 67.51269102096558, "Rank-5": 82.74111747741699, "Rank-10": 86.80202960968018}, "best_epoch": 8}
{"event": "epoch", "dataset": "MSVR310", "epoch": 9, "steps": 20, "mean_loss": 1.2382471919059754, "seconds": 9.45072908399743, "official_fused": {"mAP": 50.934909301082996, "Rank-1": 66.49746298789978, "Rank-5": 81.89509510993958, "Rank-10": 86.80202960968018}, "best_epoch": 8}
{"event": "epoch", "dataset": "MSVR310", "epoch": 10, "steps": 20, "mean_loss": 1.170745450258255, "seconds": 9.820132809007191, "official_fused": {"mAP": 52.434135034637144, "Rank-1": 68.18950772285461, "Rank-5": 83.58713984489441, "Rank-10": 89.17089700698853}, "best_epoch": 10}
{"event": "epoch", "dataset": "MSVR310", "epoch": 11, "steps": 20, "mean_loss": 1.101890829205513, "seconds": 9.334881823000615, "official_fused": {"mAP": 50.611527817919466, "Rank-1": 67.00507402420044, "Rank-5": 81.04906678199768, "Rank-10": 86.80202960968018}, "best_epoch": 10}
{"event": "epoch", "dataset": "MSVR310", "epoch": 12, "steps": 20, "mean_loss": 1.062245187163353, "seconds": 10.055638110003201, "official_fused": {"mAP": 50.95882074379017, "Rank-1": 67.85110235214233, "Rank-5": 80.7106614112854, "Rank-10": 87.14044094085693}, "best_epoch": 10}
{"event": "epoch", "dataset": "MSVR310", "epoch": 13, "steps": 20, "mean_loss": 1.0338428884744644, "seconds": 9.194418406012119, "official_fused": {"mAP": 51.13558485382189, "Rank-1": 66.66666865348816, "Rank-5": 82.57191181182861, "Rank-10": 88.32487463951111}, "best_epoch": 10}
{"event": "epoch", "dataset": "MSVR310", "epoch": 14, "steps": 20, "mean_loss": 1.023415607213974, "seconds": 9.126562392993947, "official_fused": {"mAP": 50.297234685023284, "Rank-1": 65.82064032554626, "Rank-5": 81.38747811317444, "Rank-10": 86.6328239440918}, "best_epoch": 10}
{"event": "epoch", "dataset": "MSVR310", "epoch": 15, "steps": 20, "mean_loss": 1.0289652973413468, "seconds": 9.311843509000028, "official_fused": {"mAP": 52.26639204133801, "Rank-1": 67.85110235214233, "Rank-5": 82.23350048065186, "Rank-10": 87.64805197715759}, "best_epoch": 10}
{"event": "epoch", "dataset": "MSVR310", "epoch": 16, "steps": 20, "mean_loss": 0.9905315846204757, "seconds": 9.361061496005277, "official_fused": {"mAP": 51.225319939808486, "Rank-1": 67.68189668655396, "Rank-5": 82.23350048065186, "Rank-10": 88.32487463951111}, "best_epoch": 10}
{"event": "epoch", "dataset": "MSVR310", "epoch": 17, "steps": 20, "mean_loss": 0.9861006617546082, "seconds": 9.15729893000389, "official_fused": {"mAP": 50.46594471425495, "Rank-1": 68.18950772285461, "Rank-5": 82.40270614624023, "Rank-10": 87.47885227203369}, "best_epoch": 10}
{"event": "epoch", "dataset": "MSVR310", "epoch": 18, "steps": 20, "mean_loss": 0.9764761745929718, "seconds": 9.521014030004153, "official_fused": {"mAP": 51.04499908205354, "Rank-1": 66.3282573223114, "Rank-5": 81.89509510993958, "Rank-10": 87.81725764274597}, "best_epoch": 10}
{"event": "epoch", "dataset": "MSVR310", "epoch": 19, "steps": 20, "mean_loss": 0.9866006433963775, "seconds": 9.4067536599905, "official_fused": {"mAP": 51.010907797572436, "Rank-1": 67.00507402420044, "Rank-5": 80.54145574569702, "Rank-10": 86.6328239440918}, "best_epoch": 10}
{"event": "epoch", "dataset": "MSVR310", "epoch": 20, "steps": 20, "mean_loss": 0.9717328041791916, "seconds": 9.312075731999357, "official_fused": {"mAP": 50.520722632700945, "Rank-1": 65.98984599113464, "Rank-5": 82.23350048065186, "Rank-10": 87.64805197715759}, "best_epoch": 10}
{"event": "epoch", "dataset": "MSVR310", "epoch": 21, "steps": 20, "mean_loss": 0.9548506528139115, "seconds": 9.071182058003615, "official_fused": {"mAP": 50.46096060229198, "Rank-1": 67.00507402420044, "Rank-5": 79.35702204704285, "Rank-10": 85.95600724220276}, "best_epoch": 10}
