/data/gaob/Re-ID/conda-envs/tri_reid/lib/python3.10/site-packages/timm/models/helpers.py:7: FutureWarning: Importing from timm.models.helpers is deprecated, please import via timm.models
  warnings.warn(f"Importing from {__name__} is deprecated, please import via timm.models", FutureWarning)
/data/gaob/Re-ID/conda-envs/tri_reid/lib/python3.10/site-packages/timm/models/registry.py:4: FutureWarning: Importing from timm.models.registry is deprecated, please import via timm.models
  warnings.warn(f"Importing from {__name__} is deprecated, please import via timm.models", FutureWarning)
/data/gaob/Re-ID/conda-envs/tri_reid/lib/python3.10/site-packages/timm/models/layers/__init__.py:48: FutureWarning: Importing from timm.models.layers is deprecated, please import via timm.layers
  warnings.warn(f"Importing from {__name__} is deprecated, please import via timm.layers", FutureWarning)
/data/gaob/Re-ID/conda-envs/tri_reid/lib/python3.10/site-packages/torch/optim/lr_scheduler.py:224: UserWarning: Detected call of `lr_scheduler.step()` before `optimizer.step()`. In PyTorch 1.1.0 and later, you should call them in the opposite order: `optimizer.step()` before `lr_scheduler.step()`.  Failure to do this will result in PyTorch skipping the first value of the learning rate schedule. See more details at https://pytorch.org/docs/stable/optim.html#how-to-adjust-learning-rate
  warnings.warn(
/data/gaob/Re-ID/conda-envs/tri_reid/lib/python3.10/site-packages/torch/optim/lr_scheduler.py:240: UserWarning: The epoch parameter in `scheduler.step()` was not necessary and is being deprecated where possible. Please use `scheduler.step()` to step the scheduler. During the deprecation, if epoch is different from None, the closed form is used instead of the new chainable form, where available. Please open an issue if you are unable to replicate your use case: https://github.com/pytorch/pytorch/issues/new/choose.
  warnings.warn(EPOCH_DEPRECATION_WARNING, UserWarning)
建立transformer............
using Transformer_type: ViT-B-16 as a backbone
Resized position embedding: %s to %s torch.Size([197, 768]) torch.Size([129, 768])
Position embedding resize to height:8 width: 16
Successfully load ckpt!
<All keys matched successfully>
Loading pretrained model from CLIP
camera number is : 8
===========Building Signal===========
using soft triplet loss for training
label smooth on, numclasses: 155
{"event": "epoch", "dataset": "MSVR310", "recipe": "semantic", "epoch": 1, "steps": 14, "mean_loss": 15.474606786455427, "seconds": 12.442033878993243, "official_fused": {"mAP": 15.514490537054398, "Rank-1": 34.1793566942215, "Rank-5": 54.31472063064575, "Rank-10": 61.92893385887146}}
/data/gaob/Re-ID/conda-envs/tri_reid/lib/python3.10/site-packages/torch/optim/lr_scheduler.py:240: UserWarning: The epoch parameter in `scheduler.step()` was not necessary and is being deprecated where possible. Please use `scheduler.step()` to step the scheduler. During the deprecation, if epoch is different from None, the closed form is used instead of the new chainable form, where available. Please open an issue if you are unable to replicate your use case: https://github.com/pytorch/pytorch/issues/new/choose.
  warnings.warn(EPOCH_DEPRECATION_WARNING, UserWarning)
{"event": "epoch", "dataset": "MSVR310", "recipe": "semantic", "epoch": 2, "steps": 14, "mean_loss": 12.507814952305385, "seconds": 9.90017760801129, "official_fused": {"mAP": 21.416030485418926, "Rank-1": 40.60913622379303, "Rank-5": 61.42131686210632, "Rank-10": 68.69712471961975}}
{"event": "epoch", "dataset": "MSVR310", "recipe": "semantic", "epoch": 3, "steps": 14, "mean_loss": 11.479888166700091, "seconds": 10.269702317018528, "official_fused": {"mAP": 25.382450429032488, "Rank-1": 42.3011839389801, "Rank-5": 64.29780125617981, "Rank-10": 71.91201448440552}}
{"event": "epoch", "dataset": "MSVR310", "recipe": "semantic", "epoch": 4, "steps": 14, "mean_loss": 10.794753347124372, "seconds": 10.024935749999713, "official_fused": {"mAP": 29.756658249366012, "Rank-1": 47.88494110107422, "Rank-5": 66.83587431907654, "Rank-10": 75.46531558036804}}
{"event": "epoch", "dataset": "MSVR310", "recipe": "semantic", "epoch": 5, "steps": 14, "mean_loss": 10.170634950910296, "seconds": 10.579712810984347, "official_fused": {"mAP": 33.17486104170169, "Rank-1": 50.76141953468323, "Rank-5": 68.86633038520813, "Rank-10": 78.0033826828003}}
{"event": "epoch", "dataset": "MSVR310", "recipe": "semantic", "epoch": 6, "steps": 14, "mean_loss": 9.663089207240514, "seconds": 10.114884752954822, "official_fused": {"mAP": 34.96125745685986, "Rank-1": 52.79187560081482, "Rank-5": 71.91201448440552, "Rank-10": 79.01861071586609}}
{"event": "epoch", "dataset": "MSVR310", "recipe": "semantic", "epoch": 7, "steps": 14, "mean_loss": 9.227496692112513, "seconds": 10.481468070007395, "official_fused": {"mAP": 37.59324032335616, "Rank-1": 56.85279369354248, "Rank-5": 73.77326488494873, "Rank-10": 80.03383874893188}}
{"event": "epoch", "dataset": "MSVR310", "recipe": "semantic", "epoch": 8, "steps": 14, "mean_loss": 8.772298744746617, "seconds": 10.164905551995616, "official_fused": {"mAP": 36.669355497690006, "Rank-1": 54.99153733253479, "Rank-5": 72.41962552070618, "Rank-10": 79.35702204704285}}
{"event": "epoch", "dataset": "MSVR310", "recipe": "semantic", "epoch": 9, "steps": 14, "mean_loss": 8.361264841897148, "seconds": 10.691760071029421, "official_fused": {"mAP": 38.91435619240732, "Rank-1": 56.6835880279541, "Rank-5": 75.12690424919128, "Rank-10": 80.87986707687378}}
{"event": "epoch", "dataset": "MSVR310", "recipe": "semantic", "epoch": 10, "steps": 15, "mean_loss": 8.004914633433025, "seconds": 11.10718597797677, "official_fused": {"mAP": 41.29144978439163, "Rank-1": 59.39086079597473, "Rank-5": 77.32656598091125, "Rank-10": 83.41793417930603}}
{"event": "epoch", "dataset": "MSVR310", "recipe": "semantic", "epoch": 11, "steps": 14, "mean_loss": 7.685705866132464, "seconds": 10.283238793024793, "official_fused": {"mAP": 41.67575505730711, "Rank-1": 59.56006646156311, "Rank-5": 76.81894898414612, "Rank-10": 83.07952880859375}}
{"event": "epoch", "dataset": "MSVR310", "recipe": "semantic", "epoch": 12, "steps": 14, "mean_loss": 7.4396048954554965, "seconds": 9.929158874962013, "official_fused": {"mAP": 43.932848355756974, "Rank-1": 62.09813952445984, "Rank-5": 79.18781638145447, "Rank-10": 83.58713984489441}}
{"event": "epoch", "dataset": "MSVR310", "recipe": "semantic", "epoch": 13, "steps": 14, "mean_loss": 7.097890206745693, "seconds": 9.941517512022983, "official_fused": {"mAP": 44.44191660200133, "Rank-1": 61.92893385887146, "Rank-5": 78.0033826828003, "Rank-10": 83.41793417930603}}
{"event": "epoch", "dataset": "MSVR310", "recipe": "semantic", "epoch": 14, "steps": 14, "mean_loss": 6.844963448388236, "seconds": 10.451529642974492, "official_fused": {"mAP": 44.15358405310684, "Rank-1": 60.913705825805664, "Rank-5": 79.01861071586609, "Rank-10": 83.24872851371765}}
{"event": "epoch", "dataset": "MSVR310", "recipe": "semantic", "epoch": 15, "steps": 14, "mean_loss": 6.6867765699114114, "seconds": 10.448955938976724, "official_fused": {"mAP": 45.698789541311534, "Rank-1": 62.6057505607605, "Rank-5": 79.86463904380798, "Rank-10": 84.6023678779602}}
{"event": "epoch", "dataset": "MSVR310", "recipe": "semantic", "epoch": 16, "steps": 14, "mean_loss": 6.441644498280117, "seconds": 10.429860671050847, "official_fused": {"mAP": 48.48677922527159, "Rank-1": 66.49746298789978, "Rank-5": 81.7258894443512, "Rank-10": 85.617595911026}}
{"event": "epoch", "dataset": "MSVR310", "recipe": "semantic", "epoch": 17, "steps": 15, "mean_loss": 6.29161106745402, "seconds": 10.849806740996428, "official_fused": {"mAP": 47.96815883234229, "Rank-1": 64.80541229248047, "Rank-5": 80.87986707687378, "Rank-10": 85.27919054031372}}
{"event": "epoch", "dataset": "MSVR310", "recipe": "semantic", "epoch": 18, "steps": 14, "mean_loss": 5.99398854800633, "seconds": 10.270366985001601, "official_fused": {"mAP": 49.26534046451092, "Rank-1": 67.00507402420044, "Rank-5": 81.38747811317444, "Rank-10": 85.78680157661438}}
{"event": "epoch", "dataset": "MSVR310", "recipe": "semantic", "epoch": 19, "steps": 15, "mean_loss": 5.783663177490235, "seconds": 11.261525322042871, "official_fused": {"mAP": 49.35862705811858, "Rank-1": 68.52791905403137, "Rank-5": 82.06430077552795, "Rank-10": 86.97123527526855}}
{"event": "epoch", "dataset": "MSVR310", "recipe": "semantic", "epoch": 20, "steps": 14, "mean_loss": 5.521950415202549, "seconds": 10.646448777988553, "official_fused": {"mAP": 49.69591433756968, "Rank-1": 67.68189668655396, "Rank-5": 82.23350048065186, "Rank-10": 86.6328239440918}}
{"event": "epoch", "dataset": "MSVR310", "recipe": "semantic", "epoch": 21, "steps": 14, "mean_loss": 5.418189832142422, "seconds": 10.660727115988266, "official_fused": {"mAP": 49.47583434582344, "Rank-1": 67.00507402420044, "Rank-5": 81.55668377876282, "Rank-10": 85.95600724220276}}
{"event": "epoch", "dataset": "MSVR310", "recipe": "semantic", "epoch": 22, "steps": 14, "mean_loss": 5.319977010999407, "seconds": 10.024024125013966, "official_fused": {"mAP": 49.70100035071927, "Rank-1": 67.00507402420044, "Rank-5": 80.87986707687378, "Rank-10": 85.10998487472534}}
{"event": "epoch", "dataset": "MSVR310", "recipe": "semantic", "epoch": 23, "steps": 14, "mean_loss": 5.419364418302264, "seconds": 10.278703595977277, "official_fused": {"mAP": 49.9242758977312, "Rank-1": 68.02030205726624, "Rank-5": 81.7258894443512, "Rank-10": 85.10998487472534}}
{"event": "epoch", "dataset": "MSVR310", "recipe": "semantic", "epoch": 24, "steps": 14, "mean_loss": 5.331266505377633, "seconds": 10.233567026036326, "official_fused": {"mAP": 49.67535764120897, "Rank-1": 67.68189668655396, "Rank-5": 80.7106614112854, "Rank-10": 84.94077920913696}}
{"event": "epoch", "dataset": "MSVR310", "recipe": "semantic", "epoch": 25, "steps": 15, "mean_loss": 5.3107806523640955, "seconds": 10.65423958201427, "official_fused": {"mAP": 49.981491745136026, "Rank-1": 68.02030205726624, "Rank-5": 81.04906678199768, "Rank-10": 84.94077920913696}}
{"event": "epoch", "dataset": "MSVR310", "recipe": "semantic", "epoch": 26, "steps": 14, "mean_loss": 5.3144418852669855, "seconds": 10.321958635991905, "official_fused": {"mAP": 50.277074791821796, "Rank-1": 68.358713388443, "Rank-5": 80.87986707687378, "Rank-10": 85.10998487472534}}
{"event": "epoch", "dataset": "MSVR310", "recipe": "semantic", "epoch": 27, "steps": 14, "mean_loss": 5.246066910879953, "seconds": 10.633737716008909, "official_fused": {"mAP": 49.854237492390446, "Rank-1": 67.00507402420044, "Rank-5": 80.37225008010864, "Rank-10": 84.94077920913696}}
{"event": "epoch", "dataset": "MSVR310", "recipe": "semantic", "epoch": 28, "steps": 15, "mean_loss": 5.233117357889811, "seconds": 11.016188128036447, "official_fused": {"mAP": 49.94750929620921, "Rank-1": 67.3434853553772, "Rank-5": 80.7106614112854, "Rank-10": 85.27919054031372}}
{"event": "epoch", "dataset": "MSVR310", "recipe": "semantic", "epoch": 29, "steps": 14, "mean_loss": 5.118199859346662, "seconds": 10.226066328003071, "official_fused": {"mAP": 50.04526004827569, "Rank-1": 67.17427968978882, "Rank-5": 80.87986707687378, "Rank-10": 85.78680157661438}}
{"event": "epoch", "dataset": "MSVR310", "recipe": "semantic", "epoch": 30, "steps": 14, "mean_loss": 5.193363564355033, "seconds": 10.169436430966016, "official_fused": {"mAP": 50.04002738363879, "Rank-1": 67.17427968978882, "Rank-5": 81.21827244758606, "Rank-10": 85.44839024543762}}
{"event": "epoch", "dataset": "MSVR310", "recipe": "semantic", "epoch": 31, "steps": 14, "mean_loss": 5.201424394335065, "seconds": 10.357763881969731, "official_fused": {"mAP": 49.73799834400533, "Rank-1": 67.17427968978882, "Rank-5": 80.7106614112854, "Rank-10": 84.94077920913696}}
{"event": "epoch", "dataset": "MSVR310", "recipe": "semantic", "epoch": 32, "steps": 14, "mean_loss": 5.045329025813511, "seconds": 10.545713029045146, "official_fused": {"mAP": 50.32015101992794, "Rank-1": 68.02030205726624, "Rank-5": 81.55668377876282, "Rank-10": 85.95600724220276}}
{"event": "epoch", "dataset": "MSVR310", "recipe": "semantic", "epoch": 33, "steps": 14, "mean_loss": 5.0356285572052, "seconds": 10.151970576960593, "official_fused": {"mAP": 50.17248414394045, "Rank-1": 67.85110235214233, "Rank-5": 81.55668377876282, "Rank-10": 86.46361827850342}}
{"event": "epoch", "dataset": "MSVR310", "recipe": "semantic", "epoch": 34, "steps": 14, "mean_loss": 4.9929986000061035, "seconds": 10.113824860949535, "official_fused": {"mAP": 49.873290735841536, "Rank-1": 66.49746298789978, "Rank-5": 80.87986707687378, "Rank-10": 85.95600724220276}}
{"event": "epoch", "dataset": "MSVR310", "recipe": "semantic", "epoch": 35, "steps": 14, "mean_loss": 5.007197039467948, "seconds": 10.102720567025244, "official_fused": {"mAP": 49.604124933282996, "Rank-1": 66.49746298789978, "Rank-5": 80.37225008010864, "Rank-10": 84.94077920913696}}
{"event": "epoch", "dataset": "MSVR310", "recipe": "semantic", "epoch": 36, "steps": 14, "mean_loss": 5.034953355789185, "seconds": 10.46021720796125, "official_fused": {"mAP": 49.52865388246339, "Rank-1": 66.83587431907654, "Rank-5": 80.37225008010864, "Rank-10": 84.77157354354858}}
{"event": "epoch", "dataset": "MSVR310", "recipe": "semantic", "epoch": 37, "steps": 14, "mean_loss": 4.944808040346418, "seconds": 10.048737077973783, "official_fused": {"mAP": 50.31406824369202, "Rank-1": 67.85110235214233, "Rank-5": 80.54145574569702, "Rank-10": 85.617595911026}}
{"event": "epoch", "dataset": "MSVR310", "recipe": "semantic", "epoch": 38, "steps": 14, "mean_loss": 4.989680869238717, "seconds": 10.445792490034364, "official_fused": {"mAP": 50.546623687084946, "Rank-1": 68.02030205726624, "Rank-5": 80.54145574569702, "Rank-10": 85.44839024543762}}
{"event": "epoch", "dataset": "MSVR310", "recipe": "semantic", "epoch": 39, "steps": 14, "mean_loss": 4.96760538646153, "seconds": 10.271839705004822, "official_fused": {"mAP": 50.2465816140336, "Rank-1": 67.68189668655396, "Rank-5": 80.87986707687378, "Rank-10": 85.44839024543762}}
{"event": "epoch", "dataset": "MSVR310", "recipe": "semantic", "epoch": 40, "steps": 14, "mean_loss": 4.861997910908291, "seconds": 10.294667734007817, "official_fused": {"mAP": 50.30063559225012, "Rank-1": 67.85110235214233, "Rank-5": 80.87986707687378, "Rank-10": 85.617595911026}}
{"event": "epoch", "dataset": "MSVR310", "recipe": "semantic", "epoch": 41, "steps": 14, "mean_loss": 4.878011533192226, "seconds": 10.396465301979333, "official_fused": {"mAP": 50.324116750836346, "Rank-1": 67.85110235214233, "Rank-5": 80.87986707687378, "Rank-10": 85.617595911026}}
{"event": "epoch", "dataset": "MSVR310", "recipe": "semantic", "epoch": 42, "steps": 14, "mean_loss": 4.906976188932147, "seconds": 10.255277303047478, "official_fused": {"mAP": 50.32840831268032, "Rank-1": 67.85110235214233, "Rank-5": 80.87986707687378, "Rank-10": 85.617595911026}}
{"event": "epoch", "dataset": "MSVR310", "recipe": "semantic", "epoch": 43, "steps": 15, "mean_loss": 4.961140918731689, "seconds": 10.886646917962935, "official_fused": {"mAP": 50.3494757759868, "Rank-1": 67.85110235214233, "Rank-5": 80.87986707687378, "Rank-10": 85.617595911026}}
{"event": "epoch", "dataset": "MSVR310", "recipe": "semantic", "epoch": 44, "steps": 14, "mean_loss": 4.8602949891771585, "seconds": 10.26707910199184, "official_fused": {"mAP": 50.38932545531035, "Rank-1": 67.68189668655396, "Rank-5": 80.87986707687378, "Rank-10": 85.617595911026}}
{"event": "epoch", "dataset": "MSVR310", "recipe": "semantic", "epoch": 45, "steps": 14, "mean_loss": 4.872015339987619, "seconds": 10.123405095015187, "official_fused": {"mAP": 50.402450203965884, "Rank-1": 67.68189668655396, "Rank-5": 81.04906678199768, "Rank-10": 85.617595911026}}
{"event": "epoch", "dataset": "MSVR310", "recipe": "semantic", "epoch": 46, "steps": 14, "mean_loss": 4.892310994012015, "seconds": 10.192903869028669, "official_fused": {"mAP": 50.43657907272361, "Rank-1": 67.68189668655396, "Rank-5": 81.04906678199768, "Rank-10": 85.78680157661438}}
{"event": "epoch", "dataset": "MSVR310", "recipe": "semantic", "epoch": 47, "steps": 14, "mean_loss": 4.863429955073765, "seconds": 10.309234560001642, "official_fused": {"mAP": 50.481624309525984, "Rank-1": 67.68189668655396, "Rank-5": 81.04906678199768, "Rank-10": 85.78680157661438}}
{"event": "epoch", "dataset": "MSVR310", "recipe": "semantic", "epoch": 48, "steps": 14, "mean_loss": 4.962411403656006, "seconds": 10.550929601013195, "official_fused": {"mAP": 50.47497751054748, "Rank-1": 67.68189668655396, "Rank-5": 81.04906678199768, "Rank-10": 85.78680157661438}}
{"event": "epoch", "dataset": "MSVR310", "recipe": "semantic", "epoch": 49, "steps": 14, "mean_loss": 4.877959149224417, "seconds": 10.21672171598766, "official_fused": {"mAP": 50.47456844995368, "Rank-1": 67.68189668655396, "Rank-5": 81.38747811317444, "Rank-10": 85.617595911026}}
{"event": "epoch", "dataset": "MSVR310", "recipe": "semantic", "epoch": 50, "steps": 14, "mean_loss": 4.922839403152466, "seconds": 10.214862031978555, "official_fused": {"mAP": 50.476827891487986, "Rank-1": 67.68189668655396, "Rank-5": 81.38747811317444, "Rank-10": 85.617595911026}}
