/data/gaob/Re-ID/conda-envs/tri_reid/lib/python3.10/site-packages/timm/models/helpers.py:7: FutureWarning: Importing from timm.models.helpers is deprecated, please import via timm.models
  warnings.warn(f"Importing from {__name__} is deprecated, please import via timm.models", FutureWarning)
/data/gaob/Re-ID/conda-envs/tri_reid/lib/python3.10/site-packages/timm/models/registry.py:4: FutureWarning: Importing from timm.models.registry is deprecated, please import via timm.models
  warnings.warn(f"Importing from {__name__} is deprecated, please import via timm.models", FutureWarning)
/data/gaob/Re-ID/conda-envs/tri_reid/lib/python3.10/site-packages/timm/models/layers/__init__.py:48: FutureWarning: Importing from timm.models.layers is deprecated, please import via timm.layers
  warnings.warn(f"Importing from {__name__} is deprecated, please import via timm.layers", FutureWarning)
/data/gaob/Re-ID/conda-envs/tri_reid/lib/python3.10/site-packages/torch/optim/lr_scheduler.py:224: UserWarning: Detected call of `lr_scheduler.step()` before `optimizer.step()`. In PyTorch 1.1.0 and later, you should call them in the opposite order: `optimizer.step()` before `lr_scheduler.step()`.  Failure to do this will result in PyTorch skipping the first value of the learning rate schedule. See more details at https://pytorch.org/docs/stable/optim.html#how-to-adjust-learning-rate
  warnings.warn(
/data/gaob/Re-ID/conda-envs/tri_reid/lib/python3.10/site-packages/torch/optim/lr_scheduler.py:240: UserWarning: The epoch parameter in `scheduler.step()` was not necessary and is being deprecated where possible. Please use `scheduler.step()` to step the scheduler. During the deprecation, if epoch is different from None, the closed form is used instead of the new chainable form, where available. Please open an issue if you are unable to replicate your use case: https://github.com/pytorch/pytorch/issues/new/choose.
  warnings.warn(EPOCH_DEPRECATION_WARNING, UserWarning)
建立transformer............
using Transformer_type: ViT-B-16 as a backbone
Resized position embedding: %s to %s torch.Size([197, 768]) torch.Size([129, 768])
Position embedding resize to height:8 width: 16
Successfully load ckpt!
<All keys matched successfully>
Loading pretrained model from CLIP
camera number is : 8
===========Building Signal===========
using soft triplet loss for training
label smooth on, numclasses: 155
{"event": "epoch", "dataset": "MSVR310", "recipe": "native", "epoch": 1, "steps": 14, "mean_loss": 15.474668502807617, "seconds": 12.552658319007605, "official_fused": {"mAP": 15.514545766860724, "Rank-1": 34.1793566942215, "Rank-5": 54.31472063064575, "Rank-10": 61.92893385887146}}
/data/gaob/Re-ID/conda-envs/tri_reid/lib/python3.10/site-packages/torch/optim/lr_scheduler.py:240: UserWarning: The epoch parameter in `scheduler.step()` was not necessary and is being deprecated where possible. Please use `scheduler.step()` to step the scheduler. During the deprecation, if epoch is different from None, the closed form is used instead of the new chainable form, where available. Please open an issue if you are unable to replicate your use case: https://github.com/pytorch/pytorch/issues/new/choose.
  warnings.warn(EPOCH_DEPRECATION_WARNING, UserWarning)
{"event": "epoch", "dataset": "MSVR310", "recipe": "native", "epoch": 2, "steps": 14, "mean_loss": 12.50768552507673, "seconds": 9.841672995011322, "official_fused": {"mAP": 21.416756804955075, "Rank-1": 40.60913622379303, "Rank-5": 61.42131686210632, "Rank-10": 68.69712471961975}}
{"event": "epoch", "dataset": "MSVR310", "recipe": "native", "epoch": 3, "steps": 14, "mean_loss": 11.480378764016288, "seconds": 10.064827507012524, "official_fused": {"mAP": 25.393461274639073, "Rank-1": 42.3011839389801, "Rank-5": 64.29780125617981, "Rank-10": 71.91201448440552}}
{"event": "epoch", "dataset": "MSVR310", "recipe": "native", "epoch": 4, "steps": 14, "mean_loss": 10.795091084071569, "seconds": 10.039552582020406, "official_fused": {"mAP": 29.771840582044195, "Rank-1": 47.88494110107422, "Rank-5": 66.83587431907654, "Rank-10": 75.46531558036804}}
{"event": "epoch", "dataset": "MSVR310", "recipe": "native", "epoch": 5, "steps": 14, "mean_loss": 10.171575886862618, "seconds": 9.936876805033535, "official_fused": {"mAP": 33.17350231608627, "Rank-1": 50.76141953468323, "Rank-5": 68.69712471961975, "Rank-10": 78.0033826828003}}
{"event": "epoch", "dataset": "MSVR310", "recipe": "native", "epoch": 6, "steps": 14, "mean_loss": 9.66184629712786, "seconds": 9.887452698952984, "official_fused": {"mAP": 34.9640720742706, "Rank-1": 52.79187560081482, "Rank-5": 71.91201448440552, "Rank-10": 79.01861071586609}}
{"event": "epoch", "dataset": "MSVR310", "recipe": "native", "epoch": 7, "steps": 14, "mean_loss": 9.22584090914045, "seconds": 10.19914785103174, "official_fused": {"mAP": 37.595212101399675, "Rank-1": 56.85279369354248, "Rank-5": 73.77326488494873, "Rank-10": 80.03383874893188}}
{"event": "epoch", "dataset": "MSVR310", "recipe": "native", "epoch": 8, "steps": 14, "mean_loss": 8.772935526711601, "seconds": 10.179910195991397, "official_fused": {"mAP": 36.66748658861441, "Rank-1": 54.99153733253479, "Rank-5": 72.41962552070618, "Rank-10": 79.35702204704285}}
{"event": "epoch", "dataset": "MSVR310", "recipe": "native", "epoch": 9, "steps": 14, "mean_loss": 8.36121756689889, "seconds": 10.014610608981457, "official_fused": {"mAP": 38.92791021234531, "Rank-1": 56.85279369354248, "Rank-5": 75.12690424919128, "Rank-10": 80.87986707687378}}
{"event": "epoch", "dataset": "MSVR310", "recipe": "native", "epoch": 10, "steps": 15, "mean_loss": 8.006179650624594, "seconds": 10.655214192986023, "official_fused": {"mAP": 41.29560081632963, "Rank-1": 59.39086079597473, "Rank-5": 77.32656598091125, "Rank-10": 83.41793417930603}}
{"event": "epoch", "dataset": "MSVR310", "recipe": "native", "epoch": 11, "steps": 14, "mean_loss": 7.687406233378819, "seconds": 9.685574552975595, "official_fused": {"mAP": 41.67912652841571, "Rank-1": 59.56006646156311, "Rank-5": 76.81894898414612, "Rank-10": 83.07952880859375}}
{"event": "epoch", "dataset": "MSVR310", "recipe": "native", "epoch": 12, "steps": 14, "mean_loss": 7.441332748958042, "seconds": 9.89530209399527, "official_fused": {"mAP": 43.91833831400049, "Rank-1": 62.09813952445984, "Rank-5": 79.18781638145447, "Rank-10": 83.58713984489441}}
{"event": "epoch", "dataset": "MSVR310", "recipe": "native", "epoch": 13, "steps": 14, "mean_loss": 7.098815304892404, "seconds": 10.571507828019094, "official_fused": {"mAP": 44.441985613157726, "Rank-1": 61.92893385887146, "Rank-5": 78.0033826828003, "Rank-10": 83.41793417930603}}
{"event": "epoch", "dataset": "MSVR310", "recipe": "native", "epoch": 14, "steps": 14, "mean_loss": 6.844339847564697, "seconds": 9.902021542016882, "official_fused": {"mAP": 44.1479008214938, "Rank-1": 60.913705825805664, "Rank-5": 79.01861071586609, "Rank-10": 83.24872851371765}}
{"event": "epoch", "dataset": "MSVR310", "recipe": "native", "epoch": 15, "steps": 14, "mean_loss": 6.687698670795986, "seconds": 9.921934962971136, "official_fused": {"mAP": 45.69865688063323, "Rank-1": 62.6057505607605, "Rank-5": 79.86463904380798, "Rank-10": 84.6023678779602}}
{"event": "epoch", "dataset": "MSVR310", "recipe": "native", "epoch": 16, "steps": 14, "mean_loss": 6.441874299730573, "seconds": 10.295410597987939, "official_fused": {"mAP": 48.488310763713386, "Rank-1": 66.49746298789978, "Rank-5": 81.7258894443512, "Rank-10": 85.617595911026}}
{"event": "epoch", "dataset": "MSVR310", "recipe": "native", "epoch": 17, "steps": 15, "mean_loss": 6.29044329325358, "seconds": 10.718125659041107, "official_fused": {"mAP": 47.96567769899202, "Rank-1": 64.80541229248047, "Rank-5": 80.87986707687378, "Rank-10": 85.27919054031372}}
{"event": "epoch", "dataset": "MSVR310", "recipe": "native", "epoch": 18, "steps": 14, "mean_loss": 5.994096381323678, "seconds": 10.22195889201248, "official_fused": {"mAP": 49.26635797529115, "Rank-1": 67.00507402420044, "Rank-5": 81.38747811317444, "Rank-10": 85.78680157661438}}
{"event": "epoch", "dataset": "MSVR310", "recipe": "native", "epoch": 19, "steps": 15, "mean_loss": 5.78420934677124, "seconds": 10.832415223994758, "official_fused": {"mAP": 49.35769319031029, "Rank-1": 68.52791905403137, "Rank-5": 82.06430077552795, "Rank-10": 86.97123527526855}}
{"event": "epoch", "dataset": "MSVR310", "recipe": "native", "epoch": 20, "steps": 14, "mean_loss": 5.521416357585362, "seconds": 10.40053642296698, "official_fused": {"mAP": 49.69605838070334, "Rank-1": 67.68189668655396, "Rank-5": 82.23350048065186, "Rank-10": 86.6328239440918}}
{"event": "epoch", "dataset": "MSVR310", "recipe": "native", "epoch": 21, "steps": 14, "mean_loss": 5.4187072685786655, "seconds": 10.115370633022394, "official_fused": {"mAP": 49.4753279611277, "Rank-1": 67.00507402420044, "Rank-5": 81.55668377876282, "Rank-10": 85.95600724220276}}
{"event": "epoch", "dataset": "MSVR310", "recipe": "native", "epoch": 22, "steps": 14, "mean_loss": 5.319819586617606, "seconds": 10.066932410991285, "official_fused": {"mAP": 49.70098861025171, "Rank-1": 67.00507402420044, "Rank-5": 80.87986707687378, "Rank-10": 85.10998487472534}}
{"event": "epoch", "dataset": "MSVR310", "recipe": "native", "epoch": 23, "steps": 14, "mean_loss": 5.419132845742362, "seconds": 10.193885874992702, "official_fused": {"mAP": 49.9243129870597, "Rank-1": 68.02030205726624, "Rank-5": 81.7258894443512, "Rank-10": 85.10998487472534}}
{"event": "epoch", "dataset": "MSVR310", "recipe": "native", "epoch": 24, "steps": 14, "mean_loss": 5.331368480409894, "seconds": 10.09456344996579, "official_fused": {"mAP": 49.67554000147626, "Rank-1": 67.68189668655396, "Rank-5": 80.7106614112854, "Rank-10": 84.94077920913696}}
{"event": "epoch", "dataset": "MSVR310", "recipe": "native", "epoch": 25, "steps": 15, "mean_loss": 5.309658940633138, "seconds": 11.222817889007274, "official_fused": {"mAP": 49.97555558676128, "Rank-1": 68.02030205726624, "Rank-5": 81.04906678199768, "Rank-10": 84.94077920913696}}
{"event": "epoch", "dataset": "MSVR310", "recipe": "native", "epoch": 26, "steps": 14, "mean_loss": 5.3150237287793844, "seconds": 10.593639590020757, "official_fused": {"mAP": 50.27622620999323, "Rank-1": 68.358713388443, "Rank-5": 80.87986707687378, "Rank-10": 85.10998487472534}}
{"event": "epoch", "dataset": "MSVR310", "recipe": "native", "epoch": 27, "steps": 14, "mean_loss": 5.246545621326992, "seconds": 9.941266141016968, "official_fused": {"mAP": 49.85518360522545, "Rank-1": 67.00507402420044, "Rank-5": 80.37225008010864, "Rank-10": 84.94077920913696}}
{"event": "epoch", "dataset": "MSVR310", "recipe": "native", "epoch": 28, "steps": 15, "mean_loss": 5.2322870572408045, "seconds": 10.420117054018192, "official_fused": {"mAP": 49.947191336235456, "Rank-1": 67.3434853553772, "Rank-5": 80.7106614112854, "Rank-10": 85.27919054031372}}
{"event": "epoch", "dataset": "MSVR310", "recipe": "native", "epoch": 29, "steps": 14, "mean_loss": 5.118760108947754, "seconds": 10.060228905989788, "official_fused": {"mAP": 50.0451948676281, "Rank-1": 67.17427968978882, "Rank-5": 80.87986707687378, "Rank-10": 85.78680157661438}}
{"event": "epoch", "dataset": "MSVR310", "recipe": "native", "epoch": 30, "steps": 14, "mean_loss": 5.192686762128558, "seconds": 9.953795015986543, "official_fused": {"mAP": 50.04053430707226, "Rank-1": 67.17427968978882, "Rank-5": 81.21827244758606, "Rank-10": 85.44839024543762}}
{"event": "epoch", "dataset": "MSVR310", "recipe": "native", "epoch": 31, "steps": 14, "mean_loss": 5.201031957353864, "seconds": 10.152971038012765, "official_fused": {"mAP": 49.73936729466254, "Rank-1": 67.17427968978882, "Rank-5": 80.7106614112854, "Rank-10": 84.94077920913696}}
{"event": "epoch", "dataset": "MSVR310", "recipe": "native", "epoch": 32, "steps": 14, "mean_loss": 5.044135400227138, "seconds": 10.037907184043434, "official_fused": {"mAP": 50.32006295993963, "Rank-1": 68.02030205726624, "Rank-5": 81.55668377876282, "Rank-10": 85.95600724220276}}
{"event": "epoch", "dataset": "MSVR310", "recipe": "native", "epoch": 33, "steps": 14, "mean_loss": 5.035328388214111, "seconds": 10.006011129007675, "official_fused": {"mAP": 50.17226917567602, "Rank-1": 67.85110235214233, "Rank-5": 81.55668377876282, "Rank-10": 86.46361827850342}}
{"event": "epoch", "dataset": "MSVR310", "recipe": "native", "epoch": 34, "steps": 14, "mean_loss": 4.992845841816494, "seconds": 9.977428671030793, "official_fused": {"mAP": 49.87324900830643, "Rank-1": 66.49746298789978, "Rank-5": 80.87986707687378, "Rank-10": 85.95600724220276}}
{"event": "epoch", "dataset": "MSVR310", "recipe": "native", "epoch": 35, "steps": 14, "mean_loss": 5.007716826030186, "seconds": 10.0090615269728, "official_fused": {"mAP": 49.60419142819022, "Rank-1": 66.49746298789978, "Rank-5": 80.37225008010864, "Rank-10": 84.94077920913696}}
{"event": "epoch", "dataset": "MSVR310", "recipe": "native", "epoch": 36, "steps": 14, "mean_loss": 5.035378524235317, "seconds": 10.129572852980345, "official_fused": {"mAP": 49.526914399579105, "Rank-1": 66.83587431907654, "Rank-5": 80.37225008010864, "Rank-10": 84.77157354354858}}
{"event": "epoch", "dataset": "MSVR310", "recipe": "native", "epoch": 37, "steps": 14, "mean_loss": 4.944356986454555, "seconds": 9.871621315018274, "official_fused": {"mAP": 50.31454034119464, "Rank-1": 67.85110235214233, "Rank-5": 80.54145574569702, "Rank-10": 85.617595911026}}
{"event": "epoch", "dataset": "MSVR310", "recipe": "native", "epoch": 38, "steps": 14, "mean_loss": 4.989689690726144, "seconds": 10.70788037701277, "official_fused": {"mAP": 50.54771237567379, "Rank-1": 68.02030205726624, "Rank-5": 80.54145574569702, "Rank-10": 85.44839024543762}}
{"event": "epoch", "dataset": "MSVR310", "recipe": "native", "epoch": 39, "steps": 14, "mean_loss": 4.9687488079071045, "seconds": 10.233628713991493, "official_fused": {"mAP": 50.245931405756814, "Rank-1": 67.68189668655396, "Rank-5": 80.87986707687378, "Rank-10": 85.44839024543762}}
{"event": "epoch", "dataset": "MSVR310", "recipe": "native", "epoch": 40, "steps": 14, "mean_loss": 4.862039293561663, "seconds": 10.075170513999183, "official_fused": {"mAP": 50.30377753253112, "Rank-1": 67.85110235214233, "Rank-5": 80.87986707687378, "Rank-10": 85.617595911026}}
{"event": "epoch", "dataset": "MSVR310", "recipe": "native", "epoch": 41, "steps": 14, "mean_loss": 4.877821752003261, "seconds": 10.099604442017153, "official_fused": {"mAP": 50.32363945384345, "Rank-1": 67.85110235214233, "Rank-5": 80.87986707687378, "Rank-10": 85.617595911026}}
{"event": "epoch", "dataset": "MSVR310", "recipe": "native", "epoch": 42, "steps": 14, "mean_loss": 4.906655890601022, "seconds": 10.638890317000914, "official_fused": {"mAP": 50.32809677991724, "Rank-1": 67.85110235214233, "Rank-5": 80.87986707687378, "Rank-10": 85.617595911026}}
{"event": "epoch", "dataset": "MSVR310", "recipe": "native", "epoch": 43, "steps": 15, "mean_loss": 4.960651397705078, "seconds": 10.808013731963001, "official_fused": {"mAP": 50.358295185027316, "Rank-1": 67.85110235214233, "Rank-5": 80.87986707687378, "Rank-10": 85.617595911026}}
{"event": "epoch", "dataset": "MSVR310", "recipe": "native", "epoch": 44, "steps": 14, "mean_loss": 4.860541718346732, "seconds": 10.865804331027903, "official_fused": {"mAP": 50.3891401734117, "Rank-1": 67.68189668655396, "Rank-5": 80.87986707687378, "Rank-10": 85.617595911026}}
{"event": "epoch", "dataset": "MSVR310", "recipe": "native", "epoch": 45, "steps": 14, "mean_loss": 4.872207573481968, "seconds": 10.321699257008731, "official_fused": {"mAP": 50.40051566598394, "Rank-1": 67.68189668655396, "Rank-5": 81.04906678199768, "Rank-10": 85.617595911026}}
{"event": "epoch", "dataset": "MSVR310", "recipe": "native", "epoch": 46, "steps": 14, "mean_loss": 4.892809663500104, "seconds": 10.702908674022183, "official_fused": {"mAP": 50.43854170191358, "Rank-1": 67.68189668655396, "Rank-5": 81.04906678199768, "Rank-10": 85.78680157661438}}
{"event": "epoch", "dataset": "MSVR310", "recipe": "native", "epoch": 47, "steps": 14, "mean_loss": 4.863580431256976, "seconds": 10.492372472013813, "official_fused": {"mAP": 50.480651162682996, "Rank-1": 67.68189668655396, "Rank-5": 81.04906678199768, "Rank-10": 85.78680157661438}}
{"event": "epoch", "dataset": "MSVR310", "recipe": "native", "epoch": 48, "steps": 14, "mean_loss": 4.962107726505825, "seconds": 10.532122147036716, "official_fused": {"mAP": 50.47379936069252, "Rank-1": 67.68189668655396, "Rank-5": 81.04906678199768, "Rank-10": 85.78680157661438}}
{"event": "epoch", "dataset": "MSVR310", "recipe": "native", "epoch": 49, "steps": 14, "mean_loss": 4.877832310540335, "seconds": 10.690298840985633, "official_fused": {"mAP": 50.47404512700629, "Rank-1": 67.68189668655396, "Rank-5": 81.38747811317444, "Rank-10": 85.617595911026}}
{"event": "epoch", "dataset": "MSVR310", "recipe": "native", "epoch": 50, "steps": 14, "mean_loss": 4.922748395374843, "seconds": 9.960507312964182, "official_fused": {"mAP": 50.475754992493016, "Rank-1": 67.68189668655396, "Rank-5": 81.38747811317444, "Rank-10": 85.617595911026}}
