/data/gaob/Re-ID/conda-envs/tri_reid/lib/python3.10/site-packages/timm/models/helpers.py:7: FutureWarning: Importing from timm.models.helpers is deprecated, please import via timm.models
  warnings.warn(f"Importing from {__name__} is deprecated, please import via timm.models", FutureWarning)
/data/gaob/Re-ID/conda-envs/tri_reid/lib/python3.10/site-packages/timm/models/registry.py:4: FutureWarning: Importing from timm.models.registry is deprecated, please import via timm.models
  warnings.warn(f"Importing from {__name__} is deprecated, please import via timm.models", FutureWarning)
/data/gaob/Re-ID/conda-envs/tri_reid/lib/python3.10/site-packages/timm/models/layers/__init__.py:48: FutureWarning: Importing from timm.models.layers is deprecated, please import via timm.layers
  warnings.warn(f"Importing from {__name__} is deprecated, please import via timm.layers", FutureWarning)
建立transformer............
using Transformer_type: ViT-B-16 as a backbone
Resized position embedding: %s to %s torch.Size([197, 768]) torch.Size([129, 768])
Position embedding resize to height:16 width: 8
Successfully load ckpt!
<All keys matched successfully>
Loading pretrained model from CLIP
camera number is : 4
===========Building Signal===========
using soft triplet loss for training
label smooth on, numclasses: 171
{"event": "epoch", "dataset": "RGBNT201", "recipe": "semantic", "epoch": 1, "steps": 53, "mean_loss": 4.128511725731616, "seconds": 33.49953378603095, "official_fused": {"mAP": 29.433465591796438, "Rank-1": 28.708133101463318, "Rank-5": 45.81339657306671, "Rank-10": 55.62201142311096}}
{"event": "epoch", "dataset": "RGBNT201", "recipe": "semantic", "epoch": 2, "steps": 53, "mean_loss": 3.2342855120604894, "seconds": 32.08510290400591, "official_fused": {"mAP": 53.002794552952395, "Rank-1": 52.392345666885376, "Rank-5": 64.71291780471802, "Rank-10": 71.17224931716919}}
{"event": "epoch", "dataset": "RGBNT201", "recipe": "semantic", "epoch": 3, "steps": 53, "mean_loss": 2.3522099391469418, "seconds": 31.999420479987748, "official_fused": {"mAP": 71.56396873198395, "Rank-1": 77.63158082962036, "Rank-5": 88.27751278877258, "Rank-10": 91.14832282066345}}
{"event": "epoch", "dataset": "RGBNT201", "recipe": "semantic", "epoch": 4, "steps": 53, "mean_loss": 1.740927833431172, "seconds": 32.19844825100154, "official_fused": {"mAP": 71.04256433632098, "Rank-1": 73.44497442245483, "Rank-5": 84.21052694320679, "Rank-10": 88.75598311424255}}
{"event": "epoch", "dataset": "RGBNT201", "recipe": "semantic", "epoch": 5, "steps": 53, "mean_loss": 1.3358105173650778, "seconds": 32.334695143974386, "official_fused": {"mAP": 66.31499822619955, "Rank-1": 68.89952421188354, "Rank-5": 81.22009634971619, "Rank-10": 86.36363744735718}}
{"event": "epoch", "dataset": "RGBNT201", "recipe": "semantic", "epoch": 6, "steps": 53, "mean_loss": 0.8249926949447056, "seconds": 32.93877532199258, "official_fused": {"mAP": 67.96950358529179, "Rank-1": 72.48803973197937, "Rank-5": 81.33971095085144, "Rank-10": 88.87559771537781}}
{"event": "epoch", "dataset": "RGBNT201", "recipe": "semantic", "epoch": 7, "steps": 53, "mean_loss": 0.5952119444901088, "seconds": 32.3957058530068, "official_fused": {"mAP": 73.76631958185466, "Rank-1": 77.63158082962036, "Rank-5": 87.91866302490234, "Rank-10": 92.46411323547363}}
{"event": "epoch", "dataset": "RGBNT201", "recipe": "semantic", "epoch": 8, "steps": 53, "mean_loss": 0.5543615092646401, "seconds": 32.64236575801624, "official_fused": {"mAP": 74.3387794809932, "Rank-1": 78.58851552009583, "Rank-5": 88.39712738990784, "Rank-10": 91.98564887046814}}
{"event": "epoch", "dataset": "RGBNT201", "recipe": "semantic", "epoch": 9, "steps": 53, "mean_loss": 0.5148615173573764, "seconds": 32.64273638802115, "official_fused": {"mAP": 73.08824630630949, "Rank-1": 76.31579041481018, "Rank-5": 86.48325204849243, "Rank-10": 90.43062329292297}}
{"event": "epoch", "dataset": "RGBNT201", "recipe": "semantic", "epoch": 10, "steps": 53, "mean_loss": 0.5083388731164752, "seconds": 33.5877112490125, "official_fused": {"mAP": 72.73597519656877, "Rank-1": 75.95694065093994, "Rank-5": 86.12440228462219, "Rank-10": 89.83253836631775}}
{"event": "epoch", "dataset": "RGBNT201", "recipe": "semantic", "epoch": 11, "steps": 53, "mean_loss": 0.5007050818992111, "seconds": 32.33188820700161, "official_fused": {"mAP": 72.40499465536901, "Rank-1": 75.23923516273499, "Rank-5": 85.64593195915222, "Rank-10": 90.31100273132324}}
{"event": "epoch", "dataset": "RGBNT201", "recipe": "semantic", "epoch": 12, "steps": 53, "mean_loss": 0.5147332442256639, "seconds": 32.02509771595942, "official_fused": {"mAP": 73.02194838279257, "Rank-1": 76.67464017868042, "Rank-5": 86.60287261009216, "Rank-10": 91.50717854499817}}
{"event": "epoch", "dataset": "RGBNT201", "recipe": "semantic", "epoch": 13, "steps": 53, "mean_loss": 0.49508328595251405, "seconds": 32.154101915017236, "official_fused": {"mAP": 72.84882290541145, "Rank-1": 75.83732008934021, "Rank-5": 86.12440228462219, "Rank-10": 91.0287082195282}}
{"event": "epoch", "dataset": "RGBNT201", "recipe": "semantic", "epoch": 14, "steps": 53, "mean_loss": 0.49556527891249025, "seconds": 32.24431025900412, "official_fused": {"mAP": 70.75858428972921, "Rank-1": 73.68420958518982, "Rank-5": 84.68899726867676, "Rank-10": 89.1148328781128}}
{"event": "epoch", "dataset": "RGBNT201", "recipe": "semantic", "epoch": 15, "steps": 53, "mean_loss": 0.4841332739254214, "seconds": 31.82443991600303, "official_fused": {"mAP": 71.04292620717057, "Rank-1": 73.32535982131958, "Rank-5": 84.80861186981201, "Rank-10": 89.35406804084778}}
{"event": "epoch", "dataset": "RGBNT201", "recipe": "semantic", "epoch": 16, "steps": 53, "mean_loss": 0.4916592392156709, "seconds": 32.21482670697151, "official_fused": {"mAP": 70.85163102390688, "Rank-1": 72.84688949584961, "Rank-5": 82.8947365283966, "Rank-10": 88.87559771537781}}
{"event": "epoch", "dataset": "RGBNT201", "recipe": "semantic", "epoch": 17, "steps": 53, "mean_loss": 0.4782287753977866, "seconds": 31.89180560200475, "official_fused": {"mAP": 72.38041932602748, "Rank-1": 74.16267991065979, "Rank-5": 85.16746163368225, "Rank-10": 89.952152967453}}
{"event": "epoch", "dataset": "RGBNT201", "recipe": "semantic", "epoch": 18, "steps": 53, "mean_loss": 0.4736108026414547, "seconds": 32.23192683199886, "official_fused": {"mAP": 73.51264112558121, "Rank-1": 75.95694065093994, "Rank-5": 85.76555252075195, "Rank-10": 90.31100273132324}}
{"event": "epoch", "dataset": "RGBNT201", "recipe": "semantic", "epoch": 19, "steps": 53, "mean_loss": 0.49906108120702347, "seconds": 32.346903859986924, "official_fused": {"mAP": 73.0030286339842, "Rank-1": 76.79426074028015, "Rank-5": 85.40669679641724, "Rank-10": 91.14832282066345}}
{"event": "epoch", "dataset": "RGBNT201", "recipe": "semantic", "epoch": 20, "steps": 53, "mean_loss": 0.4792511733073109, "seconds": 32.306749929033685, "official_fused": {"mAP": 73.59876327035336, "Rank-1": 75.47847032546997, "Rank-5": 85.76555252075195, "Rank-10": 90.43062329292297}}
{"event": "epoch", "dataset": "RGBNT201", "recipe": "semantic", "epoch": 21, "steps": 53, "mean_loss": 0.47573265377080665, "seconds": 32.5700323759811, "official_fused": {"mAP": 72.99871415768315, "Rank-1": 76.19616985321045, "Rank-5": 85.8851671218872, "Rank-10": 90.07176756858826}}
{"event": "epoch", "dataset": "RGBNT201", "recipe": "semantic", "epoch": 22, "steps": 53, "mean_loss": 0.47213938719821424, "seconds": 32.18848121602787, "official_fused": {"mAP": 71.4025445597408, "Rank-1": 72.60765433311462, "Rank-5": 83.01435112953186, "Rank-10": 87.79904246330261}}
{"event": "epoch", "dataset": "RGBNT201", "recipe": "semantic", "epoch": 23, "steps": 53, "mean_loss": 0.4786738730826468, "seconds": 32.121312775998376, "official_fused": {"mAP": 69.67533469339092, "Rank-1": 71.88995480537415, "Rank-5": 80.50239086151123, "Rank-10": 86.36363744735718}}
{"event": "epoch", "dataset": "RGBNT201", "recipe": "semantic", "epoch": 24, "steps": 53, "mean_loss": 0.4690065968711421, "seconds": 32.222754172980785, "official_fused": {"mAP": 69.88873236922767, "Rank-1": 72.12918400764465, "Rank-5": 82.0574164390564, "Rank-10": 87.44019269943237}}
{"event": "epoch", "dataset": "RGBNT201", "recipe": "semantic", "epoch": 25, "steps": 53, "mean_loss": 0.466471864929739, "seconds": 32.22013007302303, "official_fused": {"mAP": 71.58601968781245, "Rank-1": 73.80383014678955, "Rank-5": 83.73205661773682, "Rank-10": 89.83253836631775}}
{"event": "epoch", "dataset": "RGBNT201", "recipe": "semantic", "epoch": 26, "steps": 53, "mean_loss": 0.46322903261994414, "seconds": 32.24422496301122, "official_fused": {"mAP": 72.09619101613295, "Rank-1": 74.40191507339478, "Rank-5": 84.21052694320679, "Rank-10": 90.19138813018799}}
{"event": "epoch", "dataset": "RGBNT201", "recipe": "semantic", "epoch": 27, "steps": 53, "mean_loss": 0.45943395821553357, "seconds": 32.11416383803589, "official_fused": {"mAP": 72.40106134653553, "Rank-1": 74.28229451179504, "Rank-5": 84.92823243141174, "Rank-10": 89.952152967453}}
{"event": "epoch", "dataset": "RGBNT201", "recipe": "semantic", "epoch": 28, "steps": 53, "mean_loss": 0.4593265360256411, "seconds": 32.28560480300803, "official_fused": {"mAP": 72.10074003613634, "Rank-1": 73.9234447479248, "Rank-5": 84.09090638160706, "Rank-10": 89.35406804084778}}
{"event": "epoch", "dataset": "RGBNT201", "recipe": "semantic", "epoch": 29, "steps": 53, "mean_loss": 0.4591038733158471, "seconds": 32.25811137398705, "official_fused": {"mAP": 72.52346832698795, "Rank-1": 74.52152967453003, "Rank-5": 83.37320685386658, "Rank-10": 89.1148328781128}}
{"event": "epoch", "dataset": "RGBNT201", "recipe": "semantic", "epoch": 30, "steps": 53, "mean_loss": 0.4613997806917946, "seconds": 32.042268996010534, "official_fused": {"mAP": 72.17147064794392, "Rank-1": 74.04305934906006, "Rank-5": 83.37320685386658, "Rank-10": 89.1148328781128}}
{"event": "epoch", "dataset": "RGBNT201", "recipe": "semantic", "epoch": 31, "steps": 53, "mean_loss": 0.45714720690025473, "seconds": 32.09604180796305, "official_fused": {"mAP": 72.1142376404053, "Rank-1": 74.16267991065979, "Rank-5": 83.37320685386658, "Rank-10": 89.1148328781128}}
{"event": "epoch", "dataset": "RGBNT201", "recipe": "semantic", "epoch": 32, "steps": 53, "mean_loss": 0.4580844983739673, "seconds": 31.97169588698307, "official_fused": {"mAP": 71.09081528293363, "Rank-1": 72.84688949584961, "Rank-5": 83.13397169113159, "Rank-10": 88.75598311424255}}
{"event": "epoch", "dataset": "RGBNT201", "recipe": "semantic", "epoch": 33, "steps": 53, "mean_loss": 0.4564461623722652, "seconds": 31.943350282032043, "official_fused": {"mAP": 71.6042872897989, "Rank-1": 73.44497442245483, "Rank-5": 84.56937670707703, "Rank-10": 89.35406804084778}}
{"event": "epoch", "dataset": "RGBNT201", "recipe": "semantic", "epoch": 34, "steps": 53, "mean_loss": 0.4551087977751246, "seconds": 31.93436869402649, "official_fused": {"mAP": 71.2652413031917, "Rank-1": 73.44497442245483, "Rank-5": 84.09090638160706, "Rank-10": 89.59330320358276}}
{"event": "epoch", "dataset": "RGBNT201", "recipe": "semantic", "epoch": 35, "steps": 53, "mean_loss": 0.45474499801419815, "seconds": 32.49284085602267, "official_fused": {"mAP": 71.2316514434485, "Rank-1": 73.32535982131958, "Rank-5": 84.21052694320679, "Rank-10": 89.47368264198303}}
{"event": "epoch", "dataset": "RGBNT201", "recipe": "semantic", "epoch": 36, "steps": 53, "mean_loss": 0.45289068964292417, "seconds": 31.918647698010318, "official_fused": {"mAP": 71.42543068823302, "Rank-1": 73.80383014678955, "Rank-5": 84.44976210594177, "Rank-10": 89.59330320358276}}
{"event": "epoch", "dataset": "RGBNT201", "recipe": "semantic", "epoch": 37, "steps": 53, "mean_loss": 0.4578593120260059, "seconds": 32.08269166899845, "official_fused": {"mAP": 71.81368800640591, "Rank-1": 75.35884976387024, "Rank-5": 85.8851671218872, "Rank-10": 89.47368264198303}}
{"event": "epoch", "dataset": "RGBNT201", "recipe": "semantic", "epoch": 38, "steps": 53, "mean_loss": 0.45769884844995895, "seconds": 32.33202191401506, "official_fused": {"mAP": 71.89189394171424, "Rank-1": 75.35884976387024, "Rank-5": 85.40669679641724, "Rank-10": 89.47368264198303}}
{"event": "epoch", "dataset": "RGBNT201", "recipe": "semantic", "epoch": 39, "steps": 53, "mean_loss": 0.45392109762947513, "seconds": 32.38077842700295, "official_fused": {"mAP": 71.70727141103661, "Rank-1": 75.59808492660522, "Rank-5": 84.68899726867676, "Rank-10": 89.59330320358276}}
{"event": "epoch", "dataset": "RGBNT201", "recipe": "semantic", "epoch": 40, "steps": 53, "mean_loss": 0.4530766049645982, "seconds": 32.05702057800954, "official_fused": {"mAP": 71.52355266486312, "Rank-1": 75.35884976387024, "Rank-5": 84.33014154434204, "Rank-10": 89.83253836631775}}
{"event": "epoch", "dataset": "RGBNT201", "recipe": "semantic", "epoch": 41, "steps": 53, "mean_loss": 0.4561148482673573, "seconds": 32.02281850198051, "official_fused": {"mAP": 71.12718338524517, "Rank-1": 73.80383014678955, "Rank-5": 84.09090638160706, "Rank-10": 89.83253836631775}}
{"event": "epoch", "dataset": "RGBNT201", "recipe": "semantic", "epoch": 42, "steps": 53, "mean_loss": 0.45309494351441004, "seconds": 32.03700845700223, "official_fused": {"mAP": 71.40048023739436, "Rank-1": 74.16267991065979, "Rank-5": 84.33014154434204, "Rank-10": 90.19138813018799}}
{"event": "epoch", "dataset": "RGBNT201", "recipe": "semantic", "epoch": 43, "steps": 53, "mean_loss": 0.4542702357724028, "seconds": 32.15357791399583, "official_fused": {"mAP": 71.61211801439381, "Rank-1": 74.52152967453003, "Rank-5": 84.44976210594177, "Rank-10": 90.19138813018799}}
{"event": "epoch", "dataset": "RGBNT201", "recipe": "semantic", "epoch": 44, "steps": 53, "mean_loss": 0.4541755571680249, "seconds": 32.28994051396148, "official_fused": {"mAP": 71.61159600330072, "Rank-1": 74.52152967453003, "Rank-5": 84.09090638160706, "Rank-10": 89.952152967453}}
{"event": "epoch", "dataset": "RGBNT201", "recipe": "semantic", "epoch": 45, "steps": 53, "mean_loss": 0.4525467961464288, "seconds": 32.215762462001294, "official_fused": {"mAP": 71.440697507636, "Rank-1": 74.04305934906006, "Rank-5": 84.44976210594177, "Rank-10": 89.952152967453}}
{"event": "epoch", "dataset": "RGBNT201", "recipe": "semantic", "epoch": 46, "steps": 52, "mean_loss": 0.4536533063420883, "seconds": 31.340079265995882, "official_fused": {"mAP": 71.39703057832007, "Rank-1": 74.16267991065979, "Rank-5": 84.33014154434204, "Rank-10": 89.952152967453}}
{"event": "epoch", "dataset": "RGBNT201", "recipe": "semantic", "epoch": 47, "steps": 53, "mean_loss": 0.4516859881158145, "seconds": 32.07459746301174, "official_fused": {"mAP": 71.44875090948922, "Rank-1": 74.52152967453003, "Rank-5": 84.09090638160706, "Rank-10": 89.952152967453}}
{"event": "epoch", "dataset": "RGBNT201", "recipe": "semantic", "epoch": 48, "steps": 53, "mean_loss": 0.45327961838470315, "seconds": 32.609598679991905, "official_fused": {"mAP": 71.51683805394946, "Rank-1": 73.68420958518982, "Rank-5": 84.21052694320679, "Rank-10": 89.952152967453}}
{"event": "epoch", "dataset": "RGBNT201", "recipe": "semantic", "epoch": 49, "steps": 53, "mean_loss": 0.45266017430233507, "seconds": 32.121288641006686, "official_fused": {"mAP": 71.59151639694439, "Rank-1": 73.9234447479248, "Rank-5": 84.44976210594177, "Rank-10": 89.83253836631775}}
{"event": "epoch", "dataset": "RGBNT201", "recipe": "semantic", "epoch": 50, "steps": 53, "mean_loss": 0.45169063840272294, "seconds": 32.2199396660435, "official_fused": {"mAP": 71.43015338390364, "Rank-1": 74.16267991065979, "Rank-5": 84.21052694320679, "Rank-10": 89.71291780471802}}
