/data/gaob/Re-ID/conda-envs/tri_reid/lib/python3.10/site-packages/timm/models/helpers.py:7: FutureWarning: Importing from timm.models.helpers is deprecated, please import via timm.models
  warnings.warn(f"Importing from {__name__} is deprecated, please import via timm.models", FutureWarning)
/data/gaob/Re-ID/conda-envs/tri_reid/lib/python3.10/site-packages/timm/models/registry.py:4: FutureWarning: Importing from timm.models.registry is deprecated, please import via timm.models
  warnings.warn(f"Importing from {__name__} is deprecated, please import via timm.models", FutureWarning)
/data/gaob/Re-ID/conda-envs/tri_reid/lib/python3.10/site-packages/timm/models/layers/__init__.py:48: FutureWarning: Importing from timm.models.layers is deprecated, please import via timm.layers
  warnings.warn(f"Importing from {__name__} is deprecated, please import via timm.layers", FutureWarning)
建立transformer............
using Transformer_type: ViT-B-16 as a backbone
Resized position embedding: %s to %s torch.Size([197, 768]) torch.Size([129, 768])
Position embedding resize to height:8 width: 16
Successfully load ckpt!
<All keys matched successfully>
Loading pretrained model from CLIP
camera number is : 8
===========Building Signal===========
using soft triplet loss for training
label smooth on, numclasses: 50
{"event": "epoch", "dataset": "RGBNT100", "recipe": "semantic", "epoch": 1, "steps": 62, "mean_loss": 10.999020222694643, "seconds": 67.10125314199831, "official_fused": {"mAP": 58.939520583170555, "Rank-1": 83.49854350090027, "Rank-5": 85.30611991882324, "Rank-10": 86.53061389923096}}
{"event": "epoch", "dataset": "RGBNT100", "recipe": "semantic", "epoch": 2, "steps": 62, "mean_loss": 8.586694571279711, "seconds": 65.46150602499256, "official_fused": {"mAP": 69.77390176936426, "Rank-1": 87.46355772018433, "Rank-5": 88.57142925262451, "Rank-10": 89.32944536209106}}
{"event": "epoch", "dataset": "RGBNT100", "recipe": "semantic", "epoch": 3, "steps": 63, "mean_loss": 5.315936387531341, "seconds": 66.19115408899961, "official_fused": {"mAP": 77.13336369359047, "Rank-1": 93.1195318698883, "Rank-5": 94.05247569084167, "Rank-10": 94.40233111381531}}
{"event": "epoch", "dataset": "RGBNT100", "recipe": "semantic", "epoch": 4, "steps": 61, "mean_loss": 2.6896732752440404, "seconds": 63.49339374201372, "official_fused": {"mAP": 80.76725501410678, "Rank-1": 94.28571462631226, "Rank-5": 94.57725882530212, "Rank-10": 94.86880302429199}}
{"event": "epoch", "dataset": "RGBNT100", "recipe": "semantic", "epoch": 5, "steps": 63, "mean_loss": 1.6898221666850741, "seconds": 67.55914784001652, "official_fused": {"mAP": 82.89752724402972, "Rank-1": 95.10204195976257, "Rank-5": 95.56851387023926, "Rank-10": 96.26821875572205}}
{"event": "epoch", "dataset": "RGBNT100", "recipe": "semantic", "epoch": 6, "steps": 63, "mean_loss": 1.4275269319140722, "seconds": 65.90861033799592, "official_fused": {"mAP": 82.21566762671527, "Rank-1": 95.4518973827362, "Rank-5": 96.20991349220276, "Rank-10": 96.61807417869568}}
{"event": "epoch", "dataset": "RGBNT100", "recipe": "semantic", "epoch": 7, "steps": 62, "mean_loss": 1.3100256362269003, "seconds": 65.3338388929842, "official_fused": {"mAP": 83.065059928924, "Rank-1": 95.97667455673218, "Rank-5": 96.55976891517639, "Rank-10": 97.08454608917236}}
{"event": "epoch", "dataset": "RGBNT100", "recipe": "semantic", "epoch": 8, "steps": 63, "mean_loss": 1.243624412824237, "seconds": 66.3076173090376, "official_fused": {"mAP": 83.16219338419766, "Rank-1": 96.50145769119263, "Rank-5": 97.02624082565308, "Rank-10": 97.37609624862671}}
{"event": "epoch", "dataset": "RGBNT100", "recipe": "semantic", "epoch": 9, "steps": 63, "mean_loss": 1.2067127057484217, "seconds": 66.33369204105111, "official_fused": {"mAP": 82.98572691755724, "Rank-1": 95.62682509422302, "Rank-5": 96.44314646720886, "Rank-10": 96.67638540267944}}
{"event": "epoch", "dataset": "RGBNT100", "recipe": "semantic", "epoch": 10, "steps": 62, "mean_loss": 1.1805742998276987, "seconds": 64.84096731099999, "official_fused": {"mAP": 82.63732434716187, "Rank-1": 95.91836929321289, "Rank-5": 96.85131311416626, "Rank-10": 97.60932922363281}}
{"event": "epoch", "dataset": "RGBNT100", "recipe": "semantic", "epoch": 11, "steps": 63, "mean_loss": 1.1658792893091838, "seconds": 65.97279212001013, "official_fused": {"mAP": 82.76854103381557, "Rank-1": 96.151602268219, "Rank-5": 96.85131311416626, "Rank-10": 97.25947380065918}}
{"event": "epoch", "dataset": "RGBNT100", "recipe": "semantic", "epoch": 12, "steps": 63, "mean_loss": 1.1539341987125458, "seconds": 66.72314830200048, "official_fused": {"mAP": 82.53264490195706, "Rank-1": 96.151602268219, "Rank-5": 96.90961837768555, "Rank-10": 97.434401512146}}
{"event": "epoch", "dataset": "RGBNT100", "recipe": "semantic", "epoch": 13, "steps": 63, "mean_loss": 1.1490180587011671, "seconds": 66.93158428400056, "official_fused": {"mAP": 82.56676320152394, "Rank-1": 96.20991349220276, "Rank-5": 97.08454608917236, "Rank-10": 97.66764044761658}}
{"event": "epoch", "dataset": "RGBNT100", "recipe": "semantic", "epoch": 14, "steps": 63, "mean_loss": 1.143980516327752, "seconds": 66.99842948501464, "official_fused": {"mAP": 83.06649262666458, "Rank-1": 96.0932970046997, "Rank-5": 96.73469662666321, "Rank-10": 97.08454608917236}}
{"event": "epoch", "dataset": "RGBNT100", "recipe": "semantic", "epoch": 15, "steps": 63, "mean_loss": 1.1366685458592005, "seconds": 65.83693656302057, "official_fused": {"mAP": 82.94762112389851, "Rank-1": 95.74344158172607, "Rank-5": 96.38484120368958, "Rank-10": 96.67638540267944}}
{"event": "epoch", "dataset": "RGBNT100", "recipe": "semantic", "epoch": 16, "steps": 63, "mean_loss": 1.1271687613593206, "seconds": 65.64933530398412, "official_fused": {"mAP": 82.65101446900422, "Rank-1": 96.20991349220276, "Rank-5": 97.14285731315613, "Rank-10": 97.31778502464294}}
{"event": "epoch", "dataset": "RGBNT100", "recipe": "semantic", "epoch": 17, "steps": 62, "mean_loss": 1.1185377451681322, "seconds": 64.98650954000186, "official_fused": {"mAP": 82.90598159775347, "Rank-1": 96.32652997970581, "Rank-5": 96.73469662666321, "Rank-10": 97.02624082565308}}
{"event": "epoch", "dataset": "RGBNT100", "recipe": "semantic", "epoch": 18, "steps": 62, "mean_loss": 1.1153476449751085, "seconds": 64.82924905000255, "official_fused": {"mAP": 82.84488862177768, "Rank-1": 96.20991349220276, "Rank-5": 97.20116853713989, "Rank-10": 97.37609624862671}}
{"event": "epoch", "dataset": "RGBNT100", "recipe": "semantic", "epoch": 19, "steps": 63, "mean_loss": 1.1108962524504888, "seconds": 65.78790569899138, "official_fused": {"mAP": 82.3099964514807, "Rank-1": 95.80174684524536, "Rank-5": 96.96792960166931, "Rank-10": 97.14285731315613}}
{"event": "epoch", "dataset": "RGBNT100", "recipe": "semantic", "epoch": 20, "steps": 62, "mean_loss": 1.107225400786246, "seconds": 65.38281643897062, "official_fused": {"mAP": 81.708913009467, "Rank-1": 96.50145769119263, "Rank-5": 97.14285731315613, "Rank-10": 97.434401512146}}
{"event": "epoch", "dataset": "RGBNT100", "recipe": "semantic", "epoch": 21, "steps": 63, "mean_loss": 1.1024704036258517, "seconds": 65.8207537670387, "official_fused": {"mAP": 82.80172281210248, "Rank-1": 96.50145769119263, "Rank-5": 97.25947380065918, "Rank-10": 97.72594571113586}}
{"event": "epoch", "dataset": "RGBNT100", "recipe": "semantic", "epoch": 22, "steps": 63, "mean_loss": 1.1055426313763572, "seconds": 66.09604511002544, "official_fused": {"mAP": 82.58811215003726, "Rank-1": 96.44314646720886, "Rank-5": 97.31778502464294, "Rank-10": 97.78425693511963}}
{"event": "epoch", "dataset": "RGBNT100", "recipe": "semantic", "epoch": 23, "steps": 63, "mean_loss": 1.0962141903619917, "seconds": 66.13126935000764, "official_fused": {"mAP": 82.33414297419627, "Rank-1": 95.86005806922913, "Rank-5": 96.44314646720886, "Rank-10": 96.96792960166931}}
{"event": "epoch", "dataset": "RGBNT100", "recipe": "semantic", "epoch": 24, "steps": 63, "mean_loss": 1.094108331771124, "seconds": 66.27395899698604, "official_fused": {"mAP": 82.38655320148376, "Rank-1": 95.33527493476868, "Rank-5": 95.97667455673218, "Rank-10": 96.32652997970581}}
{"event": "epoch", "dataset": "RGBNT100", "recipe": "semantic", "epoch": 25, "steps": 63, "mean_loss": 1.0928180047443934, "seconds": 66.43782754498534, "official_fused": {"mAP": 82.83613864857719, "Rank-1": 95.80174684524536, "Rank-5": 96.90961837768555, "Rank-10": 97.31778502464294}}
{"event": "epoch", "dataset": "RGBNT100", "recipe": "semantic", "epoch": 26, "steps": 63, "mean_loss": 1.0928697453604803, "seconds": 65.90307086100802, "official_fused": {"mAP": 83.41807202106449, "Rank-1": 96.26821875572205, "Rank-5": 96.73469662666321, "Rank-10": 97.14285731315613}}
{"event": "epoch", "dataset": "RGBNT100", "recipe": "semantic", "epoch": 27, "steps": 63, "mean_loss": 1.0906820448618086, "seconds": 66.11013683502097, "official_fused": {"mAP": 82.83693000501788, "Rank-1": 96.03498578071594, "Rank-5": 96.61807417869568, "Rank-10": 97.08454608917236}}
{"event": "epoch", "dataset": "RGBNT100", "recipe": "semantic", "epoch": 28, "steps": 62, "mean_loss": 1.0888479332770071, "seconds": 65.05041487002745, "official_fused": {"mAP": 82.94395616434875, "Rank-1": 96.50145769119263, "Rank-5": 97.02624082565308, "Rank-10": 97.20116853713989}}
{"event": "epoch", "dataset": "RGBNT100", "recipe": "semantic", "epoch": 29, "steps": 63, "mean_loss": 1.0884923594338554, "seconds": 66.05786367302062, "official_fused": {"mAP": 82.77410419901825, "Rank-1": 95.74344158172607, "Rank-5": 96.67638540267944, "Rank-10": 96.96792960166931}}
{"event": "epoch", "dataset": "RGBNT100", "recipe": "semantic", "epoch": 30, "steps": 62, "mean_loss": 1.0855746365362597, "seconds": 64.95762652199483, "official_fused": {"mAP": 82.60568788087903, "Rank-1": 95.68513035774231, "Rank-5": 96.85131311416626, "Rank-10": 97.25947380065918}}
{"event": "epoch", "dataset": "RGBNT100", "recipe": "semantic", "epoch": 31, "steps": 62, "mean_loss": 1.0856104762323442, "seconds": 64.85015737504, "official_fused": {"mAP": 82.04991757245001, "Rank-1": 95.5102026462555, "Rank-5": 96.55976891517639, "Rank-10": 96.7930018901825}}
{"event": "epoch", "dataset": "RGBNT100", "recipe": "semantic", "epoch": 32, "steps": 62, "mean_loss": 1.0842601637686453, "seconds": 64.89506783202523, "official_fused": {"mAP": 82.21633072487231, "Rank-1": 95.62682509422302, "Rank-5": 96.67638540267944, "Rank-10": 96.96792960166931}}
{"event": "epoch", "dataset": "RGBNT100", "recipe": "semantic", "epoch": 33, "steps": 63, "mean_loss": 1.0823217157333616, "seconds": 66.12116478901589, "official_fused": {"mAP": 82.53568126526163, "Rank-1": 95.80174684524536, "Rank-5": 96.85131311416626, "Rank-10": 97.49271273612976}}
{"event": "epoch", "dataset": "RGBNT100", "recipe": "semantic", "epoch": 34, "steps": 62, "mean_loss": 1.0819591706798923, "seconds": 64.94077954400564, "official_fused": {"mAP": 82.22771467241267, "Rank-1": 95.91836929321289, "Rank-5": 96.67638540267944, "Rank-10": 97.20116853713989}}
{"event": "epoch", "dataset": "RGBNT100", "recipe": "semantic", "epoch": 35, "steps": 63, "mean_loss": 1.081812790461949, "seconds": 66.50347574200714, "official_fused": {"mAP": 82.43560994007649, "Rank-1": 96.03498578071594, "Rank-5": 96.90961837768555, "Rank-10": 97.55101799964905}}
{"event": "epoch", "dataset": "RGBNT100", "recipe": "semantic", "epoch": 36, "steps": 62, "mean_loss": 1.085317684758094, "seconds": 65.38199406402418, "official_fused": {"mAP": 82.50211529189934, "Rank-1": 95.80174684524536, "Rank-5": 97.14285731315613, "Rank-10": 97.37609624862671}}
{"event": "epoch", "dataset": "RGBNT100", "recipe": "semantic", "epoch": 37, "steps": 63, "mean_loss": 1.0814275722655038, "seconds": 66.2586325579905, "official_fused": {"mAP": 82.2672443943631, "Rank-1": 95.91836929321289, "Rank-5": 96.85131311416626, "Rank-10": 97.25947380065918}}
{"event": "epoch", "dataset": "RGBNT100", "recipe": "semantic", "epoch": 38, "steps": 63, "mean_loss": 1.0797715489826505, "seconds": 66.51081264996901, "official_fused": {"mAP": 82.31411766865077, "Rank-1": 95.56851387023926, "Rank-5": 96.73469662666321, "Rank-10": 97.20116853713989}}
{"event": "epoch", "dataset": "RGBNT100", "recipe": "semantic", "epoch": 39, "steps": 63, "mean_loss": 1.0809620221455891, "seconds": 65.97737352194963, "official_fused": {"mAP": 82.344914297725, "Rank-1": 95.62682509422302, "Rank-5": 96.85131311416626, "Rank-10": 97.37609624862671}}
{"event": "epoch", "dataset": "RGBNT100", "recipe": "semantic", "epoch": 40, "steps": 62, "mean_loss": 1.0798044493121486, "seconds": 64.84112129098503, "official_fused": {"mAP": 82.36274935927086, "Rank-1": 95.5102026462555, "Rank-5": 96.61807417869568, "Rank-10": 97.14285731315613}}
{"event": "epoch", "dataset": "RGBNT100", "recipe": "semantic", "epoch": 41, "steps": 63, "mean_loss": 1.0794970516174558, "seconds": 65.95982219895814, "official_fused": {"mAP": 82.45325998944769, "Rank-1": 95.4518973827362, "Rank-5": 96.32652997970581, "Rank-10": 97.08454608917236}}
{"event": "epoch", "dataset": "RGBNT100", "recipe": "semantic", "epoch": 42, "steps": 63, "mean_loss": 1.078945899766589, "seconds": 65.96482112497324, "official_fused": {"mAP": 82.47825810635287, "Rank-1": 95.74344158172607, "Rank-5": 96.50145769119263, "Rank-10": 97.14285731315613}}
{"event": "epoch", "dataset": "RGBNT100", "recipe": "semantic", "epoch": 43, "steps": 62, "mean_loss": 1.0787006116682483, "seconds": 65.05380710901227, "official_fused": {"mAP": 82.47752036838101, "Rank-1": 95.74344158172607, "Rank-5": 96.55976891517639, "Rank-10": 97.25947380065918}}
{"event": "epoch", "dataset": "RGBNT100", "recipe": "semantic", "epoch": 44, "steps": 62, "mean_loss": 1.0782111114071262, "seconds": 64.82498923299136, "official_fused": {"mAP": 82.47463579814948, "Rank-1": 95.68513035774231, "Rank-5": 96.90961837768555, "Rank-10": 97.37609624862671}}
{"event": "epoch", "dataset": "RGBNT100", "recipe": "semantic", "epoch": 45, "steps": 62, "mean_loss": 1.078818376987211, "seconds": 64.69165989902103, "official_fused": {"mAP": 82.50030478425914, "Rank-1": 95.74344158172607, "Rank-5": 96.96792960166931, "Rank-10": 97.14285731315613}}
{"event": "epoch", "dataset": "RGBNT100", "recipe": "semantic", "epoch": 46, "steps": 63, "mean_loss": 1.0780433927263533, "seconds": 66.44327484699897, "official_fused": {"mAP": 82.68803382261602, "Rank-1": 96.03498578071594, "Rank-5": 96.7930018901825, "Rank-10": 97.37609624862671}}
{"event": "epoch", "dataset": "RGBNT100", "recipe": "semantic", "epoch": 47, "steps": 62, "mean_loss": 1.078131098901072, "seconds": 64.90161932999035, "official_fused": {"mAP": 82.607889192792, "Rank-1": 95.91836929321289, "Rank-5": 96.7930018901825, "Rank-10": 97.37609624862671}}
{"event": "epoch", "dataset": "RGBNT100", "recipe": "semantic", "epoch": 48, "steps": 63, "mean_loss": 1.077605648646279, "seconds": 66.66560078097973, "official_fused": {"mAP": 82.43129655813647, "Rank-1": 95.91836929321289, "Rank-5": 96.7930018901825, "Rank-10": 97.20116853713989}}
{"event": "epoch", "dataset": "RGBNT100", "recipe": "semantic", "epoch": 49, "steps": 63, "mean_loss": 1.0777977307637532, "seconds": 65.72742849501083, "official_fused": {"mAP": 82.38890938902902, "Rank-1": 95.97667455673218, "Rank-5": 96.7930018901825, "Rank-10": 97.08454608917236}}
{"event": "epoch", "dataset": "RGBNT100", "recipe": "semantic", "epoch": 50, "steps": 62, "mean_loss": 1.07757584510311, "seconds": 65.33453269401798, "official_fused": {"mAP": 82.29508345026704, "Rank-1": 95.97667455673218, "Rank-5": 96.73469662666321, "Rank-10": 97.14285731315613}}
