/data/gaob/Re-ID/conda-envs/tri_reid/lib/python3.10/site-packages/timm/models/helpers.py:7: FutureWarning: Importing from timm.models.helpers is deprecated, please import via timm.models
  warnings.warn(f"Importing from {__name__} is deprecated, please import via timm.models", FutureWarning)
/data/gaob/Re-ID/conda-envs/tri_reid/lib/python3.10/site-packages/timm/models/registry.py:4: FutureWarning: Importing from timm.models.registry is deprecated, please import via timm.models
  warnings.warn(f"Importing from {__name__} is deprecated, please import via timm.models", FutureWarning)
/data/gaob/Re-ID/conda-envs/tri_reid/lib/python3.10/site-packages/timm/models/layers/__init__.py:48: FutureWarning: Importing from timm.models.layers is deprecated, please import via timm.layers
  warnings.warn(f"Importing from {__name__} is deprecated, please import via timm.layers", FutureWarning)
建立transformer............
using Transformer_type: ViT-B-16 as a backbone
Resized position embedding: %s to %s torch.Size([197, 768]) torch.Size([129, 768])
Position embedding resize to height:8 width: 16
Successfully load ckpt!
<All keys matched successfully>
Loading pretrained model from CLIP
camera number is : 8
===========Building Signal===========
using soft triplet loss for training
label smooth on, numclasses: 50
{"event": "epoch", "dataset": "RGBNT100", "recipe": "native", "epoch": 1, "steps": 62, "mean_loss": 10.999302910220239, "seconds": 66.91711589798797, "official_fused": {"mAP": 58.798188623099094, "Rank-1": 83.67347121238708, "Rank-5": 85.01457571983337, "Rank-10": 86.23906970024109}}
{"event": "epoch", "dataset": "RGBNT100", "recipe": "native", "epoch": 2, "steps": 62, "mean_loss": 8.58795573634486, "seconds": 65.37054307298968, "official_fused": {"mAP": 69.96187533863932, "Rank-1": 87.63848543167114, "Rank-5": 88.74635696411133, "Rank-10": 89.38775658607483}}
{"event": "epoch", "dataset": "RGBNT100", "recipe": "native", "epoch": 3, "steps": 63, "mean_loss": 5.362222569329398, "seconds": 65.9656213169801, "official_fused": {"mAP": 77.44057982741413, "Rank-1": 92.94460415840149, "Rank-5": 94.1690981388092, "Rank-10": 94.98542547225952}}
{"event": "epoch", "dataset": "RGBNT100", "recipe": "native", "epoch": 4, "steps": 61, "mean_loss": 2.75332157924527, "seconds": 63.864507632970344, "official_fused": {"mAP": 81.30093947399149, "Rank-1": 94.05247569084167, "Rank-5": 94.69387531280518, "Rank-10": 94.75218653678894}}
{"event": "epoch", "dataset": "RGBNT100", "recipe": "native", "epoch": 5, "steps": 63, "mean_loss": 1.7094190007164365, "seconds": 65.961151003954, "official_fused": {"mAP": 83.06262789818345, "Rank-1": 96.20991349220276, "Rank-5": 97.02624082565308, "Rank-10": 97.49271273612976}}
{"event": "epoch", "dataset": "RGBNT100", "recipe": "native", "epoch": 6, "steps": 63, "mean_loss": 1.444618302678305, "seconds": 66.11700639902847, "official_fused": {"mAP": 82.49226831377338, "Rank-1": 95.16034722328186, "Rank-5": 95.97667455673218, "Rank-10": 96.151602268219}}
{"event": "epoch", "dataset": "RGBNT100", "recipe": "native", "epoch": 7, "steps": 62, "mean_loss": 1.3146644292339202, "seconds": 65.12418636196526, "official_fused": {"mAP": 83.32235397152175, "Rank-1": 96.03498578071594, "Rank-5": 96.61807417869568, "Rank-10": 97.25947380065918}}
{"event": "epoch", "dataset": "RGBNT100", "recipe": "native", "epoch": 8, "steps": 63, "mean_loss": 1.2495654367265248, "seconds": 66.19689871597802, "official_fused": {"mAP": 83.4565001053148, "Rank-1": 96.26821875572205, "Rank-5": 96.85131311416626, "Rank-10": 97.37609624862671}}
{"event": "epoch", "dataset": "RGBNT100", "recipe": "native", "epoch": 9, "steps": 63, "mean_loss": 1.2114334409199063, "seconds": 66.09370204299921, "official_fused": {"mAP": 83.46320690304411, "Rank-1": 96.26821875572205, "Rank-5": 96.7930018901825, "Rank-10": 97.55101799964905}}
{"event": "epoch", "dataset": "RGBNT100", "recipe": "native", "epoch": 10, "steps": 62, "mean_loss": 1.184240916082936, "seconds": 65.0200526000117, "official_fused": {"mAP": 83.02141525331604, "Rank-1": 95.86005806922913, "Rank-5": 96.7930018901825, "Rank-10": 97.31778502464294}}
{"event": "epoch", "dataset": "RGBNT100", "recipe": "native", "epoch": 11, "steps": 63, "mean_loss": 1.1699263273723541, "seconds": 66.05673777998891, "official_fused": {"mAP": 83.22047692225858, "Rank-1": 95.97667455673218, "Rank-5": 96.67638540267944, "Rank-10": 97.37609624862671}}
{"event": "epoch", "dataset": "RGBNT100", "recipe": "native", "epoch": 12, "steps": 63, "mean_loss": 1.1565717572257632, "seconds": 65.86988403997384, "official_fused": {"mAP": 82.84300612750498, "Rank-1": 96.26821875572205, "Rank-5": 97.14285731315613, "Rank-10": 97.72594571113586}}
{"event": "epoch", "dataset": "RGBNT100", "recipe": "native", "epoch": 13, "steps": 63, "mean_loss": 1.1515895866212391, "seconds": 66.10545785701834, "official_fused": {"mAP": 82.97062945828354, "Rank-1": 96.50145769119263, "Rank-5": 97.434401512146, "Rank-10": 97.8425681591034}}
{"event": "epoch", "dataset": "RGBNT100", "recipe": "native", "epoch": 14, "steps": 63, "mean_loss": 1.146372498027862, "seconds": 66.48527467501117, "official_fused": {"mAP": 83.42783959897422, "Rank-1": 96.0932970046997, "Rank-5": 96.90961837768555, "Rank-10": 97.37609624862671}}
{"event": "epoch", "dataset": "RGBNT100", "recipe": "native", "epoch": 15, "steps": 63, "mean_loss": 1.1391742437604875, "seconds": 65.86269356298726, "official_fused": {"mAP": 83.3499728253328, "Rank-1": 95.91836929321289, "Rank-5": 96.73469662666321, "Rank-10": 96.90961837768555}}
{"event": "epoch", "dataset": "RGBNT100", "recipe": "native", "epoch": 16, "steps": 63, "mean_loss": 1.1291561353774298, "seconds": 66.06224039202789, "official_fused": {"mAP": 83.12965440017976, "Rank-1": 96.38484120368958, "Rank-5": 96.96792960166931, "Rank-10": 97.14285731315613}}
{"event": "epoch", "dataset": "RGBNT100", "recipe": "native", "epoch": 17, "steps": 62, "mean_loss": 1.120547354221344, "seconds": 65.0933169570053, "official_fused": {"mAP": 83.30911380925573, "Rank-1": 96.50145769119263, "Rank-5": 96.85131311416626, "Rank-10": 97.20116853713989}}
{"event": "epoch", "dataset": "RGBNT100", "recipe": "native", "epoch": 18, "steps": 62, "mean_loss": 1.1172769646490774, "seconds": 64.81692356499843, "official_fused": {"mAP": 83.23484604781504, "Rank-1": 96.50145769119263, "Rank-5": 97.02624082565308, "Rank-10": 97.49271273612976}}
{"event": "epoch", "dataset": "RGBNT100", "recipe": "native", "epoch": 19, "steps": 63, "mean_loss": 1.1122117477750022, "seconds": 66.61682804097654, "official_fused": {"mAP": 82.64583977521835, "Rank-1": 95.74344158172607, "Rank-5": 96.67638540267944, "Rank-10": 96.90961837768555}}
{"event": "epoch", "dataset": "RGBNT100", "recipe": "native", "epoch": 20, "steps": 62, "mean_loss": 1.1088903584787924, "seconds": 65.31352290901123, "official_fused": {"mAP": 82.45969504555504, "Rank-1": 96.0932970046997, "Rank-5": 96.73469662666321, "Rank-10": 96.96792960166931}}
{"event": "epoch", "dataset": "RGBNT100", "recipe": "native", "epoch": 21, "steps": 63, "mean_loss": 1.1038763693400793, "seconds": 66.06111650698585, "official_fused": {"mAP": 83.30860183486291, "Rank-1": 95.86005806922913, "Rank-5": 97.02624082565308, "Rank-10": 97.434401512146}}
{"event": "epoch", "dataset": "RGBNT100", "recipe": "native", "epoch": 22, "steps": 63, "mean_loss": 1.1070248531916784, "seconds": 66.70757094898727, "official_fused": {"mAP": 82.72856864009623, "Rank-1": 96.20991349220276, "Rank-5": 97.14285731315613, "Rank-10": 97.55101799964905}}
{"event": "epoch", "dataset": "RGBNT100", "recipe": "native", "epoch": 23, "steps": 63, "mean_loss": 1.0973407200404577, "seconds": 66.382540074992, "official_fused": {"mAP": 82.70345615523719, "Rank-1": 95.21865844726562, "Rank-5": 96.26821875572205, "Rank-10": 96.73469662666321}}
{"event": "epoch", "dataset": "RGBNT100", "recipe": "native", "epoch": 24, "steps": 63, "mean_loss": 1.095158474785941, "seconds": 65.78044326999225, "official_fused": {"mAP": 82.76755414487226, "Rank-1": 95.39358615875244, "Rank-5": 96.0932970046997, "Rank-10": 96.50145769119263}}
{"event": "epoch", "dataset": "RGBNT100", "recipe": "native", "epoch": 25, "steps": 63, "mean_loss": 1.0939645861822462, "seconds": 65.93935405201046, "official_fused": {"mAP": 83.28015217317821, "Rank-1": 95.91836929321289, "Rank-5": 96.85131311416626, "Rank-10": 97.434401512146}}
{"event": "epoch", "dataset": "RGBNT100", "recipe": "native", "epoch": 26, "steps": 63, "mean_loss": 1.0939913874580747, "seconds": 65.95100559998536, "official_fused": {"mAP": 83.895221920538, "Rank-1": 96.38484120368958, "Rank-5": 97.08454608917236, "Rank-10": 97.60932922363281}}
{"event": "epoch", "dataset": "RGBNT100", "recipe": "native", "epoch": 27, "steps": 63, "mean_loss": 1.091551489300198, "seconds": 65.9093891819939, "official_fused": {"mAP": 83.30909213555871, "Rank-1": 96.03498578071594, "Rank-5": 96.96792960166931, "Rank-10": 97.14285731315613}}
{"event": "epoch", "dataset": "RGBNT100", "recipe": "native", "epoch": 28, "steps": 62, "mean_loss": 1.0896850459037288, "seconds": 65.31841406301828, "official_fused": {"mAP": 83.48555155201771, "Rank-1": 96.0932970046997, "Rank-5": 96.73469662666321, "Rank-10": 97.02624082565308}}
{"event": "epoch", "dataset": "RGBNT100", "recipe": "native", "epoch": 29, "steps": 63, "mean_loss": 1.0893835737591697, "seconds": 65.80344237497775, "official_fused": {"mAP": 83.26656788929483, "Rank-1": 95.56851387023926, "Rank-5": 96.32652997970581, "Rank-10": 96.96792960166931}}
{"event": "epoch", "dataset": "RGBNT100", "recipe": "native", "epoch": 30, "steps": 62, "mean_loss": 1.086310209766511, "seconds": 65.03624728799332, "official_fused": {"mAP": 83.05339117612988, "Rank-1": 95.56851387023926, "Rank-5": 96.44314646720886, "Rank-10": 97.20116853713989}}
{"event": "epoch", "dataset": "RGBNT100", "recipe": "native", "epoch": 31, "steps": 62, "mean_loss": 1.0865469498019065, "seconds": 64.89453445503023, "official_fused": {"mAP": 82.34418611484341, "Rank-1": 95.33527493476868, "Rank-5": 95.80174684524536, "Rank-10": 96.151602268219}}
{"event": "epoch", "dataset": "RGBNT100", "recipe": "native", "epoch": 32, "steps": 62, "mean_loss": 1.085101144929086, "seconds": 64.67519255698426, "official_fused": {"mAP": 82.71327461540523, "Rank-1": 95.74344158172607, "Rank-5": 96.32652997970581, "Rank-10": 96.61807417869568}}
{"event": "epoch", "dataset": "RGBNT100", "recipe": "native", "epoch": 33, "steps": 63, "mean_loss": 1.0831183460023668, "seconds": 66.11051528598182, "official_fused": {"mAP": 82.99212440727464, "Rank-1": 95.68513035774231, "Rank-5": 96.38484120368958, "Rank-10": 96.96792960166931}}
{"event": "epoch", "dataset": "RGBNT100", "recipe": "native", "epoch": 34, "steps": 62, "mean_loss": 1.0827389128746525, "seconds": 65.13875527505297, "official_fused": {"mAP": 82.6838184602673, "Rank-1": 95.97667455673218, "Rank-5": 96.73469662666321, "Rank-10": 96.85131311416626}}
{"event": "epoch", "dataset": "RGBNT100", "recipe": "native", "epoch": 35, "steps": 63, "mean_loss": 1.0825506543356276, "seconds": 66.26521101099206, "official_fused": {"mAP": 82.88619521885815, "Rank-1": 95.91836929321289, "Rank-5": 96.61807417869568, "Rank-10": 96.96792960166931}}
{"event": "epoch", "dataset": "RGBNT100", "recipe": "native", "epoch": 36, "steps": 62, "mean_loss": 1.0863990149190348, "seconds": 65.19459208799526, "official_fused": {"mAP": 83.04966700287488, "Rank-1": 96.03498578071594, "Rank-5": 96.67638540267944, "Rank-10": 97.08454608917236}}
{"event": "epoch", "dataset": "RGBNT100", "recipe": "native", "epoch": 37, "steps": 63, "mean_loss": 1.0821181649253482, "seconds": 66.14598322898382, "official_fused": {"mAP": 82.66416505332272, "Rank-1": 95.56851387023926, "Rank-5": 96.67638540267944, "Rank-10": 97.25947380065918}}
{"event": "epoch", "dataset": "RGBNT100", "recipe": "native", "epoch": 38, "steps": 63, "mean_loss": 1.0804419631049746, "seconds": 65.55358408903703, "official_fused": {"mAP": 82.75592297722255, "Rank-1": 95.68513035774231, "Rank-5": 96.50145769119263, "Rank-10": 96.67638540267944}}
{"event": "epoch", "dataset": "RGBNT100", "recipe": "native", "epoch": 39, "steps": 63, "mean_loss": 1.0815979393701705, "seconds": 65.88815749896457, "official_fused": {"mAP": 82.78298312889066, "Rank-1": 95.56851387023926, "Rank-5": 96.32652997970581, "Rank-10": 96.73469662666321}}
{"event": "epoch", "dataset": "RGBNT100", "recipe": "native", "epoch": 40, "steps": 62, "mean_loss": 1.0805031099627096, "seconds": 65.40082037600223, "official_fused": {"mAP": 82.82617723379407, "Rank-1": 95.5102026462555, "Rank-5": 96.26821875572205, "Rank-10": 96.85131311416626}}
{"event": "epoch", "dataset": "RGBNT100", "recipe": "native", "epoch": 41, "steps": 63, "mean_loss": 1.0801012989074465, "seconds": 65.72368978301529, "official_fused": {"mAP": 82.89452672143352, "Rank-1": 95.62682509422302, "Rank-5": 96.32652997970581, "Rank-10": 96.55976891517639}}
{"event": "epoch", "dataset": "RGBNT100", "recipe": "native", "epoch": 42, "steps": 63, "mean_loss": 1.0795502416671268, "seconds": 66.32768422900699, "official_fused": {"mAP": 82.88794702919485, "Rank-1": 95.74344158172607, "Rank-5": 96.32652997970581, "Rank-10": 96.67638540267944}}
{"event": "epoch", "dataset": "RGBNT100", "recipe": "native", "epoch": 43, "steps": 62, "mean_loss": 1.0794221220477935, "seconds": 65.21339525596704, "official_fused": {"mAP": 82.90203640604017, "Rank-1": 95.80174684524536, "Rank-5": 96.38484120368958, "Rank-10": 96.90961837768555}}
{"event": "epoch", "dataset": "RGBNT100", "recipe": "native", "epoch": 44, "steps": 62, "mean_loss": 1.078806927127223, "seconds": 65.28737097000703, "official_fused": {"mAP": 82.8708826846244, "Rank-1": 95.68513035774231, "Rank-5": 96.50145769119263, "Rank-10": 96.73469662666321}}
{"event": "epoch", "dataset": "RGBNT100", "recipe": "native", "epoch": 45, "steps": 62, "mean_loss": 1.0794776312766536, "seconds": 65.08778369397623, "official_fused": {"mAP": 82.89711170856529, "Rank-1": 95.4518973827362, "Rank-5": 96.50145769119263, "Rank-10": 96.67638540267944}}
{"event": "epoch", "dataset": "RGBNT100", "recipe": "native", "epoch": 46, "steps": 63, "mean_loss": 1.078644835759723, "seconds": 66.18999491201248, "official_fused": {"mAP": 83.09118821951402, "Rank-1": 95.5102026462555, "Rank-5": 96.50145769119263, "Rank-10": 96.96792960166931}}
{"event": "epoch", "dataset": "RGBNT100", "recipe": "native", "epoch": 47, "steps": 62, "mean_loss": 1.0787549211132912, "seconds": 65.11407517798943, "official_fused": {"mAP": 82.99479471057151, "Rank-1": 95.91836929321289, "Rank-5": 96.50145769119263, "Rank-10": 96.7930018901825}}
{"event": "epoch", "dataset": "RGBNT100", "recipe": "native", "epoch": 48, "steps": 63, "mean_loss": 1.078234042440142, "seconds": 66.09194661903894, "official_fused": {"mAP": 82.82087577462843, "Rank-1": 95.74344158172607, "Rank-5": 96.50145769119263, "Rank-10": 96.90961837768555}}
{"event": "epoch", "dataset": "RGBNT100", "recipe": "native", "epoch": 49, "steps": 63, "mean_loss": 1.0784101921414573, "seconds": 66.41609956900356, "official_fused": {"mAP": 82.8049502230925, "Rank-1": 95.86005806922913, "Rank-5": 96.73469662666321, "Rank-10": 96.7930018901825}}
{"event": "epoch", "dataset": "RGBNT100", "recipe": "native", "epoch": 50, "steps": 62, "mean_loss": 1.0781394993105242, "seconds": 64.89559734100476, "official_fused": {"mAP": 82.71251754305415, "Rank-1": 95.86005806922913, "Rank-5": 96.67638540267944, "Rank-10": 96.85131311416626}}
