/data/gaob/Re-ID/conda-envs/tri_reid/lib/python3.10/site-packages/timm/models/helpers.py:7: FutureWarning: Importing from timm.models.helpers is deprecated, please import via timm.models
  warnings.warn(f"Importing from {__name__} is deprecated, please import via timm.models", FutureWarning)
/data/gaob/Re-ID/conda-envs/tri_reid/lib/python3.10/site-packages/timm/models/registry.py:4: FutureWarning: Importing from timm.models.registry is deprecated, please import via timm.models
  warnings.warn(f"Importing from {__name__} is deprecated, please import via timm.models", FutureWarning)
/data/gaob/Re-ID/conda-envs/tri_reid/lib/python3.10/site-packages/timm/models/layers/__init__.py:48: FutureWarning: Importing from timm.models.layers is deprecated, please import via timm.layers
  warnings.warn(f"Importing from {__name__} is deprecated, please import via timm.layers", FutureWarning)
建立transformer............
using Transformer_type: ViT-B-16 as a backbone
Resized position embedding: %s to %s torch.Size([197, 768]) torch.Size([129, 768])
Position embedding resize to height:8 width: 16
Successfully load ckpt!
<All keys matched successfully>
Loading pretrained model from CLIP
camera number is : 8
===========Building Signal===========
{"event": "epoch", "dataset": "RGBNT100", "recipe": "normalized", "epoch": 1, "steps": 130, "mean_loss": 3.5314979571562546, "seconds": 58.07329143298557, "official_fused": {"mAP": 57.2325693055219, "Rank-1": 80.46647310256958, "Rank-5": 85.30611991882324, "Rank-10": 88.16326260566711}}
{"event": "epoch", "dataset": "RGBNT100", "recipe": "normalized", "epoch": 2, "steps": 131, "mean_loss": 1.5025880969207706, "seconds": 57.83032025702414, "official_fused": {"mAP": 76.57275518251285, "Rank-1": 93.00291538238525, "Rank-5": 94.46064233779907, "Rank-10": 95.27696967124939}}
{"event": "epoch", "dataset": "RGBNT100", "recipe": "normalized", "epoch": 3, "steps": 132, "mean_loss": 0.8404667120088231, "seconds": 58.08206474300823, "official_fused": {"mAP": 75.88873022770119, "Rank-1": 93.06122660636902, "Rank-5": 94.63557004928589, "Rank-10": 95.04373073577881}}
{"event": "epoch", "dataset": "RGBNT100", "recipe": "normalized", "epoch": 4, "steps": 131, "mean_loss": 0.765869539657622, "seconds": 57.798166793974815, "official_fused": {"mAP": 76.29087854454747, "Rank-1": 92.30320453643799, "Rank-5": 93.5276985168457, "Rank-10": 94.75218653678894}}
{"event": "epoch", "dataset": "RGBNT100", "recipe": "normalized", "epoch": 5, "steps": 132, "mean_loss": 0.744453210270766, "seconds": 58.30103560700081, "official_fused": {"mAP": 76.0696667146169, "Rank-1": 92.71137118339539, "Rank-5": 93.81924271583557, "Rank-10": 95.10204195976257}}
{"event": "epoch", "dataset": "RGBNT100", "recipe": "normalized", "epoch": 6, "steps": 131, "mean_loss": 0.7298845043619171, "seconds": 57.92331445697346, "official_fused": {"mAP": 75.16123700689123, "Rank-1": 93.35277080535889, "Rank-5": 94.40233111381531, "Rank-10": 94.98542547225952}}
{"event": "epoch", "dataset": "RGBNT100", "recipe": "normalized", "epoch": 7, "steps": 132, "mean_loss": 0.7233979945833032, "seconds": 58.146077546000015, "official_fused": {"mAP": 75.5299206657563, "Rank-1": 94.11078691482544, "Rank-5": 95.68513035774231, "Rank-10": 96.20991349220276}}
{"event": "epoch", "dataset": "RGBNT100", "recipe": "normalized", "epoch": 8, "steps": 131, "mean_loss": 0.719659160566694, "seconds": 57.74789808798232, "official_fused": {"mAP": 76.6214640602362, "Rank-1": 93.41107606887817, "Rank-5": 95.21865844726562, "Rank-10": 96.32652997970581}}
{"event": "epoch", "dataset": "RGBNT100", "recipe": "normalized", "epoch": 9, "steps": 130, "mean_loss": 0.7155588663541353, "seconds": 57.49006618899875, "official_fused": {"mAP": 75.61225931824444, "Rank-1": 92.94460415840149, "Rank-5": 94.46064233779907, "Rank-10": 95.56851387023926}}
{"event": "epoch", "dataset": "RGBNT100", "recipe": "normalized", "epoch": 10, "steps": 132, "mean_loss": 0.7191792577505112, "seconds": 58.405482046015095, "official_fused": {"mAP": 76.91553040289078, "Rank-1": 95.33527493476868, "Rank-5": 96.44314646720886, "Rank-10": 96.7930018901825}}
{"event": "epoch", "dataset": "RGBNT100", "recipe": "normalized", "epoch": 11, "steps": 131, "mean_loss": 0.7133875443735196, "seconds": 57.75447415400413, "official_fused": {"mAP": 77.14797381449938, "Rank-1": 93.99417042732239, "Rank-5": 95.16034722328186, "Rank-10": 95.74344158172607}}
{"event": "epoch", "dataset": "RGBNT100", "recipe": "normalized", "epoch": 12, "steps": 131, "mean_loss": 0.7117553385159442, "seconds": 57.66232335800305, "official_fused": {"mAP": 77.58429184381957, "Rank-1": 94.1690981388092, "Rank-5": 95.33527493476868, "Rank-10": 95.86005806922913}}
{"event": "epoch", "dataset": "RGBNT100", "recipe": "normalized", "epoch": 13, "steps": 131, "mean_loss": 0.7108904209755759, "seconds": 57.708451339975, "official_fused": {"mAP": 77.502974439118, "Rank-1": 93.87755393981934, "Rank-5": 94.98542547225952, "Rank-10": 95.86005806922913}}
{"event": "epoch", "dataset": "RGBNT100", "recipe": "normalized", "epoch": 14, "steps": 132, "mean_loss": 0.7105128480629488, "seconds": 58.37111839398858, "official_fused": {"mAP": 77.56815937267285, "Rank-1": 94.86880302429199, "Rank-5": 95.86005806922913, "Rank-10": 96.38484120368958}}
{"event": "epoch", "dataset": "RGBNT100", "recipe": "normalized", "epoch": 15, "steps": 129, "mean_loss": 0.7100953875586044, "seconds": 57.16302132999408, "official_fused": {"mAP": 77.50424938332205, "Rank-1": 94.05247569084167, "Rank-5": 95.27696967124939, "Rank-10": 95.74344158172607}}
{"event": "epoch", "dataset": "RGBNT100", "recipe": "normalized", "epoch": 16, "steps": 131, "mean_loss": 0.7098520175191282, "seconds": 58.45095825500903, "official_fused": {"mAP": 77.4650173726225, "Rank-1": 93.87755393981934, "Rank-5": 94.92711424827576, "Rank-10": 95.56851387023926}}
{"event": "epoch", "dataset": "RGBNT100", "recipe": "normalized", "epoch": 17, "steps": 132, "mean_loss": 0.7095868853908597, "seconds": 58.77358866299619, "official_fused": {"mAP": 76.67787867947892, "Rank-1": 93.46938729286194, "Rank-5": 94.46064233779907, "Rank-10": 95.04373073577881}}
{"event": "epoch", "dataset": "RGBNT100", "recipe": "normalized", "epoch": 18, "steps": 132, "mean_loss": 0.7095848719278971, "seconds": 57.95290209600353, "official_fused": {"mAP": 76.84253912522328, "Rank-1": 92.82798767089844, "Rank-5": 93.99417042732239, "Rank-10": 94.63557004928589}}
{"event": "epoch", "dataset": "RGBNT100", "recipe": "normalized", "epoch": 19, "steps": 132, "mean_loss": 0.708901385917808, "seconds": 58.10314376000315, "official_fused": {"mAP": 77.35318921922261, "Rank-1": 93.87755393981934, "Rank-5": 94.98542547225952, "Rank-10": 95.5102026462555}}
{"event": "epoch", "dataset": "RGBNT100", "recipe": "normalized", "epoch": 20, "steps": 132, "mean_loss": 0.7092042845306974, "seconds": 58.28421390999574, "official_fused": {"mAP": 77.41174042999673, "Rank-1": 92.94460415840149, "Rank-5": 94.34402585029602, "Rank-10": 95.10204195976257}}
{"event": "epoch", "dataset": "RGBNT100", "recipe": "normalized", "epoch": 21, "steps": 131, "mean_loss": 0.709292269390048, "seconds": 57.91247251498862, "official_fused": {"mAP": 76.98129818440881, "Rank-1": 92.94460415840149, "Rank-5": 93.81924271583557, "Rank-10": 94.51894760131836}}
{"event": "epoch", "dataset": "RGBNT100", "recipe": "normalized", "epoch": 22, "steps": 132, "mean_loss": 0.7085325257344679, "seconds": 57.982750580995344, "official_fused": {"mAP": 77.01628472351365, "Rank-1": 92.41982698440552, "Rank-5": 93.70262622833252, "Rank-10": 94.28571462631226}}
{"event": "epoch", "dataset": "RGBNT100", "recipe": "normalized", "epoch": 23, "steps": 131, "mean_loss": 0.7087100789747165, "seconds": 57.54402180397301, "official_fused": {"mAP": 76.4200096973171, "Rank-1": 92.30320453643799, "Rank-5": 93.35277080535889, "Rank-10": 93.64431500434875}}
{"event": "epoch", "dataset": "RGBNT100", "recipe": "normalized", "epoch": 24, "steps": 130, "mean_loss": 0.7092760494122139, "seconds": 57.32729772399762, "official_fused": {"mAP": 74.59367564216394, "Rank-1": 91.42857193946838, "Rank-5": 92.59475469589233, "Rank-10": 93.5276985168457}}
{"event": "epoch", "dataset": "RGBNT100", "recipe": "normalized", "epoch": 25, "steps": 132, "mean_loss": 0.7090567553585226, "seconds": 58.16455489999498, "official_fused": {"mAP": 76.78158639997434, "Rank-1": 93.06122660636902, "Rank-5": 94.40233111381531, "Rank-10": 95.10204195976257}}
{"event": "epoch", "dataset": "RGBNT100", "recipe": "normalized", "epoch": 26, "steps": 131, "mean_loss": 0.7083558221809737, "seconds": 57.78034141397802, "official_fused": {"mAP": 76.84167481166325, "Rank-1": 92.94460415840149, "Rank-5": 93.87755393981934, "Rank-10": 94.57725882530212}}
{"event": "epoch", "dataset": "RGBNT100", "recipe": "normalized", "epoch": 27, "steps": 131, "mean_loss": 0.7080846856568606, "seconds": 57.8565445090062, "official_fused": {"mAP": 76.82878068210246, "Rank-1": 92.94460415840149, "Rank-5": 94.28571462631226, "Rank-10": 94.51894760131836}}
{"event": "epoch", "dataset": "RGBNT100", "recipe": "normalized", "epoch": 28, "steps": 130, "mean_loss": 0.7083686952407543, "seconds": 57.317719444981776, "official_fused": {"mAP": 76.93173554675022, "Rank-1": 92.59475469589233, "Rank-5": 93.81924271583557, "Rank-10": 94.46064233779907}}
{"event": "epoch", "dataset": "RGBNT100", "recipe": "normalized", "epoch": 29, "steps": 131, "mean_loss": 0.7079313775055281, "seconds": 57.708524177985964, "official_fused": {"mAP": 77.13561330397319, "Rank-1": 92.94460415840149, "Rank-5": 94.11078691482544, "Rank-10": 94.63557004928589}}
{"event": "epoch", "dataset": "RGBNT100", "recipe": "normalized", "epoch": 30, "steps": 132, "mean_loss": 0.7078452756007513, "seconds": 58.24898867600132, "official_fused": {"mAP": 76.93310938426447, "Rank-1": 92.8862988948822, "Rank-5": 93.93585920333862, "Rank-10": 94.63557004928589}}
{"event": "epoch", "dataset": "RGBNT100", "recipe": "normalized", "epoch": 31, "steps": 131, "mean_loss": 0.7077784342620209, "seconds": 57.298220649012364, "official_fused": {"mAP": 76.66223542059963, "Rank-1": 92.4781322479248, "Rank-5": 93.93585920333862, "Rank-10": 94.57725882530212}}
{"event": "epoch", "dataset": "RGBNT100", "recipe": "normalized", "epoch": 32, "steps": 131, "mean_loss": 0.7076017178651941, "seconds": 57.05252754999674, "official_fused": {"mAP": 77.12520599127966, "Rank-1": 92.71137118339539, "Rank-5": 93.7609314918518, "Rank-10": 94.40233111381531}}
{"event": "epoch", "dataset": "RGBNT100", "recipe": "normalized", "epoch": 33, "steps": 131, "mean_loss": 0.707348381289999, "seconds": 56.95534830898396, "official_fused": {"mAP": 76.96837587151776, "Rank-1": 92.82798767089844, "Rank-5": 94.40233111381531, "Rank-10": 94.63557004928589}}
{"event": "epoch", "dataset": "RGBNT100", "recipe": "normalized", "epoch": 34, "steps": 132, "mean_loss": 0.7072918383461057, "seconds": 57.52802764897933, "official_fused": {"mAP": 77.12190367132914, "Rank-1": 92.8862988948822, "Rank-5": 93.41107606887817, "Rank-10": 94.51894760131836}}
{"event": "epoch", "dataset": "RGBNT100", "recipe": "normalized", "epoch": 35, "steps": 132, "mean_loss": 0.7071918646494547, "seconds": 57.65479400602635, "official_fused": {"mAP": 77.21765363326215, "Rank-1": 92.65305995941162, "Rank-5": 93.99417042732239, "Rank-10": 94.75218653678894}}
{"event": "epoch", "dataset": "RGBNT100", "recipe": "normalized", "epoch": 36, "steps": 130, "mean_loss": 0.7071396098687098, "seconds": 56.75346095999703, "official_fused": {"mAP": 77.2629715944322, "Rank-1": 92.71137118339539, "Rank-5": 94.22740340232849, "Rank-10": 94.86880302429199}}
{"event": "epoch", "dataset": "RGBNT100", "recipe": "normalized", "epoch": 37, "steps": 131, "mean_loss": 0.70704117167087, "seconds": 57.156395711994264, "official_fused": {"mAP": 76.98583705456589, "Rank-1": 92.41982698440552, "Rank-5": 93.46938729286194, "Rank-10": 94.34402585029602}}
{"event": "epoch", "dataset": "RGBNT100", "recipe": "normalized", "epoch": 38, "steps": 132, "mean_loss": 0.7070122297966119, "seconds": 57.50728838299983, "official_fused": {"mAP": 77.1676310598692, "Rank-1": 92.71137118339539, "Rank-5": 94.28571462631226, "Rank-10": 94.8104977607727}}
{"event": "epoch", "dataset": "RGBNT100", "recipe": "normalized", "epoch": 39, "steps": 130, "mean_loss": 0.7075682121973771, "seconds": 56.634275919001084, "official_fused": {"mAP": 77.11714596692372, "Rank-1": 92.82798767089844, "Rank-5": 93.81924271583557, "Rank-10": 94.51894760131836}}
{"event": "epoch", "dataset": "RGBNT100", "recipe": "normalized", "epoch": 40, "steps": 131, "mean_loss": 0.7070071979333427, "seconds": 57.08218271000078, "official_fused": {"mAP": 76.82607528090001, "Rank-1": 92.12828278541565, "Rank-5": 93.41107606887817, "Rank-10": 94.1690981388092}}
{"event": "epoch", "dataset": "RGBNT100", "recipe": "normalized", "epoch": 41, "steps": 131, "mean_loss": 0.706961146747793, "seconds": 57.15295750100631, "official_fused": {"mAP": 77.20256519178672, "Rank-1": 92.53644347190857, "Rank-5": 93.87755393981934, "Rank-10": 94.63557004928589}}
{"event": "epoch", "dataset": "RGBNT100", "recipe": "normalized", "epoch": 42, "steps": 132, "mean_loss": 0.7068726068193262, "seconds": 57.54802587500308, "official_fused": {"mAP": 77.17083019568985, "Rank-1": 92.82798767089844, "Rank-5": 93.58600378036499, "Rank-10": 94.57725882530212}}
{"event": "epoch", "dataset": "RGBNT100", "recipe": "normalized", "epoch": 43, "steps": 131, "mean_loss": 0.706839240689314, "seconds": 57.06070571500459, "official_fused": {"mAP": 77.32996036363056, "Rank-1": 92.53644347190857, "Rank-5": 93.70262622833252, "Rank-10": 94.46064233779907}}
{"event": "epoch", "dataset": "RGBNT100", "recipe": "normalized", "epoch": 44, "steps": 131, "mean_loss": 0.706809108038895, "seconds": 57.085026298998855, "official_fused": {"mAP": 77.32025024352119, "Rank-1": 92.59475469589233, "Rank-5": 93.93585920333862, "Rank-10": 94.69387531280518}}
{"event": "epoch", "dataset": "RGBNT100", "recipe": "normalized", "epoch": 45, "steps": 132, "mean_loss": 0.7068823752078143, "seconds": 57.488205471017864, "official_fused": {"mAP": 77.46489482910889, "Rank-1": 92.76967644691467, "Rank-5": 93.81924271583557, "Rank-10": 94.28571462631226}}
{"event": "epoch", "dataset": "RGBNT100", "recipe": "normalized", "epoch": 46, "steps": 132, "mean_loss": 0.7067716993165739, "seconds": 57.46200734900776, "official_fused": {"mAP": 77.35850352608752, "Rank-1": 92.59475469589233, "Rank-5": 93.64431500434875, "Rank-10": 94.46064233779907}}
{"event": "epoch", "dataset": "RGBNT100", "recipe": "normalized", "epoch": 47, "steps": 131, "mean_loss": 0.7067688476038343, "seconds": 57.10547838700586, "official_fused": {"mAP": 77.45265751687977, "Rank-1": 92.4781322479248, "Rank-5": 93.81924271583557, "Rank-10": 94.40233111381531}}
{"event": "epoch", "dataset": "RGBNT100", "recipe": "normalized", "epoch": 48, "steps": 130, "mean_loss": 0.7068002737485446, "seconds": 56.661608328984585, "official_fused": {"mAP": 77.37279271960685, "Rank-1": 92.36151576042175, "Rank-5": 93.70262622833252, "Rank-10": 94.40233111381531}}
{"event": "epoch", "dataset": "RGBNT100", "recipe": "normalized", "epoch": 49, "steps": 132, "mean_loss": 0.7067540030587803, "seconds": 57.39633553798194, "official_fused": {"mAP": 77.38692066269739, "Rank-1": 92.30320453643799, "Rank-5": 93.5276985168457, "Rank-10": 94.46064233779907}}
{"event": "epoch", "dataset": "RGBNT100", "recipe": "normalized", "epoch": 50, "steps": 130, "mean_loss": 0.706754593207286, "seconds": 56.69528054699185, "official_fused": {"mAP": 77.38842353535256, "Rank-1": 92.36151576042175, "Rank-5": 93.5276985168457, "Rank-10": 94.40233111381531}}
