/data/gaob/Re-ID/conda-envs/tri_reid/lib/python3.10/site-packages/timm/models/helpers.py:7: FutureWarning: Importing from timm.models.helpers is deprecated, please import via timm.models
  warnings.warn(f"Importing from {__name__} is deprecated, please import via timm.models", FutureWarning)
/data/gaob/Re-ID/conda-envs/tri_reid/lib/python3.10/site-packages/timm/models/registry.py:4: FutureWarning: Importing from timm.models.registry is deprecated, please import via timm.models
  warnings.warn(f"Importing from {__name__} is deprecated, please import via timm.models", FutureWarning)
/data/gaob/Re-ID/conda-envs/tri_reid/lib/python3.10/site-packages/timm/models/layers/__init__.py:48: FutureWarning: Importing from timm.models.layers is deprecated, please import via timm.layers
  warnings.warn(f"Importing from {__name__} is deprecated, please import via timm.layers", FutureWarning)
建立transformer............
using Transformer_type: ViT-B-16 as a backbone
Resized position embedding: %s to %s torch.Size([197, 768]) torch.Size([129, 768])
Position embedding resize to height:16 width: 8
Successfully load ckpt!
<All keys matched successfully>
Loading pretrained model from CLIP
camera number is : 4
===========Building Signal===========
using soft triplet loss for training
label smooth on, numclasses: 171
{"event": "epoch", "dataset": "RGBNT201", "recipe": "semantic", "epoch": 1, "steps": 53, "mean_loss": 2.068761987506219, "seconds": 33.649558586999774, "official_fused": {"mAP": 26.25964565153217, "Rank-1": 23.32535833120346, "Rank-5": 38.87559771537781, "Rank-10": 50.35884976387024}}
{"event": "epoch", "dataset": "RGBNT201", "recipe": "semantic", "epoch": 2, "steps": 53, "mean_loss": 1.6023214223249904, "seconds": 32.71290833200328, "official_fused": {"mAP": 57.1380551752245, "Rank-1": 59.33014154434204, "Rank-5": 72.36841917037964, "Rank-10": 80.86124658584595}}
{"event": "epoch", "dataset": "RGBNT201", "recipe": "semantic", "epoch": 3, "steps": 53, "mean_loss": 1.1818137573746015, "seconds": 32.81946029601386, "official_fused": {"mAP": 60.87895986947357, "Rank-1": 65.66985845565796, "Rank-5": 77.63158082962036, "Rank-10": 84.33014154434204}}
{"event": "epoch", "dataset": "RGBNT201", "recipe": "semantic", "epoch": 4, "steps": 53, "mean_loss": 0.8632763264314184, "seconds": 32.6876630759798, "official_fused": {"mAP": 65.00869388793093, "Rank-1": 69.97607946395874, "Rank-5": 82.0574164390564, "Rank-10": 87.08133697509766}}
{"event": "epoch", "dataset": "RGBNT201", "recipe": "semantic", "epoch": 5, "steps": 53, "mean_loss": 0.6685103279239727, "seconds": 32.995790057000704, "official_fused": {"mAP": 62.451042569757895, "Rank-1": 64.23444747924805, "Rank-5": 75.83732008934021, "Rank-10": 81.10047578811646}}
{"event": "epoch", "dataset": "RGBNT201", "recipe": "semantic", "epoch": 6, "steps": 53, "mean_loss": 0.4060792287565627, "seconds": 32.80001969297882, "official_fused": {"mAP": 68.35576927196959, "Rank-1": 70.45454382896423, "Rank-5": 82.0574164390564, "Rank-10": 86.84210777282715}}
{"event": "epoch", "dataset": "RGBNT201", "recipe": "semantic", "epoch": 7, "steps": 53, "mean_loss": 0.2995766125759988, "seconds": 33.038910913979635, "official_fused": {"mAP": 71.84038230813503, "Rank-1": 77.03348994255066, "Rank-5": 84.44976210594177, "Rank-10": 88.63636255264282}}
{"event": "epoch", "dataset": "RGBNT201", "recipe": "semantic", "epoch": 8, "steps": 53, "mean_loss": 0.2767158358726861, "seconds": 31.292072509007994, "official_fused": {"mAP": 71.09048315773721, "Rank-1": 75.35884976387024, "Rank-5": 84.33014154434204, "Rank-10": 88.27751278877258}}
{"event": "epoch", "dataset": "RGBNT201", "recipe": "semantic", "epoch": 9, "steps": 53, "mean_loss": 0.25638159125481014, "seconds": 32.56814998801565, "official_fused": {"mAP": 71.36666853012302, "Rank-1": 75.59808492660522, "Rank-5": 84.21052694320679, "Rank-10": 88.87559771537781}}
{"event": "epoch", "dataset": "RGBNT201", "recipe": "semantic", "epoch": 10, "steps": 53, "mean_loss": 0.2551574231881016, "seconds": 32.68968921195483, "official_fused": {"mAP": 69.12448891685725, "Rank-1": 73.44497442245483, "Rank-5": 82.29665160179138, "Rank-10": 86.48325204849243}}
{"event": "epoch", "dataset": "RGBNT201", "recipe": "semantic", "epoch": 11, "steps": 53, "mean_loss": 0.24807865748990257, "seconds": 32.7321165210451, "official_fused": {"mAP": 69.48929028677411, "Rank-1": 74.04305934906006, "Rank-5": 82.17703104019165, "Rank-10": 86.9617223739624}}
{"event": "epoch", "dataset": "RGBNT201", "recipe": "semantic", "epoch": 12, "steps": 53, "mean_loss": 0.25297179930614977, "seconds": 32.952887882012874, "official_fused": {"mAP": 71.12247046487357, "Rank-1": 77.39234566688538, "Rank-5": 84.92823243141174, "Rank-10": 88.99521827697754}}
{"event": "epoch", "dataset": "RGBNT201", "recipe": "semantic", "epoch": 13, "steps": 53, "mean_loss": 0.24604829920912688, "seconds": 32.963039244001266, "official_fused": {"mAP": 70.9272923999045, "Rank-1": 77.03348994255066, "Rank-5": 83.85167717933655, "Rank-10": 88.39712738990784}}
{"event": "epoch", "dataset": "RGBNT201", "recipe": "semantic", "epoch": 14, "steps": 53, "mean_loss": 0.2450179505460667, "seconds": 32.66353285399964, "official_fused": {"mAP": 70.55725155592202, "Rank-1": 77.03348994255066, "Rank-5": 84.33014154434204, "Rank-10": 88.39712738990784}}
{"event": "epoch", "dataset": "RGBNT201", "recipe": "semantic", "epoch": 15, "steps": 53, "mean_loss": 0.24153698812115867, "seconds": 31.328424657986034, "official_fused": {"mAP": 70.6706077500111, "Rank-1": 76.31579041481018, "Rank-5": 84.44976210594177, "Rank-10": 88.51674795150757}}
{"event": "epoch", "dataset": "RGBNT201", "recipe": "semantic", "epoch": 16, "steps": 53, "mean_loss": 0.2445257339837416, "seconds": 32.77304235199699, "official_fused": {"mAP": 70.56617520553516, "Rank-1": 74.52152967453003, "Rank-5": 83.13397169113159, "Rank-10": 89.35406804084778}}
{"event": "epoch", "dataset": "RGBNT201", "recipe": "semantic", "epoch": 17, "steps": 53, "mean_loss": 0.24064406358970786, "seconds": 32.67608860699693, "official_fused": {"mAP": 70.84778538408146, "Rank-1": 74.64115023612976, "Rank-5": 83.85167717933655, "Rank-10": 88.51674795150757}}
{"event": "epoch", "dataset": "RGBNT201", "recipe": "semantic", "epoch": 18, "steps": 53, "mean_loss": 0.2379128727710472, "seconds": 32.73050484195119, "official_fused": {"mAP": 72.77980952045851, "Rank-1": 76.9138753414154, "Rank-5": 84.92823243141174, "Rank-10": 89.23444747924805}}
{"event": "epoch", "dataset": "RGBNT201", "recipe": "semantic", "epoch": 19, "steps": 53, "mean_loss": 0.2464246873585683, "seconds": 31.472233608015813, "official_fused": {"mAP": 70.75485002227198, "Rank-1": 73.80383014678955, "Rank-5": 83.49282145500183, "Rank-10": 88.75598311424255}}
{"event": "epoch", "dataset": "RGBNT201", "recipe": "semantic", "epoch": 20, "steps": 53, "mean_loss": 0.23769828958331413, "seconds": 32.58279824099736, "official_fused": {"mAP": 70.6707828738518, "Rank-1": 74.04305934906006, "Rank-5": 84.21052694320679, "Rank-10": 88.15789222717285}}
{"event": "epoch", "dataset": "RGBNT201", "recipe": "semantic", "epoch": 21, "steps": 53, "mean_loss": 0.2371153544704869, "seconds": 32.406430754985195, "official_fused": {"mAP": 70.11408461926237, "Rank-1": 72.84688949584961, "Rank-5": 83.37320685386658, "Rank-10": 87.79904246330261}}
{"event": "epoch", "dataset": "RGBNT201", "recipe": "semantic", "epoch": 22, "steps": 53, "mean_loss": 0.23602419557436458, "seconds": 32.7336242540041, "official_fused": {"mAP": 70.35694653749182, "Rank-1": 73.0861246585846, "Rank-5": 82.65550136566162, "Rank-10": 88.63636255264282}}
{"event": "epoch", "dataset": "RGBNT201", "recipe": "semantic", "epoch": 23, "steps": 53, "mean_loss": 0.23522258451524772, "seconds": 33.02598857798148, "official_fused": {"mAP": 69.98304581977399, "Rank-1": 75.0, "Rank-5": 82.17703104019165, "Rank-10": 87.20095753669739}}
{"event": "epoch", "dataset": "RGBNT201", "recipe": "semantic", "epoch": 24, "steps": 53, "mean_loss": 0.2333591456683177, "seconds": 31.415038474020548, "official_fused": {"mAP": 70.4936548229815, "Rank-1": 75.47847032546997, "Rank-5": 82.65550136566162, "Rank-10": 87.79904246330261}}
{"event": "epoch", "dataset": "RGBNT201", "recipe": "semantic", "epoch": 25, "steps": 53, "mean_loss": 0.2321937455321258, "seconds": 32.7921035119798, "official_fused": {"mAP": 71.44004772547939, "Rank-1": 75.71770548820496, "Rank-5": 83.85167717933655, "Rank-10": 88.75598311424255}}
{"event": "epoch", "dataset": "RGBNT201", "recipe": "semantic", "epoch": 26, "steps": 53, "mean_loss": 0.23175456838787728, "seconds": 32.796103322994895, "official_fused": {"mAP": 71.20439274479551, "Rank-1": 76.67464017868042, "Rank-5": 83.85167717933655, "Rank-10": 88.75598311424255}}
{"event": "epoch", "dataset": "RGBNT201", "recipe": "semantic", "epoch": 27, "steps": 53, "mean_loss": 0.2303907165549836, "seconds": 32.63378740201006, "official_fused": {"mAP": 72.15399741007606, "Rank-1": 76.55502557754517, "Rank-5": 84.92823243141174, "Rank-10": 89.1148328781128}}
{"event": "epoch", "dataset": "RGBNT201", "recipe": "semantic", "epoch": 28, "steps": 53, "mean_loss": 0.22956367989756027, "seconds": 31.193261409003753, "official_fused": {"mAP": 71.41302826363737, "Rank-1": 75.71770548820496, "Rank-5": 83.85167717933655, "Rank-10": 88.75598311424255}}
{"event": "epoch", "dataset": "RGBNT201", "recipe": "semantic", "epoch": 29, "steps": 53, "mean_loss": 0.2295542407148289, "seconds": 32.904779077041894, "official_fused": {"mAP": 71.26698609063247, "Rank-1": 76.31579041481018, "Rank-5": 83.01435112953186, "Rank-10": 87.32057213783264}}
{"event": "epoch", "dataset": "RGBNT201", "recipe": "semantic", "epoch": 30, "steps": 53, "mean_loss": 0.2291455088921313, "seconds": 32.14306872599991, "official_fused": {"mAP": 71.48957488298514, "Rank-1": 75.83732008934021, "Rank-5": 83.49282145500183, "Rank-10": 87.20095753669739}}
{"event": "epoch", "dataset": "RGBNT201", "recipe": "semantic", "epoch": 31, "steps": 53, "mean_loss": 0.2280655728196198, "seconds": 31.854903238010593, "official_fused": {"mAP": 71.13717985374903, "Rank-1": 76.19616985321045, "Rank-5": 83.13397169113159, "Rank-10": 87.55980730056763}}
{"event": "epoch", "dataset": "RGBNT201", "recipe": "semantic", "epoch": 32, "steps": 53, "mean_loss": 0.22805617974614198, "seconds": 32.225718959001824, "official_fused": {"mAP": 70.99479186840956, "Rank-1": 75.83732008934021, "Rank-5": 83.49282145500183, "Rank-10": 87.20095753669739}}
{"event": "epoch", "dataset": "RGBNT201", "recipe": "semantic", "epoch": 33, "steps": 53, "mean_loss": 0.22785916474630247, "seconds": 32.61959039099747, "official_fused": {"mAP": 70.85150040600433, "Rank-1": 76.19616985321045, "Rank-5": 83.61244201660156, "Rank-10": 86.60287261009216}}
{"event": "epoch", "dataset": "RGBNT201", "recipe": "semantic", "epoch": 34, "steps": 53, "mean_loss": 0.22685172985184868, "seconds": 32.748289457987994, "official_fused": {"mAP": 70.69008371856268, "Rank-1": 76.31579041481018, "Rank-5": 83.61244201660156, "Rank-10": 86.84210777282715}}
{"event": "epoch", "dataset": "RGBNT201", "recipe": "semantic", "epoch": 35, "steps": 53, "mean_loss": 0.227075236304751, "seconds": 33.1533876999747, "official_fused": {"mAP": 70.60761596705301, "Rank-1": 75.47847032546997, "Rank-5": 83.49282145500183, "Rank-10": 86.60287261009216}}
{"event": "epoch", "dataset": "RGBNT201", "recipe": "semantic", "epoch": 36, "steps": 53, "mean_loss": 0.22642310441664928, "seconds": 31.738813312957063, "official_fused": {"mAP": 70.66904625203621, "Rank-1": 75.83732008934021, "Rank-5": 83.49282145500183, "Rank-10": 86.48325204849243}}
{"event": "epoch", "dataset": "RGBNT201", "recipe": "semantic", "epoch": 37, "steps": 53, "mean_loss": 0.22777587456523246, "seconds": 32.122613308019936, "official_fused": {"mAP": 70.05398166980676, "Rank-1": 75.23923516273499, "Rank-5": 83.73205661773682, "Rank-10": 86.36363744735718}}
{"event": "epoch", "dataset": "RGBNT201", "recipe": "semantic", "epoch": 38, "steps": 53, "mean_loss": 0.22786466468055294, "seconds": 31.333564584027044, "official_fused": {"mAP": 70.27343118582532, "Rank-1": 75.83732008934021, "Rank-5": 83.61244201660156, "Rank-10": 86.60287261009216}}
{"event": "epoch", "dataset": "RGBNT201", "recipe": "semantic", "epoch": 39, "steps": 53, "mean_loss": 0.22708216562586012, "seconds": 31.64642374101095, "official_fused": {"mAP": 70.14472296458614, "Rank-1": 74.76076483726501, "Rank-5": 83.37320685386658, "Rank-10": 86.48325204849243}}
{"event": "epoch", "dataset": "RGBNT201", "recipe": "semantic", "epoch": 40, "steps": 53, "mean_loss": 0.2268250359679168, "seconds": 31.815383273991756, "official_fused": {"mAP": 70.2216907304452, "Rank-1": 75.47847032546997, "Rank-5": 83.49282145500183, "Rank-10": 86.24401688575745}}
{"event": "epoch", "dataset": "RGBNT201", "recipe": "semantic", "epoch": 41, "steps": 53, "mean_loss": 0.2270848551448786, "seconds": 31.69828333199257, "official_fused": {"mAP": 70.10813981735639, "Rank-1": 74.88038539886475, "Rank-5": 83.49282145500183, "Rank-10": 86.36363744735718}}
{"event": "epoch", "dataset": "RGBNT201", "recipe": "semantic", "epoch": 42, "steps": 53, "mean_loss": 0.22630057610430807, "seconds": 31.866031140030827, "official_fused": {"mAP": 70.24085387729315, "Rank-1": 75.35884976387024, "Rank-5": 82.65550136566162, "Rank-10": 86.60287261009216}}
{"event": "epoch", "dataset": "RGBNT201", "recipe": "semantic", "epoch": 43, "steps": 53, "mean_loss": 0.2265666922870672, "seconds": 31.893282566976268, "official_fused": {"mAP": 70.14556872537713, "Rank-1": 75.59808492660522, "Rank-5": 82.65550136566162, "Rank-10": 86.72248721122742}}
{"event": "epoch", "dataset": "RGBNT201", "recipe": "semantic", "epoch": 44, "steps": 53, "mean_loss": 0.2262447459517785, "seconds": 31.652481895987876, "official_fused": {"mAP": 70.07606425232582, "Rank-1": 74.76076483726501, "Rank-5": 83.01435112953186, "Rank-10": 86.60287261009216}}
{"event": "epoch", "dataset": "RGBNT201", "recipe": "semantic", "epoch": 45, "steps": 53, "mean_loss": 0.2256704866886139, "seconds": 31.596719359979033, "official_fused": {"mAP": 69.90533699286118, "Rank-1": 75.23923516273499, "Rank-5": 83.13397169113159, "Rank-10": 86.48325204849243}}
{"event": "epoch", "dataset": "RGBNT201", "recipe": "semantic", "epoch": 46, "steps": 52, "mean_loss": 0.22610499394627717, "seconds": 31.346582679019775, "official_fused": {"mAP": 69.93863750937341, "Rank-1": 74.76076483726501, "Rank-5": 82.41626620292664, "Rank-10": 86.36363744735718}}
{"event": "epoch", "dataset": "RGBNT201", "recipe": "semantic", "epoch": 47, "steps": 53, "mean_loss": 0.22531622142161964, "seconds": 31.57304904301418, "official_fused": {"mAP": 69.95690213593588, "Rank-1": 75.0, "Rank-5": 82.17703104019165, "Rank-10": 86.60287261009216}}
{"event": "epoch", "dataset": "RGBNT201", "recipe": "semantic", "epoch": 48, "steps": 53, "mean_loss": 0.22561082778111943, "seconds": 31.83213965903269, "official_fused": {"mAP": 69.97089535706596, "Rank-1": 75.47847032546997, "Rank-5": 82.65550136566162, "Rank-10": 86.72248721122742}}
{"event": "epoch", "dataset": "RGBNT201", "recipe": "semantic", "epoch": 49, "steps": 53, "mean_loss": 0.22560736930595254, "seconds": 31.385573656996712, "official_fused": {"mAP": 70.05644255764962, "Rank-1": 75.47847032546997, "Rank-5": 83.01435112953186, "Rank-10": 86.84210777282715}}
{"event": "epoch", "dataset": "RGBNT201", "recipe": "semantic", "epoch": 50, "steps": 53, "mean_loss": 0.2255186472298964, "seconds": 31.38219375105109, "official_fused": {"mAP": 70.01971621646462, "Rank-1": 75.59808492660522, "Rank-5": 82.65550136566162, "Rank-10": 87.08133697509766}}
