/data/gaob/Re-ID/conda-envs/tri_reid/lib/python3.10/site-packages/timm/models/helpers.py:7: FutureWarning: Importing from timm.models.helpers is deprecated, please import via timm.models
  warnings.warn(f"Importing from {__name__} is deprecated, please import via timm.models", FutureWarning)
/data/gaob/Re-ID/conda-envs/tri_reid/lib/python3.10/site-packages/timm/models/registry.py:4: FutureWarning: Importing from timm.models.registry is deprecated, please import via timm.models
  warnings.warn(f"Importing from {__name__} is deprecated, please import via timm.models", FutureWarning)
/data/gaob/Re-ID/conda-envs/tri_reid/lib/python3.10/site-packages/timm/models/layers/__init__.py:48: FutureWarning: Importing from timm.models.layers is deprecated, please import via timm.layers
  warnings.warn(f"Importing from {__name__} is deprecated, please import via timm.layers", FutureWarning)
建立transformer............
using Transformer_type: ViT-B-16 as a backbone
Resized position embedding: %s to %s torch.Size([197, 768]) torch.Size([129, 768])
Position embedding resize to height:8 width: 16
Successfully load ckpt!
<All keys matched successfully>
Loading pretrained model from CLIP
camera number is : 8
===========Building Signal===========
{"event": "epoch", "dataset": "MSVR310", "epoch": 1, "steps": 20, "mean_loss": 5.294229316711426, "seconds": 13.21908806799911, "official_fused": {"mAP": 43.680607194028134, "Rank-1": 59.72927212715149, "Rank-5": 75.12690424919128, "Rank-10": 83.24872851371765}, "best_epoch": 1}
{"event": "epoch", "dataset": "MSVR310", "epoch": 2, "steps": 20, "mean_loss": 4.994012546539307, "seconds": 10.942304655036423, "official_fused": {"mAP": 47.32047815225523, "Rank-1": 62.944161891937256, "Rank-5": 78.0033826828003, "Rank-10": 84.94077920913696}, "best_epoch": 2}
{"event": "epoch", "dataset": "MSVR310", "epoch": 3, "steps": 20, "mean_loss": 4.470662760734558, "seconds": 10.995891317958012, "official_fused": {"mAP": 49.963430513761764, "Rank-1": 67.17427968978882, "Rank-5": 80.20304441452026, "Rank-10": 86.6328239440918}, "best_epoch": 3}
{"event": "epoch", "dataset": "MSVR310", "epoch": 4, "steps": 20, "mean_loss": 3.7975260496139525, "seconds": 10.786585163965356, "official_fused": {"mAP": 48.03432379828435, "Rank-1": 64.29780125617981, "Rank-5": 78.51099967956543, "Rank-10": 84.09475684165955}, "best_epoch": 3}
{"event": "epoch", "dataset": "MSVR310", "epoch": 5, "steps": 20, "mean_loss": 3.0390515685081483, "seconds": 11.119649563974235, "official_fused": {"mAP": 47.64467897634878, "Rank-1": 63.95938992500305, "Rank-5": 78.34179401397705, "Rank-10": 83.92555117607117}, "best_epoch": 3}
{"event": "epoch", "dataset": "MSVR310", "epoch": 6, "steps": 20, "mean_loss": 2.341342866420746, "seconds": 10.962581139989197, "official_fused": {"mAP": 49.47015925862039, "Rank-1": 64.46700692176819, "Rank-5": 80.37225008010864, "Rank-10": 85.617595911026}, "best_epoch": 3}
{"event": "epoch", "dataset": "MSVR310", "epoch": 7, "steps": 20, "mean_loss": 1.8405065476894378, "seconds": 10.870334393985104, "official_fused": {"mAP": 49.64123536857425, "Rank-1": 65.48223495483398, "Rank-5": 80.03383874893188, "Rank-10": 86.12521290779114}, "best_epoch": 3}
{"event": "epoch", "dataset": "MSVR310", "epoch": 8, "steps": 20, "mean_loss": 1.522401934862137, "seconds": 10.628708612988703, "official_fused": {"mAP": 52.08559179112443, "Rank-1": 67.85110235214233, "Rank-5": 82.06430077552795, "Rank-10": 86.97123527526855}, "best_epoch": 8}
{"event": "epoch", "dataset": "MSVR310", "epoch": 9, "steps": 20, "mean_loss": 1.2550055742263795, "seconds": 10.883382736006752, "official_fused": {"mAP": 51.06733074906982, "Rank-1": 66.83587431907654, "Rank-5": 81.38747811317444, "Rank-10": 86.80202960968018}, "best_epoch": 8}
{"event": "epoch", "dataset": "MSVR310", "epoch": 10, "steps": 20, "mean_loss": 1.1761121094226836, "seconds": 10.883256651984993, "official_fused": {"mAP": 53.19560594673566, "Rank-1": 69.20473575592041, "Rank-5": 84.26395654678345, "Rank-10": 89.3401026725769}, "best_epoch": 10}
{"event": "epoch", "dataset": "MSVR310", "epoch": 11, "steps": 20, "mean_loss": 1.1182466477155686, "seconds": 10.891469192050863, "official_fused": {"mAP": 51.328006531041005, "Rank-1": 68.358713388443, "Rank-5": 81.38747811317444, "Rank-10": 86.6328239440918}, "best_epoch": 10}
{"event": "epoch", "dataset": "MSVR310", "epoch": 12, "steps": 20, "mean_loss": 1.0721094518899918, "seconds": 10.994512295990717, "official_fused": {"mAP": 51.7110423018584, "Rank-1": 69.03553009033203, "Rank-5": 82.40270614624023, "Rank-10": 88.66328001022339}, "best_epoch": 10}
{"event": "epoch", "dataset": "MSVR310", "epoch": 13, "steps": 20, "mean_loss": 1.0428557425737381, "seconds": 10.759034924034495, "official_fused": {"mAP": 52.39413016596672, "Rank-1": 68.69712471961975, "Rank-5": 84.6023678779602, "Rank-10": 88.49408030509949}, "best_epoch": 10}
{"event": "epoch", "dataset": "MSVR310", "epoch": 14, "steps": 20, "mean_loss": 1.0346225470304489, "seconds": 10.673966814007144, "official_fused": {"mAP": 52.21156706735308, "Rank-1": 67.68189668655396, "Rank-5": 83.75634551048279, "Rank-10": 88.66328001022339}, "best_epoch": 10}
{"event": "epoch", "dataset": "MSVR310", "epoch": 15, "steps": 20, "mean_loss": 1.043399804830551, "seconds": 10.951461252989247, "official_fused": {"mAP": 52.921066148901296, "Rank-1": 68.02030205726624, "Rank-5": 83.92555117607117, "Rank-10": 88.15566897392273}, "best_epoch": 10}
{"event": "epoch", "dataset": "MSVR310", "epoch": 16, "steps": 20, "mean_loss": 1.0110873460769654, "seconds": 10.963496307027526, "official_fused": {"mAP": 52.47694742994834, "Rank-1": 68.02030205726624, "Rank-5": 84.09475684165955, "Rank-10": 88.66328001022339}, "best_epoch": 10}
{"event": "epoch", "dataset": "MSVR310", "epoch": 17, "steps": 20, "mean_loss": 1.0004591315984726, "seconds": 10.827448312018532, "official_fused": {"mAP": 51.5929932275282, "Rank-1": 67.85110235214233, "Rank-5": 82.40270614624023, "Rank-10": 85.27919054031372}, "best_epoch": 10}
{"event": "epoch", "dataset": "MSVR310", "epoch": 18, "steps": 20, "mean_loss": 0.9906746983528137, "seconds": 10.965322927979287, "official_fused": {"mAP": 52.76859826838346, "Rank-1": 68.69712471961975, "Rank-5": 83.75634551048279, "Rank-10": 89.00169134140015}, "best_epoch": 10}
{"event": "epoch", "dataset": "MSVR310", "epoch": 19, "steps": 20, "mean_loss": 0.9877979397773743, "seconds": 11.00185020902427, "official_fused": {"mAP": 52.7695400390274, "Rank-1": 69.37394142150879, "Rank-5": 83.41793417930603, "Rank-10": 88.15566897392273}, "best_epoch": 10}
{"event": "epoch", "dataset": "MSVR310", "epoch": 20, "steps": 20, "mean_loss": 0.9741689234972, "seconds": 10.842743924993556, "official_fused": {"mAP": 52.18573361380307, "Rank-1": 68.02030205726624, "Rank-5": 83.24872851371765, "Rank-10": 88.66328001022339}, "best_epoch": 10}
{"event": "epoch", "dataset": "MSVR310", "epoch": 21, "steps": 20, "mean_loss": 0.9629577070474624, "seconds": 10.487655489996541, "official_fused": {"mAP": 51.878008594116054, "Rank-1": 67.17427968978882, "Rank-5": 82.91032314300537, "Rank-10": 87.81725764274597}, "best_epoch": 10}
{"event": "epoch", "dataset": "MSVR310", "epoch": 22, "steps": 20, "mean_loss": 0.9644072085618973, "seconds": 10.907062528014649, "official_fused": {"mAP": 52.69708909052851, "Rank-1": 68.86633038520813, "Rank-5": 83.75634551048279, "Rank-10": 88.83248567581177}, "best_epoch": 10}
{"event": "epoch", "dataset": "MSVR310", "epoch": 23, "steps": 20, "mean_loss": 0.9586057186126709, "seconds": 10.70832299097674, "official_fused": {"mAP": 52.40099114953247, "Rank-1": 67.68189668655396, "Rank-5": 84.43316221237183, "Rank-10": 89.00169134140015}, "best_epoch": 10}
{"event": "epoch", "dataset": "MSVR310", "epoch": 24, "steps": 20, "mean_loss": 0.9503097087144852, "seconds": 10.894347710011061, "official_fused": {"mAP": 54.22719031863208, "Rank-1": 70.2199637889862, "Rank-5": 84.94077920913696, "Rank-10": 88.49408030509949}, "best_epoch": 24}
{"event": "epoch", "dataset": "MSVR310", "epoch": 25, "steps": 20, "mean_loss": 0.9614098757505417, "seconds": 10.736990511999466, "official_fused": {"mAP": 52.36903162920557, "Rank-1": 68.02030205726624, "Rank-5": 83.41793417930603, "Rank-10": 87.30964660644531}, "best_epoch": 24}
{"event": "epoch", "dataset": "MSVR310", "epoch": 26, "steps": 20, "mean_loss": 0.9459786027669906, "seconds": 10.96762337803375, "official_fused": {"mAP": 50.5248096111748, "Rank-1": 66.3282573223114, "Rank-5": 82.40270614624023, "Rank-10": 87.64805197715759}, "best_epoch": 24}
{"event": "epoch", "dataset": "MSVR310", "epoch": 27, "steps": 20, "mean_loss": 0.9391348242759705, "seconds": 10.980186926026363, "official_fused": {"mAP": 52.060676273843, "Rank-1": 68.69712471961975, "Rank-5": 82.74111747741699, "Rank-10": 89.17089700698853}, "best_epoch": 24}
{"event": "epoch", "dataset": "MSVR310", "epoch": 28, "steps": 20, "mean_loss": 0.9364861279726029, "seconds": 10.851902917027473, "official_fused": {"mAP": 51.8236954964151, "Rank-1": 68.86633038520813, "Rank-5": 83.24872851371765, "Rank-10": 87.64805197715759}, "best_epoch": 24}
{"event": "epoch", "dataset": "MSVR310", "epoch": 29, "steps": 20, "mean_loss": 0.935758313536644, "seconds": 10.765936380019411, "official_fused": {"mAP": 52.583571613575984, "Rank-1": 69.71235275268555, "Rank-5": 84.6023678779602, "Rank-10": 89.3401026725769}, "best_epoch": 24}
{"event": "epoch", "dataset": "MSVR310", "epoch": 30, "steps": 20, "mean_loss": 0.9320971488952636, "seconds": 10.84598007099703, "official_fused": {"mAP": 51.58345327503822, "Rank-1": 67.51269102096558, "Rank-5": 82.74111747741699, "Rank-10": 88.49408030509949}, "best_epoch": 24}
{"event": "epoch", "dataset": "MSVR310", "epoch": 31, "steps": 20, "mean_loss": 0.9333929985761642, "seconds": 10.836053439008538, "official_fused": {"mAP": 53.132921647471356, "Rank-1": 68.18950772285461, "Rank-5": 83.92555117607117, "Rank-10": 89.17089700698853}, "best_epoch": 24}
{"event": "epoch", "dataset": "MSVR310", "epoch": 32, "steps": 20, "mean_loss": 0.93021280169487, "seconds": 11.071335734042805, "official_fused": {"mAP": 52.75168476151065, "Rank-1": 67.68189668655396, "Rank-5": 84.26395654678345, "Rank-10": 88.83248567581177}, "best_epoch": 24}
{"event": "epoch", "dataset": "MSVR310", "epoch": 33, "steps": 20, "mean_loss": 0.9229947298765182, "seconds": 10.820005654008128, "official_fused": {"mAP": 51.97386933480301, "Rank-1": 66.66666865348816, "Rank-5": 83.58713984489441, "Rank-10": 88.66328001022339}, "best_epoch": 24}
{"event": "epoch", "dataset": "MSVR310", "epoch": 34, "steps": 20, "mean_loss": 0.9203166633844375, "seconds": 10.918577793985605, "official_fused": {"mAP": 52.51684328656185, "Rank-1": 67.68189668655396, "Rank-5": 82.91032314300537, "Rank-10": 88.83248567581177}, "best_epoch": 24}
{"event": "epoch", "dataset": "MSVR310", "epoch": 35, "steps": 20, "mean_loss": 0.9212950795888901, "seconds": 10.606492922990583, "official_fused": {"mAP": 51.74840270905244, "Rank-1": 66.49746298789978, "Rank-5": 82.40270614624023, "Rank-10": 87.98646330833435}, "best_epoch": 24}
{"event": "epoch", "dataset": "MSVR310", "epoch": 36, "steps": 20, "mean_loss": 0.9217875182628632, "seconds": 11.109647617966402, "official_fused": {"mAP": 51.725619005613034, "Rank-1": 66.49746298789978, "Rank-5": 81.7258894443512, "Rank-10": 87.98646330833435}, "best_epoch": 24}
{"event": "epoch", "dataset": "MSVR310", "epoch": 37, "steps": 20, "mean_loss": 0.9149075031280518, "seconds": 11.18323408800643, "official_fused": {"mAP": 52.43128876228379, "Rank-1": 68.02030205726624, "Rank-5": 82.91032314300537, "Rank-10": 89.3401026725769}, "best_epoch": 24}
{"event": "epoch", "dataset": "MSVR310", "epoch": 38, "steps": 20, "mean_loss": 0.9244613111019134, "seconds": 11.01638179901056, "official_fused": {"mAP": 51.60700464469634, "Rank-1": 67.17427968978882, "Rank-5": 82.91032314300537, "Rank-10": 89.17089700698853}, "best_epoch": 24}
{"event": "epoch", "dataset": "MSVR310", "epoch": 39, "steps": 20, "mean_loss": 0.9204474031925202, "seconds": 10.87032005097717, "official_fused": {"mAP": 51.890999554461914, "Rank-1": 67.85110235214233, "Rank-5": 83.07952880859375, "Rank-10": 87.81725764274597}, "best_epoch": 24}
{"event": "epoch", "dataset": "MSVR310", "epoch": 40, "steps": 20, "mean_loss": 0.915963637828827, "seconds": 10.796705206041224, "official_fused": {"mAP": 51.784522105920615, "Rank-1": 67.85110235214233, "Rank-5": 82.57191181182861, "Rank-10": 87.81725764274597}, "best_epoch": 24}
{"event": "epoch", "dataset": "MSVR310", "epoch": 41, "steps": 20, "mean_loss": 0.9139432817697525, "seconds": 10.923127849004231, "official_fused": {"mAP": 51.708596915004925, "Rank-1": 67.00507402420044, "Rank-5": 83.41793417930603, "Rank-10": 88.66328001022339}, "best_epoch": 24}
{"event": "epoch", "dataset": "MSVR310", "epoch": 42, "steps": 20, "mean_loss": 0.9108358740806579, "seconds": 10.886803166999016, "official_fused": {"mAP": 51.63076131158866, "Rank-1": 67.00507402420044, "Rank-5": 83.07952880859375, "Rank-10": 88.66328001022339}, "best_epoch": 24}
{"event": "epoch", "dataset": "MSVR310", "epoch": 43, "steps": 20, "mean_loss": 0.9065964132547378, "seconds": 10.755712117010262, "official_fused": {"mAP": 51.834456563135234, "Rank-1": 66.83587431907654, "Rank-5": 82.57191181182861, "Rank-10": 88.66328001022339}, "best_epoch": 24}
{"event": "epoch", "dataset": "MSVR310", "epoch": 44, "steps": 20, "mean_loss": 0.9076502531766891, "seconds": 10.860028327035252, "official_fused": {"mAP": 51.781803197946964, "Rank-1": 67.68189668655396, "Rank-5": 82.57191181182861, "Rank-10": 88.32487463951111}, "best_epoch": 24}
{"event": "epoch", "dataset": "MSVR310", "epoch": 45, "steps": 20, "mean_loss": 0.9146418452262879, "seconds": 11.050108598021325, "official_fused": {"mAP": 51.41887222422034, "Rank-1": 66.66666865348816, "Rank-5": 82.40270614624023, "Rank-10": 88.15566897392273}, "best_epoch": 24}
{"event": "epoch", "dataset": "MSVR310", "epoch": 46, "steps": 20, "mean_loss": 0.90912044942379, "seconds": 10.740262727020308, "official_fused": {"mAP": 51.253127013731024, "Rank-1": 66.66666865348816, "Rank-5": 82.23350048065186, "Rank-10": 87.98646330833435}, "best_epoch": 24}
{"event": "epoch", "dataset": "MSVR310", "epoch": 47, "steps": 20, "mean_loss": 0.9126496136188507, "seconds": 10.992499246960506, "official_fused": {"mAP": 51.035296711492464, "Rank-1": 66.3282573223114, "Rank-5": 82.06430077552795, "Rank-10": 87.81725764274597}, "best_epoch": 24}
{"event": "epoch", "dataset": "MSVR310", "epoch": 48, "steps": 20, "mean_loss": 0.9083641469478607, "seconds": 10.862382068997249, "official_fused": {"mAP": 51.11777250981617, "Rank-1": 66.3282573223114, "Rank-5": 81.89509510993958, "Rank-10": 88.15566897392273}, "best_epoch": 24}
{"event": "epoch", "dataset": "MSVR310", "epoch": 49, "steps": 20, "mean_loss": 0.9117702394723892, "seconds": 10.740576886048075, "official_fused": {"mAP": 51.153064215395396, "Rank-1": 66.15905165672302, "Rank-5": 82.06430077552795, "Rank-10": 88.15566897392273}, "best_epoch": 24}
{"event": "epoch", "dataset": "MSVR310", "epoch": 50, "steps": 20, "mean_loss": 0.9090048521757126, "seconds": 10.626607454032637, "official_fused": {"mAP": 51.183625938691144, "Rank-1": 66.3282573223114, "Rank-5": 82.23350048065186, "Rank-10": 88.15566897392273}, "best_epoch": 24}
