{"event": "source_cpu_condition_complete", "condition": "fold_0_initial_clean", "relation_conditions": 36, "query_rows": 24192, "elapsed_seconds": 21.044159715995193}
{"event": "source_cpu_condition_complete", "condition": "fold_0_initial_augmented", "relation_conditions": 72, "query_rows": 48384, "elapsed_seconds": 40.32512284629047}
{"event": "source_cpu_condition_complete", "condition": "fold_0_initial_coupled_style", "relation_conditions": 108, "query_rows": 72576, "elapsed_seconds": 60.00227723270655}
{"event": "source_cpu_condition_complete", "condition": "fold_0_control_final_clean", "relation_conditions": 144, "query_rows": 96768, "elapsed_seconds": 79.62802502512932}
{"event": "source_cpu_condition_complete", "condition": "fold_0_control_final_augmented", "relation_conditions": 180, "query_rows": 120960, "elapsed_seconds": 99.10331774502993}
{"event": "source_cpu_condition_complete", "condition": "fold_0_control_final_coupled_style", "relation_conditions": 216, "query_rows": 145152, "elapsed_seconds": 118.61551428772509}
{"event": "source_cpu_condition_complete", "condition": "fold_0_style_final_clean", "relation_conditions": 252, "query_rows": 169344, "elapsed_seconds": 138.39436621032655}
{"event": "source_cpu_condition_complete", "condition": "fold_0_style_final_augmented", "relation_conditions": 288, "query_rows": 193536, "elapsed_seconds": 158.03133764863014}
{"event": "source_cpu_condition_complete", "condition": "fold_0_style_final_coupled_style", "relation_conditions": 324, "query_rows": 217728, "elapsed_seconds": 177.54894392751157}
{"event": "source_cpu_condition_complete", "condition": "fold_1_initial_clean", "relation_conditions": 360, "query_rows": 242316, "elapsed_seconds": 197.90757769159973}
{"event": "source_cpu_condition_complete", "condition": "fold_1_initial_augmented", "relation_conditions": 396, "query_rows": 266904, "elapsed_seconds": 218.27963343262672}
{"event": "source_cpu_condition_complete", "condition": "fold_1_initial_coupled_style", "relation_conditions": 432, "query_rows": 291492, "elapsed_seconds": 238.60982076637447}
{"event": "source_cpu_condition_complete", "condition": "fold_1_control_final_clean", "relation_conditions": 468, "query_rows": 316080, "elapsed_seconds": 258.6869565062225}
{"event": "source_cpu_condition_complete", "condition": "fold_1_control_final_augmented", "relation_conditions": 504, "query_rows": 340668, "elapsed_seconds": 278.81669241935015}
{"event": "source_cpu_condition_complete", "condition": "fold_1_control_final_coupled_style", "relation_conditions": 540, "query_rows": 365256, "elapsed_seconds": 298.80521417595446}
{"event": "source_cpu_condition_complete", "condition": "fold_1_style_final_clean", "relation_conditions": 576, "query_rows": 389844, "elapsed_seconds": 318.88460964523256}
{"event": "source_cpu_condition_complete", "condition": "fold_1_style_final_augmented", "relation_conditions": 612, "query_rows": 414432, "elapsed_seconds": 339.01669437997043}
{"event": "source_cpu_condition_complete", "condition": "fold_1_style_final_coupled_style", "relation_conditions": 648, "query_rows": 439020, "elapsed_seconds": 359.0907532274723}
{"event": "source_cpu_condition_complete", "condition": "fold_2_initial_clean", "relation_conditions": 684, "query_rows": 464544, "elapsed_seconds": 380.84788495115936}
{"event": "source_cpu_condition_complete", "condition": "fold_2_initial_augmented", "relation_conditions": 720, "query_rows": 490068, "elapsed_seconds": 402.62916408479214}
{"event": "source_cpu_condition_complete", "condition": "fold_2_initial_coupled_style", "relation_conditions": 756, "query_rows": 515592, "elapsed_seconds": 424.216467352584}
{"event": "source_cpu_condition_complete", "condition": "fold_2_control_final_clean", "relation_conditions": 792, "query_rows": 541116, "elapsed_seconds": 445.6596503071487}
{"event": "source_cpu_condition_complete", "condition": "fold_2_control_final_augmented", "relation_conditions": 828, "query_rows": 566640, "elapsed_seconds": 467.1416244637221}
{"event": "source_cpu_condition_complete", "condition": "fold_2_control_final_coupled_style", "relation_conditions": 864, "query_rows": 592164, "elapsed_seconds": 488.3622595835477}
{"event": "source_cpu_condition_complete", "condition": "fold_2_style_final_clean", "relation_conditions": 900, "query_rows": 617688, "elapsed_seconds": 509.79015679843724}
{"event": "source_cpu_condition_complete", "condition": "fold_2_style_final_augmented", "relation_conditions": 936, "query_rows": 643212, "elapsed_seconds": 531.1342657636851}
{"event": "source_cpu_condition_complete", "condition": "fold_2_style_final_coupled_style", "relation_conditions": 972, "query_rows": 668736, "elapsed_seconds": 552.7158373836428}
