/root/miniconda3/envs/tri_reid/lib/python3.10/site-packages/timm/models/helpers.py:7: FutureWarning: Importing from timm.models.helpers is deprecated, please import via timm.models
  warnings.warn(f"Importing from {__name__} is deprecated, please import via timm.models", FutureWarning)
/root/miniconda3/envs/tri_reid/lib/python3.10/site-packages/timm/models/registry.py:4: FutureWarning: Importing from timm.models.registry is deprecated, please import via timm.models
  warnings.warn(f"Importing from {__name__} is deprecated, please import via timm.models", FutureWarning)
/root/miniconda3/envs/tri_reid/lib/python3.10/site-packages/timm/models/layers/__init__.py:48: FutureWarning: Importing from timm.models.layers is deprecated, please import via timm.layers
  warnings.warn(f"Importing from {__name__} is deprecated, please import via timm.layers", FutureWarning)
建立transformer............
using Transformer_type: ViT-B-16 as a backbone
Resized position embedding: %s to %s torch.Size([197, 768]) torch.Size([129, 768])
Position embedding resize to height:8 width: 16
Successfully load ckpt!
<All keys matched successfully>
Loading pretrained model from CLIP
camera number is : 8
===========Building Signal===========
{"event": "msvr_source_condition_complete", "fold": 0, "state": "initial", "view": "clean", "records": 672, "elapsed_seconds": 13.280193550512195, "conditions": 1}
{"event": "msvr_source_condition_complete", "fold": 0, "state": "initial", "view": "augmented", "records": 672, "elapsed_seconds": 11.427263455465436, "conditions": 2}
{"event": "msvr_source_condition_complete", "fold": 0, "state": "initial", "view": "coupled_style", "records": 672, "elapsed_seconds": 15.133713725954294, "conditions": 3}
建立transformer............
using Transformer_type: ViT-B-16 as a backbone
Resized position embedding: %s to %s torch.Size([197, 768]) torch.Size([129, 768])
Position embedding resize to height:8 width: 16
Successfully load ckpt!
<All keys matched successfully>
Loading pretrained model from CLIP
camera number is : 8
===========Building Signal===========
{"event": "msvr_source_condition_complete", "fold": 0, "state": "control_final", "view": "clean", "records": 672, "elapsed_seconds": 11.276993665844202, "conditions": 4}
{"event": "msvr_source_condition_complete", "fold": 0, "state": "control_final", "view": "augmented", "records": 672, "elapsed_seconds": 11.218048926442862, "conditions": 5}
{"event": "msvr_source_condition_complete", "fold": 0, "state": "control_final", "view": "coupled_style", "records": 672, "elapsed_seconds": 14.976387280970812, "conditions": 6}
建立transformer............
using Transformer_type: ViT-B-16 as a backbone
Resized position embedding: %s to %s torch.Size([197, 768]) torch.Size([129, 768])
Position embedding resize to height:8 width: 16
Successfully load ckpt!
<All keys matched successfully>
Loading pretrained model from CLIP
camera number is : 8
===========Building Signal===========
{"event": "msvr_source_condition_complete", "fold": 0, "state": "style_final", "view": "clean", "records": 672, "elapsed_seconds": 11.220150658860803, "conditions": 7}
{"event": "msvr_source_condition_complete", "fold": 0, "state": "style_final", "view": "augmented", "records": 672, "elapsed_seconds": 11.63334346935153, "conditions": 8}
{"event": "msvr_source_condition_complete", "fold": 0, "state": "style_final", "view": "coupled_style", "records": 672, "elapsed_seconds": 15.025633769109845, "conditions": 9}
建立transformer............
using Transformer_type: ViT-B-16 as a backbone
Resized position embedding: %s to %s torch.Size([197, 768]) torch.Size([129, 768])
Position embedding resize to height:8 width: 16
Successfully load ckpt!
<All keys matched successfully>
Loading pretrained model from CLIP
camera number is : 8
===========Building Signal===========
{"event": "msvr_source_condition_complete", "fold": 1, "state": "initial", "view": "clean", "records": 683, "elapsed_seconds": 11.468923579901457, "conditions": 10}
{"event": "msvr_source_condition_complete", "fold": 1, "state": "initial", "view": "augmented", "records": 683, "elapsed_seconds": 11.770709104835987, "conditions": 11}
{"event": "msvr_source_condition_complete", "fold": 1, "state": "initial", "view": "coupled_style", "records": 683, "elapsed_seconds": 15.207798911258578, "conditions": 12}
建立transformer............
using Transformer_type: ViT-B-16 as a backbone
Resized position embedding: %s to %s torch.Size([197, 768]) torch.Size([129, 768])
Position embedding resize to height:8 width: 16
Successfully load ckpt!
<All keys matched successfully>
Loading pretrained model from CLIP
camera number is : 8
===========Building Signal===========
{"event": "msvr_source_condition_complete", "fold": 1, "state": "control_final", "view": "clean", "records": 683, "elapsed_seconds": 11.16991032846272, "conditions": 13}
{"event": "msvr_source_condition_complete", "fold": 1, "state": "control_final", "view": "augmented", "records": 683, "elapsed_seconds": 11.90403151884675, "conditions": 14}
{"event": "msvr_source_condition_complete", "fold": 1, "state": "control_final", "view": "coupled_style", "records": 683, "elapsed_seconds": 15.302816795185208, "conditions": 15}
建立transformer............
using Transformer_type: ViT-B-16 as a backbone
Resized position embedding: %s to %s torch.Size([197, 768]) torch.Size([129, 768])
Position embedding resize to height:8 width: 16
Successfully load ckpt!
<All keys matched successfully>
Loading pretrained model from CLIP
camera number is : 8
===========Building Signal===========
{"event": "msvr_source_condition_complete", "fold": 1, "state": "style_final", "view": "clean", "records": 683, "elapsed_seconds": 11.542632758617401, "conditions": 16}
{"event": "msvr_source_condition_complete", "fold": 1, "state": "style_final", "view": "augmented", "records": 683, "elapsed_seconds": 11.838992919772863, "conditions": 17}
{"event": "msvr_source_condition_complete", "fold": 1, "state": "style_final", "view": "coupled_style", "records": 683, "elapsed_seconds": 15.361523447558284, "conditions": 18}
建立transformer............
using Transformer_type: ViT-B-16 as a backbone
Resized position embedding: %s to %s torch.Size([197, 768]) torch.Size([129, 768])
Position embedding resize to height:8 width: 16
Successfully load ckpt!
<All keys matched successfully>
Loading pretrained model from CLIP
camera number is : 8
===========Building Signal===========
{"event": "msvr_source_condition_complete", "fold": 2, "state": "initial", "view": "clean", "records": 709, "elapsed_seconds": 11.809935301542282, "conditions": 19}
{"event": "msvr_source_condition_complete", "fold": 2, "state": "initial", "view": "augmented", "records": 709, "elapsed_seconds": 11.939413446933031, "conditions": 20}
{"event": "msvr_source_condition_complete", "fold": 2, "state": "initial", "view": "coupled_style", "records": 709, "elapsed_seconds": 15.979899432510138, "conditions": 21}
建立transformer............
using Transformer_type: ViT-B-16 as a backbone
Resized position embedding: %s to %s torch.Size([197, 768]) torch.Size([129, 768])
Position embedding resize to height:8 width: 16
Successfully load ckpt!
<All keys matched successfully>
Loading pretrained model from CLIP
camera number is : 8
===========Building Signal===========
{"event": "msvr_source_condition_complete", "fold": 2, "state": "control_final", "view": "clean", "records": 709, "elapsed_seconds": 11.995463555678725, "conditions": 22}
{"event": "msvr_source_condition_complete", "fold": 2, "state": "control_final", "view": "augmented", "records": 709, "elapsed_seconds": 12.173849461600184, "conditions": 23}
{"event": "msvr_source_condition_complete", "fold": 2, "state": "control_final", "view": "coupled_style", "records": 709, "elapsed_seconds": 15.97937667928636, "conditions": 24}
建立transformer............
using Transformer_type: ViT-B-16 as a backbone
Resized position embedding: %s to %s torch.Size([197, 768]) torch.Size([129, 768])
Position embedding resize to height:8 width: 16
Successfully load ckpt!
<All keys matched successfully>
Loading pretrained model from CLIP
camera number is : 8
===========Building Signal===========
{"event": "msvr_source_condition_complete", "fold": 2, "state": "style_final", "view": "clean", "records": 709, "elapsed_seconds": 11.61078112386167, "conditions": 25}
{"event": "msvr_source_condition_complete", "fold": 2, "state": "style_final", "view": "augmented", "records": 709, "elapsed_seconds": 12.067461278289557, "conditions": 26}
{"event": "msvr_source_condition_complete", "fold": 2, "state": "style_final", "view": "coupled_style", "records": 709, "elapsed_seconds": 15.902622822672129, "conditions": 27}
