/data/gaob/Re-ID/conda-envs/tri_reid/lib/python3.10/site-packages/timm/models/helpers.py:7: FutureWarning: Importing from timm.models.helpers is deprecated, please import via timm.models
  warnings.warn(f"Importing from {__name__} is deprecated, please import via timm.models", FutureWarning)
/data/gaob/Re-ID/conda-envs/tri_reid/lib/python3.10/site-packages/timm/models/registry.py:4: FutureWarning: Importing from timm.models.registry is deprecated, please import via timm.models
  warnings.warn(f"Importing from {__name__} is deprecated, please import via timm.models", FutureWarning)
/data/gaob/Re-ID/conda-envs/tri_reid/lib/python3.10/site-packages/timm/models/layers/__init__.py:48: FutureWarning: Importing from timm.models.layers is deprecated, please import via timm.layers
  warnings.warn(f"Importing from {__name__} is deprecated, please import via timm.layers", FutureWarning)
建立transformer............
using Transformer_type: ViT-B-16 as a backbone
Resized position embedding: %s to %s torch.Size([197, 768]) torch.Size([129, 768])
Position embedding resize to height:8 width: 16
Successfully load ckpt!
<All keys matched successfully>
Loading pretrained model from CLIP
camera number is : 8
===========Building Signal===========
{"event": "epoch", "dataset": "MSVR310", "epoch": 1, "steps": 20, "mean_loss": 5.204394769668579, "seconds": 11.523958969002706, "official_fused": {"mAP": 50.928816013297464, "Rank-1": 68.52791905403137, "Rank-5": 81.04906678199768, "Rank-10": 85.78680157661438}, "best_epoch": 1}
{"event": "epoch", "dataset": "MSVR310", "epoch": 2, "steps": 20, "mean_loss": 4.908542490005493, "seconds": 9.065093158998934, "official_fused": {"mAP": 49.71618202203801, "Rank-1": 67.17427968978882, "Rank-5": 81.38747811317444, "Rank-10": 85.27919054031372}, "best_epoch": 1}
{"event": "epoch", "dataset": "MSVR310", "epoch": 3, "steps": 20, "mean_loss": 4.420221185684204, "seconds": 9.02212093900016, "official_fused": {"mAP": 50.50292406453074, "Rank-1": 67.85110235214233, "Rank-5": 81.21827244758606, "Rank-10": 84.94077920913696}, "best_epoch": 1}
{"event": "epoch", "dataset": "MSVR310", "epoch": 4, "steps": 20, "mean_loss": 3.757753586769104, "seconds": 8.865493664998212, "official_fused": {"mAP": 48.57194594917972, "Rank-1": 65.48223495483398, "Rank-5": 79.86463904380798, "Rank-10": 85.10998487472534}, "best_epoch": 1}
{"event": "epoch", "dataset": "MSVR310", "epoch": 5, "steps": 20, "mean_loss": 3.0087339758872984, "seconds": 8.896759966999525, "official_fused": {"mAP": 49.161307918915945, "Rank-1": 66.66666865348816, "Rank-5": 80.87986707687378, "Rank-10": 85.78680157661438}, "best_epoch": 1}
{"event": "epoch", "dataset": "MSVR310", "epoch": 6, "steps": 20, "mean_loss": 2.3080371797084807, "seconds": 8.856650073998026, "official_fused": {"mAP": 51.06612449306852, "Rank-1": 67.68189668655396, "Rank-5": 81.21827244758606, "Rank-10": 86.97123527526855}, "best_epoch": 6}
{"event": "epoch", "dataset": "MSVR310", "epoch": 7, "steps": 20, "mean_loss": 1.7961967825889587, "seconds": 8.82509903400205, "official_fused": {"mAP": 49.97990058991333, "Rank-1": 65.48223495483398, "Rank-5": 79.6954333782196, "Rank-10": 86.46361827850342}, "best_epoch": 6}
{"event": "epoch", "dataset": "MSVR310", "epoch": 8, "steps": 20, "mean_loss": 1.4846188724040985, "seconds": 8.733124149002833, "official_fused": {"mAP": 51.90044961069815, "Rank-1": 67.68189668655396, "Rank-5": 82.74111747741699, "Rank-10": 86.6328239440918}, "best_epoch": 8}
{"event": "epoch", "dataset": "MSVR310", "epoch": 9, "steps": 20, "mean_loss": 1.2393402636051178, "seconds": 8.958263062995684, "official_fused": {"mAP": 50.62983897367982, "Rank-1": 66.49746298789978, "Rank-5": 82.06430077552795, "Rank-10": 86.80202960968018}, "best_epoch": 8}
{"event": "epoch", "dataset": "MSVR310", "epoch": 10, "steps": 20, "mean_loss": 1.171189820766449, "seconds": 8.909687760999077, "official_fused": {"mAP": 51.970089120657114, "Rank-1": 66.66666865348816, "Rank-5": 83.58713984489441, "Rank-10": 89.3401026725769}, "best_epoch": 10}
{"event": "epoch", "dataset": "MSVR310", "epoch": 11, "steps": 20, "mean_loss": 1.1019009828567505, "seconds": 8.854648380998697, "official_fused": {"mAP": 50.25329499399063, "Rank-1": 66.3282573223114, "Rank-5": 80.54145574569702, "Rank-10": 86.6328239440918}, "best_epoch": 10}
{"event": "epoch", "dataset": "MSVR310", "epoch": 12, "steps": 20, "mean_loss": 1.0619869977235794, "seconds": 9.001761567997164, "official_fused": {"mAP": 51.059476512996824, "Rank-1": 67.3434853553772, "Rank-5": 81.04906678199768, "Rank-10": 87.14044094085693}, "best_epoch": 10}
{"event": "epoch", "dataset": "MSVR310", "epoch": 13, "steps": 20, "mean_loss": 1.0332831978797912, "seconds": 8.830467795000004, "official_fused": {"mAP": 51.1935825833557, "Rank-1": 67.3434853553772, "Rank-5": 82.74111747741699, "Rank-10": 88.66328001022339}, "best_epoch": 10}
{"event": "epoch", "dataset": "MSVR310", "epoch": 14, "steps": 20, "mean_loss": 1.0244704842567445, "seconds": 8.730011577004916, "official_fused": {"mAP": 50.159185792314645, "Rank-1": 65.65144062042236, "Rank-5": 80.87986707687378, "Rank-10": 86.6328239440918}, "best_epoch": 10}
{"event": "epoch", "dataset": "MSVR310", "epoch": 15, "steps": 20, "mean_loss": 1.028923574090004, "seconds": 9.152649104005832, "official_fused": {"mAP": 52.031884315789334, "Rank-1": 67.51269102096558, "Rank-5": 82.40270614624023, "Rank-10": 87.81725764274597}, "best_epoch": 15}
{"event": "epoch", "dataset": "MSVR310", "epoch": 16, "steps": 20, "mean_loss": 0.9924348324537278, "seconds": 9.135774135997053, "official_fused": {"mAP": 51.06030730195658, "Rank-1": 67.68189668655396, "Rank-5": 81.7258894443512, "Rank-10": 87.81725764274597}, "best_epoch": 15}
{"event": "epoch", "dataset": "MSVR310", "epoch": 17, "steps": 20, "mean_loss": 0.985637965798378, "seconds": 8.88189970899839, "official_fused": {"mAP": 50.27470644847297, "Rank-1": 67.00507402420044, "Rank-5": 80.87986707687378, "Rank-10": 86.6328239440918}, "best_epoch": 15}
{"event": "epoch", "dataset": "MSVR310", "epoch": 18, "steps": 20, "mean_loss": 0.9745042026042938, "seconds": 9.073468825001328, "official_fused": {"mAP": 50.97198289603675, "Rank-1": 67.51269102096558, "Rank-5": 82.40270614624023, "Rank-10": 86.80202960968018}, "best_epoch": 15}
{"event": "epoch", "dataset": "MSVR310", "epoch": 19, "steps": 20, "mean_loss": 0.9867329627275467, "seconds": 9.043840981001267, "official_fused": {"mAP": 51.173352837478994, "Rank-1": 66.66666865348816, "Rank-5": 81.04906678199768, "Rank-10": 85.44839024543762}, "best_epoch": 15}
{"event": "epoch", "dataset": "MSVR310", "epoch": 20, "steps": 20, "mean_loss": 0.969738757610321, "seconds": 9.039176059995953, "official_fused": {"mAP": 50.17571021996815, "Rank-1": 67.00507402420044, "Rank-5": 80.7106614112854, "Rank-10": 86.80202960968018}, "best_epoch": 15}
{"event": "epoch", "dataset": "MSVR310", "epoch": 21, "steps": 20, "mean_loss": 0.9551278829574585, "seconds": 8.63039860999561, "official_fused": {"mAP": 49.705485841501954, "Rank-1": 66.83587431907654, "Rank-5": 80.03383874893188, "Rank-10": 86.29441857337952}, "best_epoch": 15}
{"event": "epoch", "dataset": "MSVR310", "epoch": 22, "steps": 20, "mean_loss": 0.9587975233793259, "seconds": 8.953427501997794, "official_fused": {"mAP": 50.6951463931322, "Rank-1": 66.66666865348816, "Rank-5": 81.38747811317444, "Rank-10": 87.14044094085693}, "best_epoch": 15}
{"event": "epoch", "dataset": "MSVR310", "epoch": 23, "steps": 20, "mean_loss": 0.9547879874706269, "seconds": 8.887320198002271, "official_fused": {"mAP": 50.37741998726153, "Rank-1": 67.68189668655396, "Rank-5": 83.24872851371765, "Rank-10": 87.64805197715759}, "best_epoch": 15}
{"event": "epoch", "dataset": "MSVR310", "epoch": 24, "steps": 20, "mean_loss": 0.9470436662435532, "seconds": 9.063015182000527, "official_fused": {"mAP": 51.006948684822916, "Rank-1": 67.51269102096558, "Rank-5": 81.55668377876282, "Rank-10": 86.80202960968018}, "best_epoch": 15}
{"event": "epoch", "dataset": "MSVR310", "epoch": 25, "steps": 20, "mean_loss": 0.9524517238140107, "seconds": 8.8793108470054, "official_fused": {"mAP": 50.63955806334206, "Rank-1": 68.358713388443, "Rank-5": 81.7258894443512, "Rank-10": 86.29441857337952}, "best_epoch": 15}
{"event": "epoch", "dataset": "MSVR310", "epoch": 26, "steps": 20, "mean_loss": 0.9364489614963531, "seconds": 8.938682941996376, "official_fused": {"mAP": 50.000962705990794, "Rank-1": 67.3434853553772, "Rank-5": 80.03383874893188, "Rank-10": 86.97123527526855}, "best_epoch": 15}
{"event": "epoch", "dataset": "MSVR310", "epoch": 27, "steps": 20, "mean_loss": 0.9305863559246064, "seconds": 8.962167743004102, "official_fused": {"mAP": 50.223424658922575, "Rank-1": 68.358713388443, "Rank-5": 81.89509510993958, "Rank-10": 86.97123527526855}, "best_epoch": 15}
{"event": "epoch", "dataset": "MSVR310", "epoch": 28, "steps": 20, "mean_loss": 0.9286428391933441, "seconds": 8.702320101998339, "official_fused": {"mAP": 49.618466868118496, "Rank-1": 66.83587431907654, "Rank-5": 80.20304441452026, "Rank-10": 85.617595911026}, "best_epoch": 15}
{"event": "epoch", "dataset": "MSVR310", "epoch": 29, "steps": 20, "mean_loss": 0.9303172826766968, "seconds": 8.8549312200048, "official_fused": {"mAP": 49.74845368823622, "Rank-1": 66.15905165672302, "Rank-5": 79.86463904380798, "Rank-10": 85.617595911026}, "best_epoch": 15}
{"event": "epoch", "dataset": "MSVR310", "epoch": 30, "steps": 20, "mean_loss": 0.9288293808698654, "seconds": 8.9242006400018, "official_fused": {"mAP": 50.050294724280064, "Rank-1": 67.51269102096558, "Rank-5": 81.55668377876282, "Rank-10": 86.12521290779114}, "best_epoch": 15}
{"event": "epoch", "dataset": "MSVR310", "epoch": 31, "steps": 20, "mean_loss": 0.926546910405159, "seconds": 8.937395401000686, "official_fused": {"mAP": 49.253180555137064, "Rank-1": 67.00507402420044, "Rank-5": 81.55668377876282, "Rank-10": 86.29441857337952}, "best_epoch": 15}
{"event": "epoch", "dataset": "MSVR310", "epoch": 32, "steps": 20, "mean_loss": 0.9211629778146744, "seconds": 8.950169332994847, "official_fused": {"mAP": 50.462861198653464, "Rank-1": 68.18950772285461, "Rank-5": 82.57191181182861, "Rank-10": 87.30964660644531}, "best_epoch": 15}
{"event": "epoch", "dataset": "MSVR310", "epoch": 33, "steps": 20, "mean_loss": 0.91688674390316, "seconds": 9.002972482005134, "official_fused": {"mAP": 48.63678855537161, "Rank-1": 65.65144062042236, "Rank-5": 80.20304441452026, "Rank-10": 86.6328239440918}, "best_epoch": 15}
{"event": "epoch", "dataset": "MSVR310", "epoch": 34, "steps": 20, "mean_loss": 0.9165903210639954, "seconds": 8.945162365002034, "official_fused": {"mAP": 50.30196383145801, "Rank-1": 67.68189668655396, "Rank-5": 81.38747811317444, "Rank-10": 86.12521290779114}, "best_epoch": 15}
{"event": "epoch", "dataset": "MSVR310", "epoch": 35, "steps": 20, "mean_loss": 0.9152082651853561, "seconds": 8.723056849994464, "official_fused": {"mAP": 49.56525012002762, "Rank-1": 66.66666865348816, "Rank-5": 80.87986707687378, "Rank-10": 85.617595911026}, "best_epoch": 15}
{"event": "epoch", "dataset": "MSVR310", "epoch": 36, "steps": 20, "mean_loss": 0.9175586491823197, "seconds": 8.98422877000121, "official_fused": {"mAP": 49.00679961911159, "Rank-1": 65.14382362365723, "Rank-5": 80.20304441452026, "Rank-10": 85.10998487472534}, "best_epoch": 15}
{"event": "epoch", "dataset": "MSVR310", "epoch": 37, "steps": 20, "mean_loss": 0.9074832439422608, "seconds": 8.925462917002733, "official_fused": {"mAP": 49.59739746764351, "Rank-1": 67.17427968978882, "Rank-5": 81.38747811317444, "Rank-10": 86.46361827850342}, "best_epoch": 15}
{"event": "epoch", "dataset": "MSVR310", "epoch": 38, "steps": 20, "mean_loss": 0.9178354054689407, "seconds": 8.994544362998568, "official_fused": {"mAP": 48.64536879517994, "Rank-1": 66.49746298789978, "Rank-5": 81.04906678199768, "Rank-10": 85.95600724220276}, "best_epoch": 15}
{"event": "epoch", "dataset": "MSVR310", "epoch": 39, "steps": 20, "mean_loss": 0.9140617728233338, "seconds": 9.007597472998896, "official_fused": {"mAP": 48.9958817242899, "Rank-1": 66.83587431907654, "Rank-5": 79.86463904380798, "Rank-10": 84.77157354354858}, "best_epoch": 15}
{"event": "epoch", "dataset": "MSVR310", "epoch": 40, "steps": 20, "mean_loss": 0.9099989682435989, "seconds": 8.798602060000121, "official_fused": {"mAP": 48.57022288556317, "Rank-1": 66.15905165672302, "Rank-5": 79.6954333782196, "Rank-10": 85.10998487472534}, "best_epoch": 15}
{"event": "epoch", "dataset": "MSVR310", "epoch": 41, "steps": 20, "mean_loss": 0.9072721123695373, "seconds": 9.109394954997697, "official_fused": {"mAP": 48.2075049017581, "Rank-1": 66.3282573223114, "Rank-5": 78.84940505027771, "Rank-10": 85.27919054031372}, "best_epoch": 15}
{"event": "epoch", "dataset": "MSVR310", "epoch": 42, "steps": 20, "mean_loss": 0.905361345410347, "seconds": 8.984447099996032, "official_fused": {"mAP": 48.824747739401005, "Rank-1": 67.00507402420044, "Rank-5": 79.86463904380798, "Rank-10": 85.27919054031372}, "best_epoch": 15}
{"event": "epoch", "dataset": "MSVR310", "epoch": 43, "steps": 20, "mean_loss": 0.9000010639429092, "seconds": 8.877703828999074, "official_fused": {"mAP": 49.03279699481678, "Rank-1": 66.83587431907654, "Rank-5": 79.52622771263123, "Rank-10": 85.617595911026}, "best_epoch": 15}
{"event": "epoch", "dataset": "MSVR310", "epoch": 44, "steps": 20, "mean_loss": 0.9006837338209153, "seconds": 8.881799816001148, "official_fused": {"mAP": 48.67229254041073, "Rank-1": 66.49746298789978, "Rank-5": 79.35702204704285, "Rank-10": 85.617595911026}, "best_epoch": 15}
{"event": "epoch", "dataset": "MSVR310", "epoch": 45, "steps": 20, "mean_loss": 0.9059145659208298, "seconds": 8.933894082001643, "official_fused": {"mAP": 48.664336572851155, "Rank-1": 66.3282573223114, "Rank-5": 79.52622771263123, "Rank-10": 85.617595911026}, "best_epoch": 15}
{"event": "epoch", "dataset": "MSVR310", "epoch": 46, "steps": 20, "mean_loss": 0.9047731012105942, "seconds": 8.810391589002393, "official_fused": {"mAP": 48.55720647850087, "Rank-1": 66.15905165672302, "Rank-5": 79.86463904380798, "Rank-10": 85.617595911026}, "best_epoch": 15}
{"event": "epoch", "dataset": "MSVR310", "epoch": 47, "steps": 20, "mean_loss": 0.9096011042594909, "seconds": 8.96760020399961, "official_fused": {"mAP": 48.59706476448352, "Rank-1": 66.3282573223114, "Rank-5": 79.35702204704285, "Rank-10": 85.27919054031372}, "best_epoch": 15}
{"event": "epoch", "dataset": "MSVR310", "epoch": 48, "steps": 20, "mean_loss": 0.9012811332941055, "seconds": 8.817914094004664, "official_fused": {"mAP": 48.68743811967792, "Rank-1": 66.66666865348816, "Rank-5": 79.6954333782196, "Rank-10": 85.27919054031372}, "best_epoch": 15}
{"event": "epoch", "dataset": "MSVR310", "epoch": 49, "steps": 20, "mean_loss": 0.9032884746789932, "seconds": 8.742569264999474, "official_fused": {"mAP": 48.661935181400466, "Rank-1": 66.49746298789978, "Rank-5": 79.6954333782196, "Rank-10": 85.27919054031372}, "best_epoch": 15}
{"event": "epoch", "dataset": "MSVR310", "epoch": 50, "steps": 20, "mean_loss": 0.9028400361537934, "seconds": 8.96598782500223, "official_fused": {"mAP": 48.66247493809397, "Rank-1": 66.49746298789978, "Rank-5": 79.6954333782196, "Rank-10": 85.27919054031372}, "best_epoch": 15}
