/data/gaob/Re-ID/conda-envs/tri_reid/lib/python3.10/site-packages/timm/models/helpers.py:7: FutureWarning: Importing from timm.models.helpers is deprecated, please import via timm.models
  warnings.warn(f"Importing from {__name__} is deprecated, please import via timm.models", FutureWarning)
/data/gaob/Re-ID/conda-envs/tri_reid/lib/python3.10/site-packages/timm/models/registry.py:4: FutureWarning: Importing from timm.models.registry is deprecated, please import via timm.models
  warnings.warn(f"Importing from {__name__} is deprecated, please import via timm.models", FutureWarning)
/data/gaob/Re-ID/conda-envs/tri_reid/lib/python3.10/site-packages/timm/models/layers/__init__.py:48: FutureWarning: Importing from timm.models.layers is deprecated, please import via timm.layers
  warnings.warn(f"Importing from {__name__} is deprecated, please import via timm.layers", FutureWarning)
建立transformer............
using Transformer_type: ViT-B-16 as a backbone
Resized position embedding: %s to %s torch.Size([197, 768]) torch.Size([129, 768])
Position embedding resize to height:8 width: 16
Successfully load ckpt!
<All keys matched successfully>
Loading pretrained model from CLIP
camera number is : 8
===========Building Signal===========
{"event": "epoch", "dataset": "MSVR310", "epoch": 1, "steps": 20, "mean_loss": 5.198962712287903, "seconds": 16.13084526300372, "official_fused": {"mAP": 49.01803861766531, "Rank-1": 65.98984599113464, "Rank-5": 79.35702204704285, "Rank-10": 84.26395654678345}, "best_epoch": 1}
{"event": "epoch", "dataset": "MSVR310", "epoch": 2, "steps": 20, "mean_loss": 4.891948556900024, "seconds": 13.554559173993766, "official_fused": {"mAP": 48.93763921976113, "Rank-1": 67.17427968978882, "Rank-5": 78.84940505027771, "Rank-10": 84.77157354354858}, "best_epoch": 1}
{"event": "epoch", "dataset": "MSVR310", "epoch": 3, "steps": 20, "mean_loss": 4.403699970245361, "seconds": 13.6185700979986, "official_fused": {"mAP": 49.76092658940276, "Rank-1": 65.48223495483398, "Rank-5": 80.7106614112854, "Rank-10": 85.27919054031372}, "best_epoch": 3}
{"event": "epoch", "dataset": "MSVR310", "epoch": 4, "steps": 20, "mean_loss": 3.7443944454193114, "seconds": 13.460824526002398, "official_fused": {"mAP": 48.772068637424766, "Rank-1": 64.97461795806885, "Rank-5": 78.17258834838867, "Rank-10": 83.75634551048279}, "best_epoch": 3}
{"event": "epoch", "dataset": "MSVR310", "epoch": 5, "steps": 20, "mean_loss": 2.994896411895752, "seconds": 13.691298220001045, "official_fused": {"mAP": 47.924974786752834, "Rank-1": 64.29780125617981, "Rank-5": 77.66497731208801, "Rank-10": 84.77157354354858}, "best_epoch": 3}
{"event": "epoch", "dataset": "MSVR310", "epoch": 6, "steps": 20, "mean_loss": 2.283024388551712, "seconds": 13.68078577099368, "official_fused": {"mAP": 50.66776545978183, "Rank-1": 68.358713388443, "Rank-5": 81.21827244758606, "Rank-10": 86.46361827850342}, "best_epoch": 6}
{"event": "epoch", "dataset": "MSVR310", "epoch": 7, "steps": 20, "mean_loss": 1.7574418485164642, "seconds": 13.675858550996054, "official_fused": {"mAP": 50.23071776873634, "Rank-1": 67.00507402420044, "Rank-5": 80.03383874893188, "Rank-10": 87.98646330833435}, "best_epoch": 6}
{"event": "epoch", "dataset": "MSVR310", "epoch": 8, "steps": 20, "mean_loss": 1.4351383209228517, "seconds": 13.747520121003618, "official_fused": {"mAP": 52.992888197735475, "Rank-1": 68.86633038520813, "Rank-5": 82.23350048065186, "Rank-10": 87.98646330833435}, "best_epoch": 8}
{"event": "epoch", "dataset": "MSVR310", "epoch": 9, "steps": 20, "mean_loss": 1.1902310490608214, "seconds": 13.782326233005733, "official_fused": {"mAP": 48.843307079471884, "Rank-1": 65.82064032554626, "Rank-5": 79.6954333782196, "Rank-10": 85.44839024543762}, "best_epoch": 8}
{"event": "epoch", "dataset": "MSVR310", "epoch": 10, "steps": 20, "mean_loss": 1.109002262353897, "seconds": 13.902667510992615, "official_fused": {"mAP": 53.0720840016063, "Rank-1": 67.68189668655396, "Rank-5": 83.07952880859375, "Rank-10": 89.00169134140015}, "best_epoch": 10}
{"event": "epoch", "dataset": "MSVR310", "epoch": 11, "steps": 20, "mean_loss": 1.0432948648929596, "seconds": 13.852574639007798, "official_fused": {"mAP": 51.17231865760795, "Rank-1": 66.49746298789978, "Rank-5": 81.89509510993958, "Rank-10": 87.30964660644531}, "best_epoch": 10}
{"event": "epoch", "dataset": "MSVR310", "epoch": 12, "steps": 20, "mean_loss": 1.0113421976566315, "seconds": 14.108625469001709, "official_fused": {"mAP": 51.514356272747975, "Rank-1": 68.52791905403137, "Rank-5": 81.21827244758606, "Rank-10": 87.30964660644531}, "best_epoch": 10}
{"event": "epoch", "dataset": "MSVR310", "epoch": 13, "steps": 20, "mean_loss": 0.9933365285396576, "seconds": 13.814575553988107, "official_fused": {"mAP": 50.125658332803624, "Rank-1": 66.3282573223114, "Rank-5": 81.21827244758606, "Rank-10": 86.6328239440918}, "best_epoch": 10}
{"event": "epoch", "dataset": "MSVR310", "epoch": 14, "steps": 20, "mean_loss": 0.9763818085193634, "seconds": 13.718821328002377, "official_fused": {"mAP": 48.53537380321621, "Rank-1": 64.63621258735657, "Rank-5": 78.84940505027771, "Rank-10": 86.12521290779114}, "best_epoch": 10}
{"event": "epoch", "dataset": "MSVR310", "epoch": 15, "steps": 20, "mean_loss": 0.9799483865499496, "seconds": 13.832284535004874, "official_fused": {"mAP": 48.58899926104349, "Rank-1": 65.14382362365723, "Rank-5": 80.37225008010864, "Rank-10": 86.29441857337952}, "best_epoch": 10}
{"event": "epoch", "dataset": "MSVR310", "epoch": 16, "steps": 20, "mean_loss": 0.9483694732189178, "seconds": 13.763838781989762, "official_fused": {"mAP": 49.55776988182527, "Rank-1": 66.3282573223114, "Rank-5": 80.54145574569702, "Rank-10": 86.6328239440918}, "best_epoch": 10}
{"event": "epoch", "dataset": "MSVR310", "epoch": 17, "steps": 20, "mean_loss": 0.9430175483226776, "seconds": 13.760756970004877, "official_fused": {"mAP": 48.61397086484645, "Rank-1": 65.48223495483398, "Rank-5": 79.6954333782196, "Rank-10": 84.26395654678345}, "best_epoch": 10}
{"event": "epoch", "dataset": "MSVR310", "epoch": 18, "steps": 20, "mean_loss": 0.9342901676893234, "seconds": 14.137020640002447, "official_fused": {"mAP": 49.215322545632745, "Rank-1": 65.82064032554626, "Rank-5": 80.37225008010864, "Rank-10": 85.95600724220276}, "best_epoch": 10}
{"event": "epoch", "dataset": "MSVR310", "epoch": 19, "steps": 20, "mean_loss": 0.9404272317886353, "seconds": 14.009653909990448, "official_fused": {"mAP": 49.20184197000438, "Rank-1": 64.29780125617981, "Rank-5": 79.52622771263123, "Rank-10": 85.78680157661438}, "best_epoch": 10}
{"event": "epoch", "dataset": "MSVR310", "epoch": 20, "steps": 20, "mean_loss": 0.9312181651592255, "seconds": 13.90245145499648, "official_fused": {"mAP": 47.18914621989658, "Rank-1": 63.113367557525635, "Rank-5": 78.17258834838867, "Rank-10": 84.77157354354858}, "best_epoch": 10}
{"event": "epoch", "dataset": "MSVR310", "epoch": 21, "steps": 20, "mean_loss": 0.9201216489076615, "seconds": 13.610478357004467, "official_fused": {"mAP": 47.30132780244958, "Rank-1": 63.79018425941467, "Rank-5": 78.68020534515381, "Rank-10": 84.6023678779602}, "best_epoch": 10}
{"event": "epoch", "dataset": "MSVR310", "epoch": 22, "steps": 20, "mean_loss": 0.9202911376953125, "seconds": 13.833361814002274, "official_fused": {"mAP": 48.950137749007474, "Rank-1": 67.3434853553772, "Rank-5": 81.04906678199768, "Rank-10": 85.27919054031372}, "best_epoch": 10}
{"event": "epoch", "dataset": "MSVR310", "epoch": 23, "steps": 20, "mean_loss": 0.915689367055893, "seconds": 13.767333276002319, "official_fused": {"mAP": 50.54713610597481, "Rank-1": 68.02030205726624, "Rank-5": 81.38747811317444, "Rank-10": 87.30964660644531}, "best_epoch": 10}
{"event": "epoch", "dataset": "MSVR310", "epoch": 24, "steps": 20, "mean_loss": 0.9116254448890686, "seconds": 13.973987457007752, "official_fused": {"mAP": 50.17176048213683, "Rank-1": 68.02030205726624, "Rank-5": 81.38747811317444, "Rank-10": 86.6328239440918}, "best_epoch": 10}
{"event": "epoch", "dataset": "MSVR310", "epoch": 25, "steps": 20, "mean_loss": 0.9122260838747025, "seconds": 13.663999468000839, "official_fused": {"mAP": 49.72764324601964, "Rank-1": 68.52791905403137, "Rank-5": 82.40270614624023, "Rank-10": 86.6328239440918}, "best_epoch": 10}
{"event": "epoch", "dataset": "MSVR310", "epoch": 26, "steps": 20, "mean_loss": 0.9032157838344574, "seconds": 13.880938772999798, "official_fused": {"mAP": 46.912489575091264, "Rank-1": 64.29780125617981, "Rank-5": 79.18781638145447, "Rank-10": 85.27919054031372}, "best_epoch": 10}
{"event": "epoch", "dataset": "MSVR310", "epoch": 27, "steps": 20, "mean_loss": 0.9004443645477295, "seconds": 13.762165667998488, "official_fused": {"mAP": 46.850401617961765, "Rank-1": 64.46700692176819, "Rank-5": 78.17258834838867, "Rank-10": 82.74111747741699}, "best_epoch": 10}
{"event": "epoch", "dataset": "MSVR310", "epoch": 28, "steps": 20, "mean_loss": 0.8973046749830246, "seconds": 13.762733554001898, "official_fused": {"mAP": 48.75749513638615, "Rank-1": 65.48223495483398, "Rank-5": 80.54145574569702, "Rank-10": 87.64805197715759}, "best_epoch": 10}
{"event": "epoch", "dataset": "MSVR310", "epoch": 29, "steps": 20, "mean_loss": 0.8976209908723831, "seconds": 13.922441682007047, "official_fused": {"mAP": 48.64835840972595, "Rank-1": 65.48223495483398, "Rank-5": 79.86463904380798, "Rank-10": 84.77157354354858}, "best_epoch": 10}
{"event": "epoch", "dataset": "MSVR310", "epoch": 30, "steps": 20, "mean_loss": 0.895093896985054, "seconds": 13.75887936099025, "official_fused": {"mAP": 48.752605691202085, "Rank-1": 65.14382362365723, "Rank-5": 80.7106614112854, "Rank-10": 86.29441857337952}, "best_epoch": 10}
{"event": "epoch", "dataset": "MSVR310", "epoch": 31, "steps": 20, "mean_loss": 0.8948406040668487, "seconds": 13.795783830995788, "official_fused": {"mAP": 48.44895977771433, "Rank-1": 65.98984599113464, "Rank-5": 80.7106614112854, "Rank-10": 85.95600724220276}, "best_epoch": 10}
{"event": "epoch", "dataset": "MSVR310", "epoch": 32, "steps": 20, "mean_loss": 0.8912250190973282, "seconds": 14.049420191004174, "official_fused": {"mAP": 47.29554291353736, "Rank-1": 63.95938992500305, "Rank-5": 77.83417701721191, "Rank-10": 84.26395654678345}, "best_epoch": 10}
{"event": "epoch", "dataset": "MSVR310", "epoch": 33, "steps": 20, "mean_loss": 0.8883514374494552, "seconds": 13.993702049003332, "official_fused": {"mAP": 48.07666642221758, "Rank-1": 64.97461795806885, "Rank-5": 80.03383874893188, "Rank-10": 87.14044094085693}, "best_epoch": 10}
{"event": "epoch", "dataset": "MSVR310", "epoch": 34, "steps": 20, "mean_loss": 0.8893135577440262, "seconds": 13.83179771900177, "official_fused": {"mAP": 46.85043520720392, "Rank-1": 63.79018425941467, "Rank-5": 78.68020534515381, "Rank-10": 85.617595911026}, "best_epoch": 10}
{"event": "epoch", "dataset": "MSVR310", "epoch": 35, "steps": 20, "mean_loss": 0.8872299939393997, "seconds": 14.001091621001251, "official_fused": {"mAP": 46.82916921533764, "Rank-1": 63.45177888870239, "Rank-5": 77.66497731208801, "Rank-10": 83.75634551048279}, "best_epoch": 10}
{"event": "epoch", "dataset": "MSVR310", "epoch": 36, "steps": 20, "mean_loss": 0.8860467582941055, "seconds": 13.95289322899771, "official_fused": {"mAP": 46.46328201685102, "Rank-1": 62.6057505607605, "Rank-5": 78.34179401397705, "Rank-10": 84.94077920913696}, "best_epoch": 10}
{"event": "epoch", "dataset": "MSVR310", "epoch": 37, "steps": 20, "mean_loss": 0.8841592282056808, "seconds": 13.839464037999278, "official_fused": {"mAP": 46.99877653738372, "Rank-1": 64.29780125617981, "Rank-5": 78.17258834838867, "Rank-10": 86.29441857337952}, "best_epoch": 10}
{"event": "epoch", "dataset": "MSVR310", "epoch": 38, "steps": 20, "mean_loss": 0.8865600407123566, "seconds": 13.876519186000223, "official_fused": {"mAP": 46.77031163219583, "Rank-1": 64.80541229248047, "Rank-5": 78.34179401397705, "Rank-10": 85.95600724220276}, "best_epoch": 10}
{"event": "epoch", "dataset": "MSVR310", "epoch": 39, "steps": 20, "mean_loss": 0.8855353444814682, "seconds": 13.891019389993744, "official_fused": {"mAP": 47.755733969999696, "Rank-1": 65.82064032554626, "Rank-5": 78.17258834838867, "Rank-10": 84.94077920913696}, "best_epoch": 10}
{"event": "epoch", "dataset": "MSVR310", "epoch": 40, "steps": 20, "mean_loss": 0.8834068834781647, "seconds": 13.840707142997417, "official_fused": {"mAP": 47.2140457269768, "Rank-1": 65.82064032554626, "Rank-5": 79.35702204704285, "Rank-10": 85.78680157661438}, "best_epoch": 10}
{"event": "epoch", "dataset": "MSVR310", "epoch": 41, "steps": 20, "mean_loss": 0.8810746550559998, "seconds": 13.881033100013155, "official_fused": {"mAP": 46.761925917829004, "Rank-1": 64.63621258735657, "Rank-5": 79.86463904380798, "Rank-10": 85.44839024543762}, "best_epoch": 10}
{"event": "epoch", "dataset": "MSVR310", "epoch": 42, "steps": 20, "mean_loss": 0.8798831701278687, "seconds": 13.815498914991622, "official_fused": {"mAP": 47.07900009516575, "Rank-1": 64.63621258735657, "Rank-5": 79.35702204704285, "Rank-10": 85.10998487472534}, "best_epoch": 10}
{"event": "epoch", "dataset": "MSVR310", "epoch": 43, "steps": 20, "mean_loss": 0.8778932869434357, "seconds": 13.649614860012662, "official_fused": {"mAP": 47.052480529196615, "Rank-1": 64.63621258735657, "Rank-5": 79.18781638145447, "Rank-10": 84.26395654678345}, "best_epoch": 10}
{"event": "epoch", "dataset": "MSVR310", "epoch": 44, "steps": 20, "mean_loss": 0.8778150171041489, "seconds": 13.832335511004203, "official_fused": {"mAP": 46.67112808370841, "Rank-1": 64.29780125617981, "Rank-5": 78.51099967956543, "Rank-10": 83.75634551048279}, "best_epoch": 10}
{"event": "epoch", "dataset": "MSVR310", "epoch": 45, "steps": 20, "mean_loss": 0.8811830788850784, "seconds": 14.064036468000268, "official_fused": {"mAP": 46.53023104277299, "Rank-1": 64.12859559059143, "Rank-5": 78.68020534515381, "Rank-10": 84.6023678779602}, "best_epoch": 10}
{"event": "epoch", "dataset": "MSVR310", "epoch": 46, "steps": 20, "mean_loss": 0.8798432260751724, "seconds": 13.951037883001845, "official_fused": {"mAP": 46.39057636144336, "Rank-1": 63.95938992500305, "Rank-5": 78.51099967956543, "Rank-10": 84.6023678779602}, "best_epoch": 10}
{"event": "epoch", "dataset": "MSVR310", "epoch": 47, "steps": 20, "mean_loss": 0.8827188163995743, "seconds": 14.003763643995626, "official_fused": {"mAP": 46.30131184560441, "Rank-1": 63.45177888870239, "Rank-5": 78.51099967956543, "Rank-10": 84.77157354354858}, "best_epoch": 10}
{"event": "epoch", "dataset": "MSVR310", "epoch": 48, "steps": 20, "mean_loss": 0.8769671648740769, "seconds": 13.863177516002906, "official_fused": {"mAP": 46.29928919968977, "Rank-1": 63.45177888870239, "Rank-5": 78.68020534515381, "Rank-10": 85.10998487472534}, "best_epoch": 10}
{"event": "epoch", "dataset": "MSVR310", "epoch": 49, "steps": 20, "mean_loss": 0.880469661951065, "seconds": 13.896998794007231, "official_fused": {"mAP": 46.33785570953653, "Rank-1": 63.620978593826294, "Rank-5": 78.84940505027771, "Rank-10": 85.27919054031372}, "best_epoch": 10}
{"event": "epoch", "dataset": "MSVR310", "epoch": 50, "steps": 20, "mean_loss": 0.8783045828342437, "seconds": 13.98380445499788, "official_fused": {"mAP": 46.37970220502894, "Rank-1": 63.79018425941467, "Rank-5": 78.84940505027771, "Rank-10": 85.27919054031372}, "best_epoch": 10}
