/data/gaob/Re-ID/conda-envs/tri_reid/lib/python3.10/site-packages/timm/models/helpers.py:7: FutureWarning: Importing from timm.models.helpers is deprecated, please import via timm.models
  warnings.warn(f"Importing from {__name__} is deprecated, please import via timm.models", FutureWarning)
/data/gaob/Re-ID/conda-envs/tri_reid/lib/python3.10/site-packages/timm/models/registry.py:4: FutureWarning: Importing from timm.models.registry is deprecated, please import via timm.models
  warnings.warn(f"Importing from {__name__} is deprecated, please import via timm.models", FutureWarning)
/data/gaob/Re-ID/conda-envs/tri_reid/lib/python3.10/site-packages/timm/models/layers/__init__.py:48: FutureWarning: Importing from timm.models.layers is deprecated, please import via timm.layers
  warnings.warn(f"Importing from {__name__} is deprecated, please import via timm.layers", FutureWarning)
建立transformer............
using Transformer_type: ViT-B-16 as a backbone
Resized position embedding: %s to %s torch.Size([197, 768]) torch.Size([129, 768])
Position embedding resize to height:8 width: 16
Successfully load ckpt!
<All keys matched successfully>
Loading pretrained model from CLIP
camera number is : 8
===========Building Signal===========
using soft triplet loss for training
label smooth on, numclasses: 50
{"event": "epoch", "dataset": "RGBNT100", "recipe": "author", "epoch": 1, "steps": 62, "mean_loss": 7.533171115383025, "seconds": 60.25014012400061, "official_fused": {"mAP": 62.25972209476176, "Rank-1": 84.66472029685974, "Rank-5": 86.70554161071777, "Rank-10": 87.87171840667725}}
{"event": "epoch", "dataset": "RGBNT100", "recipe": "author", "epoch": 2, "steps": 62, "mean_loss": 5.220063409497661, "seconds": 58.88924147398211, "official_fused": {"mAP": 77.33981452997607, "Rank-1": 94.40233111381531, "Rank-5": 94.8104977607727, "Rank-10": 95.21865844726562}}
{"event": "epoch", "dataset": "RGBNT100", "recipe": "author", "epoch": 3, "steps": 63, "mean_loss": 3.100661099903167, "seconds": 62.856632873998024, "official_fused": {"mAP": 81.19908328488027, "Rank-1": 93.87755393981934, "Rank-5": 95.04373073577881, "Rank-10": 95.33527493476868}}
{"event": "epoch", "dataset": "RGBNT100", "recipe": "author", "epoch": 4, "steps": 61, "mean_loss": 1.7376984494631407, "seconds": 60.19736930192448, "official_fused": {"mAP": 83.98722066645993, "Rank-1": 94.69387531280518, "Rank-5": 95.04373073577881, "Rank-10": 95.56851387023926}}
{"event": "epoch", "dataset": "RGBNT100", "recipe": "author", "epoch": 5, "steps": 63, "mean_loss": 1.1421428209259397, "seconds": 59.83998581394553, "official_fused": {"mAP": 85.17347376562927, "Rank-1": 96.0932970046997, "Rank-5": 96.38484120368958, "Rank-10": 97.14285731315613}}
{"event": "epoch", "dataset": "RGBNT100", "recipe": "author", "epoch": 6, "steps": 63, "mean_loss": 0.9900065111735511, "seconds": 60.0432848460041, "official_fused": {"mAP": 85.35257910129481, "Rank-1": 96.03498578071594, "Rank-5": 96.44314646720886, "Rank-10": 96.7930018901825}}
{"event": "epoch", "dataset": "RGBNT100", "recipe": "author", "epoch": 7, "steps": 62, "mean_loss": 0.903351810670668, "seconds": 59.443731559906155, "official_fused": {"mAP": 84.56859377681997, "Rank-1": 95.10204195976257, "Rank-5": 96.20991349220276, "Rank-10": 96.61807417869568}}
{"event": "epoch", "dataset": "RGBNT100", "recipe": "author", "epoch": 8, "steps": 63, "mean_loss": 0.8491639352980114, "seconds": 60.0834990729345, "official_fused": {"mAP": 84.42907829512907, "Rank-1": 95.68513035774231, "Rank-5": 96.03498578071594, "Rank-10": 96.26821875572205}}
{"event": "epoch", "dataset": "RGBNT100", "recipe": "author", "epoch": 9, "steps": 63, "mean_loss": 0.8219205765497117, "seconds": 62.5499494910473, "official_fused": {"mAP": 85.1441231169282, "Rank-1": 96.26821875572205, "Rank-5": 96.90961837768555, "Rank-10": 97.14285731315613}}
{"event": "epoch", "dataset": "RGBNT100", "recipe": "author", "epoch": 10, "steps": 62, "mean_loss": 0.8098315490830329, "seconds": 62.085291580995545, "official_fused": {"mAP": 84.15672352344069, "Rank-1": 95.10204195976257, "Rank-5": 96.0932970046997, "Rank-10": 96.44314646720886}}
{"event": "epoch", "dataset": "RGBNT100", "recipe": "author", "epoch": 11, "steps": 63, "mean_loss": 0.7998834924092368, "seconds": 62.558522191946395, "official_fused": {"mAP": 84.68893862620692, "Rank-1": 95.80174684524536, "Rank-5": 96.44314646720886, "Rank-10": 96.73469662666321}}
{"event": "epoch", "dataset": "RGBNT100", "recipe": "author", "epoch": 12, "steps": 63, "mean_loss": 0.7841460345283388, "seconds": 61.03812259994447, "official_fused": {"mAP": 84.5358138652125, "Rank-1": 95.97667455673218, "Rank-5": 96.44314646720886, "Rank-10": 96.67638540267944}}
{"event": "epoch", "dataset": "RGBNT100", "recipe": "author", "epoch": 13, "steps": 63, "mean_loss": 0.7813088846585107, "seconds": 60.42273676896002, "official_fused": {"mAP": 84.69303914095255, "Rank-1": 96.26821875572205, "Rank-5": 96.67638540267944, "Rank-10": 96.90961837768555}}
{"event": "epoch", "dataset": "RGBNT100", "recipe": "author", "epoch": 14, "steps": 63, "mean_loss": 0.7765830774155874, "seconds": 60.275581698981114, "official_fused": {"mAP": 84.30749319585023, "Rank-1": 95.68513035774231, "Rank-5": 96.61807417869568, "Rank-10": 97.08454608917236}}
{"event": "epoch", "dataset": "RGBNT100", "recipe": "author", "epoch": 15, "steps": 63, "mean_loss": 0.7699079295945546, "seconds": 60.65122040908318, "official_fused": {"mAP": 84.1236871932643, "Rank-1": 95.39358615875244, "Rank-5": 96.20991349220276, "Rank-10": 96.7930018901825}}
{"event": "epoch", "dataset": "RGBNT100", "recipe": "author", "epoch": 16, "steps": 63, "mean_loss": 0.765325991880326, "seconds": 60.79413738998119, "official_fused": {"mAP": 84.1997322016666, "Rank-1": 96.26821875572205, "Rank-5": 96.85131311416626, "Rank-10": 97.14285731315613}}
{"event": "epoch", "dataset": "RGBNT100", "recipe": "author", "epoch": 17, "steps": 62, "mean_loss": 0.7598350653725285, "seconds": 59.204624581034295, "official_fused": {"mAP": 84.1862357618956, "Rank-1": 96.151602268219, "Rank-5": 96.67638540267944, "Rank-10": 96.67638540267944}}
{"event": "epoch", "dataset": "RGBNT100", "recipe": "author", "epoch": 18, "steps": 62, "mean_loss": 0.7577323384823338, "seconds": 58.9771902320208, "official_fused": {"mAP": 83.63343784186655, "Rank-1": 95.62682509422302, "Rank-5": 96.26821875572205, "Rank-10": 96.26821875572205}}
{"event": "epoch", "dataset": "RGBNT100", "recipe": "author", "epoch": 19, "steps": 63, "mean_loss": 0.7529071758663843, "seconds": 60.039274331065826, "official_fused": {"mAP": 83.77631356204994, "Rank-1": 95.56851387023926, "Rank-5": 96.0932970046997, "Rank-10": 96.38484120368958}}
{"event": "epoch", "dataset": "RGBNT100", "recipe": "author", "epoch": 20, "steps": 62, "mean_loss": 0.7508702076250507, "seconds": 59.20005946804304, "official_fused": {"mAP": 83.3740155420743, "Rank-1": 96.20991349220276, "Rank-5": 96.50145769119263, "Rank-10": 96.96792960166931}}
{"event": "epoch", "dataset": "RGBNT100", "recipe": "author", "epoch": 21, "steps": 63, "mean_loss": 0.7435643985157921, "seconds": 59.88284928491339, "official_fused": {"mAP": 83.59086812412895, "Rank-1": 95.80174684524536, "Rank-5": 96.26821875572205, "Rank-10": 96.50145769119263}}
{"event": "epoch", "dataset": "RGBNT100", "recipe": "author", "epoch": 22, "steps": 63, "mean_loss": 0.7402602235476176, "seconds": 60.460435535991564, "official_fused": {"mAP": 83.43853606473957, "Rank-1": 96.32652997970581, "Rank-5": 96.96792960166931, "Rank-10": 97.02624082565308}}
{"event": "epoch", "dataset": "RGBNT100", "recipe": "author", "epoch": 23, "steps": 63, "mean_loss": 0.7376711292872353, "seconds": 60.10040752100758, "official_fused": {"mAP": 83.40212156247632, "Rank-1": 95.5102026462555, "Rank-5": 96.03498578071594, "Rank-10": 96.32652997970581}}
{"event": "epoch", "dataset": "RGBNT100", "recipe": "author", "epoch": 24, "steps": 63, "mean_loss": 0.7369819141569591, "seconds": 60.385380940977484, "official_fused": {"mAP": 83.36232714858879, "Rank-1": 95.33527493476868, "Rank-5": 96.03498578071594, "Rank-10": 96.32652997970581}}
{"event": "epoch", "dataset": "RGBNT100", "recipe": "author", "epoch": 25, "steps": 63, "mean_loss": 0.7346721632140023, "seconds": 60.61426190298516, "official_fused": {"mAP": 82.93340136527468, "Rank-1": 95.62682509422302, "Rank-5": 96.26821875572205, "Rank-10": 96.26821875572205}}
{"event": "epoch", "dataset": "RGBNT100", "recipe": "author", "epoch": 26, "steps": 63, "mean_loss": 0.733589388075329, "seconds": 60.125790516030975, "official_fused": {"mAP": 83.27568167571575, "Rank-1": 96.151602268219, "Rank-5": 96.55976891517639, "Rank-10": 96.67638540267944}}
{"event": "epoch", "dataset": "RGBNT100", "recipe": "author", "epoch": 27, "steps": 63, "mean_loss": 0.7316388667575897, "seconds": 61.09477371093817, "official_fused": {"mAP": 82.92354409492985, "Rank-1": 95.39358615875244, "Rank-5": 96.26821875572205, "Rank-10": 96.38484120368958}}
{"event": "epoch", "dataset": "RGBNT100", "recipe": "author", "epoch": 28, "steps": 62, "mean_loss": 0.7306919568969358, "seconds": 59.31858215795364, "official_fused": {"mAP": 82.74538135803971, "Rank-1": 94.75218653678894, "Rank-5": 95.62682509422302, "Rank-10": 96.20991349220276}}
{"event": "epoch", "dataset": "RGBNT100", "recipe": "author", "epoch": 29, "steps": 63, "mean_loss": 0.7310620915322077, "seconds": 60.114999430952594, "official_fused": {"mAP": 82.89347715051798, "Rank-1": 94.86880302429199, "Rank-5": 95.68513035774231, "Rank-10": 95.80174684524536}}
{"event": "epoch", "dataset": "RGBNT100", "recipe": "author", "epoch": 30, "steps": 62, "mean_loss": 0.7283209937234079, "seconds": 59.55159868998453, "official_fused": {"mAP": 82.78100026502024, "Rank-1": 95.4518973827362, "Rank-5": 95.97667455673218, "Rank-10": 96.32652997970581}}
{"event": "epoch", "dataset": "RGBNT100", "recipe": "author", "epoch": 31, "steps": 62, "mean_loss": 0.728385817620062, "seconds": 60.42695494997315, "official_fused": {"mAP": 82.48517499980137, "Rank-1": 95.5102026462555, "Rank-5": 95.97667455673218, "Rank-10": 96.44314646720886}}
{"event": "epoch", "dataset": "RGBNT100", "recipe": "author", "epoch": 32, "steps": 62, "mean_loss": 0.7271092822474818, "seconds": 59.973035537055694, "official_fused": {"mAP": 82.67397691820312, "Rank-1": 95.5102026462555, "Rank-5": 96.03498578071594, "Rank-10": 96.55976891517639}}
{"event": "epoch", "dataset": "RGBNT100", "recipe": "author", "epoch": 33, "steps": 63, "mean_loss": 0.7263234702367631, "seconds": 60.500539539032616, "official_fused": {"mAP": 82.46779570116814, "Rank-1": 94.69387531280518, "Rank-5": 95.4518973827362, "Rank-10": 96.32652997970581}}
{"event": "epoch", "dataset": "RGBNT100", "recipe": "author", "epoch": 34, "steps": 62, "mean_loss": 0.7257166899019672, "seconds": 59.64469068299513, "official_fused": {"mAP": 82.35374581527904, "Rank-1": 94.98542547225952, "Rank-5": 95.62682509422302, "Rank-10": 96.61807417869568}}
{"event": "epoch", "dataset": "RGBNT100", "recipe": "author", "epoch": 35, "steps": 63, "mean_loss": 0.7250273379068526, "seconds": 60.558808041969314, "official_fused": {"mAP": 82.36147160041273, "Rank-1": 95.27696967124939, "Rank-5": 96.20991349220276, "Rank-10": 96.38484120368958}}
{"event": "epoch", "dataset": "RGBNT100", "recipe": "author", "epoch": 36, "steps": 62, "mean_loss": 0.7268090526903829, "seconds": 59.28510904905852, "official_fused": {"mAP": 82.46054014992167, "Rank-1": 95.33527493476868, "Rank-5": 96.03498578071594, "Rank-10": 96.26821875572205}}
{"event": "epoch", "dataset": "RGBNT100", "recipe": "author", "epoch": 37, "steps": 63, "mean_loss": 0.7247972819540236, "seconds": 60.82032993703615, "official_fused": {"mAP": 82.12928140006434, "Rank-1": 95.16034722328186, "Rank-5": 95.62682509422302, "Rank-10": 96.32652997970581}}
{"event": "epoch", "dataset": "RGBNT100", "recipe": "author", "epoch": 38, "steps": 63, "mean_loss": 0.7240046735793825, "seconds": 60.531926681054756, "official_fused": {"mAP": 82.16001789999112, "Rank-1": 95.10204195976257, "Rank-5": 95.74344158172607, "Rank-10": 96.38484120368958}}
{"event": "epoch", "dataset": "RGBNT100", "recipe": "author", "epoch": 39, "steps": 63, "mean_loss": 0.7245565340632484, "seconds": 60.770994001068175, "official_fused": {"mAP": 81.92930873345766, "Rank-1": 94.98542547225952, "Rank-5": 95.68513035774231, "Rank-10": 96.03498578071594}}
{"event": "epoch", "dataset": "RGBNT100", "recipe": "author", "epoch": 40, "steps": 62, "mean_loss": 0.7232602171359523, "seconds": 59.67538201797288, "official_fused": {"mAP": 82.07154277493488, "Rank-1": 95.10204195976257, "Rank-5": 95.74344158172607, "Rank-10": 95.97667455673218}}
{"event": "epoch", "dataset": "RGBNT100", "recipe": "author", "epoch": 41, "steps": 63, "mean_loss": 0.7237479819191827, "seconds": 59.44819033192471, "official_fused": {"mAP": 81.85966748480433, "Rank-1": 94.86880302429199, "Rank-5": 95.21865844726562, "Rank-10": 95.86005806922913}}
{"event": "epoch", "dataset": "RGBNT100", "recipe": "author", "epoch": 42, "steps": 63, "mean_loss": 0.7227751205837916, "seconds": 60.331717622000724, "official_fused": {"mAP": 81.90668146320735, "Rank-1": 94.92711424827576, "Rank-5": 95.68513035774231, "Rank-10": 96.0932970046997}}
{"event": "epoch", "dataset": "RGBNT100", "recipe": "author", "epoch": 43, "steps": 62, "mean_loss": 0.7231111353443515, "seconds": 59.13493393990211, "official_fused": {"mAP": 81.83064729121129, "Rank-1": 94.69387531280518, "Rank-5": 95.16034722328186, "Rank-10": 95.86005806922913}}
{"event": "epoch", "dataset": "RGBNT100", "recipe": "author", "epoch": 44, "steps": 62, "mean_loss": 0.7223834481931501, "seconds": 60.02111833007075, "official_fused": {"mAP": 81.91687733551451, "Rank-1": 94.51894760131836, "Rank-5": 95.39358615875244, "Rank-10": 96.20991349220276}}
{"event": "epoch", "dataset": "RGBNT100", "recipe": "author", "epoch": 45, "steps": 62, "mean_loss": 0.7228350418229257, "seconds": 59.82256480306387, "official_fused": {"mAP": 81.90756270806857, "Rank-1": 95.10204195976257, "Rank-5": 95.91836929321289, "Rank-10": 96.26821875572205}}
{"event": "epoch", "dataset": "RGBNT100", "recipe": "author", "epoch": 46, "steps": 63, "mean_loss": 0.7220690619377863, "seconds": 59.731156358961016, "official_fused": {"mAP": 82.04969353612003, "Rank-1": 95.10204195976257, "Rank-5": 95.80174684524536, "Rank-10": 96.20991349220276}}
{"event": "epoch", "dataset": "RGBNT100", "recipe": "author", "epoch": 47, "steps": 62, "mean_loss": 0.7218814078838595, "seconds": 59.72242884198204, "official_fused": {"mAP": 81.92296900889006, "Rank-1": 94.86880302429199, "Rank-5": 95.4518973827362, "Rank-10": 96.20991349220276}}
{"event": "epoch", "dataset": "RGBNT100", "recipe": "author", "epoch": 48, "steps": 63, "mean_loss": 0.7221116849354335, "seconds": 60.229131840053014, "official_fused": {"mAP": 81.92963823993233, "Rank-1": 94.69387531280518, "Rank-5": 95.62682509422302, "Rank-10": 96.20991349220276}}
{"event": "epoch", "dataset": "RGBNT100", "recipe": "author", "epoch": 49, "steps": 63, "mean_loss": 0.7221602409604996, "seconds": 59.88329928799067, "official_fused": {"mAP": 81.88083769443686, "Rank-1": 94.92711424827576, "Rank-5": 95.91836929321289, "Rank-10": 96.38484120368958}}
{"event": "epoch", "dataset": "RGBNT100", "recipe": "author", "epoch": 50, "steps": 62, "mean_loss": 0.721723529600328, "seconds": 59.51570971705951, "official_fused": {"mAP": 81.82550334204286, "Rank-1": 95.04373073577881, "Rank-5": 95.74344158172607, "Rank-10": 96.151602268219}}
