/data/gaob/Re-ID/conda-envs/tri_reid/lib/python3.10/site-packages/timm/models/helpers.py:7: FutureWarning: Importing from timm.models.helpers is deprecated, please import via timm.models
  warnings.warn(f"Importing from {__name__} is deprecated, please import via timm.models", FutureWarning)
/data/gaob/Re-ID/conda-envs/tri_reid/lib/python3.10/site-packages/timm/models/registry.py:4: FutureWarning: Importing from timm.models.registry is deprecated, please import via timm.models
  warnings.warn(f"Importing from {__name__} is deprecated, please import via timm.models", FutureWarning)
/data/gaob/Re-ID/conda-envs/tri_reid/lib/python3.10/site-packages/timm/models/layers/__init__.py:48: FutureWarning: Importing from timm.models.layers is deprecated, please import via timm.layers
  warnings.warn(f"Importing from {__name__} is deprecated, please import via timm.layers", FutureWarning)
建立transformer............
using Transformer_type: ViT-B-16 as a backbone
Resized position embedding: %s to %s torch.Size([197, 768]) torch.Size([129, 768])
Position embedding resize to height:8 width: 16
Successfully load ckpt!
<All keys matched successfully>
Loading pretrained model from CLIP
camera number is : 8
===========Building Signal===========
using soft triplet loss for training
label smooth on, numclasses: 50
{"event": "epoch", "dataset": "RGBNT100", "recipe": "author", "epoch": 1, "steps": 62, "mean_loss": 7.5066034024761565, "seconds": 53.72850023896899, "official_fused": {"mAP": 63.16323792629505, "Rank-1": 86.00583076477051, "Rank-5": 88.22157382965088, "Rank-10": 89.21282887458801}}
{"event": "epoch", "dataset": "RGBNT100", "recipe": "author", "epoch": 2, "steps": 62, "mean_loss": 5.134609007066296, "seconds": 52.12694870098494, "official_fused": {"mAP": 75.0387127180959, "Rank-1": 91.1953330039978, "Rank-5": 92.59475469589233, "Rank-10": 93.35277080535889}}
{"event": "epoch", "dataset": "RGBNT100", "recipe": "author", "epoch": 3, "steps": 63, "mean_loss": 2.9840631712050665, "seconds": 53.459521985962056, "official_fused": {"mAP": 83.27641714352806, "Rank-1": 95.4518973827362, "Rank-5": 95.56851387023926, "Rank-10": 95.86005806922913}}
{"event": "epoch", "dataset": "RGBNT100", "recipe": "author", "epoch": 4, "steps": 61, "mean_loss": 1.6649590769752127, "seconds": 51.560575620038435, "official_fused": {"mAP": 84.77840309607463, "Rank-1": 94.28571462631226, "Rank-5": 95.10204195976257, "Rank-10": 95.33527493476868}}
{"event": "epoch", "dataset": "RGBNT100", "recipe": "author", "epoch": 5, "steps": 63, "mean_loss": 1.1176246584407867, "seconds": 54.151644967030734, "official_fused": {"mAP": 86.0716911856034, "Rank-1": 95.4518973827362, "Rank-5": 95.91836929321289, "Rank-10": 96.50145769119263}}
{"event": "epoch", "dataset": "RGBNT100", "recipe": "author", "epoch": 6, "steps": 63, "mean_loss": 0.98286520583289, "seconds": 54.45221986202523, "official_fused": {"mAP": 84.91417348976799, "Rank-1": 96.20991349220276, "Rank-5": 97.08454608917236, "Rank-10": 97.72594571113586}}
{"event": "epoch", "dataset": "RGBNT100", "recipe": "author", "epoch": 7, "steps": 62, "mean_loss": 0.9002615146098598, "seconds": 52.16147049202118, "official_fused": {"mAP": 85.54506891442037, "Rank-1": 95.62682509422302, "Rank-5": 96.38484120368958, "Rank-10": 96.85131311416626}}
{"event": "epoch", "dataset": "RGBNT100", "recipe": "author", "epoch": 8, "steps": 63, "mean_loss": 0.8518515096770393, "seconds": 53.482193712028675, "official_fused": {"mAP": 84.96143552766114, "Rank-1": 95.16034722328186, "Rank-5": 95.97667455673218, "Rank-10": 96.55976891517639}}
{"event": "epoch", "dataset": "RGBNT100", "recipe": "author", "epoch": 9, "steps": 63, "mean_loss": 0.8223289610847594, "seconds": 53.32023988000583, "official_fused": {"mAP": 85.70866978310114, "Rank-1": 95.74344158172607, "Rank-5": 96.73469662666321, "Rank-10": 97.20116853713989}}
{"event": "epoch", "dataset": "RGBNT100", "recipe": "author", "epoch": 10, "steps": 62, "mean_loss": 0.8087692549151759, "seconds": 53.76353175798431, "official_fused": {"mAP": 84.64330470591997, "Rank-1": 95.04373073577881, "Rank-5": 96.20991349220276, "Rank-10": 96.7930018901825}}
{"event": "epoch", "dataset": "RGBNT100", "recipe": "author", "epoch": 11, "steps": 63, "mean_loss": 0.7955447539450631, "seconds": 52.54289118107408, "official_fused": {"mAP": 84.99293452638939, "Rank-1": 95.10204195976257, "Rank-5": 96.55976891517639, "Rank-10": 97.37609624862671}}
{"event": "epoch", "dataset": "RGBNT100", "recipe": "author", "epoch": 12, "steps": 63, "mean_loss": 0.7836855725636558, "seconds": 52.62223413202446, "official_fused": {"mAP": 84.83927609379141, "Rank-1": 94.75218653678894, "Rank-5": 96.32652997970581, "Rank-10": 97.20116853713989}}
{"event": "epoch", "dataset": "RGBNT100", "recipe": "author", "epoch": 13, "steps": 63, "mean_loss": 0.7801959959287492, "seconds": 54.23364011000376, "official_fused": {"mAP": 84.83774867051388, "Rank-1": 95.16034722328186, "Rank-5": 96.26821875572205, "Rank-10": 96.73469662666321}}
{"event": "epoch", "dataset": "RGBNT100", "recipe": "author", "epoch": 14, "steps": 63, "mean_loss": 0.7775942768369403, "seconds": 54.25533087796066, "official_fused": {"mAP": 85.03071281435744, "Rank-1": 95.39358615875244, "Rank-5": 96.50145769119263, "Rank-10": 97.31778502464294}}
{"event": "epoch", "dataset": "RGBNT100", "recipe": "author", "epoch": 15, "steps": 63, "mean_loss": 0.7724429189212738, "seconds": 52.98083372798283, "official_fused": {"mAP": 84.8300175505234, "Rank-1": 95.21865844726562, "Rank-5": 96.20991349220276, "Rank-10": 97.02624082565308}}
{"event": "epoch", "dataset": "RGBNT100", "recipe": "author", "epoch": 16, "steps": 63, "mean_loss": 0.7651864214548989, "seconds": 54.33809830993414, "official_fused": {"mAP": 84.65776677591083, "Rank-1": 94.46064233779907, "Rank-5": 96.0932970046997, "Rank-10": 96.96792960166931}}
{"event": "epoch", "dataset": "RGBNT100", "recipe": "author", "epoch": 17, "steps": 62, "mean_loss": 0.7586148179346516, "seconds": 53.862144202925265, "official_fused": {"mAP": 85.19573337068212, "Rank-1": 95.21865844726562, "Rank-5": 96.38484120368958, "Rank-10": 96.96792960166931}}
{"event": "epoch", "dataset": "RGBNT100", "recipe": "author", "epoch": 18, "steps": 62, "mean_loss": 0.7610479631731587, "seconds": 52.454117789980955, "official_fused": {"mAP": 84.43081834889001, "Rank-1": 95.16034722328186, "Rank-5": 96.20991349220276, "Rank-10": 96.7930018901825}}
{"event": "epoch", "dataset": "RGBNT100", "recipe": "author", "epoch": 19, "steps": 63, "mean_loss": 0.7501202263529338, "seconds": 54.254052725969814, "official_fused": {"mAP": 84.41033406405454, "Rank-1": 95.5102026462555, "Rank-5": 96.44314646720886, "Rank-10": 97.14285731315613}}
{"event": "epoch", "dataset": "RGBNT100", "recipe": "author", "epoch": 20, "steps": 62, "mean_loss": 0.74826798131389, "seconds": 53.499946088995785, "official_fused": {"mAP": 84.68874196199752, "Rank-1": 96.151602268219, "Rank-5": 96.90961837768555, "Rank-10": 97.434401512146}}
{"event": "epoch", "dataset": "RGBNT100", "recipe": "author", "epoch": 21, "steps": 63, "mean_loss": 0.7428725579428295, "seconds": 54.498840251006186, "official_fused": {"mAP": 84.33799365977656, "Rank-1": 95.5102026462555, "Rank-5": 96.38484120368958, "Rank-10": 96.85131311416626}}
{"event": "epoch", "dataset": "RGBNT100", "recipe": "author", "epoch": 22, "steps": 63, "mean_loss": 0.7404626957953923, "seconds": 53.620739575941116, "official_fused": {"mAP": 84.33745337377239, "Rank-1": 95.16034722328186, "Rank-5": 95.86005806922913, "Rank-10": 96.32652997970581}}
{"event": "epoch", "dataset": "RGBNT100", "recipe": "author", "epoch": 23, "steps": 63, "mean_loss": 0.7371342380841573, "seconds": 54.58064806892071, "official_fused": {"mAP": 83.94319927010099, "Rank-1": 94.63557004928589, "Rank-5": 95.86005806922913, "Rank-10": 96.32652997970581}}
{"event": "epoch", "dataset": "RGBNT100", "recipe": "author", "epoch": 24, "steps": 63, "mean_loss": 0.7379540498294528, "seconds": 54.209770153975114, "official_fused": {"mAP": 84.00271094639402, "Rank-1": 94.86880302429199, "Rank-5": 95.91836929321289, "Rank-10": 96.38484120368958}}
{"event": "epoch", "dataset": "RGBNT100", "recipe": "author", "epoch": 25, "steps": 63, "mean_loss": 0.7360734400295076, "seconds": 54.49386859394144, "official_fused": {"mAP": 83.85572098526617, "Rank-1": 95.39358615875244, "Rank-5": 96.03498578071594, "Rank-10": 96.50145769119263}}
{"event": "epoch", "dataset": "RGBNT100", "recipe": "author", "epoch": 26, "steps": 63, "mean_loss": 0.7336011897949946, "seconds": 54.04199981095735, "official_fused": {"mAP": 83.49369005429351, "Rank-1": 94.92711424827576, "Rank-5": 95.80174684524536, "Rank-10": 96.50145769119263}}
{"event": "epoch", "dataset": "RGBNT100", "recipe": "author", "epoch": 27, "steps": 63, "mean_loss": 0.7322186979036482, "seconds": 54.37108188995626, "official_fused": {"mAP": 83.58081832498584, "Rank-1": 95.10204195976257, "Rank-5": 95.74344158172607, "Rank-10": 96.55976891517639}}
{"event": "epoch", "dataset": "RGBNT100", "recipe": "author", "epoch": 28, "steps": 62, "mean_loss": 0.7304506945994592, "seconds": 52.2172293929616, "official_fused": {"mAP": 83.52538556147722, "Rank-1": 94.63557004928589, "Rank-5": 95.4518973827362, "Rank-10": 96.26821875572205}}
{"event": "epoch", "dataset": "RGBNT100", "recipe": "author", "epoch": 29, "steps": 63, "mean_loss": 0.731439369065421, "seconds": 54.84533244499471, "official_fused": {"mAP": 83.52513660734745, "Rank-1": 94.57725882530212, "Rank-5": 94.98542547225952, "Rank-10": 95.62682509422302}}
{"event": "epoch", "dataset": "RGBNT100", "recipe": "author", "epoch": 30, "steps": 62, "mean_loss": 0.728658192580746, "seconds": 53.485361639992334, "official_fused": {"mAP": 83.10981135253135, "Rank-1": 94.63557004928589, "Rank-5": 95.4518973827362, "Rank-10": 95.97667455673218}}
{"event": "epoch", "dataset": "RGBNT100", "recipe": "author", "epoch": 31, "steps": 62, "mean_loss": 0.7288271217576919, "seconds": 52.697536709019914, "official_fused": {"mAP": 82.84896595481692, "Rank-1": 93.81924271583557, "Rank-5": 94.46064233779907, "Rank-10": 95.33527493476868}}
{"event": "epoch", "dataset": "RGBNT100", "recipe": "author", "epoch": 32, "steps": 62, "mean_loss": 0.7275914021076695, "seconds": 54.042363706976175, "official_fused": {"mAP": 82.88618222873738, "Rank-1": 94.05247569084167, "Rank-5": 94.63557004928589, "Rank-10": 95.56851387023926}}
{"event": "epoch", "dataset": "RGBNT100", "recipe": "author", "epoch": 33, "steps": 63, "mean_loss": 0.7267057460451883, "seconds": 53.64539377298206, "official_fused": {"mAP": 82.80980072470973, "Rank-1": 94.1690981388092, "Rank-5": 94.75218653678894, "Rank-10": 95.33527493476868}}
{"event": "epoch", "dataset": "RGBNT100", "recipe": "author", "epoch": 34, "steps": 62, "mean_loss": 0.7263746155846503, "seconds": 52.93293965398334, "official_fused": {"mAP": 82.9119544737377, "Rank-1": 93.93585920333862, "Rank-5": 94.63557004928589, "Rank-10": 95.74344158172607}}
{"event": "epoch", "dataset": "RGBNT100", "recipe": "author", "epoch": 35, "steps": 63, "mean_loss": 0.7253985319818769, "seconds": 53.6391258520307, "official_fused": {"mAP": 82.7808259441336, "Rank-1": 94.05247569084167, "Rank-5": 94.75218653678894, "Rank-10": 95.21865844726562}}
{"event": "epoch", "dataset": "RGBNT100", "recipe": "author", "epoch": 36, "steps": 62, "mean_loss": 0.7263488654167422, "seconds": 53.97233810799662, "official_fused": {"mAP": 82.76645901315352, "Rank-1": 93.99417042732239, "Rank-5": 94.57725882530212, "Rank-10": 95.27696967124939}}
{"event": "epoch", "dataset": "RGBNT100", "recipe": "author", "epoch": 37, "steps": 63, "mean_loss": 0.7247928220128256, "seconds": 53.57900122902356, "official_fused": {"mAP": 82.67156187406087, "Rank-1": 93.7609314918518, "Rank-5": 94.46064233779907, "Rank-10": 95.39358615875244}}
{"event": "epoch", "dataset": "RGBNT100", "recipe": "author", "epoch": 38, "steps": 63, "mean_loss": 0.7242357759248643, "seconds": 53.642127365921624, "official_fused": {"mAP": 82.62585067408635, "Rank-1": 93.7609314918518, "Rank-5": 94.86880302429199, "Rank-10": 95.56851387023926}}
{"event": "epoch", "dataset": "RGBNT100", "recipe": "author", "epoch": 39, "steps": 63, "mean_loss": 0.7240945488687546, "seconds": 54.741464848048054, "official_fused": {"mAP": 82.37832943357327, "Rank-1": 94.05247569084167, "Rank-5": 94.86880302429199, "Rank-10": 95.68513035774231}}
{"event": "epoch", "dataset": "RGBNT100", "recipe": "author", "epoch": 40, "steps": 62, "mean_loss": 0.7236156559759571, "seconds": 53.17045480397064, "official_fused": {"mAP": 82.4678344415297, "Rank-1": 94.34402585029602, "Rank-5": 94.8104977607727, "Rank-10": 95.68513035774231}}
{"event": "epoch", "dataset": "RGBNT100", "recipe": "author", "epoch": 41, "steps": 63, "mean_loss": 0.7288152802558172, "seconds": 54.602168488898315, "official_fused": {"mAP": 82.72884152091363, "Rank-1": 94.75218653678894, "Rank-5": 95.68513035774231, "Rank-10": 96.44314646720886}}
{"event": "epoch", "dataset": "RGBNT100", "recipe": "author", "epoch": 42, "steps": 63, "mean_loss": 0.7244180809883844, "seconds": 53.49522330996115, "official_fused": {"mAP": 82.48322176540532, "Rank-1": 94.8104977607727, "Rank-5": 95.62682509422302, "Rank-10": 96.32652997970581}}
{"event": "epoch", "dataset": "RGBNT100", "recipe": "author", "epoch": 43, "steps": 62, "mean_loss": 0.723512593776949, "seconds": 53.53394362295512, "official_fused": {"mAP": 82.48984217195179, "Rank-1": 94.69387531280518, "Rank-5": 95.39358615875244, "Rank-10": 95.97667455673218}}
{"event": "epoch", "dataset": "RGBNT100", "recipe": "author", "epoch": 44, "steps": 62, "mean_loss": 0.7228149992804374, "seconds": 53.17779008601792, "official_fused": {"mAP": 82.33279273025605, "Rank-1": 94.51894760131836, "Rank-5": 95.21865844726562, "Rank-10": 95.91836929321289}}
{"event": "epoch", "dataset": "RGBNT100", "recipe": "author", "epoch": 45, "steps": 62, "mean_loss": 0.722884532905394, "seconds": 53.83089925593231, "official_fused": {"mAP": 82.46561303471499, "Rank-1": 94.69387531280518, "Rank-5": 95.39358615875244, "Rank-10": 96.20991349220276}}
{"event": "epoch", "dataset": "RGBNT100", "recipe": "author", "epoch": 46, "steps": 63, "mean_loss": 0.7224003275235494, "seconds": 54.71890721900854, "official_fused": {"mAP": 82.48002024120836, "Rank-1": 94.51894760131836, "Rank-5": 95.21865844726562, "Rank-10": 95.97667455673218}}
{"event": "epoch", "dataset": "RGBNT100", "recipe": "author", "epoch": 47, "steps": 62, "mean_loss": 0.7218220945327513, "seconds": 53.68846200790722, "official_fused": {"mAP": 82.48013231807765, "Rank-1": 94.63557004928589, "Rank-5": 95.4518973827362, "Rank-10": 95.91836929321289}}
{"event": "epoch", "dataset": "RGBNT100", "recipe": "author", "epoch": 48, "steps": 63, "mean_loss": 0.7222182334415497, "seconds": 54.175805734004825, "official_fused": {"mAP": 82.34778663017505, "Rank-1": 94.46064233779907, "Rank-5": 95.04373073577881, "Rank-10": 95.74344158172607}}
{"event": "epoch", "dataset": "RGBNT100", "recipe": "author", "epoch": 49, "steps": 63, "mean_loss": 0.7222240926727416, "seconds": 54.40231589402538, "official_fused": {"mAP": 82.57205687770438, "Rank-1": 94.46064233779907, "Rank-5": 95.10204195976257, "Rank-10": 95.68513035774231}}
{"event": "epoch", "dataset": "RGBNT100", "recipe": "author", "epoch": 50, "steps": 62, "mean_loss": 0.7215123618802717, "seconds": 53.90331608406268, "official_fused": {"mAP": 82.44526291786906, "Rank-1": 94.51894760131836, "Rank-5": 95.04373073577881, "Rank-10": 95.80174684524536}}
