/data/gaob/Re-ID/conda-envs/tri_reid/lib/python3.10/site-packages/timm/models/helpers.py:7: FutureWarning: Importing from timm.models.helpers is deprecated, please import via timm.models
  warnings.warn(f"Importing from {__name__} is deprecated, please import via timm.models", FutureWarning)
/data/gaob/Re-ID/conda-envs/tri_reid/lib/python3.10/site-packages/timm/models/registry.py:4: FutureWarning: Importing from timm.models.registry is deprecated, please import via timm.models
  warnings.warn(f"Importing from {__name__} is deprecated, please import via timm.models", FutureWarning)
/data/gaob/Re-ID/conda-envs/tri_reid/lib/python3.10/site-packages/timm/models/layers/__init__.py:48: FutureWarning: Importing from timm.models.layers is deprecated, please import via timm.layers
  warnings.warn(f"Importing from {__name__} is deprecated, please import via timm.layers", FutureWarning)
建立transformer............
using Transformer_type: ViT-B-16 as a backbone
Resized position embedding: %s to %s torch.Size([197, 768]) torch.Size([129, 768])
Position embedding resize to height:16 width: 8
Successfully load ckpt!
<All keys matched successfully>
Loading pretrained model from CLIP
camera number is : 4
===========Building Signal===========
{"event": "epoch", "dataset": "RGBNT201", "epoch": 1, "steps": 53, "mean_loss": 4.999152948271553, "seconds": 32.81580992799718, "official_fused": {"mAP": 73.85348797309184, "Rank-1": 75.11961460113525, "Rank-5": 84.33014154434204, "Rank-10": 88.75598311424255}, "best_epoch": 1}
{"event": "epoch", "dataset": "RGBNT201", "epoch": 2, "steps": 53, "mean_loss": 4.15068265177169, "seconds": 30.63703242399788, "official_fused": {"mAP": 73.37636628688934, "Rank-1": 75.95694065093994, "Rank-5": 83.25358629226685, "Rank-10": 87.20095753669739}, "best_epoch": 1}
{"event": "epoch", "dataset": "RGBNT201", "epoch": 3, "steps": 53, "mean_loss": 2.7963504206459477, "seconds": 30.82161939899379, "official_fused": {"mAP": 70.37338763112557, "Rank-1": 70.33492922782898, "Rank-5": 79.0669858455658, "Rank-10": 84.09090638160706}, "best_epoch": 1}
{"event": "epoch", "dataset": "RGBNT201", "epoch": 4, "steps": 53, "mean_loss": 1.604908841960835, "seconds": 30.52211779000936, "official_fused": {"mAP": 72.34102553277805, "Rank-1": 73.44497442245483, "Rank-5": 81.81818127632141, "Rank-10": 87.08133697509766}, "best_epoch": 1}
{"event": "epoch", "dataset": "RGBNT201", "epoch": 5, "steps": 53, "mean_loss": 1.079473561835739, "seconds": 30.443359234006493, "official_fused": {"mAP": 70.89821766426302, "Rank-1": 71.77033424377441, "Rank-5": 82.77512192726135, "Rank-10": 86.12440228462219}, "best_epoch": 1}
{"event": "epoch", "dataset": "RGBNT201", "epoch": 6, "steps": 53, "mean_loss": 0.9410617688916764, "seconds": 30.584835286004818, "official_fused": {"mAP": 69.36378916610208, "Rank-1": 70.57416439056396, "Rank-5": 79.0669858455658, "Rank-10": 83.13397169113159}, "best_epoch": 1}
{"event": "epoch", "dataset": "RGBNT201", "epoch": 7, "steps": 53, "mean_loss": 0.908364954984413, "seconds": 30.92292532500869, "official_fused": {"mAP": 67.86913511995222, "Rank-1": 69.85645890235901, "Rank-5": 77.63158082962036, "Rank-10": 82.53588676452637}, "best_epoch": 1}
{"event": "epoch", "dataset": "RGBNT201", "epoch": 8, "steps": 53, "mean_loss": 0.8992882258487198, "seconds": 30.51673503300117, "official_fused": {"mAP": 69.46520551356623, "Rank-1": 70.21530866622925, "Rank-5": 79.904305934906, "Rank-10": 84.44976210594177}, "best_epoch": 1}
{"event": "epoch", "dataset": "RGBNT201", "epoch": 9, "steps": 53, "mean_loss": 0.893055111732123, "seconds": 30.438326525996672, "official_fused": {"mAP": 69.1619889055454, "Rank-1": 71.17224931716919, "Rank-5": 78.46890091896057, "Rank-10": 83.37320685386658}, "best_epoch": 1}
{"event": "epoch", "dataset": "RGBNT201", "epoch": 10, "steps": 53, "mean_loss": 0.890940212978507, "seconds": 30.506854134990135, "official_fused": {"mAP": 68.30125168316829, "Rank-1": 68.89952421188354, "Rank-5": 77.9904305934906, "Rank-10": 83.49282145500183}, "best_epoch": 1}
{"event": "epoch", "dataset": "RGBNT201", "epoch": 11, "steps": 53, "mean_loss": 0.8876119008604085, "seconds": 30.807465719000902, "official_fused": {"mAP": 70.17549583214954, "Rank-1": 70.33492922782898, "Rank-5": 79.18660044670105, "Rank-10": 84.56937670707703}, "best_epoch": 1}
{"event": "epoch", "dataset": "RGBNT201", "epoch": 12, "steps": 53, "mean_loss": 0.884075900293746, "seconds": 30.48819683000329, "official_fused": {"mAP": 69.63218479960852, "Rank-1": 70.69377899169922, "Rank-5": 79.30622100830078, "Rank-10": 83.37320685386658}, "best_epoch": 1}
{"event": "epoch", "dataset": "RGBNT201", "epoch": 13, "steps": 53, "mean_loss": 0.8825503835138285, "seconds": 30.704899538992322, "official_fused": {"mAP": 69.82318664348101, "Rank-1": 71.05262875556946, "Rank-5": 80.38277626037598, "Rank-10": 84.21052694320679}, "best_epoch": 1}
{"event": "epoch", "dataset": "RGBNT201", "epoch": 14, "steps": 53, "mean_loss": 0.8786981488173863, "seconds": 30.565783783007646, "official_fused": {"mAP": 69.83969744608456, "Rank-1": 70.57416439056396, "Rank-5": 78.70813608169556, "Rank-10": 83.13397169113159}, "best_epoch": 1}
{"event": "epoch", "dataset": "RGBNT201", "epoch": 15, "steps": 53, "mean_loss": 0.8759426789463691, "seconds": 30.57652673999837, "official_fused": {"mAP": 67.96688498483275, "Rank-1": 69.85645890235901, "Rank-5": 78.94737124443054, "Rank-10": 84.56937670707703}, "best_epoch": 1}
{"event": "epoch", "dataset": "RGBNT201", "epoch": 16, "steps": 53, "mean_loss": 0.8744145519328568, "seconds": 30.723901064004167, "official_fused": {"mAP": 68.42972682548303, "Rank-1": 69.73684430122375, "Rank-5": 77.75119543075562, "Rank-10": 83.01435112953186}, "best_epoch": 1}
{"event": "epoch", "dataset": "RGBNT201", "epoch": 17, "steps": 53, "mean_loss": 0.8696369540016606, "seconds": 30.54858226100623, "official_fused": {"mAP": 67.8129269327575, "Rank-1": 68.18181872367859, "Rank-5": 77.27272510528564, "Rank-10": 83.01435112953186}, "best_epoch": 1}
{"event": "epoch", "dataset": "RGBNT201", "epoch": 18, "steps": 53, "mean_loss": 0.8679077074212848, "seconds": 30.63608010900498, "official_fused": {"mAP": 67.83760710932123, "Rank-1": 69.25837397575378, "Rank-5": 77.03348994255066, "Rank-10": 82.53588676452637}, "best_epoch": 1}
{"event": "epoch", "dataset": "RGBNT201", "epoch": 19, "steps": 53, "mean_loss": 0.8677803379184795, "seconds": 30.714252006000606, "official_fused": {"mAP": 66.80113828027197, "Rank-1": 66.86602830886841, "Rank-5": 75.83732008934021, "Rank-10": 80.26315569877625}, "best_epoch": 1}
{"event": "epoch", "dataset": "RGBNT201", "epoch": 20, "steps": 53, "mean_loss": 0.8681384414996741, "seconds": 30.44591609899362, "official_fused": {"mAP": 67.71205960557936, "Rank-1": 67.58373379707336, "Rank-5": 77.15311050415039, "Rank-10": 83.61244201660156}, "best_epoch": 1}
{"event": "epoch", "dataset": "RGBNT201", "epoch": 21, "steps": 53, "mean_loss": 0.8686174739081904, "seconds": 30.57132116300636, "official_fused": {"mAP": 67.97378271595046, "Rank-1": 69.85645890235901, "Rank-5": 77.63158082962036, "Rank-10": 83.61244201660156}, "best_epoch": 1}
{"event": "epoch", "dataset": "RGBNT201", "epoch": 22, "steps": 53, "mean_loss": 0.8646702440279834, "seconds": 30.595372294992558, "official_fused": {"mAP": 66.15383021548816, "Rank-1": 65.78947305679321, "Rank-5": 76.19616985321045, "Rank-10": 82.0574164390564}, "best_epoch": 1}
{"event": "epoch", "dataset": "RGBNT201", "epoch": 23, "steps": 53, "mean_loss": 0.8643903102514878, "seconds": 30.702794194003218, "official_fused": {"mAP": 68.69649633620496, "Rank-1": 70.81339955329895, "Rank-5": 79.30622100830078, "Rank-10": 84.09090638160706}, "best_epoch": 1}
{"event": "epoch", "dataset": "RGBNT201", "epoch": 24, "steps": 53, "mean_loss": 0.8614970423140615, "seconds": 30.491028003991232, "official_fused": {"mAP": 67.93040867903832, "Rank-1": 69.49760913848877, "Rank-5": 79.42583560943604, "Rank-10": 85.047847032547}, "best_epoch": 1}
{"event": "epoch", "dataset": "RGBNT201", "epoch": 25, "steps": 53, "mean_loss": 0.8605452809693679, "seconds": 30.583447214987245, "official_fused": {"mAP": 67.73474639717975, "Rank-1": 67.34449863433838, "Rank-5": 77.63158082962036, "Rank-10": 83.01435112953186}, "best_epoch": 1}
{"event": "epoch", "dataset": "RGBNT201", "epoch": 26, "steps": 53, "mean_loss": 0.8588573190401185, "seconds": 30.50306861299032, "official_fused": {"mAP": 66.98944025067787, "Rank-1": 67.58373379707336, "Rank-5": 76.67464017868042, "Rank-10": 82.29665160179138}, "best_epoch": 1}
{"event": "epoch", "dataset": "RGBNT201", "epoch": 27, "steps": 53, "mean_loss": 0.8572369802672908, "seconds": 30.55478572299762, "official_fused": {"mAP": 67.1280713864135, "Rank-1": 66.74641370773315, "Rank-5": 76.19616985321045, "Rank-10": 82.0574164390564}, "best_epoch": 1}
{"event": "epoch", "dataset": "RGBNT201", "epoch": 28, "steps": 53, "mean_loss": 0.856016920422608, "seconds": 30.488324164994992, "official_fused": {"mAP": 67.32338593116583, "Rank-1": 69.0191388130188, "Rank-5": 78.22966575622559, "Rank-10": 82.41626620292664}, "best_epoch": 1}
{"event": "epoch", "dataset": "RGBNT201", "epoch": 29, "steps": 53, "mean_loss": 0.8553554651872167, "seconds": 30.79920025599131, "official_fused": {"mAP": 67.58531472842877, "Rank-1": 69.73684430122375, "Rank-5": 78.46890091896057, "Rank-10": 82.17703104019165}, "best_epoch": 1}
{"event": "epoch", "dataset": "RGBNT201", "epoch": 30, "steps": 53, "mean_loss": 0.8547640037986467, "seconds": 30.644514860003255, "official_fused": {"mAP": 67.43320424109925, "Rank-1": 68.89952421188354, "Rank-5": 77.75119543075562, "Rank-10": 82.53588676452637}, "best_epoch": 1}
{"event": "epoch", "dataset": "RGBNT201", "epoch": 31, "steps": 53, "mean_loss": 0.8540487199459436, "seconds": 30.444483971994487, "official_fused": {"mAP": 68.01861880485257, "Rank-1": 69.0191388130188, "Rank-5": 79.42583560943604, "Rank-10": 82.8947365283966}, "best_epoch": 1}
{"event": "epoch", "dataset": "RGBNT201", "epoch": 32, "steps": 53, "mean_loss": 0.8537534902680595, "seconds": 30.473160308989463, "official_fused": {"mAP": 67.42766143189156, "Rank-1": 69.61722373962402, "Rank-5": 77.75119543075562, "Rank-10": 82.8947365283966}, "best_epoch": 1}
{"event": "epoch", "dataset": "RGBNT201", "epoch": 33, "steps": 53, "mean_loss": 0.8535570862158289, "seconds": 30.557706802006578, "official_fused": {"mAP": 64.52870206634323, "Rank-1": 65.90909361839294, "Rank-5": 75.59808492660522, "Rank-10": 80.62201142311096}, "best_epoch": 1}
{"event": "epoch", "dataset": "RGBNT201", "epoch": 34, "steps": 53, "mean_loss": 0.8513747644874284, "seconds": 30.543202533997828, "official_fused": {"mAP": 66.11049553516966, "Rank-1": 67.22487807273865, "Rank-5": 75.71770548820496, "Rank-10": 81.33971095085144}, "best_epoch": 1}
{"event": "epoch", "dataset": "RGBNT201", "epoch": 35, "steps": 53, "mean_loss": 0.8510886588186588, "seconds": 30.698517758006346, "official_fused": {"mAP": 66.31211787958375, "Rank-1": 67.22487807273865, "Rank-5": 76.31579041481018, "Rank-10": 81.93780183792114}, "best_epoch": 1}
{"event": "epoch", "dataset": "RGBNT201", "epoch": 36, "steps": 53, "mean_loss": 0.8505146031109792, "seconds": 30.9133504400088, "official_fused": {"mAP": 66.55444528320378, "Rank-1": 67.58373379707336, "Rank-5": 77.27272510528564, "Rank-10": 81.57894611358643}, "best_epoch": 1}
{"event": "epoch", "dataset": "RGBNT201", "epoch": 37, "steps": 53, "mean_loss": 0.8502221163713707, "seconds": 30.52920855699631, "official_fused": {"mAP": 65.75599483433318, "Rank-1": 67.82296895980835, "Rank-5": 76.79426074028015, "Rank-10": 81.93780183792114}, "best_epoch": 1}
{"event": "epoch", "dataset": "RGBNT201", "epoch": 38, "steps": 53, "mean_loss": 0.849452812716646, "seconds": 30.630201216990827, "official_fused": {"mAP": 65.56424713167014, "Rank-1": 66.74641370773315, "Rank-5": 76.0765552520752, "Rank-10": 81.93780183792114}, "best_epoch": 1}
{"event": "epoch", "dataset": "RGBNT201", "epoch": 39, "steps": 53, "mean_loss": 0.8488799940864995, "seconds": 30.673418551989016, "official_fused": {"mAP": 65.92130898437925, "Rank-1": 66.86602830886841, "Rank-5": 77.63158082962036, "Rank-10": 82.0574164390564}, "best_epoch": 1}
{"event": "epoch", "dataset": "RGBNT201", "epoch": 40, "steps": 53, "mean_loss": 0.8484899682818718, "seconds": 30.706585102991085, "official_fused": {"mAP": 66.84686846687434, "Rank-1": 68.66028904914856, "Rank-5": 78.22966575622559, "Rank-10": 82.41626620292664}, "best_epoch": 1}
{"event": "epoch", "dataset": "RGBNT201", "epoch": 41, "steps": 53, "mean_loss": 0.8486823720752068, "seconds": 30.556772850992274, "official_fused": {"mAP": 66.56366410073228, "Rank-1": 68.18181872367859, "Rank-5": 77.39234566688538, "Rank-10": 82.0574164390564}, "best_epoch": 1}
{"event": "epoch", "dataset": "RGBNT201", "epoch": 42, "steps": 53, "mean_loss": 0.8480344268510926, "seconds": 30.522847300002468, "official_fused": {"mAP": 66.30400902603786, "Rank-1": 67.34449863433838, "Rank-5": 76.43540501594543, "Rank-10": 82.17703104019165}, "best_epoch": 1}
{"event": "epoch", "dataset": "RGBNT201", "epoch": 43, "steps": 53, "mean_loss": 0.8477891424916825, "seconds": 30.330265019001672, "official_fused": {"mAP": 66.53167827267598, "Rank-1": 67.9425835609436, "Rank-5": 76.79426074028015, "Rank-10": 82.53588676452637}, "best_epoch": 1}
{"event": "epoch", "dataset": "RGBNT201", "epoch": 44, "steps": 53, "mean_loss": 0.8478660763434644, "seconds": 30.608493131992873, "official_fused": {"mAP": 66.03738988065084, "Rank-1": 67.1052634716034, "Rank-5": 76.55502557754517, "Rank-10": 82.0574164390564}, "best_epoch": 1}
{"event": "epoch", "dataset": "RGBNT201", "epoch": 45, "steps": 53, "mean_loss": 0.8483412142069835, "seconds": 30.900306727999123, "official_fused": {"mAP": 65.97095941512751, "Rank-1": 67.34449863433838, "Rank-5": 76.31579041481018, "Rank-10": 82.0574164390564}, "best_epoch": 1}
{"event": "epoch", "dataset": "RGBNT201", "epoch": 46, "steps": 52, "mean_loss": 0.8477445691823959, "seconds": 30.12867873199866, "official_fused": {"mAP": 65.85639796399306, "Rank-1": 67.70334839820862, "Rank-5": 76.31579041481018, "Rank-10": 81.93780183792114}, "best_epoch": 1}
{"event": "epoch", "dataset": "RGBNT201", "epoch": 47, "steps": 53, "mean_loss": 0.8472953236327981, "seconds": 30.573325961013325, "official_fused": {"mAP": 65.958075553688, "Rank-1": 67.70334839820862, "Rank-5": 75.95694065093994, "Rank-10": 81.81818127632141}, "best_epoch": 1}
{"event": "epoch", "dataset": "RGBNT201", "epoch": 48, "steps": 53, "mean_loss": 0.8474902105781267, "seconds": 30.9310960300063, "official_fused": {"mAP": 65.96749094364085, "Rank-1": 67.70334839820862, "Rank-5": 76.0765552520752, "Rank-10": 81.93780183792114}, "best_epoch": 1}
{"event": "epoch", "dataset": "RGBNT201", "epoch": 49, "steps": 53, "mean_loss": 0.8473765985021051, "seconds": 30.660881787989638, "official_fused": {"mAP": 65.96613763227438, "Rank-1": 67.82296895980835, "Rank-5": 76.0765552520752, "Rank-10": 82.0574164390564}, "best_epoch": 1}
{"event": "epoch", "dataset": "RGBNT201", "epoch": 50, "steps": 53, "mean_loss": 0.8477877502171498, "seconds": 30.61186646099668, "official_fused": {"mAP": 65.95633424071463, "Rank-1": 67.9425835609436, "Rank-5": 75.95694065093994, "Rank-10": 82.0574164390564}, "best_epoch": 1}
