/data/gaob/Re-ID/conda-envs/tri_reid/lib/python3.10/site-packages/timm/models/helpers.py:7: FutureWarning: Importing from timm.models.helpers is deprecated, please import via timm.models
  warnings.warn(f"Importing from {__name__} is deprecated, please import via timm.models", FutureWarning)
/data/gaob/Re-ID/conda-envs/tri_reid/lib/python3.10/site-packages/timm/models/registry.py:4: FutureWarning: Importing from timm.models.registry is deprecated, please import via timm.models
  warnings.warn(f"Importing from {__name__} is deprecated, please import via timm.models", FutureWarning)
/data/gaob/Re-ID/conda-envs/tri_reid/lib/python3.10/site-packages/timm/models/layers/__init__.py:48: FutureWarning: Importing from timm.models.layers is deprecated, please import via timm.layers
  warnings.warn(f"Importing from {__name__} is deprecated, please import via timm.layers", FutureWarning)
建立transformer............
using Transformer_type: ViT-B-16 as a backbone
Resized position embedding: %s to %s torch.Size([197, 768]) torch.Size([129, 768])
Position embedding resize to height:8 width: 16
Successfully load ckpt!
<All keys matched successfully>
Loading pretrained model from CLIP
camera number is : 8
===========Building Signal===========
using soft triplet loss for training
label smooth on, numclasses: 50
{"event": "epoch", "dataset": "RGBNT100", "recipe": "native", "epoch": 1, "steps": 62, "mean_loss": 10.997373811660275, "seconds": 68.83370410598582, "official_fused": {"mAP": 58.47922839578139, "Rank-1": 83.09037685394287, "Rank-5": 84.7230315208435, "Rank-10": 86.47230267524719}}
{"event": "epoch", "dataset": "RGBNT100", "recipe": "native", "epoch": 2, "steps": 62, "mean_loss": 8.550585131491385, "seconds": 66.71371334901778, "official_fused": {"mAP": 70.46882688591103, "Rank-1": 87.81341314315796, "Rank-5": 88.92128467559814, "Rank-10": 89.6793007850647}}
{"event": "epoch", "dataset": "RGBNT100", "recipe": "native", "epoch": 3, "steps": 63, "mean_loss": 5.213676804587955, "seconds": 66.64278978295624, "official_fused": {"mAP": 76.5912523923377, "Rank-1": 92.06997156143188, "Rank-5": 93.00291538238525, "Rank-10": 93.41107606887817}}
{"event": "epoch", "dataset": "RGBNT100", "recipe": "native", "epoch": 4, "steps": 61, "mean_loss": 2.655538658626744, "seconds": 64.27637980104191, "official_fused": {"mAP": 81.12918319999167, "Rank-1": 94.8104977607727, "Rank-5": 95.16034722328186, "Rank-10": 95.39358615875244}}
{"event": "epoch", "dataset": "RGBNT100", "recipe": "native", "epoch": 5, "steps": 63, "mean_loss": 1.6695004834069147, "seconds": 66.478213194001, "official_fused": {"mAP": 83.20174653723248, "Rank-1": 95.74344158172607, "Rank-5": 96.50145769119263, "Rank-10": 97.08454608917236}}
{"event": "epoch", "dataset": "RGBNT100", "recipe": "native", "epoch": 6, "steps": 63, "mean_loss": 1.4197925518429468, "seconds": 66.24310287297703, "official_fused": {"mAP": 82.69449464030205, "Rank-1": 95.39358615875244, "Rank-5": 96.44314646720886, "Rank-10": 96.67638540267944}}
{"event": "epoch", "dataset": "RGBNT100", "recipe": "native", "epoch": 7, "steps": 62, "mean_loss": 1.304804996136696, "seconds": 66.89804413804086, "official_fused": {"mAP": 83.25391882130006, "Rank-1": 96.26821875572205, "Rank-5": 96.96792960166931, "Rank-10": 97.31778502464294}}
{"event": "epoch", "dataset": "RGBNT100", "recipe": "native", "epoch": 8, "steps": 63, "mean_loss": 1.2418066168588304, "seconds": 67.70868244802114, "official_fused": {"mAP": 83.19031699443308, "Rank-1": 96.38484120368958, "Rank-5": 97.25947380065918, "Rank-10": 97.60932922363281}}
{"event": "epoch", "dataset": "RGBNT100", "recipe": "native", "epoch": 9, "steps": 63, "mean_loss": 1.2061245990177942, "seconds": 67.43625077995239, "official_fused": {"mAP": 83.5904654424885, "Rank-1": 96.32652997970581, "Rank-5": 97.02624082565308, "Rank-10": 97.49271273612976}}
{"event": "epoch", "dataset": "RGBNT100", "recipe": "native", "epoch": 10, "steps": 62, "mean_loss": 1.1790363019512546, "seconds": 65.81840276502771, "official_fused": {"mAP": 83.1729661214265, "Rank-1": 96.50145769119263, "Rank-5": 97.25947380065918, "Rank-10": 97.66764044761658}}
{"event": "epoch", "dataset": "RGBNT100", "recipe": "native", "epoch": 11, "steps": 63, "mean_loss": 1.1652743513621981, "seconds": 67.92694999900414, "official_fused": {"mAP": 83.15767681890752, "Rank-1": 96.26821875572205, "Rank-5": 97.20116853713989, "Rank-10": 97.55101799964905}}
{"event": "epoch", "dataset": "RGBNT100", "recipe": "native", "epoch": 12, "steps": 63, "mean_loss": 1.153173397457789, "seconds": 66.37359136698069, "official_fused": {"mAP": 82.91092358464351, "Rank-1": 96.50145769119263, "Rank-5": 97.20116853713989, "Rank-10": 97.8425681591034}}
{"event": "epoch", "dataset": "RGBNT100", "recipe": "native", "epoch": 13, "steps": 63, "mean_loss": 1.1481459613830325, "seconds": 66.52009858202655, "official_fused": {"mAP": 83.0573902954021, "Rank-1": 96.90961837768555, "Rank-5": 97.37609624862671, "Rank-10": 97.78425693511963}}
{"event": "epoch", "dataset": "RGBNT100", "recipe": "native", "epoch": 14, "steps": 63, "mean_loss": 1.142937703738137, "seconds": 67.05661578499712, "official_fused": {"mAP": 83.55406421994765, "Rank-1": 96.73469662666321, "Rank-5": 97.20116853713989, "Rank-10": 97.55101799964905}}
{"event": "epoch", "dataset": "RGBNT100", "recipe": "native", "epoch": 15, "steps": 63, "mean_loss": 1.135906314092969, "seconds": 67.54047641699435, "official_fused": {"mAP": 83.02880527019101, "Rank-1": 95.86005806922913, "Rank-5": 96.50145769119263, "Rank-10": 96.90961837768555}}
{"event": "epoch", "dataset": "RGBNT100", "recipe": "native", "epoch": 16, "steps": 63, "mean_loss": 1.1264471667153495, "seconds": 67.23899224901106, "official_fused": {"mAP": 82.8075438753801, "Rank-1": 96.55976891517639, "Rank-5": 97.25947380065918, "Rank-10": 97.31778502464294}}
{"event": "epoch", "dataset": "RGBNT100", "recipe": "native", "epoch": 17, "steps": 62, "mean_loss": 1.1179573708964932, "seconds": 65.20617806399241, "official_fused": {"mAP": 82.82014098070374, "Rank-1": 96.03498578071594, "Rank-5": 96.50145769119263, "Rank-10": 96.96792960166931}}
{"event": "epoch", "dataset": "RGBNT100", "recipe": "native", "epoch": 18, "steps": 62, "mean_loss": 1.1144072913354444, "seconds": 66.27551847696304, "official_fused": {"mAP": 83.04033833285919, "Rank-1": 96.32652997970581, "Rank-5": 97.08454608917236, "Rank-10": 97.55101799964905}}
{"event": "epoch", "dataset": "RGBNT100", "recipe": "native", "epoch": 19, "steps": 63, "mean_loss": 1.1098844115696256, "seconds": 66.33995468099602, "official_fused": {"mAP": 82.31701809006292, "Rank-1": 95.68513035774231, "Rank-5": 96.67638540267944, "Rank-10": 96.90961837768555}}
{"event": "epoch", "dataset": "RGBNT100", "recipe": "native", "epoch": 20, "steps": 62, "mean_loss": 1.10650199074899, "seconds": 64.71544908196665, "official_fused": {"mAP": 82.05591665367623, "Rank-1": 96.20991349220276, "Rank-5": 97.02624082565308, "Rank-10": 97.14285731315613}}
{"event": "epoch", "dataset": "RGBNT100", "recipe": "native", "epoch": 21, "steps": 63, "mean_loss": 1.1018359225893777, "seconds": 66.96318081498612, "official_fused": {"mAP": 82.88165643717275, "Rank-1": 95.86005806922913, "Rank-5": 96.67638540267944, "Rank-10": 97.08454608917236}}
{"event": "epoch", "dataset": "RGBNT100", "recipe": "native", "epoch": 22, "steps": 63, "mean_loss": 1.1046533565672616, "seconds": 66.3828577750246, "official_fused": {"mAP": 82.18560001822894, "Rank-1": 96.38484120368958, "Rank-5": 97.37609624862671, "Rank-10": 97.8425681591034}}
{"event": "epoch", "dataset": "RGBNT100", "recipe": "native", "epoch": 23, "steps": 63, "mean_loss": 1.0956597271419706, "seconds": 66.6296606559772, "official_fused": {"mAP": 82.22470970168368, "Rank-1": 95.62682509422302, "Rank-5": 96.44314646720886, "Rank-10": 96.73469662666321}}
{"event": "epoch", "dataset": "RGBNT100", "recipe": "native", "epoch": 24, "steps": 63, "mean_loss": 1.0933442569914318, "seconds": 67.02720395399956, "official_fused": {"mAP": 82.54251555070357, "Rank-1": 95.21865844726562, "Rank-5": 96.38484120368958, "Rank-10": 96.61807417869568}}
{"event": "epoch", "dataset": "RGBNT100", "recipe": "native", "epoch": 25, "steps": 63, "mean_loss": 1.0921543382463001, "seconds": 66.17519117699703, "official_fused": {"mAP": 82.9152114454676, "Rank-1": 96.151602268219, "Rank-5": 96.7930018901825, "Rank-10": 97.02624082565308}}
{"event": "epoch", "dataset": "RGBNT100", "recipe": "native", "epoch": 26, "steps": 63, "mean_loss": 1.0922897032329015, "seconds": 67.23582592600724, "official_fused": {"mAP": 83.31118063732892, "Rank-1": 96.03498578071594, "Rank-5": 96.55976891517639, "Rank-10": 97.25947380065918}}
{"event": "epoch", "dataset": "RGBNT100", "recipe": "native", "epoch": 27, "steps": 63, "mean_loss": 1.0900578139320252, "seconds": 66.72151429997757, "official_fused": {"mAP": 82.91574724764035, "Rank-1": 96.0932970046997, "Rank-5": 96.73469662666321, "Rank-10": 97.20116853713989}}
{"event": "epoch", "dataset": "RGBNT100", "recipe": "native", "epoch": 28, "steps": 62, "mean_loss": 1.0880152237030767, "seconds": 65.5836502580205, "official_fused": {"mAP": 82.92051243173144, "Rank-1": 95.97667455673218, "Rank-5": 96.73469662666321, "Rank-10": 97.02624082565308}}
{"event": "epoch", "dataset": "RGBNT100", "recipe": "native", "epoch": 29, "steps": 63, "mean_loss": 1.0877747100497048, "seconds": 65.45512333599618, "official_fused": {"mAP": 82.716058321647, "Rank-1": 95.5102026462555, "Rank-5": 96.44314646720886, "Rank-10": 96.85131311416626}}
{"event": "epoch", "dataset": "RGBNT100", "recipe": "native", "epoch": 30, "steps": 62, "mean_loss": 1.084971135662448, "seconds": 65.49513933499111, "official_fused": {"mAP": 82.68588976276192, "Rank-1": 95.10204195976257, "Rank-5": 96.61807417869568, "Rank-10": 97.02624082565308}}
{"event": "epoch", "dataset": "RGBNT100", "recipe": "native", "epoch": 31, "steps": 62, "mean_loss": 1.0850812965823757, "seconds": 64.94841597502818, "official_fused": {"mAP": 81.99338354150892, "Rank-1": 95.56851387023926, "Rank-5": 95.91836929321289, "Rank-10": 96.0932970046997}}
{"event": "epoch", "dataset": "RGBNT100", "recipe": "native", "epoch": 32, "steps": 62, "mean_loss": 1.0836763824186018, "seconds": 64.48564756801352, "official_fused": {"mAP": 82.32815597266448, "Rank-1": 95.62682509422302, "Rank-5": 96.32652997970581, "Rank-10": 96.61807417869568}}
{"event": "epoch", "dataset": "RGBNT100", "recipe": "native", "epoch": 33, "steps": 63, "mean_loss": 1.081786450885591, "seconds": 67.2754714069888, "official_fused": {"mAP": 82.7201308691648, "Rank-1": 95.74344158172607, "Rank-5": 96.32652997970581, "Rank-10": 96.90961837768555}}
{"event": "epoch", "dataset": "RGBNT100", "recipe": "native", "epoch": 34, "steps": 62, "mean_loss": 1.081384716495391, "seconds": 65.63310074602487, "official_fused": {"mAP": 82.29307115755789, "Rank-1": 96.151602268219, "Rank-5": 96.7930018901825, "Rank-10": 97.08454608917236}}
{"event": "epoch", "dataset": "RGBNT100", "recipe": "native", "epoch": 35, "steps": 63, "mean_loss": 1.081293995418246, "seconds": 66.53799019701546, "official_fused": {"mAP": 82.59373744646092, "Rank-1": 95.91836929321289, "Rank-5": 96.90961837768555, "Rank-10": 97.37609624862671}}
{"event": "epoch", "dataset": "RGBNT100", "recipe": "native", "epoch": 36, "steps": 62, "mean_loss": 1.0851051903540088, "seconds": 65.66167662397493, "official_fused": {"mAP": 82.80870196771991, "Rank-1": 95.80174684524536, "Rank-5": 96.55976891517639, "Rank-10": 96.90961837768555}}
{"event": "epoch", "dataset": "RGBNT100", "recipe": "native", "epoch": 37, "steps": 63, "mean_loss": 1.081199634642828, "seconds": 66.65378903999226, "official_fused": {"mAP": 82.22634640358663, "Rank-1": 95.4518973827362, "Rank-5": 96.32652997970581, "Rank-10": 96.90961837768555}}
{"event": "epoch", "dataset": "RGBNT100", "recipe": "native", "epoch": 38, "steps": 63, "mean_loss": 1.0793625154192485, "seconds": 66.1325211939984, "official_fused": {"mAP": 82.34907582036911, "Rank-1": 95.39358615875244, "Rank-5": 96.55976891517639, "Rank-10": 96.73469662666321}}
{"event": "epoch", "dataset": "RGBNT100", "recipe": "native", "epoch": 39, "steps": 63, "mean_loss": 1.0803647552217757, "seconds": 67.29434148699511, "official_fused": {"mAP": 82.37734303618706, "Rank-1": 95.74344158172607, "Rank-5": 96.50145769119263, "Rank-10": 96.90961837768555}}
{"event": "epoch", "dataset": "RGBNT100", "recipe": "native", "epoch": 40, "steps": 62, "mean_loss": 1.0793141261223824, "seconds": 64.99939094297588, "official_fused": {"mAP": 82.40395308556393, "Rank-1": 95.80174684524536, "Rank-5": 96.44314646720886, "Rank-10": 96.55976891517639}}
{"event": "epoch", "dataset": "RGBNT100", "recipe": "native", "epoch": 41, "steps": 63, "mean_loss": 1.078991967534262, "seconds": 66.91726822103374, "official_fused": {"mAP": 82.52603708625625, "Rank-1": 95.80174684524536, "Rank-5": 96.44314646720886, "Rank-10": 96.90961837768555}}
{"event": "epoch", "dataset": "RGBNT100", "recipe": "native", "epoch": 42, "steps": 63, "mean_loss": 1.0784383728390647, "seconds": 66.85734047699952, "official_fused": {"mAP": 82.56155230215417, "Rank-1": 95.68513035774231, "Rank-5": 96.61807417869568, "Rank-10": 96.85131311416626}}
{"event": "epoch", "dataset": "RGBNT100", "recipe": "native", "epoch": 43, "steps": 62, "mean_loss": 1.0782792433615653, "seconds": 66.25567357102409, "official_fused": {"mAP": 82.56734176795403, "Rank-1": 95.91836929321289, "Rank-5": 96.7930018901825, "Rank-10": 96.90961837768555}}
{"event": "epoch", "dataset": "RGBNT100", "recipe": "native", "epoch": 44, "steps": 62, "mean_loss": 1.0777644822674413, "seconds": 66.50786516000517, "official_fused": {"mAP": 82.5834858961445, "Rank-1": 95.80174684524536, "Rank-5": 96.67638540267944, "Rank-10": 97.02624082565308}}
{"event": "epoch", "dataset": "RGBNT100", "recipe": "native", "epoch": 45, "steps": 62, "mean_loss": 1.078284865425479, "seconds": 65.99814456497552, "official_fused": {"mAP": 82.52331095986656, "Rank-1": 95.80174684524536, "Rank-5": 96.38484120368958, "Rank-10": 96.90961837768555}}
{"event": "epoch", "dataset": "RGBNT100", "recipe": "native", "epoch": 46, "steps": 63, "mean_loss": 1.0775860661552066, "seconds": 66.70753330399748, "official_fused": {"mAP": 82.73630567411523, "Rank-1": 95.86005806922913, "Rank-5": 96.73469662666321, "Rank-10": 96.96792960166931}}
{"event": "epoch", "dataset": "RGBNT100", "recipe": "native", "epoch": 47, "steps": 62, "mean_loss": 1.07764999135848, "seconds": 64.77346285997191, "official_fused": {"mAP": 82.6728721843787, "Rank-1": 95.86005806922913, "Rank-5": 96.73469662666321, "Rank-10": 96.85131311416626}}
{"event": "epoch", "dataset": "RGBNT100", "recipe": "native", "epoch": 48, "steps": 63, "mean_loss": 1.077178468779912, "seconds": 66.48325383500196, "official_fused": {"mAP": 82.52911265614297, "Rank-1": 95.80174684524536, "Rank-5": 96.67638540267944, "Rank-10": 96.90961837768555}}
{"event": "epoch", "dataset": "RGBNT100", "recipe": "native", "epoch": 49, "steps": 63, "mean_loss": 1.077355937352256, "seconds": 65.835017838981, "official_fused": {"mAP": 82.48411259016495, "Rank-1": 95.68513035774231, "Rank-5": 96.7930018901825, "Rank-10": 97.02624082565308}}
{"event": "epoch", "dataset": "RGBNT100", "recipe": "native", "epoch": 50, "steps": 62, "mean_loss": 1.0771319731589286, "seconds": 65.63233241904527, "official_fused": {"mAP": 82.38690188688255, "Rank-1": 95.80174684524536, "Rank-5": 96.67638540267944, "Rank-10": 96.7930018901825}}
