/data/gaob/Re-ID/conda-envs/tri_reid/lib/python3.10/site-packages/timm/models/helpers.py:7: FutureWarning: Importing from timm.models.helpers is deprecated, please import via timm.models
  warnings.warn(f"Importing from {__name__} is deprecated, please import via timm.models", FutureWarning)
/data/gaob/Re-ID/conda-envs/tri_reid/lib/python3.10/site-packages/timm/models/registry.py:4: FutureWarning: Importing from timm.models.registry is deprecated, please import via timm.models
  warnings.warn(f"Importing from {__name__} is deprecated, please import via timm.models", FutureWarning)
/data/gaob/Re-ID/conda-envs/tri_reid/lib/python3.10/site-packages/timm/models/layers/__init__.py:48: FutureWarning: Importing from timm.models.layers is deprecated, please import via timm.layers
  warnings.warn(f"Importing from {__name__} is deprecated, please import via timm.layers", FutureWarning)
建立transformer............
using Transformer_type: ViT-B-16 as a backbone
Resized position embedding: %s to %s torch.Size([197, 768]) torch.Size([129, 768])
Position embedding resize to height:16 width: 8
Successfully load ckpt!
<All keys matched successfully>
Loading pretrained model from CLIP
camera number is : 4
===========Building Signal===========
{"event": "epoch", "dataset": "RGBNT201", "epoch": 1, "steps": 53, "mean_loss": 5.003391463801546, "seconds": 19.396979806013405, "official_fused": {"mAP": 72.01987224482168, "Rank-1": 73.32535982131958, "Rank-5": 82.65550136566162, "Rank-10": 87.79904246330261}, "best_epoch": 1}
{"event": "epoch", "dataset": "RGBNT201", "epoch": 2, "steps": 53, "mean_loss": 4.172607259930305, "seconds": 17.638555279001594, "official_fused": {"mAP": 72.4944296223129, "Rank-1": 74.04305934906006, "Rank-5": 82.41626620292664, "Rank-10": 87.91866302490234}, "best_epoch": 2}
{"event": "epoch", "dataset": "RGBNT201", "epoch": 3, "steps": 53, "mean_loss": 2.8354913153738344, "seconds": 18.45269433798967, "official_fused": {"mAP": 71.07572932983021, "Rank-1": 71.77033424377441, "Rank-5": 80.50239086151123, "Rank-10": 86.12440228462219}, "best_epoch": 2}
{"event": "epoch", "dataset": "RGBNT201", "epoch": 4, "steps": 53, "mean_loss": 1.6345256117154967, "seconds": 18.812827298999764, "official_fused": {"mAP": 71.2445341154055, "Rank-1": 71.77033424377441, "Rank-5": 79.78469133377075, "Rank-10": 85.047847032547}, "best_epoch": 2}
{"event": "epoch", "dataset": "RGBNT201", "epoch": 5, "steps": 53, "mean_loss": 1.092890850777896, "seconds": 18.932850370998494, "official_fused": {"mAP": 69.95671095239517, "Rank-1": 69.85645890235901, "Rank-5": 79.0669858455658, "Rank-10": 84.56937670707703}, "best_epoch": 2}
{"event": "epoch", "dataset": "RGBNT201", "epoch": 6, "steps": 53, "mean_loss": 0.9519540048995108, "seconds": 19.056729265998, "official_fused": {"mAP": 69.24044251253596, "Rank-1": 68.77990365028381, "Rank-5": 78.70813608169556, "Rank-10": 83.9712917804718}, "best_epoch": 2}
{"event": "epoch", "dataset": "RGBNT201", "epoch": 7, "steps": 53, "mean_loss": 0.9213664183076823, "seconds": 18.672633902999223, "official_fused": {"mAP": 68.35394195386296, "Rank-1": 67.70334839820862, "Rank-5": 76.79426074028015, "Rank-10": 82.65550136566162}, "best_epoch": 2}
{"event": "epoch", "dataset": "RGBNT201", "epoch": 8, "steps": 53, "mean_loss": 0.9117433822379922, "seconds": 18.83028674600064, "official_fused": {"mAP": 69.21316454793606, "Rank-1": 68.18181872367859, "Rank-5": 77.75119543075562, "Rank-10": 83.9712917804718}, "best_epoch": 2}
{"event": "epoch", "dataset": "RGBNT201", "epoch": 9, "steps": 53, "mean_loss": 0.9052141297538325, "seconds": 18.64864133100491, "official_fused": {"mAP": 69.96387699447057, "Rank-1": 70.095694065094, "Rank-5": 78.46890091896057, "Rank-10": 83.73205661773682}, "best_epoch": 2}
{"event": "epoch", "dataset": "RGBNT201", "epoch": 10, "steps": 53, "mean_loss": 0.9029914747993901, "seconds": 18.813909047006746, "official_fused": {"mAP": 68.92347435157559, "Rank-1": 69.73684430122375, "Rank-5": 78.11004519462585, "Rank-10": 83.37320685386658}, "best_epoch": 2}
{"event": "epoch", "dataset": "RGBNT201", "epoch": 11, "steps": 53, "mean_loss": 0.8971923106121567, "seconds": 18.97106018201157, "official_fused": {"mAP": 69.69874324333229, "Rank-1": 69.73684430122375, "Rank-5": 78.34928035736084, "Rank-10": 83.61244201660156}, "best_epoch": 2}
{"event": "epoch", "dataset": "RGBNT201", "epoch": 12, "steps": 53, "mean_loss": 0.896047313258333, "seconds": 18.769406418010476, "official_fused": {"mAP": 69.30461029589793, "Rank-1": 69.25837397575378, "Rank-5": 77.51196026802063, "Rank-10": 81.81818127632141}, "best_epoch": 2}
{"event": "epoch", "dataset": "RGBNT201", "epoch": 13, "steps": 53, "mean_loss": 0.8931014436595844, "seconds": 18.664678451998043, "official_fused": {"mAP": 68.21683122065883, "Rank-1": 68.06219816207886, "Rank-5": 78.34928035736084, "Rank-10": 82.17703104019165}, "best_epoch": 2}
{"event": "epoch", "dataset": "RGBNT201", "epoch": 14, "steps": 53, "mean_loss": 0.8894179170986392, "seconds": 18.916954265005188, "official_fused": {"mAP": 68.24425953886605, "Rank-1": 67.1052634716034, "Rank-5": 75.59808492660522, "Rank-10": 80.86124658584595}, "best_epoch": 2}
{"event": "epoch", "dataset": "RGBNT201", "epoch": 15, "steps": 53, "mean_loss": 0.8854139008612003, "seconds": 18.944608935998986, "official_fused": {"mAP": 68.44721770073474, "Rank-1": 68.42105388641357, "Rank-5": 76.67464017868042, "Rank-10": 82.8947365283966}, "best_epoch": 2}
{"event": "epoch", "dataset": "RGBNT201", "epoch": 16, "steps": 53, "mean_loss": 0.8855229717380596, "seconds": 19.066115045003244, "official_fused": {"mAP": 68.99955989124557, "Rank-1": 68.54066848754883, "Rank-5": 75.35884976387024, "Rank-10": 80.38277626037598}, "best_epoch": 2}
{"event": "epoch", "dataset": "RGBNT201", "epoch": 17, "steps": 53, "mean_loss": 0.8796699182042536, "seconds": 18.607724991990835, "official_fused": {"mAP": 68.89899225073431, "Rank-1": 67.58373379707336, "Rank-5": 77.15311050415039, "Rank-10": 81.57894611358643}, "best_epoch": 2}
{"event": "epoch", "dataset": "RGBNT201", "epoch": 18, "steps": 53, "mean_loss": 0.8777556610557268, "seconds": 18.657265093002934, "official_fused": {"mAP": 69.53049251657005, "Rank-1": 70.45454382896423, "Rank-5": 76.79426074028015, "Rank-10": 81.22009634971619}, "best_epoch": 2}
{"event": "epoch", "dataset": "RGBNT201", "epoch": 19, "steps": 53, "mean_loss": 0.8774447384870278, "seconds": 18.67149778098974, "official_fused": {"mAP": 68.70885699352044, "Rank-1": 69.13875341415405, "Rank-5": 76.43540501594543, "Rank-10": 81.10047578811646}, "best_epoch": 2}
{"event": "epoch", "dataset": "RGBNT201", "epoch": 20, "steps": 53, "mean_loss": 0.8757773030478999, "seconds": 18.659455629996955, "official_fused": {"mAP": 69.61441956532096, "Rank-1": 69.85645890235901, "Rank-5": 78.58851552009583, "Rank-10": 83.25358629226685}, "best_epoch": 2}
{"event": "epoch", "dataset": "RGBNT201", "epoch": 21, "steps": 53, "mean_loss": 0.8738586272833482, "seconds": 18.97093077399768, "official_fused": {"mAP": 67.97420176399808, "Rank-1": 69.49760913848877, "Rank-5": 77.27272510528564, "Rank-10": 82.77512192726135}, "best_epoch": 2}
{"event": "epoch", "dataset": "RGBNT201", "epoch": 22, "steps": 53, "mean_loss": 0.87209829744303, "seconds": 18.790112615999533, "official_fused": {"mAP": 68.93900501240921, "Rank-1": 68.66028904914856, "Rank-5": 77.75119543075562, "Rank-10": 82.41626620292664}, "best_epoch": 2}
{"event": "epoch", "dataset": "RGBNT201", "epoch": 23, "steps": 53, "mean_loss": 0.8700765247614879, "seconds": 18.75617492099991, "official_fused": {"mAP": 67.96860800125872, "Rank-1": 69.61722373962402, "Rank-5": 77.51196026802063, "Rank-10": 81.93780183792114}, "best_epoch": 2}
{"event": "epoch", "dataset": "RGBNT201", "epoch": 24, "steps": 53, "mean_loss": 0.8692070886773883, "seconds": 18.89319036800589, "official_fused": {"mAP": 68.5339130538067, "Rank-1": 69.25837397575378, "Rank-5": 78.82775068283081, "Rank-10": 82.17703104019165}, "best_epoch": 2}
{"event": "epoch", "dataset": "RGBNT201", "epoch": 25, "steps": 53, "mean_loss": 0.8688228917571733, "seconds": 18.808754480996868, "official_fused": {"mAP": 69.07273030142792, "Rank-1": 69.97607946395874, "Rank-5": 78.22966575622559, "Rank-10": 82.65550136566162}, "best_epoch": 2}
