usage: run_role_global_tokens.py [-h] --dataset {RGBNT201,RGBNT100,MSVR310}
                                 --mode {m0,train,evaluate} --protocol
                                 PROTOCOL --signal-source SIGNAL_SOURCE
                                 --clip-weight CLIP_WEIGHT
                                 --baseline-checkpoint BASELINE_CHECKPOINT
                                 --baseline-sha256 BASELINE_SHA256
                                 --output-dir OUTPUT_DIR [--seed SEED]
                                 [--epochs {50}] [--width WIDTH]
                                 [--pred-weight PRED_WEIGHT] [--m1 | --no-m1]
                                 [--m2 | --no-m2] [--m3 | --no-m3]

options:
  -h, --help            show this help message and exit
  --dataset {RGBNT201,RGBNT100,MSVR310}
  --mode {m0,train,evaluate}
  --protocol PROTOCOL
  --signal-source SIGNAL_SOURCE
  --clip-weight CLIP_WEIGHT
  --baseline-checkpoint BASELINE_CHECKPOINT
  --baseline-sha256 BASELINE_SHA256
  --output-dir OUTPUT_DIR
  --seed SEED
  --epochs {50}
  --width WIDTH
  --pred-weight PRED_WEIGHT
  --m1, --no-m1
  --m2, --no-m2
  --m3, --no-m3
