/data/gaob/Re-ID/conda-envs/tri_reid/lib/python3.10/site-packages/timm/models/helpers.py:7: FutureWarning: Importing from timm.models.helpers is deprecated, please import via timm.models
  warnings.warn(f"Importing from {__name__} is deprecated, please import via timm.models", FutureWarning)
/data/gaob/Re-ID/conda-envs/tri_reid/lib/python3.10/site-packages/timm/models/registry.py:4: FutureWarning: Importing from timm.models.registry is deprecated, please import via timm.models
  warnings.warn(f"Importing from {__name__} is deprecated, please import via timm.models", FutureWarning)
/data/gaob/Re-ID/conda-envs/tri_reid/lib/python3.10/site-packages/timm/models/layers/__init__.py:48: FutureWarning: Importing from timm.models.layers is deprecated, please import via timm.layers
  warnings.warn(f"Importing from {__name__} is deprecated, please import via timm.layers", FutureWarning)
建立transformer............
using Transformer_type: ViT-B-16 as a backbone
Resized position embedding: %s to %s torch.Size([197, 768]) torch.Size([129, 768])
Position embedding resize to height:8 width: 16
Successfully load ckpt!
<All keys matched successfully>
Loading pretrained model from CLIP
camera number is : 8
===========Building Signal===========
{"event": "epoch", "dataset": "MSVR310", "epoch": 1, "steps": 20, "mean_loss": 5.198974704742431, "seconds": 15.154488689993741, "official_fused": {"mAP": 48.83812589471142, "Rank-1": 65.98984599113464, "Rank-5": 79.52622771263123, "Rank-10": 84.09475684165955}, "best_epoch": 1}
{"event": "epoch", "dataset": "MSVR310", "epoch": 2, "steps": 20, "mean_loss": 4.891902351379395, "seconds": 12.94562569700065, "official_fused": {"mAP": 48.845816351063355, "Rank-1": 66.83587431907654, "Rank-5": 78.84940505027771, "Rank-10": 84.77157354354858}, "best_epoch": 2}
{"event": "epoch", "dataset": "MSVR310", "epoch": 3, "steps": 20, "mean_loss": 4.404209113121032, "seconds": 13.266890794999199, "official_fused": {"mAP": 50.033515524363224, "Rank-1": 66.15905165672302, "Rank-5": 80.7106614112854, "Rank-10": 85.10998487472534}, "best_epoch": 3}
{"event": "epoch", "dataset": "MSVR310", "epoch": 4, "steps": 20, "mean_loss": 3.742704951763153, "seconds": 13.353665240996634, "official_fused": {"mAP": 48.56553939790672, "Rank-1": 64.63621258735657, "Rank-5": 78.51099967956543, "Rank-10": 83.75634551048279}, "best_epoch": 3}
{"event": "epoch", "dataset": "MSVR310", "epoch": 5, "steps": 20, "mean_loss": 2.9941636681556703, "seconds": 13.589327071997104, "official_fused": {"mAP": 47.713936734327625, "Rank-1": 64.12859559059143, "Rank-5": 78.0033826828003, "Rank-10": 84.43316221237183}, "best_epoch": 3}
{"event": "epoch", "dataset": "MSVR310", "epoch": 6, "steps": 20, "mean_loss": 2.2838253557682036, "seconds": 13.848300758007099, "official_fused": {"mAP": 50.58926220006098, "Rank-1": 67.51269102096558, "Rank-5": 81.21827244758606, "Rank-10": 87.30964660644531}, "best_epoch": 6}
{"event": "epoch", "dataset": "MSVR310", "epoch": 7, "steps": 20, "mean_loss": 1.757031399011612, "seconds": 13.636802891007392, "official_fused": {"mAP": 50.06503794495928, "Rank-1": 66.3282573223114, "Rank-5": 80.20304441452026, "Rank-10": 87.98646330833435}, "best_epoch": 6}
{"event": "epoch", "dataset": "MSVR310", "epoch": 8, "steps": 20, "mean_loss": 1.4320196151733398, "seconds": 13.945140811003512, "official_fused": {"mAP": 52.55339912121426, "Rank-1": 68.02030205726624, "Rank-5": 81.89509510993958, "Rank-10": 87.98646330833435}, "best_epoch": 8}
{"event": "epoch", "dataset": "MSVR310", "epoch": 9, "steps": 20, "mean_loss": 1.1883944928646089, "seconds": 13.777940978994593, "official_fused": {"mAP": 48.803132585743384, "Rank-1": 66.15905165672302, "Rank-5": 80.03383874893188, "Rank-10": 85.617595911026}, "best_epoch": 8}
{"event": "epoch", "dataset": "MSVR310", "epoch": 10, "steps": 20, "mean_loss": 1.108328825235367, "seconds": 14.216752173000714, "official_fused": {"mAP": 53.00273707933793, "Rank-1": 68.02030205726624, "Rank-5": 82.57191181182861, "Rank-10": 88.83248567581177}, "best_epoch": 10}
{"event": "epoch", "dataset": "MSVR310", "epoch": 11, "steps": 20, "mean_loss": 1.043458130955696, "seconds": 13.783392030003597, "official_fused": {"mAP": 51.35510650191494, "Rank-1": 66.15905165672302, "Rank-5": 81.89509510993958, "Rank-10": 87.14044094085693}, "best_epoch": 10}
{"event": "epoch", "dataset": "MSVR310", "epoch": 12, "steps": 20, "mean_loss": 1.0109623044729232, "seconds": 14.083895987991127, "official_fused": {"mAP": 51.095407860018085, "Rank-1": 67.68189668655396, "Rank-5": 80.37225008010864, "Rank-10": 86.80202960968018}, "best_epoch": 10}
