/data/gaob/Re-ID/conda-envs/tri_reid/lib/python3.10/site-packages/timm/models/helpers.py:7: FutureWarning: Importing from timm.models.helpers is deprecated, please import via timm.models
  warnings.warn(f"Importing from {__name__} is deprecated, please import via timm.models", FutureWarning)
/data/gaob/Re-ID/conda-envs/tri_reid/lib/python3.10/site-packages/timm/models/registry.py:4: FutureWarning: Importing from timm.models.registry is deprecated, please import via timm.models
  warnings.warn(f"Importing from {__name__} is deprecated, please import via timm.models", FutureWarning)
/data/gaob/Re-ID/conda-envs/tri_reid/lib/python3.10/site-packages/timm/models/layers/__init__.py:48: FutureWarning: Importing from timm.models.layers is deprecated, please import via timm.layers
  warnings.warn(f"Importing from {__name__} is deprecated, please import via timm.layers", FutureWarning)
建立transformer............
using Transformer_type: ViT-B-16 as a backbone
Resized position embedding: %s to %s torch.Size([197, 768]) torch.Size([129, 768])
Position embedding resize to height:8 width: 16
Successfully load ckpt!
<All keys matched successfully>
Loading pretrained model from CLIP
camera number is : 8
===========Building Signal===========
using soft triplet loss for training
label smooth on, numclasses: 50
{"event": "epoch", "dataset": "RGBNT100", "recipe": "semantic", "epoch": 1, "steps": 62, "mean_loss": 5.491533810092557, "seconds": 65.84365172998514, "official_fused": {"mAP": 57.83107981736555, "Rank-1": 82.09912776947021, "Rank-5": 85.01457571983337, "Rank-10": 86.88046932220459}}
{"event": "epoch", "dataset": "RGBNT100", "recipe": "semantic", "epoch": 2, "steps": 62, "mean_loss": 4.261189760700349, "seconds": 64.60862327599898, "official_fused": {"mAP": 72.13118045396111, "Rank-1": 89.38775658607483, "Rank-5": 91.1953330039978, "Rank-10": 92.12828278541565}}
{"event": "epoch", "dataset": "RGBNT100", "recipe": "semantic", "epoch": 3, "steps": 63, "mean_loss": 2.6397859331161255, "seconds": 65.74368920200504, "official_fused": {"mAP": 73.61131242174973, "Rank-1": 92.59475469589233, "Rank-5": 93.41107606887817, "Rank-10": 94.11078691482544}}
{"event": "epoch", "dataset": "RGBNT100", "recipe": "semantic", "epoch": 4, "steps": 61, "mean_loss": 1.3362569339939805, "seconds": 62.8757372580003, "official_fused": {"mAP": 78.42685418726543, "Rank-1": 92.76967644691467, "Rank-5": 93.41107606887817, "Rank-10": 94.1690981388092}}
{"event": "epoch", "dataset": "RGBNT100", "recipe": "semantic", "epoch": 5, "steps": 63, "mean_loss": 0.8291038189615522, "seconds": 64.87615054700291, "official_fused": {"mAP": 81.94178573174348, "Rank-1": 94.75218653678894, "Rank-5": 95.27696967124939, "Rank-10": 95.68513035774231}}
{"event": "epoch", "dataset": "RGBNT100", "recipe": "semantic", "epoch": 6, "steps": 63, "mean_loss": 0.6785609532916357, "seconds": 65.09199083800195, "official_fused": {"mAP": 79.90178841943137, "Rank-1": 94.40233111381531, "Rank-5": 95.56851387023926, "Rank-10": 96.32652997970581}}
