/root/miniconda3/envs/tri_reid/lib/python3.10/site-packages/timm/models/helpers.py:7: FutureWarning: Importing from timm.models.helpers is deprecated, please import via timm.models
  warnings.warn(f"Importing from {__name__} is deprecated, please import via timm.models", FutureWarning)
/root/miniconda3/envs/tri_reid/lib/python3.10/site-packages/timm/models/registry.py:4: FutureWarning: Importing from timm.models.registry is deprecated, please import via timm.models
  warnings.warn(f"Importing from {__name__} is deprecated, please import via timm.models", FutureWarning)
/root/miniconda3/envs/tri_reid/lib/python3.10/site-packages/timm/models/layers/__init__.py:48: FutureWarning: Importing from timm.models.layers is deprecated, please import via timm.layers
  warnings.warn(f"Importing from {__name__} is deprecated, please import via timm.layers", FutureWarning)
建立transformer............
using Transformer_type: ViT-B-16 as a backbone
Resized position embedding: %s to %s torch.Size([197, 768]) torch.Size([129, 768])
Position embedding resize to height:8 width: 16
Successfully load ckpt!
<All keys matched successfully>
Loading pretrained model from CLIP
camera number is : 8
===========Building Signal===========
建立transformer............
using Transformer_type: ViT-B-16 as a backbone
Resized position embedding: %s to %s torch.Size([197, 768]) torch.Size([129, 768])
Position embedding resize to height:8 width: 16
Successfully load ckpt!
<All keys matched successfully>
Loading pretrained model from CLIP
camera number is : 8
===========Building Signal===========
建立transformer............
using Transformer_type: ViT-B-16 as a backbone
Resized position embedding: %s to %s torch.Size([197, 768]) torch.Size([129, 768])
Position embedding resize to height:8 width: 16
Successfully load ckpt!
<All keys matched successfully>
Loading pretrained model from CLIP
camera number is : 8
===========Building Signal===========
{"event": "msvr310_role_epoch", "fold": 0, "mode": "comparison", "epoch": 1, "optimizer_steps": 13, "learning_rate": 7.000000000000001e-05, "mean_loss": 4.026204787767851, "elapsed_seconds": 21.854115387424827}
{"event": "msvr310_role_epoch", "fold": 0, "mode": "comparison", "epoch": 2, "optimizer_steps": 13, "learning_rate": 0.00014000000000000001, "mean_loss": 3.5241906826312723, "elapsed_seconds": 20.681191354990005}
{"event": "msvr310_role_epoch", "fold": 0, "mode": "comparison", "epoch": 3, "optimizer_steps": 13, "learning_rate": 0.00020999999999999998, "mean_loss": 2.857178431290847, "elapsed_seconds": 21.21875494532287}
{"event": "msvr310_role_epoch", "fold": 0, "mode": "comparison", "epoch": 4, "optimizer_steps": 13, "learning_rate": 0.00028000000000000003, "mean_loss": 2.2070193749207716, "elapsed_seconds": 21.104074750095606}
{"event": "msvr310_role_epoch", "fold": 0, "mode": "comparison", "epoch": 5, "optimizer_steps": 13, "learning_rate": 0.00035, "mean_loss": 1.7781295684667735, "elapsed_seconds": 21.422355072572827}
{"event": "msvr310_role_epoch", "fold": 0, "mode": "comparison", "epoch": 6, "optimizer_steps": 13, "learning_rate": 0.00035, "mean_loss": 1.4772541798078096, "elapsed_seconds": 20.74355921521783}
{"event": "msvr310_role_epoch", "fold": 0, "mode": "comparison", "epoch": 7, "optimizer_steps": 13, "learning_rate": 0.000346175830128416, "mean_loss": 1.3232364012644842, "elapsed_seconds": 20.94150477461517}
{"event": "msvr310_role_epoch", "fold": 0, "mode": "comparison", "epoch": 8, "optimizer_steps": 13, "learning_rate": 0.0003348704550874551, "mean_loss": 1.2385547069402842, "elapsed_seconds": 20.926909010857344}
{"event": "msvr310_role_epoch", "fold": 0, "mode": "comparison", "epoch": 9, "optimizer_steps": 13, "learning_rate": 0.0003165779740156158, "mean_loss": 1.0715903043746948, "elapsed_seconds": 21.010131884366274}
{"event": "msvr310_role_epoch", "fold": 0, "mode": "comparison", "epoch": 10, "optimizer_steps": 13, "learning_rate": 0.0002920978561128002, "mean_loss": 1.0714983619176424, "elapsed_seconds": 20.62859370186925}
{"event": "msvr310_role_epoch", "fold": 0, "mode": "comparison", "epoch": 11, "optimizer_steps": 13, "learning_rate": 0.0002625, "mean_loss": 1.0720770083940947, "elapsed_seconds": 21.127793798223138}
{"event": "msvr310_role_epoch", "fold": 0, "mode": "comparison", "epoch": 12, "optimizer_steps": 13, "learning_rate": 0.0002290779740156158, "mean_loss": 0.9993030979083135, "elapsed_seconds": 21.51426520012319}
{"event": "msvr310_role_epoch", "fold": 0, "mode": "comparison", "epoch": 13, "optimizer_steps": 13, "learning_rate": 0.00019329248107183937, "mean_loss": 0.9924821440990155, "elapsed_seconds": 20.894794484600425}
{"event": "msvr310_role_epoch", "fold": 0, "mode": "comparison", "epoch": 14, "optimizer_steps": 13, "learning_rate": 0.00015670751892816066, "mean_loss": 0.9489963696553156, "elapsed_seconds": 21.167647631838918}
{"event": "msvr310_role_epoch", "fold": 0, "mode": "comparison", "epoch": 15, "optimizer_steps": 13, "learning_rate": 0.00012092202598438422, "mean_loss": 0.9367253046769363, "elapsed_seconds": 21.080047024413943}
{"event": "msvr310_role_epoch", "fold": 0, "mode": "comparison", "epoch": 16, "optimizer_steps": 13, "learning_rate": 8.750000000000004e-05, "mean_loss": 0.9217263230910668, "elapsed_seconds": 21.01673305220902}
{"event": "msvr310_role_epoch", "fold": 0, "mode": "comparison", "epoch": 17, "optimizer_steps": 13, "learning_rate": 5.7902143887199866e-05, "mean_loss": 0.9124714640470651, "elapsed_seconds": 20.894185338169336}
{"event": "msvr310_role_epoch", "fold": 0, "mode": "comparison", "epoch": 18, "optimizer_steps": 13, "learning_rate": 3.342202598438421e-05, "mean_loss": 0.9425599437493545, "elapsed_seconds": 21.18560143187642}
{"event": "msvr310_role_epoch", "fold": 0, "mode": "comparison", "epoch": 19, "optimizer_steps": 13, "learning_rate": 1.5129544912544829e-05, "mean_loss": 0.895463920556582, "elapsed_seconds": 20.72758061438799}
{"event": "msvr310_role_epoch", "fold": 0, "mode": "comparison", "epoch": 20, "optimizer_steps": 13, "learning_rate": 3.824169871584004e-06, "mean_loss": 0.8989343918286837, "elapsed_seconds": 20.791547883301973}
建立transformer............
using Transformer_type: ViT-B-16 as a backbone
Resized position embedding: %s to %s torch.Size([197, 768]) torch.Size([129, 768])
Position embedding resize to height:8 width: 16
Successfully load ckpt!
<All keys matched successfully>
Loading pretrained model from CLIP
camera number is : 8
===========Building Signal===========
建立transformer............
using Transformer_type: ViT-B-16 as a backbone
Resized position embedding: %s to %s torch.Size([197, 768]) torch.Size([129, 768])
Position embedding resize to height:8 width: 16
Successfully load ckpt!
<All keys matched successfully>
Loading pretrained model from CLIP
camera number is : 8
===========Building Signal===========
{"event": "msvr310_role_epoch", "fold": 1, "mode": "comparison", "epoch": 1, "optimizer_steps": 13, "learning_rate": 7.000000000000001e-05, "mean_loss": 4.045399904251099, "elapsed_seconds": 19.28493931889534}
{"event": "msvr310_role_epoch", "fold": 1, "mode": "comparison", "epoch": 2, "optimizer_steps": 13, "learning_rate": 0.00014000000000000001, "mean_loss": 3.527722193644597, "elapsed_seconds": 19.508560590445995}
{"event": "msvr310_role_epoch", "fold": 1, "mode": "comparison", "epoch": 3, "optimizer_steps": 13, "learning_rate": 0.00020999999999999998, "mean_loss": 2.8247156143188477, "elapsed_seconds": 19.6651848051697}
{"event": "msvr310_role_epoch", "fold": 1, "mode": "comparison", "epoch": 4, "optimizer_steps": 13, "learning_rate": 0.00028000000000000003, "mean_loss": 2.202184933882493, "elapsed_seconds": 19.870716836303473}
{"event": "msvr310_role_epoch", "fold": 1, "mode": "comparison", "epoch": 5, "optimizer_steps": 13, "learning_rate": 0.00035, "mean_loss": 1.7010692541415875, "elapsed_seconds": 19.625585194677114}
{"event": "msvr310_role_epoch", "fold": 1, "mode": "comparison", "epoch": 6, "optimizer_steps": 13, "learning_rate": 0.00035, "mean_loss": 1.447995846088116, "elapsed_seconds": 19.60930402390659}
{"event": "msvr310_role_epoch", "fold": 1, "mode": "comparison", "epoch": 7, "optimizer_steps": 13, "learning_rate": 0.000346175830128416, "mean_loss": 1.2747112420889049, "elapsed_seconds": 20.017496103420854}
{"event": "msvr310_role_epoch", "fold": 1, "mode": "comparison", "epoch": 8, "optimizer_steps": 13, "learning_rate": 0.0003348704550874551, "mean_loss": 1.1467501246012175, "elapsed_seconds": 19.805092247202992}
{"event": "msvr310_role_epoch", "fold": 1, "mode": "comparison", "epoch": 9, "optimizer_steps": 13, "learning_rate": 0.0003165779740156158, "mean_loss": 1.075121719103593, "elapsed_seconds": 19.90843230485916}
{"event": "msvr310_role_epoch", "fold": 1, "mode": "comparison", "epoch": 10, "optimizer_steps": 13, "learning_rate": 0.0002920978561128002, "mean_loss": 0.9956582005207355, "elapsed_seconds": 19.3727336935699}
{"event": "msvr310_role_epoch", "fold": 1, "mode": "comparison", "epoch": 11, "optimizer_steps": 13, "learning_rate": 0.0002625, "mean_loss": 0.9957367502726041, "elapsed_seconds": 19.40788314677775}
{"event": "msvr310_role_epoch", "fold": 1, "mode": "comparison", "epoch": 12, "optimizer_steps": 13, "learning_rate": 0.0002290779740156158, "mean_loss": 0.9297652107018691, "elapsed_seconds": 19.666165363043547}
{"event": "msvr310_role_epoch", "fold": 1, "mode": "comparison", "epoch": 13, "optimizer_steps": 13, "learning_rate": 0.00019329248107183937, "mean_loss": 0.9195307814157926, "elapsed_seconds": 19.86734209768474}
{"event": "msvr310_role_epoch", "fold": 1, "mode": "comparison", "epoch": 14, "optimizer_steps": 13, "learning_rate": 0.00015670751892816066, "mean_loss": 0.864966841844412, "elapsed_seconds": 19.63951746188104}
{"event": "msvr310_role_epoch", "fold": 1, "mode": "comparison", "epoch": 15, "optimizer_steps": 13, "learning_rate": 0.00012092202598438422, "mean_loss": 0.8861964986874507, "elapsed_seconds": 20.04321075603366}
{"event": "msvr310_role_epoch", "fold": 1, "mode": "comparison", "epoch": 16, "optimizer_steps": 13, "learning_rate": 8.750000000000004e-05, "mean_loss": 0.9052071342101464, "elapsed_seconds": 20.038466226309538}
{"event": "msvr310_role_epoch", "fold": 1, "mode": "comparison", "epoch": 17, "optimizer_steps": 13, "learning_rate": 5.7902143887199866e-05, "mean_loss": 0.8536285024422866, "elapsed_seconds": 19.7974449750036}
{"event": "msvr310_role_epoch", "fold": 1, "mode": "comparison", "epoch": 18, "optimizer_steps": 13, "learning_rate": 3.342202598438421e-05, "mean_loss": 0.8366103860048147, "elapsed_seconds": 19.192295318469405}
{"event": "msvr310_role_epoch", "fold": 1, "mode": "comparison", "epoch": 19, "optimizer_steps": 13, "learning_rate": 1.5129544912544829e-05, "mean_loss": 0.8527529606452355, "elapsed_seconds": 19.460919607430696}
{"event": "msvr310_role_epoch", "fold": 1, "mode": "comparison", "epoch": 20, "optimizer_steps": 13, "learning_rate": 3.824169871584004e-06, "mean_loss": 0.86417739207928, "elapsed_seconds": 19.545363610610366}
建立transformer............
using Transformer_type: ViT-B-16 as a backbone
Resized position embedding: %s to %s torch.Size([197, 768]) torch.Size([129, 768])
Position embedding resize to height:8 width: 16
Successfully load ckpt!
<All keys matched successfully>
Loading pretrained model from CLIP
camera number is : 8
===========Building Signal===========
建立transformer............
using Transformer_type: ViT-B-16 as a backbone
Resized position embedding: %s to %s torch.Size([197, 768]) torch.Size([129, 768])
Position embedding resize to height:8 width: 16
Successfully load ckpt!
<All keys matched successfully>
Loading pretrained model from CLIP
camera number is : 8
===========Building Signal===========
{"event": "msvr310_role_epoch", "fold": 1, "mode": "comparison", "epoch": 1, "optimizer_steps": 13, "learning_rate": 7.000000000000001e-05, "mean_loss": 4.062824249267578, "elapsed_seconds": 18.336037632077932}
{"event": "msvr310_role_epoch", "fold": 1, "mode": "comparison", "epoch": 2, "optimizer_steps": 13, "learning_rate": 0.00014000000000000001, "mean_loss": 3.5714294543633094, "elapsed_seconds": 19.079651311039925}
{"event": "msvr310_role_epoch", "fold": 1, "mode": "comparison", "epoch": 3, "optimizer_steps": 13, "learning_rate": 0.00020999999999999998, "mean_loss": 2.9024514234983005, "elapsed_seconds": 19.394958022981882}
{"event": "msvr310_role_epoch", "fold": 1, "mode": "comparison", "epoch": 4, "optimizer_steps": 13, "learning_rate": 0.00028000000000000003, "mean_loss": 2.2762271074148326, "elapsed_seconds": 19.613084200769663}
{"event": "msvr310_role_epoch", "fold": 1, "mode": "comparison", "epoch": 5, "optimizer_steps": 13, "learning_rate": 0.00035, "mean_loss": 1.8259850281935472, "elapsed_seconds": 19.68628162704408}
{"event": "msvr310_role_epoch", "fold": 1, "mode": "comparison", "epoch": 6, "optimizer_steps": 13, "learning_rate": 0.00035, "mean_loss": 1.5545108501727765, "elapsed_seconds": 19.685282923281193}
{"event": "msvr310_role_epoch", "fold": 1, "mode": "comparison", "epoch": 7, "optimizer_steps": 13, "learning_rate": 0.000346175830128416, "mean_loss": 1.3667227763396044, "elapsed_seconds": 19.959473483264446}
{"event": "msvr310_role_epoch", "fold": 1, "mode": "comparison", "epoch": 8, "optimizer_steps": 13, "learning_rate": 0.0003348704550874551, "mean_loss": 1.2681063597018902, "elapsed_seconds": 19.9159818533808}
{"event": "msvr310_role_epoch", "fold": 1, "mode": "comparison", "epoch": 9, "optimizer_steps": 13, "learning_rate": 0.0003165779740156158, "mean_loss": 1.1647677100621736, "elapsed_seconds": 19.51386103965342}
{"event": "msvr310_role_epoch", "fold": 1, "mode": "comparison", "epoch": 10, "optimizer_steps": 13, "learning_rate": 0.0002920978561128002, "mean_loss": 1.0907988181480994, "elapsed_seconds": 19.81015946343541}
{"event": "msvr310_role_epoch", "fold": 1, "mode": "comparison", "epoch": 11, "optimizer_steps": 13, "learning_rate": 0.0002625, "mean_loss": 1.078378750727727, "elapsed_seconds": 20.227184623479843}
{"event": "msvr310_role_epoch", "fold": 1, "mode": "comparison", "epoch": 12, "optimizer_steps": 13, "learning_rate": 0.0002290779740156158, "mean_loss": 1.0112338662147522, "elapsed_seconds": 19.719487575814128}
{"event": "msvr310_role_epoch", "fold": 1, "mode": "comparison", "epoch": 13, "optimizer_steps": 13, "learning_rate": 0.00019329248107183937, "mean_loss": 0.9960799950819749, "elapsed_seconds": 20.067402232438326}
{"event": "msvr310_role_epoch", "fold": 1, "mode": "comparison", "epoch": 14, "optimizer_steps": 13, "learning_rate": 0.00015670751892816066, "mean_loss": 0.8982688647050124, "elapsed_seconds": 19.610257858410478}
{"event": "msvr310_role_epoch", "fold": 1, "mode": "comparison", "epoch": 15, "optimizer_steps": 13, "learning_rate": 0.00012092202598438422, "mean_loss": 0.9566050722048833, "elapsed_seconds": 19.838793762028217}
{"event": "msvr310_role_epoch", "fold": 1, "mode": "comparison", "epoch": 16, "optimizer_steps": 13, "learning_rate": 8.750000000000004e-05, "mean_loss": 0.9843336160366352, "elapsed_seconds": 18.75399306602776}
{"event": "msvr310_role_epoch", "fold": 1, "mode": "comparison", "epoch": 17, "optimizer_steps": 13, "learning_rate": 5.7902143887199866e-05, "mean_loss": 0.9355450960306021, "elapsed_seconds": 18.187222028151155}
{"event": "msvr310_role_epoch", "fold": 1, "mode": "comparison", "epoch": 18, "optimizer_steps": 13, "learning_rate": 3.342202598438421e-05, "mean_loss": 0.9109273277796232, "elapsed_seconds": 17.950411273166537}
{"event": "msvr310_role_epoch", "fold": 1, "mode": "comparison", "epoch": 19, "optimizer_steps": 13, "learning_rate": 1.5129544912544829e-05, "mean_loss": 0.9248328392322247, "elapsed_seconds": 17.877059374004602}
{"event": "msvr310_role_epoch", "fold": 1, "mode": "comparison", "epoch": 20, "optimizer_steps": 13, "learning_rate": 3.824169871584004e-06, "mean_loss": 0.9196632229364835, "elapsed_seconds": 17.918025521561503}
建立transformer............
using Transformer_type: ViT-B-16 as a backbone
Resized position embedding: %s to %s torch.Size([197, 768]) torch.Size([129, 768])
Position embedding resize to height:8 width: 16
Successfully load ckpt!
<All keys matched successfully>
Loading pretrained model from CLIP
camera number is : 8
===========Building Signal===========
建立transformer............
using Transformer_type: ViT-B-16 as a backbone
Resized position embedding: %s to %s torch.Size([197, 768]) torch.Size([129, 768])
Position embedding resize to height:8 width: 16
Successfully load ckpt!
<All keys matched successfully>
Loading pretrained model from CLIP
camera number is : 8
===========Building Signal===========
{"event": "msvr310_role_epoch", "fold": 2, "mode": "comparison", "epoch": 1, "optimizer_steps": 13, "learning_rate": 7.000000000000001e-05, "mean_loss": 4.056967845329871, "elapsed_seconds": 18.591261388733983}
{"event": "msvr310_role_epoch", "fold": 2, "mode": "comparison", "epoch": 2, "optimizer_steps": 13, "learning_rate": 0.00014000000000000001, "mean_loss": 3.5535085384662333, "elapsed_seconds": 18.251174937933683}
{"event": "msvr310_role_epoch", "fold": 2, "mode": "comparison", "epoch": 3, "optimizer_steps": 13, "learning_rate": 0.00020999999999999998, "mean_loss": 2.8410868644714355, "elapsed_seconds": 18.090493515133858}
{"event": "msvr310_role_epoch", "fold": 2, "mode": "comparison", "epoch": 4, "optimizer_steps": 13, "learning_rate": 0.00028000000000000003, "mean_loss": 2.1101743166263285, "elapsed_seconds": 18.369958085939288}
{"event": "msvr310_role_epoch", "fold": 2, "mode": "comparison", "epoch": 5, "optimizer_steps": 13, "learning_rate": 0.00035, "mean_loss": 1.7406095816538885, "elapsed_seconds": 17.99479083530605}
{"event": "msvr310_role_epoch", "fold": 2, "mode": "comparison", "epoch": 6, "optimizer_steps": 13, "learning_rate": 0.00035, "mean_loss": 1.4505137663621168, "elapsed_seconds": 18.24985285848379}
{"event": "msvr310_role_epoch", "fold": 2, "mode": "comparison", "epoch": 7, "optimizer_steps": 13, "learning_rate": 0.000346175830128416, "mean_loss": 1.2796564102172852, "elapsed_seconds": 18.050335831940174}
{"event": "msvr310_role_epoch", "fold": 2, "mode": "comparison", "epoch": 8, "optimizer_steps": 13, "learning_rate": 0.0003348704550874551, "mean_loss": 1.1580919898473299, "elapsed_seconds": 18.374359069392085}
{"event": "msvr310_role_epoch", "fold": 2, "mode": "comparison", "epoch": 9, "optimizer_steps": 13, "learning_rate": 0.0003165779740156158, "mean_loss": 1.0787673913515532, "elapsed_seconds": 17.88324966840446}
{"event": "msvr310_role_epoch", "fold": 2, "mode": "comparison", "epoch": 10, "optimizer_steps": 13, "learning_rate": 0.0002920978561128002, "mean_loss": 1.00544162438466, "elapsed_seconds": 18.007383884862065}
{"event": "msvr310_role_epoch", "fold": 2, "mode": "comparison", "epoch": 11, "optimizer_steps": 13, "learning_rate": 0.0002625, "mean_loss": 0.979361933011275, "elapsed_seconds": 18.438446037471294}
{"event": "msvr310_role_epoch", "fold": 2, "mode": "comparison", "epoch": 12, "optimizer_steps": 13, "learning_rate": 0.0002290779740156158, "mean_loss": 0.9050514652178838, "elapsed_seconds": 18.378750387579203}
{"event": "msvr310_role_epoch", "fold": 2, "mode": "comparison", "epoch": 13, "optimizer_steps": 13, "learning_rate": 0.00019329248107183937, "mean_loss": 0.8853422265786391, "elapsed_seconds": 18.153966803103685}
{"event": "msvr310_role_epoch", "fold": 2, "mode": "comparison", "epoch": 14, "optimizer_steps": 13, "learning_rate": 0.00015670751892816066, "mean_loss": 0.9292854254062359, "elapsed_seconds": 17.997365456074476}
{"event": "msvr310_role_epoch", "fold": 2, "mode": "comparison", "epoch": 15, "optimizer_steps": 13, "learning_rate": 0.00012092202598438422, "mean_loss": 0.8943301989482, "elapsed_seconds": 18.413197591900826}
{"event": "msvr310_role_epoch", "fold": 2, "mode": "comparison", "epoch": 16, "optimizer_steps": 13, "learning_rate": 8.750000000000004e-05, "mean_loss": 0.8540379863518935, "elapsed_seconds": 18.098017625510693}
{"event": "msvr310_role_epoch", "fold": 2, "mode": "comparison", "epoch": 17, "optimizer_steps": 13, "learning_rate": 5.7902143887199866e-05, "mean_loss": 0.8546134875370905, "elapsed_seconds": 18.12102627195418}
{"event": "msvr310_role_epoch", "fold": 2, "mode": "comparison", "epoch": 18, "optimizer_steps": 13, "learning_rate": 3.342202598438421e-05, "mean_loss": 0.8462677873097934, "elapsed_seconds": 17.97815604135394}
{"event": "msvr310_role_epoch", "fold": 2, "mode": "comparison", "epoch": 19, "optimizer_steps": 13, "learning_rate": 1.5129544912544829e-05, "mean_loss": 0.8505259110377386, "elapsed_seconds": 18.113384637981653}
{"event": "msvr310_role_epoch", "fold": 2, "mode": "comparison", "epoch": 20, "optimizer_steps": 13, "learning_rate": 3.824169871584004e-06, "mean_loss": 0.8360659296696002, "elapsed_seconds": 18.308769810944796}
建立transformer............
using Transformer_type: ViT-B-16 as a backbone
Resized position embedding: %s to %s torch.Size([197, 768]) torch.Size([129, 768])
Position embedding resize to height:8 width: 16
Successfully load ckpt!
<All keys matched successfully>
Loading pretrained model from CLIP
camera number is : 8
===========Building Signal===========
建立transformer............
using Transformer_type: ViT-B-16 as a backbone
Resized position embedding: %s to %s torch.Size([197, 768]) torch.Size([129, 768])
Position embedding resize to height:8 width: 16
Successfully load ckpt!
<All keys matched successfully>
Loading pretrained model from CLIP
camera number is : 8
===========Building Signal===========
{"event": "msvr310_role_epoch", "fold": 2, "mode": "comparison", "epoch": 1, "optimizer_steps": 13, "learning_rate": 7.000000000000001e-05, "mean_loss": 4.075069225751436, "elapsed_seconds": 18.45550901070237}
{"event": "msvr310_role_epoch", "fold": 2, "mode": "comparison", "epoch": 2, "optimizer_steps": 13, "learning_rate": 0.00014000000000000001, "mean_loss": 3.608206895681528, "elapsed_seconds": 17.981740115210414}
{"event": "msvr310_role_epoch", "fold": 2, "mode": "comparison", "epoch": 3, "optimizer_steps": 13, "learning_rate": 0.00020999999999999998, "mean_loss": 2.920452741476206, "elapsed_seconds": 17.98020861670375}
{"event": "msvr310_role_epoch", "fold": 2, "mode": "comparison", "epoch": 4, "optimizer_steps": 13, "learning_rate": 0.00028000000000000003, "mean_loss": 2.2149616388174205, "elapsed_seconds": 18.07366843521595}
{"event": "msvr310_role_epoch", "fold": 2, "mode": "comparison", "epoch": 5, "optimizer_steps": 13, "learning_rate": 0.00035, "mean_loss": 1.8286512998434215, "elapsed_seconds": 17.934215864166617}
{"event": "msvr310_role_epoch", "fold": 2, "mode": "comparison", "epoch": 6, "optimizer_steps": 13, "learning_rate": 0.00035, "mean_loss": 1.599180084008437, "elapsed_seconds": 18.365250132977962}
{"event": "msvr310_role_epoch", "fold": 2, "mode": "comparison", "epoch": 7, "optimizer_steps": 13, "learning_rate": 0.000346175830128416, "mean_loss": 1.3651738625306349, "elapsed_seconds": 18.28890055604279}
{"event": "msvr310_role_epoch", "fold": 2, "mode": "comparison", "epoch": 8, "optimizer_steps": 13, "learning_rate": 0.0003348704550874551, "mean_loss": 1.2369981866616468, "elapsed_seconds": 18.1962333843112}
{"event": "msvr310_role_epoch", "fold": 2, "mode": "comparison", "epoch": 9, "optimizer_steps": 13, "learning_rate": 0.0003165779740156158, "mean_loss": 1.2101005865977361, "elapsed_seconds": 17.681017434224486}
{"event": "msvr310_role_epoch", "fold": 2, "mode": "comparison", "epoch": 10, "optimizer_steps": 13, "learning_rate": 0.0002920978561128002, "mean_loss": 1.1285771085665777, "elapsed_seconds": 18.05665399506688}
{"event": "msvr310_role_epoch", "fold": 2, "mode": "comparison", "epoch": 11, "optimizer_steps": 13, "learning_rate": 0.0002625, "mean_loss": 1.069870384839865, "elapsed_seconds": 18.085878977552056}
{"event": "msvr310_role_epoch", "fold": 2, "mode": "comparison", "epoch": 12, "optimizer_steps": 13, "learning_rate": 0.0002290779740156158, "mean_loss": 0.9813823837500352, "elapsed_seconds": 18.056101163849235}
{"event": "msvr310_role_epoch", "fold": 2, "mode": "comparison", "epoch": 13, "optimizer_steps": 13, "learning_rate": 0.00019329248107183937, "mean_loss": 0.945447522860307, "elapsed_seconds": 18.20374914444983}
{"event": "msvr310_role_epoch", "fold": 2, "mode": "comparison", "epoch": 14, "optimizer_steps": 13, "learning_rate": 0.00015670751892816066, "mean_loss": 1.0132995064441974, "elapsed_seconds": 18.41072092205286}
{"event": "msvr310_role_epoch", "fold": 2, "mode": "comparison", "epoch": 15, "optimizer_steps": 13, "learning_rate": 0.00012092202598438422, "mean_loss": 1.0082713044606721, "elapsed_seconds": 18.211022527888417}
{"event": "msvr310_role_epoch", "fold": 2, "mode": "comparison", "epoch": 16, "optimizer_steps": 13, "learning_rate": 8.750000000000004e-05, "mean_loss": 0.9261808441235468, "elapsed_seconds": 18.138498151674867}
{"event": "msvr310_role_epoch", "fold": 2, "mode": "comparison", "epoch": 17, "optimizer_steps": 13, "learning_rate": 5.7902143887199866e-05, "mean_loss": 0.9429320555466872, "elapsed_seconds": 18.230883980169892}
{"event": "msvr310_role_epoch", "fold": 2, "mode": "comparison", "epoch": 18, "optimizer_steps": 13, "learning_rate": 3.342202598438421e-05, "mean_loss": 0.9331253996262183, "elapsed_seconds": 18.427157163619995}
{"event": "msvr310_role_epoch", "fold": 2, "mode": "comparison", "epoch": 19, "optimizer_steps": 13, "learning_rate": 1.5129544912544829e-05, "mean_loss": 0.9158004430624155, "elapsed_seconds": 17.863734606653452}
{"event": "msvr310_role_epoch", "fold": 2, "mode": "comparison", "epoch": 20, "optimizer_steps": 13, "learning_rate": 3.824169871584004e-06, "mean_loss": 0.9465276507230905, "elapsed_seconds": 18.153568647801876}
建立transformer............
using Transformer_type: ViT-B-16 as a backbone
Resized position embedding: %s to %s torch.Size([197, 768]) torch.Size([129, 768])
Position embedding resize to height:8 width: 16
Successfully load ckpt!
<All keys matched successfully>
Loading pretrained model from CLIP
camera number is : 8
===========Building Signal===========
{"status": "Q1_FAIL", "new_optimizer_steps": 1300, "reused_optimizer_steps": 260}
