/root/miniconda3/envs/tri_reid/lib/python3.10/site-packages/timm/models/helpers.py:7: FutureWarning: Importing from timm.models.helpers is deprecated, please import via timm.models
  warnings.warn(f"Importing from {__name__} is deprecated, please import via timm.models", FutureWarning)
/root/miniconda3/envs/tri_reid/lib/python3.10/site-packages/timm/models/registry.py:4: FutureWarning: Importing from timm.models.registry is deprecated, please import via timm.models
  warnings.warn(f"Importing from {__name__} is deprecated, please import via timm.models", FutureWarning)
/root/miniconda3/envs/tri_reid/lib/python3.10/site-packages/timm/models/layers/__init__.py:48: FutureWarning: Importing from timm.models.layers is deprecated, please import via timm.layers
  warnings.warn(f"Importing from {__name__} is deprecated, please import via timm.layers", FutureWarning)
建立transformer............
using Transformer_type: ViT-B-16 as a backbone
Resized position embedding: %s to %s torch.Size([197, 768]) torch.Size([129, 768])
Position embedding resize to height:8 width: 16
Successfully load ckpt!
<All keys matched successfully>
Loading pretrained model from CLIP
camera number is : 8
===========Building Signal===========
{"event": "smooth_ap_epoch", "endpoint": "control", "fold": 0, "mode": "comparison", "epoch": 1, "optimizer_steps": 13, "learning_rate": 7.000000000000001e-05, "mean_loss": 4.000761453921978, "elapsed_seconds": 23.453081222251058}
{"event": "smooth_ap_epoch", "endpoint": "control", "fold": 0, "mode": "comparison", "epoch": 2, "optimizer_steps": 13, "learning_rate": 0.00014000000000000001, "mean_loss": 3.480697906934298, "elapsed_seconds": 21.562680430710316}
{"event": "smooth_ap_epoch", "endpoint": "control", "fold": 0, "mode": "comparison", "epoch": 3, "optimizer_steps": 13, "learning_rate": 0.00020999999999999998, "mean_loss": 2.777563131772555, "elapsed_seconds": 21.203419664874673}
{"event": "smooth_ap_epoch", "endpoint": "control", "fold": 0, "mode": "comparison", "epoch": 4, "optimizer_steps": 13, "learning_rate": 0.00028000000000000003, "mean_loss": 2.1240056478060207, "elapsed_seconds": 21.927794095128775}
{"event": "smooth_ap_epoch", "endpoint": "control", "fold": 0, "mode": "comparison", "epoch": 5, "optimizer_steps": 13, "learning_rate": 0.00035, "mean_loss": 1.6744817128548255, "elapsed_seconds": 21.840812604874372}
{"event": "smooth_ap_epoch", "endpoint": "control", "fold": 0, "mode": "comparison", "epoch": 6, "optimizer_steps": 13, "learning_rate": 0.00035, "mean_loss": 1.4519286705897405, "elapsed_seconds": 98.11907741054893}
{"event": "smooth_ap_epoch", "endpoint": "control", "fold": 0, "mode": "comparison", "epoch": 7, "optimizer_steps": 13, "learning_rate": 0.000346175830128416, "mean_loss": 1.3382311234107385, "elapsed_seconds": 131.4021037220955}
{"event": "smooth_ap_epoch", "endpoint": "control", "fold": 0, "mode": "comparison", "epoch": 8, "optimizer_steps": 13, "learning_rate": 0.0003348704550874551, "mean_loss": 1.2195397248634925, "elapsed_seconds": 136.4133481066674}
{"event": "smooth_ap_epoch", "endpoint": "control", "fold": 0, "mode": "comparison", "epoch": 9, "optimizer_steps": 13, "learning_rate": 0.0003165779740156158, "mean_loss": 1.097316012932704, "elapsed_seconds": 137.37210792303085}
{"event": "smooth_ap_epoch", "endpoint": "control", "fold": 0, "mode": "comparison", "epoch": 10, "optimizer_steps": 13, "learning_rate": 0.0002920978561128002, "mean_loss": 1.0617719842837408, "elapsed_seconds": 134.84842554479837}
{"event": "smooth_ap_epoch", "endpoint": "control", "fold": 0, "mode": "comparison", "epoch": 11, "optimizer_steps": 13, "learning_rate": 0.0002625, "mean_loss": 1.0128493813367991, "elapsed_seconds": 134.70892867818475}
{"event": "smooth_ap_epoch", "endpoint": "control", "fold": 0, "mode": "comparison", "epoch": 12, "optimizer_steps": 13, "learning_rate": 0.0002290779740156158, "mean_loss": 0.9936355810899001, "elapsed_seconds": 137.3418769314885}
{"event": "smooth_ap_epoch", "endpoint": "control", "fold": 0, "mode": "comparison", "epoch": 13, "optimizer_steps": 13, "learning_rate": 0.00019329248107183937, "mean_loss": 0.9604437351226807, "elapsed_seconds": 136.60907341726124}
{"event": "smooth_ap_epoch", "endpoint": "control", "fold": 0, "mode": "comparison", "epoch": 14, "optimizer_steps": 13, "learning_rate": 0.00015670751892816066, "mean_loss": 0.9452914458054763, "elapsed_seconds": 134.29406053200364}
{"event": "smooth_ap_epoch", "endpoint": "control", "fold": 0, "mode": "comparison", "epoch": 15, "optimizer_steps": 13, "learning_rate": 0.00012092202598438422, "mean_loss": 0.9294003523313082, "elapsed_seconds": 135.84431430324912}
{"event": "smooth_ap_epoch", "endpoint": "control", "fold": 0, "mode": "comparison", "epoch": 16, "optimizer_steps": 13, "learning_rate": 8.750000000000004e-05, "mean_loss": 0.9184831243294936, "elapsed_seconds": 138.34560765512288}
{"event": "smooth_ap_epoch", "endpoint": "control", "fold": 0, "mode": "comparison", "epoch": 17, "optimizer_steps": 13, "learning_rate": 5.7902143887199866e-05, "mean_loss": 0.9091776380172143, "elapsed_seconds": 134.63436780124903}
{"event": "smooth_ap_epoch", "endpoint": "control", "fold": 0, "mode": "comparison", "epoch": 18, "optimizer_steps": 13, "learning_rate": 3.342202598438421e-05, "mean_loss": 0.8878378409605759, "elapsed_seconds": 134.31477562524378}
{"event": "smooth_ap_epoch", "endpoint": "control", "fold": 0, "mode": "comparison", "epoch": 19, "optimizer_steps": 13, "learning_rate": 1.5129544912544829e-05, "mean_loss": 0.8864294244692876, "elapsed_seconds": 136.8085402008146}
{"event": "smooth_ap_epoch", "endpoint": "control", "fold": 0, "mode": "comparison", "epoch": 20, "optimizer_steps": 13, "learning_rate": 3.824169871584004e-06, "mean_loss": 0.8883403035310599, "elapsed_seconds": 135.2736873961985}
建立transformer............
using Transformer_type: ViT-B-16 as a backbone
Resized position embedding: %s to %s torch.Size([197, 768]) torch.Size([129, 768])
Position embedding resize to height:8 width: 16
Successfully load ckpt!
<All keys matched successfully>
Loading pretrained model from CLIP
camera number is : 8
===========Building Signal===========
建立transformer............
using Transformer_type: ViT-B-16 as a backbone
Resized position embedding: %s to %s torch.Size([197, 768]) torch.Size([129, 768])
Position embedding resize to height:8 width: 16
Successfully load ckpt!
<All keys matched successfully>
Loading pretrained model from CLIP
camera number is : 8
===========Building Signal===========
{"event": "smooth_ap_epoch", "endpoint": "smooth_ap", "fold": 0, "mode": "comparison", "epoch": 1, "optimizer_steps": 13, "learning_rate": 7.000000000000001e-05, "mean_loss": 4.000793567070594, "elapsed_seconds": 20.962312111631036}
{"event": "smooth_ap_epoch", "endpoint": "smooth_ap", "fold": 0, "mode": "comparison", "epoch": 2, "optimizer_steps": 13, "learning_rate": 0.00014000000000000001, "mean_loss": 3.4806973200577955, "elapsed_seconds": 20.152770521119237}
{"event": "smooth_ap_epoch", "endpoint": "smooth_ap", "fold": 0, "mode": "comparison", "epoch": 3, "optimizer_steps": 13, "learning_rate": 0.00020999999999999998, "mean_loss": 2.777554677082942, "elapsed_seconds": 19.679550539702177}
{"event": "smooth_ap_epoch", "endpoint": "smooth_ap", "fold": 0, "mode": "comparison", "epoch": 4, "optimizer_steps": 13, "learning_rate": 0.00028000000000000003, "mean_loss": 2.124321176455571, "elapsed_seconds": 19.202700439840555}
{"event": "smooth_ap_epoch", "endpoint": "smooth_ap", "fold": 0, "mode": "comparison", "epoch": 5, "optimizer_steps": 13, "learning_rate": 0.00035, "mean_loss": 1.6743216239489043, "elapsed_seconds": 19.73312128521502}
{"event": "smooth_ap_epoch", "endpoint": "smooth_ap", "fold": 0, "mode": "comparison", "epoch": 6, "optimizer_steps": 13, "learning_rate": 0.00035, "mean_loss": 1.2950412034988403, "elapsed_seconds": 101.57152636535466}
{"event": "smooth_ap_epoch", "endpoint": "smooth_ap", "fold": 0, "mode": "comparison", "epoch": 7, "optimizer_steps": 13, "learning_rate": 0.000346175830128416, "mean_loss": 1.158751597771278, "elapsed_seconds": 143.66581871174276}
{"event": "smooth_ap_epoch", "endpoint": "smooth_ap", "fold": 0, "mode": "comparison", "epoch": 8, "optimizer_steps": 13, "learning_rate": 0.0003348704550874551, "mean_loss": 1.04852510874088, "elapsed_seconds": 143.7784060575068}
{"event": "smooth_ap_epoch", "endpoint": "smooth_ap", "fold": 0, "mode": "comparison", "epoch": 9, "optimizer_steps": 13, "learning_rate": 0.0003165779740156158, "mean_loss": 0.9413097913448627, "elapsed_seconds": 143.08157805912197}
{"event": "smooth_ap_epoch", "endpoint": "smooth_ap", "fold": 0, "mode": "comparison", "epoch": 10, "optimizer_steps": 13, "learning_rate": 0.0002920978561128002, "mean_loss": 0.9011901158552903, "elapsed_seconds": 143.25499959103763}
{"event": "smooth_ap_epoch", "endpoint": "smooth_ap", "fold": 0, "mode": "comparison", "epoch": 11, "optimizer_steps": 13, "learning_rate": 0.0002625, "mean_loss": 0.8642519804147574, "elapsed_seconds": 142.7036425769329}
{"event": "smooth_ap_epoch", "endpoint": "smooth_ap", "fold": 0, "mode": "comparison", "epoch": 12, "optimizer_steps": 13, "learning_rate": 0.0002290779740156158, "mean_loss": 0.8480453858008752, "elapsed_seconds": 143.69459133595228}
{"event": "smooth_ap_epoch", "endpoint": "smooth_ap", "fold": 0, "mode": "comparison", "epoch": 13, "optimizer_steps": 13, "learning_rate": 0.00019329248107183937, "mean_loss": 0.8168937013699458, "elapsed_seconds": 142.9434435889125}
{"event": "smooth_ap_epoch", "endpoint": "smooth_ap", "fold": 0, "mode": "comparison", "epoch": 14, "optimizer_steps": 13, "learning_rate": 0.00015670751892816066, "mean_loss": 0.8028967472223135, "elapsed_seconds": 143.0939547456801}
{"event": "smooth_ap_epoch", "endpoint": "smooth_ap", "fold": 0, "mode": "comparison", "epoch": 15, "optimizer_steps": 13, "learning_rate": 0.00012092202598438422, "mean_loss": 0.7927380800247192, "elapsed_seconds": 143.28650440648198}
{"event": "smooth_ap_epoch", "endpoint": "smooth_ap", "fold": 0, "mode": "comparison", "epoch": 16, "optimizer_steps": 13, "learning_rate": 8.750000000000004e-05, "mean_loss": 0.7913387876290542, "elapsed_seconds": 143.23732572607696}
{"event": "smooth_ap_epoch", "endpoint": "smooth_ap", "fold": 0, "mode": "comparison", "epoch": 17, "optimizer_steps": 13, "learning_rate": 5.7902143887199866e-05, "mean_loss": 0.789296411550962, "elapsed_seconds": 142.70682691037655}
{"event": "smooth_ap_epoch", "endpoint": "smooth_ap", "fold": 0, "mode": "comparison", "epoch": 18, "optimizer_steps": 13, "learning_rate": 3.342202598438421e-05, "mean_loss": 0.7692823914381174, "elapsed_seconds": 143.1925587579608}
{"event": "smooth_ap_epoch", "endpoint": "smooth_ap", "fold": 0, "mode": "comparison", "epoch": 19, "optimizer_steps": 13, "learning_rate": 1.5129544912544829e-05, "mean_loss": 0.7680080441328195, "elapsed_seconds": 143.0940791890025}
{"event": "smooth_ap_epoch", "endpoint": "smooth_ap", "fold": 0, "mode": "comparison", "epoch": 20, "optimizer_steps": 13, "learning_rate": 3.824169871584004e-06, "mean_loss": 0.7678288083810073, "elapsed_seconds": 142.63266020081937}
建立transformer............
using Transformer_type: ViT-B-16 as a backbone
Resized position embedding: %s to %s torch.Size([197, 768]) torch.Size([129, 768])
Position embedding resize to height:8 width: 16
Successfully load ckpt!
<All keys matched successfully>
Loading pretrained model from CLIP
camera number is : 8
===========Building Signal===========
建立transformer............
using Transformer_type: ViT-B-16 as a backbone
Resized position embedding: %s to %s torch.Size([197, 768]) torch.Size([129, 768])
Position embedding resize to height:8 width: 16
Successfully load ckpt!
<All keys matched successfully>
Loading pretrained model from CLIP
camera number is : 8
===========Building Signal===========
{"event": "smooth_ap_epoch", "endpoint": "control", "fold": 1, "mode": "comparison", "epoch": 1, "optimizer_steps": 13, "learning_rate": 7.000000000000001e-05, "mean_loss": 4.045425946895893, "elapsed_seconds": 19.112488634884357}
{"event": "smooth_ap_epoch", "endpoint": "control", "fold": 1, "mode": "comparison", "epoch": 2, "optimizer_steps": 13, "learning_rate": 0.00014000000000000001, "mean_loss": 3.527666825514573, "elapsed_seconds": 19.121066141873598}
{"event": "smooth_ap_epoch", "endpoint": "control", "fold": 1, "mode": "comparison", "epoch": 3, "optimizer_steps": 13, "learning_rate": 0.00020999999999999998, "mean_loss": 2.824684839982253, "elapsed_seconds": 19.176530143246055}
{"event": "smooth_ap_epoch", "endpoint": "control", "fold": 1, "mode": "comparison", "epoch": 4, "optimizer_steps": 13, "learning_rate": 0.00028000000000000003, "mean_loss": 2.20210546713609, "elapsed_seconds": 19.378115789964795}
{"event": "smooth_ap_epoch", "endpoint": "control", "fold": 1, "mode": "comparison", "epoch": 5, "optimizer_steps": 13, "learning_rate": 0.00035, "mean_loss": 1.7011243196634145, "elapsed_seconds": 19.676308488473296}
{"event": "smooth_ap_epoch", "endpoint": "control", "fold": 1, "mode": "comparison", "epoch": 6, "optimizer_steps": 13, "learning_rate": 0.00035, "mean_loss": 1.538835048675537, "elapsed_seconds": 96.43341106921434}
{"event": "smooth_ap_epoch", "endpoint": "control", "fold": 1, "mode": "comparison", "epoch": 7, "optimizer_steps": 13, "learning_rate": 0.000346175830128416, "mean_loss": 1.3873971150471613, "elapsed_seconds": 135.64097748696804}
{"event": "smooth_ap_epoch", "endpoint": "control", "fold": 1, "mode": "comparison", "epoch": 8, "optimizer_steps": 13, "learning_rate": 0.0003348704550874551, "mean_loss": 1.2431641175196722, "elapsed_seconds": 130.47338802739978}
{"event": "smooth_ap_epoch", "endpoint": "control", "fold": 1, "mode": "comparison", "epoch": 9, "optimizer_steps": 13, "learning_rate": 0.0003165779740156158, "mean_loss": 1.1759266945031972, "elapsed_seconds": 138.42163417860866}
{"event": "smooth_ap_epoch", "endpoint": "control", "fold": 1, "mode": "comparison", "epoch": 10, "optimizer_steps": 13, "learning_rate": 0.0002920978561128002, "mean_loss": 1.1000055762437673, "elapsed_seconds": 131.7862643059343}
{"event": "smooth_ap_epoch", "endpoint": "control", "fold": 1, "mode": "comparison", "epoch": 11, "optimizer_steps": 13, "learning_rate": 0.0002625, "mean_loss": 1.0695594549179077, "elapsed_seconds": 130.27745530195534}
{"event": "smooth_ap_epoch", "endpoint": "control", "fold": 1, "mode": "comparison", "epoch": 12, "optimizer_steps": 13, "learning_rate": 0.0002290779740156158, "mean_loss": 1.0343944476200984, "elapsed_seconds": 136.31633691303432}
{"event": "smooth_ap_epoch", "endpoint": "control", "fold": 1, "mode": "comparison", "epoch": 13, "optimizer_steps": 13, "learning_rate": 0.00019329248107183937, "mean_loss": 0.9997374690496005, "elapsed_seconds": 133.00143129006028}
{"event": "smooth_ap_epoch", "endpoint": "control", "fold": 1, "mode": "comparison", "epoch": 14, "optimizer_steps": 13, "learning_rate": 0.00015670751892816066, "mean_loss": 0.9680096461222722, "elapsed_seconds": 137.13702291995287}
{"event": "smooth_ap_epoch", "endpoint": "control", "fold": 1, "mode": "comparison", "epoch": 15, "optimizer_steps": 13, "learning_rate": 0.00012092202598438422, "mean_loss": 0.9590076162264898, "elapsed_seconds": 130.96886839345098}
{"event": "smooth_ap_epoch", "endpoint": "control", "fold": 1, "mode": "comparison", "epoch": 16, "optimizer_steps": 13, "learning_rate": 8.750000000000004e-05, "mean_loss": 0.9659427679502047, "elapsed_seconds": 128.84778112731874}
{"event": "smooth_ap_epoch", "endpoint": "control", "fold": 1, "mode": "comparison", "epoch": 17, "optimizer_steps": 13, "learning_rate": 5.7902143887199866e-05, "mean_loss": 0.9330634566453787, "elapsed_seconds": 131.00310625508428}
{"event": "smooth_ap_epoch", "endpoint": "control", "fold": 1, "mode": "comparison", "epoch": 18, "optimizer_steps": 13, "learning_rate": 3.342202598438421e-05, "mean_loss": 0.9242578607339126, "elapsed_seconds": 131.06230063922703}
{"event": "smooth_ap_epoch", "endpoint": "control", "fold": 1, "mode": "comparison", "epoch": 19, "optimizer_steps": 13, "learning_rate": 1.5129544912544829e-05, "mean_loss": 0.9221839904785156, "elapsed_seconds": 131.61608794517815}
{"event": "smooth_ap_epoch", "endpoint": "control", "fold": 1, "mode": "comparison", "epoch": 20, "optimizer_steps": 13, "learning_rate": 3.824169871584004e-06, "mean_loss": 0.9312442724521344, "elapsed_seconds": 128.0637448988855}
建立transformer............
using Transformer_type: ViT-B-16 as a backbone
Resized position embedding: %s to %s torch.Size([197, 768]) torch.Size([129, 768])
Position embedding resize to height:8 width: 16
Successfully load ckpt!
<All keys matched successfully>
Loading pretrained model from CLIP
camera number is : 8
===========Building Signal===========
建立transformer............
using Transformer_type: ViT-B-16 as a backbone
Resized position embedding: %s to %s torch.Size([197, 768]) torch.Size([129, 768])
Position embedding resize to height:8 width: 16
Successfully load ckpt!
<All keys matched successfully>
Loading pretrained model from CLIP
camera number is : 8
===========Building Signal===========
{"event": "smooth_ap_epoch", "endpoint": "smooth_ap", "fold": 1, "mode": "comparison", "epoch": 1, "optimizer_steps": 13, "learning_rate": 7.000000000000001e-05, "mean_loss": 4.045428862938514, "elapsed_seconds": 19.2048479039222}
{"event": "smooth_ap_epoch", "endpoint": "smooth_ap", "fold": 1, "mode": "comparison", "epoch": 2, "optimizer_steps": 13, "learning_rate": 0.00014000000000000001, "mean_loss": 3.5276975631713867, "elapsed_seconds": 19.021664006635547}
{"event": "smooth_ap_epoch", "endpoint": "smooth_ap", "fold": 1, "mode": "comparison", "epoch": 3, "optimizer_steps": 13, "learning_rate": 0.00020999999999999998, "mean_loss": 2.8246461428128757, "elapsed_seconds": 19.038086911663413}
{"event": "smooth_ap_epoch", "endpoint": "smooth_ap", "fold": 1, "mode": "comparison", "epoch": 4, "optimizer_steps": 13, "learning_rate": 0.00028000000000000003, "mean_loss": 2.202263593673706, "elapsed_seconds": 19.203448643907905}
{"event": "smooth_ap_epoch", "endpoint": "smooth_ap", "fold": 1, "mode": "comparison", "epoch": 5, "optimizer_steps": 13, "learning_rate": 0.00035, "mean_loss": 1.7008010974297156, "elapsed_seconds": 19.064411632716656}
{"event": "smooth_ap_epoch", "endpoint": "smooth_ap", "fold": 1, "mode": "comparison", "epoch": 6, "optimizer_steps": 13, "learning_rate": 0.00035, "mean_loss": 1.3707387905854445, "elapsed_seconds": 99.70804583095014}
{"event": "smooth_ap_epoch", "endpoint": "smooth_ap", "fold": 1, "mode": "comparison", "epoch": 7, "optimizer_steps": 13, "learning_rate": 0.000346175830128416, "mean_loss": 1.2065090582920954, "elapsed_seconds": 142.56184432283044}
{"event": "smooth_ap_epoch", "endpoint": "smooth_ap", "fold": 1, "mode": "comparison", "epoch": 8, "optimizer_steps": 13, "learning_rate": 0.0003348704550874551, "mean_loss": 1.0677030957662141, "elapsed_seconds": 142.5050696078688}
{"event": "smooth_ap_epoch", "endpoint": "smooth_ap", "fold": 1, "mode": "comparison", "epoch": 9, "optimizer_steps": 13, "learning_rate": 0.0003165779740156158, "mean_loss": 1.0010447135338416, "elapsed_seconds": 142.70629323273897}
{"event": "smooth_ap_epoch", "endpoint": "smooth_ap", "fold": 1, "mode": "comparison", "epoch": 10, "optimizer_steps": 13, "learning_rate": 0.0002920978561128002, "mean_loss": 0.928017836350661, "elapsed_seconds": 142.2575649227947}
{"event": "smooth_ap_epoch", "endpoint": "smooth_ap", "fold": 1, "mode": "comparison", "epoch": 11, "optimizer_steps": 13, "learning_rate": 0.0002625, "mean_loss": 0.9098955667935885, "elapsed_seconds": 142.33691230416298}
{"event": "smooth_ap_epoch", "endpoint": "smooth_ap", "fold": 1, "mode": "comparison", "epoch": 12, "optimizer_steps": 13, "learning_rate": 0.0002290779740156158, "mean_loss": 0.8561625893299396, "elapsed_seconds": 142.10679760202765}
{"event": "smooth_ap_epoch", "endpoint": "smooth_ap", "fold": 1, "mode": "comparison", "epoch": 13, "optimizer_steps": 13, "learning_rate": 0.00019329248107183937, "mean_loss": 0.8481371861237746, "elapsed_seconds": 142.57570895925164}
{"event": "smooth_ap_epoch", "endpoint": "smooth_ap", "fold": 1, "mode": "comparison", "epoch": 14, "optimizer_steps": 13, "learning_rate": 0.00015670751892816066, "mean_loss": 0.812086440049685, "elapsed_seconds": 142.39505952224135}
{"event": "smooth_ap_epoch", "endpoint": "smooth_ap", "fold": 1, "mode": "comparison", "epoch": 15, "optimizer_steps": 13, "learning_rate": 0.00012092202598438422, "mean_loss": 0.8158415372555072, "elapsed_seconds": 142.53118999488652}
{"event": "smooth_ap_epoch", "endpoint": "smooth_ap", "fold": 1, "mode": "comparison", "epoch": 16, "optimizer_steps": 13, "learning_rate": 8.750000000000004e-05, "mean_loss": 0.8198141180551969, "elapsed_seconds": 143.0348702725023}
{"event": "smooth_ap_epoch", "endpoint": "smooth_ap", "fold": 1, "mode": "comparison", "epoch": 17, "optimizer_steps": 13, "learning_rate": 5.7902143887199866e-05, "mean_loss": 0.7884592643150916, "elapsed_seconds": 142.15181534737349}
{"event": "smooth_ap_epoch", "endpoint": "smooth_ap", "fold": 1, "mode": "comparison", "epoch": 18, "optimizer_steps": 13, "learning_rate": 3.342202598438421e-05, "mean_loss": 0.7802428419773395, "elapsed_seconds": 141.99194321222603}
{"event": "smooth_ap_epoch", "endpoint": "smooth_ap", "fold": 1, "mode": "comparison", "epoch": 19, "optimizer_steps": 13, "learning_rate": 1.5129544912544829e-05, "mean_loss": 0.7876439369641818, "elapsed_seconds": 140.81686150468886}
{"event": "smooth_ap_epoch", "endpoint": "smooth_ap", "fold": 1, "mode": "comparison", "epoch": 20, "optimizer_steps": 13, "learning_rate": 3.824169871584004e-06, "mean_loss": 0.7930566530961257, "elapsed_seconds": 140.60464008897543}
建立transformer............
using Transformer_type: ViT-B-16 as a backbone
Resized position embedding: %s to %s torch.Size([197, 768]) torch.Size([129, 768])
Position embedding resize to height:8 width: 16
Successfully load ckpt!
<All keys matched successfully>
Loading pretrained model from CLIP
camera number is : 8
===========Building Signal===========
建立transformer............
using Transformer_type: ViT-B-16 as a backbone
Resized position embedding: %s to %s torch.Size([197, 768]) torch.Size([129, 768])
Position embedding resize to height:8 width: 16
Successfully load ckpt!
<All keys matched successfully>
Loading pretrained model from CLIP
camera number is : 8
===========Building Signal===========
{"event": "smooth_ap_epoch", "endpoint": "control", "fold": 2, "mode": "comparison", "epoch": 1, "optimizer_steps": 13, "learning_rate": 7.000000000000001e-05, "mean_loss": 4.057007936330942, "elapsed_seconds": 20.111551627516747}
{"event": "smooth_ap_epoch", "endpoint": "control", "fold": 2, "mode": "comparison", "epoch": 2, "optimizer_steps": 13, "learning_rate": 0.00014000000000000001, "mean_loss": 3.553500670653123, "elapsed_seconds": 18.67306344024837}
{"event": "smooth_ap_epoch", "endpoint": "control", "fold": 2, "mode": "comparison", "epoch": 3, "optimizer_steps": 13, "learning_rate": 0.00020999999999999998, "mean_loss": 2.8408825947688174, "elapsed_seconds": 19.061842111870646}
{"event": "smooth_ap_epoch", "endpoint": "control", "fold": 2, "mode": "comparison", "epoch": 4, "optimizer_steps": 13, "learning_rate": 0.00028000000000000003, "mean_loss": 2.110097545843858, "elapsed_seconds": 19.31237137131393}
{"event": "smooth_ap_epoch", "endpoint": "control", "fold": 2, "mode": "comparison", "epoch": 5, "optimizer_steps": 13, "learning_rate": 0.00035, "mean_loss": 1.7409032858335054, "elapsed_seconds": 18.675521990284324}
{"event": "smooth_ap_epoch", "endpoint": "control", "fold": 2, "mode": "comparison", "epoch": 6, "optimizer_steps": 13, "learning_rate": 0.00035, "mean_loss": 1.5340868693131666, "elapsed_seconds": 91.24771923944354}
{"event": "smooth_ap_epoch", "endpoint": "control", "fold": 2, "mode": "comparison", "epoch": 7, "optimizer_steps": 13, "learning_rate": 0.000346175830128416, "mean_loss": 1.3850431809058557, "elapsed_seconds": 132.36623041704297}
{"event": "smooth_ap_epoch", "endpoint": "control", "fold": 2, "mode": "comparison", "epoch": 8, "optimizer_steps": 13, "learning_rate": 0.0003348704550874551, "mean_loss": 1.2347516279954176, "elapsed_seconds": 130.32161697745323}
{"event": "smooth_ap_epoch", "endpoint": "control", "fold": 2, "mode": "comparison", "epoch": 9, "optimizer_steps": 13, "learning_rate": 0.0003165779740156158, "mean_loss": 1.165916071488307, "elapsed_seconds": 132.40737730264664}
{"event": "smooth_ap_epoch", "endpoint": "control", "fold": 2, "mode": "comparison", "epoch": 10, "optimizer_steps": 13, "learning_rate": 0.0002920978561128002, "mean_loss": 1.0883932480445275, "elapsed_seconds": 136.86275475285947}
{"event": "smooth_ap_epoch", "endpoint": "control", "fold": 2, "mode": "comparison", "epoch": 11, "optimizer_steps": 13, "learning_rate": 0.0002625, "mean_loss": 1.0515093023960407, "elapsed_seconds": 131.946541454643}
{"event": "smooth_ap_epoch", "endpoint": "control", "fold": 2, "mode": "comparison", "epoch": 12, "optimizer_steps": 13, "learning_rate": 0.0002290779740156158, "mean_loss": 0.9956084352273208, "elapsed_seconds": 134.2645934354514}
{"event": "smooth_ap_epoch", "endpoint": "control", "fold": 2, "mode": "comparison", "epoch": 13, "optimizer_steps": 13, "learning_rate": 0.00019329248107183937, "mean_loss": 0.9608279329079848, "elapsed_seconds": 135.10701162554324}
{"event": "smooth_ap_epoch", "endpoint": "control", "fold": 2, "mode": "comparison", "epoch": 14, "optimizer_steps": 13, "learning_rate": 0.00015670751892816066, "mean_loss": 0.9977742754496061, "elapsed_seconds": 133.20067321136594}
{"event": "smooth_ap_epoch", "endpoint": "control", "fold": 2, "mode": "comparison", "epoch": 15, "optimizer_steps": 13, "learning_rate": 0.00012092202598438422, "mean_loss": 0.9648379500095661, "elapsed_seconds": 130.85026164725423}
{"event": "smooth_ap_epoch", "endpoint": "control", "fold": 2, "mode": "comparison", "epoch": 16, "optimizer_steps": 13, "learning_rate": 8.750000000000004e-05, "mean_loss": 0.9233057728180518, "elapsed_seconds": 130.5931559726596}
{"event": "smooth_ap_epoch", "endpoint": "control", "fold": 2, "mode": "comparison", "epoch": 17, "optimizer_steps": 13, "learning_rate": 5.7902143887199866e-05, "mean_loss": 0.9178676238426795, "elapsed_seconds": 132.3417177684605}
{"event": "smooth_ap_epoch", "endpoint": "control", "fold": 2, "mode": "comparison", "epoch": 18, "optimizer_steps": 13, "learning_rate": 3.342202598438421e-05, "mean_loss": 0.9220052453187796, "elapsed_seconds": 130.8391980677843}
{"event": "smooth_ap_epoch", "endpoint": "control", "fold": 2, "mode": "comparison", "epoch": 19, "optimizer_steps": 13, "learning_rate": 1.5129544912544829e-05, "mean_loss": 0.9132426289411691, "elapsed_seconds": 134.7146335002035}
{"event": "smooth_ap_epoch", "endpoint": "control", "fold": 2, "mode": "comparison", "epoch": 20, "optimizer_steps": 13, "learning_rate": 3.824169871584004e-06, "mean_loss": 0.9107094728029691, "elapsed_seconds": 134.53876988962293}
建立transformer............
using Transformer_type: ViT-B-16 as a backbone
Resized position embedding: %s to %s torch.Size([197, 768]) torch.Size([129, 768])
Position embedding resize to height:8 width: 16
Successfully load ckpt!
<All keys matched successfully>
Loading pretrained model from CLIP
camera number is : 8
===========Building Signal===========
建立transformer............
using Transformer_type: ViT-B-16 as a backbone
Resized position embedding: %s to %s torch.Size([197, 768]) torch.Size([129, 768])
Position embedding resize to height:8 width: 16
Successfully load ckpt!
<All keys matched successfully>
Loading pretrained model from CLIP
camera number is : 8
===========Building Signal===========
{"event": "smooth_ap_epoch", "endpoint": "smooth_ap", "fold": 2, "mode": "comparison", "epoch": 1, "optimizer_steps": 13, "learning_rate": 7.000000000000001e-05, "mean_loss": 4.056944003471961, "elapsed_seconds": 19.350178657099605}
{"event": "smooth_ap_epoch", "endpoint": "smooth_ap", "fold": 2, "mode": "comparison", "epoch": 2, "optimizer_steps": 13, "learning_rate": 0.00014000000000000001, "mean_loss": 3.5534382049853983, "elapsed_seconds": 18.95454020984471}
{"event": "smooth_ap_epoch", "endpoint": "smooth_ap", "fold": 2, "mode": "comparison", "epoch": 3, "optimizer_steps": 13, "learning_rate": 0.00020999999999999998, "mean_loss": 2.840850756718562, "elapsed_seconds": 18.87630043923855}
{"event": "smooth_ap_epoch", "endpoint": "smooth_ap", "fold": 2, "mode": "comparison", "epoch": 4, "optimizer_steps": 13, "learning_rate": 0.00028000000000000003, "mean_loss": 2.110272618440481, "elapsed_seconds": 19.005780562758446}
{"event": "smooth_ap_epoch", "endpoint": "smooth_ap", "fold": 2, "mode": "comparison", "epoch": 5, "optimizer_steps": 13, "learning_rate": 0.00035, "mean_loss": 1.7405303166462824, "elapsed_seconds": 18.94071127474308}
{"event": "smooth_ap_epoch", "endpoint": "smooth_ap", "fold": 2, "mode": "comparison", "epoch": 6, "optimizer_steps": 13, "learning_rate": 0.00035, "mean_loss": 1.3673167870594904, "elapsed_seconds": 99.14525334350765}
{"event": "smooth_ap_epoch", "endpoint": "smooth_ap", "fold": 2, "mode": "comparison", "epoch": 7, "optimizer_steps": 13, "learning_rate": 0.000346175830128416, "mean_loss": 1.2016280431013842, "elapsed_seconds": 140.70239723846316}
{"event": "smooth_ap_epoch", "endpoint": "smooth_ap", "fold": 2, "mode": "comparison", "epoch": 8, "optimizer_steps": 13, "learning_rate": 0.0003348704550874551, "mean_loss": 1.071629129923307, "elapsed_seconds": 141.37590715289116}
{"event": "smooth_ap_epoch", "endpoint": "smooth_ap", "fold": 2, "mode": "comparison", "epoch": 9, "optimizer_steps": 13, "learning_rate": 0.0003165779740156158, "mean_loss": 0.9998995203238267, "elapsed_seconds": 140.52331867069006}
{"event": "smooth_ap_epoch", "endpoint": "smooth_ap", "fold": 2, "mode": "comparison", "epoch": 10, "optimizer_steps": 13, "learning_rate": 0.0002920978561128002, "mean_loss": 0.9288287071081308, "elapsed_seconds": 140.5848041754216}
{"event": "smooth_ap_epoch", "endpoint": "smooth_ap", "fold": 2, "mode": "comparison", "epoch": 11, "optimizer_steps": 13, "learning_rate": 0.0002625, "mean_loss": 0.895823231110206, "elapsed_seconds": 140.7622628491372}
{"event": "smooth_ap_epoch", "endpoint": "smooth_ap", "fold": 2, "mode": "comparison", "epoch": 12, "optimizer_steps": 13, "learning_rate": 0.0002290779740156158, "mean_loss": 0.8399120615078852, "elapsed_seconds": 140.75015206448734}
{"event": "smooth_ap_epoch", "endpoint": "smooth_ap", "fold": 2, "mode": "comparison", "epoch": 13, "optimizer_steps": 13, "learning_rate": 0.00019329248107183937, "mean_loss": 0.8230072259902954, "elapsed_seconds": 141.03163240663707}
{"event": "smooth_ap_epoch", "endpoint": "smooth_ap", "fold": 2, "mode": "comparison", "epoch": 14, "optimizer_steps": 13, "learning_rate": 0.00015670751892816066, "mean_loss": 0.8520325559836167, "elapsed_seconds": 141.15876051038504}
{"event": "smooth_ap_epoch", "endpoint": "smooth_ap", "fold": 2, "mode": "comparison", "epoch": 15, "optimizer_steps": 13, "learning_rate": 0.00012092202598438422, "mean_loss": 0.8203340218617365, "elapsed_seconds": 140.54168153367937}
{"event": "smooth_ap_epoch", "endpoint": "smooth_ap", "fold": 2, "mode": "comparison", "epoch": 16, "optimizer_steps": 13, "learning_rate": 8.750000000000004e-05, "mean_loss": 0.7919700283270615, "elapsed_seconds": 140.80261194705963}
{"event": "smooth_ap_epoch", "endpoint": "smooth_ap", "fold": 2, "mode": "comparison", "epoch": 17, "optimizer_steps": 13, "learning_rate": 5.7902143887199866e-05, "mean_loss": 0.7942129327700689, "elapsed_seconds": 140.5862687435001}
{"event": "smooth_ap_epoch", "endpoint": "smooth_ap", "fold": 2, "mode": "comparison", "epoch": 18, "optimizer_steps": 13, "learning_rate": 3.342202598438421e-05, "mean_loss": 0.7867263555526733, "elapsed_seconds": 140.9108611792326}
{"event": "smooth_ap_epoch", "endpoint": "smooth_ap", "fold": 2, "mode": "comparison", "epoch": 19, "optimizer_steps": 13, "learning_rate": 1.5129544912544829e-05, "mean_loss": 0.7914985143221341, "elapsed_seconds": 141.0231102090329}
{"event": "smooth_ap_epoch", "endpoint": "smooth_ap", "fold": 2, "mode": "comparison", "epoch": 20, "optimizer_steps": 13, "learning_rate": 3.824169871584004e-06, "mean_loss": 0.7805672287940979, "elapsed_seconds": 140.71537658758461}
建立transformer............
using Transformer_type: ViT-B-16 as a backbone
Resized position embedding: %s to %s torch.Size([197, 768]) torch.Size([129, 768])
Position embedding resize to height:8 width: 16
Successfully load ckpt!
<All keys matched successfully>
Loading pretrained model from CLIP
camera number is : 8
===========Building Signal===========
