/root/miniconda3/envs/tri_reid/lib/python3.10/site-packages/timm/models/helpers.py:7: FutureWarning: Importing from timm.models.helpers is deprecated, please import via timm.models
  warnings.warn(f"Importing from {__name__} is deprecated, please import via timm.models", FutureWarning)
/root/miniconda3/envs/tri_reid/lib/python3.10/site-packages/timm/models/registry.py:4: FutureWarning: Importing from timm.models.registry is deprecated, please import via timm.models
  warnings.warn(f"Importing from {__name__} is deprecated, please import via timm.models", FutureWarning)
/root/miniconda3/envs/tri_reid/lib/python3.10/site-packages/timm/models/layers/__init__.py:48: FutureWarning: Importing from timm.models.layers is deprecated, please import via timm.layers
  warnings.warn(f"Importing from {__name__} is deprecated, please import via timm.layers", FutureWarning)
建立transformer............
using Transformer_type: ViT-B-16 as a backbone
Resized position embedding: %s to %s torch.Size([197, 768]) torch.Size([129, 768])
Position embedding resize to height:8 width: 16
Successfully load ckpt!
<All keys matched successfully>
Loading pretrained model from CLIP
camera number is : 8
===========Building Signal===========
{"event": "history_gradient_epoch", "endpoint": "control", "fold": 0, "mode": "comparison", "epoch": 1, "optimizer_steps": 13, "learning_rate": 7.000000000000001e-05, "mean_loss": 4.000749734731821, "elapsed_seconds": 21.615392925217748}
{"event": "history_gradient_epoch", "endpoint": "control", "fold": 0, "mode": "comparison", "epoch": 2, "optimizer_steps": 13, "learning_rate": 0.00014000000000000001, "mean_loss": 3.480652148907001, "elapsed_seconds": 19.034311339259148}
{"event": "history_gradient_epoch", "endpoint": "control", "fold": 0, "mode": "comparison", "epoch": 3, "optimizer_steps": 13, "learning_rate": 0.00020999999999999998, "mean_loss": 2.7774966863485484, "elapsed_seconds": 19.32602751068771}
{"event": "history_gradient_epoch", "endpoint": "control", "fold": 0, "mode": "comparison", "epoch": 4, "optimizer_steps": 13, "learning_rate": 0.00028000000000000003, "mean_loss": 2.124107690957876, "elapsed_seconds": 19.42937219515443}
{"event": "history_gradient_epoch", "endpoint": "control", "fold": 0, "mode": "comparison", "epoch": 5, "optimizer_steps": 13, "learning_rate": 0.00035, "mean_loss": 1.6740539899239173, "elapsed_seconds": 19.286779744550586}
{"event": "history_gradient_epoch", "endpoint": "control", "fold": 0, "mode": "comparison", "epoch": 6, "optimizer_steps": 13, "learning_rate": 0.00035, "mean_loss": 1.4778053668829112, "elapsed_seconds": 95.4663308635354}
{"event": "history_gradient_epoch", "endpoint": "control", "fold": 0, "mode": "comparison", "epoch": 7, "optimizer_steps": 13, "learning_rate": 0.000346175830128416, "mean_loss": 1.3819297552108765, "elapsed_seconds": 128.30190936475992}
{"event": "history_gradient_epoch", "endpoint": "control", "fold": 0, "mode": "comparison", "epoch": 8, "optimizer_steps": 13, "learning_rate": 0.0003348704550874551, "mean_loss": 1.264163274031419, "elapsed_seconds": 131.05551943555474}
{"event": "history_gradient_epoch", "endpoint": "control", "fold": 0, "mode": "comparison", "epoch": 9, "optimizer_steps": 13, "learning_rate": 0.0003165779740156158, "mean_loss": 1.1357326599267812, "elapsed_seconds": 131.72880884073675}
{"event": "history_gradient_epoch", "endpoint": "control", "fold": 0, "mode": "comparison", "epoch": 10, "optimizer_steps": 13, "learning_rate": 0.0002920978561128002, "mean_loss": 1.1029628973740797, "elapsed_seconds": 129.99681142158806}
{"event": "history_gradient_epoch", "endpoint": "control", "fold": 0, "mode": "comparison", "epoch": 11, "optimizer_steps": 13, "learning_rate": 0.0002625, "mean_loss": 1.0650504002204308, "elapsed_seconds": 131.02425185218453}
{"event": "history_gradient_epoch", "endpoint": "control", "fold": 0, "mode": "comparison", "epoch": 12, "optimizer_steps": 13, "learning_rate": 0.0002290779740156158, "mean_loss": 1.0420260658630958, "elapsed_seconds": 132.21253204718232}
{"event": "history_gradient_epoch", "endpoint": "control", "fold": 0, "mode": "comparison", "epoch": 13, "optimizer_steps": 13, "learning_rate": 0.00019329248107183937, "mean_loss": 1.0081462676708515, "elapsed_seconds": 136.8339374680072}
{"event": "history_gradient_epoch", "endpoint": "control", "fold": 0, "mode": "comparison", "epoch": 14, "optimizer_steps": 13, "learning_rate": 0.00015670751892816066, "mean_loss": 0.9955491836254413, "elapsed_seconds": 128.5153006017208}
{"event": "history_gradient_epoch", "endpoint": "control", "fold": 0, "mode": "comparison", "epoch": 15, "optimizer_steps": 13, "learning_rate": 0.00012092202598438422, "mean_loss": 0.9729635944733253, "elapsed_seconds": 129.65412586182356}
{"event": "history_gradient_epoch", "endpoint": "control", "fold": 0, "mode": "comparison", "epoch": 16, "optimizer_steps": 13, "learning_rate": 8.750000000000004e-05, "mean_loss": 0.9637611737618079, "elapsed_seconds": 133.96984959207475}
{"event": "history_gradient_epoch", "endpoint": "control", "fold": 0, "mode": "comparison", "epoch": 17, "optimizer_steps": 13, "learning_rate": 5.7902143887199866e-05, "mean_loss": 0.965943808739002, "elapsed_seconds": 132.6848057564348}
{"event": "history_gradient_epoch", "endpoint": "control", "fold": 0, "mode": "comparison", "epoch": 18, "optimizer_steps": 13, "learning_rate": 3.342202598438421e-05, "mean_loss": 0.9414940797365628, "elapsed_seconds": 128.67367870733142}
{"event": "history_gradient_epoch", "endpoint": "control", "fold": 0, "mode": "comparison", "epoch": 19, "optimizer_steps": 13, "learning_rate": 1.5129544912544829e-05, "mean_loss": 0.9291327733259934, "elapsed_seconds": 134.7585333250463}
{"event": "history_gradient_epoch", "endpoint": "control", "fold": 0, "mode": "comparison", "epoch": 20, "optimizer_steps": 13, "learning_rate": 3.824169871584004e-06, "mean_loss": 0.9337195387253394, "elapsed_seconds": 134.40339537151158}
建立transformer............
using Transformer_type: ViT-B-16 as a backbone
Resized position embedding: %s to %s torch.Size([197, 768]) torch.Size([129, 768])
Position embedding resize to height:8 width: 16
Successfully load ckpt!
<All keys matched successfully>
Loading pretrained model from CLIP
camera number is : 8
===========Building Signal===========
建立transformer............
using Transformer_type: ViT-B-16 as a backbone
Resized position embedding: %s to %s torch.Size([197, 768]) torch.Size([129, 768])
Position embedding resize to height:8 width: 16
Successfully load ckpt!
<All keys matched successfully>
Loading pretrained model from CLIP
camera number is : 8
===========Building Signal===========
{"event": "history_gradient_epoch", "endpoint": "history_gradient", "fold": 0, "mode": "comparison", "epoch": 1, "optimizer_steps": 13, "learning_rate": 7.000000000000001e-05, "mean_loss": 4.000756428791926, "elapsed_seconds": 19.344040190801024}
{"event": "history_gradient_epoch", "endpoint": "history_gradient", "fold": 0, "mode": "comparison", "epoch": 2, "optimizer_steps": 13, "learning_rate": 0.00014000000000000001, "mean_loss": 3.480645069709191, "elapsed_seconds": 18.787692559883}
{"event": "history_gradient_epoch", "endpoint": "history_gradient", "fold": 0, "mode": "comparison", "epoch": 3, "optimizer_steps": 13, "learning_rate": 0.00020999999999999998, "mean_loss": 2.777351030936608, "elapsed_seconds": 19.152665000408888}
{"event": "history_gradient_epoch", "endpoint": "history_gradient", "fold": 0, "mode": "comparison", "epoch": 4, "optimizer_steps": 13, "learning_rate": 0.00028000000000000003, "mean_loss": 2.12404649074261, "elapsed_seconds": 18.981309739872813}
{"event": "history_gradient_epoch", "endpoint": "history_gradient", "fold": 0, "mode": "comparison", "epoch": 5, "optimizer_steps": 13, "learning_rate": 0.00035, "mean_loss": 1.674240570801955, "elapsed_seconds": 18.757407108321786}
{"event": "history_gradient_epoch", "endpoint": "history_gradient", "fold": 0, "mode": "comparison", "epoch": 6, "optimizer_steps": 13, "learning_rate": 0.00035, "mean_loss": 1.4517072072395911, "elapsed_seconds": 94.85702709853649}
{"event": "history_gradient_epoch", "endpoint": "history_gradient", "fold": 0, "mode": "comparison", "epoch": 7, "optimizer_steps": 13, "learning_rate": 0.000346175830128416, "mean_loss": 1.3384988858149602, "elapsed_seconds": 127.97982363030314}
{"event": "history_gradient_epoch", "endpoint": "history_gradient", "fold": 0, "mode": "comparison", "epoch": 8, "optimizer_steps": 13, "learning_rate": 0.0003348704550874551, "mean_loss": 1.2188793879288893, "elapsed_seconds": 132.10913080349565}
{"event": "history_gradient_epoch", "endpoint": "history_gradient", "fold": 0, "mode": "comparison", "epoch": 9, "optimizer_steps": 13, "learning_rate": 0.0003165779740156158, "mean_loss": 1.0969480963853688, "elapsed_seconds": 133.82256639190018}
{"event": "history_gradient_epoch", "endpoint": "history_gradient", "fold": 0, "mode": "comparison", "epoch": 10, "optimizer_steps": 13, "learning_rate": 0.0002920978561128002, "mean_loss": 1.0614272172634418, "elapsed_seconds": 131.87338404357433}
{"event": "history_gradient_epoch", "endpoint": "history_gradient", "fold": 0, "mode": "comparison", "epoch": 11, "optimizer_steps": 13, "learning_rate": 0.0002625, "mean_loss": 1.012775256083562, "elapsed_seconds": 132.3842705525458}
{"event": "history_gradient_epoch", "endpoint": "history_gradient", "fold": 0, "mode": "comparison", "epoch": 12, "optimizer_steps": 13, "learning_rate": 0.0002290779740156158, "mean_loss": 0.9928847001149104, "elapsed_seconds": 134.34047507308424}
{"event": "history_gradient_epoch", "endpoint": "history_gradient", "fold": 0, "mode": "comparison", "epoch": 13, "optimizer_steps": 13, "learning_rate": 0.00019329248107183937, "mean_loss": 0.9605806790865384, "elapsed_seconds": 133.85763069428504}
{"event": "history_gradient_epoch", "endpoint": "history_gradient", "fold": 0, "mode": "comparison", "epoch": 14, "optimizer_steps": 13, "learning_rate": 0.00015670751892816066, "mean_loss": 0.9450973730820876, "elapsed_seconds": 130.91083109937608}
{"event": "history_gradient_epoch", "endpoint": "history_gradient", "fold": 0, "mode": "comparison", "epoch": 15, "optimizer_steps": 13, "learning_rate": 0.00012092202598438422, "mean_loss": 0.9291590314645034, "elapsed_seconds": 131.93085815943778}
{"event": "history_gradient_epoch", "endpoint": "history_gradient", "fold": 0, "mode": "comparison", "epoch": 16, "optimizer_steps": 13, "learning_rate": 8.750000000000004e-05, "mean_loss": 0.9187075083072369, "elapsed_seconds": 134.39673531241715}
{"event": "history_gradient_epoch", "endpoint": "history_gradient", "fold": 0, "mode": "comparison", "epoch": 17, "optimizer_steps": 13, "learning_rate": 5.7902143887199866e-05, "mean_loss": 0.9090236792197595, "elapsed_seconds": 128.9894546996802}
{"event": "history_gradient_epoch", "endpoint": "history_gradient", "fold": 0, "mode": "comparison", "epoch": 18, "optimizer_steps": 13, "learning_rate": 3.342202598438421e-05, "mean_loss": 0.8878245903895452, "elapsed_seconds": 130.32469280809164}
{"event": "history_gradient_epoch", "endpoint": "history_gradient", "fold": 0, "mode": "comparison", "epoch": 19, "optimizer_steps": 13, "learning_rate": 1.5129544912544829e-05, "mean_loss": 0.8862673319303073, "elapsed_seconds": 131.12049383670092}
{"event": "history_gradient_epoch", "endpoint": "history_gradient", "fold": 0, "mode": "comparison", "epoch": 20, "optimizer_steps": 13, "learning_rate": 3.824169871584004e-06, "mean_loss": 0.8880764887883112, "elapsed_seconds": 132.02406780049205}
建立transformer............
using Transformer_type: ViT-B-16 as a backbone
Resized position embedding: %s to %s torch.Size([197, 768]) torch.Size([129, 768])
Position embedding resize to height:8 width: 16
Successfully load ckpt!
<All keys matched successfully>
Loading pretrained model from CLIP
camera number is : 8
===========Building Signal===========
建立transformer............
using Transformer_type: ViT-B-16 as a backbone
Resized position embedding: %s to %s torch.Size([197, 768]) torch.Size([129, 768])
Position embedding resize to height:8 width: 16
Successfully load ckpt!
<All keys matched successfully>
Loading pretrained model from CLIP
camera number is : 8
===========Building Signal===========
{"event": "history_gradient_epoch", "endpoint": "control", "fold": 1, "mode": "comparison", "epoch": 1, "optimizer_steps": 13, "learning_rate": 7.000000000000001e-05, "mean_loss": 4.045410247949453, "elapsed_seconds": 18.927498986944556}
{"event": "history_gradient_epoch", "endpoint": "control", "fold": 1, "mode": "comparison", "epoch": 2, "optimizer_steps": 13, "learning_rate": 0.00014000000000000001, "mean_loss": 3.527689291880681, "elapsed_seconds": 18.99983768723905}
{"event": "history_gradient_epoch", "endpoint": "control", "fold": 1, "mode": "comparison", "epoch": 3, "optimizer_steps": 13, "learning_rate": 0.00020999999999999998, "mean_loss": 2.8247119096609263, "elapsed_seconds": 18.629519442096353}
{"event": "history_gradient_epoch", "endpoint": "control", "fold": 1, "mode": "comparison", "epoch": 4, "optimizer_steps": 13, "learning_rate": 0.00028000000000000003, "mean_loss": 2.2019991141099196, "elapsed_seconds": 18.66890168376267}
{"event": "history_gradient_epoch", "endpoint": "control", "fold": 1, "mode": "comparison", "epoch": 5, "optimizer_steps": 13, "learning_rate": 0.00035, "mean_loss": 1.7011723518371582, "elapsed_seconds": 20.035400930792093}
{"event": "history_gradient_epoch", "endpoint": "control", "fold": 1, "mode": "comparison", "epoch": 6, "optimizer_steps": 13, "learning_rate": 0.00035, "mean_loss": 1.5650227344953096, "elapsed_seconds": 97.29113091342151}
{"event": "history_gradient_epoch", "endpoint": "control", "fold": 1, "mode": "comparison", "epoch": 7, "optimizer_steps": 13, "learning_rate": 0.000346175830128416, "mean_loss": 1.4395534350321844, "elapsed_seconds": 133.74903659708798}
{"event": "history_gradient_epoch", "endpoint": "control", "fold": 1, "mode": "comparison", "epoch": 8, "optimizer_steps": 13, "learning_rate": 0.0003348704550874551, "mean_loss": 1.2735011302507842, "elapsed_seconds": 128.84199052117765}
{"event": "history_gradient_epoch", "endpoint": "control", "fold": 1, "mode": "comparison", "epoch": 9, "optimizer_steps": 13, "learning_rate": 0.0003165779740156158, "mean_loss": 1.2079401658131526, "elapsed_seconds": 136.31852446869016}
{"event": "history_gradient_epoch", "endpoint": "control", "fold": 1, "mode": "comparison", "epoch": 10, "optimizer_steps": 13, "learning_rate": 0.0002920978561128002, "mean_loss": 1.1306385031113257, "elapsed_seconds": 134.98715323209763}
{"event": "history_gradient_epoch", "endpoint": "control", "fold": 1, "mode": "comparison", "epoch": 11, "optimizer_steps": 13, "learning_rate": 0.0002625, "mean_loss": 1.113418487402109, "elapsed_seconds": 125.54664247483015}
{"event": "history_gradient_epoch", "endpoint": "control", "fold": 1, "mode": "comparison", "epoch": 12, "optimizer_steps": 13, "learning_rate": 0.0002290779740156158, "mean_loss": 1.0839717800800617, "elapsed_seconds": 134.16468597576022}
{"event": "history_gradient_epoch", "endpoint": "control", "fold": 1, "mode": "comparison", "epoch": 13, "optimizer_steps": 13, "learning_rate": 0.00019329248107183937, "mean_loss": 1.0478936021144574, "elapsed_seconds": 131.73565398529172}
{"event": "history_gradient_epoch", "endpoint": "control", "fold": 1, "mode": "comparison", "epoch": 14, "optimizer_steps": 13, "learning_rate": 0.00015670751892816066, "mean_loss": 1.0144353142151465, "elapsed_seconds": 138.48214939422905}
{"event": "history_gradient_epoch", "endpoint": "control", "fold": 1, "mode": "comparison", "epoch": 15, "optimizer_steps": 13, "learning_rate": 0.00012092202598438422, "mean_loss": 1.016465466756087, "elapsed_seconds": 129.8255599923432}
{"event": "history_gradient_epoch", "endpoint": "control", "fold": 1, "mode": "comparison", "epoch": 16, "optimizer_steps": 13, "learning_rate": 8.750000000000004e-05, "mean_loss": 1.018214464187622, "elapsed_seconds": 127.52641377784312}
{"event": "history_gradient_epoch", "endpoint": "control", "fold": 1, "mode": "comparison", "epoch": 17, "optimizer_steps": 13, "learning_rate": 5.7902143887199866e-05, "mean_loss": 0.9785795899537894, "elapsed_seconds": 129.88411985710263}
{"event": "history_gradient_epoch", "endpoint": "control", "fold": 1, "mode": "comparison", "epoch": 18, "optimizer_steps": 13, "learning_rate": 3.342202598438421e-05, "mean_loss": 0.9705916459743793, "elapsed_seconds": 128.03928806260228}
{"event": "history_gradient_epoch", "endpoint": "control", "fold": 1, "mode": "comparison", "epoch": 19, "optimizer_steps": 13, "learning_rate": 1.5129544912544829e-05, "mean_loss": 0.9722459958149836, "elapsed_seconds": 127.46432859823108}
{"event": "history_gradient_epoch", "endpoint": "control", "fold": 1, "mode": "comparison", "epoch": 20, "optimizer_steps": 13, "learning_rate": 3.824169871584004e-06, "mean_loss": 0.9768055585714487, "elapsed_seconds": 128.0796085484326}
建立transformer............
using Transformer_type: ViT-B-16 as a backbone
Resized position embedding: %s to %s torch.Size([197, 768]) torch.Size([129, 768])
Position embedding resize to height:8 width: 16
Successfully load ckpt!
<All keys matched successfully>
Loading pretrained model from CLIP
camera number is : 8
===========Building Signal===========
建立transformer............
using Transformer_type: ViT-B-16 as a backbone
Resized position embedding: %s to %s torch.Size([197, 768]) torch.Size([129, 768])
Position embedding resize to height:8 width: 16
Successfully load ckpt!
<All keys matched successfully>
Loading pretrained model from CLIP
camera number is : 8
===========Building Signal===========
{"event": "history_gradient_epoch", "endpoint": "history_gradient", "fold": 1, "mode": "comparison", "epoch": 1, "optimizer_steps": 13, "learning_rate": 7.000000000000001e-05, "mean_loss": 4.045449770413912, "elapsed_seconds": 18.731568343937397}
{"event": "history_gradient_epoch", "endpoint": "history_gradient", "fold": 1, "mode": "comparison", "epoch": 2, "optimizer_steps": 13, "learning_rate": 0.00014000000000000001, "mean_loss": 3.52769266642057, "elapsed_seconds": 18.541681066155434}
{"event": "history_gradient_epoch", "endpoint": "history_gradient", "fold": 1, "mode": "comparison", "epoch": 3, "optimizer_steps": 13, "learning_rate": 0.00020999999999999998, "mean_loss": 2.8247614273658166, "elapsed_seconds": 18.86881224438548}
{"event": "history_gradient_epoch", "endpoint": "history_gradient", "fold": 1, "mode": "comparison", "epoch": 4, "optimizer_steps": 13, "learning_rate": 0.00028000000000000003, "mean_loss": 2.2018746596116285, "elapsed_seconds": 19.101332996040583}
{"event": "history_gradient_epoch", "endpoint": "history_gradient", "fold": 1, "mode": "comparison", "epoch": 5, "optimizer_steps": 13, "learning_rate": 0.00035, "mean_loss": 1.7009473397181585, "elapsed_seconds": 18.64592439122498}
{"event": "history_gradient_epoch", "endpoint": "history_gradient", "fold": 1, "mode": "comparison", "epoch": 6, "optimizer_steps": 13, "learning_rate": 0.00035, "mean_loss": 1.5385132936330943, "elapsed_seconds": 95.2935872413218}
{"event": "history_gradient_epoch", "endpoint": "history_gradient", "fold": 1, "mode": "comparison", "epoch": 7, "optimizer_steps": 13, "learning_rate": 0.000346175830128416, "mean_loss": 1.3876816951311552, "elapsed_seconds": 134.3050291929394}
{"event": "history_gradient_epoch", "endpoint": "history_gradient", "fold": 1, "mode": "comparison", "epoch": 8, "optimizer_steps": 13, "learning_rate": 0.0003348704550874551, "mean_loss": 1.2432019252043505, "elapsed_seconds": 128.42676601186395}
{"event": "history_gradient_epoch", "endpoint": "history_gradient", "fold": 1, "mode": "comparison", "epoch": 9, "optimizer_steps": 13, "learning_rate": 0.0003165779740156158, "mean_loss": 1.1760060970599835, "elapsed_seconds": 137.04421677999198}
{"event": "history_gradient_epoch", "endpoint": "history_gradient", "fold": 1, "mode": "comparison", "epoch": 10, "optimizer_steps": 13, "learning_rate": 0.0002920978561128002, "mean_loss": 1.0992007072155292, "elapsed_seconds": 131.9742028415203}
{"event": "history_gradient_epoch", "endpoint": "history_gradient", "fold": 1, "mode": "comparison", "epoch": 11, "optimizer_steps": 13, "learning_rate": 0.0002625, "mean_loss": 1.0685730347266564, "elapsed_seconds": 128.01332295499742}
{"event": "history_gradient_epoch", "endpoint": "history_gradient", "fold": 1, "mode": "comparison", "epoch": 12, "optimizer_steps": 13, "learning_rate": 0.0002290779740156158, "mean_loss": 1.0348819127449622, "elapsed_seconds": 134.7925982158631}
{"event": "history_gradient_epoch", "endpoint": "history_gradient", "fold": 1, "mode": "comparison", "epoch": 13, "optimizer_steps": 13, "learning_rate": 0.00019329248107183937, "mean_loss": 1.0002576983892, "elapsed_seconds": 131.66785825043917}
{"event": "history_gradient_epoch", "endpoint": "history_gradient", "fold": 1, "mode": "comparison", "epoch": 14, "optimizer_steps": 13, "learning_rate": 0.00015670751892816066, "mean_loss": 0.9682603432581975, "elapsed_seconds": 135.68936088308692}
{"event": "history_gradient_epoch", "endpoint": "history_gradient", "fold": 1, "mode": "comparison", "epoch": 15, "optimizer_steps": 13, "learning_rate": 0.00012092202598438422, "mean_loss": 0.959102988243103, "elapsed_seconds": 130.360541947186}
{"event": "history_gradient_epoch", "endpoint": "history_gradient", "fold": 1, "mode": "comparison", "epoch": 16, "optimizer_steps": 13, "learning_rate": 8.750000000000004e-05, "mean_loss": 0.9659563761491042, "elapsed_seconds": 126.00145727209747}
{"event": "history_gradient_epoch", "endpoint": "history_gradient", "fold": 1, "mode": "comparison", "epoch": 17, "optimizer_steps": 13, "learning_rate": 5.7902143887199866e-05, "mean_loss": 0.9330777067404527, "elapsed_seconds": 130.8019480202347}
{"event": "history_gradient_epoch", "endpoint": "history_gradient", "fold": 1, "mode": "comparison", "epoch": 18, "optimizer_steps": 13, "learning_rate": 3.342202598438421e-05, "mean_loss": 0.9240515323785635, "elapsed_seconds": 129.902364583686}
{"event": "history_gradient_epoch", "endpoint": "history_gradient", "fold": 1, "mode": "comparison", "epoch": 19, "optimizer_steps": 13, "learning_rate": 1.5129544912544829e-05, "mean_loss": 0.922145256629357, "elapsed_seconds": 129.58097311109304}
{"event": "history_gradient_epoch", "endpoint": "history_gradient", "fold": 1, "mode": "comparison", "epoch": 20, "optimizer_steps": 13, "learning_rate": 3.824169871584004e-06, "mean_loss": 0.9310304660063523, "elapsed_seconds": 128.10168506391346}
建立transformer............
using Transformer_type: ViT-B-16 as a backbone
Resized position embedding: %s to %s torch.Size([197, 768]) torch.Size([129, 768])
Position embedding resize to height:8 width: 16
Successfully load ckpt!
<All keys matched successfully>
Loading pretrained model from CLIP
camera number is : 8
===========Building Signal===========
建立transformer............
using Transformer_type: ViT-B-16 as a backbone
Resized position embedding: %s to %s torch.Size([197, 768]) torch.Size([129, 768])
Position embedding resize to height:8 width: 16
Successfully load ckpt!
<All keys matched successfully>
Loading pretrained model from CLIP
camera number is : 8
===========Building Signal===========
{"event": "history_gradient_epoch", "endpoint": "control", "fold": 2, "mode": "comparison", "epoch": 1, "optimizer_steps": 13, "learning_rate": 7.000000000000001e-05, "mean_loss": 4.057038160470816, "elapsed_seconds": 19.532142728567123}
{"event": "history_gradient_epoch", "endpoint": "control", "fold": 2, "mode": "comparison", "epoch": 2, "optimizer_steps": 13, "learning_rate": 0.00014000000000000001, "mean_loss": 3.553465879880465, "elapsed_seconds": 19.087867924943566}
{"event": "history_gradient_epoch", "endpoint": "control", "fold": 2, "mode": "comparison", "epoch": 3, "optimizer_steps": 13, "learning_rate": 0.00020999999999999998, "mean_loss": 2.840855525090144, "elapsed_seconds": 18.7664763815701}
{"event": "history_gradient_epoch", "endpoint": "control", "fold": 2, "mode": "comparison", "epoch": 4, "optimizer_steps": 13, "learning_rate": 0.00028000000000000003, "mean_loss": 2.1100484958061805, "elapsed_seconds": 18.839702362194657}
{"event": "history_gradient_epoch", "endpoint": "control", "fold": 2, "mode": "comparison", "epoch": 5, "optimizer_steps": 13, "learning_rate": 0.00035, "mean_loss": 1.7406696172860951, "elapsed_seconds": 18.95305247977376}
{"event": "history_gradient_epoch", "endpoint": "control", "fold": 2, "mode": "comparison", "epoch": 6, "optimizer_steps": 13, "learning_rate": 0.00035, "mean_loss": 1.5524716560657208, "elapsed_seconds": 91.01775578781962}
{"event": "history_gradient_epoch", "endpoint": "control", "fold": 2, "mode": "comparison", "epoch": 7, "optimizer_steps": 13, "learning_rate": 0.000346175830128416, "mean_loss": 1.421160862996028, "elapsed_seconds": 126.71237109042704}
{"event": "history_gradient_epoch", "endpoint": "control", "fold": 2, "mode": "comparison", "epoch": 8, "optimizer_steps": 13, "learning_rate": 0.0003348704550874551, "mean_loss": 1.2780883770722609, "elapsed_seconds": 128.34661925025284}
{"event": "history_gradient_epoch", "endpoint": "control", "fold": 2, "mode": "comparison", "epoch": 9, "optimizer_steps": 13, "learning_rate": 0.0003165779740156158, "mean_loss": 1.197345073406513, "elapsed_seconds": 132.606796130538}
{"event": "history_gradient_epoch", "endpoint": "control", "fold": 2, "mode": "comparison", "epoch": 10, "optimizer_steps": 13, "learning_rate": 0.0002920978561128002, "mean_loss": 1.1356451694781964, "elapsed_seconds": 136.42430272512138}
{"event": "history_gradient_epoch", "endpoint": "control", "fold": 2, "mode": "comparison", "epoch": 11, "optimizer_steps": 13, "learning_rate": 0.0002625, "mean_loss": 1.0932469964027405, "elapsed_seconds": 133.86081318370998}
{"event": "history_gradient_epoch", "endpoint": "control", "fold": 2, "mode": "comparison", "epoch": 12, "optimizer_steps": 13, "learning_rate": 0.0002290779740156158, "mean_loss": 1.04119657094662, "elapsed_seconds": 134.63172967545688}
{"event": "history_gradient_epoch", "endpoint": "control", "fold": 2, "mode": "comparison", "epoch": 13, "optimizer_steps": 13, "learning_rate": 0.00019329248107183937, "mean_loss": 1.0122861128586988, "elapsed_seconds": 133.70892358198762}
{"event": "history_gradient_epoch", "endpoint": "control", "fold": 2, "mode": "comparison", "epoch": 14, "optimizer_steps": 13, "learning_rate": 0.00015670751892816066, "mean_loss": 1.0373545839236333, "elapsed_seconds": 133.52682493254542}
{"event": "history_gradient_epoch", "endpoint": "control", "fold": 2, "mode": "comparison", "epoch": 15, "optimizer_steps": 13, "learning_rate": 0.00012092202598438422, "mean_loss": 1.0104765020884001, "elapsed_seconds": 128.44407046958804}
{"event": "history_gradient_epoch", "endpoint": "control", "fold": 2, "mode": "comparison", "epoch": 16, "optimizer_steps": 13, "learning_rate": 8.750000000000004e-05, "mean_loss": 0.9680042083446796, "elapsed_seconds": 132.06253479234874}
{"event": "history_gradient_epoch", "endpoint": "control", "fold": 2, "mode": "comparison", "epoch": 17, "optimizer_steps": 13, "learning_rate": 5.7902143887199866e-05, "mean_loss": 0.9615592222947341, "elapsed_seconds": 129.4444644395262}
{"event": "history_gradient_epoch", "endpoint": "control", "fold": 2, "mode": "comparison", "epoch": 18, "optimizer_steps": 13, "learning_rate": 3.342202598438421e-05, "mean_loss": 0.9639881207392766, "elapsed_seconds": 129.64543831907213}
{"event": "history_gradient_epoch", "endpoint": "control", "fold": 2, "mode": "comparison", "epoch": 19, "optimizer_steps": 13, "learning_rate": 1.5129544912544829e-05, "mean_loss": 0.956165414590102, "elapsed_seconds": 133.5457393489778}
{"event": "history_gradient_epoch", "endpoint": "control", "fold": 2, "mode": "comparison", "epoch": 20, "optimizer_steps": 13, "learning_rate": 3.824169871584004e-06, "mean_loss": 0.9511146682959336, "elapsed_seconds": 132.34758228436112}
建立transformer............
using Transformer_type: ViT-B-16 as a backbone
Resized position embedding: %s to %s torch.Size([197, 768]) torch.Size([129, 768])
Position embedding resize to height:8 width: 16
Successfully load ckpt!
<All keys matched successfully>
Loading pretrained model from CLIP
camera number is : 8
===========Building Signal===========
建立transformer............
using Transformer_type: ViT-B-16 as a backbone
Resized position embedding: %s to %s torch.Size([197, 768]) torch.Size([129, 768])
Position embedding resize to height:8 width: 16
Successfully load ckpt!
<All keys matched successfully>
Loading pretrained model from CLIP
camera number is : 8
===========Building Signal===========
{"event": "history_gradient_epoch", "endpoint": "history_gradient", "fold": 2, "mode": "comparison", "epoch": 1, "optimizer_steps": 13, "learning_rate": 7.000000000000001e-05, "mean_loss": 4.056962325022771, "elapsed_seconds": 19.537075389176607}
{"event": "history_gradient_epoch", "endpoint": "history_gradient", "fold": 2, "mode": "comparison", "epoch": 2, "optimizer_steps": 13, "learning_rate": 0.00014000000000000001, "mean_loss": 3.5534600477952223, "elapsed_seconds": 18.705093493685126}
{"event": "history_gradient_epoch", "endpoint": "history_gradient", "fold": 2, "mode": "comparison", "epoch": 3, "optimizer_steps": 13, "learning_rate": 0.00020999999999999998, "mean_loss": 2.841015650675847, "elapsed_seconds": 18.812836937606335}
{"event": "history_gradient_epoch", "endpoint": "history_gradient", "fold": 2, "mode": "comparison", "epoch": 4, "optimizer_steps": 13, "learning_rate": 0.00028000000000000003, "mean_loss": 2.1101052577678976, "elapsed_seconds": 19.148269711062312}
{"event": "history_gradient_epoch", "endpoint": "history_gradient", "fold": 2, "mode": "comparison", "epoch": 5, "optimizer_steps": 13, "learning_rate": 0.00035, "mean_loss": 1.7406742481084971, "elapsed_seconds": 18.817934319376945}
{"event": "history_gradient_epoch", "endpoint": "history_gradient", "fold": 2, "mode": "comparison", "epoch": 6, "optimizer_steps": 13, "learning_rate": 0.00035, "mean_loss": 1.5339188208946815, "elapsed_seconds": 91.23531813547015}
{"event": "history_gradient_epoch", "endpoint": "history_gradient", "fold": 2, "mode": "comparison", "epoch": 7, "optimizer_steps": 13, "learning_rate": 0.000346175830128416, "mean_loss": 1.3855238052514882, "elapsed_seconds": 131.81848899833858}
{"event": "history_gradient_epoch", "endpoint": "history_gradient", "fold": 2, "mode": "comparison", "epoch": 8, "optimizer_steps": 13, "learning_rate": 0.0003348704550874551, "mean_loss": 1.2346964799440825, "elapsed_seconds": 130.34444575943053}
{"event": "history_gradient_epoch", "endpoint": "history_gradient", "fold": 2, "mode": "comparison", "epoch": 9, "optimizer_steps": 13, "learning_rate": 0.0003165779740156158, "mean_loss": 1.1658566273175752, "elapsed_seconds": 133.33959710039198}
{"event": "history_gradient_epoch", "endpoint": "history_gradient", "fold": 2, "mode": "comparison", "epoch": 10, "optimizer_steps": 13, "learning_rate": 0.0002920978561128002, "mean_loss": 1.088486135005951, "elapsed_seconds": 138.0762510970235}
{"event": "history_gradient_epoch", "endpoint": "history_gradient", "fold": 2, "mode": "comparison", "epoch": 11, "optimizer_steps": 13, "learning_rate": 0.0002625, "mean_loss": 1.0512564411530128, "elapsed_seconds": 131.85648065805435}
{"event": "history_gradient_epoch", "endpoint": "history_gradient", "fold": 2, "mode": "comparison", "epoch": 12, "optimizer_steps": 13, "learning_rate": 0.0002290779740156158, "mean_loss": 0.9952815312605637, "elapsed_seconds": 135.30128747969866}
{"event": "history_gradient_epoch", "endpoint": "history_gradient", "fold": 2, "mode": "comparison", "epoch": 13, "optimizer_steps": 13, "learning_rate": 0.00019329248107183937, "mean_loss": 0.9601767063140869, "elapsed_seconds": 135.35430433414876}
{"event": "history_gradient_epoch", "endpoint": "history_gradient", "fold": 2, "mode": "comparison", "epoch": 14, "optimizer_steps": 13, "learning_rate": 0.00015670751892816066, "mean_loss": 0.9976944143955524, "elapsed_seconds": 133.65784041956067}
{"event": "history_gradient_epoch", "endpoint": "history_gradient", "fold": 2, "mode": "comparison", "epoch": 15, "optimizer_steps": 13, "learning_rate": 0.00012092202598438422, "mean_loss": 0.9646582786853497, "elapsed_seconds": 131.20623113401234}
{"event": "history_gradient_epoch", "endpoint": "history_gradient", "fold": 2, "mode": "comparison", "epoch": 16, "optimizer_steps": 13, "learning_rate": 8.750000000000004e-05, "mean_loss": 0.923519492149353, "elapsed_seconds": 131.03035906888545}
{"event": "history_gradient_epoch", "endpoint": "history_gradient", "fold": 2, "mode": "comparison", "epoch": 17, "optimizer_steps": 13, "learning_rate": 5.7902143887199866e-05, "mean_loss": 0.9178137183189392, "elapsed_seconds": 132.52141980081797}
{"event": "history_gradient_epoch", "endpoint": "history_gradient", "fold": 2, "mode": "comparison", "epoch": 18, "optimizer_steps": 13, "learning_rate": 3.342202598438421e-05, "mean_loss": 0.9219013956876901, "elapsed_seconds": 131.19763942807913}
{"event": "history_gradient_epoch", "endpoint": "history_gradient", "fold": 2, "mode": "comparison", "epoch": 19, "optimizer_steps": 13, "learning_rate": 1.5129544912544829e-05, "mean_loss": 0.9131366793925946, "elapsed_seconds": 135.89572936482728}
{"event": "history_gradient_epoch", "endpoint": "history_gradient", "fold": 2, "mode": "comparison", "epoch": 20, "optimizer_steps": 13, "learning_rate": 3.824169871584004e-06, "mean_loss": 0.9108004524157598, "elapsed_seconds": 133.84029172547162}
建立transformer............
using Transformer_type: ViT-B-16 as a backbone
Resized position embedding: %s to %s torch.Size([197, 768]) torch.Size([129, 768])
Position embedding resize to height:8 width: 16
Successfully load ckpt!
<All keys matched successfully>
Loading pretrained model from CLIP
camera number is : 8
===========Building Signal===========
