/data/gaob/Re-ID/conda-envs/tri_reid/lib/python3.10/site-packages/timm/models/helpers.py:7: FutureWarning: Importing from timm.models.helpers is deprecated, please import via timm.models
  warnings.warn(f"Importing from {__name__} is deprecated, please import via timm.models", FutureWarning)
/data/gaob/Re-ID/conda-envs/tri_reid/lib/python3.10/site-packages/timm/models/registry.py:4: FutureWarning: Importing from timm.models.registry is deprecated, please import via timm.models
  warnings.warn(f"Importing from {__name__} is deprecated, please import via timm.models", FutureWarning)
/data/gaob/Re-ID/conda-envs/tri_reid/lib/python3.10/site-packages/timm/models/layers/__init__.py:48: FutureWarning: Importing from timm.models.layers is deprecated, please import via timm.layers
  warnings.warn(f"Importing from {__name__} is deprecated, please import via timm.layers", FutureWarning)
建立transformer............
using Transformer_type: ViT-B-16 as a backbone
Resized position embedding: %s to %s torch.Size([197, 768]) torch.Size([129, 768])
Position embedding resize to height:16 width: 8
Successfully load ckpt!
<All keys matched successfully>
Loading pretrained model from CLIP
camera number is : 4
===========Building Signal===========
{"event": "epoch", "dataset": "RGBNT201", "epoch": 1, "steps": 53, "mean_loss": 5.002576738033655, "seconds": 22.759385104000103, "official_fused": {"mAP": 72.09080855801336, "Rank-1": 73.44497442245483, "Rank-5": 82.8947365283966, "Rank-10": 87.91866302490234}, "best_epoch": 1}
{"event": "epoch", "dataset": "RGBNT201", "epoch": 2, "steps": 53, "mean_loss": 4.165368426520869, "seconds": 21.524093956002616, "official_fused": {"mAP": 72.5307600011648, "Rank-1": 74.04305934906006, "Rank-5": 82.77512192726135, "Rank-10": 87.91866302490234}, "best_epoch": 2}
{"event": "epoch", "dataset": "RGBNT201", "epoch": 3, "steps": 53, "mean_loss": 2.820976828629116, "seconds": 21.84952416199667, "official_fused": {"mAP": 70.95949370952734, "Rank-1": 71.65071964263916, "Rank-5": 80.38277626037598, "Rank-10": 85.8851671218872}, "best_epoch": 2}
{"event": "epoch", "dataset": "RGBNT201", "epoch": 4, "steps": 53, "mean_loss": 1.6240333386187285, "seconds": 22.329677103989525, "official_fused": {"mAP": 71.01057291606504, "Rank-1": 71.05262875556946, "Rank-5": 80.14354109764099, "Rank-10": 85.52631735801697}, "best_epoch": 2}
{"event": "epoch", "dataset": "RGBNT201", "epoch": 5, "steps": 53, "mean_loss": 1.0886684397481523, "seconds": 22.324089618006838, "official_fused": {"mAP": 69.6068972548246, "Rank-1": 70.095694065094, "Rank-5": 79.30622100830078, "Rank-10": 84.09090638160706}, "best_epoch": 2}
{"event": "epoch", "dataset": "RGBNT201", "epoch": 6, "steps": 53, "mean_loss": 0.9483475977519773, "seconds": 22.357216552991304, "official_fused": {"mAP": 69.23990135608726, "Rank-1": 68.42105388641357, "Rank-5": 78.46890091896057, "Rank-10": 83.49282145500183}, "best_epoch": 2}
{"event": "epoch", "dataset": "RGBNT201", "epoch": 7, "steps": 53, "mean_loss": 0.9179313351523202, "seconds": 22.254691604000982, "official_fused": {"mAP": 67.63304075320433, "Rank-1": 66.86602830886841, "Rank-5": 75.95694065093994, "Rank-10": 82.17703104019165}, "best_epoch": 2}
{"event": "epoch", "dataset": "RGBNT201", "epoch": 8, "steps": 53, "mean_loss": 0.9081993665335313, "seconds": 22.342094457999337, "official_fused": {"mAP": 69.01774872989095, "Rank-1": 68.06219816207886, "Rank-5": 77.51196026802063, "Rank-10": 84.09090638160706}, "best_epoch": 2}
{"event": "epoch", "dataset": "RGBNT201", "epoch": 9, "steps": 53, "mean_loss": 0.9018428685530177, "seconds": 22.847500949996174, "official_fused": {"mAP": 69.84207984939928, "Rank-1": 70.21530866622925, "Rank-5": 78.94737124443054, "Rank-10": 83.37320685386658}, "best_epoch": 2}
{"event": "epoch", "dataset": "RGBNT201", "epoch": 10, "steps": 53, "mean_loss": 0.899760440835413, "seconds": 22.87052637200395, "official_fused": {"mAP": 68.59017852817477, "Rank-1": 68.77990365028381, "Rank-5": 76.9138753414154, "Rank-10": 82.77512192726135}, "best_epoch": 2}
{"event": "epoch", "dataset": "RGBNT201", "epoch": 11, "steps": 53, "mean_loss": 0.8940196464646537, "seconds": 22.513051392001216, "official_fused": {"mAP": 69.36249656428468, "Rank-1": 69.37798857688904, "Rank-5": 78.58851552009583, "Rank-10": 83.13397169113159}, "best_epoch": 2}
{"event": "epoch", "dataset": "RGBNT201", "epoch": 12, "steps": 53, "mean_loss": 0.8927727757759814, "seconds": 22.66389379899192, "official_fused": {"mAP": 69.62702963275589, "Rank-1": 69.13875341415405, "Rank-5": 77.27272510528564, "Rank-10": 83.25358629226685}, "best_epoch": 2}
{"event": "epoch", "dataset": "RGBNT201", "epoch": 13, "steps": 53, "mean_loss": 0.8902530827612247, "seconds": 22.472783463002997, "official_fused": {"mAP": 69.47709642747289, "Rank-1": 70.21530866622925, "Rank-5": 78.34928035736084, "Rank-10": 83.37320685386658}, "best_epoch": 2}
{"event": "epoch", "dataset": "RGBNT201", "epoch": 14, "steps": 53, "mean_loss": 0.8864932498841915, "seconds": 22.21853252100118, "official_fused": {"mAP": 69.17468784873118, "Rank-1": 68.18181872367859, "Rank-5": 75.95694065093994, "Rank-10": 82.0574164390564}, "best_epoch": 2}
{"event": "epoch", "dataset": "RGBNT201", "epoch": 15, "steps": 53, "mean_loss": 0.882538803343503, "seconds": 22.463994760997593, "official_fused": {"mAP": 69.58983634811472, "Rank-1": 70.21530866622925, "Rank-5": 79.42583560943604, "Rank-10": 84.44976210594177}, "best_epoch": 2}
{"event": "epoch", "dataset": "RGBNT201", "epoch": 16, "steps": 53, "mean_loss": 0.8825569625170726, "seconds": 22.715724574998603, "official_fused": {"mAP": 69.66098206586233, "Rank-1": 69.97607946395874, "Rank-5": 77.15311050415039, "Rank-10": 82.41626620292664}, "best_epoch": 2}
{"event": "epoch", "dataset": "RGBNT201", "epoch": 17, "steps": 53, "mean_loss": 0.8776063446728688, "seconds": 23.102196867999737, "official_fused": {"mAP": 70.32075505364642, "Rank-1": 70.21530866622925, "Rank-5": 78.22966575622559, "Rank-10": 83.61244201660156}, "best_epoch": 2}
{"event": "epoch", "dataset": "RGBNT201", "epoch": 18, "steps": 53, "mean_loss": 0.8753730710947288, "seconds": 22.014971587996115, "official_fused": {"mAP": 70.06746841160457, "Rank-1": 71.29186391830444, "Rank-5": 77.51196026802063, "Rank-10": 83.37320685386658}, "best_epoch": 2}
{"event": "epoch", "dataset": "RGBNT201", "epoch": 19, "steps": 53, "mean_loss": 0.8747258804879099, "seconds": 22.94219363000593, "official_fused": {"mAP": 70.18534320051214, "Rank-1": 70.33492922782898, "Rank-5": 78.82775068283081, "Rank-10": 83.61244201660156}, "best_epoch": 2}
{"event": "epoch", "dataset": "RGBNT201", "epoch": 20, "steps": 53, "mean_loss": 0.8737754922992779, "seconds": 22.653147093005828, "official_fused": {"mAP": 70.0662013070868, "Rank-1": 71.29186391830444, "Rank-5": 79.30622100830078, "Rank-10": 83.9712917804718}, "best_epoch": 2}
{"event": "epoch", "dataset": "RGBNT201", "epoch": 21, "steps": 53, "mean_loss": 0.8714699194116412, "seconds": 22.389059199005715, "official_fused": {"mAP": 69.72085194758307, "Rank-1": 70.21530866622925, "Rank-5": 78.94737124443054, "Rank-10": 84.09090638160706}, "best_epoch": 2}
{"event": "epoch", "dataset": "RGBNT201", "epoch": 22, "steps": 53, "mean_loss": 0.8696540740301024, "seconds": 22.23367244200199, "official_fused": {"mAP": 70.33422380045087, "Rank-1": 70.45454382896423, "Rank-5": 77.63158082962036, "Rank-10": 83.25358629226685}, "best_epoch": 2}
{"event": "epoch", "dataset": "RGBNT201", "epoch": 23, "steps": 53, "mean_loss": 0.8675949562270686, "seconds": 22.519807035001577, "official_fused": {"mAP": 69.90614518304105, "Rank-1": 70.45454382896423, "Rank-5": 78.94737124443054, "Rank-10": 83.73205661773682}, "best_epoch": 2}
{"event": "epoch", "dataset": "RGBNT201", "epoch": 24, "steps": 53, "mean_loss": 0.8662142348739336, "seconds": 22.8114289619989, "official_fused": {"mAP": 69.66801653781096, "Rank-1": 70.21530866622925, "Rank-5": 77.63158082962036, "Rank-10": 83.13397169113159}, "best_epoch": 2}
{"event": "epoch", "dataset": "RGBNT201", "epoch": 25, "steps": 53, "mean_loss": 0.8661029170144279, "seconds": 22.95876879199932, "official_fused": {"mAP": 70.29258400260922, "Rank-1": 71.77033424377441, "Rank-5": 78.22966575622559, "Rank-10": 84.56937670707703}, "best_epoch": 2}
{"event": "epoch", "dataset": "RGBNT201", "epoch": 26, "steps": 53, "mean_loss": 0.8645618884068615, "seconds": 22.664588323008502, "official_fused": {"mAP": 70.56638857928533, "Rank-1": 70.9330141544342, "Rank-5": 78.34928035736084, "Rank-10": 84.09090638160706}, "best_epoch": 2}
{"event": "epoch", "dataset": "RGBNT201", "epoch": 27, "steps": 53, "mean_loss": 0.8625863239450274, "seconds": 22.540311744989594, "official_fused": {"mAP": 68.27798689597635, "Rank-1": 68.30143332481384, "Rank-5": 76.67464017868042, "Rank-10": 82.8947365283966}, "best_epoch": 2}
{"event": "epoch", "dataset": "RGBNT201", "epoch": 28, "steps": 53, "mean_loss": 0.8615319346481899, "seconds": 22.55524537799647, "official_fused": {"mAP": 69.0333939675177, "Rank-1": 70.21530866622925, "Rank-5": 78.46890091896057, "Rank-10": 83.25358629226685}, "best_epoch": 2}
{"event": "epoch", "dataset": "RGBNT201", "epoch": 29, "steps": 53, "mean_loss": 0.8622080042677106, "seconds": 22.76444339599402, "official_fused": {"mAP": 68.8263256290612, "Rank-1": 69.85645890235901, "Rank-5": 77.75119543075562, "Rank-10": 83.73205661773682}, "best_epoch": 2}
{"event": "epoch", "dataset": "RGBNT201", "epoch": 30, "steps": 53, "mean_loss": 0.8604606997291997, "seconds": 22.945143928998732, "official_fused": {"mAP": 69.98889928853367, "Rank-1": 71.17224931716919, "Rank-5": 78.94737124443054, "Rank-10": 84.56937670707703}, "best_epoch": 2}
{"event": "epoch", "dataset": "RGBNT201", "epoch": 31, "steps": 53, "mean_loss": 0.8603373417314494, "seconds": 22.243174796007224, "official_fused": {"mAP": 69.76288912743358, "Rank-1": 70.81339955329895, "Rank-5": 79.42583560943604, "Rank-10": 84.68899726867676}, "best_epoch": 2}
{"event": "epoch", "dataset": "RGBNT201", "epoch": 32, "steps": 53, "mean_loss": 0.8594991879643135, "seconds": 22.559435574003146, "official_fused": {"mAP": 69.7859486837708, "Rank-1": 70.81339955329895, "Rank-5": 79.42583560943604, "Rank-10": 84.80861186981201}, "best_epoch": 2}
{"event": "epoch", "dataset": "RGBNT201", "epoch": 33, "steps": 53, "mean_loss": 0.858366072177887, "seconds": 22.906314030988142, "official_fused": {"mAP": 69.3139879394439, "Rank-1": 70.69377899169922, "Rank-5": 78.82775068283081, "Rank-10": 83.37320685386658}, "best_epoch": 2}
{"event": "epoch", "dataset": "RGBNT201", "epoch": 34, "steps": 53, "mean_loss": 0.8564221296670302, "seconds": 23.143151302996557, "official_fused": {"mAP": 68.9360469222884, "Rank-1": 70.69377899169922, "Rank-5": 78.22966575622559, "Rank-10": 82.8947365283966}, "best_epoch": 2}
{"event": "epoch", "dataset": "RGBNT201", "epoch": 35, "steps": 53, "mean_loss": 0.8556181698475244, "seconds": 23.519963333004853, "official_fused": {"mAP": 69.0959556052261, "Rank-1": 70.81339955329895, "Rank-5": 78.22966575622559, "Rank-10": 82.8947365283966}, "best_epoch": 2}
{"event": "epoch", "dataset": "RGBNT201", "epoch": 36, "steps": 53, "mean_loss": 0.8551958990546892, "seconds": 22.30241470701003, "official_fused": {"mAP": 68.57781932822779, "Rank-1": 71.05262875556946, "Rank-5": 79.30622100830078, "Rank-10": 83.49282145500183}, "best_epoch": 2}
{"event": "epoch", "dataset": "RGBNT201", "epoch": 37, "steps": 53, "mean_loss": 0.854854553375604, "seconds": 22.61491412000032, "official_fused": {"mAP": 68.01895721479076, "Rank-1": 70.095694065094, "Rank-5": 79.0669858455658, "Rank-10": 84.80861186981201}, "best_epoch": 2}
{"event": "epoch", "dataset": "RGBNT201", "epoch": 38, "steps": 53, "mean_loss": 0.8539724957268193, "seconds": 22.464743579010246, "official_fused": {"mAP": 68.05395408109972, "Rank-1": 70.33492922782898, "Rank-5": 78.34928035736084, "Rank-10": 83.61244201660156}, "best_epoch": 2}
{"event": "epoch", "dataset": "RGBNT201", "epoch": 39, "steps": 53, "mean_loss": 0.853252536845657, "seconds": 23.23798590399383, "official_fused": {"mAP": 68.55048383506305, "Rank-1": 69.97607946395874, "Rank-5": 79.42583560943604, "Rank-10": 84.21052694320679}, "best_epoch": 2}
{"event": "epoch", "dataset": "RGBNT201", "epoch": 40, "steps": 53, "mean_loss": 0.8528703664833645, "seconds": 22.34096073299588, "official_fused": {"mAP": 68.89920370669171, "Rank-1": 70.45454382896423, "Rank-5": 80.02392053604126, "Rank-10": 84.80861186981201}, "best_epoch": 2}
{"event": "epoch", "dataset": "RGBNT201", "epoch": 41, "steps": 53, "mean_loss": 0.8533415816864878, "seconds": 22.056875100999605, "official_fused": {"mAP": 69.09850413948952, "Rank-1": 69.97607946395874, "Rank-5": 79.54545617103577, "Rank-10": 83.9712917804718}, "best_epoch": 2}
