/data/gaob/Re-ID/conda-envs/tri_reid/lib/python3.10/site-packages/timm/models/helpers.py:7: FutureWarning: Importing from timm.models.helpers is deprecated, please import via timm.models
  warnings.warn(f"Importing from {__name__} is deprecated, please import via timm.models", FutureWarning)
/data/gaob/Re-ID/conda-envs/tri_reid/lib/python3.10/site-packages/timm/models/registry.py:4: FutureWarning: Importing from timm.models.registry is deprecated, please import via timm.models
  warnings.warn(f"Importing from {__name__} is deprecated, please import via timm.models", FutureWarning)
/data/gaob/Re-ID/conda-envs/tri_reid/lib/python3.10/site-packages/timm/models/layers/__init__.py:48: FutureWarning: Importing from timm.models.layers is deprecated, please import via timm.layers
  warnings.warn(f"Importing from {__name__} is deprecated, please import via timm.layers", FutureWarning)
建立transformer............
using Transformer_type: ViT-B-16 as a backbone
Resized position embedding: %s to %s torch.Size([197, 768]) torch.Size([129, 768])
Position embedding resize to height:8 width: 16
Successfully load ckpt!
<All keys matched successfully>
Loading pretrained model from CLIP
camera number is : 8
===========Building Signal===========
using soft triplet loss for training
label smooth on, numclasses: 155
/data/gaob/Re-ID/conda-envs/tri_reid/lib/python3.10/site-packages/torch/optim/lr_scheduler.py:224: UserWarning: Detected call of `lr_scheduler.step()` before `optimizer.step()`. In PyTorch 1.1.0 and later, you should call them in the opposite order: `optimizer.step()` before `lr_scheduler.step()`.  Failure to do this will result in PyTorch skipping the first value of the learning rate schedule. See more details at https://pytorch.org/docs/stable/optim.html#how-to-adjust-learning-rate
  warnings.warn(
/data/gaob/Re-ID/conda-envs/tri_reid/lib/python3.10/site-packages/torch/optim/lr_scheduler.py:240: UserWarning: The epoch parameter in `scheduler.step()` was not necessary and is being deprecated where possible. Please use `scheduler.step()` to step the scheduler. During the deprecation, if epoch is different from None, the closed form is used instead of the new chainable form, where available. Please open an issue if you are unable to replicate your use case: https://github.com/pytorch/pytorch/issues/new/choose.
  warnings.warn(EPOCH_DEPRECATION_WARNING, UserWarning)
{"event": "epoch", "dataset": "MSVR310", "recipe": "author", "epoch": 1, "steps": 14, "mean_loss": 7.735083137239728, "seconds": 9.32111471897224, "official_fused": {"mAP": 15.740623633553389, "Rank-1": 34.517765045166016, "Rank-5": 54.82233762741089, "Rank-10": 62.77495622634888}}
/data/gaob/Re-ID/conda-envs/tri_reid/lib/python3.10/site-packages/torch/optim/lr_scheduler.py:240: UserWarning: The epoch parameter in `scheduler.step()` was not necessary and is being deprecated where possible. Please use `scheduler.step()` to step the scheduler. During the deprecation, if epoch is different from None, the closed form is used instead of the new chainable form, where available. Please open an issue if you are unable to replicate your use case: https://github.com/pytorch/pytorch/issues/new/choose.
  warnings.warn(EPOCH_DEPRECATION_WARNING, UserWarning)
{"event": "epoch", "dataset": "MSVR310", "recipe": "author", "epoch": 2, "steps": 14, "mean_loss": 6.245097705296108, "seconds": 8.158601902017836, "official_fused": {"mAP": 22.64882862052145, "Rank-1": 42.47038960456848, "Rank-5": 62.944161891937256, "Rank-10": 70.0507640838623}}
{"event": "epoch", "dataset": "MSVR310", "recipe": "author", "epoch": 3, "steps": 14, "mean_loss": 5.727775812149048, "seconds": 8.292070184019394, "official_fused": {"mAP": 25.94878317905771, "Rank-1": 43.48561763763428, "Rank-5": 64.46700692176819, "Rank-10": 72.25042581558228}}
{"event": "epoch", "dataset": "MSVR310", "recipe": "author", "epoch": 4, "steps": 14, "mean_loss": 5.38578064101083, "seconds": 8.203773954010103, "official_fused": {"mAP": 30.42700746448203, "Rank-1": 47.5465327501297, "Rank-5": 67.68189668655396, "Rank-10": 76.14213228225708}}
{"event": "epoch", "dataset": "MSVR310", "recipe": "author", "epoch": 5, "steps": 14, "mean_loss": 5.075015715190342, "seconds": 8.236887079954613, "official_fused": {"mAP": 34.13269760825404, "Rank-1": 52.11505889892578, "Rank-5": 70.72758078575134, "Rank-10": 79.01861071586609}}
{"event": "epoch", "dataset": "MSVR310", "recipe": "author", "epoch": 6, "steps": 14, "mean_loss": 4.817921706608364, "seconds": 8.10524644103134, "official_fused": {"mAP": 35.37932978793921, "Rank-1": 53.468698263168335, "Rank-5": 72.0812201499939, "Rank-10": 79.52622771263123}}
{"event": "epoch", "dataset": "MSVR310", "recipe": "author", "epoch": 7, "steps": 14, "mean_loss": 4.605441468102591, "seconds": 8.30672962096287, "official_fused": {"mAP": 38.18797865644736, "Rank-1": 56.85279369354248, "Rank-5": 75.29610991477966, "Rank-10": 81.04906678199768}}
{"event": "epoch", "dataset": "MSVR310", "recipe": "author", "epoch": 8, "steps": 14, "mean_loss": 4.375736577170236, "seconds": 8.537100927962456, "official_fused": {"mAP": 37.25634754487278, "Rank-1": 55.837565660476685, "Rank-5": 73.60405921936035, "Rank-10": 79.6954333782196}}
{"event": "epoch", "dataset": "MSVR310", "recipe": "author", "epoch": 9, "steps": 14, "mean_loss": 4.167918477739606, "seconds": 8.392862554988824, "official_fused": {"mAP": 40.149223635898935, "Rank-1": 59.22166109085083, "Rank-5": 76.81894898414612, "Rank-10": 81.21827244758606}}
{"event": "epoch", "dataset": "MSVR310", "recipe": "author", "epoch": 10, "steps": 15, "mean_loss": 3.9930158933003743, "seconds": 8.93055240897229, "official_fused": {"mAP": 42.44177764668316, "Rank-1": 61.25211715698242, "Rank-5": 78.51099967956543, "Rank-10": 83.41793417930603}}
{"event": "epoch", "dataset": "MSVR310", "recipe": "author", "epoch": 11, "steps": 14, "mean_loss": 3.8328500475202287, "seconds": 8.22926092200214, "official_fused": {"mAP": 42.20820319785021, "Rank-1": 60.575294494628906, "Rank-5": 78.0033826828003, "Rank-10": 83.07952880859375}}
{"event": "epoch", "dataset": "MSVR310", "recipe": "author", "epoch": 12, "steps": 14, "mean_loss": 3.707004087311881, "seconds": 7.973865221021697, "official_fused": {"mAP": 44.666325718132924, "Rank-1": 63.282573223114014, "Rank-5": 79.6954333782196, "Rank-10": 84.09475684165955}}
{"event": "epoch", "dataset": "MSVR310", "recipe": "author", "epoch": 13, "steps": 14, "mean_loss": 3.5347089767456055, "seconds": 8.152961935964413, "official_fused": {"mAP": 45.26621526490789, "Rank-1": 62.09813952445984, "Rank-5": 79.52622771263123, "Rank-10": 84.26395654678345}}
{"event": "epoch", "dataset": "MSVR310", "recipe": "author", "epoch": 14, "steps": 14, "mean_loss": 3.4071154594421387, "seconds": 8.241038029955234, "official_fused": {"mAP": 44.561872322718365, "Rank-1": 61.5905225276947, "Rank-5": 79.18781638145447, "Rank-10": 83.41793417930603}}
{"event": "epoch", "dataset": "MSVR310", "recipe": "author", "epoch": 15, "steps": 14, "mean_loss": 3.329151068414961, "seconds": 8.217653448984493, "official_fused": {"mAP": 46.59102559759166, "Rank-1": 64.46700692176819, "Rank-5": 81.04906678199768, "Rank-10": 85.44839024543762}}
{"event": "epoch", "dataset": "MSVR310", "recipe": "author", "epoch": 16, "steps": 14, "mean_loss": 3.202849132674081, "seconds": 8.23246421397198, "official_fused": {"mAP": 49.26410401563797, "Rank-1": 67.17427968978882, "Rank-5": 82.23350048065186, "Rank-10": 86.12521290779114}}
{"event": "epoch", "dataset": "MSVR310", "recipe": "author", "epoch": 17, "steps": 15, "mean_loss": 3.1292078653971354, "seconds": 8.774315905990079, "official_fused": {"mAP": 48.14165842346762, "Rank-1": 65.65144062042236, "Rank-5": 81.04906678199768, "Rank-10": 85.44839024543762}}
{"event": "epoch", "dataset": "MSVR310", "recipe": "author", "epoch": 18, "steps": 14, "mean_loss": 2.976681726319449, "seconds": 8.231704587000422, "official_fused": {"mAP": 49.56907842694568, "Rank-1": 68.18950772285461, "Rank-5": 81.38747811317444, "Rank-10": 84.6023678779602}}
{"event": "epoch", "dataset": "MSVR310", "recipe": "author", "epoch": 19, "steps": 15, "mean_loss": 2.8639577547709147, "seconds": 8.53548509196844, "official_fused": {"mAP": 49.756859561644205, "Rank-1": 68.69712471961975, "Rank-5": 82.74111747741699, "Rank-10": 85.95600724220276}}
{"event": "epoch", "dataset": "MSVR310", "recipe": "author", "epoch": 20, "steps": 14, "mean_loss": 2.7227816581726074, "seconds": 8.414637157984544, "official_fused": {"mAP": 50.08756312755908, "Rank-1": 68.358713388443, "Rank-5": 82.23350048065186, "Rank-10": 86.46361827850342}}
{"event": "epoch", "dataset": "MSVR310", "recipe": "author", "epoch": 21, "steps": 14, "mean_loss": 2.673519049371992, "seconds": 8.18470514100045, "official_fused": {"mAP": 49.98310073996495, "Rank-1": 67.68189668655396, "Rank-5": 81.7258894443512, "Rank-10": 85.617595911026}}
{"event": "epoch", "dataset": "MSVR310", "recipe": "author", "epoch": 22, "steps": 14, "mean_loss": 2.6230253151484897, "seconds": 8.159827965020668, "official_fused": {"mAP": 50.261766524575165, "Rank-1": 68.86633038520813, "Rank-5": 81.38747811317444, "Rank-10": 85.27919054031372}}
{"event": "epoch", "dataset": "MSVR310", "recipe": "author", "epoch": 23, "steps": 14, "mean_loss": 2.6745650427682057, "seconds": 8.289393860963173, "official_fused": {"mAP": 50.289663485488525, "Rank-1": 69.20473575592041, "Rank-5": 81.38747811317444, "Rank-10": 85.78680157661438}}
{"event": "epoch", "dataset": "MSVR310", "recipe": "author", "epoch": 24, "steps": 14, "mean_loss": 2.630769746644156, "seconds": 8.25190788396867, "official_fused": {"mAP": 49.883606652890755, "Rank-1": 68.358713388443, "Rank-5": 81.55668377876282, "Rank-10": 85.27919054031372}}
{"event": "epoch", "dataset": "MSVR310", "recipe": "author", "epoch": 25, "steps": 15, "mean_loss": 2.6183961550394694, "seconds": 8.500017420970835, "official_fused": {"mAP": 50.182780605583375, "Rank-1": 68.52791905403137, "Rank-5": 81.38747811317444, "Rank-10": 84.94077920913696}}
{"event": "epoch", "dataset": "MSVR310", "recipe": "author", "epoch": 26, "steps": 14, "mean_loss": 2.6243374858583723, "seconds": 8.377397577976808, "official_fused": {"mAP": 50.490848315117574, "Rank-1": 68.86633038520813, "Rank-5": 81.38747811317444, "Rank-10": 85.95600724220276}}
{"event": "epoch", "dataset": "MSVR310", "recipe": "author", "epoch": 27, "steps": 14, "mean_loss": 2.592201658657619, "seconds": 8.254602240980603, "official_fused": {"mAP": 50.15498008367361, "Rank-1": 68.18950772285461, "Rank-5": 80.87986707687378, "Rank-10": 85.27919054031372}}
{"event": "epoch", "dataset": "MSVR310", "recipe": "author", "epoch": 28, "steps": 15, "mean_loss": 2.584371471405029, "seconds": 8.521465426019859, "official_fused": {"mAP": 50.107458399376256, "Rank-1": 67.85110235214233, "Rank-5": 81.04906678199768, "Rank-10": 85.78680157661438}}
{"event": "epoch", "dataset": "MSVR310", "recipe": "author", "epoch": 29, "steps": 14, "mean_loss": 2.523209776197161, "seconds": 8.018431895005051, "official_fused": {"mAP": 50.24439976155368, "Rank-1": 67.85110235214233, "Rank-5": 80.87986707687378, "Rank-10": 85.617595911026}}
{"event": "epoch", "dataset": "MSVR310", "recipe": "author", "epoch": 30, "steps": 14, "mean_loss": 2.5673731565475464, "seconds": 8.222481272998266, "official_fused": {"mAP": 50.4143083361602, "Rank-1": 67.85110235214233, "Rank-5": 81.04906678199768, "Rank-10": 85.78680157661438}}
{"event": "epoch", "dataset": "MSVR310", "recipe": "author", "epoch": 31, "steps": 14, "mean_loss": 2.568043623651777, "seconds": 8.23752181394957, "official_fused": {"mAP": 49.98031021798007, "Rank-1": 67.00507402420044, "Rank-5": 80.7106614112854, "Rank-10": 85.78680157661438}}
{"event": "epoch", "dataset": "MSVR310", "recipe": "author", "epoch": 32, "steps": 14, "mean_loss": 2.4885201454162598, "seconds": 8.080842956027482, "official_fused": {"mAP": 50.511446043954535, "Rank-1": 68.02030205726624, "Rank-5": 81.21827244758606, "Rank-10": 85.95600724220276}}
{"event": "epoch", "dataset": "MSVR310", "recipe": "author", "epoch": 33, "steps": 14, "mean_loss": 2.4848923683166504, "seconds": 8.128471546981018, "official_fused": {"mAP": 50.555536185376596, "Rank-1": 68.52791905403137, "Rank-5": 81.89509510993958, "Rank-10": 86.12521290779114}}
{"event": "epoch", "dataset": "MSVR310", "recipe": "author", "epoch": 34, "steps": 14, "mean_loss": 2.4698090893881663, "seconds": 7.984234469011426, "official_fused": {"mAP": 50.25526444124024, "Rank-1": 67.85110235214233, "Rank-5": 80.87986707687378, "Rank-10": 85.617595911026}}
{"event": "epoch", "dataset": "MSVR310", "recipe": "author", "epoch": 35, "steps": 14, "mean_loss": 2.4686524186815535, "seconds": 7.937731079000514, "official_fused": {"mAP": 49.94531999187106, "Rank-1": 67.17427968978882, "Rank-5": 80.87986707687378, "Rank-10": 85.617595911026}}
{"event": "epoch", "dataset": "MSVR310", "recipe": "author", "epoch": 36, "steps": 14, "mean_loss": 2.4867585045950755, "seconds": 8.220728166983463, "official_fused": {"mAP": 49.90344370316851, "Rank-1": 67.51269102096558, "Rank-5": 80.20304441452026, "Rank-10": 85.617595911026}}
{"event": "epoch", "dataset": "MSVR310", "recipe": "author", "epoch": 37, "steps": 14, "mean_loss": 2.43640513079507, "seconds": 8.039531237038318, "official_fused": {"mAP": 50.63364357996559, "Rank-1": 68.52791905403137, "Rank-5": 81.38747811317444, "Rank-10": 85.78680157661438}}
{"event": "epoch", "dataset": "MSVR310", "recipe": "author", "epoch": 38, "steps": 14, "mean_loss": 2.46457644871303, "seconds": 8.318953033012804, "official_fused": {"mAP": 50.83882666558341, "Rank-1": 68.69712471961975, "Rank-5": 81.38747811317444, "Rank-10": 85.95600724220276}}
{"event": "epoch", "dataset": "MSVR310", "recipe": "author", "epoch": 39, "steps": 14, "mean_loss": 2.4496248279299055, "seconds": 8.186454938957468, "official_fused": {"mAP": 50.56493390960725, "Rank-1": 68.69712471961975, "Rank-5": 81.21827244758606, "Rank-10": 85.617595911026}}
{"event": "epoch", "dataset": "MSVR310", "recipe": "author", "epoch": 40, "steps": 14, "mean_loss": 2.398527775491987, "seconds": 8.19438280601753, "official_fused": {"mAP": 50.63565180931606, "Rank-1": 68.86633038520813, "Rank-5": 81.21827244758606, "Rank-10": 85.78680157661438}}
{"event": "epoch", "dataset": "MSVR310", "recipe": "author", "epoch": 41, "steps": 14, "mean_loss": 2.4091571228844777, "seconds": 8.316307567991316, "official_fused": {"mAP": 50.66148223478044, "Rank-1": 68.86633038520813, "Rank-5": 81.04906678199768, "Rank-10": 85.78680157661438}}
{"event": "epoch", "dataset": "MSVR310", "recipe": "author", "epoch": 42, "steps": 14, "mean_loss": 2.4162994623184204, "seconds": 8.186885353992693, "official_fused": {"mAP": 50.631730514958974, "Rank-1": 68.69712471961975, "Rank-5": 81.04906678199768, "Rank-10": 85.78680157661438}}
{"event": "epoch", "dataset": "MSVR310", "recipe": "author", "epoch": 43, "steps": 15, "mean_loss": 2.447788667678833, "seconds": 8.637945191992912, "official_fused": {"mAP": 50.64843336592053, "Rank-1": 68.86633038520813, "Rank-5": 81.04906678199768, "Rank-10": 86.12521290779114}}
{"event": "epoch", "dataset": "MSVR310", "recipe": "author", "epoch": 44, "steps": 14, "mean_loss": 2.397852965763637, "seconds": 8.192337037005927, "official_fused": {"mAP": 50.67424551589672, "Rank-1": 68.86633038520813, "Rank-5": 81.38747811317444, "Rank-10": 86.12521290779114}}
{"event": "epoch", "dataset": "MSVR310", "recipe": "author", "epoch": 45, "steps": 14, "mean_loss": 2.4112199204308644, "seconds": 7.88578689401038, "official_fused": {"mAP": 50.671854002817106, "Rank-1": 68.69712471961975, "Rank-5": 81.7258894443512, "Rank-10": 86.29441857337952}}
{"event": "epoch", "dataset": "MSVR310", "recipe": "author", "epoch": 46, "steps": 14, "mean_loss": 2.415517210960388, "seconds": 8.228847981954459, "official_fused": {"mAP": 50.67976912898059, "Rank-1": 68.52791905403137, "Rank-5": 81.55668377876282, "Rank-10": 86.29441857337952}}
{"event": "epoch", "dataset": "MSVR310", "recipe": "author", "epoch": 47, "steps": 14, "mean_loss": 2.4001659154891968, "seconds": 8.378844039980322, "official_fused": {"mAP": 50.68283922701333, "Rank-1": 68.52791905403137, "Rank-5": 81.55668377876282, "Rank-10": 86.29441857337952}}
{"event": "epoch", "dataset": "MSVR310", "recipe": "author", "epoch": 48, "steps": 14, "mean_loss": 2.4504662922450473, "seconds": 8.158118866034783, "official_fused": {"mAP": 50.65073763377921, "Rank-1": 68.52791905403137, "Rank-5": 81.21827244758606, "Rank-10": 85.95600724220276}}
{"event": "epoch", "dataset": "MSVR310", "recipe": "author", "epoch": 49, "steps": 14, "mean_loss": 2.4074690682547435, "seconds": 8.258092920004856, "official_fused": {"mAP": 50.656746428609246, "Rank-1": 68.52791905403137, "Rank-5": 81.21827244758606, "Rank-10": 85.95600724220276}}
{"event": "epoch", "dataset": "MSVR310", "recipe": "author", "epoch": 50, "steps": 14, "mean_loss": 2.4273513044629778, "seconds": 8.07502565899631, "official_fused": {"mAP": 50.70157217103336, "Rank-1": 68.52791905403137, "Rank-5": 81.21827244758606, "Rank-10": 86.12521290779114}}
