/data/gaob/Re-ID/conda-envs/tri_reid/lib/python3.10/site-packages/timm/models/helpers.py:7: FutureWarning: Importing from timm.models.helpers is deprecated, please import via timm.models
  warnings.warn(f"Importing from {__name__} is deprecated, please import via timm.models", FutureWarning)
/data/gaob/Re-ID/conda-envs/tri_reid/lib/python3.10/site-packages/timm/models/registry.py:4: FutureWarning: Importing from timm.models.registry is deprecated, please import via timm.models
  warnings.warn(f"Importing from {__name__} is deprecated, please import via timm.models", FutureWarning)
/data/gaob/Re-ID/conda-envs/tri_reid/lib/python3.10/site-packages/timm/models/layers/__init__.py:48: FutureWarning: Importing from timm.models.layers is deprecated, please import via timm.layers
  warnings.warn(f"Importing from {__name__} is deprecated, please import via timm.layers", FutureWarning)
建立transformer............
using Transformer_type: ViT-B-16 as a backbone
Resized position embedding: %s to %s torch.Size([197, 768]) torch.Size([129, 768])
Position embedding resize to height:8 width: 16
Successfully load ckpt!
<All keys matched successfully>
Loading pretrained model from CLIP
camera number is : 8
===========Building Signal===========
{"event": "epoch", "dataset": "RGBNT100", "epoch": 1, "steps": 130, "mean_loss": 2.5176996909655056, "seconds": 50.61668991600163, "official_fused": {"mAP": 85.10197891776635, "Rank-1": 95.10204195976257, "Rank-5": 95.68513035774231, "Rank-10": 96.03498578071594}, "best_epoch": 1}
{"event": "epoch", "dataset": "RGBNT100", "epoch": 2, "steps": 131, "mean_loss": 0.8849408531006966, "seconds": 48.85030844400171, "official_fused": {"mAP": 84.53663532330465, "Rank-1": 95.80174684524536, "Rank-5": 96.73469662666321, "Rank-10": 97.20116853713989}, "best_epoch": 1}
{"event": "epoch", "dataset": "RGBNT100", "epoch": 3, "steps": 132, "mean_loss": 0.7270068887508276, "seconds": 49.562304954990395, "official_fused": {"mAP": 82.33224050823425, "Rank-1": 96.20991349220276, "Rank-5": 96.90961837768555, "Rank-10": 97.20116853713989}, "best_epoch": 1}
{"event": "epoch", "dataset": "RGBNT100", "epoch": 4, "steps": 131, "mean_loss": 0.7172898791218532, "seconds": 48.727798747000634, "official_fused": {"mAP": 81.2000086449192, "Rank-1": 94.57725882530212, "Rank-5": 95.16034722328186, "Rank-10": 95.56851387023926}, "best_epoch": 1}
{"event": "epoch", "dataset": "RGBNT100", "epoch": 5, "steps": 132, "mean_loss": 0.7120923959847653, "seconds": 49.49726434701006, "official_fused": {"mAP": 81.90375152303744, "Rank-1": 95.56851387023926, "Rank-5": 95.97667455673218, "Rank-10": 96.44314646720886}, "best_epoch": 1}
{"event": "epoch", "dataset": "RGBNT100", "epoch": 6, "steps": 131, "mean_loss": 0.710637766441316, "seconds": 48.98341726799845, "official_fused": {"mAP": 82.3472446738967, "Rank-1": 94.22740340232849, "Rank-5": 95.33527493476868, "Rank-10": 96.03498578071594}, "best_epoch": 1}
{"event": "epoch", "dataset": "RGBNT100", "epoch": 7, "steps": 132, "mean_loss": 0.7084002707040671, "seconds": 49.68819956299558, "official_fused": {"mAP": 81.91664323928194, "Rank-1": 94.51894760131836, "Rank-5": 95.16034722328186, "Rank-10": 95.74344158172607}, "best_epoch": 1}
{"event": "epoch", "dataset": "RGBNT100", "epoch": 8, "steps": 131, "mean_loss": 0.7078918373311749, "seconds": 49.3695796779939, "official_fused": {"mAP": 81.91415073091757, "Rank-1": 93.87755393981934, "Rank-5": 94.51894760131836, "Rank-10": 95.04373073577881}, "best_epoch": 1}
{"event": "epoch", "dataset": "RGBNT100", "epoch": 9, "steps": 130, "mean_loss": 0.7080863952636719, "seconds": 48.65970325800299, "official_fused": {"mAP": 82.34152187818478, "Rank-1": 95.04373073577881, "Rank-5": 95.97667455673218, "Rank-10": 96.38484120368958}, "best_epoch": 1}
{"event": "epoch", "dataset": "RGBNT100", "epoch": 10, "steps": 132, "mean_loss": 0.7075022626103777, "seconds": 49.33085598499747, "official_fused": {"mAP": 81.9850290642065, "Rank-1": 94.86880302429199, "Rank-5": 95.68513035774231, "Rank-10": 96.0932970046997}, "best_epoch": 1}
{"event": "epoch", "dataset": "RGBNT100", "epoch": 11, "steps": 131, "mean_loss": 0.7073783496863969, "seconds": 49.08350463199895, "official_fused": {"mAP": 82.74228732027348, "Rank-1": 95.33527493476868, "Rank-5": 96.20991349220276, "Rank-10": 96.67638540267944}, "best_epoch": 1}
{"event": "epoch", "dataset": "RGBNT100", "epoch": 12, "steps": 131, "mean_loss": 0.7075014492027633, "seconds": 48.96967027500796, "official_fused": {"mAP": 81.9587568534063, "Rank-1": 94.46064233779907, "Rank-5": 94.8104977607727, "Rank-10": 95.16034722328186}, "best_epoch": 1}
{"event": "epoch", "dataset": "RGBNT100", "epoch": 13, "steps": 131, "mean_loss": 0.7073930133390063, "seconds": 49.35323223400337, "official_fused": {"mAP": 82.22193872589943, "Rank-1": 94.51894760131836, "Rank-5": 95.27696967124939, "Rank-10": 95.80174684524536}, "best_epoch": 1}
{"event": "epoch", "dataset": "RGBNT100", "epoch": 14, "steps": 132, "mean_loss": 0.7074659602208571, "seconds": 49.33171160100028, "official_fused": {"mAP": 82.23119232198684, "Rank-1": 94.34402585029602, "Rank-5": 95.27696967124939, "Rank-10": 95.74344158172607}, "best_epoch": 1}
{"event": "epoch", "dataset": "RGBNT100", "epoch": 15, "steps": 129, "mean_loss": 0.7072667137596959, "seconds": 48.63868062599795, "official_fused": {"mAP": 81.96763801326215, "Rank-1": 94.40233111381531, "Rank-5": 95.04373073577881, "Rank-10": 95.39358615875244}, "best_epoch": 1}
{"event": "epoch", "dataset": "RGBNT100", "epoch": 16, "steps": 131, "mean_loss": 0.7070663685107049, "seconds": 49.12441170300008, "official_fused": {"mAP": 82.08302236849455, "Rank-1": 94.28571462631226, "Rank-5": 94.86880302429199, "Rank-10": 95.4518973827362}, "best_epoch": 1}
{"event": "epoch", "dataset": "RGBNT100", "epoch": 17, "steps": 132, "mean_loss": 0.7070114748044447, "seconds": 49.50667272999999, "official_fused": {"mAP": 82.12722273198987, "Rank-1": 94.51894760131836, "Rank-5": 95.33527493476868, "Rank-10": 95.86005806922913}, "best_epoch": 1}
{"event": "epoch", "dataset": "RGBNT100", "epoch": 18, "steps": 132, "mean_loss": 0.7071324063069893, "seconds": 49.33165131500573, "official_fused": {"mAP": 82.65386013980218, "Rank-1": 94.57725882530212, "Rank-5": 95.56851387023926, "Rank-10": 95.86005806922913}, "best_epoch": 1}
{"event": "epoch", "dataset": "RGBNT100", "epoch": 19, "steps": 132, "mean_loss": 0.7071295534119462, "seconds": 49.361483957007295, "official_fused": {"mAP": 82.0122099438095, "Rank-1": 94.28571462631226, "Rank-5": 94.92711424827576, "Rank-10": 95.4518973827362}, "best_epoch": 1}
{"event": "epoch", "dataset": "RGBNT100", "epoch": 20, "steps": 132, "mean_loss": 0.7070350714705207, "seconds": 49.68430465301208, "official_fused": {"mAP": 81.52339933820801, "Rank-1": 94.22740340232849, "Rank-5": 94.92711424827576, "Rank-10": 95.27696967124939}, "best_epoch": 1}
{"event": "epoch", "dataset": "RGBNT100", "epoch": 21, "steps": 131, "mean_loss": 0.7071245694888457, "seconds": 49.1516525449988, "official_fused": {"mAP": 81.32720996973907, "Rank-1": 94.57725882530212, "Rank-5": 95.16034722328186, "Rank-10": 95.68513035774231}, "best_epoch": 1}
{"event": "epoch", "dataset": "RGBNT100", "epoch": 22, "steps": 132, "mean_loss": 0.7069857653343317, "seconds": 49.34453151898924, "official_fused": {"mAP": 82.18362859406018, "Rank-1": 94.75218653678894, "Rank-5": 95.4518973827362, "Rank-10": 95.86005806922913}, "best_epoch": 1}
{"event": "epoch", "dataset": "RGBNT100", "epoch": 23, "steps": 131, "mean_loss": 0.7069477038529083, "seconds": 48.85779714700766, "official_fused": {"mAP": 81.73747714925817, "Rank-1": 94.40233111381531, "Rank-5": 95.10204195976257, "Rank-10": 95.62682509422302}, "best_epoch": 1}
