/data/gaob/Re-ID/conda-envs/tri_reid/lib/python3.10/site-packages/timm/models/helpers.py:7: FutureWarning: Importing from timm.models.helpers is deprecated, please import via timm.models
  warnings.warn(f"Importing from {__name__} is deprecated, please import via timm.models", FutureWarning)
/data/gaob/Re-ID/conda-envs/tri_reid/lib/python3.10/site-packages/timm/models/registry.py:4: FutureWarning: Importing from timm.models.registry is deprecated, please import via timm.models
  warnings.warn(f"Importing from {__name__} is deprecated, please import via timm.models", FutureWarning)
/data/gaob/Re-ID/conda-envs/tri_reid/lib/python3.10/site-packages/timm/models/layers/__init__.py:48: FutureWarning: Importing from timm.models.layers is deprecated, please import via timm.layers
  warnings.warn(f"Importing from {__name__} is deprecated, please import via timm.layers", FutureWarning)
建立transformer............
using Transformer_type: ViT-B-16 as a backbone
Resized position embedding: %s to %s torch.Size([197, 768]) torch.Size([129, 768])
Position embedding resize to height:8 width: 16
Successfully load ckpt!
<All keys matched successfully>
Loading pretrained model from CLIP
camera number is : 8
===========Building Signal===========
{"event": "epoch", "dataset": "RGBNT100", "epoch": 1, "steps": 130, "mean_loss": 2.4898525091317985, "seconds": 72.72270641200885, "official_fused": {"mAP": 85.35800333526501, "Rank-1": 94.98542547225952, "Rank-5": 95.74344158172607, "Rank-10": 96.32652997970581}, "best_epoch": 1}
{"event": "epoch", "dataset": "RGBNT100", "epoch": 2, "steps": 131, "mean_loss": 0.8678735080566115, "seconds": 71.30429906699283, "official_fused": {"mAP": 84.5889424295302, "Rank-1": 95.80174684524536, "Rank-5": 96.55976891517639, "Rank-10": 96.96792960166931}, "best_epoch": 1}
{"event": "epoch", "dataset": "RGBNT100", "epoch": 3, "steps": 132, "mean_loss": 0.7225703380324624, "seconds": 71.99412976000167, "official_fused": {"mAP": 81.98701115570562, "Rank-1": 94.34402585029602, "Rank-5": 95.5102026462555, "Rank-10": 95.86005806922913}, "best_epoch": 1}
{"event": "epoch", "dataset": "RGBNT100", "epoch": 4, "steps": 131, "mean_loss": 0.7145274595449899, "seconds": 71.68032686300285, "official_fused": {"mAP": 81.39889032974997, "Rank-1": 93.70262622833252, "Rank-5": 94.34402585029602, "Rank-10": 94.63557004928589}, "best_epoch": 1}
{"event": "epoch", "dataset": "RGBNT100", "epoch": 5, "steps": 132, "mean_loss": 0.7106474579283686, "seconds": 71.92092237000179, "official_fused": {"mAP": 81.3380120817985, "Rank-1": 94.92711424827576, "Rank-5": 95.62682509422302, "Rank-10": 95.91836929321289}, "best_epoch": 1}
{"event": "epoch", "dataset": "RGBNT100", "epoch": 6, "steps": 131, "mean_loss": 0.7093533004513224, "seconds": 71.40302721499756, "official_fused": {"mAP": 81.45694404906305, "Rank-1": 93.93585920333862, "Rank-5": 94.86880302429199, "Rank-10": 95.27696967124939}, "best_epoch": 1}
{"event": "epoch", "dataset": "RGBNT100", "epoch": 7, "steps": 132, "mean_loss": 0.7077614344430693, "seconds": 72.22270282900718, "official_fused": {"mAP": 81.66247959206238, "Rank-1": 93.81924271583557, "Rank-5": 94.40233111381531, "Rank-10": 95.04373073577881}, "best_epoch": 1}
{"event": "epoch", "dataset": "RGBNT100", "epoch": 8, "steps": 131, "mean_loss": 0.707809750360387, "seconds": 71.70810007200635, "official_fused": {"mAP": 82.28141132627688, "Rank-1": 94.51894760131836, "Rank-5": 95.39358615875244, "Rank-10": 96.32652997970581}, "best_epoch": 1}
{"event": "epoch", "dataset": "RGBNT100", "epoch": 9, "steps": 130, "mean_loss": 0.7077314771138705, "seconds": 71.21648942500178, "official_fused": {"mAP": 81.65675812719742, "Rank-1": 93.87755393981934, "Rank-5": 94.8104977607727, "Rank-10": 95.4518973827362}, "best_epoch": 1}
{"event": "epoch", "dataset": "RGBNT100", "epoch": 10, "steps": 132, "mean_loss": 0.7074283022772182, "seconds": 72.38172716301051, "official_fused": {"mAP": 81.17166406011796, "Rank-1": 93.93585920333862, "Rank-5": 94.92711424827576, "Rank-10": 95.33527493476868}, "best_epoch": 1}
{"event": "epoch", "dataset": "RGBNT100", "epoch": 11, "steps": 131, "mean_loss": 0.7073249725895073, "seconds": 71.90529897398665, "official_fused": {"mAP": 81.4656781226126, "Rank-1": 93.58600378036499, "Rank-5": 94.75218653678894, "Rank-10": 95.04373073577881}, "best_epoch": 1}
{"event": "epoch", "dataset": "RGBNT100", "epoch": 12, "steps": 131, "mean_loss": 0.7073840116726533, "seconds": 71.53182560799178, "official_fused": {"mAP": 80.9365335613324, "Rank-1": 93.41107606887817, "Rank-5": 94.46064233779907, "Rank-10": 94.98542547225952}, "best_epoch": 1}
{"event": "epoch", "dataset": "RGBNT100", "epoch": 13, "steps": 131, "mean_loss": 0.7071151419450309, "seconds": 71.63693503300601, "official_fused": {"mAP": 81.27713210058603, "Rank-1": 93.17784309387207, "Rank-5": 93.7609314918518, "Rank-10": 94.1690981388092}, "best_epoch": 1}
{"event": "epoch", "dataset": "RGBNT100", "epoch": 14, "steps": 132, "mean_loss": 0.7072830674323168, "seconds": 71.99535537800693, "official_fused": {"mAP": 81.19546067670012, "Rank-1": 93.23615431785583, "Rank-5": 94.40233111381531, "Rank-10": 94.51894760131836}, "best_epoch": 1}
{"event": "epoch", "dataset": "RGBNT100", "epoch": 15, "steps": 129, "mean_loss": 0.7069489641707073, "seconds": 70.69629323499976, "official_fused": {"mAP": 81.42591086448526, "Rank-1": 93.17784309387207, "Rank-5": 93.87755393981934, "Rank-10": 94.11078691482544}, "best_epoch": 1}
{"event": "epoch", "dataset": "RGBNT100", "epoch": 16, "steps": 131, "mean_loss": 0.7068126747626384, "seconds": 71.85639973600337, "official_fused": {"mAP": 81.67339278869342, "Rank-1": 92.76967644691467, "Rank-5": 93.23615431785583, "Rank-10": 93.29445958137512}, "best_epoch": 1}
{"event": "epoch", "dataset": "RGBNT100", "epoch": 17, "steps": 132, "mean_loss": 0.7436494786630977, "seconds": 72.04829321800207, "official_fused": {"mAP": 72.13298699872708, "Rank-1": 90.61224460601807, "Rank-5": 91.48688316345215, "Rank-10": 91.95335507392883}, "best_epoch": 1}
{"event": "epoch", "dataset": "RGBNT100", "epoch": 18, "steps": 132, "mean_loss": 0.7505869955727549, "seconds": 72.18392583499372, "official_fused": {"mAP": 79.98028027225232, "Rank-1": 94.11078691482544, "Rank-5": 94.63557004928589, "Rank-10": 95.04373073577881}, "best_epoch": 1}
