/data/gaob/Re-ID/conda-envs/tri_reid/lib/python3.10/site-packages/timm/models/helpers.py:7: FutureWarning: Importing from timm.models.helpers is deprecated, please import via timm.models
  warnings.warn(f"Importing from {__name__} is deprecated, please import via timm.models", FutureWarning)
/data/gaob/Re-ID/conda-envs/tri_reid/lib/python3.10/site-packages/timm/models/registry.py:4: FutureWarning: Importing from timm.models.registry is deprecated, please import via timm.models
  warnings.warn(f"Importing from {__name__} is deprecated, please import via timm.models", FutureWarning)
/data/gaob/Re-ID/conda-envs/tri_reid/lib/python3.10/site-packages/timm/models/layers/__init__.py:48: FutureWarning: Importing from timm.models.layers is deprecated, please import via timm.layers
  warnings.warn(f"Importing from {__name__} is deprecated, please import via timm.layers", FutureWarning)
建立transformer............
using Transformer_type: ViT-B-16 as a backbone
Resized position embedding: %s to %s torch.Size([197, 768]) torch.Size([129, 768])
Position embedding resize to height:16 width: 8
Successfully load ckpt!
<All keys matched successfully>
Loading pretrained model from CLIP
camera number is : 4
===========Building Signal===========
using soft triplet loss for training
label smooth on, numclasses: 171
{"event": "epoch", "dataset": "RGBNT201", "recipe": "native", "epoch": 1, "steps": 53, "mean_loss": 4.03752600022082, "seconds": 35.36620030901395, "official_fused": {"mAP": 29.352821895866892, "Rank-1": 28.82775068283081, "Rank-5": 45.33492922782898, "Rank-10": 55.62201142311096}}
{"event": "epoch", "dataset": "RGBNT201", "recipe": "native", "epoch": 2, "steps": 53, "mean_loss": 3.4806963047891295, "seconds": 32.85160860797623, "official_fused": {"mAP": 53.04008680936746, "Rank-1": 52.63158082962036, "Rank-5": 64.23444747924805, "Rank-10": 71.65071964263916}}
{"event": "epoch", "dataset": "RGBNT201", "recipe": "native", "epoch": 3, "steps": 53, "mean_loss": 2.7961845622872405, "seconds": 32.857563427998684, "official_fused": {"mAP": 71.03844429177178, "Rank-1": 76.19616985321045, "Rank-5": 87.91866302490234, "Rank-10": 91.38755798339844}}
{"event": "epoch", "dataset": "RGBNT201", "recipe": "native", "epoch": 4, "steps": 53, "mean_loss": 2.2329016294119493, "seconds": 32.59390577598242, "official_fused": {"mAP": 71.09220764252754, "Rank-1": 73.0861246585846, "Rank-5": 84.44976210594177, "Rank-10": 88.99521827697754}}
{"event": "epoch", "dataset": "RGBNT201", "recipe": "native", "epoch": 5, "steps": 53, "mean_loss": 1.816792497095072, "seconds": 32.92959835397778, "official_fused": {"mAP": 67.54157725419209, "Rank-1": 71.53109908103943, "Rank-5": 82.8947365283966, "Rank-10": 86.9617223739624}}
{"event": "epoch", "dataset": "RGBNT201", "recipe": "native", "epoch": 6, "steps": 53, "mean_loss": 1.3247232841995527, "seconds": 32.852797949977685, "official_fused": {"mAP": 69.38794354147434, "Rank-1": 72.12918400764465, "Rank-5": 81.45933151245117, "Rank-10": 86.84210777282715}}
{"event": "epoch", "dataset": "RGBNT201", "recipe": "native", "epoch": 7, "steps": 53, "mean_loss": 1.0873143088142827, "seconds": 33.165382113016676, "official_fused": {"mAP": 74.67035743639607, "Rank-1": 78.22966575622559, "Rank-5": 88.27751278877258, "Rank-10": 91.98564887046814}}
{"event": "epoch", "dataset": "RGBNT201", "recipe": "native", "epoch": 8, "steps": 53, "mean_loss": 1.044513001756848, "seconds": 34.124563485966064, "official_fused": {"mAP": 74.98460329070005, "Rank-1": 77.87081599235535, "Rank-5": 87.44019269943237, "Rank-10": 92.46411323547363}}
{"event": "epoch", "dataset": "RGBNT201", "recipe": "native", "epoch": 9, "steps": 53, "mean_loss": 0.999885378018865, "seconds": 33.62906226597261, "official_fused": {"mAP": 73.20707917867533, "Rank-1": 75.47847032546997, "Rank-5": 86.84210777282715, "Rank-10": 90.31100273132324}}
{"event": "epoch", "dataset": "RGBNT201", "recipe": "native", "epoch": 10, "steps": 53, "mean_loss": 0.9889588007387126, "seconds": 36.70208274497418, "official_fused": {"mAP": 73.31747792182783, "Rank-1": 75.95694065093994, "Rank-5": 85.8851671218872, "Rank-10": 89.71291780471802}}
{"event": "epoch", "dataset": "RGBNT201", "recipe": "native", "epoch": 11, "steps": 53, "mean_loss": 0.9807891114702765, "seconds": 32.7676780759939, "official_fused": {"mAP": 72.59021691715124, "Rank-1": 74.88038539886475, "Rank-5": 85.047847032547, "Rank-10": 88.75598311424255}}
{"event": "epoch", "dataset": "RGBNT201", "recipe": "native", "epoch": 12, "steps": 53, "mean_loss": 0.991663154566063, "seconds": 33.34981449099723, "official_fused": {"mAP": 73.65681512981818, "Rank-1": 76.43540501594543, "Rank-5": 86.24401688575745, "Rank-10": 91.74641370773315}}
{"event": "epoch", "dataset": "RGBNT201", "recipe": "native", "epoch": 13, "steps": 53, "mean_loss": 0.9730928225337334, "seconds": 32.989042497007176, "official_fused": {"mAP": 72.35889179030755, "Rank-1": 74.16267991065979, "Rank-5": 85.047847032547, "Rank-10": 90.19138813018799}}
{"event": "epoch", "dataset": "RGBNT201", "recipe": "native", "epoch": 14, "steps": 53, "mean_loss": 0.9759839953116651, "seconds": 33.87557537399698, "official_fused": {"mAP": 71.08986853788431, "Rank-1": 72.96651005744934, "Rank-5": 84.44976210594177, "Rank-10": 89.1148328781128}}
{"event": "epoch", "dataset": "RGBNT201", "recipe": "native", "epoch": 15, "steps": 53, "mean_loss": 0.9676582936970692, "seconds": 33.456071290012915, "official_fused": {"mAP": 71.91083390531287, "Rank-1": 73.68420958518982, "Rank-5": 84.21052694320679, "Rank-10": 89.1148328781128}}
{"event": "epoch", "dataset": "RGBNT201", "recipe": "native", "epoch": 16, "steps": 53, "mean_loss": 0.9673216174233634, "seconds": 33.12493341899244, "official_fused": {"mAP": 71.3683362890554, "Rank-1": 72.84688949584961, "Rank-5": 82.53588676452637, "Rank-10": 88.39712738990784}}
{"event": "epoch", "dataset": "RGBNT201", "recipe": "native", "epoch": 17, "steps": 53, "mean_loss": 0.9570642214901043, "seconds": 33.97191971098073, "official_fused": {"mAP": 72.68018432451375, "Rank-1": 74.76076483726501, "Rank-5": 84.09090638160706, "Rank-10": 89.59330320358276}}
{"event": "epoch", "dataset": "RGBNT201", "recipe": "native", "epoch": 18, "steps": 53, "mean_loss": 0.9477494179077868, "seconds": 33.33530785696348, "official_fused": {"mAP": 73.73044361692841, "Rank-1": 76.55502557754517, "Rank-5": 84.33014154434204, "Rank-10": 90.43062329292297}}
{"event": "epoch", "dataset": "RGBNT201", "recipe": "native", "epoch": 19, "steps": 53, "mean_loss": 0.9712017977012778, "seconds": 33.48011295002652, "official_fused": {"mAP": 73.55563177269067, "Rank-1": 76.9138753414154, "Rank-5": 86.48325204849243, "Rank-10": 91.50717854499817}}
{"event": "epoch", "dataset": "RGBNT201", "recipe": "native", "epoch": 20, "steps": 53, "mean_loss": 0.9549946065218944, "seconds": 33.13287804200081, "official_fused": {"mAP": 73.42358817510744, "Rank-1": 75.83732008934021, "Rank-5": 85.16746163368225, "Rank-10": 89.47368264198303}}
{"event": "epoch", "dataset": "RGBNT201", "recipe": "native", "epoch": 21, "steps": 53, "mean_loss": 0.9554156627295152, "seconds": 32.99021715100389, "official_fused": {"mAP": 73.22236247388456, "Rank-1": 76.9138753414154, "Rank-5": 85.40669679641724, "Rank-10": 90.19138813018799}}
{"event": "epoch", "dataset": "RGBNT201", "recipe": "native", "epoch": 22, "steps": 53, "mean_loss": 0.944868545487242, "seconds": 33.10363218799466, "official_fused": {"mAP": 71.83828169114453, "Rank-1": 71.88995480537415, "Rank-5": 82.41626620292664, "Rank-10": 87.20095753669739}}
{"event": "epoch", "dataset": "RGBNT201", "recipe": "native", "epoch": 23, "steps": 53, "mean_loss": 0.9535188854865309, "seconds": 33.06710844300687, "official_fused": {"mAP": 70.71106532349648, "Rank-1": 72.84688949584961, "Rank-5": 80.9808611869812, "Rank-10": 86.36363744735718}}
{"event": "epoch", "dataset": "RGBNT201", "recipe": "native", "epoch": 24, "steps": 53, "mean_loss": 0.9458418207348518, "seconds": 33.06031589297345, "official_fused": {"mAP": 70.21178173022226, "Rank-1": 71.65071964263916, "Rank-5": 80.9808611869812, "Rank-10": 87.44019269943237}}
{"event": "epoch", "dataset": "RGBNT201", "recipe": "native", "epoch": 25, "steps": 53, "mean_loss": 0.939322534597145, "seconds": 33.395888605038635, "official_fused": {"mAP": 72.06265821506416, "Rank-1": 73.0861246585846, "Rank-5": 83.25358629226685, "Rank-10": 89.1148328781128}}
{"event": "epoch", "dataset": "RGBNT201", "recipe": "native", "epoch": 26, "steps": 53, "mean_loss": 0.9410850686847039, "seconds": 33.05525256600231, "official_fused": {"mAP": 72.82774799636394, "Rank-1": 75.11961460113525, "Rank-5": 84.80861186981201, "Rank-10": 89.952152967453}}
{"event": "epoch", "dataset": "RGBNT201", "recipe": "native", "epoch": 27, "steps": 53, "mean_loss": 0.9279222645849552, "seconds": 33.18781156599289, "official_fused": {"mAP": 73.07254307743098, "Rank-1": 75.11961460113525, "Rank-5": 84.44976210594177, "Rank-10": 89.71291780471802}}
{"event": "epoch", "dataset": "RGBNT201", "recipe": "native", "epoch": 28, "steps": 53, "mean_loss": 0.932237593632824, "seconds": 33.386873960960656, "official_fused": {"mAP": 72.729619558604, "Rank-1": 75.0, "Rank-5": 83.49282145500183, "Rank-10": 89.23444747924805}}
{"event": "epoch", "dataset": "RGBNT201", "recipe": "native", "epoch": 29, "steps": 53, "mean_loss": 0.9301956250982465, "seconds": 33.17136814899277, "official_fused": {"mAP": 72.83743921910191, "Rank-1": 74.16267991065979, "Rank-5": 82.77512192726135, "Rank-10": 88.75598311424255}}
{"event": "epoch", "dataset": "RGBNT201", "recipe": "native", "epoch": 30, "steps": 53, "mean_loss": 0.9291541182769919, "seconds": 33.21249208197696, "official_fused": {"mAP": 72.57896405944874, "Rank-1": 73.80383014678955, "Rank-5": 83.01435112953186, "Rank-10": 88.0382776260376}}
{"event": "epoch", "dataset": "RGBNT201", "recipe": "native", "epoch": 31, "steps": 53, "mean_loss": 0.9241379814327888, "seconds": 33.336742154031526, "official_fused": {"mAP": 72.87971111856248, "Rank-1": 74.88038539886475, "Rank-5": 83.13397169113159, "Rank-10": 88.87559771537781}}
{"event": "epoch", "dataset": "RGBNT201", "recipe": "native", "epoch": 32, "steps": 53, "mean_loss": 0.9223936290111182, "seconds": 33.359058657020796, "official_fused": {"mAP": 72.03480416067492, "Rank-1": 74.04305934906006, "Rank-5": 83.25358629226685, "Rank-10": 88.51674795150757}}
{"event": "epoch", "dataset": "RGBNT201", "recipe": "native", "epoch": 33, "steps": 53, "mean_loss": 0.9245513137781395, "seconds": 33.19494964601472, "official_fused": {"mAP": 72.41139515995431, "Rank-1": 74.28229451179504, "Rank-5": 84.09090638160706, "Rank-10": 89.1148328781128}}
{"event": "epoch", "dataset": "RGBNT201", "recipe": "native", "epoch": 34, "steps": 53, "mean_loss": 0.9203732351087174, "seconds": 32.92977760499343, "official_fused": {"mAP": 72.05792092792008, "Rank-1": 73.56459498405457, "Rank-5": 83.61244201660156, "Rank-10": 88.63636255264282}}
{"event": "epoch", "dataset": "RGBNT201", "recipe": "native", "epoch": 35, "steps": 53, "mean_loss": 0.9226401673173005, "seconds": 33.06520660297247, "official_fused": {"mAP": 72.23143308878358, "Rank-1": 74.04305934906006, "Rank-5": 83.85167717933655, "Rank-10": 88.87559771537781}}
{"event": "epoch", "dataset": "RGBNT201", "recipe": "native", "epoch": 36, "steps": 53, "mean_loss": 0.9159324843928499, "seconds": 33.267983604979236, "official_fused": {"mAP": 72.28663931694885, "Rank-1": 74.04305934906006, "Rank-5": 84.21052694320679, "Rank-10": 89.35406804084778}}
{"event": "epoch", "dataset": "RGBNT201", "recipe": "native", "epoch": 37, "steps": 53, "mean_loss": 0.9225036828023083, "seconds": 33.34466191899264, "official_fused": {"mAP": 71.33282539674393, "Rank-1": 74.16267991065979, "Rank-5": 84.21052694320679, "Rank-10": 88.63636255264282}}
{"event": "epoch", "dataset": "RGBNT201", "recipe": "native", "epoch": 38, "steps": 53, "mean_loss": 0.9261519998874305, "seconds": 33.1245150520117, "official_fused": {"mAP": 72.35897489427595, "Rank-1": 75.59808492660522, "Rank-5": 84.92823243141174, "Rank-10": 88.99521827697754}}
{"event": "epoch", "dataset": "RGBNT201", "recipe": "native", "epoch": 39, "steps": 53, "mean_loss": 0.9195551422407042, "seconds": 33.390636300027836, "official_fused": {"mAP": 72.34766858799668, "Rank-1": 74.88038539886475, "Rank-5": 84.68899726867676, "Rank-10": 88.39712738990784}}
{"event": "epoch", "dataset": "RGBNT201", "recipe": "native", "epoch": 40, "steps": 53, "mean_loss": 0.9135791929262989, "seconds": 33.44544601801317, "official_fused": {"mAP": 72.19480377480447, "Rank-1": 74.88038539886475, "Rank-5": 84.56937670707703, "Rank-10": 88.51674795150757}}
{"event": "epoch", "dataset": "RGBNT201", "recipe": "native", "epoch": 41, "steps": 53, "mean_loss": 0.9250939308472399, "seconds": 33.3592032790184, "official_fused": {"mAP": 72.17726880425475, "Rank-1": 74.76076483726501, "Rank-5": 83.73205661773682, "Rank-10": 88.51674795150757}}
{"event": "epoch", "dataset": "RGBNT201", "recipe": "native", "epoch": 42, "steps": 53, "mean_loss": 0.9154362599804716, "seconds": 33.1512890990125, "official_fused": {"mAP": 71.94084937175269, "Rank-1": 73.56459498405457, "Rank-5": 83.49282145500183, "Rank-10": 88.75598311424255}}
{"event": "epoch", "dataset": "RGBNT201", "recipe": "native", "epoch": 43, "steps": 53, "mean_loss": 0.9201816489111703, "seconds": 33.15035430697026, "official_fused": {"mAP": 71.96817233219618, "Rank-1": 73.44497442245483, "Rank-5": 83.49282145500183, "Rank-10": 88.15789222717285}}
{"event": "epoch", "dataset": "RGBNT201", "recipe": "native", "epoch": 44, "steps": 53, "mean_loss": 0.9212542513631424, "seconds": 33.47431497002253, "official_fused": {"mAP": 72.3506504044405, "Rank-1": 74.64115023612976, "Rank-5": 83.25358629226685, "Rank-10": 88.99521827697754}}
{"event": "epoch", "dataset": "RGBNT201", "recipe": "native", "epoch": 45, "steps": 53, "mean_loss": 0.91668191046085, "seconds": 33.21231902303407, "official_fused": {"mAP": 72.32293951486834, "Rank-1": 74.76076483726501, "Rank-5": 83.49282145500183, "Rank-10": 89.47368264198303}}
{"event": "epoch", "dataset": "RGBNT201", "recipe": "native", "epoch": 46, "steps": 52, "mean_loss": 0.9161170640817056, "seconds": 32.98208543803776, "official_fused": {"mAP": 72.2790864771537, "Rank-1": 74.88038539886475, "Rank-5": 83.37320685386658, "Rank-10": 89.23444747924805}}
{"event": "epoch", "dataset": "RGBNT201", "recipe": "native", "epoch": 47, "steps": 53, "mean_loss": 0.9156831412945153, "seconds": 33.35980440600542, "official_fused": {"mAP": 72.2806017930663, "Rank-1": 74.64115023612976, "Rank-5": 83.37320685386658, "Rank-10": 89.23444747924805}}
{"event": "epoch", "dataset": "RGBNT201", "recipe": "native", "epoch": 48, "steps": 53, "mean_loss": 0.9131837161082141, "seconds": 32.994106257974636, "official_fused": {"mAP": 72.24252857531064, "Rank-1": 74.52152967453003, "Rank-5": 83.61244201660156, "Rank-10": 88.75598311424255}}
{"event": "epoch", "dataset": "RGBNT201", "recipe": "native", "epoch": 49, "steps": 53, "mean_loss": 0.9143241970044262, "seconds": 33.12765268801013, "official_fused": {"mAP": 72.33477909572879, "Rank-1": 74.64115023612976, "Rank-5": 83.61244201660156, "Rank-10": 89.1148328781128}}
{"event": "epoch", "dataset": "RGBNT201", "recipe": "native", "epoch": 50, "steps": 53, "mean_loss": 0.916553998893162, "seconds": 33.26203649904346, "official_fused": {"mAP": 72.14292758920067, "Rank-1": 74.52152967453003, "Rank-5": 83.37320685386658, "Rank-10": 88.99521827697754}}
