/data/gaob/Re-ID/conda-envs/tri_reid/lib/python3.10/site-packages/timm/models/helpers.py:7: FutureWarning: Importing from timm.models.helpers is deprecated, please import via timm.models
  warnings.warn(f"Importing from {__name__} is deprecated, please import via timm.models", FutureWarning)
/data/gaob/Re-ID/conda-envs/tri_reid/lib/python3.10/site-packages/timm/models/registry.py:4: FutureWarning: Importing from timm.models.registry is deprecated, please import via timm.models
  warnings.warn(f"Importing from {__name__} is deprecated, please import via timm.models", FutureWarning)
/data/gaob/Re-ID/conda-envs/tri_reid/lib/python3.10/site-packages/timm/models/layers/__init__.py:48: FutureWarning: Importing from timm.models.layers is deprecated, please import via timm.layers
  warnings.warn(f"Importing from {__name__} is deprecated, please import via timm.layers", FutureWarning)
建立transformer............
using Transformer_type: ViT-B-16 as a backbone
Resized position embedding: %s to %s torch.Size([197, 768]) torch.Size([129, 768])
Position embedding resize to height:16 width: 8
Successfully load ckpt!
<All keys matched successfully>
Loading pretrained model from CLIP
camera number is : 4
===========Building Signal===========
{"event": "epoch", "dataset": "RGBNT201", "epoch": 1, "steps": 53, "mean_loss": 4.9999343944045735, "seconds": 28.855201081009, "official_fused": {"mAP": 73.7442151380493, "Rank-1": 74.76076483726501, "Rank-5": 84.80861186981201, "Rank-10": 88.75598311424255}, "best_epoch": 1}
{"event": "epoch", "dataset": "RGBNT201", "epoch": 2, "steps": 53, "mean_loss": 4.157319662705907, "seconds": 27.768816184005118, "official_fused": {"mAP": 73.53575314564198, "Rank-1": 75.59808492660522, "Rank-5": 83.61244201660156, "Rank-10": 87.20095753669739}, "best_epoch": 1}
{"event": "epoch", "dataset": "RGBNT201", "epoch": 3, "steps": 53, "mean_loss": 2.8086616768027253, "seconds": 29.247336505999556, "official_fused": {"mAP": 70.56266972732283, "Rank-1": 70.9330141544342, "Rank-5": 79.54545617103577, "Rank-10": 84.09090638160706}, "best_epoch": 1}
{"event": "epoch", "dataset": "RGBNT201", "epoch": 4, "steps": 53, "mean_loss": 1.612946627274999, "seconds": 29.78205978999904, "official_fused": {"mAP": 72.08607744220735, "Rank-1": 73.20573925971985, "Rank-5": 81.22009634971619, "Rank-10": 86.84210777282715}, "best_epoch": 1}
{"event": "epoch", "dataset": "RGBNT201", "epoch": 5, "steps": 53, "mean_loss": 1.0825291860778377, "seconds": 29.50110264700197, "official_fused": {"mAP": 71.62306833631999, "Rank-1": 73.44497442245483, "Rank-5": 83.49282145500183, "Rank-10": 86.60287261009216}, "best_epoch": 1}
{"event": "epoch", "dataset": "RGBNT201", "epoch": 6, "steps": 53, "mean_loss": 0.9418985809919969, "seconds": 29.456473468002514, "official_fused": {"mAP": 69.89214018428743, "Rank-1": 71.53109908103943, "Rank-5": 79.54545617103577, "Rank-10": 84.21052694320679}, "best_epoch": 1}
{"event": "epoch", "dataset": "RGBNT201", "epoch": 7, "steps": 53, "mean_loss": 0.9098916953464724, "seconds": 29.878842170990538, "official_fused": {"mAP": 68.50920654195286, "Rank-1": 70.9330141544342, "Rank-5": 78.70813608169556, "Rank-10": 83.25358629226685}, "best_epoch": 1}
{"event": "epoch", "dataset": "RGBNT201", "epoch": 8, "steps": 53, "mean_loss": 0.9011676660123861, "seconds": 29.591145636004512, "official_fused": {"mAP": 69.76762364237014, "Rank-1": 70.69377899169922, "Rank-5": 80.02392053604126, "Rank-10": 84.68899726867676}, "best_epoch": 1}
{"event": "epoch", "dataset": "RGBNT201", "epoch": 9, "steps": 53, "mean_loss": 0.8944772335718263, "seconds": 29.501960801993846, "official_fused": {"mAP": 69.46529609675615, "Rank-1": 71.77033424377441, "Rank-5": 79.42583560943604, "Rank-10": 84.44976210594177}, "best_epoch": 1}
{"event": "epoch", "dataset": "RGBNT201", "epoch": 10, "steps": 53, "mean_loss": 0.89234185781119, "seconds": 29.718271613004617, "official_fused": {"mAP": 68.62566446979027, "Rank-1": 69.73684430122375, "Rank-5": 79.904305934906, "Rank-10": 83.37320685386658}, "best_epoch": 1}
{"event": "epoch", "dataset": "RGBNT201", "epoch": 11, "steps": 53, "mean_loss": 0.8888894218318867, "seconds": 29.86886025700369, "official_fused": {"mAP": 69.66540693870101, "Rank-1": 69.85645890235901, "Rank-5": 78.82775068283081, "Rank-10": 83.85167717933655}, "best_epoch": 1}
{"event": "epoch", "dataset": "RGBNT201", "epoch": 12, "steps": 53, "mean_loss": 0.8853348032483515, "seconds": 29.499125874994206, "official_fused": {"mAP": 69.17673534056351, "Rank-1": 69.97607946395874, "Rank-5": 78.94737124443054, "Rank-10": 83.01435112953186}, "best_epoch": 1}
{"event": "epoch", "dataset": "RGBNT201", "epoch": 13, "steps": 53, "mean_loss": 0.8836156849591237, "seconds": 29.414631339997868, "official_fused": {"mAP": 68.93574659062286, "Rank-1": 69.0191388130188, "Rank-5": 79.0669858455658, "Rank-10": 83.13397169113159}, "best_epoch": 1}
{"event": "epoch", "dataset": "RGBNT201", "epoch": 14, "steps": 53, "mean_loss": 0.8794757555115897, "seconds": 29.407568572991295, "official_fused": {"mAP": 68.33168079833654, "Rank-1": 67.46411323547363, "Rank-5": 78.22966575622559, "Rank-10": 82.65550136566162}, "best_epoch": 1}
{"event": "epoch", "dataset": "RGBNT201", "epoch": 15, "steps": 53, "mean_loss": 0.8771157770786645, "seconds": 29.64227118299459, "official_fused": {"mAP": 66.92950616916399, "Rank-1": 68.54066848754883, "Rank-5": 77.9904305934906, "Rank-10": 82.41626620292664}, "best_epoch": 1}
{"event": "epoch", "dataset": "RGBNT201", "epoch": 16, "steps": 53, "mean_loss": 0.8754922016611639, "seconds": 29.5695092859969, "official_fused": {"mAP": 68.62007326224912, "Rank-1": 69.61722373962402, "Rank-5": 77.03348994255066, "Rank-10": 81.69856667518616}, "best_epoch": 1}
{"event": "epoch", "dataset": "RGBNT201", "epoch": 17, "steps": 53, "mean_loss": 0.8703752677395659, "seconds": 29.71990964199358, "official_fused": {"mAP": 68.85313232432969, "Rank-1": 68.66028904914856, "Rank-5": 78.22966575622559, "Rank-10": 83.13397169113159}, "best_epoch": 1}
{"event": "epoch", "dataset": "RGBNT201", "epoch": 18, "steps": 53, "mean_loss": 0.8690397829379676, "seconds": 29.72846356300579, "official_fused": {"mAP": 68.19063523164125, "Rank-1": 69.49760913848877, "Rank-5": 77.87081599235535, "Rank-10": 81.45933151245117}, "best_epoch": 1}
{"event": "epoch", "dataset": "RGBNT201", "epoch": 19, "steps": 53, "mean_loss": 0.8681227553565547, "seconds": 29.700283382000634, "official_fused": {"mAP": 65.34213612900186, "Rank-1": 65.31100273132324, "Rank-5": 74.04305934906006, "Rank-10": 79.0669858455658}, "best_epoch": 1}
{"event": "epoch", "dataset": "RGBNT201", "epoch": 20, "steps": 53, "mean_loss": 0.8685937220195554, "seconds": 29.448368533005123, "official_fused": {"mAP": 67.9752414347314, "Rank-1": 69.0191388130188, "Rank-5": 77.63158082962036, "Rank-10": 83.13397169113159}, "best_epoch": 1}
{"event": "epoch", "dataset": "RGBNT201", "epoch": 21, "steps": 53, "mean_loss": 0.8672744339367129, "seconds": 29.78473901700636, "official_fused": {"mAP": 65.66920904626305, "Rank-1": 66.74641370773315, "Rank-5": 75.23923516273499, "Rank-10": 80.50239086151123}, "best_epoch": 1}
{"event": "epoch", "dataset": "RGBNT201", "epoch": 22, "steps": 53, "mean_loss": 0.8642583062063973, "seconds": 29.69481091000489, "official_fused": {"mAP": 66.69218186575601, "Rank-1": 66.86602830886841, "Rank-5": 75.95694065093994, "Rank-10": 81.69856667518616}, "best_epoch": 1}
{"event": "epoch", "dataset": "RGBNT201", "epoch": 23, "steps": 53, "mean_loss": 0.8637987690151863, "seconds": 29.43072955298703, "official_fused": {"mAP": 69.57286081068705, "Rank-1": 71.77033424377441, "Rank-5": 79.54545617103577, "Rank-10": 84.09090638160706}, "best_epoch": 1}
{"event": "epoch", "dataset": "RGBNT201", "epoch": 24, "steps": 53, "mean_loss": 0.8615881294574378, "seconds": 29.420618702002685, "official_fused": {"mAP": 66.77745018490094, "Rank-1": 67.9425835609436, "Rank-5": 77.87081599235535, "Rank-10": 82.8947365283966}, "best_epoch": 1}
{"event": "epoch", "dataset": "RGBNT201", "epoch": 25, "steps": 53, "mean_loss": 0.8610045696204564, "seconds": 29.58127863801201, "official_fused": {"mAP": 67.61277106393365, "Rank-1": 67.1052634716034, "Rank-5": 78.82775068283081, "Rank-10": 83.01435112953186}, "best_epoch": 1}
{"event": "epoch", "dataset": "RGBNT201", "epoch": 26, "steps": 53, "mean_loss": 0.8590560859104373, "seconds": 29.553601225008606, "official_fused": {"mAP": 65.48465917164762, "Rank-1": 65.66985845565796, "Rank-5": 74.40191507339478, "Rank-10": 80.62201142311096}, "best_epoch": 1}
{"event": "epoch", "dataset": "RGBNT201", "epoch": 27, "steps": 53, "mean_loss": 0.8577015388686702, "seconds": 29.896857945001102, "official_fused": {"mAP": 65.19973716634343, "Rank-1": 64.83253836631775, "Rank-5": 73.20573925971985, "Rank-10": 80.50239086151123}, "best_epoch": 1}
{"event": "epoch", "dataset": "RGBNT201", "epoch": 28, "steps": 53, "mean_loss": 0.856812798751975, "seconds": 29.340471907999017, "official_fused": {"mAP": 66.79251647243903, "Rank-1": 67.46411323547363, "Rank-5": 78.22966575622559, "Rank-10": 81.22009634971619}, "best_epoch": 1}
{"event": "epoch", "dataset": "RGBNT201", "epoch": 29, "steps": 53, "mean_loss": 0.8563621032912776, "seconds": 29.637290967002627, "official_fused": {"mAP": 66.73708643785527, "Rank-1": 67.82296895980835, "Rank-5": 76.19616985321045, "Rank-10": 81.81818127632141}, "best_epoch": 1}
{"event": "epoch", "dataset": "RGBNT201", "epoch": 30, "steps": 53, "mean_loss": 0.8556051906549705, "seconds": 29.941573307994986, "official_fused": {"mAP": 66.99376939178657, "Rank-1": 67.82296895980835, "Rank-5": 75.95694065093994, "Rank-10": 80.9808611869812}, "best_epoch": 1}
{"event": "epoch", "dataset": "RGBNT201", "epoch": 31, "steps": 53, "mean_loss": 0.8545579674108973, "seconds": 29.79075424700568, "official_fused": {"mAP": 67.52670762621545, "Rank-1": 67.9425835609436, "Rank-5": 77.87081599235535, "Rank-10": 81.69856667518616}, "best_epoch": 1}
{"event": "epoch", "dataset": "RGBNT201", "epoch": 32, "steps": 53, "mean_loss": 0.8544251941285044, "seconds": 30.010011859005317, "official_fused": {"mAP": 66.66262638506733, "Rank-1": 66.98564887046814, "Rank-5": 76.55502557754517, "Rank-10": 81.33971095085144}, "best_epoch": 1}
{"event": "epoch", "dataset": "RGBNT201", "epoch": 33, "steps": 53, "mean_loss": 0.8545135450813005, "seconds": 29.317178995988797, "official_fused": {"mAP": 64.72570571451911, "Rank-1": 65.55023789405823, "Rank-5": 75.71770548820496, "Rank-10": 79.78469133377075}, "best_epoch": 1}
{"event": "epoch", "dataset": "RGBNT201", "epoch": 34, "steps": 53, "mean_loss": 0.8522376193190521, "seconds": 29.146808602003148, "official_fused": {"mAP": 65.63647004056116, "Rank-1": 66.26794338226318, "Rank-5": 74.28229451179504, "Rank-10": 79.42583560943604}, "best_epoch": 1}
{"event": "epoch", "dataset": "RGBNT201", "epoch": 35, "steps": 53, "mean_loss": 0.8521799006552067, "seconds": 29.34035322999989, "official_fused": {"mAP": 66.95658918366654, "Rank-1": 66.98564887046814, "Rank-5": 76.67464017868042, "Rank-10": 81.93780183792114}, "best_epoch": 1}
{"event": "epoch", "dataset": "RGBNT201", "epoch": 36, "steps": 53, "mean_loss": 0.8514578657330207, "seconds": 29.554747418005718, "official_fused": {"mAP": 66.28062702916222, "Rank-1": 67.34449863433838, "Rank-5": 75.35884976387024, "Rank-10": 80.74162602424622}, "best_epoch": 1}
{"event": "epoch", "dataset": "RGBNT201", "epoch": 37, "steps": 53, "mean_loss": 0.8510241778391712, "seconds": 29.209643007008708, "official_fused": {"mAP": 65.83746014694505, "Rank-1": 66.26794338226318, "Rank-5": 75.11961460113525, "Rank-10": 80.74162602424622}, "best_epoch": 1}
{"event": "epoch", "dataset": "RGBNT201", "epoch": 38, "steps": 53, "mean_loss": 0.8505335360203149, "seconds": 29.327266095002415, "official_fused": {"mAP": 64.96543153907417, "Rank-1": 66.0287082195282, "Rank-5": 74.04305934906006, "Rank-10": 80.02392053604126}, "best_epoch": 1}
{"event": "epoch", "dataset": "RGBNT201", "epoch": 39, "steps": 53, "mean_loss": 0.8498599877897298, "seconds": 29.269285731003038, "official_fused": {"mAP": 66.00406158532167, "Rank-1": 67.22487807273865, "Rank-5": 76.31579041481018, "Rank-10": 80.86124658584595}, "best_epoch": 1}
{"event": "epoch", "dataset": "RGBNT201", "epoch": 40, "steps": 53, "mean_loss": 0.8493938074921662, "seconds": 28.99163401199621, "official_fused": {"mAP": 66.29026578745268, "Rank-1": 66.86602830886841, "Rank-5": 76.43540501594543, "Rank-10": 81.10047578811646}, "best_epoch": 1}
{"event": "epoch", "dataset": "RGBNT201", "epoch": 41, "steps": 53, "mean_loss": 0.8497369772983048, "seconds": 29.262921686997288, "official_fused": {"mAP": 66.42091500326842, "Rank-1": 67.1052634716034, "Rank-5": 75.95694065093994, "Rank-10": 80.50239086151123}, "best_epoch": 1}
{"event": "epoch", "dataset": "RGBNT201", "epoch": 42, "steps": 53, "mean_loss": 0.8490658841043148, "seconds": 29.0437972649961, "official_fused": {"mAP": 65.96761996436622, "Rank-1": 66.86602830886841, "Rank-5": 75.83732008934021, "Rank-10": 80.9808611869812}, "best_epoch": 1}
{"event": "epoch", "dataset": "RGBNT201", "epoch": 43, "steps": 53, "mean_loss": 0.8488452580739867, "seconds": 29.213737343001412, "official_fused": {"mAP": 65.72572551381761, "Rank-1": 66.14832282066345, "Rank-5": 75.35884976387024, "Rank-10": 80.62201142311096}, "best_epoch": 1}
{"event": "epoch", "dataset": "RGBNT201", "epoch": 44, "steps": 53, "mean_loss": 0.8489783856104005, "seconds": 29.04110153700458, "official_fused": {"mAP": 65.48522756382432, "Rank-1": 66.0287082195282, "Rank-5": 75.95694065093994, "Rank-10": 80.50239086151123}, "best_epoch": 1}
{"event": "epoch", "dataset": "RGBNT201", "epoch": 45, "steps": 53, "mean_loss": 0.8495784165724268, "seconds": 29.186567312994157, "official_fused": {"mAP": 65.33522417210047, "Rank-1": 66.50717854499817, "Rank-5": 75.47847032546997, "Rank-10": 80.74162602424622}, "best_epoch": 1}
{"event": "epoch", "dataset": "RGBNT201", "epoch": 46, "steps": 52, "mean_loss": 0.8488386388008411, "seconds": 28.448530256995582, "official_fused": {"mAP": 65.20122039456328, "Rank-1": 66.38755798339844, "Rank-5": 74.88038539886475, "Rank-10": 80.26315569877625}, "best_epoch": 1}
{"event": "epoch", "dataset": "RGBNT201", "epoch": 47, "steps": 53, "mean_loss": 0.8483646826924018, "seconds": 29.026942982003675, "official_fused": {"mAP": 65.29418126944417, "Rank-1": 66.50717854499817, "Rank-5": 74.76076483726501, "Rank-10": 80.26315569877625}, "best_epoch": 1}
{"event": "epoch", "dataset": "RGBNT201", "epoch": 48, "steps": 53, "mean_loss": 0.848566731192031, "seconds": 29.26555283999187, "official_fused": {"mAP": 65.31098910134615, "Rank-1": 66.50717854499817, "Rank-5": 74.88038539886475, "Rank-10": 80.14354109764099}, "best_epoch": 1}
{"event": "epoch", "dataset": "RGBNT201", "epoch": 49, "steps": 53, "mean_loss": 0.8484783869869305, "seconds": 29.147060346003855, "official_fused": {"mAP": 65.33052415504501, "Rank-1": 66.62679314613342, "Rank-5": 74.64115023612976, "Rank-10": 80.26315569877625}, "best_epoch": 1}
{"event": "epoch", "dataset": "RGBNT201", "epoch": 50, "steps": 53, "mean_loss": 0.8487956197756641, "seconds": 28.97259837000456, "official_fused": {"mAP": 65.32046870091122, "Rank-1": 66.62679314613342, "Rank-5": 74.64115023612976, "Rank-10": 80.26315569877625}, "best_epoch": 1}
