/data/gaob/Re-ID/conda-envs/tri_reid/lib/python3.10/site-packages/timm/models/helpers.py:7: FutureWarning: Importing from timm.models.helpers is deprecated, please import via timm.models
  warnings.warn(f"Importing from {__name__} is deprecated, please import via timm.models", FutureWarning)
/data/gaob/Re-ID/conda-envs/tri_reid/lib/python3.10/site-packages/timm/models/registry.py:4: FutureWarning: Importing from timm.models.registry is deprecated, please import via timm.models
  warnings.warn(f"Importing from {__name__} is deprecated, please import via timm.models", FutureWarning)
/data/gaob/Re-ID/conda-envs/tri_reid/lib/python3.10/site-packages/timm/models/layers/__init__.py:48: FutureWarning: Importing from timm.models.layers is deprecated, please import via timm.layers
  warnings.warn(f"Importing from {__name__} is deprecated, please import via timm.layers", FutureWarning)
建立transformer............
using Transformer_type: ViT-B-16 as a backbone
Resized position embedding: %s to %s torch.Size([197, 768]) torch.Size([129, 768])
Position embedding resize to height:8 width: 16
Successfully load ckpt!
<All keys matched successfully>
Loading pretrained model from CLIP
camera number is : 8
===========Building Signal===========
{"event": "epoch", "dataset": "RGBNT100", "epoch": 1, "steps": 130, "mean_loss": 3.5360932753636285, "seconds": 51.02133826400677, "official_fused": {"mAP": 57.29659582382012, "Rank-1": 81.34110569953918, "Rank-5": 85.18950343132019, "Rank-10": 87.28863000869751}, "best_epoch": 1}
{"event": "epoch", "dataset": "RGBNT100", "epoch": 2, "steps": 131, "mean_loss": 1.5770073637707542, "seconds": 50.24115339400305, "official_fused": {"mAP": 73.46732940370444, "Rank-1": 91.95335507392883, "Rank-5": 93.1195318698883, "Rank-10": 93.7609314918518}, "best_epoch": 2}
{"event": "epoch", "dataset": "RGBNT100", "epoch": 3, "steps": 132, "mean_loss": 0.9073440066792748, "seconds": 50.7385303810006, "official_fused": {"mAP": 74.61787365736899, "Rank-1": 91.72011613845825, "Rank-5": 93.41107606887817, "Rank-10": 94.51894760131836}, "best_epoch": 3}
{"event": "epoch", "dataset": "RGBNT100", "epoch": 4, "steps": 131, "mean_loss": 0.8094075508700073, "seconds": 50.23845093999989, "official_fused": {"mAP": 75.14890261318776, "Rank-1": 92.59475469589233, "Rank-5": 94.28571462631226, "Rank-10": 94.98542547225952}, "best_epoch": 4}
{"event": "epoch", "dataset": "RGBNT100", "epoch": 5, "steps": 132, "mean_loss": 0.7687762573812947, "seconds": 50.67772133099788, "official_fused": {"mAP": 77.05099635674472, "Rank-1": 92.94460415840149, "Rank-5": 94.1690981388092, "Rank-10": 94.57725882530212}, "best_epoch": 5}
{"event": "epoch", "dataset": "RGBNT100", "epoch": 6, "steps": 131, "mean_loss": 0.7407075089352732, "seconds": 50.797355643997435, "official_fused": {"mAP": 75.47125599667996, "Rank-1": 91.48688316345215, "Rank-5": 93.00291538238525, "Rank-10": 93.70262622833252}, "best_epoch": 5}
{"event": "epoch", "dataset": "RGBNT100", "epoch": 7, "steps": 132, "mean_loss": 0.7293905873190273, "seconds": 50.85384678799892, "official_fused": {"mAP": 70.23656324122078, "Rank-1": 90.90378880500793, "Rank-5": 92.36151576042175, "Rank-10": 92.94460415840149}, "best_epoch": 5}
{"event": "epoch", "dataset": "RGBNT100", "epoch": 8, "steps": 131, "mean_loss": 0.7410576329886458, "seconds": 50.452715046994854, "official_fused": {"mAP": 75.81809465936111, "Rank-1": 91.8367326259613, "Rank-5": 93.29445958137512, "Rank-10": 93.7609314918518}, "best_epoch": 5}
{"event": "epoch", "dataset": "RGBNT100", "epoch": 9, "steps": 130, "mean_loss": 0.7257998792024759, "seconds": 50.00648429499415, "official_fused": {"mAP": 77.12438572761658, "Rank-1": 93.06122660636902, "Rank-5": 94.05247569084167, "Rank-10": 94.57725882530212}, "best_epoch": 9}
{"event": "epoch", "dataset": "RGBNT100", "epoch": 10, "steps": 132, "mean_loss": 0.7163175344467163, "seconds": 50.3309189970023, "official_fused": {"mAP": 76.45079931067345, "Rank-1": 92.4781322479248, "Rank-5": 93.70262622833252, "Rank-10": 94.51894760131836}, "best_epoch": 9}
{"event": "epoch", "dataset": "RGBNT100", "epoch": 11, "steps": 131, "mean_loss": 0.713440143425046, "seconds": 50.01009958400391, "official_fused": {"mAP": 76.95957920563842, "Rank-1": 92.30320453643799, "Rank-5": 93.81924271583557, "Rank-10": 94.51894760131836}, "best_epoch": 9}
{"event": "epoch", "dataset": "RGBNT100", "epoch": 12, "steps": 131, "mean_loss": 0.7136330031256639, "seconds": 50.3323860100063, "official_fused": {"mAP": 75.98108567170311, "Rank-1": 91.07871651649475, "Rank-5": 92.71137118339539, "Rank-10": 93.70262622833252}, "best_epoch": 9}
{"event": "epoch", "dataset": "RGBNT100", "epoch": 13, "steps": 131, "mean_loss": 0.7117508968324152, "seconds": 50.78111495899793, "official_fused": {"mAP": 75.57914357404889, "Rank-1": 92.59475469589233, "Rank-5": 93.70262622833252, "Rank-10": 94.28571462631226}, "best_epoch": 9}
{"event": "epoch", "dataset": "RGBNT100", "epoch": 14, "steps": 132, "mean_loss": 0.7211538219090664, "seconds": 50.28289179501007, "official_fused": {"mAP": 72.08157710403447, "Rank-1": 90.78717231750488, "Rank-5": 91.95335507392883, "Rank-10": 92.71137118339539}, "best_epoch": 9}
{"event": "epoch", "dataset": "RGBNT100", "epoch": 15, "steps": 129, "mean_loss": 0.7954603770906611, "seconds": 49.55455435399199, "official_fused": {"mAP": 76.18635715514722, "Rank-1": 93.29445958137512, "Rank-5": 94.69387531280518, "Rank-10": 95.27696967124939}, "best_epoch": 9}
{"event": "epoch", "dataset": "RGBNT100", "epoch": 16, "steps": 131, "mean_loss": 0.7258779188148848, "seconds": 50.2131664139888, "official_fused": {"mAP": 77.99133772593558, "Rank-1": 93.41107606887817, "Rank-5": 94.1690981388092, "Rank-10": 94.86880302429199}, "best_epoch": 16}
{"event": "epoch", "dataset": "RGBNT100", "epoch": 17, "steps": 132, "mean_loss": 0.7157045128670606, "seconds": 50.48558906400285, "official_fused": {"mAP": 77.28817447023475, "Rank-1": 93.7609314918518, "Rank-5": 94.57725882530212, "Rank-10": 95.04373073577881}, "best_epoch": 16}
{"event": "epoch", "dataset": "RGBNT100", "epoch": 18, "steps": 132, "mean_loss": 0.7131584241534724, "seconds": 50.914479319006205, "official_fused": {"mAP": 77.32356663709395, "Rank-1": 93.5276985168457, "Rank-5": 94.46064233779907, "Rank-10": 95.21865844726562}, "best_epoch": 16}
{"event": "epoch", "dataset": "RGBNT100", "epoch": 19, "steps": 132, "mean_loss": 0.7118331722237847, "seconds": 50.93102391100547, "official_fused": {"mAP": 77.40393017195167, "Rank-1": 92.94460415840149, "Rank-5": 93.81924271583557, "Rank-10": 94.51894760131836}, "best_epoch": 16}
