/data/gaob/Re-ID/conda-envs/tri_reid/lib/python3.10/site-packages/timm/models/helpers.py:7: FutureWarning: Importing from timm.models.helpers is deprecated, please import via timm.models
  warnings.warn(f"Importing from {__name__} is deprecated, please import via timm.models", FutureWarning)
/data/gaob/Re-ID/conda-envs/tri_reid/lib/python3.10/site-packages/timm/models/registry.py:4: FutureWarning: Importing from timm.models.registry is deprecated, please import via timm.models
  warnings.warn(f"Importing from {__name__} is deprecated, please import via timm.models", FutureWarning)
/data/gaob/Re-ID/conda-envs/tri_reid/lib/python3.10/site-packages/timm/models/layers/__init__.py:48: FutureWarning: Importing from timm.models.layers is deprecated, please import via timm.layers
  warnings.warn(f"Importing from {__name__} is deprecated, please import via timm.layers", FutureWarning)
建立transformer............
using Transformer_type: ViT-B-16 as a backbone
Resized position embedding: %s to %s torch.Size([197, 768]) torch.Size([129, 768])
Position embedding resize to height:8 width: 16
Successfully load ckpt!
<All keys matched successfully>
Loading pretrained model from CLIP
camera number is : 8
===========Building Signal===========
{"event": "epoch", "dataset": "MSVR310", "recipe": "normalized", "epoch": 1, "steps": 20, "mean_loss": 5.426661634445191, "seconds": 11.812957493006252, "official_fused": {"mAP": 14.523596817054555, "Rank-1": 34.517765045166016, "Rank-5": 53.976309299468994, "Rank-10": 61.08291149139404}}
{"event": "epoch", "dataset": "MSVR310", "recipe": "normalized", "epoch": 2, "steps": 20, "mean_loss": 5.23375723361969, "seconds": 10.302290638996055, "official_fused": {"mAP": 21.221820136067112, "Rank-1": 42.63959527015686, "Rank-5": 62.6057505607605, "Rank-10": 69.20473575592041}}
{"event": "epoch", "dataset": "MSVR310", "recipe": "normalized", "epoch": 3, "steps": 20, "mean_loss": 4.90158371925354, "seconds": 10.284378248994472, "official_fused": {"mAP": 29.260003440449285, "Rank-1": 52.79187560081482, "Rank-5": 70.0507640838623, "Rank-10": 75.46531558036804}}
{"event": "epoch", "dataset": "MSVR310", "recipe": "normalized", "epoch": 4, "steps": 20, "mean_loss": 4.375179624557495, "seconds": 10.293847975000972, "official_fused": {"mAP": 33.43644550968451, "Rank-1": 54.14551496505737, "Rank-5": 71.0659921169281, "Rank-10": 76.9881546497345}}
{"event": "epoch", "dataset": "MSVR310", "recipe": "normalized", "epoch": 5, "steps": 20, "mean_loss": 3.655936908721924, "seconds": 10.359192870993866, "official_fused": {"mAP": 34.83038610701267, "Rank-1": 55.837565660476685, "Rank-5": 70.38916945457458, "Rank-10": 75.12690424919128}}
{"event": "epoch", "dataset": "MSVR310", "recipe": "normalized", "epoch": 6, "steps": 20, "mean_loss": 2.916500461101532, "seconds": 10.616473428992322, "official_fused": {"mAP": 38.560246098646694, "Rank-1": 58.544838428497314, "Rank-5": 73.77326488494873, "Rank-10": 79.01861071586609}}
{"event": "epoch", "dataset": "MSVR310", "recipe": "normalized", "epoch": 7, "steps": 20, "mean_loss": 2.331609171628952, "seconds": 10.306869580992498, "official_fused": {"mAP": 39.54129489370437, "Rank-1": 59.05245542526245, "Rank-5": 73.77326488494873, "Rank-10": 79.52622771263123}}
{"event": "epoch", "dataset": "MSVR310", "recipe": "normalized", "epoch": 8, "steps": 20, "mean_loss": 1.9008621573448181, "seconds": 10.330263693002053, "official_fused": {"mAP": 44.14524232246974, "Rank-1": 62.26734519004822, "Rank-5": 76.64974331855774, "Rank-10": 81.89509510993958}}
{"event": "epoch", "dataset": "MSVR310", "recipe": "normalized", "epoch": 9, "steps": 20, "mean_loss": 1.5592850983142852, "seconds": 10.361406023002928, "official_fused": {"mAP": 43.80769114030095, "Rank-1": 62.4365508556366, "Rank-5": 76.48054361343384, "Rank-10": 81.89509510993958}}
{"event": "epoch", "dataset": "MSVR310", "recipe": "normalized", "epoch": 10, "steps": 20, "mean_loss": 1.3782510936260224, "seconds": 10.518946949014207, "official_fused": {"mAP": 46.487142061024144, "Rank-1": 64.80541229248047, "Rank-5": 78.34179401397705, "Rank-10": 83.41793417930603}}
{"event": "epoch", "dataset": "MSVR310", "recipe": "normalized", "epoch": 11, "steps": 20, "mean_loss": 1.2467528522014617, "seconds": 10.472673122974811, "official_fused": {"mAP": 45.700240816842005, "Rank-1": 64.46700692176819, "Rank-5": 76.9881546497345, "Rank-10": 83.24872851371765}}
{"event": "epoch", "dataset": "MSVR310", "recipe": "normalized", "epoch": 12, "steps": 20, "mean_loss": 1.180859100818634, "seconds": 10.768719444982708, "official_fused": {"mAP": 47.42669868193346, "Rank-1": 65.48223495483398, "Rank-5": 79.35702204704285, "Rank-10": 84.77157354354858}}
{"event": "epoch", "dataset": "MSVR310", "recipe": "normalized", "epoch": 13, "steps": 20, "mean_loss": 1.120028755068779, "seconds": 10.451348394999513, "official_fused": {"mAP": 47.72748336286826, "Rank-1": 65.14382362365723, "Rank-5": 79.01861071586609, "Rank-10": 85.10998487472534}}
{"event": "epoch", "dataset": "MSVR310", "recipe": "normalized", "epoch": 14, "steps": 20, "mean_loss": 1.0960484623908997, "seconds": 10.305923997977516, "official_fused": {"mAP": 45.049018503493045, "Rank-1": 61.75972819328308, "Rank-5": 76.64974331855774, "Rank-10": 82.91032314300537}}
{"event": "epoch", "dataset": "MSVR310", "recipe": "normalized", "epoch": 15, "steps": 20, "mean_loss": 1.0883354246616364, "seconds": 10.643132385011995, "official_fused": {"mAP": 47.32019174862362, "Rank-1": 63.45177888870239, "Rank-5": 79.18781638145447, "Rank-10": 84.09475684165955}}
{"event": "epoch", "dataset": "MSVR310", "recipe": "normalized", "epoch": 16, "steps": 20, "mean_loss": 1.0451773881912232, "seconds": 10.576187792001292, "official_fused": {"mAP": 49.32974972373659, "Rank-1": 67.00507402420044, "Rank-5": 81.7258894443512, "Rank-10": 85.95600724220276}}
{"event": "epoch", "dataset": "MSVR310", "recipe": "normalized", "epoch": 17, "steps": 20, "mean_loss": 1.0373457312583922, "seconds": 10.428517427004408, "official_fused": {"mAP": 48.513614029020026, "Rank-1": 65.14382362365723, "Rank-5": 80.7106614112854, "Rank-10": 85.27919054031372}}
{"event": "epoch", "dataset": "MSVR310", "recipe": "normalized", "epoch": 18, "steps": 20, "mean_loss": 1.0191284358501433, "seconds": 10.61651112700929, "official_fused": {"mAP": 48.13184451244694, "Rank-1": 64.97461795806885, "Rank-5": 80.37225008010864, "Rank-10": 84.6023678779602}}
{"event": "epoch", "dataset": "MSVR310", "recipe": "normalized", "epoch": 19, "steps": 20, "mean_loss": 1.014763480424881, "seconds": 10.799979565985268, "official_fused": {"mAP": 47.613832692437, "Rank-1": 63.45177888870239, "Rank-5": 80.7106614112854, "Rank-10": 84.26395654678345}}
{"event": "epoch", "dataset": "MSVR310", "recipe": "normalized", "epoch": 20, "steps": 20, "mean_loss": 0.9975373089313507, "seconds": 10.697007335023955, "official_fused": {"mAP": 46.74666806412945, "Rank-1": 63.282573223114014, "Rank-5": 79.01861071586609, "Rank-10": 83.24872851371765}}
{"event": "epoch", "dataset": "MSVR310", "recipe": "normalized", "epoch": 21, "steps": 20, "mean_loss": 0.9822714567184448, "seconds": 10.234195993980393, "official_fused": {"mAP": 48.60569979045114, "Rank-1": 66.49746298789978, "Rank-5": 80.20304441452026, "Rank-10": 84.6023678779602}}
{"event": "epoch", "dataset": "MSVR310", "recipe": "normalized", "epoch": 22, "steps": 20, "mean_loss": 0.9830000996589661, "seconds": 10.59813700200175, "official_fused": {"mAP": 47.57582051389748, "Rank-1": 64.29780125617981, "Rank-5": 79.01861071586609, "Rank-10": 83.58713984489441}}
{"event": "epoch", "dataset": "MSVR310", "recipe": "normalized", "epoch": 23, "steps": 20, "mean_loss": 0.9826106578111649, "seconds": 10.424151362007251, "official_fused": {"mAP": 48.265242692371444, "Rank-1": 63.45177888870239, "Rank-5": 79.18781638145447, "Rank-10": 83.41793417930603}}
{"event": "epoch", "dataset": "MSVR310", "recipe": "normalized", "epoch": 24, "steps": 20, "mean_loss": 0.9772256344556809, "seconds": 10.548067447001813, "official_fused": {"mAP": 50.35673958098721, "Rank-1": 67.51269102096558, "Rank-5": 81.38747811317444, "Rank-10": 86.29441857337952}}
{"event": "epoch", "dataset": "MSVR310", "recipe": "normalized", "epoch": 25, "steps": 20, "mean_loss": 0.9754174888134003, "seconds": 10.42014789901441, "official_fused": {"mAP": 48.39306284132977, "Rank-1": 65.98984599113464, "Rank-5": 80.20304441452026, "Rank-10": 84.6023678779602}}
{"event": "epoch", "dataset": "MSVR310", "recipe": "normalized", "epoch": 26, "steps": 20, "mean_loss": 0.961335352063179, "seconds": 10.651928201987175, "official_fused": {"mAP": 47.18726263778879, "Rank-1": 63.282573223114014, "Rank-5": 79.86463904380798, "Rank-10": 84.09475684165955}}
{"event": "epoch", "dataset": "MSVR310", "recipe": "normalized", "epoch": 27, "steps": 20, "mean_loss": 0.951278081536293, "seconds": 10.578802762000123, "official_fused": {"mAP": 47.840303023702404, "Rank-1": 64.63621258735657, "Rank-5": 79.6954333782196, "Rank-10": 84.26395654678345}}
{"event": "epoch", "dataset": "MSVR310", "recipe": "normalized", "epoch": 28, "steps": 20, "mean_loss": 0.9480177909135818, "seconds": 10.335490502999164, "official_fused": {"mAP": 49.98748716725993, "Rank-1": 67.3434853553772, "Rank-5": 81.7258894443512, "Rank-10": 86.29441857337952}}
{"event": "epoch", "dataset": "MSVR310", "recipe": "normalized", "epoch": 29, "steps": 20, "mean_loss": 0.9487439513206481, "seconds": 10.540382529987255, "official_fused": {"mAP": 50.25049027844888, "Rank-1": 66.49746298789978, "Rank-5": 81.21827244758606, "Rank-10": 85.27919054031372}}
{"event": "epoch", "dataset": "MSVR310", "recipe": "normalized", "epoch": 30, "steps": 20, "mean_loss": 0.9491829752922059, "seconds": 10.641710854019038, "official_fused": {"mAP": 49.434452554644345, "Rank-1": 65.82064032554626, "Rank-5": 81.04906678199768, "Rank-10": 85.78680157661438}}
{"event": "epoch", "dataset": "MSVR310", "recipe": "normalized", "epoch": 31, "steps": 20, "mean_loss": 0.9436310082674026, "seconds": 10.621828949981136, "official_fused": {"mAP": 49.735018332195196, "Rank-1": 65.82064032554626, "Rank-5": 82.06430077552795, "Rank-10": 85.44839024543762}}
{"event": "epoch", "dataset": "MSVR310", "recipe": "normalized", "epoch": 32, "steps": 20, "mean_loss": 0.9363285630941391, "seconds": 10.742512975004502, "official_fused": {"mAP": 49.620379826488005, "Rank-1": 65.65144062042236, "Rank-5": 81.38747811317444, "Rank-10": 85.44839024543762}}
{"event": "epoch", "dataset": "MSVR310", "recipe": "normalized", "epoch": 33, "steps": 20, "mean_loss": 0.9294757127761841, "seconds": 10.87112291099038, "official_fused": {"mAP": 48.589224992514836, "Rank-1": 63.95938992500305, "Rank-5": 81.38747811317444, "Rank-10": 84.94077920913696}}
{"event": "epoch", "dataset": "MSVR310", "recipe": "normalized", "epoch": 34, "steps": 20, "mean_loss": 0.930281811952591, "seconds": 10.791377187997568, "official_fused": {"mAP": 49.3693530286789, "Rank-1": 65.65144062042236, "Rank-5": 81.89509510993958, "Rank-10": 85.44839024543762}}
{"event": "epoch", "dataset": "MSVR310", "recipe": "normalized", "epoch": 35, "steps": 20, "mean_loss": 0.9279391765594482, "seconds": 10.412216303986497, "official_fused": {"mAP": 48.676422590559106, "Rank-1": 64.80541229248047, "Rank-5": 81.21827244758606, "Rank-10": 84.6023678779602}}
{"event": "epoch", "dataset": "MSVR310", "recipe": "normalized", "epoch": 36, "steps": 20, "mean_loss": 0.93217513859272, "seconds": 10.748932196001988, "official_fused": {"mAP": 48.223125645012686, "Rank-1": 63.79018425941467, "Rank-5": 80.54145574569702, "Rank-10": 84.77157354354858}}
{"event": "epoch", "dataset": "MSVR310", "recipe": "normalized", "epoch": 37, "steps": 20, "mean_loss": 0.9263412326574325, "seconds": 10.50470462901285, "official_fused": {"mAP": 49.52188511450578, "Rank-1": 65.48223495483398, "Rank-5": 81.89509510993958, "Rank-10": 85.78680157661438}}
{"event": "epoch", "dataset": "MSVR310", "recipe": "normalized", "epoch": 38, "steps": 20, "mean_loss": 0.9339568138122558, "seconds": 10.979077033989597, "official_fused": {"mAP": 48.77584512075826, "Rank-1": 64.12859559059143, "Rank-5": 80.37225008010864, "Rank-10": 85.95600724220276}}
{"event": "epoch", "dataset": "MSVR310", "recipe": "normalized", "epoch": 39, "steps": 20, "mean_loss": 0.9264107912778854, "seconds": 10.789584546000697, "official_fused": {"mAP": 48.959848436749915, "Rank-1": 64.63621258735657, "Rank-5": 80.87986707687378, "Rank-10": 85.78680157661438}}
{"event": "epoch", "dataset": "MSVR310", "recipe": "normalized", "epoch": 40, "steps": 20, "mean_loss": 0.9317768901586533, "seconds": 10.511883077007951, "official_fused": {"mAP": 48.03005466355335, "Rank-1": 64.12859559059143, "Rank-5": 80.37225008010864, "Rank-10": 85.617595911026}}
{"event": "epoch", "dataset": "MSVR310", "recipe": "normalized", "epoch": 41, "steps": 20, "mean_loss": 0.9266593962907791, "seconds": 10.662593248998746, "official_fused": {"mAP": 48.318222605857116, "Rank-1": 64.29780125617981, "Rank-5": 80.03383874893188, "Rank-10": 85.27919054031372}}
{"event": "epoch", "dataset": "MSVR310", "recipe": "normalized", "epoch": 42, "steps": 20, "mean_loss": 0.919537079334259, "seconds": 10.552252964989748, "official_fused": {"mAP": 49.238034361607546, "Rank-1": 65.3130292892456, "Rank-5": 81.04906678199768, "Rank-10": 85.44839024543762}}
{"event": "epoch", "dataset": "MSVR310", "recipe": "normalized", "epoch": 43, "steps": 20, "mean_loss": 0.9141176849603653, "seconds": 10.39056938001886, "official_fused": {"mAP": 49.262154298685616, "Rank-1": 64.97461795806885, "Rank-5": 81.04906678199768, "Rank-10": 85.617595911026}}
{"event": "epoch", "dataset": "MSVR310", "recipe": "normalized", "epoch": 44, "steps": 20, "mean_loss": 0.914413133263588, "seconds": 10.52974499197444, "official_fused": {"mAP": 48.997144742061046, "Rank-1": 64.46700692176819, "Rank-5": 80.54145574569702, "Rank-10": 85.44839024543762}}
{"event": "epoch", "dataset": "MSVR310", "recipe": "normalized", "epoch": 45, "steps": 20, "mean_loss": 0.9244072437286377, "seconds": 10.718478451977717, "official_fused": {"mAP": 48.840499820250606, "Rank-1": 64.80541229248047, "Rank-5": 80.7106614112854, "Rank-10": 84.94077920913696}}
{"event": "epoch", "dataset": "MSVR310", "recipe": "normalized", "epoch": 46, "steps": 20, "mean_loss": 0.9198805093765259, "seconds": 10.570295022975188, "official_fused": {"mAP": 48.74052782266226, "Rank-1": 64.80541229248047, "Rank-5": 80.7106614112854, "Rank-10": 84.77157354354858}}
{"event": "epoch", "dataset": "MSVR310", "recipe": "normalized", "epoch": 47, "steps": 20, "mean_loss": 0.924344789981842, "seconds": 10.81835864399909, "official_fused": {"mAP": 48.804806032791, "Rank-1": 64.80541229248047, "Rank-5": 80.7106614112854, "Rank-10": 84.94077920913696}}
{"event": "epoch", "dataset": "MSVR310", "recipe": "normalized", "epoch": 48, "steps": 20, "mean_loss": 0.9159639775753021, "seconds": 10.57083047600463, "official_fused": {"mAP": 48.78680535388649, "Rank-1": 64.80541229248047, "Rank-5": 80.7106614112854, "Rank-10": 84.94077920913696}}
{"event": "epoch", "dataset": "MSVR310", "recipe": "normalized", "epoch": 49, "steps": 20, "mean_loss": 0.922358027100563, "seconds": 10.619844137021573, "official_fused": {"mAP": 48.76770514318795, "Rank-1": 65.14382362365723, "Rank-5": 80.54145574569702, "Rank-10": 84.94077920913696}}
{"event": "epoch", "dataset": "MSVR310", "recipe": "normalized", "epoch": 50, "steps": 20, "mean_loss": 0.9178178876638412, "seconds": 10.536102623009356, "official_fused": {"mAP": 48.77443958567159, "Rank-1": 65.14382362365723, "Rank-5": 80.54145574569702, "Rank-10": 84.94077920913696}}
