/data/gaob/Re-ID/conda-envs/tri_reid/lib/python3.10/site-packages/timm/models/helpers.py:7: FutureWarning: Importing from timm.models.helpers is deprecated, please import via timm.models
  warnings.warn(f"Importing from {__name__} is deprecated, please import via timm.models", FutureWarning)
/data/gaob/Re-ID/conda-envs/tri_reid/lib/python3.10/site-packages/timm/models/registry.py:4: FutureWarning: Importing from timm.models.registry is deprecated, please import via timm.models
  warnings.warn(f"Importing from {__name__} is deprecated, please import via timm.models", FutureWarning)
/data/gaob/Re-ID/conda-envs/tri_reid/lib/python3.10/site-packages/timm/models/layers/__init__.py:48: FutureWarning: Importing from timm.models.layers is deprecated, please import via timm.layers
  warnings.warn(f"Importing from {__name__} is deprecated, please import via timm.layers", FutureWarning)
建立transformer............
using Transformer_type: ViT-B-16 as a backbone
Resized position embedding: %s to %s torch.Size([197, 768]) torch.Size([129, 768])
Position embedding resize to height:16 width: 8
Successfully load ckpt!
<All keys matched successfully>
Loading pretrained model from CLIP
camera number is : 4
===========Building Signal===========
{"event": "epoch", "dataset": "RGBNT201", "epoch": 1, "steps": 53, "mean_loss": 4.997990806147738, "seconds": 35.52666243200656, "official_fused": {"mAP": 74.05060485816719, "Rank-1": 75.59808492660522, "Rank-5": 85.047847032547, "Rank-10": 88.63636255264282}, "best_epoch": 1}
{"event": "epoch", "dataset": "RGBNT201", "epoch": 2, "steps": 53, "mean_loss": 4.145590552743876, "seconds": 33.57104215399886, "official_fused": {"mAP": 73.27244155238152, "Rank-1": 75.95694065093994, "Rank-5": 83.37320685386658, "Rank-10": 86.9617223739624}, "best_epoch": 1}
{"event": "epoch", "dataset": "RGBNT201", "epoch": 3, "steps": 53, "mean_loss": 2.7902391406725036, "seconds": 33.483448818005854, "official_fused": {"mAP": 70.76427537962955, "Rank-1": 71.88995480537415, "Rank-5": 79.42583560943604, "Rank-10": 84.44976210594177}, "best_epoch": 1}
{"event": "epoch", "dataset": "RGBNT201", "epoch": 4, "steps": 53, "mean_loss": 1.602417358812296, "seconds": 33.21383723299368, "official_fused": {"mAP": 72.31793085221938, "Rank-1": 73.32535982131958, "Rank-5": 82.41626620292664, "Rank-10": 87.44019269943237}, "best_epoch": 1}
{"event": "epoch", "dataset": "RGBNT201", "epoch": 5, "steps": 53, "mean_loss": 1.07974241364677, "seconds": 33.6488651670079, "official_fused": {"mAP": 70.0038931502875, "Rank-1": 70.33492922782898, "Rank-5": 82.0574164390564, "Rank-10": 85.52631735801697}, "best_epoch": 1}
{"event": "epoch", "dataset": "RGBNT201", "epoch": 6, "steps": 53, "mean_loss": 0.9408887501032848, "seconds": 33.13243570299528, "official_fused": {"mAP": 69.19991197456322, "Rank-1": 70.57416439056396, "Rank-5": 79.18660044670105, "Rank-10": 83.25358629226685}, "best_epoch": 1}
{"event": "epoch", "dataset": "RGBNT201", "epoch": 7, "steps": 53, "mean_loss": 0.9075167977584983, "seconds": 32.939912857007585, "official_fused": {"mAP": 68.21597534589039, "Rank-1": 70.81339955329895, "Rank-5": 78.70813608169556, "Rank-10": 82.8947365283966}, "best_epoch": 1}
{"event": "epoch", "dataset": "RGBNT201", "epoch": 8, "steps": 53, "mean_loss": 0.8983624791199306, "seconds": 33.02468498599774, "official_fused": {"mAP": 68.65930625824677, "Rank-1": 68.77990365028381, "Rank-5": 78.82775068283081, "Rank-10": 84.09090638160706}, "best_epoch": 1}
{"event": "epoch", "dataset": "RGBNT201", "epoch": 9, "steps": 53, "mean_loss": 0.8921558733256358, "seconds": 33.377401924997685, "official_fused": {"mAP": 69.55099375555177, "Rank-1": 71.17224931716919, "Rank-5": 78.94737124443054, "Rank-10": 83.13397169113159}, "best_epoch": 1}
{"event": "epoch", "dataset": "RGBNT201", "epoch": 10, "steps": 53, "mean_loss": 0.890516773709711, "seconds": 33.291269462002674, "official_fused": {"mAP": 68.25501346181628, "Rank-1": 68.89952421188354, "Rank-5": 78.70813608169556, "Rank-10": 83.49282145500183}, "best_epoch": 1}
{"event": "epoch", "dataset": "RGBNT201", "epoch": 11, "steps": 53, "mean_loss": 0.8877545662646024, "seconds": 33.2129034469981, "official_fused": {"mAP": 70.37259541041149, "Rank-1": 70.21530866622925, "Rank-5": 79.18660044670105, "Rank-10": 83.9712917804718}, "best_epoch": 1}
{"event": "epoch", "dataset": "RGBNT201", "epoch": 12, "steps": 53, "mean_loss": 0.8838294654522302, "seconds": 33.453701114995056, "official_fused": {"mAP": 69.48876882400306, "Rank-1": 70.69377899169922, "Rank-5": 78.70813608169556, "Rank-10": 83.13397169113159}, "best_epoch": 1}
{"event": "epoch", "dataset": "RGBNT201", "epoch": 13, "steps": 53, "mean_loss": 0.882410355334012, "seconds": 33.21082116699836, "official_fused": {"mAP": 68.99864630750483, "Rank-1": 71.17224931716919, "Rank-5": 80.50239086151123, "Rank-10": 83.85167717933655}, "best_epoch": 1}
{"event": "epoch", "dataset": "RGBNT201", "epoch": 14, "steps": 53, "mean_loss": 0.8780779759838896, "seconds": 33.162887163998676, "official_fused": {"mAP": 68.56182827998214, "Rank-1": 69.13875341415405, "Rank-5": 78.58851552009583, "Rank-10": 83.25358629226685}, "best_epoch": 1}
{"event": "epoch", "dataset": "RGBNT201", "epoch": 15, "steps": 53, "mean_loss": 0.8757207089999937, "seconds": 33.3614083249995, "official_fused": {"mAP": 67.15564807246889, "Rank-1": 69.49760913848877, "Rank-5": 78.34928035736084, "Rank-10": 85.16746163368225}, "best_epoch": 1}
{"event": "epoch", "dataset": "RGBNT201", "epoch": 16, "steps": 53, "mean_loss": 0.8747422616436796, "seconds": 33.74442812199413, "official_fused": {"mAP": 67.25034824953495, "Rank-1": 67.70334839820862, "Rank-5": 75.23923516273499, "Rank-10": 81.69856667518616}, "best_epoch": 1}
{"event": "epoch", "dataset": "RGBNT201", "epoch": 17, "steps": 53, "mean_loss": 0.8689469886275957, "seconds": 33.23534453200409, "official_fused": {"mAP": 66.9347187716084, "Rank-1": 67.9425835609436, "Rank-5": 77.03348994255066, "Rank-10": 81.57894611358643}, "best_epoch": 1}
{"event": "epoch", "dataset": "RGBNT201", "epoch": 18, "steps": 53, "mean_loss": 0.8678688654359782, "seconds": 33.450608169005136, "official_fused": {"mAP": 67.39473009201889, "Rank-1": 69.85645890235901, "Rank-5": 78.46890091896057, "Rank-10": 82.77512192726135}, "best_epoch": 1}
{"event": "epoch", "dataset": "RGBNT201", "epoch": 19, "steps": 53, "mean_loss": 0.8672498768230654, "seconds": 33.394833683996694, "official_fused": {"mAP": 65.48344063865918, "Rank-1": 66.50717854499817, "Rank-5": 74.88038539886475, "Rank-10": 79.66507077217102}, "best_epoch": 1}
{"event": "epoch", "dataset": "RGBNT201", "epoch": 20, "steps": 53, "mean_loss": 0.8674958145843362, "seconds": 33.43351599399466, "official_fused": {"mAP": 66.79663351393835, "Rank-1": 67.9425835609436, "Rank-5": 77.15311050415039, "Rank-10": 82.8947365283966}, "best_epoch": 1}
{"event": "epoch", "dataset": "RGBNT201", "epoch": 21, "steps": 53, "mean_loss": 0.8658995302218311, "seconds": 33.208404858989525, "official_fused": {"mAP": 65.8490940949996, "Rank-1": 66.26794338226318, "Rank-5": 74.76076483726501, "Rank-10": 81.22009634971619}, "best_epoch": 1}
{"event": "epoch", "dataset": "RGBNT201", "epoch": 22, "steps": 53, "mean_loss": 0.8631026868550282, "seconds": 32.96235997200711, "official_fused": {"mAP": 66.74334800078253, "Rank-1": 67.58373379707336, "Rank-5": 77.51196026802063, "Rank-10": 82.17703104019165}, "best_epoch": 1}
{"event": "epoch", "dataset": "RGBNT201", "epoch": 23, "steps": 53, "mean_loss": 0.8628725162092244, "seconds": 32.9947863809939, "official_fused": {"mAP": 68.40389755024428, "Rank-1": 70.33492922782898, "Rank-5": 79.18660044670105, "Rank-10": 83.49282145500183}, "best_epoch": 1}
{"event": "epoch", "dataset": "RGBNT201", "epoch": 24, "steps": 53, "mean_loss": 0.8609162535307542, "seconds": 33.21080209800857, "official_fused": {"mAP": 67.18582522157578, "Rank-1": 69.49760913848877, "Rank-5": 79.18660044670105, "Rank-10": 84.56937670707703}, "best_epoch": 1}
{"event": "epoch", "dataset": "RGBNT201", "epoch": 25, "steps": 53, "mean_loss": 0.8599964582695151, "seconds": 33.32473659799143, "official_fused": {"mAP": 67.15405641965667, "Rank-1": 67.9425835609436, "Rank-5": 78.22966575622559, "Rank-10": 82.65550136566162}, "best_epoch": 1}
{"event": "epoch", "dataset": "RGBNT201", "epoch": 26, "steps": 53, "mean_loss": 0.8580454767874952, "seconds": 33.31796773399401, "official_fused": {"mAP": 65.24109329079104, "Rank-1": 65.66985845565796, "Rank-5": 76.19616985321045, "Rank-10": 81.57894611358643}, "best_epoch": 1}
{"event": "epoch", "dataset": "RGBNT201", "epoch": 27, "steps": 53, "mean_loss": 0.8563764950014511, "seconds": 33.30654959300591, "official_fused": {"mAP": 65.60634683312391, "Rank-1": 65.55023789405823, "Rank-5": 75.23923516273499, "Rank-10": 80.74162602424622}, "best_epoch": 1}
{"event": "epoch", "dataset": "RGBNT201", "epoch": 28, "steps": 53, "mean_loss": 0.8555026324290149, "seconds": 33.49482598199393, "official_fused": {"mAP": 66.83715277330182, "Rank-1": 68.77990365028381, "Rank-5": 77.87081599235535, "Rank-10": 82.0574164390564}, "best_epoch": 1}
{"event": "epoch", "dataset": "RGBNT201", "epoch": 29, "steps": 53, "mean_loss": 0.8545876302809086, "seconds": 33.07977742899675, "official_fused": {"mAP": 66.86654904182599, "Rank-1": 68.54066848754883, "Rank-5": 78.11004519462585, "Rank-10": 83.01435112953186}, "best_epoch": 1}
{"event": "epoch", "dataset": "RGBNT201", "epoch": 30, "steps": 53, "mean_loss": 0.854296660648202, "seconds": 33.25143814300827, "official_fused": {"mAP": 66.63717266555842, "Rank-1": 67.9425835609436, "Rank-5": 77.51196026802063, "Rank-10": 82.0574164390564}, "best_epoch": 1}
{"event": "epoch", "dataset": "RGBNT201", "epoch": 31, "steps": 53, "mean_loss": 0.853652502005955, "seconds": 33.2324004569964, "official_fused": {"mAP": 66.22789060941005, "Rank-1": 68.77990365028381, "Rank-5": 77.39234566688538, "Rank-10": 82.17703104019165}, "best_epoch": 1}
{"event": "epoch", "dataset": "RGBNT201", "epoch": 32, "steps": 53, "mean_loss": 0.8526270367064566, "seconds": 32.90897644699726, "official_fused": {"mAP": 65.34810138423147, "Rank-1": 66.98564887046814, "Rank-5": 77.15311050415039, "Rank-10": 81.45933151245117}, "best_epoch": 1}
{"event": "epoch", "dataset": "RGBNT201", "epoch": 33, "steps": 53, "mean_loss": 0.8528193898920743, "seconds": 33.41404431901174, "official_fused": {"mAP": 63.672753215195954, "Rank-1": 64.47368264198303, "Rank-5": 75.0, "Rank-10": 80.86124658584595}, "best_epoch": 1}
{"event": "epoch", "dataset": "RGBNT201", "epoch": 34, "steps": 53, "mean_loss": 0.8506555017435325, "seconds": 33.33022137299122, "official_fused": {"mAP": 64.15316478517755, "Rank-1": 64.47368264198303, "Rank-5": 74.64115023612976, "Rank-10": 80.14354109764099}, "best_epoch": 1}
{"event": "epoch", "dataset": "RGBNT201", "epoch": 35, "steps": 53, "mean_loss": 0.8505833171448618, "seconds": 33.2299214900122, "official_fused": {"mAP": 64.60610047226855, "Rank-1": 66.50717854499817, "Rank-5": 74.76076483726501, "Rank-10": 80.50239086151123}, "best_epoch": 1}
{"event": "epoch", "dataset": "RGBNT201", "epoch": 36, "steps": 53, "mean_loss": 0.8498141012101803, "seconds": 33.31441412300046, "official_fused": {"mAP": 65.3049652608825, "Rank-1": 66.26794338226318, "Rank-5": 75.59808492660522, "Rank-10": 80.50239086151123}, "best_epoch": 1}
{"event": "epoch", "dataset": "RGBNT201", "epoch": 37, "steps": 53, "mean_loss": 0.8494667264650453, "seconds": 33.24265338899568, "official_fused": {"mAP": 64.482269665779, "Rank-1": 64.952152967453, "Rank-5": 75.23923516273499, "Rank-10": 80.74162602424622}, "best_epoch": 1}
{"event": "epoch", "dataset": "RGBNT201", "epoch": 38, "steps": 53, "mean_loss": 0.8486650338712728, "seconds": 33.12563453099574, "official_fused": {"mAP": 64.32313366097253, "Rank-1": 65.43062329292297, "Rank-5": 75.35884976387024, "Rank-10": 80.50239086151123}, "best_epoch": 1}
{"event": "epoch", "dataset": "RGBNT201", "epoch": 39, "steps": 53, "mean_loss": 0.8480977382300035, "seconds": 33.303334828000516, "official_fused": {"mAP": 64.79012579472266, "Rank-1": 66.0287082195282, "Rank-5": 76.43540501594543, "Rank-10": 80.86124658584595}, "best_epoch": 1}
{"event": "epoch", "dataset": "RGBNT201", "epoch": 40, "steps": 53, "mean_loss": 0.8477770483718728, "seconds": 33.132203396002296, "official_fused": {"mAP": 65.20244920655294, "Rank-1": 66.86602830886841, "Rank-5": 77.03348994255066, "Rank-10": 81.57894611358643}, "best_epoch": 1}
{"event": "epoch", "dataset": "RGBNT201", "epoch": 41, "steps": 53, "mean_loss": 0.8479705317965094, "seconds": 33.33006719101104, "official_fused": {"mAP": 65.18058607602474, "Rank-1": 66.38755798339844, "Rank-5": 76.9138753414154, "Rank-10": 81.45933151245117}, "best_epoch": 1}
{"event": "epoch", "dataset": "RGBNT201", "epoch": 42, "steps": 53, "mean_loss": 0.8474154809735855, "seconds": 33.2548609229998, "official_fused": {"mAP": 64.77591355067585, "Rank-1": 66.14832282066345, "Rank-5": 75.59808492660522, "Rank-10": 81.10047578811646}, "best_epoch": 1}
{"event": "epoch", "dataset": "RGBNT201", "epoch": 43, "steps": 53, "mean_loss": 0.8471538671907389, "seconds": 33.29726202500751, "official_fused": {"mAP": 65.04937659517287, "Rank-1": 65.90909361839294, "Rank-5": 76.19616985321045, "Rank-10": 81.69856667518616}, "best_epoch": 1}
