/data/gaob/Re-ID/conda-envs/tri_reid/lib/python3.10/site-packages/timm/models/helpers.py:7: FutureWarning: Importing from timm.models.helpers is deprecated, please import via timm.models
  warnings.warn(f"Importing from {__name__} is deprecated, please import via timm.models", FutureWarning)
/data/gaob/Re-ID/conda-envs/tri_reid/lib/python3.10/site-packages/timm/models/registry.py:4: FutureWarning: Importing from timm.models.registry is deprecated, please import via timm.models
  warnings.warn(f"Importing from {__name__} is deprecated, please import via timm.models", FutureWarning)
/data/gaob/Re-ID/conda-envs/tri_reid/lib/python3.10/site-packages/timm/models/layers/__init__.py:48: FutureWarning: Importing from timm.models.layers is deprecated, please import via timm.layers
  warnings.warn(f"Importing from {__name__} is deprecated, please import via timm.layers", FutureWarning)
建立transformer............
using Transformer_type: ViT-B-16 as a backbone
Resized position embedding: %s to %s torch.Size([197, 768]) torch.Size([129, 768])
Position embedding resize to height:8 width: 16
Successfully load ckpt!
<All keys matched successfully>
Loading pretrained model from CLIP
camera number is : 8
===========Building Signal===========
{"event": "epoch", "dataset": "RGBNT100", "epoch": 1, "steps": 130, "mean_loss": 3.3595394391279956, "seconds": 75.17882385398843, "official_fused": {"mAP": 65.85862196874282, "Rank-1": 85.48104763031006, "Rank-5": 88.57142925262451, "Rank-10": 90.02915620803833}, "best_epoch": 1}
{"event": "epoch", "dataset": "RGBNT100", "epoch": 2, "steps": 131, "mean_loss": 1.3287305986608258, "seconds": 72.48568376598996, "official_fused": {"mAP": 76.72398755529933, "Rank-1": 93.70262622833252, "Rank-5": 95.68513035774231, "Rank-10": 96.61807417869568}, "best_epoch": 2}
{"event": "epoch", "dataset": "RGBNT100", "epoch": 3, "steps": 132, "mean_loss": 0.8206106194040992, "seconds": 74.15475971499109, "official_fused": {"mAP": 77.47092411308554, "Rank-1": 93.46938729286194, "Rank-5": 94.92711424827576, "Rank-10": 95.62682509422302}, "best_epoch": 3}
{"event": "epoch", "dataset": "RGBNT100", "epoch": 4, "steps": 131, "mean_loss": 0.7601506073056287, "seconds": 73.44011679801042, "official_fused": {"mAP": 77.4183337607417, "Rank-1": 93.7609314918518, "Rank-5": 95.4518973827362, "Rank-10": 96.03498578071594}, "best_epoch": 3}
{"event": "epoch", "dataset": "RGBNT100", "epoch": 5, "steps": 132, "mean_loss": 0.7398446093906056, "seconds": 73.50917669001501, "official_fused": {"mAP": 74.72691546320534, "Rank-1": 93.41107606887817, "Rank-5": 94.98542547225952, "Rank-10": 95.56851387023926}, "best_epoch": 3}
{"event": "epoch", "dataset": "RGBNT100", "epoch": 6, "steps": 131, "mean_loss": 0.730813383601094, "seconds": 72.85854587799986, "official_fused": {"mAP": 76.43668662983703, "Rank-1": 94.46064233779907, "Rank-5": 95.4518973827362, "Rank-10": 96.44314646720886}, "best_epoch": 3}
{"event": "epoch", "dataset": "RGBNT100", "epoch": 7, "steps": 132, "mean_loss": 0.7212960706515745, "seconds": 73.76439035899239, "official_fused": {"mAP": 77.34221366338997, "Rank-1": 94.98542547225952, "Rank-5": 95.97667455673218, "Rank-10": 96.61807417869568}, "best_epoch": 3}
{"event": "epoch", "dataset": "RGBNT100", "epoch": 8, "steps": 131, "mean_loss": 0.7229311329717855, "seconds": 72.51676637202036, "official_fused": {"mAP": 75.36347461187826, "Rank-1": 95.10204195976257, "Rank-5": 96.151602268219, "Rank-10": 96.44314646720886}, "best_epoch": 3}
{"event": "epoch", "dataset": "RGBNT100", "epoch": 9, "steps": 130, "mean_loss": 0.7216693126238309, "seconds": 72.25881969000329, "official_fused": {"mAP": 78.11332142178205, "Rank-1": 95.56851387023926, "Rank-5": 96.26821875572205, "Rank-10": 97.08454608917236}, "best_epoch": 9}
{"event": "epoch", "dataset": "RGBNT100", "epoch": 10, "steps": 132, "mean_loss": 0.7128465794252626, "seconds": 73.41854091500863, "official_fused": {"mAP": 78.08502625545547, "Rank-1": 94.22740340232849, "Rank-5": 94.92711424827576, "Rank-10": 95.33527493476868}, "best_epoch": 9}
{"event": "epoch", "dataset": "RGBNT100", "epoch": 11, "steps": 131, "mean_loss": 0.7115274130843068, "seconds": 72.78675842899247, "official_fused": {"mAP": 78.30261668539181, "Rank-1": 94.86880302429199, "Rank-5": 95.97667455673218, "Rank-10": 96.38484120368958}, "best_epoch": 11}
{"event": "epoch", "dataset": "RGBNT100", "epoch": 12, "steps": 131, "mean_loss": 0.7113456726074219, "seconds": 72.76056029798929, "official_fused": {"mAP": 79.07367485275061, "Rank-1": 95.74344158172607, "Rank-5": 95.97667455673218, "Rank-10": 96.32652997970581}, "best_epoch": 12}
{"event": "epoch", "dataset": "RGBNT100", "epoch": 13, "steps": 131, "mean_loss": 0.7101916315901371, "seconds": 72.50182267898344, "official_fused": {"mAP": 78.60192975529439, "Rank-1": 94.98542547225952, "Rank-5": 95.91836929321289, "Rank-10": 96.67638540267944}, "best_epoch": 12}
{"event": "epoch", "dataset": "RGBNT100", "epoch": 14, "steps": 132, "mean_loss": 0.7102854473121238, "seconds": 73.31794271699619, "official_fused": {"mAP": 78.51153207088977, "Rank-1": 94.51894760131836, "Rank-5": 95.21865844726562, "Rank-10": 95.39358615875244}, "best_epoch": 12}
{"event": "epoch", "dataset": "RGBNT100", "epoch": 15, "steps": 129, "mean_loss": 0.7095539625300917, "seconds": 71.56384679701296, "official_fused": {"mAP": 79.38738569098118, "Rank-1": 95.21865844726562, "Rank-5": 95.80174684524536, "Rank-10": 96.0932970046997}, "best_epoch": 15}
{"event": "epoch", "dataset": "RGBNT100", "epoch": 16, "steps": 131, "mean_loss": 0.709312931726907, "seconds": 72.5765600449813, "official_fused": {"mAP": 78.95182285159957, "Rank-1": 94.40233111381531, "Rank-5": 95.39358615875244, "Rank-10": 95.86005806922913}, "best_epoch": 15}
{"event": "epoch", "dataset": "RGBNT100", "epoch": 17, "steps": 132, "mean_loss": 0.7093508419665423, "seconds": 73.48903238400817, "official_fused": {"mAP": 77.50914621622374, "Rank-1": 93.87755393981934, "Rank-5": 94.86880302429199, "Rank-10": 95.80174684524536}, "best_epoch": 15}
{"event": "epoch", "dataset": "RGBNT100", "epoch": 18, "steps": 132, "mean_loss": 0.7091245190663771, "seconds": 73.14895817800425, "official_fused": {"mAP": 77.50580776299026, "Rank-1": 94.11078691482544, "Rank-5": 94.98542547225952, "Rank-10": 95.39358615875244}, "best_epoch": 15}
{"event": "epoch", "dataset": "RGBNT100", "epoch": 19, "steps": 132, "mean_loss": 0.7086080086953712, "seconds": 72.82757925998885, "official_fused": {"mAP": 79.07652919485176, "Rank-1": 94.46064233779907, "Rank-5": 95.39358615875244, "Rank-10": 95.4518973827362}, "best_epoch": 15}
{"event": "epoch", "dataset": "RGBNT100", "epoch": 20, "steps": 132, "mean_loss": 0.7086833932183005, "seconds": 72.86135246802587, "official_fused": {"mAP": 78.26108558573036, "Rank-1": 94.40233111381531, "Rank-5": 95.27696967124939, "Rank-10": 95.80174684524536}, "best_epoch": 15}
{"event": "epoch", "dataset": "RGBNT100", "epoch": 21, "steps": 131, "mean_loss": 0.7112826036132929, "seconds": 72.3913210509927, "official_fused": {"mAP": 76.21471758442043, "Rank-1": 93.1195318698883, "Rank-5": 93.93585920333862, "Rank-10": 94.40233111381531}, "best_epoch": 15}
{"event": "epoch", "dataset": "RGBNT100", "epoch": 22, "steps": 132, "mean_loss": 0.7096274391268239, "seconds": 73.014684098016, "official_fused": {"mAP": 78.48224153841613, "Rank-1": 94.28571462631226, "Rank-5": 96.03498578071594, "Rank-10": 96.32652997970581}, "best_epoch": 15}
{"event": "epoch", "dataset": "RGBNT100", "epoch": 23, "steps": 131, "mean_loss": 0.7088140071803377, "seconds": 72.36678598402068, "official_fused": {"mAP": 78.37083114504895, "Rank-1": 94.57725882530212, "Rank-5": 95.04373073577881, "Rank-10": 95.5102026462555}, "best_epoch": 15}
{"event": "epoch", "dataset": "RGBNT100", "epoch": 24, "steps": 130, "mean_loss": 0.7080802899140578, "seconds": 71.75302214699332, "official_fused": {"mAP": 78.49618994945757, "Rank-1": 93.7609314918518, "Rank-5": 94.75218653678894, "Rank-10": 95.27696967124939}, "best_epoch": 15}
{"event": "epoch", "dataset": "RGBNT100", "epoch": 25, "steps": 132, "mean_loss": 0.7082192283688169, "seconds": 73.24717652099207, "official_fused": {"mAP": 78.3843499246809, "Rank-1": 94.57725882530212, "Rank-5": 95.56851387023926, "Rank-10": 95.97667455673218}, "best_epoch": 15}
{"event": "epoch", "dataset": "RGBNT100", "epoch": 26, "steps": 131, "mean_loss": 0.7079316623338306, "seconds": 72.38181761698797, "official_fused": {"mAP": 78.75200123411268, "Rank-1": 94.51894760131836, "Rank-5": 95.4518973827362, "Rank-10": 95.91836929321289}, "best_epoch": 15}
{"event": "epoch", "dataset": "RGBNT100", "epoch": 27, "steps": 131, "mean_loss": 0.7076253176645468, "seconds": 72.43169968598522, "official_fused": {"mAP": 78.04028449481612, "Rank-1": 94.05247569084167, "Rank-5": 94.92711424827576, "Rank-10": 95.4518973827362}, "best_epoch": 15}
{"event": "epoch", "dataset": "RGBNT100", "epoch": 28, "steps": 130, "mean_loss": 0.7078866775219257, "seconds": 71.8478029090038, "official_fused": {"mAP": 78.2079757510236, "Rank-1": 93.93585920333862, "Rank-5": 95.10204195976257, "Rank-10": 95.97667455673218}, "best_epoch": 15}
{"event": "epoch", "dataset": "RGBNT100", "epoch": 29, "steps": 131, "mean_loss": 0.7074393434378937, "seconds": 72.17897897999501, "official_fused": {"mAP": 78.19299232096503, "Rank-1": 93.35277080535889, "Rank-5": 94.57725882530212, "Rank-10": 95.10204195976257}, "best_epoch": 15}
{"event": "epoch", "dataset": "RGBNT100", "epoch": 30, "steps": 132, "mean_loss": 0.7075118598612872, "seconds": 72.60798106598668, "official_fused": {"mAP": 78.29244836732161, "Rank-1": 92.65305995941162, "Rank-5": 94.05247569084167, "Rank-10": 94.40233111381531}, "best_epoch": 15}
{"event": "epoch", "dataset": "RGBNT100", "epoch": 31, "steps": 131, "mean_loss": 0.7072517307660052, "seconds": 72.0564841000014, "official_fused": {"mAP": 77.62380057013455, "Rank-1": 92.59475469589233, "Rank-5": 93.7609314918518, "Rank-10": 94.46064233779907}, "best_epoch": 15}
{"event": "epoch", "dataset": "RGBNT100", "epoch": 32, "steps": 131, "mean_loss": 0.7070658539087717, "seconds": 72.83654287899844, "official_fused": {"mAP": 78.06874488008152, "Rank-1": 93.00291538238525, "Rank-5": 94.22740340232849, "Rank-10": 94.98542547225952}, "best_epoch": 15}
{"event": "epoch", "dataset": "RGBNT100", "epoch": 33, "steps": 131, "mean_loss": 0.7069636160180769, "seconds": 71.82342300200253, "official_fused": {"mAP": 77.88497362930858, "Rank-1": 92.76967644691467, "Rank-5": 93.99417042732239, "Rank-10": 94.86880302429199}, "best_epoch": 15}
{"event": "epoch", "dataset": "RGBNT100", "epoch": 34, "steps": 132, "mean_loss": 0.7068751097628565, "seconds": 72.39834972500103, "official_fused": {"mAP": 77.95373608807473, "Rank-1": 92.41982698440552, "Rank-5": 93.70262622833252, "Rank-10": 94.40233111381531}, "best_epoch": 15}
{"event": "epoch", "dataset": "RGBNT100", "epoch": 35, "steps": 132, "mean_loss": 0.7068131746667804, "seconds": 72.33212937199278, "official_fused": {"mAP": 78.10951090623635, "Rank-1": 91.8367326259613, "Rank-5": 92.8862988948822, "Rank-10": 93.81924271583557}, "best_epoch": 15}
{"event": "epoch", "dataset": "RGBNT100", "epoch": 36, "steps": 130, "mean_loss": 0.7070386391419631, "seconds": 71.36427918300615, "official_fused": {"mAP": 77.1931786004538, "Rank-1": 92.71137118339539, "Rank-5": 94.57725882530212, "Rank-10": 95.27696967124939}, "best_epoch": 15}
{"event": "epoch", "dataset": "RGBNT100", "epoch": 37, "steps": 131, "mean_loss": 0.7067835535711915, "seconds": 71.91410465000081, "official_fused": {"mAP": 77.62226263085891, "Rank-1": 92.18658804893494, "Rank-5": 93.58600378036499, "Rank-10": 94.8104977607727}, "best_epoch": 15}
{"event": "epoch", "dataset": "RGBNT100", "epoch": 38, "steps": 132, "mean_loss": 0.706636668606238, "seconds": 72.54380890799803, "official_fused": {"mAP": 77.858883633648, "Rank-1": 92.30320453643799, "Rank-5": 94.11078691482544, "Rank-10": 94.8104977607727}, "best_epoch": 15}
{"event": "epoch", "dataset": "RGBNT100", "epoch": 39, "steps": 130, "mean_loss": 0.7066303399892954, "seconds": 71.42490620000171, "official_fused": {"mAP": 77.81980997577178, "Rank-1": 92.65305995941162, "Rank-5": 93.93585920333862, "Rank-10": 95.04373073577881}, "best_epoch": 15}
{"event": "epoch", "dataset": "RGBNT100", "epoch": 40, "steps": 131, "mean_loss": 0.7065350217673615, "seconds": 71.96638681198237, "official_fused": {"mAP": 77.79119446944536, "Rank-1": 92.18658804893494, "Rank-5": 93.64431500434875, "Rank-10": 94.40233111381531}, "best_epoch": 15}
{"event": "epoch", "dataset": "RGBNT100", "epoch": 41, "steps": 131, "mean_loss": 0.7065297911185344, "seconds": 71.91277698200429, "official_fused": {"mAP": 78.01307487198001, "Rank-1": 92.18658804893494, "Rank-5": 93.70262622833252, "Rank-10": 94.28571462631226}, "best_epoch": 15}
{"event": "epoch", "dataset": "RGBNT100", "epoch": 42, "steps": 132, "mean_loss": 0.7064612679409258, "seconds": 72.34704542299733, "official_fused": {"mAP": 77.93688983808347, "Rank-1": 92.06997156143188, "Rank-5": 93.93585920333862, "Rank-10": 94.75218653678894}, "best_epoch": 15}
{"event": "epoch", "dataset": "RGBNT100", "epoch": 43, "steps": 131, "mean_loss": 0.7064452144025847, "seconds": 71.64660032201209, "official_fused": {"mAP": 78.07061322547355, "Rank-1": 91.72011613845825, "Rank-5": 93.64431500434875, "Rank-10": 94.40233111381531}, "best_epoch": 15}
{"event": "epoch", "dataset": "RGBNT100", "epoch": 44, "steps": 131, "mean_loss": 0.7064330282102105, "seconds": 71.83761625899933, "official_fused": {"mAP": 77.98536298446774, "Rank-1": 91.89504384994507, "Rank-5": 93.06122660636902, "Rank-10": 94.1690981388092}, "best_epoch": 15}
{"event": "epoch", "dataset": "RGBNT100", "epoch": 45, "steps": 132, "mean_loss": 0.7064226829644406, "seconds": 72.35805440999684, "official_fused": {"mAP": 78.08592585043282, "Rank-1": 91.89504384994507, "Rank-5": 93.64431500434875, "Rank-10": 94.46064233779907}, "best_epoch": 15}
{"event": "epoch", "dataset": "RGBNT100", "epoch": 46, "steps": 132, "mean_loss": 0.7063895585862073, "seconds": 72.35552165401168, "official_fused": {"mAP": 77.92396607169975, "Rank-1": 91.89504384994507, "Rank-5": 93.64431500434875, "Rank-10": 94.1690981388092}, "best_epoch": 15}
{"event": "epoch", "dataset": "RGBNT100", "epoch": 47, "steps": 131, "mean_loss": 0.7064031772031129, "seconds": 71.83172962302342, "official_fused": {"mAP": 78.10301318675444, "Rank-1": 92.2448992729187, "Rank-5": 93.64431500434875, "Rank-10": 94.28571462631226}, "best_epoch": 15}
{"event": "epoch", "dataset": "RGBNT100", "epoch": 48, "steps": 130, "mean_loss": 0.7063972358520214, "seconds": 71.47579571799724, "official_fused": {"mAP": 78.04476786308196, "Rank-1": 91.8367326259613, "Rank-5": 93.64431500434875, "Rank-10": 94.11078691482544}, "best_epoch": 15}
{"event": "epoch", "dataset": "RGBNT100", "epoch": 49, "steps": 132, "mean_loss": 0.7063820046005826, "seconds": 72.3905728069949, "official_fused": {"mAP": 78.002625607009, "Rank-1": 91.77842736244202, "Rank-5": 93.5276985168457, "Rank-10": 94.1690981388092}, "best_epoch": 15}
{"event": "epoch", "dataset": "RGBNT100", "epoch": 50, "steps": 130, "mean_loss": 0.7063774526119232, "seconds": 71.35015720000956, "official_fused": {"mAP": 78.0131811443522, "Rank-1": 91.77842736244202, "Rank-5": 93.58600378036499, "Rank-10": 94.1690981388092}, "best_epoch": 15}
