/root/miniconda3/envs/tri_reid/lib/python3.10/site-packages/timm/models/helpers.py:7: FutureWarning: Importing from timm.models.helpers is deprecated, please import via timm.models
  warnings.warn(f"Importing from {__name__} is deprecated, please import via timm.models", FutureWarning)
/root/miniconda3/envs/tri_reid/lib/python3.10/site-packages/timm/models/registry.py:4: FutureWarning: Importing from timm.models.registry is deprecated, please import via timm.models
  warnings.warn(f"Importing from {__name__} is deprecated, please import via timm.models", FutureWarning)
/root/miniconda3/envs/tri_reid/lib/python3.10/site-packages/timm/models/layers/__init__.py:48: FutureWarning: Importing from timm.models.layers is deprecated, please import via timm.layers
  warnings.warn(f"Importing from {__name__} is deprecated, please import via timm.layers", FutureWarning)
建立transformer............
using Transformer_type: ViT-B-16 as a backbone
Resized position embedding: %s to %s torch.Size([197, 768]) torch.Size([129, 768])
Position embedding resize to height:8 width: 16
Successfully load ckpt!
<All keys matched successfully>
Loading pretrained model from CLIP
camera number is : 8
===========Building Signal===========
{"event": "msvr310_role_epoch", "fold": 0, "mode": "comparison", "epoch": 1, "optimizer_steps": 13, "learning_rate": 7.000000000000001e-05, "mean_loss": 4.000767359366784, "elapsed_seconds": 22.150757228955626}
{"event": "msvr310_role_epoch", "fold": 0, "mode": "comparison", "epoch": 2, "optimizer_steps": 13, "learning_rate": 0.00014000000000000001, "mean_loss": 3.480677843093872, "elapsed_seconds": 19.604767179116607}
{"event": "msvr310_role_epoch", "fold": 0, "mode": "comparison", "epoch": 3, "optimizer_steps": 13, "learning_rate": 0.00020999999999999998, "mean_loss": 2.777400566981389, "elapsed_seconds": 19.862649554386735}
{"event": "msvr310_role_epoch", "fold": 0, "mode": "comparison", "epoch": 4, "optimizer_steps": 13, "learning_rate": 0.00028000000000000003, "mean_loss": 2.123898506164551, "elapsed_seconds": 19.7604643329978}
{"event": "msvr310_role_epoch", "fold": 0, "mode": "comparison", "epoch": 5, "optimizer_steps": 13, "learning_rate": 0.00035, "mean_loss": 1.6748517109797552, "elapsed_seconds": 19.63314708136022}
{"event": "msvr310_role_epoch", "fold": 0, "mode": "comparison", "epoch": 6, "optimizer_steps": 13, "learning_rate": 0.00035, "mean_loss": 1.377955280817472, "elapsed_seconds": 19.69528992846608}
{"event": "msvr310_role_epoch", "fold": 0, "mode": "comparison", "epoch": 7, "optimizer_steps": 13, "learning_rate": 0.000346175830128416, "mean_loss": 1.2433511568949773, "elapsed_seconds": 19.864731291309}
{"event": "msvr310_role_epoch", "fold": 0, "mode": "comparison", "epoch": 8, "optimizer_steps": 13, "learning_rate": 0.0003348704550874551, "mean_loss": 1.1471035847297082, "elapsed_seconds": 19.610765928402543}
{"event": "msvr310_role_epoch", "fold": 0, "mode": "comparison", "epoch": 9, "optimizer_steps": 13, "learning_rate": 0.0003165779740156158, "mean_loss": 1.0157434848638682, "elapsed_seconds": 19.435222135856748}
{"event": "msvr310_role_epoch", "fold": 0, "mode": "comparison", "epoch": 10, "optimizer_steps": 13, "learning_rate": 0.0002920978561128002, "mean_loss": 0.9847287581517146, "elapsed_seconds": 19.475065922364593}
{"event": "msvr310_role_epoch", "fold": 0, "mode": "comparison", "epoch": 11, "optimizer_steps": 13, "learning_rate": 0.0002625, "mean_loss": 0.9377044164217435, "elapsed_seconds": 19.653191063553095}
{"event": "msvr310_role_epoch", "fold": 0, "mode": "comparison", "epoch": 12, "optimizer_steps": 13, "learning_rate": 0.0002290779740156158, "mean_loss": 0.9274664337818439, "elapsed_seconds": 19.759877951815724}
{"event": "msvr310_role_epoch", "fold": 0, "mode": "comparison", "epoch": 13, "optimizer_steps": 13, "learning_rate": 0.00019329248107183937, "mean_loss": 0.8853603234657874, "elapsed_seconds": 19.02620092779398}
{"event": "msvr310_role_epoch", "fold": 0, "mode": "comparison", "epoch": 14, "optimizer_steps": 13, "learning_rate": 0.00015670751892816066, "mean_loss": 0.8699062558320853, "elapsed_seconds": 19.301508523523808}
{"event": "msvr310_role_epoch", "fold": 0, "mode": "comparison", "epoch": 15, "optimizer_steps": 13, "learning_rate": 0.00012092202598438422, "mean_loss": 0.8586285572785598, "elapsed_seconds": 19.258870888501406}
{"event": "msvr310_role_epoch", "fold": 0, "mode": "comparison", "epoch": 16, "optimizer_steps": 13, "learning_rate": 8.750000000000004e-05, "mean_loss": 0.863221118083367, "elapsed_seconds": 19.52925087325275}
{"event": "msvr310_role_epoch", "fold": 0, "mode": "comparison", "epoch": 17, "optimizer_steps": 13, "learning_rate": 5.7902143887199866e-05, "mean_loss": 0.8596674478971041, "elapsed_seconds": 19.326402930542827}
{"event": "msvr310_role_epoch", "fold": 0, "mode": "comparison", "epoch": 18, "optimizer_steps": 13, "learning_rate": 3.342202598438421e-05, "mean_loss": 0.8235874863771292, "elapsed_seconds": 19.43760311976075}
{"event": "msvr310_role_epoch", "fold": 0, "mode": "comparison", "epoch": 19, "optimizer_steps": 13, "learning_rate": 1.5129544912544829e-05, "mean_loss": 0.8248077355898343, "elapsed_seconds": 19.3226323928684}
{"event": "msvr310_role_epoch", "fold": 0, "mode": "comparison", "epoch": 20, "optimizer_steps": 13, "learning_rate": 3.824169871584004e-06, "mean_loss": 0.8292363652816186, "elapsed_seconds": 19.264369532465935}
建立transformer............
using Transformer_type: ViT-B-16 as a backbone
Resized position embedding: %s to %s torch.Size([197, 768]) torch.Size([129, 768])
Position embedding resize to height:8 width: 16
Successfully load ckpt!
<All keys matched successfully>
Loading pretrained model from CLIP
camera number is : 8
===========Building Signal===========
Traceback (most recent call last):
  File "/root/miniconda3/envs/tri_reid/lib/python3.10/runpy.py", line 196, in _run_module_as_main
    return _run_code(code, main_globals, None,
  File "/root/miniconda3/envs/tri_reid/lib/python3.10/runpy.py", line 86, in _run_code
    exec(code, run_globals)
  File "/root/autodl-tmp/trifusion-v2/TriFusion-ReID/tools/train_msvr310_source_style.py", line 325, in <module>
    run(args)
  File "/root/autodl-tmp/trifusion-v2/TriFusion-ReID/tools/train_msvr310_source_style.py", line 277, in run
    row['retrieval']=evaluate(features,protocol,fold,directory,b0)
  File "/root/autodl-tmp/trifusion-v2/TriFusion-ReID/tools/train_msvr310_trifusion_oof.py", line 218, in evaluate
    assert torch.equal(matrix, original["distances"])
AssertionError
