/data/gaob/Re-ID/conda-envs/tri_reid/lib/python3.10/site-packages/timm/models/helpers.py:7: FutureWarning: Importing from timm.models.helpers is deprecated, please import via timm.models
  warnings.warn(f"Importing from {__name__} is deprecated, please import via timm.models", FutureWarning)
/data/gaob/Re-ID/conda-envs/tri_reid/lib/python3.10/site-packages/timm/models/registry.py:4: FutureWarning: Importing from timm.models.registry is deprecated, please import via timm.models
  warnings.warn(f"Importing from {__name__} is deprecated, please import via timm.models", FutureWarning)
/data/gaob/Re-ID/conda-envs/tri_reid/lib/python3.10/site-packages/timm/models/layers/__init__.py:48: FutureWarning: Importing from timm.models.layers is deprecated, please import via timm.layers
  warnings.warn(f"Importing from {__name__} is deprecated, please import via timm.layers", FutureWarning)
建立transformer............
using Transformer_type: ViT-B-16 as a backbone
Resized position embedding: %s to %s torch.Size([197, 768]) torch.Size([129, 768])
Position embedding resize to height:16 width: 8
Successfully load ckpt!
<All keys matched successfully>
Loading pretrained model from CLIP
camera number is : 4
===========Building Signal===========
{"event": "epoch", "dataset": "RGBNT201", "epoch": 1, "steps": 53, "mean_loss": 5.417822594912547, "seconds": 33.321245435014134, "official_fused": {"mAP": 7.465114862041587, "Rank-1": 5.980861186981201, "Rank-5": 11.602871119976044, "Rank-10": 17.34449714422226}, "best_epoch": 1}
{"event": "epoch", "dataset": "RGBNT201", "epoch": 2, "steps": 53, "mean_loss": 4.732480094117938, "seconds": 31.153258665988687, "official_fused": {"mAP": 26.420891215763646, "Rank-1": 21.770334243774414, "Rank-5": 36.9617223739624, "Rank-10": 46.17224931716919}, "best_epoch": 2}
{"event": "epoch", "dataset": "RGBNT201", "epoch": 3, "steps": 53, "mean_loss": 3.4387767899711177, "seconds": 31.911188118014252, "official_fused": {"mAP": 40.19791207859103, "Rank-1": 36.84210479259491, "Rank-5": 51.435405015945435, "Rank-10": 59.68899726867676}, "best_epoch": 3}
{"event": "epoch", "dataset": "RGBNT201", "epoch": 4, "steps": 53, "mean_loss": 2.1826776018682517, "seconds": 32.53873775800457, "official_fused": {"mAP": 56.87430684397914, "Rank-1": 54.904305934906006, "Rank-5": 67.1052634716034, "Rank-10": 73.44497442245483}, "best_epoch": 4}
{"event": "epoch", "dataset": "RGBNT201", "epoch": 5, "steps": 53, "mean_loss": 1.4032345740300305, "seconds": 32.52884258198901, "official_fused": {"mAP": 56.217094007313165, "Rank-1": 57.29665160179138, "Rank-5": 67.34449863433838, "Rank-10": 73.56459498405457}, "best_epoch": 4}
{"event": "epoch", "dataset": "RGBNT201", "epoch": 6, "steps": 53, "mean_loss": 1.0918942453726284, "seconds": 32.63476274200366, "official_fused": {"mAP": 60.69143290169529, "Rank-1": 59.68899726867676, "Rank-5": 71.53109908103943, "Rank-10": 76.43540501594543}, "best_epoch": 6}
{"event": "epoch", "dataset": "RGBNT201", "epoch": 7, "steps": 53, "mean_loss": 0.9911130992871411, "seconds": 32.49000974500086, "official_fused": {"mAP": 64.10738888064247, "Rank-1": 66.14832282066345, "Rank-5": 76.31579041481018, "Rank-10": 82.53588676452637}, "best_epoch": 7}
{"event": "epoch", "dataset": "RGBNT201", "epoch": 8, "steps": 53, "mean_loss": 0.9609927208918445, "seconds": 32.64088322900352, "official_fused": {"mAP": 67.68970288440931, "Rank-1": 69.49760913848877, "Rank-5": 77.51196026802063, "Rank-10": 82.41626620292664}, "best_epoch": 8}
{"event": "epoch", "dataset": "RGBNT201", "epoch": 9, "steps": 53, "mean_loss": 0.9408944305383934, "seconds": 32.411865986010525, "official_fused": {"mAP": 65.47846855910474, "Rank-1": 68.54066848754883, "Rank-5": 76.31579041481018, "Rank-10": 80.86124658584595}, "best_epoch": 8}
{"event": "epoch", "dataset": "RGBNT201", "epoch": 10, "steps": 53, "mean_loss": 0.9392887680035718, "seconds": 32.59779362700647, "official_fused": {"mAP": 69.20288732858523, "Rank-1": 70.57416439056396, "Rank-5": 80.38277626037598, "Rank-10": 85.28708219528198}, "best_epoch": 10}
{"event": "epoch", "dataset": "RGBNT201", "epoch": 11, "steps": 53, "mean_loss": 0.9250284129718565, "seconds": 32.22287157399114, "official_fused": {"mAP": 67.1541321840755, "Rank-1": 68.66028904914856, "Rank-5": 76.31579041481018, "Rank-10": 82.53588676452637}, "best_epoch": 10}
{"event": "epoch", "dataset": "RGBNT201", "epoch": 12, "steps": 53, "mean_loss": 0.9163148459398521, "seconds": 32.86067449001712, "official_fused": {"mAP": 62.31799099083163, "Rank-1": 64.59330320358276, "Rank-5": 74.28229451179504, "Rank-10": 80.62201142311096}, "best_epoch": 10}
{"event": "epoch", "dataset": "RGBNT201", "epoch": 13, "steps": 53, "mean_loss": 0.9120687774892123, "seconds": 32.92965222499333, "official_fused": {"mAP": 68.93658900468564, "Rank-1": 70.69377899169922, "Rank-5": 80.74162602424622, "Rank-10": 85.40669679641724}, "best_epoch": 10}
{"event": "epoch", "dataset": "RGBNT201", "epoch": 14, "steps": 53, "mean_loss": 0.9042864138225339, "seconds": 32.5807702820166, "official_fused": {"mAP": 66.26221409529398, "Rank-1": 66.38755798339844, "Rank-5": 76.19616985321045, "Rank-10": 82.8947365283966}, "best_epoch": 10}
{"event": "epoch", "dataset": "RGBNT201", "epoch": 15, "steps": 53, "mean_loss": 0.9010440336083466, "seconds": 32.76921946599032, "official_fused": {"mAP": 66.79769546231887, "Rank-1": 68.30143332481384, "Rank-5": 76.9138753414154, "Rank-10": 82.41626620292664}, "best_epoch": 10}
{"event": "epoch", "dataset": "RGBNT201", "epoch": 16, "steps": 53, "mean_loss": 0.8956780174993119, "seconds": 32.467299824988004, "official_fused": {"mAP": 67.08427860879966, "Rank-1": 69.61722373962402, "Rank-5": 77.39234566688538, "Rank-10": 82.8947365283966}, "best_epoch": 10}
{"event": "epoch", "dataset": "RGBNT201", "epoch": 17, "steps": 53, "mean_loss": 0.888235517267911, "seconds": 32.91159589900053, "official_fused": {"mAP": 65.04525502107698, "Rank-1": 64.952152967453, "Rank-5": 74.76076483726501, "Rank-10": 80.86124658584595}, "best_epoch": 10}
{"event": "epoch", "dataset": "RGBNT201", "epoch": 18, "steps": 53, "mean_loss": 0.8846614900624977, "seconds": 32.58313140398241, "official_fused": {"mAP": 63.334771723952244, "Rank-1": 64.47368264198303, "Rank-5": 74.16267991065979, "Rank-10": 78.82775068283081}, "best_epoch": 10}
{"event": "epoch", "dataset": "RGBNT201", "epoch": 19, "steps": 53, "mean_loss": 0.8858067314579802, "seconds": 32.37462069498724, "official_fused": {"mAP": 64.2997146055345, "Rank-1": 66.14832282066345, "Rank-5": 75.0, "Rank-10": 81.22009634971619}, "best_epoch": 10}
{"event": "epoch", "dataset": "RGBNT201", "epoch": 20, "steps": 53, "mean_loss": 0.882406621609094, "seconds": 32.507281480997335, "official_fused": {"mAP": 61.74260127989811, "Rank-1": 63.87559771537781, "Rank-5": 74.16267991065979, "Rank-10": 80.74162602424622}, "best_epoch": 10}
{"event": "epoch", "dataset": "RGBNT201", "epoch": 21, "steps": 53, "mean_loss": 0.8800621381345785, "seconds": 32.619506630988326, "official_fused": {"mAP": 61.42870387217019, "Rank-1": 63.27751278877258, "Rank-5": 75.71770548820496, "Rank-10": 82.17703104019165}, "best_epoch": 10}
{"event": "epoch", "dataset": "RGBNT201", "epoch": 22, "steps": 53, "mean_loss": 0.8765519699960385, "seconds": 32.670331110974075, "official_fused": {"mAP": 61.02109114006397, "Rank-1": 61.9617223739624, "Rank-5": 73.68420958518982, "Rank-10": 81.22009634971619}, "best_epoch": 10}
{"event": "epoch", "dataset": "RGBNT201", "epoch": 23, "steps": 53, "mean_loss": 0.8731409435002309, "seconds": 32.40585916102282, "official_fused": {"mAP": 65.3546175330848, "Rank-1": 67.70334839820862, "Rank-5": 76.67464017868042, "Rank-10": 82.29665160179138}, "best_epoch": 10}
{"event": "epoch", "dataset": "RGBNT201", "epoch": 24, "steps": 53, "mean_loss": 0.8745483160018921, "seconds": 32.622705916990526, "official_fused": {"mAP": 60.50115676196073, "Rank-1": 61.36363744735718, "Rank-5": 72.12918400764465, "Rank-10": 79.904305934906}, "best_epoch": 10}
{"event": "epoch", "dataset": "RGBNT201", "epoch": 25, "steps": 53, "mean_loss": 0.8732321588498242, "seconds": 32.801147588004824, "official_fused": {"mAP": 63.14721148793876, "Rank-1": 61.9617223739624, "Rank-5": 72.12918400764465, "Rank-10": 79.904305934906}, "best_epoch": 10}
{"event": "epoch", "dataset": "RGBNT201", "epoch": 26, "steps": 53, "mean_loss": 0.8692731463684226, "seconds": 32.55420483800117, "official_fused": {"mAP": 62.698817997735276, "Rank-1": 64.35406804084778, "Rank-5": 75.23923516273499, "Rank-10": 81.81818127632141}, "best_epoch": 10}
{"event": "epoch", "dataset": "RGBNT201", "epoch": 27, "steps": 53, "mean_loss": 0.8677310729926487, "seconds": 32.3860263999959, "official_fused": {"mAP": 61.84170351653172, "Rank-1": 63.0382776260376, "Rank-5": 72.84688949584961, "Rank-10": 78.94737124443054}, "best_epoch": 10}
{"event": "epoch", "dataset": "RGBNT201", "epoch": 28, "steps": 53, "mean_loss": 0.8668077250696579, "seconds": 32.50054149000789, "official_fused": {"mAP": 67.56281971078072, "Rank-1": 70.095694065094, "Rank-5": 77.51196026802063, "Rank-10": 82.53588676452637}, "best_epoch": 10}
{"event": "epoch", "dataset": "RGBNT201", "epoch": 29, "steps": 53, "mean_loss": 0.8645547797095101, "seconds": 32.62878204000299, "official_fused": {"mAP": 65.56221475671366, "Rank-1": 67.1052634716034, "Rank-5": 75.59808492660522, "Rank-10": 81.45933151245117}, "best_epoch": 10}
{"event": "epoch", "dataset": "RGBNT201", "epoch": 30, "steps": 53, "mean_loss": 0.8636685238694245, "seconds": 32.4192941620131, "official_fused": {"mAP": 63.28269590069555, "Rank-1": 65.07176756858826, "Rank-5": 75.47847032546997, "Rank-10": 80.9808611869812}, "best_epoch": 10}
{"event": "epoch", "dataset": "RGBNT201", "epoch": 31, "steps": 53, "mean_loss": 0.8628210391638413, "seconds": 32.58739013801096, "official_fused": {"mAP": 65.43351901974755, "Rank-1": 66.74641370773315, "Rank-5": 75.11961460113525, "Rank-10": 81.33971095085144}, "best_epoch": 10}
{"event": "epoch", "dataset": "RGBNT201", "epoch": 32, "steps": 53, "mean_loss": 0.8609392125651522, "seconds": 32.58931841200683, "official_fused": {"mAP": 64.83714821423126, "Rank-1": 67.1052634716034, "Rank-5": 75.59808492660522, "Rank-10": 80.50239086151123}, "best_epoch": 10}
{"event": "epoch", "dataset": "RGBNT201", "epoch": 33, "steps": 53, "mean_loss": 0.8598154479602598, "seconds": 32.52660512199509, "official_fused": {"mAP": 63.504230130663565, "Rank-1": 64.47368264198303, "Rank-5": 74.76076483726501, "Rank-10": 80.26315569877625}, "best_epoch": 10}
{"event": "epoch", "dataset": "RGBNT201", "epoch": 34, "steps": 53, "mean_loss": 0.8586293503923236, "seconds": 32.341271600016626, "official_fused": {"mAP": 62.49805144280515, "Rank-1": 62.67942786216736, "Rank-5": 73.80383014678955, "Rank-10": 78.46890091896057}, "best_epoch": 10}
{"event": "epoch", "dataset": "RGBNT201", "epoch": 35, "steps": 53, "mean_loss": 0.8575963647860401, "seconds": 32.14994827299961, "official_fused": {"mAP": 62.61722708732873, "Rank-1": 63.63636255264282, "Rank-5": 73.68420958518982, "Rank-10": 79.66507077217102}, "best_epoch": 10}
{"event": "epoch", "dataset": "RGBNT201", "epoch": 36, "steps": 53, "mean_loss": 0.8574896837180516, "seconds": 32.48614283098141, "official_fused": {"mAP": 64.08271770777904, "Rank-1": 64.952152967453, "Rank-5": 75.47847032546997, "Rank-10": 80.14354109764099}, "best_epoch": 10}
{"event": "epoch", "dataset": "RGBNT201", "epoch": 37, "steps": 53, "mean_loss": 0.8573941712109547, "seconds": 32.49887043199851, "official_fused": {"mAP": 63.70248503563183, "Rank-1": 64.35406804084778, "Rank-5": 75.23923516273499, "Rank-10": 79.78469133377075}, "best_epoch": 10}
{"event": "epoch", "dataset": "RGBNT201", "epoch": 38, "steps": 53, "mean_loss": 0.8563182027834766, "seconds": 32.155354134971276, "official_fused": {"mAP": 64.076978285967, "Rank-1": 64.83253836631775, "Rank-5": 75.35884976387024, "Rank-10": 79.904305934906}, "best_epoch": 10}
{"event": "epoch", "dataset": "RGBNT201", "epoch": 39, "steps": 53, "mean_loss": 0.8555474641188135, "seconds": 32.18523993200506, "official_fused": {"mAP": 64.09514899390568, "Rank-1": 64.83253836631775, "Rank-5": 75.35884976387024, "Rank-10": 80.74162602424622}, "best_epoch": 10}
{"event": "epoch", "dataset": "RGBNT201", "epoch": 40, "steps": 53, "mean_loss": 0.8550042116417075, "seconds": 32.086952124984236, "official_fused": {"mAP": 64.05752780033369, "Rank-1": 64.71291780471802, "Rank-5": 75.23923516273499, "Rank-10": 80.50239086151123}, "best_epoch": 10}
{"event": "epoch", "dataset": "RGBNT201", "epoch": 41, "steps": 53, "mean_loss": 0.854940339079443, "seconds": 32.22320861098706, "official_fused": {"mAP": 63.996352553383275, "Rank-1": 64.1148328781128, "Rank-5": 74.52152967453003, "Rank-10": 80.62201142311096}, "best_epoch": 10}
{"event": "epoch", "dataset": "RGBNT201", "epoch": 42, "steps": 53, "mean_loss": 0.8540871368264252, "seconds": 32.201938804995734, "official_fused": {"mAP": 63.73671927479161, "Rank-1": 64.1148328781128, "Rank-5": 75.0, "Rank-10": 79.904305934906}, "best_epoch": 10}
{"event": "epoch", "dataset": "RGBNT201", "epoch": 43, "steps": 53, "mean_loss": 0.8540644904352584, "seconds": 32.28153714101063, "official_fused": {"mAP": 63.85450620559746, "Rank-1": 64.83253836631775, "Rank-5": 74.88038539886475, "Rank-10": 79.904305934906}, "best_epoch": 10}
{"event": "epoch", "dataset": "RGBNT201", "epoch": 44, "steps": 53, "mean_loss": 0.8539471997404998, "seconds": 32.26425889201346, "official_fused": {"mAP": 64.13234506609092, "Rank-1": 65.07176756858826, "Rank-5": 75.59808492660522, "Rank-10": 80.9808611869812}, "best_epoch": 10}
{"event": "epoch", "dataset": "RGBNT201", "epoch": 45, "steps": 53, "mean_loss": 0.8548718072333426, "seconds": 31.951087075984105, "official_fused": {"mAP": 63.818867867097254, "Rank-1": 64.83253836631775, "Rank-5": 75.35884976387024, "Rank-10": 80.26315569877625}, "best_epoch": 10}
{"event": "epoch", "dataset": "RGBNT201", "epoch": 46, "steps": 52, "mean_loss": 0.853745787189557, "seconds": 31.505704290990252, "official_fused": {"mAP": 64.01822301565281, "Rank-1": 64.952152967453, "Rank-5": 75.23923516273499, "Rank-10": 80.38277626037598}, "best_epoch": 10}
{"event": "epoch", "dataset": "RGBNT201", "epoch": 47, "steps": 53, "mean_loss": 0.85338405280743, "seconds": 32.22994228597963, "official_fused": {"mAP": 64.16026613817316, "Rank-1": 65.19138813018799, "Rank-5": 75.59808492660522, "Rank-10": 80.62201142311096}, "best_epoch": 10}
{"event": "epoch", "dataset": "RGBNT201", "epoch": 48, "steps": 53, "mean_loss": 0.8534896801102836, "seconds": 32.315290720027406, "official_fused": {"mAP": 64.17204218442069, "Rank-1": 65.07176756858826, "Rank-5": 75.59808492660522, "Rank-10": 80.62201142311096}, "best_epoch": 10}
{"event": "epoch", "dataset": "RGBNT201", "epoch": 49, "steps": 53, "mean_loss": 0.853336751461029, "seconds": 32.48018264499842, "official_fused": {"mAP": 64.17822194010445, "Rank-1": 64.952152967453, "Rank-5": 75.59808492660522, "Rank-10": 80.50239086151123}, "best_epoch": 10}
{"event": "epoch", "dataset": "RGBNT201", "epoch": 50, "steps": 53, "mean_loss": 0.8538903290370725, "seconds": 32.83418756199535, "official_fused": {"mAP": 64.15906171621585, "Rank-1": 64.952152967453, "Rank-5": 75.59808492660522, "Rank-10": 80.50239086151123}, "best_epoch": 10}
