/data/gaob/Re-ID/conda-envs/tri_reid/lib/python3.10/site-packages/timm/models/helpers.py:7: FutureWarning: Importing from timm.models.helpers is deprecated, please import via timm.models
  warnings.warn(f"Importing from {__name__} is deprecated, please import via timm.models", FutureWarning)
/data/gaob/Re-ID/conda-envs/tri_reid/lib/python3.10/site-packages/timm/models/registry.py:4: FutureWarning: Importing from timm.models.registry is deprecated, please import via timm.models
  warnings.warn(f"Importing from {__name__} is deprecated, please import via timm.models", FutureWarning)
/data/gaob/Re-ID/conda-envs/tri_reid/lib/python3.10/site-packages/timm/models/layers/__init__.py:48: FutureWarning: Importing from timm.models.layers is deprecated, please import via timm.layers
  warnings.warn(f"Importing from {__name__} is deprecated, please import via timm.layers", FutureWarning)
建立transformer............
using Transformer_type: ViT-B-16 as a backbone
Resized position embedding: %s to %s torch.Size([197, 768]) torch.Size([129, 768])
Position embedding resize to height:16 width: 8
Successfully load ckpt!
<All keys matched successfully>
Loading pretrained model from CLIP
camera number is : 4
===========Building Signal===========
{"event": "epoch", "dataset": "RGBNT201", "epoch": 1, "steps": 53, "mean_loss": 4.9999343944045735, "seconds": 28.475585534004495, "official_fused": {"mAP": 73.7442151380493, "Rank-1": 74.76076483726501, "Rank-5": 84.80861186981201, "Rank-10": 88.75598311424255}, "best_epoch": 1}
{"event": "epoch", "dataset": "RGBNT201", "epoch": 2, "steps": 53, "mean_loss": 4.157319662705907, "seconds": 27.23330767599691, "official_fused": {"mAP": 73.53575314564198, "Rank-1": 75.59808492660522, "Rank-5": 83.61244201660156, "Rank-10": 87.20095753669739}, "best_epoch": 1}
{"event": "epoch", "dataset": "RGBNT201", "epoch": 3, "steps": 53, "mean_loss": 2.8086616768027253, "seconds": 28.92214286699891, "official_fused": {"mAP": 70.56266972732283, "Rank-1": 70.9330141544342, "Rank-5": 79.54545617103577, "Rank-10": 84.09090638160706}, "best_epoch": 1}
{"event": "epoch", "dataset": "RGBNT201", "epoch": 4, "steps": 53, "mean_loss": 1.612946627274999, "seconds": 29.74692213399976, "official_fused": {"mAP": 72.08607744220735, "Rank-1": 73.20573925971985, "Rank-5": 81.22009634971619, "Rank-10": 86.84210777282715}, "best_epoch": 1}
{"event": "epoch", "dataset": "RGBNT201", "epoch": 5, "steps": 53, "mean_loss": 1.0825291860778377, "seconds": 30.084837756992783, "official_fused": {"mAP": 71.62306833631999, "Rank-1": 73.44497442245483, "Rank-5": 83.49282145500183, "Rank-10": 86.60287261009216}, "best_epoch": 1}
{"event": "epoch", "dataset": "RGBNT201", "epoch": 6, "steps": 53, "mean_loss": 0.9418985809919969, "seconds": 29.640504834998865, "official_fused": {"mAP": 69.89214018428743, "Rank-1": 71.53109908103943, "Rank-5": 79.54545617103577, "Rank-10": 84.21052694320679}, "best_epoch": 1}
{"event": "epoch", "dataset": "RGBNT201", "epoch": 7, "steps": 53, "mean_loss": 0.9098916953464724, "seconds": 29.880727541996748, "official_fused": {"mAP": 68.50920654195286, "Rank-1": 70.9330141544342, "Rank-5": 78.70813608169556, "Rank-10": 83.25358629226685}, "best_epoch": 1}
{"event": "epoch", "dataset": "RGBNT201", "epoch": 8, "steps": 53, "mean_loss": 0.9011676660123861, "seconds": 29.758924927009502, "official_fused": {"mAP": 69.76762364237014, "Rank-1": 70.69377899169922, "Rank-5": 80.02392053604126, "Rank-10": 84.68899726867676}, "best_epoch": 1}
{"event": "epoch", "dataset": "RGBNT201", "epoch": 9, "steps": 53, "mean_loss": 0.8944772335718263, "seconds": 29.917160962009802, "official_fused": {"mAP": 69.46529609675615, "Rank-1": 71.77033424377441, "Rank-5": 79.42583560943604, "Rank-10": 84.44976210594177}, "best_epoch": 1}
