/root/miniconda3/envs/tri_reid/lib/python3.10/site-packages/timm/models/helpers.py:7: FutureWarning: Importing from timm.models.helpers is deprecated, please import via timm.models
  warnings.warn(f"Importing from {__name__} is deprecated, please import via timm.models", FutureWarning)
/root/miniconda3/envs/tri_reid/lib/python3.10/site-packages/timm/models/registry.py:4: FutureWarning: Importing from timm.models.registry is deprecated, please import via timm.models
  warnings.warn(f"Importing from {__name__} is deprecated, please import via timm.models", FutureWarning)
/root/miniconda3/envs/tri_reid/lib/python3.10/site-packages/timm/models/layers/__init__.py:48: FutureWarning: Importing from timm.models.layers is deprecated, please import via timm.layers
  warnings.warn(f"Importing from {__name__} is deprecated, please import via timm.layers", FutureWarning)
建立transformer............
using Transformer_type: ViT-B-16 as a backbone
Resized position embedding: %s to %s torch.Size([197, 768]) torch.Size([129, 768])
Position embedding resize to height:16 width: 8
Successfully load ckpt!
<All keys matched successfully>
Loading pretrained model from CLIP
camera number is : 4
===========Building Signal===========
{"stage": "complete_source_fold", "fold": 0, "source_records": 2126, "view_count": 2, "output_count": 14, "protocol_count": 2}
建立transformer............
using Transformer_type: ViT-B-16 as a backbone
Resized position embedding: %s to %s torch.Size([197, 768]) torch.Size([129, 768])
Position embedding resize to height:16 width: 8
Successfully load ckpt!
<All keys matched successfully>
Loading pretrained model from CLIP
camera number is : 4
===========Building Signal===========
{"stage": "complete_source_fold", "fold": 1, "source_records": 2075, "view_count": 2, "output_count": 14, "protocol_count": 2}
建立transformer............
using Transformer_type: ViT-B-16 as a backbone
Resized position embedding: %s to %s torch.Size([197, 768]) torch.Size([129, 768])
Position embedding resize to height:16 width: 8
Successfully load ckpt!
<All keys matched successfully>
Loading pretrained model from CLIP
camera number is : 4
===========Building Signal===========
{"stage": "complete_source_fold", "fold": 2, "source_records": 2051, "view_count": 2, "output_count": 14, "protocol_count": 2}
{"status": "COMPLETE_SOURCE_ONLY_INSTANCE_PROTOTYPE_CENSUS", "math_check": {"status": "PASS_KNOWN_HIDDEN_INSTANCE_SELF_EXCLUSION_CLASS_ZERO_FULL_GALLERY", "model_forwards": 0, "image_reads": 0, "optimizer_updates": 0}, "execution_commit": "99e2a4cf9772737ac3daa14a83a0b4abb3e2d915", "runner_sha256": "66069cf6b43afadd0cecbc2817332bcaac2f74cbbc96422de8f4fd47057e6468", "contract_sha256": "3139d941b3f3e2a2394b48438aefceb1e4caaba3b2108c4fbe4ad27b5d7a1e92", "prior_v26_summary_sha256": "4fa3ae76aec0667af29049d6b982b8aade0e3e755747fd4688329dc2bcb9ddc5", "prior_v26_verification_sha256": "6f165629aae26492a0c4079f72c7a922701b6963448d83a51739403084fed445", "model_checkpoint_scope": "original_V12_source_initialization_not_V26_final", "optimizer_updates": 0, "heldout_image_reads": 0, "dev_access_count": 0, "official_test_access_count": 0, "disk_before": {"total": 53687091200, "used": 32150020096, "free": 21537071104}, "elapsed_seconds": 253.23948574066162, "signal_commit": "cd1b0a672d1fe642e7608731cb4899a19dda7d51", "signal_diff_sha256": "b889caca9c4a92689b13eb7e20bd3224067f3e5ed2a3db6825201870ca422741", "total_source_record_model_pairs": 6252, "total_triplet_image_forward_exposures": 12504, "total_model_forward_batches": 200, "total_all_query_output_protocol_rows": 350112, "limitations": ["one_fixed_augmented_view_per_record", "source_models_seen_these_training_identities", "repeated_source_records_across_folds_not_independent", "no_training_time_cache_drift_measurement", "source_diagnostic_not_retrieval_qualification_or_SOTA"], "disk_after": {"total": 53687091200, "used": 33626980352, "free": 20060110848}}
