/data/gaob/Re-ID/conda-envs/tri_reid/lib/python3.10/site-packages/timm/models/helpers.py:7: FutureWarning: Importing from timm.models.helpers is deprecated, please import via timm.models
  warnings.warn(f"Importing from {__name__} is deprecated, please import via timm.models", FutureWarning)
/data/gaob/Re-ID/conda-envs/tri_reid/lib/python3.10/site-packages/timm/models/registry.py:4: FutureWarning: Importing from timm.models.registry is deprecated, please import via timm.models
  warnings.warn(f"Importing from {__name__} is deprecated, please import via timm.models", FutureWarning)
/data/gaob/Re-ID/conda-envs/tri_reid/lib/python3.10/site-packages/timm/models/layers/__init__.py:48: FutureWarning: Importing from timm.models.layers is deprecated, please import via timm.layers
  warnings.warn(f"Importing from {__name__} is deprecated, please import via timm.layers", FutureWarning)
建立transformer............
using Transformer_type: ViT-B-16 as a backbone
Resized position embedding: %s to %s torch.Size([197, 768]) torch.Size([129, 768])
Position embedding resize to height:8 width: 16
Successfully load ckpt!
<All keys matched successfully>
Loading pretrained model from CLIP
camera number is : 8
===========Building Signal===========
{"event": "epoch", "dataset": "RGBNT100", "epoch": 1, "steps": 130, "mean_loss": 2.5176996909655056, "seconds": 50.61668991600163, "official_fused": {"mAP": 85.10197891776635, "Rank-1": 95.10204195976257, "Rank-5": 95.68513035774231, "Rank-10": 96.03498578071594}, "best_epoch": 1}
{"event": "epoch", "dataset": "RGBNT100", "epoch": 2, "steps": 131, "mean_loss": 0.8849408531006966, "seconds": 48.85030844400171, "official_fused": {"mAP": 84.53663532330465, "Rank-1": 95.80174684524536, "Rank-5": 96.73469662666321, "Rank-10": 97.20116853713989}, "best_epoch": 1}
{"event": "epoch", "dataset": "RGBNT100", "epoch": 3, "steps": 132, "mean_loss": 0.7270068887508276, "seconds": 49.562304954990395, "official_fused": {"mAP": 82.33224050823425, "Rank-1": 96.20991349220276, "Rank-5": 96.90961837768555, "Rank-10": 97.20116853713989}, "best_epoch": 1}
{"event": "epoch", "dataset": "RGBNT100", "epoch": 4, "steps": 131, "mean_loss": 0.7172898791218532, "seconds": 48.727798747000634, "official_fused": {"mAP": 81.2000086449192, "Rank-1": 94.57725882530212, "Rank-5": 95.16034722328186, "Rank-10": 95.56851387023926}, "best_epoch": 1}
{"event": "epoch", "dataset": "RGBNT100", "epoch": 5, "steps": 132, "mean_loss": 0.7120923959847653, "seconds": 49.49726434701006, "official_fused": {"mAP": 81.90375152303744, "Rank-1": 95.56851387023926, "Rank-5": 95.97667455673218, "Rank-10": 96.44314646720886}, "best_epoch": 1}
{"event": "epoch", "dataset": "RGBNT100", "epoch": 6, "steps": 131, "mean_loss": 0.710637766441316, "seconds": 48.98341726799845, "official_fused": {"mAP": 82.3472446738967, "Rank-1": 94.22740340232849, "Rank-5": 95.33527493476868, "Rank-10": 96.03498578071594}, "best_epoch": 1}
{"event": "epoch", "dataset": "RGBNT100", "epoch": 7, "steps": 132, "mean_loss": 0.7084002707040671, "seconds": 49.68819956299558, "official_fused": {"mAP": 81.91664323928194, "Rank-1": 94.51894760131836, "Rank-5": 95.16034722328186, "Rank-10": 95.74344158172607}, "best_epoch": 1}
{"event": "epoch", "dataset": "RGBNT100", "epoch": 8, "steps": 131, "mean_loss": 0.7078918373311749, "seconds": 49.3695796779939, "official_fused": {"mAP": 81.91415073091757, "Rank-1": 93.87755393981934, "Rank-5": 94.51894760131836, "Rank-10": 95.04373073577881}, "best_epoch": 1}
{"event": "epoch", "dataset": "RGBNT100", "epoch": 9, "steps": 130, "mean_loss": 0.7080863952636719, "seconds": 48.65970325800299, "official_fused": {"mAP": 82.34152187818478, "Rank-1": 95.04373073577881, "Rank-5": 95.97667455673218, "Rank-10": 96.38484120368958}, "best_epoch": 1}
{"event": "epoch", "dataset": "RGBNT100", "epoch": 10, "steps": 132, "mean_loss": 0.7075022626103777, "seconds": 49.33085598499747, "official_fused": {"mAP": 81.9850290642065, "Rank-1": 94.86880302429199, "Rank-5": 95.68513035774231, "Rank-10": 96.0932970046997}, "best_epoch": 1}
{"event": "epoch", "dataset": "RGBNT100", "epoch": 11, "steps": 131, "mean_loss": 0.7073783496863969, "seconds": 49.08350463199895, "official_fused": {"mAP": 82.74228732027348, "Rank-1": 95.33527493476868, "Rank-5": 96.20991349220276, "Rank-10": 96.67638540267944}, "best_epoch": 1}
{"event": "epoch", "dataset": "RGBNT100", "epoch": 12, "steps": 131, "mean_loss": 0.7075014492027633, "seconds": 48.96967027500796, "official_fused": {"mAP": 81.9587568534063, "Rank-1": 94.46064233779907, "Rank-5": 94.8104977607727, "Rank-10": 95.16034722328186}, "best_epoch": 1}
{"event": "epoch", "dataset": "RGBNT100", "epoch": 13, "steps": 131, "mean_loss": 0.7073930133390063, "seconds": 49.35323223400337, "official_fused": {"mAP": 82.22193872589943, "Rank-1": 94.51894760131836, "Rank-5": 95.27696967124939, "Rank-10": 95.80174684524536}, "best_epoch": 1}
{"event": "epoch", "dataset": "RGBNT100", "epoch": 14, "steps": 132, "mean_loss": 0.7074659602208571, "seconds": 49.33171160100028, "official_fused": {"mAP": 82.23119232198684, "Rank-1": 94.34402585029602, "Rank-5": 95.27696967124939, "Rank-10": 95.74344158172607}, "best_epoch": 1}
{"event": "epoch", "dataset": "RGBNT100", "epoch": 15, "steps": 129, "mean_loss": 0.7072667137596959, "seconds": 48.63868062599795, "official_fused": {"mAP": 81.96763801326215, "Rank-1": 94.40233111381531, "Rank-5": 95.04373073577881, "Rank-10": 95.39358615875244}, "best_epoch": 1}
{"event": "epoch", "dataset": "RGBNT100", "epoch": 16, "steps": 131, "mean_loss": 0.7070663685107049, "seconds": 49.12441170300008, "official_fused": {"mAP": 82.08302236849455, "Rank-1": 94.28571462631226, "Rank-5": 94.86880302429199, "Rank-10": 95.4518973827362}, "best_epoch": 1}
{"event": "epoch", "dataset": "RGBNT100", "epoch": 17, "steps": 132, "mean_loss": 0.7070114748044447, "seconds": 49.50667272999999, "official_fused": {"mAP": 82.12722273198987, "Rank-1": 94.51894760131836, "Rank-5": 95.33527493476868, "Rank-10": 95.86005806922913}, "best_epoch": 1}
{"event": "epoch", "dataset": "RGBNT100", "epoch": 18, "steps": 132, "mean_loss": 0.7071324063069893, "seconds": 49.33165131500573, "official_fused": {"mAP": 82.65386013980218, "Rank-1": 94.57725882530212, "Rank-5": 95.56851387023926, "Rank-10": 95.86005806922913}, "best_epoch": 1}
{"event": "epoch", "dataset": "RGBNT100", "epoch": 19, "steps": 132, "mean_loss": 0.7071295534119462, "seconds": 49.361483957007295, "official_fused": {"mAP": 82.0122099438095, "Rank-1": 94.28571462631226, "Rank-5": 94.92711424827576, "Rank-10": 95.4518973827362}, "best_epoch": 1}
{"event": "epoch", "dataset": "RGBNT100", "epoch": 20, "steps": 132, "mean_loss": 0.7070350714705207, "seconds": 49.68430465301208, "official_fused": {"mAP": 81.52339933820801, "Rank-1": 94.22740340232849, "Rank-5": 94.92711424827576, "Rank-10": 95.27696967124939}, "best_epoch": 1}
{"event": "epoch", "dataset": "RGBNT100", "epoch": 21, "steps": 131, "mean_loss": 0.7071245694888457, "seconds": 49.1516525449988, "official_fused": {"mAP": 81.32720996973907, "Rank-1": 94.57725882530212, "Rank-5": 95.16034722328186, "Rank-10": 95.68513035774231}, "best_epoch": 1}
{"event": "epoch", "dataset": "RGBNT100", "epoch": 22, "steps": 132, "mean_loss": 0.7069857653343317, "seconds": 49.34453151898924, "official_fused": {"mAP": 82.18362859406018, "Rank-1": 94.75218653678894, "Rank-5": 95.4518973827362, "Rank-10": 95.86005806922913}, "best_epoch": 1}
{"event": "epoch", "dataset": "RGBNT100", "epoch": 23, "steps": 131, "mean_loss": 0.7069477038529083, "seconds": 48.85779714700766, "official_fused": {"mAP": 81.73747714925817, "Rank-1": 94.40233111381531, "Rank-5": 95.10204195976257, "Rank-10": 95.62682509422302}, "best_epoch": 1}
{"event": "epoch", "dataset": "RGBNT100", "epoch": 24, "steps": 130, "mean_loss": 0.706663342164113, "seconds": 48.76346995499625, "official_fused": {"mAP": 81.64714468638401, "Rank-1": 94.1690981388092, "Rank-5": 94.63557004928589, "Rank-10": 94.8104977607727}, "best_epoch": 1}
{"event": "epoch", "dataset": "RGBNT100", "epoch": 25, "steps": 132, "mean_loss": 0.7067060493158571, "seconds": 49.454486789996736, "official_fused": {"mAP": 81.85306699231323, "Rank-1": 94.28571462631226, "Rank-5": 94.86880302429199, "Rank-10": 95.27696967124939}, "best_epoch": 1}
{"event": "epoch", "dataset": "RGBNT100", "epoch": 26, "steps": 131, "mean_loss": 0.7066970199119044, "seconds": 48.99257178598782, "official_fused": {"mAP": 81.67549465664214, "Rank-1": 93.64431500434875, "Rank-5": 94.63557004928589, "Rank-10": 95.27696967124939}, "best_epoch": 1}
{"event": "epoch", "dataset": "RGBNT100", "epoch": 27, "steps": 131, "mean_loss": 0.7065330907588697, "seconds": 48.996989382998436, "official_fused": {"mAP": 81.3536022952105, "Rank-1": 93.81924271583557, "Rank-5": 94.46064233779907, "Rank-10": 94.98542547225952}, "best_epoch": 1}
{"event": "epoch", "dataset": "RGBNT100", "epoch": 28, "steps": 130, "mean_loss": 0.7066555234102102, "seconds": 48.62477739500173, "official_fused": {"mAP": 81.04821132094821, "Rank-1": 93.41107606887817, "Rank-5": 94.22740340232849, "Rank-10": 94.69387531280518}, "best_epoch": 1}
{"event": "epoch", "dataset": "RGBNT100", "epoch": 29, "steps": 131, "mean_loss": 0.7067404694229592, "seconds": 48.951935346995015, "official_fused": {"mAP": 81.21527519018909, "Rank-1": 93.64431500434875, "Rank-5": 94.22740340232849, "Rank-10": 94.8104977607727}, "best_epoch": 1}
{"event": "epoch", "dataset": "RGBNT100", "epoch": 30, "steps": 132, "mean_loss": 0.7066494316765757, "seconds": 49.204340665004565, "official_fused": {"mAP": 81.3618805729177, "Rank-1": 93.64431500434875, "Rank-5": 94.22740340232849, "Rank-10": 94.57725882530212}, "best_epoch": 1}
{"event": "epoch", "dataset": "RGBNT100", "epoch": 31, "steps": 131, "mean_loss": 0.7064742896393055, "seconds": 48.871866394998506, "official_fused": {"mAP": 80.89484544002723, "Rank-1": 93.17784309387207, "Rank-5": 94.22740340232849, "Rank-10": 94.46064233779907}, "best_epoch": 1}
{"event": "epoch", "dataset": "RGBNT100", "epoch": 32, "steps": 131, "mean_loss": 0.7063957288975024, "seconds": 48.791415915009566, "official_fused": {"mAP": 80.80757529278819, "Rank-1": 93.70262622833252, "Rank-5": 94.34402585029602, "Rank-10": 94.75218653678894}, "best_epoch": 1}
{"event": "epoch", "dataset": "RGBNT100", "epoch": 33, "steps": 131, "mean_loss": 0.706286356649326, "seconds": 48.85928445299214, "official_fused": {"mAP": 80.64185926969249, "Rank-1": 93.64431500434875, "Rank-5": 94.51894760131836, "Rank-10": 94.92711424827576}, "best_epoch": 1}
{"event": "epoch", "dataset": "RGBNT100", "epoch": 34, "steps": 132, "mean_loss": 0.7063058826959494, "seconds": 48.93710725598794, "official_fused": {"mAP": 80.66516592687276, "Rank-1": 93.64431500434875, "Rank-5": 94.57725882530212, "Rank-10": 94.75218653678894}, "best_epoch": 1}
{"event": "epoch", "dataset": "RGBNT100", "epoch": 35, "steps": 132, "mean_loss": 0.7062241480205999, "seconds": 48.97936673500226, "official_fused": {"mAP": 80.44393387093905, "Rank-1": 93.35277080535889, "Rank-5": 93.99417042732239, "Rank-10": 94.46064233779907}, "best_epoch": 1}
{"event": "epoch", "dataset": "RGBNT100", "epoch": 36, "steps": 130, "mean_loss": 0.7062069296836853, "seconds": 48.81615487499221, "official_fused": {"mAP": 80.50996696600906, "Rank-1": 93.35277080535889, "Rank-5": 94.11078691482544, "Rank-10": 94.40233111381531}, "best_epoch": 1}
{"event": "epoch", "dataset": "RGBNT100", "epoch": 37, "steps": 131, "mean_loss": 0.7061854091309409, "seconds": 48.6049043200037, "official_fused": {"mAP": 80.28897973620536, "Rank-1": 93.17784309387207, "Rank-5": 93.70262622833252, "Rank-10": 94.22740340232849}, "best_epoch": 1}
{"event": "epoch", "dataset": "RGBNT100", "epoch": 38, "steps": 132, "mean_loss": 0.7061378197236494, "seconds": 48.844460858003, "official_fused": {"mAP": 80.42195627806663, "Rank-1": 93.1195318698883, "Rank-5": 94.22740340232849, "Rank-10": 94.51894760131836}, "best_epoch": 1}
{"event": "epoch", "dataset": "RGBNT100", "epoch": 39, "steps": 130, "mean_loss": 0.7061259439358345, "seconds": 48.156505535007454, "official_fused": {"mAP": 80.17171089950175, "Rank-1": 92.71137118339539, "Rank-5": 93.99417042732239, "Rank-10": 94.34402585029602}, "best_epoch": 1}
{"event": "epoch", "dataset": "RGBNT100", "epoch": 40, "steps": 131, "mean_loss": 0.7061016195602999, "seconds": 48.34084035799606, "official_fused": {"mAP": 79.98214284248017, "Rank-1": 92.71137118339539, "Rank-5": 94.22740340232849, "Rank-10": 94.57725882530212}, "best_epoch": 1}
{"event": "epoch", "dataset": "RGBNT100", "epoch": 41, "steps": 131, "mean_loss": 0.7060910140285055, "seconds": 48.225503836001735, "official_fused": {"mAP": 80.02150183538845, "Rank-1": 92.94460415840149, "Rank-5": 94.05247569084167, "Rank-10": 94.40233111381531}, "best_epoch": 1}
{"event": "epoch", "dataset": "RGBNT100", "epoch": 42, "steps": 132, "mean_loss": 0.7060699788006869, "seconds": 48.739628183000605, "official_fused": {"mAP": 80.12314503441192, "Rank-1": 93.00291538238525, "Rank-5": 94.22740340232849, "Rank-10": 94.63557004928589}, "best_epoch": 1}
{"event": "epoch", "dataset": "RGBNT100", "epoch": 43, "steps": 131, "mean_loss": 0.7060615220142685, "seconds": 48.232434763995116, "official_fused": {"mAP": 80.14120366502628, "Rank-1": 93.00291538238525, "Rank-5": 94.1690981388092, "Rank-10": 94.51894760131836}, "best_epoch": 1}
{"event": "epoch", "dataset": "RGBNT100", "epoch": 44, "steps": 131, "mean_loss": 0.7060561776161194, "seconds": 48.31476358900545, "official_fused": {"mAP": 79.9018959562374, "Rank-1": 92.41982698440552, "Rank-5": 93.7609314918518, "Rank-10": 94.28571462631226}, "best_epoch": 1}
{"event": "epoch", "dataset": "RGBNT100", "epoch": 45, "steps": 132, "mean_loss": 0.706049155105244, "seconds": 48.83068926700798, "official_fused": {"mAP": 79.9282521246314, "Rank-1": 92.59475469589233, "Rank-5": 93.81924271583557, "Rank-10": 94.1690981388092}, "best_epoch": 1}
{"event": "epoch", "dataset": "RGBNT100", "epoch": 46, "steps": 132, "mean_loss": 0.7060409838503058, "seconds": 48.89487328499672, "official_fused": {"mAP": 79.89686666606943, "Rank-1": 92.53644347190857, "Rank-5": 93.81924271583557, "Rank-10": 94.22740340232849}, "best_epoch": 1}
{"event": "epoch", "dataset": "RGBNT100", "epoch": 47, "steps": 131, "mean_loss": 0.7060446784696506, "seconds": 48.31385616499756, "official_fused": {"mAP": 79.92138705771488, "Rank-1": 92.41982698440552, "Rank-5": 93.81924271583557, "Rank-10": 94.28571462631226}, "best_epoch": 1}
{"event": "epoch", "dataset": "RGBNT100", "epoch": 48, "steps": 130, "mean_loss": 0.706044328212738, "seconds": 48.105269216990564, "official_fused": {"mAP": 79.90156677351561, "Rank-1": 92.53644347190857, "Rank-5": 93.99417042732239, "Rank-10": 94.40233111381531}, "best_epoch": 1}
