/data/gaob/Re-ID/conda-envs/tri_reid/lib/python3.10/site-packages/timm/models/helpers.py:7: FutureWarning: Importing from timm.models.helpers is deprecated, please import via timm.models
  warnings.warn(f"Importing from {__name__} is deprecated, please import via timm.models", FutureWarning)
/data/gaob/Re-ID/conda-envs/tri_reid/lib/python3.10/site-packages/timm/models/registry.py:4: FutureWarning: Importing from timm.models.registry is deprecated, please import via timm.models
  warnings.warn(f"Importing from {__name__} is deprecated, please import via timm.models", FutureWarning)
/data/gaob/Re-ID/conda-envs/tri_reid/lib/python3.10/site-packages/timm/models/layers/__init__.py:48: FutureWarning: Importing from timm.models.layers is deprecated, please import via timm.layers
  warnings.warn(f"Importing from {__name__} is deprecated, please import via timm.layers", FutureWarning)
建立transformer............
using Transformer_type: ViT-B-16 as a backbone
Resized position embedding: %s to %s torch.Size([197, 768]) torch.Size([129, 768])
Position embedding resize to height:8 width: 16
Successfully load ckpt!
<All keys matched successfully>
Loading pretrained model from CLIP
camera number is : 8
===========Building Signal===========
{"variant": "local_memory", "query_rows": 1715, "gallery_rows": 8575, "max_replay_error_pp": 1.8281074716242074e-06}
建立transformer............
using Transformer_type: ViT-B-16 as a backbone
Resized position embedding: %s to %s torch.Size([197, 768]) torch.Size([129, 768])
Position embedding resize to height:8 width: 16
Successfully load ckpt!
<All keys matched successfully>
Loading pretrained model from CLIP
camera number is : 8
===========Building Signal===========
{"variant": "full_memory", "query_rows": 1715, "gallery_rows": 8575, "max_replay_error_pp": 1.1434360516204833e-06}
{"status": "COMPLETE_PAIRED_SLOT_DIAGNOSIS", "dataset": "RGBNT100", "completed_at": "2026-10-01T02:47:43.909576+08:00", "matrix_sha256": "35067bce6690e86e43a08f963ddc259ade704549d899f8b2ce58cfb1dcb3aa56", "source_sha256": "af6c92ab77dd702b5e1b4eae46eb099889952fb01b66929c41d8e9ff955e2b32", "endpoint_reports": {"local_memory": "2ae0fad3aae6abaf0f2263dbcdc018d50eb535adad360ac65d54218746816030", "full_memory": "a03d4fcf9f1523521a2f3c9ab12758ce083d310f8961509768fefaa01c6f1b42"}}
