/data/gaob/Re-ID/conda-envs/tri_reid/lib/python3.10/site-packages/timm/models/helpers.py:7: FutureWarning: Importing from timm.models.helpers is deprecated, please import via timm.models
  warnings.warn(f"Importing from {__name__} is deprecated, please import via timm.models", FutureWarning)
/data/gaob/Re-ID/conda-envs/tri_reid/lib/python3.10/site-packages/timm/models/registry.py:4: FutureWarning: Importing from timm.models.registry is deprecated, please import via timm.models
  warnings.warn(f"Importing from {__name__} is deprecated, please import via timm.models", FutureWarning)
/data/gaob/Re-ID/conda-envs/tri_reid/lib/python3.10/site-packages/timm/models/layers/__init__.py:48: FutureWarning: Importing from timm.models.layers is deprecated, please import via timm.layers
  warnings.warn(f"Importing from {__name__} is deprecated, please import via timm.layers", FutureWarning)
建立transformer............
using Transformer_type: ViT-B-16 as a backbone
Resized position embedding: %s to %s torch.Size([197, 768]) torch.Size([129, 768])
Position embedding resize to height:8 width: 16
Successfully load ckpt!
<All keys matched successfully>
Loading pretrained model from CLIP
camera number is : 8
===========Building Signal===========
{"event": "epoch", "dataset": "RGBNT100", "epoch": 1, "steps": 130, "mean_loss": 3.5360932753636285, "seconds": 51.02133826400677, "official_fused": {"mAP": 57.29659582382012, "Rank-1": 81.34110569953918, "Rank-5": 85.18950343132019, "Rank-10": 87.28863000869751}, "best_epoch": 1}
{"event": "epoch", "dataset": "RGBNT100", "epoch": 2, "steps": 131, "mean_loss": 1.5770073637707542, "seconds": 50.24115339400305, "official_fused": {"mAP": 73.46732940370444, "Rank-1": 91.95335507392883, "Rank-5": 93.1195318698883, "Rank-10": 93.7609314918518}, "best_epoch": 2}
{"event": "epoch", "dataset": "RGBNT100", "epoch": 3, "steps": 132, "mean_loss": 0.9073440066792748, "seconds": 50.7385303810006, "official_fused": {"mAP": 74.61787365736899, "Rank-1": 91.72011613845825, "Rank-5": 93.41107606887817, "Rank-10": 94.51894760131836}, "best_epoch": 3}
{"event": "epoch", "dataset": "RGBNT100", "epoch": 4, "steps": 131, "mean_loss": 0.8094075508700073, "seconds": 50.23845093999989, "official_fused": {"mAP": 75.14890261318776, "Rank-1": 92.59475469589233, "Rank-5": 94.28571462631226, "Rank-10": 94.98542547225952}, "best_epoch": 4}
{"event": "epoch", "dataset": "RGBNT100", "epoch": 5, "steps": 132, "mean_loss": 0.7687762573812947, "seconds": 50.67772133099788, "official_fused": {"mAP": 77.05099635674472, "Rank-1": 92.94460415840149, "Rank-5": 94.1690981388092, "Rank-10": 94.57725882530212}, "best_epoch": 5}
{"event": "epoch", "dataset": "RGBNT100", "epoch": 6, "steps": 131, "mean_loss": 0.7407075089352732, "seconds": 50.797355643997435, "official_fused": {"mAP": 75.47125599667996, "Rank-1": 91.48688316345215, "Rank-5": 93.00291538238525, "Rank-10": 93.70262622833252}, "best_epoch": 5}
{"event": "epoch", "dataset": "RGBNT100", "epoch": 7, "steps": 132, "mean_loss": 0.7293905873190273, "seconds": 50.85384678799892, "official_fused": {"mAP": 70.23656324122078, "Rank-1": 90.90378880500793, "Rank-5": 92.36151576042175, "Rank-10": 92.94460415840149}, "best_epoch": 5}
{"event": "epoch", "dataset": "RGBNT100", "epoch": 8, "steps": 131, "mean_loss": 0.7410576329886458, "seconds": 50.452715046994854, "official_fused": {"mAP": 75.81809465936111, "Rank-1": 91.8367326259613, "Rank-5": 93.29445958137512, "Rank-10": 93.7609314918518}, "best_epoch": 5}
{"event": "epoch", "dataset": "RGBNT100", "epoch": 9, "steps": 130, "mean_loss": 0.7257998792024759, "seconds": 50.00648429499415, "official_fused": {"mAP": 77.12438572761658, "Rank-1": 93.06122660636902, "Rank-5": 94.05247569084167, "Rank-10": 94.57725882530212}, "best_epoch": 9}
{"event": "epoch", "dataset": "RGBNT100", "epoch": 10, "steps": 132, "mean_loss": 0.7163175344467163, "seconds": 50.3309189970023, "official_fused": {"mAP": 76.45079931067345, "Rank-1": 92.4781322479248, "Rank-5": 93.70262622833252, "Rank-10": 94.51894760131836}, "best_epoch": 9}
{"event": "epoch", "dataset": "RGBNT100", "epoch": 11, "steps": 131, "mean_loss": 0.713440143425046, "seconds": 50.01009958400391, "official_fused": {"mAP": 76.95957920563842, "Rank-1": 92.30320453643799, "Rank-5": 93.81924271583557, "Rank-10": 94.51894760131836}, "best_epoch": 9}
{"event": "epoch", "dataset": "RGBNT100", "epoch": 12, "steps": 131, "mean_loss": 0.7136330031256639, "seconds": 50.3323860100063, "official_fused": {"mAP": 75.98108567170311, "Rank-1": 91.07871651649475, "Rank-5": 92.71137118339539, "Rank-10": 93.70262622833252}, "best_epoch": 9}
{"event": "epoch", "dataset": "RGBNT100", "epoch": 13, "steps": 131, "mean_loss": 0.7117508968324152, "seconds": 50.78111495899793, "official_fused": {"mAP": 75.57914357404889, "Rank-1": 92.59475469589233, "Rank-5": 93.70262622833252, "Rank-10": 94.28571462631226}, "best_epoch": 9}
{"event": "epoch", "dataset": "RGBNT100", "epoch": 14, "steps": 132, "mean_loss": 0.7211538219090664, "seconds": 50.28289179501007, "official_fused": {"mAP": 72.08157710403447, "Rank-1": 90.78717231750488, "Rank-5": 91.95335507392883, "Rank-10": 92.71137118339539}, "best_epoch": 9}
{"event": "epoch", "dataset": "RGBNT100", "epoch": 15, "steps": 129, "mean_loss": 0.7954603770906611, "seconds": 49.55455435399199, "official_fused": {"mAP": 76.18635715514722, "Rank-1": 93.29445958137512, "Rank-5": 94.69387531280518, "Rank-10": 95.27696967124939}, "best_epoch": 9}
{"event": "epoch", "dataset": "RGBNT100", "epoch": 16, "steps": 131, "mean_loss": 0.7258779188148848, "seconds": 50.2131664139888, "official_fused": {"mAP": 77.99133772593558, "Rank-1": 93.41107606887817, "Rank-5": 94.1690981388092, "Rank-10": 94.86880302429199}, "best_epoch": 16}
{"event": "epoch", "dataset": "RGBNT100", "epoch": 17, "steps": 132, "mean_loss": 0.7157045128670606, "seconds": 50.48558906400285, "official_fused": {"mAP": 77.28817447023475, "Rank-1": 93.7609314918518, "Rank-5": 94.57725882530212, "Rank-10": 95.04373073577881}, "best_epoch": 16}
{"event": "epoch", "dataset": "RGBNT100", "epoch": 18, "steps": 132, "mean_loss": 0.7131584241534724, "seconds": 50.914479319006205, "official_fused": {"mAP": 77.32356663709395, "Rank-1": 93.5276985168457, "Rank-5": 94.46064233779907, "Rank-10": 95.21865844726562}, "best_epoch": 16}
{"event": "epoch", "dataset": "RGBNT100", "epoch": 19, "steps": 132, "mean_loss": 0.7118331722237847, "seconds": 50.93102391100547, "official_fused": {"mAP": 77.40393017195167, "Rank-1": 92.94460415840149, "Rank-5": 93.81924271583557, "Rank-10": 94.51894760131836}, "best_epoch": 16}
{"event": "epoch", "dataset": "RGBNT100", "epoch": 20, "steps": 132, "mean_loss": 0.7109478666926875, "seconds": 50.3943579379993, "official_fused": {"mAP": 76.60388837268502, "Rank-1": 92.2448992729187, "Rank-5": 93.5276985168457, "Rank-10": 94.05247569084167}, "best_epoch": 16}
{"event": "epoch", "dataset": "RGBNT100", "epoch": 21, "steps": 131, "mean_loss": 0.7111784356241008, "seconds": 50.42940898500092, "official_fused": {"mAP": 76.22902312836347, "Rank-1": 92.12828278541565, "Rank-5": 93.58600378036499, "Rank-10": 94.1690981388092}, "best_epoch": 16}
{"event": "epoch", "dataset": "RGBNT100", "epoch": 22, "steps": 132, "mean_loss": 0.710589429194277, "seconds": 50.66414533200441, "official_fused": {"mAP": 76.8304297581293, "Rank-1": 92.36151576042175, "Rank-5": 93.7609314918518, "Rank-10": 94.34402585029602}, "best_epoch": 16}
{"event": "epoch", "dataset": "RGBNT100", "epoch": 23, "steps": 131, "mean_loss": 0.7103258553352064, "seconds": 50.33415265000076, "official_fused": {"mAP": 75.8439775999074, "Rank-1": 91.89504384994507, "Rank-5": 93.5276985168457, "Rank-10": 94.22740340232849}, "best_epoch": 16}
{"event": "epoch", "dataset": "RGBNT100", "epoch": 24, "steps": 130, "mean_loss": 0.7107898175716401, "seconds": 49.81248664400482, "official_fused": {"mAP": 76.02331118812118, "Rank-1": 92.01166033744812, "Rank-5": 93.06122660636902, "Rank-10": 93.64431500434875}, "best_epoch": 16}
{"event": "epoch", "dataset": "RGBNT100", "epoch": 25, "steps": 132, "mean_loss": 0.7109483354019396, "seconds": 50.78468704500119, "official_fused": {"mAP": 76.57667857144321, "Rank-1": 92.94460415840149, "Rank-5": 94.28571462631226, "Rank-10": 94.75218653678894}, "best_epoch": 16}
{"event": "epoch", "dataset": "RGBNT100", "epoch": 26, "steps": 131, "mean_loss": 0.7092696610297865, "seconds": 50.087960662000114, "official_fused": {"mAP": 75.26825875310394, "Rank-1": 91.54518842697144, "Rank-5": 93.17784309387207, "Rank-10": 93.7609314918518}, "best_epoch": 16}
{"event": "epoch", "dataset": "RGBNT100", "epoch": 27, "steps": 131, "mean_loss": 0.7089805416478455, "seconds": 49.93059437299962, "official_fused": {"mAP": 75.59583967775096, "Rank-1": 92.41982698440552, "Rank-5": 93.35277080535889, "Rank-10": 93.93585920333862}, "best_epoch": 16}
{"event": "epoch", "dataset": "RGBNT100", "epoch": 28, "steps": 130, "mean_loss": 0.7089473325472612, "seconds": 49.79104015100165, "official_fused": {"mAP": 75.63554369162333, "Rank-1": 91.8367326259613, "Rank-5": 93.1195318698883, "Rank-10": 93.58600378036499}, "best_epoch": 16}
{"event": "epoch", "dataset": "RGBNT100", "epoch": 29, "steps": 131, "mean_loss": 0.7086870401870203, "seconds": 50.31200469000032, "official_fused": {"mAP": 75.19260071943778, "Rank-1": 92.18658804893494, "Rank-5": 93.46938729286194, "Rank-10": 94.1690981388092}, "best_epoch": 16}
{"event": "epoch", "dataset": "RGBNT100", "epoch": 30, "steps": 132, "mean_loss": 0.7086624945655013, "seconds": 50.48601301200688, "official_fused": {"mAP": 75.41533682087001, "Rank-1": 92.2448992729187, "Rank-5": 93.5276985168457, "Rank-10": 94.22740340232849}, "best_epoch": 16}
{"event": "epoch", "dataset": "RGBNT100", "epoch": 31, "steps": 131, "mean_loss": 0.7082793034670007, "seconds": 50.402009997997084, "official_fused": {"mAP": 75.17014868902334, "Rank-1": 91.72011613845825, "Rank-5": 92.82798767089844, "Rank-10": 93.46938729286194}, "best_epoch": 16}
{"event": "epoch", "dataset": "RGBNT100", "epoch": 32, "steps": 131, "mean_loss": 0.707922904091027, "seconds": 50.30712168899481, "official_fused": {"mAP": 74.47767231588057, "Rank-1": 91.1953330039978, "Rank-5": 92.82798767089844, "Rank-10": 93.7609314918518}, "best_epoch": 16}
