/data/gaob/Re-ID/conda-envs/tri_reid/lib/python3.10/site-packages/timm/models/helpers.py:7: FutureWarning: Importing from timm.models.helpers is deprecated, please import via timm.models
  warnings.warn(f"Importing from {__name__} is deprecated, please import via timm.models", FutureWarning)
/data/gaob/Re-ID/conda-envs/tri_reid/lib/python3.10/site-packages/timm/models/registry.py:4: FutureWarning: Importing from timm.models.registry is deprecated, please import via timm.models
  warnings.warn(f"Importing from {__name__} is deprecated, please import via timm.models", FutureWarning)
/data/gaob/Re-ID/conda-envs/tri_reid/lib/python3.10/site-packages/timm/models/layers/__init__.py:48: FutureWarning: Importing from timm.models.layers is deprecated, please import via timm.layers
  warnings.warn(f"Importing from {__name__} is deprecated, please import via timm.layers", FutureWarning)
建立transformer............
using Transformer_type: ViT-B-16 as a backbone
Resized position embedding: %s to %s torch.Size([197, 768]) torch.Size([129, 768])
Position embedding resize to height:8 width: 16
Successfully load ckpt!
<All keys matched successfully>
Loading pretrained model from CLIP
camera number is : 8
===========Building Signal===========
{"variant": "local_memory", "query_rows": 591, "gallery_rows": 1055, "max_replay_error_pp": 2.5213470706830776e-06}
建立transformer............
using Transformer_type: ViT-B-16 as a backbone
Resized position embedding: %s to %s torch.Size([197, 768]) torch.Size([129, 768])
Position embedding resize to height:8 width: 16
Successfully load ckpt!
<All keys matched successfully>
Loading pretrained model from CLIP
camera number is : 8
===========Building Signal===========
{"variant": "full_memory", "query_rows": 591, "gallery_rows": 1055, "max_replay_error_pp": 2.5213470706830776e-06}
{"status": "COMPLETE_PAIRED_SLOT_DIAGNOSIS", "dataset": "MSVR310", "completed_at": "2026-10-01T01:37:25.582901+08:00", "matrix_sha256": "91f3504929f24b464c4becc10bc4a7ee8c522408cebf439f13994152d534fc2d", "source_sha256": "af6c92ab77dd702b5e1b4eae46eb099889952fb01b66929c41d8e9ff955e2b32", "endpoint_reports": {"local_memory": "fea3f28ff49918103be37ab05c8325386f1cc7d9c417992e5cdd2a06941e5f3a", "full_memory": "00c40a77e488c436285fb70926940c8a50f807c5d2d803020d9412cd01f0a8d0"}}
