/data/gaob/Re-ID/conda-envs/tri_reid/lib/python3.10/site-packages/timm/models/helpers.py:7: FutureWarning: Importing from timm.models.helpers is deprecated, please import via timm.models
  warnings.warn(f"Importing from {__name__} is deprecated, please import via timm.models", FutureWarning)
/data/gaob/Re-ID/conda-envs/tri_reid/lib/python3.10/site-packages/timm/models/registry.py:4: FutureWarning: Importing from timm.models.registry is deprecated, please import via timm.models
  warnings.warn(f"Importing from {__name__} is deprecated, please import via timm.models", FutureWarning)
/data/gaob/Re-ID/conda-envs/tri_reid/lib/python3.10/site-packages/timm/models/layers/__init__.py:48: FutureWarning: Importing from timm.models.layers is deprecated, please import via timm.layers
  warnings.warn(f"Importing from {__name__} is deprecated, please import via timm.layers", FutureWarning)
建立transformer............
using Transformer_type: ViT-B-16 as a backbone
Resized position embedding: %s to %s torch.Size([197, 768]) torch.Size([129, 768])
Position embedding resize to height:16 width: 8
Successfully load ckpt!
<All keys matched successfully>
Loading pretrained model from CLIP
camera number is : 4
===========Building Signal===========
{"variant": "local_memory", "query_rows": 836, "gallery_rows": 836, "max_replay_error_pp": 3.992655592810479e-07}
建立transformer............
using Transformer_type: ViT-B-16 as a backbone
Resized position embedding: %s to %s torch.Size([197, 768]) torch.Size([129, 768])
Position embedding resize to height:16 width: 8
Successfully load ckpt!
<All keys matched successfully>
Loading pretrained model from CLIP
camera number is : 4
===========Building Signal===========
{"variant": "full_memory", "query_rows": 836, "gallery_rows": 836, "max_replay_error_pp": 2.737821006348895e-06}
{"status": "COMPLETE_PAIRED_SLOT_DIAGNOSIS", "dataset": "RGBNT201", "completed_at": "2026-10-01T01:37:23.059221+08:00", "matrix_sha256": "91f3504929f24b464c4becc10bc4a7ee8c522408cebf439f13994152d534fc2d", "source_sha256": "af6c92ab77dd702b5e1b4eae46eb099889952fb01b66929c41d8e9ff955e2b32", "endpoint_reports": {"local_memory": "001dd2543407c765d96910377050bfeb509607bb4efb85e0eabdfb34e402e289", "full_memory": "069b6be28b3abd9d2635cadad0b31ea51c0a1aa9b16b67526740a56a846ad7c4"}}
