{
  "status": "PASS_COMPLETE_LOCAL_ANALYSIS_AND_TEXT_INTAKE",
  "generated_at": "2026-09-20T10:05:20.347184+00:00",
  "intake_files": 159,
  "intake_bytes": 13715377,
  "condition_rows": 120,
  "aggregate_rows": 40,
  "pair_rows": 20,
  "csv_rows": 180,
  "max_numeric_error": 1.4210854715202004e-14,
  "fold_scope": [
    {
      "fold": 0,
      "source_records": 672,
      "source_identities": 103,
      "cross_scene_identities": 40,
      "cross_scene_records": 390
    },
    {
      "fold": 1,
      "source_records": 683,
      "source_identities": 103,
      "cross_scene_identities": 40,
      "cross_scene_records": 393
    },
    {
      "fold": 2,
      "source_records": 709,
      "source_identities": 104,
      "cross_scene_identities": 40,
      "cross_scene_records": 417
    }
  ],
  "report_table_and_gain_claims_match": true
}
{
  "fused": [
    {
      "endpoint": "control",
      "view": "clean",
      "output": "fused",
      "cross_scene": false,
      "full_eligible_members": 2064,
      "full_source_map": 99.10591682550216,
      "common_eligible_exposures": 49872,
      "total_anchor_exposures": 49920,
      "pool_missing_positive": 48,
      "common_candidate_map": 99.74918338913855,
      "common_full_map": 99.49024230528374
    },
    {
      "endpoint": "control",
      "view": "clean",
      "output": "fused",
      "cross_scene": true,
      "full_eligible_members": 1200,
      "full_source_map": 97.18565273548155,
      "common_eligible_exposures": 20496,
      "total_anchor_exposures": 49920,
      "pool_missing_positive": 168,
      "common_candidate_map": 98.89255293599525,
      "common_full_map": 97.82383223139843
    },
    {
      "endpoint": "control",
      "view": "augmented",
      "output": "fused",
      "cross_scene": false,
      "full_eligible_members": 2064,
      "full_source_map": 98.5914491840211,
      "common_eligible_exposures": 49872,
      "total_anchor_exposures": 49920,
      "pool_missing_positive": 48,
      "common_candidate_map": 99.6047491125331,
      "common_full_map": 99.19896475015243
    },
    {
      "endpoint": "control",
      "view": "augmented",
      "output": "fused",
      "cross_scene": true,
      "full_eligible_members": 1200,
      "full_source_map": 95.44449478390266,
      "common_eligible_exposures": 20496,
      "total_anchor_exposures": 49920,
      "pool_missing_positive": 168,
      "common_candidate_map": 98.15040039998449,
      "common_full_map": 96.40293568047959
    },
    {
      "endpoint": "smooth_ap",
      "view": "clean",
      "output": "fused",
      "cross_scene": false,
      "full_eligible_members": 2064,
      "full_source_map": 99.41914091926593,
      "common_eligible_exposures": 49872,
      "total_anchor_exposures": 49920,
      "pool_missing_positive": 48,
      "common_candidate_map": 99.84844216340323,
      "common_full_map": 99.6815873587596
    },
    {
      "endpoint": "smooth_ap",
      "view": "clean",
      "output": "fused",
      "cross_scene": true,
      "full_eligible_members": 1200,
      "full_source_map": 98.22492288393293,
      "common_eligible_exposures": 20496,
      "total_anchor_exposures": 49920,
      "pool_missing_positive": 168,
      "common_candidate_map": 99.36283203185349,
      "common_full_map": 98.70999978955001
    },
    {
      "endpoint": "smooth_ap",
      "view": "augmented",
      "output": "fused",
      "cross_scene": false,
      "full_eligible_members": 2064,
      "full_source_map": 98.93407676605646,
      "common_eligible_exposures": 49872,
      "total_anchor_exposures": 49920,
      "pool_missing_positive": 48,
      "common_candidate_map": 99.68229310492394,
      "common_full_map": 99.31849659774439
    },
    {
      "endpoint": "smooth_ap",
      "view": "augmented",
      "output": "fused",
      "cross_scene": true,
      "full_eligible_members": 1200,
      "full_source_map": 96.67292176108582,
      "common_eligible_exposures": 20496,
      "total_anchor_exposures": 49920,
      "pool_missing_positive": 168,
      "common_candidate_map": 98.66599827170894,
      "common_full_map": 97.38481523787581
    }
  ],
  "highlight": [
    {
      "view": "augmented",
      "output": "baseline_only",
      "cross_scene": true,
      "eligible_members": 1200,
      "ap_gain_pp": 0.0,
      "control_rank1": 89.16666666666667,
      "candidate_rank1": 89.16666666666667,
      "better": 0,
      "worse": 0,
      "control_inverted_positive_positions": 3107,
      "candidate_inverted_positive_positions": 3107
    },
    {
      "view": "augmented",
      "output": "fused",
      "cross_scene": true,
      "eligible_members": 1200,
      "ap_gain_pp": 1.2284269771831715,
      "control_rank1": 96.58333333333333,
      "candidate_rank1": 97.91666666666667,
      "better": 251,
      "worse": 70,
      "control_inverted_positive_positions": 1214,
      "candidate_inverted_positive_positions": 1002
    },
    {
      "view": "augmented",
      "output": "cnn",
      "cross_scene": true,
      "eligible_members": 1200,
      "ap_gain_pp": 1.7589405633974817,
      "control_rank1": 95.25,
      "candidate_rank1": 97.0,
      "better": 345,
      "worse": 104,
      "control_inverted_positive_positions": 1676,
      "candidate_inverted_positive_positions": 1404
    },
    {
      "view": "augmented",
      "output": "transformer",
      "cross_scene": true,
      "eligible_members": 1200,
      "ap_gain_pp": 1.4290358191102408,
      "control_rank1": 96.41666666666667,
      "candidate_rank1": 97.66666666666667,
      "better": 277,
      "worse": 80,
      "control_inverted_positive_positions": 1306,
      "candidate_inverted_positive_positions": 1027
    },
    {
      "view": "augmented",
      "output": "mamba",
      "cross_scene": true,
      "eligible_members": 1200,
      "ap_gain_pp": 1.6072113355520337,
      "control_rank1": 93.91666666666667,
      "candidate_rank1": 95.58333333333333,
      "better": 348,
      "worse": 118,
      "control_inverted_positive_positions": 1955,
      "candidate_inverted_positive_positions": 1755
    }
  ]
}
