/root/miniconda3/envs/tri_reid/lib/python3.10/site-packages/timm/models/helpers.py:7: FutureWarning: Importing from timm.models.helpers is deprecated, please import via timm.models
  warnings.warn(f"Importing from {__name__} is deprecated, please import via timm.models", FutureWarning)
/root/miniconda3/envs/tri_reid/lib/python3.10/site-packages/timm/models/registry.py:4: FutureWarning: Importing from timm.models.registry is deprecated, please import via timm.models
  warnings.warn(f"Importing from {__name__} is deprecated, please import via timm.models", FutureWarning)
/root/miniconda3/envs/tri_reid/lib/python3.10/site-packages/timm/models/layers/__init__.py:48: FutureWarning: Importing from timm.models.layers is deprecated, please import via timm.layers
  warnings.warn(f"Importing from {__name__} is deprecated, please import via timm.layers", FutureWarning)
建立transformer............
using Transformer_type: ViT-B-16 as a backbone
Resized position embedding: %s to %s torch.Size([197, 768]) torch.Size([129, 768])
Position embedding resize to height:16 width: 8
Successfully load ckpt!
<All keys matched successfully>
Loading pretrained model from CLIP
camera number is : 4
===========Building Signal===========
{"fold": 0, "epoch": 1, "completed_batches": 29, "model_forwards": 58, "elapsed_seconds": 49.2185161113739}
{"fold": 0, "epoch": 2, "completed_batches": 58, "model_forwards": 116, "elapsed_seconds": 86.45387482643127}
{"fold": 0, "epoch": 3, "completed_batches": 87, "model_forwards": 174, "elapsed_seconds": 123.70220184326172}
{"fold": 0, "epoch": 4, "completed_batches": 116, "model_forwards": 232, "elapsed_seconds": 160.94439339637756}
{"fold": 0, "epoch": 5, "completed_batches": 145, "model_forwards": 290, "elapsed_seconds": 198.28675365447998}
{"fold": 0, "epoch": 6, "completed_batches": 174, "model_forwards": 348, "elapsed_seconds": 235.66962599754333}
{"fold": 0, "epoch": 7, "completed_batches": 203, "model_forwards": 406, "elapsed_seconds": 272.9566195011139}
{"fold": 0, "epoch": 8, "completed_batches": 232, "model_forwards": 464, "elapsed_seconds": 310.362473487854}
{"fold": 0, "epoch": 9, "completed_batches": 261, "model_forwards": 522, "elapsed_seconds": 347.69488978385925}
{"fold": 0, "epoch": 10, "completed_batches": 290, "model_forwards": 580, "elapsed_seconds": 385.3005404472351}
{"fold": 0, "epoch": 11, "completed_batches": 319, "model_forwards": 638, "elapsed_seconds": 422.773642539978}
{"fold": 0, "epoch": 12, "completed_batches": 348, "model_forwards": 696, "elapsed_seconds": 460.13780784606934}
{"fold": 0, "epoch": 13, "completed_batches": 377, "model_forwards": 754, "elapsed_seconds": 497.4363269805908}
{"fold": 0, "epoch": 14, "completed_batches": 406, "model_forwards": 812, "elapsed_seconds": 534.9471249580383}
{"fold": 0, "epoch": 15, "completed_batches": 435, "model_forwards": 870, "elapsed_seconds": 572.3541164398193}
{"fold": 0, "epoch": 16, "completed_batches": 464, "model_forwards": 928, "elapsed_seconds": 609.5730080604553}
{"fold": 0, "epoch": 17, "completed_batches": 493, "model_forwards": 986, "elapsed_seconds": 647.1495010852814}
{"fold": 0, "epoch": 18, "completed_batches": 522, "model_forwards": 1044, "elapsed_seconds": 684.5435969829559}
{"fold": 0, "epoch": 19, "completed_batches": 551, "model_forwards": 1102, "elapsed_seconds": 721.8139581680298}
{"fold": 0, "epoch": 20, "completed_batches": 580, "model_forwards": 1160, "elapsed_seconds": 759.0864510536194}
建立transformer............
using Transformer_type: ViT-B-16 as a backbone
Resized position embedding: %s to %s torch.Size([197, 768]) torch.Size([129, 768])
Position embedding resize to height:16 width: 8
Successfully load ckpt!
<All keys matched successfully>
Loading pretrained model from CLIP
camera number is : 4
===========Building Signal===========
{"fold": 1, "epoch": 1, "completed_batches": 608, "model_forwards": 1216, "elapsed_seconds": 801.5144531726837}
{"fold": 1, "epoch": 2, "completed_batches": 636, "model_forwards": 1272, "elapsed_seconds": 837.6926801204681}
{"fold": 1, "epoch": 3, "completed_batches": 664, "model_forwards": 1328, "elapsed_seconds": 873.9706671237946}
{"fold": 1, "epoch": 4, "completed_batches": 692, "model_forwards": 1384, "elapsed_seconds": 910.0280430316925}
{"fold": 1, "epoch": 5, "completed_batches": 720, "model_forwards": 1440, "elapsed_seconds": 945.9945216178894}
{"fold": 1, "epoch": 6, "completed_batches": 748, "model_forwards": 1496, "elapsed_seconds": 982.143488407135}
{"fold": 1, "epoch": 7, "completed_batches": 776, "model_forwards": 1552, "elapsed_seconds": 1018.3674900531769}
{"fold": 1, "epoch": 8, "completed_batches": 804, "model_forwards": 1608, "elapsed_seconds": 1054.4948964118958}
{"fold": 1, "epoch": 9, "completed_batches": 832, "model_forwards": 1664, "elapsed_seconds": 1090.5133471488953}
{"fold": 1, "epoch": 10, "completed_batches": 860, "model_forwards": 1720, "elapsed_seconds": 1126.7477173805237}
{"fold": 1, "epoch": 11, "completed_batches": 888, "model_forwards": 1776, "elapsed_seconds": 1163.0771992206573}
{"fold": 1, "epoch": 12, "completed_batches": 916, "model_forwards": 1832, "elapsed_seconds": 1199.2962019443512}
{"fold": 1, "epoch": 13, "completed_batches": 944, "model_forwards": 1888, "elapsed_seconds": 1235.4740538597107}
{"fold": 1, "epoch": 14, "completed_batches": 972, "model_forwards": 1944, "elapsed_seconds": 1271.7507815361023}
{"fold": 1, "epoch": 15, "completed_batches": 1000, "model_forwards": 2000, "elapsed_seconds": 1308.0221915245056}
{"fold": 1, "epoch": 16, "completed_batches": 1028, "model_forwards": 2056, "elapsed_seconds": 1344.3395943641663}
{"fold": 1, "epoch": 17, "completed_batches": 1056, "model_forwards": 2112, "elapsed_seconds": 1380.613930940628}
{"fold": 1, "epoch": 18, "completed_batches": 1084, "model_forwards": 2168, "elapsed_seconds": 1416.8065104484558}
{"fold": 1, "epoch": 19, "completed_batches": 1112, "model_forwards": 2224, "elapsed_seconds": 1453.3429579734802}
{"fold": 1, "epoch": 20, "completed_batches": 1140, "model_forwards": 2280, "elapsed_seconds": 1489.7843890190125}
建立transformer............
using Transformer_type: ViT-B-16 as a backbone
Resized position embedding: %s to %s torch.Size([197, 768]) torch.Size([129, 768])
Position embedding resize to height:16 width: 8
Successfully load ckpt!
<All keys matched successfully>
Loading pretrained model from CLIP
camera number is : 4
===========Building Signal===========
{"fold": 2, "epoch": 1, "completed_batches": 1167, "model_forwards": 2334, "elapsed_seconds": 1532.041559457779}
{"fold": 2, "epoch": 2, "completed_batches": 1194, "model_forwards": 2388, "elapsed_seconds": 1567.0068159103394}
{"fold": 2, "epoch": 3, "completed_batches": 1221, "model_forwards": 2442, "elapsed_seconds": 1601.9895169734955}
{"fold": 2, "epoch": 4, "completed_batches": 1248, "model_forwards": 2496, "elapsed_seconds": 1636.986436843872}
{"fold": 2, "epoch": 5, "completed_batches": 1275, "model_forwards": 2550, "elapsed_seconds": 1671.9254953861237}
{"fold": 2, "epoch": 6, "completed_batches": 1302, "model_forwards": 2604, "elapsed_seconds": 1707.0239100456238}
{"fold": 2, "epoch": 7, "completed_batches": 1329, "model_forwards": 2658, "elapsed_seconds": 1742.1011366844177}
{"fold": 2, "epoch": 8, "completed_batches": 1356, "model_forwards": 2712, "elapsed_seconds": 1777.148901939392}
{"fold": 2, "epoch": 9, "completed_batches": 1383, "model_forwards": 2766, "elapsed_seconds": 1812.2690482139587}
{"fold": 2, "epoch": 10, "completed_batches": 1410, "model_forwards": 2820, "elapsed_seconds": 1847.2342233657837}
{"fold": 2, "epoch": 11, "completed_batches": 1437, "model_forwards": 2874, "elapsed_seconds": 1882.260102033615}
{"fold": 2, "epoch": 12, "completed_batches": 1464, "model_forwards": 2928, "elapsed_seconds": 1917.3016285896301}
{"fold": 2, "epoch": 13, "completed_batches": 1491, "model_forwards": 2982, "elapsed_seconds": 1952.270096063614}
{"fold": 2, "epoch": 14, "completed_batches": 1518, "model_forwards": 3036, "elapsed_seconds": 1987.29665517807}
{"fold": 2, "epoch": 15, "completed_batches": 1545, "model_forwards": 3090, "elapsed_seconds": 2022.2737674713135}
{"fold": 2, "epoch": 16, "completed_batches": 1572, "model_forwards": 3144, "elapsed_seconds": 2057.126230239868}
{"fold": 2, "epoch": 17, "completed_batches": 1599, "model_forwards": 3198, "elapsed_seconds": 2092.0960178375244}
{"fold": 2, "epoch": 18, "completed_batches": 1626, "model_forwards": 3252, "elapsed_seconds": 2127.09525346756}
{"fold": 2, "epoch": 19, "completed_batches": 1653, "model_forwards": 3306, "elapsed_seconds": 2162.144209623337}
{"fold": 2, "epoch": 20, "completed_batches": 1680, "model_forwards": 3360, "elapsed_seconds": 2197.3819782733917}
{"status": "COMPLETE_FIXED_SOURCE_JOINT_SCALE_DIAGNOSTIC_PENDING_CPU_VERIFICATION", "model_forwards": 3360, "slot_observations": 1935360, "optimizer_updates": 0}
{"status": "PASS_COMPLETE_SOURCE_JOINT_SCALE_ARRAYS_AND_GEOMETRY", "verified_at": "2026-09-07T11:45:39.527312+08:00", "execution_commit": "4158c95ca639721e584d1e7271219f0f3b557cc3", "source_summary_sha256": "1b157dfa10c39c8c8b17e153f6517041ad9e027198455c4647a82754ab73d0f8", "verifier_sha256": "e870236173358764b230c3925a0550ebed2e469d1d2b78d7af07ccb2d6abb730", "contract_sha256": "f32293b64d9343ab308b3e9cd95cd41a6722630a34026ff42fafcf0ef2cd398e", "checked_batches": 1680, "checked_slots": 1935360, "checked_scalar_values": 30965760, "registered_active_batches": 819, "maximum_cpu_gpu_scaled_error": 2.1971677349759404e-07, "overall_by_view": {"original": {"observations": 967680, "zero_c": 0, "zero_sum": 0, "ratio_gt1": 430080, "ratio_gt10": 430080, "ratio_gt100": 418246, "cos_y_h_negative": 207827, "cos_y_h_lt_half": 430080, "cos_y_c_ge_099": 430080, "closer_to_c": 430080, "correction_abs_mean": 348.8244077435777, "h_norm_mean": 0.9999999875578507, "c_norm_mean": 11547.617407669668, "sum_norm_mean": 11548.089566404147, "c_to_h_norm_mean": 11547.61761677051, "cos_y_h_mean": 0.544961457896262, "cos_y_c_mean": 0.6330709541929385, "cos_h_c_mean": 0.08711925539408687, "distance_y_h_unit_mean": 0.735169476849788}, "registered_style": {"observations": 967680, "zero_c": 0, "zero_sum": 0, "ratio_gt1": 430081, "ratio_gt10": 430080, "ratio_gt100": 418911, "cos_y_h_negative": 208011, "cos_y_h_lt_half": 430080, "cos_y_c_ge_099": 430080, "closer_to_c": 430081, "correction_abs_mean": 351.66132970874287, "h_norm_mean": 0.9999999875553869, "c_norm_mean": 11638.046461669934, "sum_norm_mean": 11638.518848351589, "c_to_h_norm_mean": 11638.046673830733, "cos_y_h_mean": 0.5450161293926464, "cos_y_c_mean": 0.6323926674991742, "cos_h_c_mean": 0.08678205682963741, "distance_y_h_unit_mean": 0.734780925908303}}, "cells_csv_sha256": "754264654f41e153a93edfb3d9b1fffcfc1523efc319b27231b3d78af8efccd1", "identity_csv_sha256": "688c758b43aa4ba3d8d5ea456a40d96933816db197a1e7123cacee39185f58df", "new_model_forwards": 0, "new_optimizer_updates": 0, "image_reads": 0, "raw_vectors_retained": false, "independent_external_review": false, "boundary": "All raw h/c/y vectors were checked on CPU against GPU in the original diagnostic forward, then discarded. This verifier recomputes all persisted scalar statistics, not raw vector dot products or images.", "elapsed_seconds": 10.778849601745605}
