/data/gaob/Re-ID/conda-envs/tri_reid/lib/python3.10/site-packages/timm/models/helpers.py:7: FutureWarning: Importing from timm.models.helpers is deprecated, please import via timm.models
  warnings.warn(f"Importing from {__name__} is deprecated, please import via timm.models", FutureWarning)
/data/gaob/Re-ID/conda-envs/tri_reid/lib/python3.10/site-packages/timm/models/registry.py:4: FutureWarning: Importing from timm.models.registry is deprecated, please import via timm.models
  warnings.warn(f"Importing from {__name__} is deprecated, please import via timm.models", FutureWarning)
/data/gaob/Re-ID/conda-envs/tri_reid/lib/python3.10/site-packages/timm/models/layers/__init__.py:48: FutureWarning: Importing from timm.models.layers is deprecated, please import via timm.layers
  warnings.warn(f"Importing from {__name__} is deprecated, please import via timm.layers", FutureWarning)
建立transformer............
using Transformer_type: ViT-B-16 as a backbone
Resized position embedding: %s to %s torch.Size([197, 768]) torch.Size([129, 768])
Position embedding resize to height:8 width: 16
Successfully load ckpt!
<All keys matched successfully>
Loading pretrained model from CLIP
camera number is : 8
===========Building Signal===========
{"event": "epoch", "dataset": "MSVR310", "recipe": "raw", "epoch": 1, "steps": 20, "mean_loss": 7.029252934455871, "seconds": 12.125424214988016, "official_fused": {"mAP": 15.063143036695525, "Rank-1": 35.87140440940857, "Rank-5": 55.32994866371155, "Rank-10": 61.08291149139404}}
{"event": "epoch", "dataset": "MSVR310", "recipe": "raw", "epoch": 2, "steps": 20, "mean_loss": 5.930217528343201, "seconds": 10.716519311012235, "official_fused": {"mAP": 21.53219466223565, "Rank-1": 43.654823303222656, "Rank-5": 63.79018425941467, "Rank-10": 71.40439748764038}}
{"event": "epoch", "dataset": "MSVR310", "recipe": "raw", "epoch": 3, "steps": 20, "mean_loss": 5.3471956014633175, "seconds": 10.663260752015049, "official_fused": {"mAP": 26.92603532615534, "Rank-1": 49.74619150161743, "Rank-5": 67.3434853553772, "Rank-10": 74.9576985836029}}
{"event": "epoch", "dataset": "MSVR310", "recipe": "raw", "epoch": 4, "steps": 20, "mean_loss": 4.671679091453552, "seconds": 10.312525394983822, "official_fused": {"mAP": 30.995150944869014, "Rank-1": 51.099830865859985, "Rank-5": 70.38916945457458, "Rank-10": 77.66497731208801}}
{"event": "epoch", "dataset": "MSVR310", "recipe": "raw", "epoch": 5, "steps": 20, "mean_loss": 3.9082592129707336, "seconds": 10.50362798300921, "official_fused": {"mAP": 35.147086589844406, "Rank-1": 55.668359994888306, "Rank-5": 71.40439748764038, "Rank-10": 77.15736031532288}}
{"event": "epoch", "dataset": "MSVR310", "recipe": "raw", "epoch": 6, "steps": 20, "mean_loss": 3.159588074684143, "seconds": 10.569685184018454, "official_fused": {"mAP": 39.24521105203822, "Rank-1": 58.375632762908936, "Rank-5": 76.48054361343384, "Rank-10": 83.58713984489441}}
{"event": "epoch", "dataset": "MSVR310", "recipe": "raw", "epoch": 7, "steps": 20, "mean_loss": 2.5994946718215943, "seconds": 10.785241315985331, "official_fused": {"mAP": 41.20733233178413, "Rank-1": 60.575294494628906, "Rank-5": 76.14213228225708, "Rank-10": 83.07952880859375}}
{"event": "epoch", "dataset": "MSVR310", "recipe": "raw", "epoch": 8, "steps": 20, "mean_loss": 2.1610219895839693, "seconds": 10.495970919990214, "official_fused": {"mAP": 42.062379076317285, "Rank-1": 60.06768345832825, "Rank-5": 76.9881546497345, "Rank-10": 82.91032314300537}}
{"event": "epoch", "dataset": "MSVR310", "recipe": "raw", "epoch": 9, "steps": 20, "mean_loss": 1.7890268206596374, "seconds": 10.649922810000135, "official_fused": {"mAP": 41.699595083280336, "Rank-1": 59.05245542526245, "Rank-5": 75.63451528549194, "Rank-10": 81.55668377876282}}
{"event": "epoch", "dataset": "MSVR310", "recipe": "raw", "epoch": 10, "steps": 20, "mean_loss": 1.5921472370624543, "seconds": 10.641305447992636, "official_fused": {"mAP": 44.265586010696865, "Rank-1": 62.77495622634888, "Rank-5": 79.6954333782196, "Rank-10": 83.75634551048279}}
{"event": "epoch", "dataset": "MSVR310", "recipe": "raw", "epoch": 11, "steps": 20, "mean_loss": 1.4111665308475494, "seconds": 10.475207490002504, "official_fused": {"mAP": 44.57757554665837, "Rank-1": 61.75972819328308, "Rank-5": 80.03383874893188, "Rank-10": 84.43316221237183}}
{"event": "epoch", "dataset": "MSVR310", "recipe": "raw", "epoch": 12, "steps": 20, "mean_loss": 1.3176104843616485, "seconds": 10.813965556997573, "official_fused": {"mAP": 46.38531108808584, "Rank-1": 64.63621258735657, "Rank-5": 81.04906678199768, "Rank-10": 85.10998487472534}}
{"event": "epoch", "dataset": "MSVR310", "recipe": "raw", "epoch": 13, "steps": 20, "mean_loss": 1.2206846237182618, "seconds": 10.726116464997176, "official_fused": {"mAP": 47.086986856610245, "Rank-1": 64.46700692176819, "Rank-5": 80.7106614112854, "Rank-10": 85.78680157661438}}
{"event": "epoch", "dataset": "MSVR310", "recipe": "raw", "epoch": 14, "steps": 20, "mean_loss": 1.1969531416893004, "seconds": 10.401100620016223, "official_fused": {"mAP": 45.47995452785105, "Rank-1": 63.45177888870239, "Rank-5": 79.86463904380798, "Rank-10": 84.94077920913696}}
{"event": "epoch", "dataset": "MSVR310", "recipe": "raw", "epoch": 15, "steps": 20, "mean_loss": 1.1812928855419158, "seconds": 10.699870547978207, "official_fused": {"mAP": 49.23648067325948, "Rank-1": 67.00507402420044, "Rank-5": 82.74111747741699, "Rank-10": 86.6328239440918}}
{"event": "epoch", "dataset": "MSVR310", "recipe": "raw", "epoch": 16, "steps": 20, "mean_loss": 1.1121171802282332, "seconds": 10.618306189018767, "official_fused": {"mAP": 49.98103409468364, "Rank-1": 69.71235275268555, "Rank-5": 84.43316221237183, "Rank-10": 87.30964660644531}}
{"event": "epoch", "dataset": "MSVR310", "recipe": "raw", "epoch": 17, "steps": 20, "mean_loss": 1.097186526656151, "seconds": 10.521246242016787, "official_fused": {"mAP": 47.7163547985416, "Rank-1": 66.66666865348816, "Rank-5": 82.57191181182861, "Rank-10": 86.80202960968018}}
{"event": "epoch", "dataset": "MSVR310", "recipe": "raw", "epoch": 18, "steps": 20, "mean_loss": 1.062916886806488, "seconds": 10.737622707005357, "official_fused": {"mAP": 50.016024202515496, "Rank-1": 69.03553009033203, "Rank-5": 83.41793417930603, "Rank-10": 87.30964660644531}}
{"event": "epoch", "dataset": "MSVR310", "recipe": "raw", "epoch": 19, "steps": 20, "mean_loss": 1.0718075782060623, "seconds": 10.911436402995605, "official_fused": {"mAP": 48.010050535048585, "Rank-1": 66.83587431907654, "Rank-5": 82.74111747741699, "Rank-10": 86.6328239440918}}
{"event": "epoch", "dataset": "MSVR310", "recipe": "raw", "epoch": 20, "steps": 20, "mean_loss": 1.037600177526474, "seconds": 10.696679701999528, "official_fused": {"mAP": 48.90301747231962, "Rank-1": 68.18950772285461, "Rank-5": 81.89509510993958, "Rank-10": 86.6328239440918}}
{"event": "epoch", "dataset": "MSVR310", "recipe": "raw", "epoch": 21, "steps": 20, "mean_loss": 1.0150967121124268, "seconds": 10.493352734978544, "official_fused": {"mAP": 47.0867430971685, "Rank-1": 65.65144062042236, "Rank-5": 82.23350048065186, "Rank-10": 86.80202960968018}}
{"event": "epoch", "dataset": "MSVR310", "recipe": "raw", "epoch": 22, "steps": 20, "mean_loss": 1.0124832808971405, "seconds": 10.584644257993205, "official_fused": {"mAP": 49.72517367485714, "Rank-1": 68.358713388443, "Rank-5": 83.92555117607117, "Rank-10": 87.98646330833435}}
{"event": "epoch", "dataset": "MSVR310", "recipe": "raw", "epoch": 23, "steps": 20, "mean_loss": 1.016936793923378, "seconds": 10.547413877007784, "official_fused": {"mAP": 51.57761561006768, "Rank-1": 70.55837512016296, "Rank-5": 85.617595911026, "Rank-10": 89.17089700698853}}
{"event": "epoch", "dataset": "MSVR310", "recipe": "raw", "epoch": 24, "steps": 20, "mean_loss": 1.0095628708600999, "seconds": 10.65182086697314, "official_fused": {"mAP": 50.88251535630023, "Rank-1": 69.20473575592041, "Rank-5": 84.77157354354858, "Rank-10": 89.00169134140015}}
{"event": "epoch", "dataset": "MSVR310", "recipe": "raw", "epoch": 25, "steps": 20, "mean_loss": 1.0111771166324615, "seconds": 10.559863052010769, "official_fused": {"mAP": 49.751670065441274, "Rank-1": 68.52791905403137, "Rank-5": 83.58713984489441, "Rank-10": 87.64805197715759}}
{"event": "epoch", "dataset": "MSVR310", "recipe": "raw", "epoch": 26, "steps": 20, "mean_loss": 0.9905539512634277, "seconds": 10.669148507993668, "official_fused": {"mAP": 49.46230852399867, "Rank-1": 68.358713388443, "Rank-5": 83.58713984489441, "Rank-10": 88.83248567581177}}
{"event": "epoch", "dataset": "MSVR310", "recipe": "raw", "epoch": 27, "steps": 20, "mean_loss": 0.9796313285827637, "seconds": 10.665425616985885, "official_fused": {"mAP": 47.90432942794959, "Rank-1": 65.82064032554626, "Rank-5": 82.74111747741699, "Rank-10": 87.47885227203369}}
{"event": "epoch", "dataset": "MSVR310", "recipe": "raw", "epoch": 28, "steps": 20, "mean_loss": 0.9783021032810211, "seconds": 10.462061559985159, "official_fused": {"mAP": 50.16330746873923, "Rank-1": 68.69712471961975, "Rank-5": 83.24872851371765, "Rank-10": 88.15566897392273}}
{"event": "epoch", "dataset": "MSVR310", "recipe": "raw", "epoch": 29, "steps": 20, "mean_loss": 0.9742530316114426, "seconds": 10.563747112988494, "official_fused": {"mAP": 49.90378619259508, "Rank-1": 68.69712471961975, "Rank-5": 83.75634551048279, "Rank-10": 88.49408030509949}}
{"event": "epoch", "dataset": "MSVR310", "recipe": "raw", "epoch": 30, "steps": 20, "mean_loss": 0.9775634914636612, "seconds": 10.701460444979602, "official_fused": {"mAP": 50.28672674184646, "Rank-1": 69.37394142150879, "Rank-5": 84.43316221237183, "Rank-10": 88.66328001022339}}
{"event": "epoch", "dataset": "MSVR310", "recipe": "raw", "epoch": 31, "steps": 20, "mean_loss": 0.9802811741828918, "seconds": 10.481216404004954, "official_fused": {"mAP": 51.12008686916647, "Rank-1": 70.72758078575134, "Rank-5": 84.77157354354858, "Rank-10": 89.17089700698853}}
{"event": "epoch", "dataset": "MSVR310", "recipe": "raw", "epoch": 32, "steps": 20, "mean_loss": 0.9668175756931305, "seconds": 10.663322931999573, "official_fused": {"mAP": 49.41741695200525, "Rank-1": 67.85110235214233, "Rank-5": 82.91032314300537, "Rank-10": 87.81725764274597}}
{"event": "epoch", "dataset": "MSVR310", "recipe": "raw", "epoch": 33, "steps": 20, "mean_loss": 0.9644452691078186, "seconds": 10.689922597986879, "official_fused": {"mAP": 49.884191478137645, "Rank-1": 68.86633038520813, "Rank-5": 83.58713984489441, "Rank-10": 88.49408030509949}}
{"event": "epoch", "dataset": "MSVR310", "recipe": "raw", "epoch": 34, "steps": 20, "mean_loss": 0.9495525538921357, "seconds": 10.679931138991378, "official_fused": {"mAP": 50.77938219878767, "Rank-1": 69.54314708709717, "Rank-5": 84.6023678779602, "Rank-10": 89.17089700698853}}
{"event": "epoch", "dataset": "MSVR310", "recipe": "raw", "epoch": 35, "steps": 20, "mean_loss": 0.9546598225831986, "seconds": 10.45844828200643, "official_fused": {"mAP": 50.02465752270455, "Rank-1": 68.358713388443, "Rank-5": 83.92555117607117, "Rank-10": 89.17089700698853}}
{"event": "epoch", "dataset": "MSVR310", "recipe": "raw", "epoch": 36, "steps": 20, "mean_loss": 0.9581350386142731, "seconds": 10.869233294011792, "official_fused": {"mAP": 49.69258170233652, "Rank-1": 68.02030205726624, "Rank-5": 83.07952880859375, "Rank-10": 88.49408030509949}}
{"event": "epoch", "dataset": "MSVR310", "recipe": "raw", "epoch": 37, "steps": 20, "mean_loss": 0.9522185683250427, "seconds": 10.675899326015497, "official_fused": {"mAP": 51.149410802214746, "Rank-1": 70.0507640838623, "Rank-5": 83.92555117607117, "Rank-10": 89.50930833816528}}
{"event": "epoch", "dataset": "MSVR310", "recipe": "raw", "epoch": 38, "steps": 20, "mean_loss": 0.9597491711378098, "seconds": 10.746543704008218, "official_fused": {"mAP": 50.777284533935266, "Rank-1": 69.54314708709717, "Rank-5": 83.75634551048279, "Rank-10": 89.17089700698853}}
{"event": "epoch", "dataset": "MSVR310", "recipe": "raw", "epoch": 39, "steps": 20, "mean_loss": 0.9526304930448533, "seconds": 10.662240679987008, "official_fused": {"mAP": 50.47629260877844, "Rank-1": 69.03553009033203, "Rank-5": 83.58713984489441, "Rank-10": 89.50930833816528}}
{"event": "epoch", "dataset": "MSVR310", "recipe": "raw", "epoch": 40, "steps": 20, "mean_loss": 0.9646737843751907, "seconds": 10.503429941018112, "official_fused": {"mAP": 49.8473468114024, "Rank-1": 67.51269102096558, "Rank-5": 82.74111747741699, "Rank-10": 88.49408030509949}}
{"event": "epoch", "dataset": "MSVR310", "recipe": "raw", "epoch": 41, "steps": 20, "mean_loss": 0.9616314232349396, "seconds": 10.750286836992018, "official_fused": {"mAP": 49.60580227864211, "Rank-1": 67.85110235214233, "Rank-5": 82.40270614624023, "Rank-10": 88.15566897392273}}
{"event": "epoch", "dataset": "MSVR310", "recipe": "raw", "epoch": 42, "steps": 20, "mean_loss": 0.9433938533067703, "seconds": 10.770117521984503, "official_fused": {"mAP": 50.05929269036871, "Rank-1": 68.86633038520813, "Rank-5": 83.24872851371765, "Rank-10": 88.83248567581177}}
{"event": "epoch", "dataset": "MSVR310", "recipe": "raw", "epoch": 43, "steps": 20, "mean_loss": 0.9403804332017899, "seconds": 10.567566685000202, "official_fused": {"mAP": 50.23874936267574, "Rank-1": 69.03553009033203, "Rank-5": 83.24872851371765, "Rank-10": 89.00169134140015}}
{"event": "epoch", "dataset": "MSVR310", "recipe": "raw", "epoch": 44, "steps": 20, "mean_loss": 0.9363646507263184, "seconds": 10.688279296999099, "official_fused": {"mAP": 50.274551136083, "Rank-1": 69.03553009033203, "Rank-5": 83.24872851371765, "Rank-10": 89.00169134140015}}
{"event": "epoch", "dataset": "MSVR310", "recipe": "raw", "epoch": 45, "steps": 20, "mean_loss": 0.9574609935283661, "seconds": 10.751978190004593, "official_fused": {"mAP": 50.13985030984398, "Rank-1": 68.86633038520813, "Rank-5": 82.91032314300537, "Rank-10": 88.83248567581177}}
{"event": "epoch", "dataset": "MSVR310", "recipe": "raw", "epoch": 46, "steps": 20, "mean_loss": 0.9519764006137847, "seconds": 10.64088342699688, "official_fused": {"mAP": 50.01282888004391, "Rank-1": 69.03553009033203, "Rank-5": 82.57191181182861, "Rank-10": 88.83248567581177}}
{"event": "epoch", "dataset": "MSVR310", "recipe": "raw", "epoch": 47, "steps": 20, "mean_loss": 0.9587757915258408, "seconds": 10.70798611198552, "official_fused": {"mAP": 50.02254787684725, "Rank-1": 69.03553009033203, "Rank-5": 82.57191181182861, "Rank-10": 88.66328001022339}}
{"event": "epoch", "dataset": "MSVR310", "recipe": "raw", "epoch": 48, "steps": 20, "mean_loss": 0.938754877448082, "seconds": 10.607905985991238, "official_fused": {"mAP": 50.06885977209149, "Rank-1": 69.03553009033203, "Rank-5": 82.57191181182861, "Rank-10": 88.83248567581177}}
{"event": "epoch", "dataset": "MSVR310", "recipe": "raw", "epoch": 49, "steps": 20, "mean_loss": 0.9545179337263108, "seconds": 10.593603365996387, "official_fused": {"mAP": 50.103239187194326, "Rank-1": 69.03553009033203, "Rank-5": 82.57191181182861, "Rank-10": 89.00169134140015}}
{"event": "epoch", "dataset": "MSVR310", "recipe": "raw", "epoch": 50, "steps": 20, "mean_loss": 0.945473313331604, "seconds": 10.583699458016781, "official_fused": {"mAP": 50.10744811757287, "Rank-1": 69.03553009033203, "Rank-5": 82.74111747741699, "Rank-10": 89.00169134140015}}
