/root/miniconda3/envs/tri_reid/lib/python3.10/site-packages/timm/models/helpers.py:7: FutureWarning: Importing from timm.models.helpers is deprecated, please import via timm.models
  warnings.warn(f"Importing from {__name__} is deprecated, please import via timm.models", FutureWarning)
/root/miniconda3/envs/tri_reid/lib/python3.10/site-packages/timm/models/registry.py:4: FutureWarning: Importing from timm.models.registry is deprecated, please import via timm.models
  warnings.warn(f"Importing from {__name__} is deprecated, please import via timm.models", FutureWarning)
/root/miniconda3/envs/tri_reid/lib/python3.10/site-packages/timm/models/layers/__init__.py:48: FutureWarning: Importing from timm.models.layers is deprecated, please import via timm.layers
  warnings.warn(f"Importing from {__name__} is deprecated, please import via timm.layers", FutureWarning)
建立transformer............
using Transformer_type: ViT-B-16 as a backbone
Resized position embedding: %s to %s torch.Size([197, 768]) torch.Size([129, 768])
Position embedding resize to height:8 width: 16
Successfully load ckpt!
<All keys matched successfully>
Loading pretrained model from CLIP
camera number is : 8
===========Building Signal===========
using soft triplet loss for training
label smooth on, numclasses: 33
{"event": "signal_source_epoch", "epoch": 1, "optimizer_steps": 81, "mean_loss": 7.006990939010809, "learning_rates": [2.0041138350963593e-05, 6.891338801383971e-05, 0.00011813723659515383], "elapsed_seconds": 42.9913790281862}
{"event": "signal_source_epoch", "epoch": 2, "optimizer_steps": 83, "mean_loss": 3.6555581064109344, "learning_rates": [4.659358115494252e-05, 0.0003409802984520793, 0.0006374849058017135], "elapsed_seconds": 41.482497142627835}
{"event": "signal_source_epoch", "epoch": 3, "optimizer_steps": 83, "mean_loss": 1.3446894137256116, "learning_rates": [3.196644851937891e-05, 0.0004619667398929596, 0.0008950605585426092], "elapsed_seconds": 42.20060232281685}
{"event": "signal_source_epoch", "epoch": 4, "optimizer_steps": 81, "mean_loss": 0.8994427683912678, "learning_rates": [1.5627173066139224e-05, 0.0004983331855535507, 0.000984511903166771], "elapsed_seconds": 40.831798166036606}
{"event": "signal_source_epoch", "epoch": 5, "optimizer_steps": 82, "mean_loss": 0.8457247200535565, "learning_rates": [7.424527679650564e-06, 0.0010291638139157486, 0.002058253742498869], "elapsed_seconds": 40.778662107884884}
{"event": "signal_source_epoch", "epoch": 6, "optimizer_steps": 83, "mean_loss": 0.8171379731362125, "learning_rates": [6.969260153469668e-06, 0.0009615869869936229, 0.001923072467264281], "elapsed_seconds": 42.42488490976393}
{"event": "signal_source_epoch", "epoch": 7, "optimizer_steps": 82, "mean_loss": 0.8040926332880811, "learning_rates": [4.7069069297323386e-06, 0.0006457428953982538, 0.0012913906535679878], "elapsed_seconds": 41.53264193981886}
{"event": "signal_source_epoch", "epoch": 8, "optimizer_steps": 83, "mean_loss": 0.7950579251151487, "learning_rates": [6.272085127262627e-06, 0.0008545504941284028, 0.001708931625496458], "elapsed_seconds": 41.41876954957843}
{"event": "signal_source_epoch", "epoch": 9, "optimizer_steps": 84, "mean_loss": 0.7867862099692935, "learning_rates": [5.3920834789780435e-06, 0.0007286055772434898, 0.0014570220457832859], "elapsed_seconds": 41.55865309946239}
{"event": "signal_source_epoch", "epoch": 10, "optimizer_steps": 83, "mean_loss": 0.7800427079200745, "learning_rates": [3.353742987662554e-06, 0.00044873935631737114, 0.0008973291826926172], "elapsed_seconds": 42.01983305439353}
{"event": "signal_source_epoch", "epoch": 11, "optimizer_steps": 83, "mean_loss": 0.7762722373008728, "learning_rates": [3.0770958840865782e-06, 0.0004069479853820942, 0.0008137244208477133], "elapsed_seconds": 41.418787678703666}
{"event": "signal_source_epoch", "epoch": 12, "optimizer_steps": 84, "mean_loss": 0.7743293465602965, "learning_rates": [1.827534976909976e-06, 0.00023837389238051142, 0.0004766220221395344], "elapsed_seconds": 41.31443117558956}
{"event": "signal_source_epoch", "epoch": 13, "optimizer_steps": 83, "mean_loss": 0.7731208391936428, "learning_rates": [1.6033965283787672e-06, 0.0002057351895578977, 0.0004113355566379886], "elapsed_seconds": 40.89237051829696}
{"event": "signal_source_epoch", "epoch": 14, "optimizer_steps": 82, "mean_loss": 0.771715843096012, "learning_rates": [2.95516923399655e-06, 0.00037185309829442024, 0.0007434049692905304], "elapsed_seconds": 40.344825994223356}
{"event": "signal_source_epoch", "epoch": 15, "optimizer_steps": 84, "mean_loss": 0.7683962320997602, "learning_rates": [3.2621134512126453e-06, 0.00040101103425696505, 0.0008016214580900969], "elapsed_seconds": 41.59105831570923}
{"event": "signal_source_epoch", "epoch": 16, "optimizer_steps": 83, "mean_loss": 0.7662356064980289, "learning_rates": [2.538979328282788e-06, 0.0003034879132190253, 0.0006066019473535861], "elapsed_seconds": 42.718411108478904}
{"event": "signal_source_epoch", "epoch": 17, "optimizer_steps": 83, "mean_loss": 0.7636147737503052, "learning_rates": [3.3719737064199134e-06, 0.0003896150013374172, 0.0007786367557859036], "elapsed_seconds": 42.01551439613104}
{"event": "signal_source_epoch", "epoch": 18, "optimizer_steps": 81, "mean_loss": 0.7623577618304594, "learning_rates": [3.0304859454458097e-06, 0.00033596674269149195, 0.0006712982243062146], "elapsed_seconds": 40.623271048069}
{"event": "signal_source_epoch", "epoch": 19, "optimizer_steps": 83, "mean_loss": 0.7631041228053081, "learning_rates": [1.805482386271471e-06, 0.00019022027232425522, 0.00037999056434812376], "elapsed_seconds": 41.10339196957648}
{"event": "signal_source_epoch", "epoch": 20, "optimizer_steps": 82, "mean_loss": 0.7610812885005299, "learning_rates": [2.227678525447846e-06, 0.0002202891679883004, 0.0004399194451451304], "elapsed_seconds": 40.53452427498996}
{"event": "signal_source_epoch", "epoch": 21, "optimizer_steps": 81, "mean_loss": 0.7584384091106462, "learning_rates": [1.929882939644609e-06, 0.00017620462986985756, 0.0003517331519578419], "elapsed_seconds": 40.96312520839274}
{"event": "signal_source_epoch", "epoch": 22, "optimizer_steps": 82, "mean_loss": 0.7580866224882079, "learning_rates": [2.31897659414557e-06, 0.00019123427784573132, 0.0003815086819840191], "elapsed_seconds": 40.99165811389685}
{"event": "signal_source_epoch", "epoch": 23, "optimizer_steps": 84, "mean_loss": 0.7560689236436572, "learning_rates": [1.4892137288860595e-06, 0.00010763751883147789, 0.00021454948080531139], "elapsed_seconds": 40.79107557050884}
{"event": "signal_source_epoch", "epoch": 24, "optimizer_steps": 83, "mean_loss": 0.7558644658111664, "learning_rates": [8.66531393600401e-07, 5.264758712916336e-05, 0.00010480116844555769], "elapsed_seconds": 41.875215113162994}
{"event": "signal_source_epoch", "epoch": 25, "optimizer_steps": 82, "mean_loss": 0.7561645391510754, "learning_rates": [8.697449015824397e-07, 4.18516614595542e-05, 8.31284119495977e-05], "elapsed_seconds": 41.119758889079094}
{"event": "signal_source_epoch", "epoch": 26, "optimizer_steps": 84, "mean_loss": 0.7562305913085029, "learning_rates": [1.4480633602502445e-06, 5.055655933229444e-05, 0.00010001835383651164], "elapsed_seconds": 41.4042781367898}
{"event": "signal_source_epoch", "epoch": 27, "optimizer_steps": 82, "mean_loss": 0.7549762943895851, "learning_rates": [3.817664052908767e-07, 8.445353174844887e-06, 1.65669513600072e-05], "elapsed_seconds": 41.17514165863395}
{"event": "signal_source_epoch", "epoch": 28, "optimizer_steps": 83, "mean_loss": 0.7546225319425743, "learning_rates": [8.972286476534628e-07, 1.0018314594070298e-05, 1.920501986384265e-05], "elapsed_seconds": 41.68147530965507}
{"event": "signal_source_epoch", "epoch": 29, "optimizer_steps": 82, "mean_loss": 0.7546230387396928, "learning_rates": [1.138591969567617e-06, 4.18374227402415e-06, 7.250800134627851e-06], "elapsed_seconds": 41.13466358743608}
{"event": "signal_source_epoch", "epoch": 30, "optimizer_steps": 83, "mean_loss": 0.7537735427718565, "learning_rates": [7e-07], "elapsed_seconds": 41.41238967701793}
建立transformer............
using Transformer_type: ViT-B-16 as a backbone
Resized position embedding: %s to %s torch.Size([197, 768]) torch.Size([129, 768])
Position embedding resize to height:8 width: 16
Successfully load ckpt!
<All keys matched successfully>
Loading pretrained model from CLIP
camera number is : 8
===========Building Signal===========
建立transformer............
using Transformer_type: ViT-B-16 as a backbone
Resized position embedding: %s to %s torch.Size([197, 768]) torch.Size([129, 768])
Position embedding resize to height:8 width: 16
Successfully load ckpt!
<All keys matched successfully>
Loading pretrained model from CLIP
camera number is : 8
===========Building Signal===========
using soft triplet loss for training
label smooth on, numclasses: 33
{"event": "signal_source_epoch", "epoch": 1, "optimizer_steps": 86, "mean_loss": 6.699373672174853, "learning_rates": [2.0041138350963593e-05, 6.891338801383971e-05, 0.00011813723659515383], "elapsed_seconds": 43.79456242918968}
{"event": "signal_source_epoch", "epoch": 2, "optimizer_steps": 86, "mean_loss": 3.3604364381280054, "learning_rates": [4.659358115494252e-05, 0.0003409802984520793, 0.0006374849058017135], "elapsed_seconds": 42.359566029161215}
{"event": "signal_source_epoch", "epoch": 3, "optimizer_steps": 87, "mean_loss": 1.3241683402280697, "learning_rates": [3.196644851937891e-05, 0.0004619667398929596, 0.0008950605585426092], "elapsed_seconds": 44.897157637402415}
{"event": "signal_source_epoch", "epoch": 4, "optimizer_steps": 85, "mean_loss": 0.9097212272531846, "learning_rates": [1.5627173066139224e-05, 0.0004983331855535507, 0.000984511903166771], "elapsed_seconds": 43.98212372139096}
{"event": "signal_source_epoch", "epoch": 5, "optimizer_steps": 85, "mean_loss": 0.8428421069593991, "learning_rates": [7.424527679650564e-06, 0.0010291638139157486, 0.002058253742498869], "elapsed_seconds": 43.63921514712274}
{"event": "signal_source_epoch", "epoch": 6, "optimizer_steps": 86, "mean_loss": 0.8149176233036574, "learning_rates": [6.969260153469668e-06, 0.0009615869869936229, 0.001923072467264281], "elapsed_seconds": 42.92545514181256}
{"event": "signal_source_epoch", "epoch": 7, "optimizer_steps": 86, "mean_loss": 0.802829711936241, "learning_rates": [4.7069069297323386e-06, 0.0006457428953982538, 0.0012913906535679878], "elapsed_seconds": 42.75121804699302}
{"event": "signal_source_epoch", "epoch": 8, "optimizer_steps": 86, "mean_loss": 0.7881124262199846, "learning_rates": [6.272085127262627e-06, 0.0008545504941284028, 0.001708931625496458], "elapsed_seconds": 43.22517237626016}
{"event": "signal_source_epoch", "epoch": 9, "optimizer_steps": 87, "mean_loss": 0.7841351333705858, "learning_rates": [5.3920834789780435e-06, 0.0007286055772434898, 0.0014570220457832859], "elapsed_seconds": 43.715042190626264}
{"event": "signal_source_epoch", "epoch": 10, "optimizer_steps": 85, "mean_loss": 0.7755035098861246, "learning_rates": [3.353742987662554e-06, 0.00044873935631737114, 0.0008973291826926172], "elapsed_seconds": 43.66743074543774}
{"event": "signal_source_epoch", "epoch": 11, "optimizer_steps": 86, "mean_loss": 0.7735145140525906, "learning_rates": [3.0770958840865782e-06, 0.0004069479853820942, 0.0008137244208477133], "elapsed_seconds": 43.8602593652904}
{"event": "signal_source_epoch", "epoch": 12, "optimizer_steps": 86, "mean_loss": 0.7714566505232523, "learning_rates": [1.827534976909976e-06, 0.00023837389238051142, 0.0004766220221395344], "elapsed_seconds": 43.186268327757716}
{"event": "signal_source_epoch", "epoch": 13, "optimizer_steps": 87, "mean_loss": 0.7687867105692282, "learning_rates": [1.6033965283787672e-06, 0.0002057351895578977, 0.0004113355566379886], "elapsed_seconds": 43.587646873667836}
{"event": "signal_source_epoch", "epoch": 14, "optimizer_steps": 87, "mean_loss": 0.766683607265867, "learning_rates": [2.95516923399655e-06, 0.00037185309829442024, 0.0007434049692905304], "elapsed_seconds": 44.88374339789152}
{"event": "signal_source_epoch", "epoch": 15, "optimizer_steps": 86, "mean_loss": 0.7652964106825895, "learning_rates": [3.2621134512126453e-06, 0.00040101103425696505, 0.0008016214580900969], "elapsed_seconds": 43.46386515535414}
{"event": "signal_source_epoch", "epoch": 16, "optimizer_steps": 85, "mean_loss": 0.7631793639239143, "learning_rates": [2.538979328282788e-06, 0.0003034879132190253, 0.0006066019473535861], "elapsed_seconds": 42.7845512162894}
{"event": "signal_source_epoch", "epoch": 17, "optimizer_steps": 86, "mean_loss": 0.7629721039949462, "learning_rates": [3.3719737064199134e-06, 0.0003896150013374172, 0.0007786367557859036], "elapsed_seconds": 44.36295237950981}
{"event": "signal_source_epoch", "epoch": 18, "optimizer_steps": 85, "mean_loss": 0.7609678548925063, "learning_rates": [3.0304859454458097e-06, 0.00033596674269149195, 0.0006712982243062146], "elapsed_seconds": 43.29400132037699}
{"event": "signal_source_epoch", "epoch": 19, "optimizer_steps": 86, "mean_loss": 0.7581533630226933, "learning_rates": [1.805482386271471e-06, 0.00019022027232425522, 0.00037999056434812376], "elapsed_seconds": 44.80820650048554}
{"event": "signal_source_epoch", "epoch": 20, "optimizer_steps": 86, "mean_loss": 0.7577037915240886, "learning_rates": [2.227678525447846e-06, 0.0002202891679883004, 0.0004399194451451304], "elapsed_seconds": 43.84881956316531}
{"event": "signal_source_epoch", "epoch": 21, "optimizer_steps": 87, "mean_loss": 0.7561985069307787, "learning_rates": [1.929882939644609e-06, 0.00017620462986985756, 0.0003517331519578419], "elapsed_seconds": 43.68731964752078}
{"event": "signal_source_epoch", "epoch": 22, "optimizer_steps": 85, "mean_loss": 0.7579711542410009, "learning_rates": [2.31897659414557e-06, 0.00019123427784573132, 0.0003815086819840191], "elapsed_seconds": 42.413896625861526}
{"event": "signal_source_epoch", "epoch": 23, "optimizer_steps": 85, "mean_loss": 0.7558405567617977, "learning_rates": [1.4892137288860595e-06, 0.00010763751883147789, 0.00021454948080531139], "elapsed_seconds": 42.65980602055788}
{"event": "signal_source_epoch", "epoch": 24, "optimizer_steps": 87, "mean_loss": 0.7544253132809168, "learning_rates": [8.66531393600401e-07, 5.264758712916336e-05, 0.00010480116844555769], "elapsed_seconds": 43.46968458220363}
{"event": "signal_source_epoch", "epoch": 25, "optimizer_steps": 86, "mean_loss": 0.7554302998753482, "learning_rates": [8.697449015824397e-07, 4.18516614595542e-05, 8.31284119495977e-05], "elapsed_seconds": 43.57977246120572}
{"event": "signal_source_epoch", "epoch": 26, "optimizer_steps": 86, "mean_loss": 0.7545682101748711, "learning_rates": [1.4480633602502445e-06, 5.055655933229444e-05, 0.00010001835383651164], "elapsed_seconds": 42.87182281166315}
{"event": "signal_source_epoch", "epoch": 27, "optimizer_steps": 86, "mean_loss": 0.7538011774074199, "learning_rates": [3.817664052908767e-07, 8.445353174844887e-06, 1.65669513600072e-05], "elapsed_seconds": 43.58672657981515}
{"event": "signal_source_epoch", "epoch": 28, "optimizer_steps": 87, "mean_loss": 0.7529896477173115, "learning_rates": [8.972286476534628e-07, 1.0018314594070298e-05, 1.920501986384265e-05], "elapsed_seconds": 44.15408807992935}
{"event": "signal_source_epoch", "epoch": 29, "optimizer_steps": 87, "mean_loss": 0.752680271521382, "learning_rates": [1.138591969567617e-06, 4.18374227402415e-06, 7.250800134627851e-06], "elapsed_seconds": 42.68058270774782}
{"event": "signal_source_epoch", "epoch": 30, "optimizer_steps": 86, "mean_loss": 0.7533629404944043, "learning_rates": [7e-07], "elapsed_seconds": 43.33248635940254}
建立transformer............
using Transformer_type: ViT-B-16 as a backbone
Resized position embedding: %s to %s torch.Size([197, 768]) torch.Size([129, 768])
Position embedding resize to height:8 width: 16
Successfully load ckpt!
<All keys matched successfully>
Loading pretrained model from CLIP
camera number is : 8
===========Building Signal===========
建立transformer............
using Transformer_type: ViT-B-16 as a backbone
Resized position embedding: %s to %s torch.Size([197, 768]) torch.Size([129, 768])
Position embedding resize to height:8 width: 16
Successfully load ckpt!
<All keys matched successfully>
Loading pretrained model from CLIP
camera number is : 8
===========Building Signal===========
using soft triplet loss for training
label smooth on, numclasses: 34
{"event": "signal_source_epoch", "epoch": 1, "optimizer_steps": 90, "mean_loss": 6.7869041495853, "learning_rates": [2.0041138350963593e-05, 6.891338801383971e-05, 0.00011813723659515383], "elapsed_seconds": 45.23402885906398}
{"event": "signal_source_epoch", "epoch": 2, "optimizer_steps": 91, "mean_loss": 3.452643015882471, "learning_rates": [4.659358115494252e-05, 0.0003409802984520793, 0.0006374849058017135], "elapsed_seconds": 46.58821021206677}
{"event": "signal_source_epoch", "epoch": 3, "optimizer_steps": 91, "mean_loss": 1.2571536322216412, "learning_rates": [3.196644851937891e-05, 0.0004619667398929596, 0.0008950605585426092], "elapsed_seconds": 46.3844314198941}
{"event": "signal_source_epoch", "epoch": 4, "optimizer_steps": 91, "mean_loss": 0.8779770666426354, "learning_rates": [1.5627173066139224e-05, 0.0004983331855535507, 0.000984511903166771], "elapsed_seconds": 46.55702098086476}
{"event": "signal_source_epoch", "epoch": 5, "optimizer_steps": 92, "mean_loss": 0.830950549763182, "learning_rates": [7.424527679650564e-06, 0.0010291638139157486, 0.002058253742498869], "elapsed_seconds": 46.55993511527777}
{"event": "signal_source_epoch", "epoch": 6, "optimizer_steps": 91, "mean_loss": 0.8072110565154107, "learning_rates": [6.969260153469668e-06, 0.0009615869869936229, 0.001923072467264281], "elapsed_seconds": 46.93528850749135}
{"event": "signal_source_epoch", "epoch": 7, "optimizer_steps": 91, "mean_loss": 0.7966547005779141, "learning_rates": [4.7069069297323386e-06, 0.0006457428953982538, 0.0012913906535679878], "elapsed_seconds": 47.13274064846337}
{"event": "signal_source_epoch", "epoch": 8, "optimizer_steps": 92, "mean_loss": 0.7897875108148741, "learning_rates": [6.272085127262627e-06, 0.0008545504941284028, 0.001708931625496458], "elapsed_seconds": 46.95742569305003}
{"event": "signal_source_epoch", "epoch": 9, "optimizer_steps": 90, "mean_loss": 0.7823263049125672, "learning_rates": [5.3920834789780435e-06, 0.0007286055772434898, 0.0014570220457832859], "elapsed_seconds": 44.82143563218415}
{"event": "signal_source_epoch", "epoch": 10, "optimizer_steps": 90, "mean_loss": 0.7773206684324476, "learning_rates": [3.353742987662554e-06, 0.00044873935631737114, 0.0008973291826926172], "elapsed_seconds": 45.499852657318115}
{"event": "signal_source_epoch", "epoch": 11, "optimizer_steps": 92, "mean_loss": 0.7739056510769803, "learning_rates": [3.0770958840865782e-06, 0.0004069479853820942, 0.0008137244208477133], "elapsed_seconds": 45.76294977217913}
{"event": "signal_source_epoch", "epoch": 12, "optimizer_steps": 90, "mean_loss": 0.7731047583950891, "learning_rates": [1.827534976909976e-06, 0.00023837389238051142, 0.0004766220221395344], "elapsed_seconds": 44.03957811370492}
{"event": "signal_source_epoch", "epoch": 13, "optimizer_steps": 92, "mean_loss": 0.7717640620210896, "learning_rates": [1.6033965283787672e-06, 0.0002057351895578977, 0.0004113355566379886], "elapsed_seconds": 43.795520352199674}
{"event": "signal_source_epoch", "epoch": 14, "optimizer_steps": 91, "mean_loss": 0.7693706298922445, "learning_rates": [2.95516923399655e-06, 0.00037185309829442024, 0.0007434049692905304], "elapsed_seconds": 42.9735107794404}
{"event": "signal_source_epoch", "epoch": 15, "optimizer_steps": 91, "mean_loss": 0.7703105545305944, "learning_rates": [3.2621134512126453e-06, 0.00040101103425696505, 0.0008016214580900969], "elapsed_seconds": 45.831622743979096}
{"event": "signal_source_epoch", "epoch": 16, "optimizer_steps": 92, "mean_loss": 0.7661237004010574, "learning_rates": [2.538979328282788e-06, 0.0003034879132190253, 0.0006066019473535861], "elapsed_seconds": 46.987790677696466}
{"event": "signal_source_epoch", "epoch": 17, "optimizer_steps": 91, "mean_loss": 0.765567864035512, "learning_rates": [3.3719737064199134e-06, 0.0003896150013374172, 0.0007786367557859036], "elapsed_seconds": 46.134973185136914}
{"event": "signal_source_epoch", "epoch": 18, "optimizer_steps": 91, "mean_loss": 0.7636028154865726, "learning_rates": [3.0304859454458097e-06, 0.00033596674269149195, 0.0006712982243062146], "elapsed_seconds": 45.16542730294168}
{"event": "signal_source_epoch", "epoch": 19, "optimizer_steps": 92, "mean_loss": 0.7611198386420375, "learning_rates": [1.805482386271471e-06, 0.00019022027232425522, 0.00037999056434812376], "elapsed_seconds": 46.23649319075048}
{"event": "signal_source_epoch", "epoch": 20, "optimizer_steps": 92, "mean_loss": 0.7601664986299432, "learning_rates": [2.227678525447846e-06, 0.0002202891679883004, 0.0004399194451451304], "elapsed_seconds": 47.51031067036092}
{"event": "signal_source_epoch", "epoch": 21, "optimizer_steps": 92, "mean_loss": 0.7587281491445459, "learning_rates": [1.929882939644609e-06, 0.00017620462986985756, 0.0003517331519578419], "elapsed_seconds": 45.623172376304865}
{"event": "signal_source_epoch", "epoch": 22, "optimizer_steps": 92, "mean_loss": 0.7580929787262626, "learning_rates": [2.31897659414557e-06, 0.00019123427784573132, 0.0003815086819840191], "elapsed_seconds": 45.99829203262925}
{"event": "signal_source_epoch", "epoch": 23, "optimizer_steps": 91, "mean_loss": 0.7577204435736269, "learning_rates": [1.4892137288860595e-06, 0.00010763751883147789, 0.00021454948080531139], "elapsed_seconds": 46.38268590345979}
{"event": "signal_source_epoch", "epoch": 24, "optimizer_steps": 91, "mean_loss": 0.7568206603710468, "learning_rates": [8.66531393600401e-07, 5.264758712916336e-05, 0.00010480116844555769], "elapsed_seconds": 46.99927939847112}
{"event": "signal_source_epoch", "epoch": 25, "optimizer_steps": 89, "mean_loss": 0.7564934646145681, "learning_rates": [8.697449015824397e-07, 4.18516614595542e-05, 8.31284119495977e-05], "elapsed_seconds": 45.778468964621425}
{"event": "signal_source_epoch", "epoch": 26, "optimizer_steps": 91, "mean_loss": 0.7557031315761608, "learning_rates": [1.4480633602502445e-06, 5.055655933229444e-05, 0.00010001835383651164], "elapsed_seconds": 46.67486498132348}
{"event": "signal_source_epoch", "epoch": 27, "optimizer_steps": 92, "mean_loss": 0.7567854484786158, "learning_rates": [3.817664052908767e-07, 8.445353174844887e-06, 1.65669513600072e-05], "elapsed_seconds": 45.68683347851038}
{"event": "signal_source_epoch", "epoch": 28, "optimizer_steps": 91, "mean_loss": 0.7561922014414609, "learning_rates": [8.972286476534628e-07, 1.0018314594070298e-05, 1.920501986384265e-05], "elapsed_seconds": 46.30225069448352}
{"event": "signal_source_epoch", "epoch": 29, "optimizer_steps": 91, "mean_loss": 0.7550968626043298, "learning_rates": [1.138591969567617e-06, 4.18374227402415e-06, 7.250800134627851e-06], "elapsed_seconds": 47.207602102309465}
{"event": "signal_source_epoch", "epoch": 30, "optimizer_steps": 91, "mean_loss": 0.7551242656760163, "learning_rates": [7e-07], "elapsed_seconds": 46.573225082829595}
建立transformer............
using Transformer_type: ViT-B-16 as a backbone
Resized position embedding: %s to %s torch.Size([197, 768]) torch.Size([129, 768])
Position embedding resize to height:8 width: 16
Successfully load ckpt!
<All keys matched successfully>
Loading pretrained model from CLIP
camera number is : 8
===========Building Signal===========
{"event": "complete", "status": "COMPLETE_BASELINE_NOT_METHOD_QUALIFICATION", "elapsed_seconds": 4080.2730049155653}
