/data/gaob/Re-ID/conda-envs/tri_reid/lib/python3.10/site-packages/timm/models/helpers.py:7: FutureWarning: Importing from timm.models.helpers is deprecated, please import via timm.models
  warnings.warn(f"Importing from {__name__} is deprecated, please import via timm.models", FutureWarning)
/data/gaob/Re-ID/conda-envs/tri_reid/lib/python3.10/site-packages/timm/models/registry.py:4: FutureWarning: Importing from timm.models.registry is deprecated, please import via timm.models
  warnings.warn(f"Importing from {__name__} is deprecated, please import via timm.models", FutureWarning)
/data/gaob/Re-ID/conda-envs/tri_reid/lib/python3.10/site-packages/timm/models/layers/__init__.py:48: FutureWarning: Importing from timm.models.layers is deprecated, please import via timm.layers
  warnings.warn(f"Importing from {__name__} is deprecated, please import via timm.layers", FutureWarning)
建立transformer............
using Transformer_type: ViT-B-16 as a backbone
Resized position embedding: %s to %s torch.Size([197, 768]) torch.Size([129, 768])
Position embedding resize to height:8 width: 16
Successfully load ckpt!
<All keys matched successfully>
Loading pretrained model from CLIP
camera number is : 8
===========Building Signal===========
{"event": "epoch", "dataset": "RGBNT100", "epoch": 1, "steps": 130, "mean_loss": 3.360170558782724, "seconds": 72.88712195301196, "official_fused": {"mAP": 67.33607228626025, "Rank-1": 86.82215809822083, "Rank-5": 89.0379011631012, "Rank-10": 90.49562811851501}, "best_epoch": 1}
{"event": "epoch", "dataset": "RGBNT100", "epoch": 2, "steps": 131, "mean_loss": 1.3235547783720585, "seconds": 71.77356441700249, "official_fused": {"mAP": 77.8667298992182, "Rank-1": 93.7609314918518, "Rank-5": 95.27696967124939, "Rank-10": 96.26821875572205}, "best_epoch": 2}
{"event": "epoch", "dataset": "RGBNT100", "epoch": 3, "steps": 132, "mean_loss": 0.8199463992407827, "seconds": 72.51065511797788, "official_fused": {"mAP": 77.35654591598757, "Rank-1": 94.46064233779907, "Rank-5": 95.5102026462555, "Rank-10": 96.26821875572205}, "best_epoch": 2}
{"event": "epoch", "dataset": "RGBNT100", "epoch": 4, "steps": 131, "mean_loss": 0.7575046351847757, "seconds": 71.87137527501909, "official_fused": {"mAP": 77.65452664151496, "Rank-1": 95.16034722328186, "Rank-5": 95.97667455673218, "Rank-10": 96.44314646720886}, "best_epoch": 2}
{"event": "epoch", "dataset": "RGBNT100", "epoch": 5, "steps": 132, "mean_loss": 0.7361353333249236, "seconds": 72.35932794498513, "official_fused": {"mAP": 76.73998981920013, "Rank-1": 93.87755393981934, "Rank-5": 95.10204195976257, "Rank-10": 95.74344158172607}, "best_epoch": 2}
{"event": "epoch", "dataset": "RGBNT100", "epoch": 6, "steps": 131, "mean_loss": 0.7311661575586741, "seconds": 71.78884265999659, "official_fused": {"mAP": 76.38477287299933, "Rank-1": 94.11078691482544, "Rank-5": 95.68513035774231, "Rank-10": 96.32652997970581}, "best_epoch": 2}
{"event": "epoch", "dataset": "RGBNT100", "epoch": 7, "steps": 132, "mean_loss": 0.7227607355876402, "seconds": 72.53077063400997, "official_fused": {"mAP": 76.91801249119062, "Rank-1": 94.34402585029602, "Rank-5": 95.16034722328186, "Rank-10": 95.62682509422302}, "best_epoch": 2}
{"event": "epoch", "dataset": "RGBNT100", "epoch": 8, "steps": 131, "mean_loss": 0.7185774249884919, "seconds": 71.63874701800523, "official_fused": {"mAP": 77.56173194482376, "Rank-1": 94.40233111381531, "Rank-5": 95.33527493476868, "Rank-10": 96.20991349220276}, "best_epoch": 2}
{"event": "epoch", "dataset": "RGBNT100", "epoch": 9, "steps": 130, "mean_loss": 0.7144375333419213, "seconds": 71.13926339399768, "official_fused": {"mAP": 78.24354524361321, "Rank-1": 95.04373073577881, "Rank-5": 96.03498578071594, "Rank-10": 96.7930018901825}, "best_epoch": 9}
{"event": "epoch", "dataset": "RGBNT100", "epoch": 10, "steps": 132, "mean_loss": 0.7114844484762712, "seconds": 72.28686788500636, "official_fused": {"mAP": 78.76561416236886, "Rank-1": 94.69387531280518, "Rank-5": 95.56851387023926, "Rank-10": 96.151602268219}, "best_epoch": 10}
{"event": "epoch", "dataset": "RGBNT100", "epoch": 11, "steps": 131, "mean_loss": 0.7104966695072087, "seconds": 71.59871267498238, "official_fused": {"mAP": 78.59576647049093, "Rank-1": 94.86880302429199, "Rank-5": 95.68513035774231, "Rank-10": 96.44314646720886}, "best_epoch": 10}
{"event": "epoch", "dataset": "RGBNT100", "epoch": 12, "steps": 131, "mean_loss": 0.7105050155224691, "seconds": 71.65642752201529, "official_fused": {"mAP": 79.143114009439, "Rank-1": 94.98542547225952, "Rank-5": 95.56851387023926, "Rank-10": 96.0932970046997}, "best_epoch": 12}
{"event": "epoch", "dataset": "RGBNT100", "epoch": 13, "steps": 131, "mean_loss": 0.710031138576624, "seconds": 71.48991704499349, "official_fused": {"mAP": 77.87536812942666, "Rank-1": 92.53644347190857, "Rank-5": 94.34402585029602, "Rank-10": 95.16034722328186}, "best_epoch": 12}
{"event": "epoch", "dataset": "RGBNT100", "epoch": 14, "steps": 132, "mean_loss": 0.7278891639275984, "seconds": 72.37531263599521, "official_fused": {"mAP": 72.92969640630234, "Rank-1": 93.81924271583557, "Rank-5": 94.69387531280518, "Rank-10": 95.39358615875244}, "best_epoch": 12}
{"event": "epoch", "dataset": "RGBNT100", "epoch": 15, "steps": 129, "mean_loss": 0.7279560672220333, "seconds": 70.59304606899968, "official_fused": {"mAP": 77.12188155294113, "Rank-1": 93.70262622833252, "Rank-5": 94.75218653678894, "Rank-10": 95.27696967124939}, "best_epoch": 12}
{"event": "epoch", "dataset": "RGBNT100", "epoch": 16, "steps": 131, "mean_loss": 0.7121281300792257, "seconds": 71.44457706800313, "official_fused": {"mAP": 78.52641666357853, "Rank-1": 93.46938729286194, "Rank-5": 94.1690981388092, "Rank-10": 94.75218653678894}, "best_epoch": 12}
{"event": "epoch", "dataset": "RGBNT100", "epoch": 17, "steps": 132, "mean_loss": 0.7102521563118155, "seconds": 72.0415118180099, "official_fused": {"mAP": 78.39057940459834, "Rank-1": 92.94460415840149, "Rank-5": 93.64431500434875, "Rank-10": 94.1690981388092}, "best_epoch": 12}
{"event": "epoch", "dataset": "RGBNT100", "epoch": 18, "steps": 132, "mean_loss": 0.7093477845191956, "seconds": 71.70248062800965, "official_fused": {"mAP": 78.73783694247685, "Rank-1": 93.23615431785583, "Rank-5": 93.46938729286194, "Rank-10": 94.11078691482544}, "best_epoch": 12}
{"event": "epoch", "dataset": "RGBNT100", "epoch": 19, "steps": 132, "mean_loss": 0.7088185652638926, "seconds": 71.47234970299178, "official_fused": {"mAP": 78.2676115969575, "Rank-1": 93.00291538238525, "Rank-5": 93.5276985168457, "Rank-10": 94.05247569084167}, "best_epoch": 12}
{"event": "epoch", "dataset": "RGBNT100", "epoch": 20, "steps": 132, "mean_loss": 0.7087493565949526, "seconds": 71.63710428500781, "official_fused": {"mAP": 78.39892882948713, "Rank-1": 92.12828278541565, "Rank-5": 93.46938729286194, "Rank-10": 94.05247569084167}, "best_epoch": 12}
{"event": "epoch", "dataset": "RGBNT100", "epoch": 21, "steps": 131, "mean_loss": 0.7159001918239448, "seconds": 71.21063623597729, "official_fused": {"mAP": 75.09896299037473, "Rank-1": 93.35277080535889, "Rank-5": 94.75218653678894, "Rank-10": 95.27696967124939}, "best_epoch": 12}
{"event": "epoch", "dataset": "RGBNT100", "epoch": 22, "steps": 132, "mean_loss": 0.7118172911983548, "seconds": 71.9575692040089, "official_fused": {"mAP": 78.19245713996821, "Rank-1": 93.06122660636902, "Rank-5": 93.7609314918518, "Rank-10": 94.51894760131836}, "best_epoch": 12}
{"event": "epoch", "dataset": "RGBNT100", "epoch": 23, "steps": 131, "mean_loss": 0.7088849744723953, "seconds": 71.33202940301271, "official_fused": {"mAP": 77.83254995025302, "Rank-1": 92.53644347190857, "Rank-5": 93.35277080535889, "Rank-10": 93.93585920333862}, "best_epoch": 12}
{"event": "epoch", "dataset": "RGBNT100", "epoch": 24, "steps": 130, "mean_loss": 0.7083143559785989, "seconds": 70.6215184830071, "official_fused": {"mAP": 78.6778705274146, "Rank-1": 92.41982698440552, "Rank-5": 93.1195318698883, "Rank-10": 93.87755393981934}, "best_epoch": 12}
{"event": "epoch", "dataset": "RGBNT100", "epoch": 25, "steps": 132, "mean_loss": 0.7080749797098564, "seconds": 71.6033073340077, "official_fused": {"mAP": 78.51653877222829, "Rank-1": 92.2448992729187, "Rank-5": 93.35277080535889, "Rank-10": 94.05247569084167}, "best_epoch": 12}
{"event": "epoch", "dataset": "RGBNT100", "epoch": 26, "steps": 131, "mean_loss": 0.7077896431202196, "seconds": 71.27403369298554, "official_fused": {"mAP": 78.80984428125913, "Rank-1": 92.01166033744812, "Rank-5": 93.00291538238525, "Rank-10": 93.5276985168457}, "best_epoch": 12}
{"event": "epoch", "dataset": "RGBNT100", "epoch": 27, "steps": 131, "mean_loss": 0.7076201056706086, "seconds": 71.22346667799866, "official_fused": {"mAP": 78.74081329895752, "Rank-1": 92.36151576042175, "Rank-5": 93.17784309387207, "Rank-10": 93.7609314918518}, "best_epoch": 12}
{"event": "epoch", "dataset": "RGBNT100", "epoch": 28, "steps": 130, "mean_loss": 0.7077883587433742, "seconds": 71.02935982702184, "official_fused": {"mAP": 78.611618169097, "Rank-1": 92.18658804893494, "Rank-5": 93.23615431785583, "Rank-10": 93.87755393981934}, "best_epoch": 12}
{"event": "epoch", "dataset": "RGBNT100", "epoch": 29, "steps": 131, "mean_loss": 0.7075006042727987, "seconds": 71.31148654400022, "official_fused": {"mAP": 78.40971762146368, "Rank-1": 92.4781322479248, "Rank-5": 93.5276985168457, "Rank-10": 94.05247569084167}, "best_epoch": 12}
{"event": "epoch", "dataset": "RGBNT100", "epoch": 30, "steps": 132, "mean_loss": 0.707585226857301, "seconds": 71.49709457700374, "official_fused": {"mAP": 78.63030968168486, "Rank-1": 92.12828278541565, "Rank-5": 93.17784309387207, "Rank-10": 93.87755393981934}, "best_epoch": 12}
{"event": "epoch", "dataset": "RGBNT100", "epoch": 31, "steps": 131, "mean_loss": 0.7075181603431702, "seconds": 70.76529491800466, "official_fused": {"mAP": 78.51198715064498, "Rank-1": 91.77842736244202, "Rank-5": 93.17784309387207, "Rank-10": 93.64431500434875}, "best_epoch": 12}
{"event": "epoch", "dataset": "RGBNT100", "epoch": 32, "steps": 131, "mean_loss": 0.7071068336945454, "seconds": 70.58856010599993, "official_fused": {"mAP": 78.42927991612602, "Rank-1": 91.89504384994507, "Rank-5": 93.06122660636902, "Rank-10": 93.81924271583557}, "best_epoch": 12}
{"event": "epoch", "dataset": "RGBNT100", "epoch": 33, "steps": 131, "mean_loss": 0.7070346570196953, "seconds": 70.71735043698573, "official_fused": {"mAP": 78.25616267956195, "Rank-1": 92.12828278541565, "Rank-5": 93.00291538238525, "Rank-10": 93.58600378036499}, "best_epoch": 12}
{"event": "epoch", "dataset": "RGBNT100", "epoch": 34, "steps": 132, "mean_loss": 0.7069660429701661, "seconds": 71.25182034599129, "official_fused": {"mAP": 78.47865340039006, "Rank-1": 92.01166033744812, "Rank-5": 92.94460415840149, "Rank-10": 93.41107606887817}, "best_epoch": 12}
{"event": "epoch", "dataset": "RGBNT100", "epoch": 35, "steps": 132, "mean_loss": 0.7069221775640141, "seconds": 71.28591131401481, "official_fused": {"mAP": 78.48310831453847, "Rank-1": 91.95335507392883, "Rank-5": 93.1195318698883, "Rank-10": 93.70262622833252}, "best_epoch": 12}
{"event": "epoch", "dataset": "RGBNT100", "epoch": 36, "steps": 130, "mean_loss": 0.7075667605950282, "seconds": 70.23848374100635, "official_fused": {"mAP": 77.9059316063744, "Rank-1": 92.01166033744812, "Rank-5": 93.23615431785583, "Rank-10": 94.28571462631226}, "best_epoch": 12}
{"event": "epoch", "dataset": "RGBNT100", "epoch": 37, "steps": 131, "mean_loss": 0.7070060649900946, "seconds": 70.67796289199032, "official_fused": {"mAP": 78.25912012310339, "Rank-1": 91.8367326259613, "Rank-5": 92.8862988948822, "Rank-10": 93.41107606887817}, "best_epoch": 12}
{"event": "epoch", "dataset": "RGBNT100", "epoch": 38, "steps": 132, "mean_loss": 0.7067672827027061, "seconds": 71.06319270201493, "official_fused": {"mAP": 78.1840233168154, "Rank-1": 91.72011613845825, "Rank-5": 92.71137118339539, "Rank-10": 93.29445958137512}, "best_epoch": 12}
{"event": "epoch", "dataset": "RGBNT100", "epoch": 39, "steps": 130, "mean_loss": 0.7067072111826677, "seconds": 70.36698686901946, "official_fused": {"mAP": 78.15356462054865, "Rank-1": 91.37026071548462, "Rank-5": 92.4781322479248, "Rank-10": 93.1195318698883}, "best_epoch": 12}
{"event": "epoch", "dataset": "RGBNT100", "epoch": 40, "steps": 131, "mean_loss": 0.7066378484245475, "seconds": 70.57727919999161, "official_fused": {"mAP": 78.19189270988186, "Rank-1": 91.66180491447449, "Rank-5": 92.65305995941162, "Rank-10": 93.00291538238525}, "best_epoch": 12}
{"event": "epoch", "dataset": "RGBNT100", "epoch": 41, "steps": 131, "mean_loss": 0.7066462249246263, "seconds": 70.66816994600231, "official_fused": {"mAP": 78.29634915306805, "Rank-1": 91.48688316345215, "Rank-5": 92.65305995941162, "Rank-10": 93.23615431785583}, "best_epoch": 12}
{"event": "epoch", "dataset": "RGBNT100", "epoch": 42, "steps": 132, "mean_loss": 0.7065743614326824, "seconds": 71.02241015800973, "official_fused": {"mAP": 78.20192141917212, "Rank-1": 91.66180491447449, "Rank-5": 92.65305995941162, "Rank-10": 93.00291538238525}, "best_epoch": 12}
{"event": "epoch", "dataset": "RGBNT100", "epoch": 43, "steps": 131, "mean_loss": 0.7065632661790339, "seconds": 70.57474911698955, "official_fused": {"mAP": 78.31021309910356, "Rank-1": 91.42857193946838, "Rank-5": 92.53644347190857, "Rank-10": 93.00291538238525}, "best_epoch": 12}
{"event": "epoch", "dataset": "RGBNT100", "epoch": 44, "steps": 131, "mean_loss": 0.7065365819530632, "seconds": 70.43250041897409, "official_fused": {"mAP": 78.28182064974003, "Rank-1": 91.31195545196533, "Rank-5": 92.2448992729187, "Rank-10": 93.06122660636902}, "best_epoch": 12}
{"event": "epoch", "dataset": "RGBNT100", "epoch": 45, "steps": 132, "mean_loss": 0.7065141905437816, "seconds": 71.07143921797979, "official_fused": {"mAP": 78.47600134559887, "Rank-1": 91.31195545196533, "Rank-5": 92.36151576042175, "Rank-10": 92.94460415840149}, "best_epoch": 12}
{"event": "epoch", "dataset": "RGBNT100", "epoch": 46, "steps": 132, "mean_loss": 0.7064880670020075, "seconds": 70.9450083420088, "official_fused": {"mAP": 78.41611050149628, "Rank-1": 91.31195545196533, "Rank-5": 92.30320453643799, "Rank-10": 93.00291538238525}, "best_epoch": 12}
{"event": "epoch", "dataset": "RGBNT100", "epoch": 47, "steps": 131, "mean_loss": 0.7064912988029364, "seconds": 70.51874829200096, "official_fused": {"mAP": 78.39781359193702, "Rank-1": 91.31195545196533, "Rank-5": 92.41982698440552, "Rank-10": 93.00291538238525}, "best_epoch": 12}
{"event": "epoch", "dataset": "RGBNT100", "epoch": 48, "steps": 130, "mean_loss": 0.7065048557061415, "seconds": 69.91173224698287, "official_fused": {"mAP": 78.40007084218567, "Rank-1": 91.37026071548462, "Rank-5": 92.36151576042175, "Rank-10": 93.17784309387207}, "best_epoch": 12}
{"event": "epoch", "dataset": "RGBNT100", "epoch": 49, "steps": 132, "mean_loss": 0.7064784331755205, "seconds": 70.97218150200206, "official_fused": {"mAP": 78.39904982709875, "Rank-1": 91.37026071548462, "Rank-5": 92.30320453643799, "Rank-10": 93.06122660636902}, "best_epoch": 12}
{"event": "epoch", "dataset": "RGBNT100", "epoch": 50, "steps": 130, "mean_loss": 0.7064752913438357, "seconds": 70.35987018901506, "official_fused": {"mAP": 78.39559186175732, "Rank-1": 91.37026071548462, "Rank-5": 92.30320453643799, "Rank-10": 93.1195318698883}, "best_epoch": 12}
