/data/gaob/Re-ID/conda-envs/tri_reid/lib/python3.10/site-packages/timm/models/helpers.py:7: FutureWarning: Importing from timm.models.helpers is deprecated, please import via timm.models
  warnings.warn(f"Importing from {__name__} is deprecated, please import via timm.models", FutureWarning)
/data/gaob/Re-ID/conda-envs/tri_reid/lib/python3.10/site-packages/timm/models/registry.py:4: FutureWarning: Importing from timm.models.registry is deprecated, please import via timm.models
  warnings.warn(f"Importing from {__name__} is deprecated, please import via timm.models", FutureWarning)
/data/gaob/Re-ID/conda-envs/tri_reid/lib/python3.10/site-packages/timm/models/layers/__init__.py:48: FutureWarning: Importing from timm.models.layers is deprecated, please import via timm.layers
  warnings.warn(f"Importing from {__name__} is deprecated, please import via timm.layers", FutureWarning)
建立transformer............
using Transformer_type: ViT-B-16 as a backbone
Resized position embedding: %s to %s torch.Size([197, 768]) torch.Size([129, 768])
Position embedding resize to height:8 width: 16
Successfully load ckpt!
<All keys matched successfully>
Loading pretrained model from CLIP
camera number is : 8
===========Building Signal===========
using soft triplet loss for training
label smooth on, numclasses: 50
Traceback (most recent call last):
  File "/data/gaob/Re-ID/Trifusion/tools/run_independent_native_evidence.py", line 216, in <module>
    main()
  File "/data/gaob/Re-ID/Trifusion/tools/run_independent_native_evidence.py", line 212, in main
    (foundation.evaluate if args.mode == 'evaluate' else train)(args, protocol)
  File "/data/gaob/Re-ID/Trifusion/tools/run_independent_native_evidence.py", line 168, in train
    foundation.train(args, protocol)
  File "/data/gaob/Re-ID/Trifusion/tools/run_foundation_recipe.py", line 231, in train
    output = model(batch, return_aux=True)
  File "/data/gaob/Re-ID/conda-envs/tri_reid/lib/python3.10/site-packages/torch/nn/modules/module.py", line 1736, in _wrapped_call_impl
    return self._call_impl(*args, **kwargs)
  File "/data/gaob/Re-ID/conda-envs/tri_reid/lib/python3.10/site-packages/torch/nn/modules/module.py", line 1747, in _call_impl
    return forward_call(*args, **kwargs)
  File "/data/gaob/Re-ID/Trifusion/modeling/trifusion/evidence_author_heads.py", line 50, in forward
    output = self.evidence_model.forward_features(batch)
  File "/data/gaob/Re-ID/Trifusion/modeling/trifusion/evidence_author_heads.py", line 15, in forward_features
    _stages, raw = self.backbone(batch['images'], batch['camera_ids'])
  File "/data/gaob/Re-ID/conda-envs/tri_reid/lib/python3.10/site-packages/torch/nn/modules/module.py", line 1736, in _wrapped_call_impl
    return self._call_impl(*args, **kwargs)
  File "/data/gaob/Re-ID/conda-envs/tri_reid/lib/python3.10/site-packages/torch/nn/modules/module.py", line 1747, in _call_impl
    return forward_call(*args, **kwargs)
  File "/data/gaob/Re-ID/Trifusion/modeling/trifusion/correspondence_roles.py", line 86, in forward
    [torch.stack(captured[index], dim=2) for index in self.layers], dim=0
  File "/data/gaob/Re-ID/Trifusion/modeling/trifusion/correspondence_roles.py", line 86, in <listcomp>
    [torch.stack(captured[index], dim=2) for index in self.layers], dim=0
torch.OutOfMemoryError: CUDA out of memory. Tried to allocate 218.00 MiB. GPU 0 has a total capacity of 23.56 GiB of which 78.56 MiB is free. Including non-PyTorch memory, this process has 23.42 GiB memory in use. Of the allocated memory 22.52 GiB is allocated by PyTorch, and 604.24 MiB is reserved by PyTorch but unallocated. If reserved but unallocated memory is large try setting PYTORCH_CUDA_ALLOC_CONF=expandable_segments:True to avoid fragmentation.  See documentation for Memory Management  (https://pytorch.org/docs/stable/notes/cuda.html#environment-variables)
