/data/gaob/Re-ID/conda-envs/tri_reid/lib/python3.10/site-packages/timm/models/helpers.py:7: FutureWarning: Importing from timm.models.helpers is deprecated, please import via timm.models
  warnings.warn(f"Importing from {__name__} is deprecated, please import via timm.models", FutureWarning)
/data/gaob/Re-ID/conda-envs/tri_reid/lib/python3.10/site-packages/timm/models/registry.py:4: FutureWarning: Importing from timm.models.registry is deprecated, please import via timm.models
  warnings.warn(f"Importing from {__name__} is deprecated, please import via timm.models", FutureWarning)
/data/gaob/Re-ID/conda-envs/tri_reid/lib/python3.10/site-packages/timm/models/layers/__init__.py:48: FutureWarning: Importing from timm.models.layers is deprecated, please import via timm.layers
  warnings.warn(f"Importing from {__name__} is deprecated, please import via timm.layers", FutureWarning)
建立transformer............
using Transformer_type: ViT-B-16 as a backbone
Resized position embedding: %s to %s torch.Size([197, 768]) torch.Size([129, 768])
Position embedding resize to height:8 width: 16
Successfully load ckpt!
<All keys matched successfully>
Loading pretrained model from CLIP
camera number is : 8
===========Building Signal===========
using soft triplet loss for training
label smooth on, numclasses: 50
{"event": "epoch", "dataset": "RGBNT100", "recipe": "native", "epoch": 1, "steps": 62, "mean_loss": 10.997009369634814, "seconds": 68.00400979502592, "official_fused": {"mAP": 59.09192831297131, "Rank-1": 83.8483989238739, "Rank-5": 85.364431142807, "Rank-10": 86.29737496376038}}
{"event": "epoch", "dataset": "RGBNT100", "recipe": "native", "epoch": 2, "steps": 62, "mean_loss": 8.568437691657774, "seconds": 66.50124571303604, "official_fused": {"mAP": 70.22107489199327, "Rank-1": 87.81341314315796, "Rank-5": 88.92128467559814, "Rank-10": 89.56268429756165}}
{"event": "epoch", "dataset": "RGBNT100", "recipe": "native", "epoch": 3, "steps": 63, "mean_loss": 5.293051829413762, "seconds": 66.84767128300155, "official_fused": {"mAP": 76.90354688379702, "Rank-1": 94.11078691482544, "Rank-5": 95.04373073577881, "Rank-10": 95.33527493476868}}
{"event": "epoch", "dataset": "RGBNT100", "recipe": "native", "epoch": 4, "steps": 61, "mean_loss": 2.658941460437462, "seconds": 64.56969721801579, "official_fused": {"mAP": 80.30381777907452, "Rank-1": 94.22740340232849, "Rank-5": 94.57725882530212, "Rank-10": 94.69387531280518}}
{"event": "epoch", "dataset": "RGBNT100", "recipe": "native", "epoch": 5, "steps": 63, "mean_loss": 1.6830912204015822, "seconds": 67.41535851097433, "official_fused": {"mAP": 82.94786702322054, "Rank-1": 95.5102026462555, "Rank-5": 96.50145769119263, "Rank-10": 97.14285731315613}}
{"event": "epoch", "dataset": "RGBNT100", "recipe": "native", "epoch": 6, "steps": 63, "mean_loss": 1.4246497816509671, "seconds": 67.57766063103918, "official_fused": {"mAP": 81.35537016449092, "Rank-1": 94.22740340232849, "Rank-5": 94.98542547225952, "Rank-10": 95.97667455673218}}
{"event": "epoch", "dataset": "RGBNT100", "recipe": "native", "epoch": 7, "steps": 62, "mean_loss": 1.3066944460715018, "seconds": 66.04327155201463, "official_fused": {"mAP": 81.84324741934653, "Rank-1": 95.56851387023926, "Rank-5": 96.38484120368958, "Rank-10": 96.67638540267944}}
{"event": "epoch", "dataset": "RGBNT100", "recipe": "native", "epoch": 8, "steps": 63, "mean_loss": 1.2407905393176608, "seconds": 67.25987812801031, "official_fused": {"mAP": 82.49304319942205, "Rank-1": 95.97667455673218, "Rank-5": 97.20116853713989, "Rank-10": 97.90087342262268}}
{"event": "epoch", "dataset": "RGBNT100", "recipe": "native", "epoch": 9, "steps": 63, "mean_loss": 1.204336266669016, "seconds": 66.95896297798026, "official_fused": {"mAP": 81.90976590814941, "Rank-1": 95.97667455673218, "Rank-5": 96.7930018901825, "Rank-10": 96.96792960166931}}
{"event": "epoch", "dataset": "RGBNT100", "recipe": "native", "epoch": 10, "steps": 62, "mean_loss": 1.1783815545420493, "seconds": 66.83722717501223, "official_fused": {"mAP": 81.93829256129838, "Rank-1": 96.50145769119263, "Rank-5": 97.08454608917236, "Rank-10": 97.55101799964905}}
{"event": "epoch", "dataset": "RGBNT100", "recipe": "native", "epoch": 11, "steps": 63, "mean_loss": 1.1649679948413183, "seconds": 67.3235316190403, "official_fused": {"mAP": 82.29633046288582, "Rank-1": 96.67638540267944, "Rank-5": 97.55101799964905, "Rank-10": 98.13411235809326}}
{"event": "epoch", "dataset": "RGBNT100", "recipe": "native", "epoch": 12, "steps": 63, "mean_loss": 1.1525158276633611, "seconds": 67.13516233098926, "official_fused": {"mAP": 82.00723242075838, "Rank-1": 96.38484120368958, "Rank-5": 97.31778502464294, "Rank-10": 97.90087342262268}}
{"event": "epoch", "dataset": "RGBNT100", "recipe": "native", "epoch": 13, "steps": 63, "mean_loss": 1.147657273307679, "seconds": 67.07179053500295, "official_fused": {"mAP": 82.28386775385582, "Rank-1": 96.55976891517639, "Rank-5": 97.434401512146, "Rank-10": 97.72594571113586}}
{"event": "epoch", "dataset": "RGBNT100", "recipe": "native", "epoch": 14, "steps": 63, "mean_loss": 1.1427015236445837, "seconds": 66.92821026599267, "official_fused": {"mAP": 82.35597982942991, "Rank-1": 96.7930018901825, "Rank-5": 97.434401512146, "Rank-10": 97.49271273612976}}
{"event": "epoch", "dataset": "RGBNT100", "recipe": "native", "epoch": 15, "steps": 63, "mean_loss": 1.1355268255112663, "seconds": 67.6121149630053, "official_fused": {"mAP": 82.51620346931476, "Rank-1": 95.56851387023926, "Rank-5": 96.61807417869568, "Rank-10": 96.7930018901825}}
{"event": "epoch", "dataset": "RGBNT100", "recipe": "native", "epoch": 16, "steps": 63, "mean_loss": 1.1259967013010903, "seconds": 66.96298085595481, "official_fused": {"mAP": 82.1803987463937, "Rank-1": 95.97667455673218, "Rank-5": 96.67638540267944, "Rank-10": 97.31778502464294}}
{"event": "epoch", "dataset": "RGBNT100", "recipe": "native", "epoch": 17, "steps": 62, "mean_loss": 1.117472848584575, "seconds": 65.68060963699827, "official_fused": {"mAP": 82.13649587293702, "Rank-1": 96.38484120368958, "Rank-5": 96.90961837768555, "Rank-10": 96.96792960166931}}
{"event": "epoch", "dataset": "RGBNT100", "recipe": "native", "epoch": 18, "steps": 62, "mean_loss": 1.114197434917573, "seconds": 65.89978189900285, "official_fused": {"mAP": 82.15209624113061, "Rank-1": 96.44314646720886, "Rank-5": 97.20116853713989, "Rank-10": 97.78425693511963}}
{"event": "epoch", "dataset": "RGBNT100", "recipe": "native", "epoch": 19, "steps": 63, "mean_loss": 1.10956481146434, "seconds": 67.04348094103625, "official_fused": {"mAP": 81.7334921268651, "Rank-1": 95.86005806922913, "Rank-5": 96.85131311416626, "Rank-10": 97.25947380065918}}
{"event": "epoch", "dataset": "RGBNT100", "recipe": "native", "epoch": 20, "steps": 62, "mean_loss": 1.1062229506431087, "seconds": 66.19167241302785, "official_fused": {"mAP": 81.46365774491878, "Rank-1": 96.50145769119263, "Rank-5": 96.96792960166931, "Rank-10": 97.49271273612976}}
{"event": "epoch", "dataset": "RGBNT100", "recipe": "native", "epoch": 21, "steps": 63, "mean_loss": 1.1014953567868186, "seconds": 66.98683302500285, "official_fused": {"mAP": 82.19855104630611, "Rank-1": 95.86005806922913, "Rank-5": 96.85131311416626, "Rank-10": 97.37609624862671}}
{"event": "epoch", "dataset": "RGBNT100", "recipe": "native", "epoch": 22, "steps": 63, "mean_loss": 1.1046614211703103, "seconds": 66.91377965599531, "official_fused": {"mAP": 82.01721890071964, "Rank-1": 96.67638540267944, "Rank-5": 97.37609624862671, "Rank-10": 97.95918464660645}}
{"event": "epoch", "dataset": "RGBNT100", "recipe": "native", "epoch": 23, "steps": 63, "mean_loss": 1.0954137302580333, "seconds": 67.4691547480179, "official_fused": {"mAP": 81.83226875718188, "Rank-1": 96.0932970046997, "Rank-5": 96.55976891517639, "Rank-10": 97.02624082565308}}
{"event": "epoch", "dataset": "RGBNT100", "recipe": "native", "epoch": 24, "steps": 63, "mean_loss": 1.0932384502320063, "seconds": 67.59554011700675, "official_fused": {"mAP": 81.98879717618067, "Rank-1": 95.33527493476868, "Rank-5": 96.20991349220276, "Rank-10": 96.85131311416626}}
{"event": "epoch", "dataset": "RGBNT100", "recipe": "native", "epoch": 25, "steps": 63, "mean_loss": 1.0920131168668232, "seconds": 66.29386637901189, "official_fused": {"mAP": 82.5305249859156, "Rank-1": 96.38484120368958, "Rank-5": 97.20116853713989, "Rank-10": 97.72594571113586}}
{"event": "epoch", "dataset": "RGBNT100", "recipe": "native", "epoch": 26, "steps": 63, "mean_loss": 1.0923594425594996, "seconds": 66.82153304299572, "official_fused": {"mAP": 83.16323568552268, "Rank-1": 96.7930018901825, "Rank-5": 97.55101799964905, "Rank-10": 98.01748991012573}}
{"event": "epoch", "dataset": "RGBNT100", "recipe": "native", "epoch": 27, "steps": 63, "mean_loss": 1.0900283862674047, "seconds": 67.33391296700574, "official_fused": {"mAP": 82.40650209815416, "Rank-1": 96.73469662666321, "Rank-5": 97.37609624862671, "Rank-10": 97.8425681591034}}
{"event": "epoch", "dataset": "RGBNT100", "recipe": "native", "epoch": 28, "steps": 62, "mean_loss": 1.088219929126001, "seconds": 65.74625296599697, "official_fused": {"mAP": 82.67744198199522, "Rank-1": 95.86005806922913, "Rank-5": 96.90961837768555, "Rank-10": 97.25947380065918}}
{"event": "epoch", "dataset": "RGBNT100", "recipe": "native", "epoch": 29, "steps": 63, "mean_loss": 1.087719167981829, "seconds": 66.47448598995106, "official_fused": {"mAP": 82.31619809768803, "Rank-1": 95.80174684524536, "Rank-5": 96.50145769119263, "Rank-10": 96.85131311416626}}
{"event": "epoch", "dataset": "RGBNT100", "recipe": "native", "epoch": 30, "steps": 62, "mean_loss": 1.0849397836192962, "seconds": 65.90619587199762, "official_fused": {"mAP": 82.16517285027894, "Rank-1": 95.33527493476868, "Rank-5": 96.03498578071594, "Rank-10": 97.02624082565308}}
{"event": "epoch", "dataset": "RGBNT100", "recipe": "native", "epoch": 31, "steps": 62, "mean_loss": 1.085009999813572, "seconds": 65.6902921020519, "official_fused": {"mAP": 81.41822143183671, "Rank-1": 95.4518973827362, "Rank-5": 96.0932970046997, "Rank-10": 96.32652997970581}}
{"event": "epoch", "dataset": "RGBNT100", "recipe": "native", "epoch": 32, "steps": 62, "mean_loss": 1.0836674109581979, "seconds": 65.64533528301399, "official_fused": {"mAP": 81.64459840286584, "Rank-1": 95.62682509422302, "Rank-5": 96.73469662666321, "Rank-10": 96.96792960166931}}
{"event": "epoch", "dataset": "RGBNT100", "recipe": "native", "epoch": 33, "steps": 63, "mean_loss": 1.0817513560491896, "seconds": 67.2109288930078, "official_fused": {"mAP": 82.07622018048967, "Rank-1": 96.0932970046997, "Rank-5": 96.90961837768555, "Rank-10": 97.31778502464294}}
{"event": "epoch", "dataset": "RGBNT100", "recipe": "native", "epoch": 34, "steps": 62, "mean_loss": 1.081351682063072, "seconds": 66.8297027220251, "official_fused": {"mAP": 81.71677834036456, "Rank-1": 96.0932970046997, "Rank-5": 96.67638540267944, "Rank-10": 97.08454608917236}}
{"event": "epoch", "dataset": "RGBNT100", "recipe": "native", "epoch": 35, "steps": 63, "mean_loss": 1.0812586432411557, "seconds": 65.53166033298476, "official_fused": {"mAP": 82.01114339289782, "Rank-1": 96.03498578071594, "Rank-5": 96.7930018901825, "Rank-10": 97.37609624862671}}
{"event": "epoch", "dataset": "RGBNT100", "recipe": "native", "epoch": 36, "steps": 62, "mean_loss": 1.084543026262714, "seconds": 66.39217642199947, "official_fused": {"mAP": 81.9827898324503, "Rank-1": 95.74344158172607, "Rank-5": 96.73469662666321, "Rank-10": 97.25947380065918}}
{"event": "epoch", "dataset": "RGBNT100", "recipe": "native", "epoch": 37, "steps": 63, "mean_loss": 1.080840615999131, "seconds": 67.4932420339901, "official_fused": {"mAP": 81.82767771741483, "Rank-1": 95.39358615875244, "Rank-5": 96.61807417869568, "Rank-10": 97.37609624862671}}
{"event": "epoch", "dataset": "RGBNT100", "recipe": "native", "epoch": 38, "steps": 63, "mean_loss": 1.079259369108412, "seconds": 67.37472091498785, "official_fused": {"mAP": 81.86286812825412, "Rank-1": 95.74344158172607, "Rank-5": 96.61807417869568, "Rank-10": 96.7930018901825}}
{"event": "epoch", "dataset": "RGBNT100", "recipe": "native", "epoch": 39, "steps": 63, "mean_loss": 1.080370481052096, "seconds": 67.41546115698293, "official_fused": {"mAP": 81.90820848843761, "Rank-1": 95.5102026462555, "Rank-5": 96.61807417869568, "Rank-10": 97.14285731315613}}
{"event": "epoch", "dataset": "RGBNT100", "recipe": "native", "epoch": 40, "steps": 62, "mean_loss": 1.0792668327208488, "seconds": 66.39629510499071, "official_fused": {"mAP": 82.03050182250165, "Rank-1": 95.91836929321289, "Rank-5": 96.61807417869568, "Rank-10": 96.96792960166931}}
{"event": "epoch", "dataset": "RGBNT100", "recipe": "native", "epoch": 41, "steps": 63, "mean_loss": 1.0789376932477195, "seconds": 67.8483563910122, "official_fused": {"mAP": 82.06642939010483, "Rank-1": 95.80174684524536, "Rank-5": 96.73469662666321, "Rank-10": 96.96792960166931}}
{"event": "epoch", "dataset": "RGBNT100", "recipe": "native", "epoch": 42, "steps": 63, "mean_loss": 1.0784060936125497, "seconds": 67.65282833995298, "official_fused": {"mAP": 82.01431110274231, "Rank-1": 96.03498578071594, "Rank-5": 96.7930018901825, "Rank-10": 97.25947380065918}}
{"event": "epoch", "dataset": "RGBNT100", "recipe": "native", "epoch": 43, "steps": 62, "mean_loss": 1.0782437593706193, "seconds": 66.46746900602011, "official_fused": {"mAP": 82.07846376131111, "Rank-1": 96.03498578071594, "Rank-5": 96.90961837768555, "Rank-10": 97.14285731315613}}
{"event": "epoch", "dataset": "RGBNT100", "recipe": "native", "epoch": 44, "steps": 62, "mean_loss": 1.0777168927654144, "seconds": 67.49231455399422, "official_fused": {"mAP": 82.06469193707865, "Rank-1": 95.86005806922913, "Rank-5": 96.73469662666321, "Rank-10": 96.96792960166931}}
{"event": "epoch", "dataset": "RGBNT100", "recipe": "native", "epoch": 45, "steps": 62, "mean_loss": 1.0782859190817802, "seconds": 66.28686418099096, "official_fused": {"mAP": 82.17498474340177, "Rank-1": 95.68513035774231, "Rank-5": 96.67638540267944, "Rank-10": 97.14285731315613}}
{"event": "epoch", "dataset": "RGBNT100", "recipe": "native", "epoch": 46, "steps": 63, "mean_loss": 1.0775672575784108, "seconds": 68.01683605602011, "official_fused": {"mAP": 82.39004001278467, "Rank-1": 96.32652997970581, "Rank-5": 96.90961837768555, "Rank-10": 97.14285731315613}}
{"event": "epoch", "dataset": "RGBNT100", "recipe": "native", "epoch": 47, "steps": 62, "mean_loss": 1.0775974700527806, "seconds": 66.01126788801048, "official_fused": {"mAP": 82.2618633973325, "Rank-1": 96.20991349220276, "Rank-5": 96.90961837768555, "Rank-10": 97.31778502464294}}
{"event": "epoch", "dataset": "RGBNT100", "recipe": "native", "epoch": 48, "steps": 63, "mean_loss": 1.0771455651237851, "seconds": 67.16270519699901, "official_fused": {"mAP": 82.08167567024356, "Rank-1": 95.86005806922913, "Rank-5": 96.7930018901825, "Rank-10": 97.37609624862671}}
{"event": "epoch", "dataset": "RGBNT100", "recipe": "native", "epoch": 49, "steps": 63, "mean_loss": 1.0772991180419922, "seconds": 67.38364591298159, "official_fused": {"mAP": 82.06268562841417, "Rank-1": 96.32652997970581, "Rank-5": 96.96792960166931, "Rank-10": 97.37609624862671}}
{"event": "epoch", "dataset": "RGBNT100", "recipe": "native", "epoch": 50, "steps": 62, "mean_loss": 1.0770966852864912, "seconds": 66.40874695399543, "official_fused": {"mAP": 81.94803366817399, "Rank-1": 96.20991349220276, "Rank-5": 96.96792960166931, "Rank-10": 97.31778502464294}}
