/data/gaob/Re-ID/conda-envs/tri_reid/lib/python3.10/site-packages/timm/models/helpers.py:7: FutureWarning: Importing from timm.models.helpers is deprecated, please import via timm.models
  warnings.warn(f"Importing from {__name__} is deprecated, please import via timm.models", FutureWarning)
/data/gaob/Re-ID/conda-envs/tri_reid/lib/python3.10/site-packages/timm/models/registry.py:4: FutureWarning: Importing from timm.models.registry is deprecated, please import via timm.models
  warnings.warn(f"Importing from {__name__} is deprecated, please import via timm.models", FutureWarning)
/data/gaob/Re-ID/conda-envs/tri_reid/lib/python3.10/site-packages/timm/models/layers/__init__.py:48: FutureWarning: Importing from timm.models.layers is deprecated, please import via timm.layers
  warnings.warn(f"Importing from {__name__} is deprecated, please import via timm.layers", FutureWarning)
建立transformer............
using Transformer_type: ViT-B-16 as a backbone
Resized position embedding: %s to %s torch.Size([197, 768]) torch.Size([129, 768])
Position embedding resize to height:8 width: 16
Successfully load ckpt!
<All keys matched successfully>
Loading pretrained model from CLIP
camera number is : 8
===========Building Signal===========
{"event": "epoch", "dataset": "RGBNT100", "epoch": 1, "steps": 130, "mean_loss": 3.360456754611089, "seconds": 79.64216601799126, "official_fused": {"mAP": 65.85118170353088, "Rank-1": 85.364431142807, "Rank-5": 88.68804574012756, "Rank-10": 89.9125337600708}, "best_epoch": 1}
{"event": "epoch", "dataset": "RGBNT100", "epoch": 2, "steps": 131, "mean_loss": 1.3300262703240373, "seconds": 83.92890922699007, "official_fused": {"mAP": 76.520923606569, "Rank-1": 94.75218653678894, "Rank-5": 96.03498578071594, "Rank-10": 96.61807417869568}, "best_epoch": 2}
{"event": "epoch", "dataset": "RGBNT100", "epoch": 3, "steps": 132, "mean_loss": 0.8260729538671898, "seconds": 85.51150893399608, "official_fused": {"mAP": 76.61526060252247, "Rank-1": 92.30320453643799, "Rank-5": 94.1690981388092, "Rank-10": 95.33527493476868}, "best_epoch": 3}
{"event": "epoch", "dataset": "RGBNT100", "epoch": 4, "steps": 131, "mean_loss": 0.7599692772362978, "seconds": 81.10509473999264, "official_fused": {"mAP": 77.57917606104452, "Rank-1": 94.51894760131836, "Rank-5": 95.86005806922913, "Rank-10": 96.55976891517639}, "best_epoch": 4}
{"event": "epoch", "dataset": "RGBNT100", "epoch": 5, "steps": 132, "mean_loss": 0.739567575581146, "seconds": 82.07709058999899, "official_fused": {"mAP": 76.82101429768667, "Rank-1": 93.7609314918518, "Rank-5": 94.98542547225952, "Rank-10": 95.56851387023926}, "best_epoch": 4}
{"event": "epoch", "dataset": "RGBNT100", "epoch": 6, "steps": 131, "mean_loss": 0.7287072366430559, "seconds": 81.75533251700108, "official_fused": {"mAP": 77.23315136071015, "Rank-1": 94.40233111381531, "Rank-5": 95.27696967124939, "Rank-10": 95.97667455673218}, "best_epoch": 4}
{"event": "epoch", "dataset": "RGBNT100", "epoch": 7, "steps": 132, "mean_loss": 0.7212543162432584, "seconds": 83.90858389800997, "official_fused": {"mAP": 76.58568744985618, "Rank-1": 94.75218653678894, "Rank-5": 95.74344158172607, "Rank-10": 96.151602268219}, "best_epoch": 4}
{"event": "epoch", "dataset": "RGBNT100", "epoch": 8, "steps": 131, "mean_loss": 0.7214047317286484, "seconds": 82.6444307740021, "official_fused": {"mAP": 75.77835976655892, "Rank-1": 94.40233111381531, "Rank-5": 95.39358615875244, "Rank-10": 96.151602268219}, "best_epoch": 4}
{"event": "epoch", "dataset": "RGBNT100", "epoch": 9, "steps": 130, "mean_loss": 0.7163521161446205, "seconds": 81.42117034600233, "official_fused": {"mAP": 77.52768592288425, "Rank-1": 95.62682509422302, "Rank-5": 96.55976891517639, "Rank-10": 96.7930018901825}, "best_epoch": 4}
{"event": "epoch", "dataset": "RGBNT100", "epoch": 10, "steps": 132, "mean_loss": 0.7132411386930582, "seconds": 82.02349762100494, "official_fused": {"mAP": 78.14983080915596, "Rank-1": 94.11078691482544, "Rank-5": 95.33527493476868, "Rank-10": 96.151602268219}, "best_epoch": 10}
{"event": "epoch", "dataset": "RGBNT100", "epoch": 11, "steps": 131, "mean_loss": 0.7114525068807238, "seconds": 82.93187145900447, "official_fused": {"mAP": 78.12664128152511, "Rank-1": 95.16034722328186, "Rank-5": 95.80174684524536, "Rank-10": 96.20991349220276}, "best_epoch": 10}
{"event": "epoch", "dataset": "RGBNT100", "epoch": 12, "steps": 131, "mean_loss": 0.7111912092179743, "seconds": 80.31538442400051, "official_fused": {"mAP": 77.44412692535566, "Rank-1": 95.10204195976257, "Rank-5": 95.86005806922913, "Rank-10": 96.61807417869568}, "best_epoch": 10}
{"event": "epoch", "dataset": "RGBNT100", "epoch": 13, "steps": 131, "mean_loss": 0.7107065902411482, "seconds": 81.20036561499, "official_fused": {"mAP": 77.76757900037985, "Rank-1": 92.94460415840149, "Rank-5": 95.10204195976257, "Rank-10": 95.39358615875244}, "best_epoch": 10}
{"event": "epoch", "dataset": "RGBNT100", "epoch": 14, "steps": 132, "mean_loss": 0.710305753530878, "seconds": 80.78503867200925, "official_fused": {"mAP": 77.88219665098711, "Rank-1": 94.05247569084167, "Rank-5": 95.33527493476868, "Rank-10": 96.151602268219}, "best_epoch": 10}
{"event": "epoch", "dataset": "RGBNT100", "epoch": 15, "steps": 129, "mean_loss": 0.7096109713694846, "seconds": 78.0877585799899, "official_fused": {"mAP": 78.26697208471923, "Rank-1": 94.05247569084167, "Rank-5": 95.5102026462555, "Rank-10": 96.03498578071594}, "best_epoch": 15}
{"event": "epoch", "dataset": "RGBNT100", "epoch": 16, "steps": 131, "mean_loss": 0.7093604170639096, "seconds": 80.35377323100693, "official_fused": {"mAP": 79.17484541084747, "Rank-1": 93.7609314918518, "Rank-5": 94.63557004928589, "Rank-10": 95.56851387023926}, "best_epoch": 16}
{"event": "epoch", "dataset": "RGBNT100", "epoch": 17, "steps": 132, "mean_loss": 0.7097312523560091, "seconds": 80.90284755799803, "official_fused": {"mAP": 77.71096957630395, "Rank-1": 93.64431500434875, "Rank-5": 94.69387531280518, "Rank-10": 94.98542547225952}, "best_epoch": 16}
{"event": "epoch", "dataset": "RGBNT100", "epoch": 18, "steps": 132, "mean_loss": 0.7090697744579026, "seconds": 80.79266022000229, "official_fused": {"mAP": 77.42069819800204, "Rank-1": 93.70262622833252, "Rank-5": 94.86880302429199, "Rank-10": 95.86005806922913}, "best_epoch": 16}
{"event": "epoch", "dataset": "RGBNT100", "epoch": 19, "steps": 132, "mean_loss": 0.7086807295228496, "seconds": 81.11524438200286, "official_fused": {"mAP": 78.27254411311291, "Rank-1": 93.58600378036499, "Rank-5": 94.63557004928589, "Rank-10": 95.33527493476868}, "best_epoch": 16}
{"event": "epoch", "dataset": "RGBNT100", "epoch": 20, "steps": 132, "mean_loss": 0.7088065156430909, "seconds": 81.56125724498997, "official_fused": {"mAP": 78.30625543475948, "Rank-1": 94.1690981388092, "Rank-5": 95.04373073577881, "Rank-10": 95.62682509422302}, "best_epoch": 16}
{"event": "epoch", "dataset": "RGBNT100", "epoch": 21, "steps": 131, "mean_loss": 0.7098081357606495, "seconds": 80.43420514499303, "official_fused": {"mAP": 75.61992507385662, "Rank-1": 92.65305995941162, "Rank-5": 93.46938729286194, "Rank-10": 94.05247569084167}, "best_epoch": 16}
{"event": "epoch", "dataset": "RGBNT100", "epoch": 22, "steps": 132, "mean_loss": 0.7089094013878794, "seconds": 82.12636433998705, "official_fused": {"mAP": 77.54490065667437, "Rank-1": 93.23615431785583, "Rank-5": 94.22740340232849, "Rank-10": 95.04373073577881}, "best_epoch": 16}
{"event": "epoch", "dataset": "RGBNT100", "epoch": 23, "steps": 131, "mean_loss": 0.7087045079879178, "seconds": 79.80116287400597, "official_fused": {"mAP": 77.25870558471803, "Rank-1": 92.94460415840149, "Rank-5": 94.40233111381531, "Rank-10": 95.21865844726562}, "best_epoch": 16}
{"event": "epoch", "dataset": "RGBNT100", "epoch": 24, "steps": 130, "mean_loss": 0.7080763119917649, "seconds": 78.7783276750124, "official_fused": {"mAP": 77.55053391939131, "Rank-1": 92.30320453643799, "Rank-5": 93.93585920333862, "Rank-10": 94.75218653678894}, "best_epoch": 16}
{"event": "epoch", "dataset": "RGBNT100", "epoch": 25, "steps": 132, "mean_loss": 0.7543327257488713, "seconds": 80.71473917501862, "official_fused": {"mAP": 69.43729866163414, "Rank-1": 89.50437307357788, "Rank-5": 91.8367326259613, "Rank-10": 92.8862988948822}, "best_epoch": 16}
{"event": "epoch", "dataset": "RGBNT100", "epoch": 26, "steps": 131, "mean_loss": 0.7288720034460985, "seconds": 80.14359050799976, "official_fused": {"mAP": 75.85043630948014, "Rank-1": 92.4781322479248, "Rank-5": 93.29445958137512, "Rank-10": 93.7609314918518}, "best_epoch": 16}
{"event": "epoch", "dataset": "RGBNT100", "epoch": 27, "steps": 131, "mean_loss": 0.7124103512472779, "seconds": 79.99549307199777, "official_fused": {"mAP": 76.8524612670607, "Rank-1": 93.64431500434875, "Rank-5": 94.40233111381531, "Rank-10": 94.98542547225952}, "best_epoch": 16}
{"event": "epoch", "dataset": "RGBNT100", "epoch": 28, "steps": 130, "mean_loss": 0.7104539467738225, "seconds": 79.14170169798308, "official_fused": {"mAP": 77.19764190460322, "Rank-1": 93.58600378036499, "Rank-5": 94.34402585029602, "Rank-10": 94.75218653678894}, "best_epoch": 16}
{"event": "epoch", "dataset": "RGBNT100", "epoch": 29, "steps": 131, "mean_loss": 0.709502462212366, "seconds": 80.66470457101241, "official_fused": {"mAP": 77.70308198893193, "Rank-1": 93.46938729286194, "Rank-5": 94.40233111381531, "Rank-10": 94.75218653678894}, "best_epoch": 16}
{"event": "epoch", "dataset": "RGBNT100", "epoch": 30, "steps": 132, "mean_loss": 0.7092147943648425, "seconds": 79.17002376599703, "official_fused": {"mAP": 77.90870505903388, "Rank-1": 93.70262622833252, "Rank-5": 94.34402585029602, "Rank-10": 94.86880302429199}, "best_epoch": 16}
{"event": "epoch", "dataset": "RGBNT100", "epoch": 31, "steps": 131, "mean_loss": 0.7086646479504709, "seconds": 78.30642597097903, "official_fused": {"mAP": 77.81236258885836, "Rank-1": 93.46938729286194, "Rank-5": 94.46064233779907, "Rank-10": 94.8104977607727}, "best_epoch": 16}
{"event": "epoch", "dataset": "RGBNT100", "epoch": 32, "steps": 131, "mean_loss": 0.7082446181137143, "seconds": 78.33858596798382, "official_fused": {"mAP": 78.05679866512858, "Rank-1": 93.58600378036499, "Rank-5": 94.28571462631226, "Rank-10": 94.75218653678894}, "best_epoch": 16}
{"event": "epoch", "dataset": "RGBNT100", "epoch": 33, "steps": 131, "mean_loss": 0.7080341745878904, "seconds": 78.21664016201976, "official_fused": {"mAP": 78.02085651472309, "Rank-1": 93.64431500434875, "Rank-5": 94.40233111381531, "Rank-10": 94.75218653678894}, "best_epoch": 16}
{"event": "epoch", "dataset": "RGBNT100", "epoch": 34, "steps": 132, "mean_loss": 0.7078521080089338, "seconds": 79.3051345399872, "official_fused": {"mAP": 78.41572002508262, "Rank-1": 93.58600378036499, "Rank-5": 94.57725882530212, "Rank-10": 95.21865844726562}, "best_epoch": 16}
{"event": "epoch", "dataset": "RGBNT100", "epoch": 35, "steps": 132, "mean_loss": 0.7077939370364854, "seconds": 78.33531804397353, "official_fused": {"mAP": 78.37433905076155, "Rank-1": 93.41107606887817, "Rank-5": 94.51894760131836, "Rank-10": 95.04373073577881}, "best_epoch": 16}
{"event": "epoch", "dataset": "RGBNT100", "epoch": 36, "steps": 130, "mean_loss": 0.7077418845433455, "seconds": 77.4194552229892, "official_fused": {"mAP": 78.75166462480104, "Rank-1": 93.99417042732239, "Rank-5": 95.33527493476868, "Rank-10": 95.86005806922913}, "best_epoch": 16}
{"event": "epoch", "dataset": "RGBNT100", "epoch": 37, "steps": 131, "mean_loss": 0.7075830506914444, "seconds": 78.34548643499147, "official_fused": {"mAP": 78.69839521983235, "Rank-1": 93.70262622833252, "Rank-5": 94.63557004928589, "Rank-10": 95.56851387023926}, "best_epoch": 16}
{"event": "epoch", "dataset": "RGBNT100", "epoch": 38, "steps": 132, "mean_loss": 0.7074559010339506, "seconds": 78.68486895199749, "official_fused": {"mAP": 78.50666898111287, "Rank-1": 93.7609314918518, "Rank-5": 94.69387531280518, "Rank-10": 95.74344158172607}, "best_epoch": 16}
{"event": "epoch", "dataset": "RGBNT100", "epoch": 39, "steps": 130, "mean_loss": 0.7079239671046917, "seconds": 78.85226571900421, "official_fused": {"mAP": 78.12163613183249, "Rank-1": 93.99417042732239, "Rank-5": 94.92711424827576, "Rank-10": 95.5102026462555}, "best_epoch": 16}
{"event": "epoch", "dataset": "RGBNT100", "epoch": 40, "steps": 131, "mean_loss": 0.7074380385056707, "seconds": 78.30781126400689, "official_fused": {"mAP": 78.37729207190974, "Rank-1": 93.93585920333862, "Rank-5": 94.98542547225952, "Rank-10": 95.5102026462555}, "best_epoch": 16}
{"event": "epoch", "dataset": "RGBNT100", "epoch": 41, "steps": 131, "mean_loss": 0.7073270751319769, "seconds": 78.07680029602489, "official_fused": {"mAP": 78.60710941104259, "Rank-1": 94.22740340232849, "Rank-5": 95.16034722328186, "Rank-10": 95.74344158172607}, "best_epoch": 16}
{"event": "epoch", "dataset": "RGBNT100", "epoch": 42, "steps": 132, "mean_loss": 0.7072090036941298, "seconds": 78.40344605100108, "official_fused": {"mAP": 78.47539193176269, "Rank-1": 93.81924271583557, "Rank-5": 95.04373073577881, "Rank-10": 95.86005806922913}, "best_epoch": 16}
{"event": "epoch", "dataset": "RGBNT100", "epoch": 43, "steps": 131, "mean_loss": 0.7071779843505103, "seconds": 77.66990080100368, "official_fused": {"mAP": 78.55331805028023, "Rank-1": 94.11078691482544, "Rank-5": 94.98542547225952, "Rank-10": 95.68513035774231}, "best_epoch": 16}
{"event": "epoch", "dataset": "RGBNT100", "epoch": 44, "steps": 131, "mean_loss": 0.7071469367005443, "seconds": 77.5514207619999, "official_fused": {"mAP": 78.66524829908667, "Rank-1": 93.93585920333862, "Rank-5": 94.98542547225952, "Rank-10": 95.4518973827362}, "best_epoch": 16}
{"event": "epoch", "dataset": "RGBNT100", "epoch": 45, "steps": 132, "mean_loss": 0.7071304989583564, "seconds": 78.41420042599202, "official_fused": {"mAP": 78.69269949597961, "Rank-1": 94.1690981388092, "Rank-5": 94.98542547225952, "Rank-10": 95.5102026462555}, "best_epoch": 16}
{"event": "epoch", "dataset": "RGBNT100", "epoch": 46, "steps": 132, "mean_loss": 0.7070809264074672, "seconds": 78.25126336098765, "official_fused": {"mAP": 78.66355684060849, "Rank-1": 94.28571462631226, "Rank-5": 95.21865844726562, "Rank-10": 95.62682509422302}, "best_epoch": 16}
{"event": "epoch", "dataset": "RGBNT100", "epoch": 47, "steps": 131, "mean_loss": 0.7071172221926333, "seconds": 78.34808092701132, "official_fused": {"mAP": 78.75845376154909, "Rank-1": 94.40233111381531, "Rank-5": 95.16034722328186, "Rank-10": 95.74344158172607}, "best_epoch": 16}
{"event": "epoch", "dataset": "RGBNT100", "epoch": 48, "steps": 130, "mean_loss": 0.7071226959045117, "seconds": 77.71371652500238, "official_fused": {"mAP": 78.74329735238696, "Rank-1": 94.40233111381531, "Rank-5": 95.21865844726562, "Rank-10": 95.74344158172607}, "best_epoch": 16}
{"event": "epoch", "dataset": "RGBNT100", "epoch": 49, "steps": 132, "mean_loss": 0.7070680102615645, "seconds": 79.58553716001916, "official_fused": {"mAP": 78.73572465385581, "Rank-1": 94.34402585029602, "Rank-5": 95.21865844726562, "Rank-10": 95.74344158172607}, "best_epoch": 16}
{"event": "epoch", "dataset": "RGBNT100", "epoch": 50, "steps": 130, "mean_loss": 0.707053247323403, "seconds": 77.75302697901498, "official_fused": {"mAP": 78.73489660161937, "Rank-1": 94.34402585029602, "Rank-5": 95.21865844726562, "Rank-10": 95.74344158172607}, "best_epoch": 16}
