/data/gaob/Re-ID/conda-envs/tri_reid/lib/python3.10/site-packages/timm/models/helpers.py:7: FutureWarning: Importing from timm.models.helpers is deprecated, please import via timm.models
  warnings.warn(f"Importing from {__name__} is deprecated, please import via timm.models", FutureWarning)
/data/gaob/Re-ID/conda-envs/tri_reid/lib/python3.10/site-packages/timm/models/registry.py:4: FutureWarning: Importing from timm.models.registry is deprecated, please import via timm.models
  warnings.warn(f"Importing from {__name__} is deprecated, please import via timm.models", FutureWarning)
/data/gaob/Re-ID/conda-envs/tri_reid/lib/python3.10/site-packages/timm/models/layers/__init__.py:48: FutureWarning: Importing from timm.models.layers is deprecated, please import via timm.layers
  warnings.warn(f"Importing from {__name__} is deprecated, please import via timm.layers", FutureWarning)
建立transformer............
using Transformer_type: ViT-B-16 as a backbone
Resized position embedding: %s to %s torch.Size([197, 768]) torch.Size([129, 768])
Position embedding resize to height:16 width: 8
Successfully load ckpt!
<All keys matched successfully>
Loading pretrained model from CLIP
camera number is : 4
===========Building Signal===========
{"event": "epoch", "dataset": "RGBNT201", "epoch": 1, "steps": 53, "mean_loss": 5.002554227721016, "seconds": 23.279967894995934, "official_fused": {"mAP": 72.04809718481854, "Rank-1": 73.32535982131958, "Rank-5": 82.8947365283966, "Rank-10": 87.79904246330261}, "best_epoch": 1}
{"event": "epoch", "dataset": "RGBNT201", "epoch": 2, "steps": 53, "mean_loss": 4.165361863262248, "seconds": 21.599767117993906, "official_fused": {"mAP": 72.50872580324256, "Rank-1": 73.9234447479248, "Rank-5": 82.77512192726135, "Rank-10": 87.91866302490234}, "best_epoch": 2}
{"event": "epoch", "dataset": "RGBNT201", "epoch": 3, "steps": 53, "mean_loss": 2.8209615608431258, "seconds": 22.50703995200456, "official_fused": {"mAP": 70.96082204656693, "Rank-1": 71.65071964263916, "Rank-5": 80.38277626037598, "Rank-10": 85.8851671218872}, "best_epoch": 2}
{"event": "epoch", "dataset": "RGBNT201", "epoch": 4, "steps": 53, "mean_loss": 1.624072311059484, "seconds": 22.540996329000336, "official_fused": {"mAP": 71.02969980391816, "Rank-1": 71.17224931716919, "Rank-5": 80.14354109764099, "Rank-10": 85.52631735801697}, "best_epoch": 2}
{"event": "epoch", "dataset": "RGBNT201", "epoch": 5, "steps": 53, "mean_loss": 1.0886211575202223, "seconds": 22.94804591400316, "official_fused": {"mAP": 69.52238461306416, "Rank-1": 69.97607946395874, "Rank-5": 79.18660044670105, "Rank-10": 84.09090638160706}, "best_epoch": 2}
{"event": "epoch", "dataset": "RGBNT201", "epoch": 6, "steps": 53, "mean_loss": 0.9483147972034958, "seconds": 22.784327675995883, "official_fused": {"mAP": 69.38458080747691, "Rank-1": 68.89952421188354, "Rank-5": 78.70813608169556, "Rank-10": 83.49282145500183}, "best_epoch": 2}
{"event": "epoch", "dataset": "RGBNT201", "epoch": 7, "steps": 53, "mean_loss": 0.9179909847817331, "seconds": 23.450876809001784, "official_fused": {"mAP": 67.6610586923729, "Rank-1": 66.98564887046814, "Rank-5": 76.19616985321045, "Rank-10": 82.41626620292664}, "best_epoch": 2}
{"event": "epoch", "dataset": "RGBNT201", "epoch": 8, "steps": 53, "mean_loss": 0.9083033384017225, "seconds": 22.900078062986722, "official_fused": {"mAP": 69.12323722949665, "Rank-1": 68.54066848754883, "Rank-5": 77.63158082962036, "Rank-10": 84.09090638160706}, "best_epoch": 2}
{"event": "epoch", "dataset": "RGBNT201", "epoch": 9, "steps": 53, "mean_loss": 0.9018824977694817, "seconds": 22.526676822992158, "official_fused": {"mAP": 69.95499013189536, "Rank-1": 70.095694065094, "Rank-5": 79.0669858455658, "Rank-10": 83.37320685386658}, "best_epoch": 2}
{"event": "epoch", "dataset": "RGBNT201", "epoch": 10, "steps": 53, "mean_loss": 0.9000017283097753, "seconds": 22.820982817996992, "official_fused": {"mAP": 68.20814840899237, "Rank-1": 68.42105388641357, "Rank-5": 77.03348994255066, "Rank-10": 83.13397169113159}, "best_epoch": 2}
{"event": "epoch", "dataset": "RGBNT201", "epoch": 11, "steps": 53, "mean_loss": 0.8941751358644018, "seconds": 22.6947434360045, "official_fused": {"mAP": 69.34291261960023, "Rank-1": 69.0191388130188, "Rank-5": 78.58851552009583, "Rank-10": 83.25358629226685}, "best_epoch": 2}
{"event": "epoch", "dataset": "RGBNT201", "epoch": 12, "steps": 53, "mean_loss": 0.8926639309469259, "seconds": 23.618747182001243, "official_fused": {"mAP": 69.64132572689927, "Rank-1": 69.13875341415405, "Rank-5": 77.51196026802063, "Rank-10": 83.73205661773682}, "best_epoch": 2}
{"event": "epoch", "dataset": "RGBNT201", "epoch": 13, "steps": 53, "mean_loss": 0.8904338625242125, "seconds": 23.072682117999648, "official_fused": {"mAP": 69.21243876176554, "Rank-1": 70.095694065094, "Rank-5": 79.30622100830078, "Rank-10": 83.37320685386658}, "best_epoch": 2}
{"event": "epoch", "dataset": "RGBNT201", "epoch": 14, "steps": 53, "mean_loss": 0.8870793952132171, "seconds": 22.86618184299732, "official_fused": {"mAP": 68.9518574093768, "Rank-1": 68.06219816207886, "Rank-5": 76.43540501594543, "Rank-10": 82.0574164390564}, "best_epoch": 2}
{"event": "epoch", "dataset": "RGBNT201", "epoch": 15, "steps": 53, "mean_loss": 0.8833278012725542, "seconds": 22.79834252600267, "official_fused": {"mAP": 69.67394167203864, "Rank-1": 70.33492922782898, "Rank-5": 79.66507077217102, "Rank-10": 83.61244201660156}, "best_epoch": 2}
{"event": "epoch", "dataset": "RGBNT201", "epoch": 16, "steps": 53, "mean_loss": 0.8827433158766549, "seconds": 23.135178008000366, "official_fused": {"mAP": 69.45148341207236, "Rank-1": 69.61722373962402, "Rank-5": 76.31579041481018, "Rank-10": 81.81818127632141}, "best_epoch": 2}
{"event": "epoch", "dataset": "RGBNT201", "epoch": 17, "steps": 53, "mean_loss": 0.8774861524689872, "seconds": 23.294436978001613, "official_fused": {"mAP": 69.46646905879868, "Rank-1": 68.54066848754883, "Rank-5": 76.55502557754517, "Rank-10": 83.01435112953186}, "best_epoch": 2}
{"event": "epoch", "dataset": "RGBNT201", "epoch": 18, "steps": 53, "mean_loss": 0.8754684925079346, "seconds": 22.66826001199661, "official_fused": {"mAP": 69.66976999342329, "Rank-1": 70.69377899169922, "Rank-5": 76.67464017868042, "Rank-10": 82.29665160179138}, "best_epoch": 2}
{"event": "epoch", "dataset": "RGBNT201", "epoch": 19, "steps": 53, "mean_loss": 0.8747258748648301, "seconds": 22.9344171499979, "official_fused": {"mAP": 69.23946970566647, "Rank-1": 69.97607946395874, "Rank-5": 76.9138753414154, "Rank-10": 82.41626620292664}, "best_epoch": 2}
{"event": "epoch", "dataset": "RGBNT201", "epoch": 20, "steps": 53, "mean_loss": 0.873883067436938, "seconds": 22.798504011996556, "official_fused": {"mAP": 70.19443636552494, "Rank-1": 71.05262875556946, "Rank-5": 78.94737124443054, "Rank-10": 83.61244201660156}, "best_epoch": 2}
{"event": "epoch", "dataset": "RGBNT201", "epoch": 21, "steps": 53, "mean_loss": 0.8712291976190963, "seconds": 22.830448231994524, "official_fused": {"mAP": 69.5760417587423, "Rank-1": 70.69377899169922, "Rank-5": 79.42583560943604, "Rank-10": 84.21052694320679}, "best_epoch": 2}
{"event": "epoch", "dataset": "RGBNT201", "epoch": 22, "steps": 53, "mean_loss": 0.8695265077195078, "seconds": 22.63601644600567, "official_fused": {"mAP": 69.95704867869742, "Rank-1": 70.21530866622925, "Rank-5": 77.87081599235535, "Rank-10": 83.01435112953186}, "best_epoch": 2}
{"event": "epoch", "dataset": "RGBNT201", "epoch": 23, "steps": 53, "mean_loss": 0.8678543882549934, "seconds": 22.659476744011045, "official_fused": {"mAP": 69.89165377999387, "Rank-1": 69.73684430122375, "Rank-5": 77.9904305934906, "Rank-10": 83.73205661773682}, "best_epoch": 2}
{"event": "epoch", "dataset": "RGBNT201", "epoch": 24, "steps": 53, "mean_loss": 0.8662869660359509, "seconds": 24.318031560003874, "official_fused": {"mAP": 69.44734282151306, "Rank-1": 69.73684430122375, "Rank-5": 78.22966575622559, "Rank-10": 83.13397169113159}, "best_epoch": 2}
{"event": "epoch", "dataset": "RGBNT201", "epoch": 25, "steps": 53, "mean_loss": 0.8661070162395261, "seconds": 23.240067064994946, "official_fused": {"mAP": 69.84188101170245, "Rank-1": 70.9330141544342, "Rank-5": 77.87081599235535, "Rank-10": 84.33014154434204}, "best_epoch": 2}
{"event": "epoch", "dataset": "RGBNT201", "epoch": 26, "steps": 53, "mean_loss": 0.8643740730465583, "seconds": 23.34965430900047, "official_fused": {"mAP": 70.10669894746567, "Rank-1": 70.57416439056396, "Rank-5": 78.46890091896057, "Rank-10": 84.09090638160706}, "best_epoch": 2}
{"event": "epoch", "dataset": "RGBNT201", "epoch": 27, "steps": 53, "mean_loss": 0.8623977213535668, "seconds": 22.881675764991087, "official_fused": {"mAP": 68.70912891899509, "Rank-1": 69.25837397575378, "Rank-5": 77.75119543075562, "Rank-10": 83.25358629226685}, "best_epoch": 2}
{"event": "epoch", "dataset": "RGBNT201", "epoch": 28, "steps": 53, "mean_loss": 0.8615899850737374, "seconds": 23.009689830010757, "official_fused": {"mAP": 69.400668616738, "Rank-1": 70.57416439056396, "Rank-5": 78.58851552009583, "Rank-10": 82.53588676452637}, "best_epoch": 2}
{"event": "epoch", "dataset": "RGBNT201", "epoch": 29, "steps": 53, "mean_loss": 0.8624429961420456, "seconds": 22.969707703989116, "official_fused": {"mAP": 68.77096393587104, "Rank-1": 70.57416439056396, "Rank-5": 77.63158082962036, "Rank-10": 83.49282145500183}, "best_epoch": 2}
{"event": "epoch", "dataset": "RGBNT201", "epoch": 30, "steps": 53, "mean_loss": 0.8602669902567593, "seconds": 23.214170400999137, "official_fused": {"mAP": 69.81022642153457, "Rank-1": 71.53109908103943, "Rank-5": 79.904305934906, "Rank-10": 84.21052694320679}, "best_epoch": 2}
{"event": "epoch", "dataset": "RGBNT201", "epoch": 31, "steps": 53, "mean_loss": 0.860238825375179, "seconds": 22.82939874099975, "official_fused": {"mAP": 69.55302833455329, "Rank-1": 70.81339955329895, "Rank-5": 79.18660044670105, "Rank-10": 83.61244201660156}, "best_epoch": 2}
{"event": "epoch", "dataset": "RGBNT201", "epoch": 32, "steps": 53, "mean_loss": 0.8589663932908256, "seconds": 22.95582862199808, "official_fused": {"mAP": 69.42661853076673, "Rank-1": 70.81339955329895, "Rank-5": 79.42583560943604, "Rank-10": 84.80861186981201}, "best_epoch": 2}
{"event": "epoch", "dataset": "RGBNT201", "epoch": 33, "steps": 53, "mean_loss": 0.8579674801736508, "seconds": 22.825126125011593, "official_fused": {"mAP": 68.91219331295368, "Rank-1": 69.73684430122375, "Rank-5": 78.22966575622559, "Rank-10": 83.49282145500183}, "best_epoch": 2}
{"event": "epoch", "dataset": "RGBNT201", "epoch": 34, "steps": 53, "mean_loss": 0.8562680078002641, "seconds": 22.69204438800807, "official_fused": {"mAP": 68.84153868379897, "Rank-1": 69.97607946395874, "Rank-5": 78.22966575622559, "Rank-10": 83.01435112953186}, "best_epoch": 2}
{"event": "epoch", "dataset": "RGBNT201", "epoch": 35, "steps": 53, "mean_loss": 0.8556984134440152, "seconds": 22.64055280399043, "official_fused": {"mAP": 69.2559275578864, "Rank-1": 70.45454382896423, "Rank-5": 78.34928035736084, "Rank-10": 83.25358629226685}, "best_epoch": 2}
