/data/gaob/Re-ID/conda-envs/tri_reid/lib/python3.10/site-packages/timm/models/helpers.py:7: FutureWarning: Importing from timm.models.helpers is deprecated, please import via timm.models
  warnings.warn(f"Importing from {__name__} is deprecated, please import via timm.models", FutureWarning)
/data/gaob/Re-ID/conda-envs/tri_reid/lib/python3.10/site-packages/timm/models/registry.py:4: FutureWarning: Importing from timm.models.registry is deprecated, please import via timm.models
  warnings.warn(f"Importing from {__name__} is deprecated, please import via timm.models", FutureWarning)
/data/gaob/Re-ID/conda-envs/tri_reid/lib/python3.10/site-packages/timm/models/layers/__init__.py:48: FutureWarning: Importing from timm.models.layers is deprecated, please import via timm.layers
  warnings.warn(f"Importing from {__name__} is deprecated, please import via timm.layers", FutureWarning)
/data/gaob/Re-ID/conda-envs/tri_reid/lib/python3.10/site-packages/torch/optim/lr_scheduler.py:224: UserWarning: Detected call of `lr_scheduler.step()` before `optimizer.step()`. In PyTorch 1.1.0 and later, you should call them in the opposite order: `optimizer.step()` before `lr_scheduler.step()`.  Failure to do this will result in PyTorch skipping the first value of the learning rate schedule. See more details at https://pytorch.org/docs/stable/optim.html#how-to-adjust-learning-rate
  warnings.warn(
/data/gaob/Re-ID/conda-envs/tri_reid/lib/python3.10/site-packages/torch/optim/lr_scheduler.py:240: UserWarning: The epoch parameter in `scheduler.step()` was not necessary and is being deprecated where possible. Please use `scheduler.step()` to step the scheduler. During the deprecation, if epoch is different from None, the closed form is used instead of the new chainable form, where available. Please open an issue if you are unable to replicate your use case: https://github.com/pytorch/pytorch/issues/new/choose.
  warnings.warn(EPOCH_DEPRECATION_WARNING, UserWarning)
建立transformer............
using Transformer_type: ViT-B-16 as a backbone
Resized position embedding: %s to %s torch.Size([197, 768]) torch.Size([129, 768])
Position embedding resize to height:8 width: 16
Successfully load ckpt!
<All keys matched successfully>
Loading pretrained model from CLIP
camera number is : 8
===========Building Signal===========
using soft triplet loss for training
label smooth on, numclasses: 155
{"event": "epoch", "dataset": "MSVR310", "recipe": "semantic", "epoch": 1, "steps": 14, "mean_loss": 18.966621807643346, "seconds": 15.323667966993526, "official_fused": {"mAP": 15.514658118454891, "Rank-1": 34.1793566942215, "Rank-5": 54.31472063064575, "Rank-10": 61.92893385887146}}
/data/gaob/Re-ID/conda-envs/tri_reid/lib/python3.10/site-packages/torch/optim/lr_scheduler.py:240: UserWarning: The epoch parameter in `scheduler.step()` was not necessary and is being deprecated where possible. Please use `scheduler.step()` to step the scheduler. During the deprecation, if epoch is different from None, the closed form is used instead of the new chainable form, where available. Please open an issue if you are unable to replicate your use case: https://github.com/pytorch/pytorch/issues/new/choose.
  warnings.warn(EPOCH_DEPRECATION_WARNING, UserWarning)
{"event": "epoch", "dataset": "MSVR310", "recipe": "semantic", "epoch": 2, "steps": 14, "mean_loss": 16.090070928846085, "seconds": 13.097536629997194, "official_fused": {"mAP": 21.414457891683103, "Rank-1": 40.60913622379303, "Rank-5": 61.42131686210632, "Rank-10": 68.69712471961975}}
{"event": "epoch", "dataset": "MSVR310", "recipe": "semantic", "epoch": 3, "steps": 14, "mean_loss": 14.912096227918353, "seconds": 13.564599575009197, "official_fused": {"mAP": 25.390298776486443, "Rank-1": 42.3011839389801, "Rank-5": 64.29780125617981, "Rank-10": 71.91201448440552}}
{"event": "epoch", "dataset": "MSVR310", "recipe": "semantic", "epoch": 4, "steps": 14, "mean_loss": 14.087520667484828, "seconds": 13.457446846994571, "official_fused": {"mAP": 29.755114832485795, "Rank-1": 47.88494110107422, "Rank-5": 66.83587431907654, "Rank-10": 75.46531558036804}}
{"event": "epoch", "dataset": "MSVR310", "recipe": "semantic", "epoch": 5, "steps": 14, "mean_loss": 13.459021772657122, "seconds": 13.51016627100762, "official_fused": {"mAP": 33.16831168319267, "Rank-1": 50.76141953468323, "Rank-5": 69.03553009033203, "Rank-10": 78.0033826828003}}
{"event": "epoch", "dataset": "MSVR310", "recipe": "semantic", "epoch": 6, "steps": 14, "mean_loss": 12.836224896567208, "seconds": 13.254709244007245, "official_fused": {"mAP": 34.94098596549573, "Rank-1": 52.62267589569092, "Rank-5": 71.91201448440552, "Rank-10": 79.01861071586609}}
{"event": "epoch", "dataset": "MSVR310", "recipe": "semantic", "epoch": 7, "steps": 14, "mean_loss": 12.388454777853829, "seconds": 13.660468738991767, "official_fused": {"mAP": 37.58216823007211, "Rank-1": 56.6835880279541, "Rank-5": 73.77326488494873, "Rank-10": 80.03383874893188}}
{"event": "epoch", "dataset": "MSVR310", "recipe": "semantic", "epoch": 8, "steps": 14, "mean_loss": 11.8313067981175, "seconds": 13.761935829999857, "official_fused": {"mAP": 36.64940737202777, "Rank-1": 54.82233762741089, "Rank-5": 72.41962552070618, "Rank-10": 79.35702204704285}}
{"event": "epoch", "dataset": "MSVR310", "recipe": "semantic", "epoch": 9, "steps": 14, "mean_loss": 11.349434716360909, "seconds": 13.589306606096216, "official_fused": {"mAP": 38.90168374568867, "Rank-1": 56.6835880279541, "Rank-5": 74.9576985836029, "Rank-10": 80.87986707687378}}
{"event": "epoch", "dataset": "MSVR310", "recipe": "semantic", "epoch": 10, "steps": 15, "mean_loss": 11.124926122029622, "seconds": 14.314546148991212, "official_fused": {"mAP": 41.27472046433534, "Rank-1": 59.39086079597473, "Rank-5": 77.32656598091125, "Rank-10": 83.24872851371765}}
{"event": "epoch", "dataset": "MSVR310", "recipe": "semantic", "epoch": 11, "steps": 14, "mean_loss": 10.726335389273506, "seconds": 13.19262045295909, "official_fused": {"mAP": 41.656709556755736, "Rank-1": 59.56006646156311, "Rank-5": 76.81894898414612, "Rank-10": 83.07952880859375}}
{"event": "epoch", "dataset": "MSVR310", "recipe": "semantic", "epoch": 12, "steps": 14, "mean_loss": 10.422529220581055, "seconds": 13.202826250926591, "official_fused": {"mAP": 43.92819056965946, "Rank-1": 62.09813952445984, "Rank-5": 79.18781638145447, "Rank-10": 83.75634551048279}}
{"event": "epoch", "dataset": "MSVR310", "recipe": "semantic", "epoch": 13, "steps": 14, "mean_loss": 10.040981769561768, "seconds": 13.440378382103518, "official_fused": {"mAP": 44.42689847839761, "Rank-1": 61.75972819328308, "Rank-5": 78.17258834838867, "Rank-10": 83.41793417930603}}
{"event": "epoch", "dataset": "MSVR310", "recipe": "semantic", "epoch": 14, "steps": 14, "mean_loss": 9.793851716177803, "seconds": 13.222439047065563, "official_fused": {"mAP": 44.13037169771784, "Rank-1": 60.744500160217285, "Rank-5": 79.01861071586609, "Rank-10": 83.24872851371765}}
{"event": "epoch", "dataset": "MSVR310", "recipe": "semantic", "epoch": 15, "steps": 14, "mean_loss": 9.565828255244664, "seconds": 13.176297690020874, "official_fused": {"mAP": 45.69129142096949, "Rank-1": 62.6057505607605, "Rank-5": 80.03383874893188, "Rank-10": 84.6023678779602}}
{"event": "epoch", "dataset": "MSVR310", "recipe": "semantic", "epoch": 16, "steps": 14, "mean_loss": 9.389566898345947, "seconds": 13.379456897033378, "official_fused": {"mAP": 48.46769304793456, "Rank-1": 66.49746298789978, "Rank-5": 81.7258894443512, "Rank-10": 85.617595911026}}
{"event": "epoch", "dataset": "MSVR310", "recipe": "semantic", "epoch": 17, "steps": 15, "mean_loss": 9.20190232594808, "seconds": 14.284351996029727, "official_fused": {"mAP": 47.963163546904475, "Rank-1": 64.80541229248047, "Rank-5": 80.87986707687378, "Rank-10": 85.27919054031372}}
{"event": "epoch", "dataset": "MSVR310", "recipe": "semantic", "epoch": 18, "steps": 14, "mean_loss": 8.869625568389893, "seconds": 13.379506270051934, "official_fused": {"mAP": 49.250272884895004, "Rank-1": 67.00507402420044, "Rank-5": 81.38747811317444, "Rank-10": 85.78680157661438}}
{"event": "epoch", "dataset": "MSVR310", "recipe": "semantic", "epoch": 19, "steps": 15, "mean_loss": 8.52453130086263, "seconds": 14.280294750002213, "official_fused": {"mAP": 49.35277078703961, "Rank-1": 68.52791905403137, "Rank-5": 82.06430077552795, "Rank-10": 86.80202960968018}}
{"event": "epoch", "dataset": "MSVR310", "recipe": "semantic", "epoch": 20, "steps": 14, "mean_loss": 8.263242823737007, "seconds": 13.770865557016805, "official_fused": {"mAP": 49.687850985339615, "Rank-1": 67.68189668655396, "Rank-5": 82.23350048065186, "Rank-10": 86.6328239440918}}
{"event": "epoch", "dataset": "MSVR310", "recipe": "semantic", "epoch": 21, "steps": 14, "mean_loss": 8.297414677483696, "seconds": 13.496044531930238, "official_fused": {"mAP": 49.45303269383521, "Rank-1": 67.00507402420044, "Rank-5": 81.55668377876282, "Rank-10": 86.12521290779114}}
{"event": "epoch", "dataset": "MSVR310", "recipe": "semantic", "epoch": 22, "steps": 14, "mean_loss": 8.057501418249947, "seconds": 13.56818759907037, "official_fused": {"mAP": 49.6913194060944, "Rank-1": 67.00507402420044, "Rank-5": 81.04906678199768, "Rank-10": 85.10998487472534}}
{"event": "epoch", "dataset": "MSVR310", "recipe": "semantic", "epoch": 23, "steps": 14, "mean_loss": 8.28423649924142, "seconds": 13.938413477968425, "official_fused": {"mAP": 49.89205686899547, "Rank-1": 68.02030205726624, "Rank-5": 81.7258894443512, "Rank-10": 85.10998487472534}}
{"event": "epoch", "dataset": "MSVR310", "recipe": "semantic", "epoch": 24, "steps": 14, "mean_loss": 8.071365322385516, "seconds": 13.260691166040488, "official_fused": {"mAP": 49.668802542628114, "Rank-1": 67.68189668655396, "Rank-5": 80.87986707687378, "Rank-10": 85.10998487472534}}
{"event": "epoch", "dataset": "MSVR310", "recipe": "semantic", "epoch": 25, "steps": 15, "mean_loss": 8.206831932067871, "seconds": 14.237269744975492, "official_fused": {"mAP": 49.97480396588578, "Rank-1": 68.02030205726624, "Rank-5": 81.04906678199768, "Rank-10": 84.94077920913696}}
{"event": "epoch", "dataset": "MSVR310", "recipe": "semantic", "epoch": 26, "steps": 14, "mean_loss": 8.04011481148856, "seconds": 13.160255828988738, "official_fused": {"mAP": 50.2661913848731, "Rank-1": 68.358713388443, "Rank-5": 80.87986707687378, "Rank-10": 85.10998487472534}}
{"event": "epoch", "dataset": "MSVR310", "recipe": "semantic", "epoch": 27, "steps": 14, "mean_loss": 8.090947457722255, "seconds": 13.510643169051036, "official_fused": {"mAP": 49.860490363557844, "Rank-1": 67.00507402420044, "Rank-5": 80.37225008010864, "Rank-10": 84.94077920913696}}
{"event": "epoch", "dataset": "MSVR310", "recipe": "semantic", "epoch": 28, "steps": 15, "mean_loss": 7.859130191802978, "seconds": 13.897681583999656, "official_fused": {"mAP": 49.9263082229659, "Rank-1": 67.17427968978882, "Rank-5": 80.7106614112854, "Rank-10": 85.10998487472534}}
{"event": "epoch", "dataset": "MSVR310", "recipe": "semantic", "epoch": 29, "steps": 14, "mean_loss": 7.910115923200335, "seconds": 13.615578475990333, "official_fused": {"mAP": 50.04932960690738, "Rank-1": 67.17427968978882, "Rank-5": 80.87986707687378, "Rank-10": 85.78680157661438}}
{"event": "epoch", "dataset": "MSVR310", "recipe": "semantic", "epoch": 30, "steps": 14, "mean_loss": 7.962888581412179, "seconds": 13.908675999031402, "official_fused": {"mAP": 50.02822956832671, "Rank-1": 67.17427968978882, "Rank-5": 81.21827244758606, "Rank-10": 85.27919054031372}}
{"event": "epoch", "dataset": "MSVR310", "recipe": "semantic", "epoch": 31, "steps": 14, "mean_loss": 7.918917792184012, "seconds": 13.344890301930718, "official_fused": {"mAP": 49.72312264339367, "Rank-1": 67.17427968978882, "Rank-5": 80.7106614112854, "Rank-10": 84.94077920913696}}
{"event": "epoch", "dataset": "MSVR310", "recipe": "semantic", "epoch": 32, "steps": 14, "mean_loss": 7.882022448948452, "seconds": 13.320417342009023, "official_fused": {"mAP": 50.307480962890985, "Rank-1": 68.02030205726624, "Rank-5": 81.55668377876282, "Rank-10": 85.95600724220276}}
{"event": "epoch", "dataset": "MSVR310", "recipe": "semantic", "epoch": 33, "steps": 14, "mean_loss": 7.846218313489642, "seconds": 13.291375836008228, "official_fused": {"mAP": 50.15699080410053, "Rank-1": 67.68189668655396, "Rank-5": 81.55668377876282, "Rank-10": 86.46361827850342}}
{"event": "epoch", "dataset": "MSVR310", "recipe": "semantic", "epoch": 34, "steps": 14, "mean_loss": 7.753992114748273, "seconds": 13.885236984002404, "official_fused": {"mAP": 49.869533710382065, "Rank-1": 66.49746298789978, "Rank-5": 80.87986707687378, "Rank-10": 85.95600724220276}}
{"event": "epoch", "dataset": "MSVR310", "recipe": "semantic", "epoch": 35, "steps": 14, "mean_loss": 7.7508043221064975, "seconds": 13.047261834028177, "official_fused": {"mAP": 49.58934184635559, "Rank-1": 66.49746298789978, "Rank-5": 80.37225008010864, "Rank-10": 84.94077920913696}}
{"event": "epoch", "dataset": "MSVR310", "recipe": "semantic", "epoch": 36, "steps": 14, "mean_loss": 7.817247526986258, "seconds": 13.421523091034032, "official_fused": {"mAP": 49.51691858533295, "Rank-1": 66.83587431907654, "Rank-5": 80.37225008010864, "Rank-10": 84.77157354354858}}
{"event": "epoch", "dataset": "MSVR310", "recipe": "semantic", "epoch": 37, "steps": 14, "mean_loss": 7.844735520226615, "seconds": 13.520805399981327, "official_fused": {"mAP": 50.30009291638009, "Rank-1": 67.85110235214233, "Rank-5": 80.54145574569702, "Rank-10": 85.44839024543762}}
{"event": "epoch", "dataset": "MSVR310", "recipe": "semantic", "epoch": 38, "steps": 14, "mean_loss": 7.77124776159014, "seconds": 13.364735743030906, "official_fused": {"mAP": 50.546777999517865, "Rank-1": 68.02030205726624, "Rank-5": 80.54145574569702, "Rank-10": 85.44839024543762}}
{"event": "epoch", "dataset": "MSVR310", "recipe": "semantic", "epoch": 39, "steps": 14, "mean_loss": 7.748572860445295, "seconds": 13.149108765064739, "official_fused": {"mAP": 50.22537900926576, "Rank-1": 67.68189668655396, "Rank-5": 80.87986707687378, "Rank-10": 85.44839024543762}}
{"event": "epoch", "dataset": "MSVR310", "recipe": "semantic", "epoch": 40, "steps": 14, "mean_loss": 7.559540782655988, "seconds": 13.47954310500063, "official_fused": {"mAP": 50.29718945488103, "Rank-1": 67.85110235214233, "Rank-5": 80.87986707687378, "Rank-10": 85.617595911026}}
{"event": "epoch", "dataset": "MSVR310", "recipe": "semantic", "epoch": 41, "steps": 14, "mean_loss": 7.635856117521014, "seconds": 13.495971489930525, "official_fused": {"mAP": 50.31982297866322, "Rank-1": 67.85110235214233, "Rank-5": 80.87986707687378, "Rank-10": 85.617595911026}}
{"event": "epoch", "dataset": "MSVR310", "recipe": "semantic", "epoch": 42, "steps": 14, "mean_loss": 7.639429262706211, "seconds": 13.503112224978395, "official_fused": {"mAP": 50.31200135940739, "Rank-1": 67.85110235214233, "Rank-5": 80.87986707687378, "Rank-10": 85.617595911026}}
{"event": "epoch", "dataset": "MSVR310", "recipe": "semantic", "epoch": 43, "steps": 15, "mean_loss": 7.736933898925781, "seconds": 14.459802903002128, "official_fused": {"mAP": 50.34902273835882, "Rank-1": 67.85110235214233, "Rank-5": 80.87986707687378, "Rank-10": 85.617595911026}}
{"event": "epoch", "dataset": "MSVR310", "recipe": "semantic", "epoch": 44, "steps": 14, "mean_loss": 7.667350155966623, "seconds": 13.393290493055247, "official_fused": {"mAP": 50.36832581325237, "Rank-1": 67.68189668655396, "Rank-5": 80.87986707687378, "Rank-10": 85.617595911026}}
{"event": "epoch", "dataset": "MSVR310", "recipe": "semantic", "epoch": 45, "steps": 14, "mean_loss": 7.607258592333112, "seconds": 13.207385328947566, "official_fused": {"mAP": 50.406543315615494, "Rank-1": 67.68189668655396, "Rank-5": 80.87986707687378, "Rank-10": 85.617595911026}}
{"event": "epoch", "dataset": "MSVR310", "recipe": "semantic", "epoch": 46, "steps": 14, "mean_loss": 7.667216743741717, "seconds": 13.537453336059116, "official_fused": {"mAP": 50.43352103587338, "Rank-1": 67.68189668655396, "Rank-5": 81.04906678199768, "Rank-10": 85.78680157661438}}
{"event": "epoch", "dataset": "MSVR310", "recipe": "semantic", "epoch": 47, "steps": 14, "mean_loss": 7.681600706917899, "seconds": 13.548765343963169, "official_fused": {"mAP": 50.48203787700392, "Rank-1": 67.68189668655396, "Rank-5": 81.04906678199768, "Rank-10": 85.78680157661438}}
{"event": "epoch", "dataset": "MSVR310", "recipe": "semantic", "epoch": 48, "steps": 14, "mean_loss": 7.50038286617824, "seconds": 13.33801077096723, "official_fused": {"mAP": 50.456756503975555, "Rank-1": 67.68189668655396, "Rank-5": 81.04906678199768, "Rank-10": 85.78680157661438}}
{"event": "epoch", "dataset": "MSVR310", "recipe": "semantic", "epoch": 49, "steps": 14, "mean_loss": 7.674372298376901, "seconds": 13.846750542055815, "official_fused": {"mAP": 50.467860670221874, "Rank-1": 67.68189668655396, "Rank-5": 81.38747811317444, "Rank-10": 85.78680157661438}}
{"event": "epoch", "dataset": "MSVR310", "recipe": "semantic", "epoch": 50, "steps": 14, "mean_loss": 7.615654230117798, "seconds": 13.205600179033354, "official_fused": {"mAP": 50.47204175197913, "Rank-1": 67.68189668655396, "Rank-5": 81.38747811317444, "Rank-10": 85.617595911026}}
