/data/gaob/Re-ID/conda-envs/tri_reid/lib/python3.10/site-packages/timm/models/helpers.py:7: FutureWarning: Importing from timm.models.helpers is deprecated, please import via timm.models
  warnings.warn(f"Importing from {__name__} is deprecated, please import via timm.models", FutureWarning)
/data/gaob/Re-ID/conda-envs/tri_reid/lib/python3.10/site-packages/timm/models/registry.py:4: FutureWarning: Importing from timm.models.registry is deprecated, please import via timm.models
  warnings.warn(f"Importing from {__name__} is deprecated, please import via timm.models", FutureWarning)
/data/gaob/Re-ID/conda-envs/tri_reid/lib/python3.10/site-packages/timm/models/layers/__init__.py:48: FutureWarning: Importing from timm.models.layers is deprecated, please import via timm.layers
  warnings.warn(f"Importing from {__name__} is deprecated, please import via timm.layers", FutureWarning)
建立transformer............
using Transformer_type: ViT-B-16 as a backbone
Resized position embedding: %s to %s torch.Size([197, 768]) torch.Size([129, 768])
Position embedding resize to height:8 width: 16
Successfully load ckpt!
<All keys matched successfully>
Loading pretrained model from CLIP
camera number is : 8
===========Building Signal===========
using soft triplet loss for training
label smooth on, numclasses: 50
{"event": "epoch", "dataset": "RGBNT100", "recipe": "semantic", "epoch": 1, "steps": 62, "mean_loss": 13.871192116891184, "seconds": 93.68082768598106, "official_fused": {"mAP": 58.502667608589555, "Rank-1": 83.55684876441956, "Rank-5": 85.24781465530396, "Rank-10": 85.88921427726746}}
{"event": "epoch", "dataset": "RGBNT100", "recipe": "semantic", "epoch": 2, "steps": 62, "mean_loss": 10.606735998584378, "seconds": 91.41498781403061, "official_fused": {"mAP": 69.80904968027103, "Rank-1": 87.17201352119446, "Rank-5": 88.27988505363464, "Rank-10": 89.38775658607483}}
{"event": "epoch", "dataset": "RGBNT100", "recipe": "semantic", "epoch": 3, "steps": 63, "mean_loss": 7.095928298102485, "seconds": 93.20452202600427, "official_fused": {"mAP": 75.91806849055587, "Rank-1": 92.76967644691467, "Rank-5": 93.70262622833252, "Rank-10": 94.34402585029602}}
{"event": "epoch", "dataset": "RGBNT100", "recipe": "semantic", "epoch": 4, "steps": 61, "mean_loss": 4.414094432455594, "seconds": 90.82698960695416, "official_fused": {"mAP": 81.05786545515592, "Rank-1": 94.28571462631226, "Rank-5": 94.69387531280518, "Rank-10": 95.04373073577881}}
{"event": "epoch", "dataset": "RGBNT100", "recipe": "semantic", "epoch": 5, "steps": 63, "mean_loss": 3.3628057033296614, "seconds": 93.15446608304046, "official_fused": {"mAP": 83.09426551859909, "Rank-1": 94.75218653678894, "Rank-5": 95.56851387023926, "Rank-10": 96.26821875572205}}
{"event": "epoch", "dataset": "RGBNT100", "recipe": "semantic", "epoch": 6, "steps": 63, "mean_loss": 3.038219694107298, "seconds": 93.21286372409668, "official_fused": {"mAP": 81.62808368079901, "Rank-1": 94.63557004928589, "Rank-5": 95.68513035774231, "Rank-10": 96.26821875572205}}
{"event": "epoch", "dataset": "RGBNT100", "recipe": "semantic", "epoch": 7, "steps": 62, "mean_loss": 2.8650974727446035, "seconds": 91.57749898999464, "official_fused": {"mAP": 82.63654037806715, "Rank-1": 95.33527493476868, "Rank-5": 96.03498578071594, "Rank-10": 96.55976891517639}}
{"event": "epoch", "dataset": "RGBNT100", "recipe": "semantic", "epoch": 8, "steps": 63, "mean_loss": 2.8132912658509754, "seconds": 92.99916964396834, "official_fused": {"mAP": 83.16374637592796, "Rank-1": 96.7930018901825, "Rank-5": 97.25947380065918, "Rank-10": 97.60932922363281}}
{"event": "epoch", "dataset": "RGBNT100", "recipe": "semantic", "epoch": 9, "steps": 63, "mean_loss": 2.767723870655847, "seconds": 93.85724315897096, "official_fused": {"mAP": 82.93879195724261, "Rank-1": 95.97667455673218, "Rank-5": 96.50145769119263, "Rank-10": 97.20116853713989}}
{"event": "epoch", "dataset": "RGBNT100", "recipe": "semantic", "epoch": 10, "steps": 62, "mean_loss": 2.699863353083211, "seconds": 91.50853815907612, "official_fused": {"mAP": 82.9431244456142, "Rank-1": 96.151602268219, "Rank-5": 96.85131311416626, "Rank-10": 97.37609624862671}}
{"event": "epoch", "dataset": "RGBNT100", "recipe": "semantic", "epoch": 11, "steps": 63, "mean_loss": 2.6682148131113204, "seconds": 94.92157599399798, "official_fused": {"mAP": 82.88697117279058, "Rank-1": 96.32652997970581, "Rank-5": 97.02624082565308, "Rank-10": 97.37609624862671}}
{"event": "epoch", "dataset": "RGBNT100", "recipe": "semantic", "epoch": 12, "steps": 63, "mean_loss": 2.6859214078812372, "seconds": 93.84882194397505, "official_fused": {"mAP": 82.75901682063581, "Rank-1": 96.44314646720886, "Rank-5": 97.08454608917236, "Rank-10": 97.60932922363281}}
{"event": "epoch", "dataset": "RGBNT100", "recipe": "semantic", "epoch": 13, "steps": 63, "mean_loss": 2.651228632245745, "seconds": 96.15157261199784, "official_fused": {"mAP": 83.05505308772719, "Rank-1": 96.55976891517639, "Rank-5": 97.20116853713989, "Rank-10": 97.434401512146}}
{"event": "epoch", "dataset": "RGBNT100", "recipe": "semantic", "epoch": 14, "steps": 63, "mean_loss": 2.613871839311388, "seconds": 94.52681991201825, "official_fused": {"mAP": 83.09594857004525, "Rank-1": 95.86005806922913, "Rank-5": 96.73469662666321, "Rank-10": 97.14285731315613}}
{"event": "epoch", "dataset": "RGBNT100", "recipe": "semantic", "epoch": 15, "steps": 63, "mean_loss": 2.6402607758839927, "seconds": 92.78468485397752, "official_fused": {"mAP": 83.31154974155915, "Rank-1": 96.151602268219, "Rank-5": 96.85131311416626, "Rank-10": 96.96792960166931}}
{"event": "epoch", "dataset": "RGBNT100", "recipe": "semantic", "epoch": 16, "steps": 63, "mean_loss": 2.5917512310875788, "seconds": 92.23872499109711, "official_fused": {"mAP": 83.03380832774413, "Rank-1": 96.03498578071594, "Rank-5": 96.7930018901825, "Rank-10": 97.08454608917236}}
{"event": "epoch", "dataset": "RGBNT100", "recipe": "semantic", "epoch": 17, "steps": 62, "mean_loss": 2.57236893715397, "seconds": 91.78672818408813, "official_fused": {"mAP": 83.15368225334208, "Rank-1": 96.26821875572205, "Rank-5": 96.73469662666321, "Rank-10": 96.96792960166931}}
{"event": "epoch", "dataset": "RGBNT100", "recipe": "semantic", "epoch": 18, "steps": 62, "mean_loss": 2.5929070826499694, "seconds": 93.0173332830891, "official_fused": {"mAP": 83.15084702083256, "Rank-1": 96.38484120368958, "Rank-5": 96.96792960166931, "Rank-10": 97.37609624862671}}
{"event": "epoch", "dataset": "RGBNT100", "recipe": "semantic", "epoch": 19, "steps": 63, "mean_loss": 2.589747739216638, "seconds": 93.36800388200209, "official_fused": {"mAP": 82.28086532775467, "Rank-1": 95.74344158172607, "Rank-5": 96.26821875572205, "Rank-10": 96.44314646720886}}
{"event": "epoch", "dataset": "RGBNT100", "recipe": "semantic", "epoch": 20, "steps": 62, "mean_loss": 2.572469619012648, "seconds": 93.20911256107502, "official_fused": {"mAP": 82.21170804143482, "Rank-1": 96.20991349220276, "Rank-5": 96.96792960166931, "Rank-10": 97.31778502464294}}
{"event": "epoch", "dataset": "RGBNT100", "recipe": "semantic", "epoch": 21, "steps": 63, "mean_loss": 2.585112798781622, "seconds": 94.24273100297432, "official_fused": {"mAP": 82.9966561198473, "Rank-1": 96.38484120368958, "Rank-5": 96.85131311416626, "Rank-10": 97.14285731315613}}
{"event": "epoch", "dataset": "RGBNT100", "recipe": "semantic", "epoch": 22, "steps": 63, "mean_loss": 2.5512878629896374, "seconds": 95.08945629908703, "official_fused": {"mAP": 82.6636021506678, "Rank-1": 96.0932970046997, "Rank-5": 97.14285731315613, "Rank-10": 97.434401512146}}
{"event": "epoch", "dataset": "RGBNT100", "recipe": "semantic", "epoch": 23, "steps": 63, "mean_loss": 2.5387029004475425, "seconds": 93.17812535795383, "official_fused": {"mAP": 82.31931688826542, "Rank-1": 95.4518973827362, "Rank-5": 95.91836929321289, "Rank-10": 96.73469662666321}}
{"event": "epoch", "dataset": "RGBNT100", "recipe": "semantic", "epoch": 24, "steps": 63, "mean_loss": 2.5303423745291576, "seconds": 96.23705865396187, "official_fused": {"mAP": 82.44022231909011, "Rank-1": 95.33527493476868, "Rank-5": 96.0932970046997, "Rank-10": 96.61807417869568}}
{"event": "epoch", "dataset": "RGBNT100", "recipe": "semantic", "epoch": 25, "steps": 63, "mean_loss": 2.547915982821631, "seconds": 95.01242392300628, "official_fused": {"mAP": 82.92410188211451, "Rank-1": 95.86005806922913, "Rank-5": 96.67638540267944, "Rank-10": 97.434401512146}}
{"event": "epoch", "dataset": "RGBNT100", "recipe": "semantic", "epoch": 26, "steps": 63, "mean_loss": 2.5399054042876714, "seconds": 94.50475770805497, "official_fused": {"mAP": 83.52724971457761, "Rank-1": 95.80174684524536, "Rank-5": 96.85131311416626, "Rank-10": 97.434401512146}}
{"event": "epoch", "dataset": "RGBNT100", "recipe": "semantic", "epoch": 27, "steps": 63, "mean_loss": 2.503038996741885, "seconds": 94.69133865297772, "official_fused": {"mAP": 83.01248995386558, "Rank-1": 95.80174684524536, "Rank-5": 96.50145769119263, "Rank-10": 97.25947380065918}}
{"event": "epoch", "dataset": "RGBNT100", "recipe": "semantic", "epoch": 28, "steps": 62, "mean_loss": 2.5184982515150502, "seconds": 93.11700979899615, "official_fused": {"mAP": 83.16635575706835, "Rank-1": 95.80174684524536, "Rank-5": 96.44314646720886, "Rank-10": 96.73469662666321}}
{"event": "epoch", "dataset": "RGBNT100", "recipe": "semantic", "epoch": 29, "steps": 63, "mean_loss": 2.549118849966261, "seconds": 95.32719893404283, "official_fused": {"mAP": 83.01574699967685, "Rank-1": 95.33527493476868, "Rank-5": 95.91836929321289, "Rank-10": 96.38484120368958}}
{"event": "epoch", "dataset": "RGBNT100", "recipe": "semantic", "epoch": 30, "steps": 62, "mean_loss": 2.4842826089551373, "seconds": 93.53877900808584, "official_fused": {"mAP": 82.85017956520959, "Rank-1": 95.04373073577881, "Rank-5": 96.151602268219, "Rank-10": 96.90961837768555}}
{"event": "epoch", "dataset": "RGBNT100", "recipe": "semantic", "epoch": 31, "steps": 62, "mean_loss": 2.564707721433332, "seconds": 93.54355518694501, "official_fused": {"mAP": 82.23972684575382, "Rank-1": 95.33527493476868, "Rank-5": 96.03498578071594, "Rank-10": 96.0932970046997}}
{"event": "epoch", "dataset": "RGBNT100", "recipe": "semantic", "epoch": 32, "steps": 62, "mean_loss": 2.5245930956256006, "seconds": 91.28517402103171, "official_fused": {"mAP": 82.44492919744174, "Rank-1": 95.39358615875244, "Rank-5": 96.03498578071594, "Rank-10": 96.26821875572205}}
{"event": "epoch", "dataset": "RGBNT100", "recipe": "semantic", "epoch": 33, "steps": 63, "mean_loss": 2.515733684812273, "seconds": 93.11580762302037, "official_fused": {"mAP": 82.8317811572133, "Rank-1": 95.62682509422302, "Rank-5": 96.44314646720886, "Rank-10": 97.14285731315613}}
{"event": "epoch", "dataset": "RGBNT100", "recipe": "semantic", "epoch": 34, "steps": 62, "mean_loss": 2.5474376563102967, "seconds": 92.22101833194029, "official_fused": {"mAP": 82.41268434476646, "Rank-1": 95.74344158172607, "Rank-5": 96.26821875572205, "Rank-10": 96.7930018901825}}
{"event": "epoch", "dataset": "RGBNT100", "recipe": "semantic", "epoch": 35, "steps": 63, "mean_loss": 2.5063237841167147, "seconds": 94.17761671904009, "official_fused": {"mAP": 82.6248874665598, "Rank-1": 95.91836929321289, "Rank-5": 96.67638540267944, "Rank-10": 97.08454608917236}}
{"event": "epoch", "dataset": "RGBNT100", "recipe": "semantic", "epoch": 36, "steps": 62, "mean_loss": 2.514815999615577, "seconds": 92.19207497499883, "official_fused": {"mAP": 82.67560072977996, "Rank-1": 95.86005806922913, "Rank-5": 96.61807417869568, "Rank-10": 96.85131311416626}}
{"event": "epoch", "dataset": "RGBNT100", "recipe": "semantic", "epoch": 37, "steps": 63, "mean_loss": 2.5170639318133157, "seconds": 93.71578865300398, "official_fused": {"mAP": 82.40472533939898, "Rank-1": 95.62682509422302, "Rank-5": 96.50145769119263, "Rank-10": 97.08454608917236}}
{"event": "epoch", "dataset": "RGBNT100", "recipe": "semantic", "epoch": 38, "steps": 63, "mean_loss": 2.5010848613012406, "seconds": 93.11092729005031, "official_fused": {"mAP": 82.4997897793784, "Rank-1": 95.56851387023926, "Rank-5": 96.20991349220276, "Rank-10": 96.85131311416626}}
{"event": "epoch", "dataset": "RGBNT100", "recipe": "semantic", "epoch": 39, "steps": 63, "mean_loss": 2.5473992824554443, "seconds": 93.23102968500461, "official_fused": {"mAP": 82.61866366573328, "Rank-1": 95.74344158172607, "Rank-5": 96.20991349220276, "Rank-10": 96.85131311416626}}
{"event": "epoch", "dataset": "RGBNT100", "recipe": "semantic", "epoch": 40, "steps": 62, "mean_loss": 2.4953549523507395, "seconds": 92.10534244007431, "official_fused": {"mAP": 82.68172293226303, "Rank-1": 95.86005806922913, "Rank-5": 96.32652997970581, "Rank-10": 96.67638540267944}}
{"event": "epoch", "dataset": "RGBNT100", "recipe": "semantic", "epoch": 41, "steps": 63, "mean_loss": 2.5168072761051237, "seconds": 93.16585529397707, "official_fused": {"mAP": 82.73768582918399, "Rank-1": 95.86005806922913, "Rank-5": 96.44314646720886, "Rank-10": 96.90961837768555}}
{"event": "epoch", "dataset": "RGBNT100", "recipe": "semantic", "epoch": 42, "steps": 63, "mean_loss": 2.519382332998609, "seconds": 93.16962529695593, "official_fused": {"mAP": 82.73818391359615, "Rank-1": 95.80174684524536, "Rank-5": 96.55976891517639, "Rank-10": 97.14285731315613}}
{"event": "epoch", "dataset": "RGBNT100", "recipe": "semantic", "epoch": 43, "steps": 62, "mean_loss": 2.515069838493101, "seconds": 91.96352254692465, "official_fused": {"mAP": 82.7391322170003, "Rank-1": 95.97667455673218, "Rank-5": 96.73469662666321, "Rank-10": 96.96792960166931}}
{"event": "epoch", "dataset": "RGBNT100", "recipe": "semantic", "epoch": 44, "steps": 62, "mean_loss": 2.530196455217177, "seconds": 91.08647244807798, "official_fused": {"mAP": 82.75910322296372, "Rank-1": 95.86005806922913, "Rank-5": 96.73469662666321, "Rank-10": 96.96792960166931}}
{"event": "epoch", "dataset": "RGBNT100", "recipe": "semantic", "epoch": 45, "steps": 62, "mean_loss": 2.5188760949719335, "seconds": 91.27263920789119, "official_fused": {"mAP": 82.78590947639366, "Rank-1": 95.80174684524536, "Rank-5": 96.73469662666321, "Rank-10": 97.08454608917236}}
{"event": "epoch", "dataset": "RGBNT100", "recipe": "semantic", "epoch": 46, "steps": 63, "mean_loss": 2.4712036677769254, "seconds": 93.20370773295872, "official_fused": {"mAP": 82.9371028272445, "Rank-1": 95.68513035774231, "Rank-5": 96.73469662666321, "Rank-10": 97.08454608917236}}
{"event": "epoch", "dataset": "RGBNT100", "recipe": "semantic", "epoch": 47, "steps": 62, "mean_loss": 2.508584620491151, "seconds": 91.65909478301182, "official_fused": {"mAP": 82.85814986679468, "Rank-1": 95.91836929321289, "Rank-5": 96.50145769119263, "Rank-10": 96.90961837768555}}
{"event": "epoch", "dataset": "RGBNT100", "recipe": "semantic", "epoch": 48, "steps": 63, "mean_loss": 2.499760517998347, "seconds": 93.0708408789942, "official_fused": {"mAP": 82.7185256738453, "Rank-1": 95.86005806922913, "Rank-5": 96.61807417869568, "Rank-10": 97.25947380065918}}
{"event": "epoch", "dataset": "RGBNT100", "recipe": "semantic", "epoch": 49, "steps": 63, "mean_loss": 2.5005359630736095, "seconds": 94.32706463697832, "official_fused": {"mAP": 82.65012289774451, "Rank-1": 95.86005806922913, "Rank-5": 96.73469662666321, "Rank-10": 97.37609624862671}}
{"event": "epoch", "dataset": "RGBNT100", "recipe": "semantic", "epoch": 50, "steps": 62, "mean_loss": 2.5205603338056997, "seconds": 92.35325764806475, "official_fused": {"mAP": 82.55138633758202, "Rank-1": 95.97667455673218, "Rank-5": 96.61807417869568, "Rank-10": 97.14285731315613}}
