/data/gaob/Re-ID/conda-envs/tri_reid/lib/python3.10/site-packages/timm/models/helpers.py:7: FutureWarning: Importing from timm.models.helpers is deprecated, please import via timm.models
  warnings.warn(f"Importing from {__name__} is deprecated, please import via timm.models", FutureWarning)
/data/gaob/Re-ID/conda-envs/tri_reid/lib/python3.10/site-packages/timm/models/registry.py:4: FutureWarning: Importing from timm.models.registry is deprecated, please import via timm.models
  warnings.warn(f"Importing from {__name__} is deprecated, please import via timm.models", FutureWarning)
/data/gaob/Re-ID/conda-envs/tri_reid/lib/python3.10/site-packages/timm/models/layers/__init__.py:48: FutureWarning: Importing from timm.models.layers is deprecated, please import via timm.layers
  warnings.warn(f"Importing from {__name__} is deprecated, please import via timm.layers", FutureWarning)
建立transformer............
using Transformer_type: ViT-B-16 as a backbone
Resized position embedding: %s to %s torch.Size([197, 768]) torch.Size([129, 768])
Position embedding resize to height:8 width: 16
Successfully load ckpt!
<All keys matched successfully>
Loading pretrained model from CLIP
camera number is : 8
===========Building Signal===========
{"event": "epoch", "dataset": "RGBNT100", "epoch": 1, "steps": 130, "mean_loss": 3.3563956957597, "seconds": 81.608867738978, "official_fused": {"mAP": 66.47255216374984, "Rank-1": 86.53061389923096, "Rank-5": 88.62974047660828, "Rank-10": 89.6793007850647}, "best_epoch": 1}
{"event": "epoch", "dataset": "RGBNT100", "epoch": 2, "steps": 131, "mean_loss": 1.3211733157398136, "seconds": 80.8003849160159, "official_fused": {"mAP": 77.11226598570815, "Rank-1": 92.2448992729187, "Rank-5": 93.87755393981934, "Rank-10": 94.98542547225952}, "best_epoch": 2}
{"event": "epoch", "dataset": "RGBNT100", "epoch": 3, "steps": 132, "mean_loss": 0.821325112472881, "seconds": 81.38352982199285, "official_fused": {"mAP": 77.50187952053514, "Rank-1": 94.28571462631226, "Rank-5": 95.80174684524536, "Rank-10": 96.03498578071594}, "best_epoch": 3}
{"event": "epoch", "dataset": "RGBNT100", "epoch": 4, "steps": 131, "mean_loss": 0.756993907553549, "seconds": 79.76323373502237, "official_fused": {"mAP": 77.75381070621191, "Rank-1": 95.10204195976257, "Rank-5": 96.44314646720886, "Rank-10": 96.90961837768555}, "best_epoch": 4}
{"event": "epoch", "dataset": "RGBNT100", "epoch": 5, "steps": 132, "mean_loss": 0.736962130575469, "seconds": 81.0298142140091, "official_fused": {"mAP": 73.84950289344819, "Rank-1": 93.41107606887817, "Rank-5": 94.69387531280518, "Rank-10": 95.4518973827362}, "best_epoch": 4}
{"event": "epoch", "dataset": "RGBNT100", "epoch": 6, "steps": 131, "mean_loss": 0.7355683646129287, "seconds": 79.70597246100078, "official_fused": {"mAP": 76.06436448841663, "Rank-1": 94.11078691482544, "Rank-5": 95.68513035774231, "Rank-10": 96.26821875572205}, "best_epoch": 4}
{"event": "epoch", "dataset": "RGBNT100", "epoch": 7, "steps": 132, "mean_loss": 0.720192828413212, "seconds": 82.278023826977, "official_fused": {"mAP": 77.98409746852978, "Rank-1": 95.39358615875244, "Rank-5": 96.32652997970581, "Rank-10": 96.85131311416626}, "best_epoch": 7}
{"event": "epoch", "dataset": "RGBNT100", "epoch": 8, "steps": 131, "mean_loss": 0.7214647927357041, "seconds": 79.00891703000525, "official_fused": {"mAP": 75.37586633832454, "Rank-1": 93.58600378036499, "Rank-5": 95.91836929321289, "Rank-10": 96.50145769119263}, "best_epoch": 7}
{"event": "epoch", "dataset": "RGBNT100", "epoch": 9, "steps": 130, "mean_loss": 0.7157938815080203, "seconds": 80.3058225249988, "official_fused": {"mAP": 78.2876097314759, "Rank-1": 94.8104977607727, "Rank-5": 95.56851387023926, "Rank-10": 96.0932970046997}, "best_epoch": 9}
{"event": "epoch", "dataset": "RGBNT100", "epoch": 10, "steps": 132, "mean_loss": 0.7124062988794211, "seconds": 80.57377850799821, "official_fused": {"mAP": 78.22692306256614, "Rank-1": 95.56851387023926, "Rank-5": 96.44314646720886, "Rank-10": 96.67638540267944}, "best_epoch": 9}
{"event": "epoch", "dataset": "RGBNT100", "epoch": 11, "steps": 131, "mean_loss": 0.7105308739283612, "seconds": 81.36301927501336, "official_fused": {"mAP": 78.35988508012348, "Rank-1": 94.69387531280518, "Rank-5": 95.56851387023926, "Rank-10": 96.151602268219}, "best_epoch": 11}
{"event": "epoch", "dataset": "RGBNT100", "epoch": 12, "steps": 131, "mean_loss": 0.7105672887263407, "seconds": 79.6692620299873, "official_fused": {"mAP": 78.4901437134135, "Rank-1": 94.98542547225952, "Rank-5": 96.20991349220276, "Rank-10": 96.44314646720886}, "best_epoch": 12}
{"event": "epoch", "dataset": "RGBNT100", "epoch": 13, "steps": 131, "mean_loss": 0.7099032670486974, "seconds": 79.5541178160056, "official_fused": {"mAP": 77.08017570415205, "Rank-1": 93.46938729286194, "Rank-5": 95.33527493476868, "Rank-10": 95.91836929321289}, "best_epoch": 12}
{"event": "epoch", "dataset": "RGBNT100", "epoch": 14, "steps": 132, "mean_loss": 0.7102158652110533, "seconds": 80.02134408598067, "official_fused": {"mAP": 77.60982958280475, "Rank-1": 93.23615431785583, "Rank-5": 94.34402585029602, "Rank-10": 95.21865844726562}, "best_epoch": 12}
{"event": "epoch", "dataset": "RGBNT100", "epoch": 15, "steps": 129, "mean_loss": 0.7093573087869689, "seconds": 78.15288907600916, "official_fused": {"mAP": 76.91626121663965, "Rank-1": 93.5276985168457, "Rank-5": 94.86880302429199, "Rank-10": 95.68513035774231}, "best_epoch": 12}
{"event": "epoch", "dataset": "RGBNT100", "epoch": 16, "steps": 131, "mean_loss": 0.7092351526704453, "seconds": 79.85156030298094, "official_fused": {"mAP": 77.85016037908478, "Rank-1": 93.35277080535889, "Rank-5": 94.40233111381531, "Rank-10": 94.92711424827576}, "best_epoch": 12}
{"event": "epoch", "dataset": "RGBNT100", "epoch": 17, "steps": 132, "mean_loss": 0.7093525569547307, "seconds": 79.80256547598401, "official_fused": {"mAP": 76.85930975705989, "Rank-1": 91.37026071548462, "Rank-5": 92.59475469589233, "Rank-10": 93.87755393981934}, "best_epoch": 12}
{"event": "epoch", "dataset": "RGBNT100", "epoch": 18, "steps": 132, "mean_loss": 0.7093278964360555, "seconds": 81.06980257399846, "official_fused": {"mAP": 78.0456753388006, "Rank-1": 93.23615431785583, "Rank-5": 94.40233111381531, "Rank-10": 94.98542547225952}, "best_epoch": 12}
{"event": "epoch", "dataset": "RGBNT100", "epoch": 19, "steps": 132, "mean_loss": 0.7083615886442589, "seconds": 80.65432197900373, "official_fused": {"mAP": 77.8312489298846, "Rank-1": 93.46938729286194, "Rank-5": 94.57725882530212, "Rank-10": 95.16034722328186}, "best_epoch": 12}
{"event": "epoch", "dataset": "RGBNT100", "epoch": 20, "steps": 132, "mean_loss": 0.7088721055876125, "seconds": 80.37215415999526, "official_fused": {"mAP": 76.72144781927511, "Rank-1": 92.41982698440552, "Rank-5": 93.41107606887817, "Rank-10": 94.69387531280518}, "best_epoch": 12}
{"event": "epoch", "dataset": "RGBNT100", "epoch": 21, "steps": 131, "mean_loss": 0.7458542385174118, "seconds": 79.47369517601328, "official_fused": {"mAP": 67.56243092195893, "Rank-1": 86.53061389923096, "Rank-5": 88.92128467559814, "Rank-10": 89.97084498405457}, "best_epoch": 12}
{"event": "epoch", "dataset": "RGBNT100", "epoch": 22, "steps": 132, "mean_loss": 0.7481911421725245, "seconds": 81.92998119699769, "official_fused": {"mAP": 76.04882869749754, "Rank-1": 94.8104977607727, "Rank-5": 95.86005806922913, "Rank-10": 96.32652997970581}, "best_epoch": 12}
{"event": "epoch", "dataset": "RGBNT100", "epoch": 23, "steps": 131, "mean_loss": 0.715682037459075, "seconds": 82.26869330502814, "official_fused": {"mAP": 76.88822913496955, "Rank-1": 94.57725882530212, "Rank-5": 95.86005806922913, "Rank-10": 96.50145769119263}, "best_epoch": 12}
{"event": "epoch", "dataset": "RGBNT100", "epoch": 24, "steps": 130, "mean_loss": 0.7116678797281706, "seconds": 80.61101446501561, "official_fused": {"mAP": 78.18459022566836, "Rank-1": 93.87755393981934, "Rank-5": 95.10204195976257, "Rank-10": 95.56851387023926}, "best_epoch": 12}
{"event": "epoch", "dataset": "RGBNT100", "epoch": 25, "steps": 132, "mean_loss": 0.7105833115902814, "seconds": 80.04477553401375, "official_fused": {"mAP": 78.32846700537921, "Rank-1": 94.63557004928589, "Rank-5": 95.27696967124939, "Rank-10": 95.62682509422302}, "best_epoch": 12}
{"event": "epoch", "dataset": "RGBNT100", "epoch": 26, "steps": 131, "mean_loss": 0.7096794170277719, "seconds": 79.41276886200649, "official_fused": {"mAP": 77.9765396670845, "Rank-1": 95.10204195976257, "Rank-5": 95.97667455673218, "Rank-10": 96.38484120368958}, "best_epoch": 12}
{"event": "epoch", "dataset": "RGBNT100", "epoch": 27, "steps": 131, "mean_loss": 0.7103059710437105, "seconds": 79.78267575299833, "official_fused": {"mAP": 77.42111906716293, "Rank-1": 94.92711424827576, "Rank-5": 96.55976891517639, "Rank-10": 97.08454608917236}, "best_epoch": 12}
{"event": "epoch", "dataset": "RGBNT100", "epoch": 28, "steps": 130, "mean_loss": 0.7092803143537961, "seconds": 79.45628414402017, "official_fused": {"mAP": 77.95594630746689, "Rank-1": 95.27696967124939, "Rank-5": 96.20991349220276, "Rank-10": 96.61807417869568}, "best_epoch": 12}
{"event": "epoch", "dataset": "RGBNT100", "epoch": 29, "steps": 131, "mean_loss": 0.7092800290529965, "seconds": 79.618620483001, "official_fused": {"mAP": 78.5381698801903, "Rank-1": 95.04373073577881, "Rank-5": 96.32652997970581, "Rank-10": 97.02624082565308}, "best_epoch": 29}
{"event": "epoch", "dataset": "RGBNT100", "epoch": 30, "steps": 132, "mean_loss": 0.7085474553433332, "seconds": 79.71903427698999, "official_fused": {"mAP": 78.8446031935206, "Rank-1": 95.16034722328186, "Rank-5": 96.0932970046997, "Rank-10": 96.55976891517639}, "best_epoch": 30}
{"event": "epoch", "dataset": "RGBNT100", "epoch": 31, "steps": 131, "mean_loss": 0.7084574267154432, "seconds": 78.97416797099868, "official_fused": {"mAP": 78.41202828856288, "Rank-1": 94.57725882530212, "Rank-5": 95.27696967124939, "Rank-10": 96.03498578071594}, "best_epoch": 30}
{"event": "epoch", "dataset": "RGBNT100", "epoch": 32, "steps": 131, "mean_loss": 0.7081890265450222, "seconds": 78.19941877797828, "official_fused": {"mAP": 78.31391297502695, "Rank-1": 94.57725882530212, "Rank-5": 95.4518973827362, "Rank-10": 96.03498578071594}, "best_epoch": 30}
{"event": "epoch", "dataset": "RGBNT100", "epoch": 33, "steps": 131, "mean_loss": 0.7079797910369989, "seconds": 78.07358270799159, "official_fused": {"mAP": 78.15570898567621, "Rank-1": 94.51894760131836, "Rank-5": 95.21865844726562, "Rank-10": 96.0932970046997}, "best_epoch": 30}
{"event": "epoch", "dataset": "RGBNT100", "epoch": 34, "steps": 132, "mean_loss": 0.7078955882426464, "seconds": 79.3572553260019, "official_fused": {"mAP": 78.44147096972262, "Rank-1": 94.05247569084167, "Rank-5": 94.8104977607727, "Rank-10": 95.39358615875244}, "best_epoch": 30}
{"event": "epoch", "dataset": "RGBNT100", "epoch": 35, "steps": 132, "mean_loss": 0.7076906015475591, "seconds": 78.93348417498055, "official_fused": {"mAP": 78.36132553245466, "Rank-1": 94.40233111381531, "Rank-5": 94.86880302429199, "Rank-10": 95.4518973827362}, "best_epoch": 30}
{"event": "epoch", "dataset": "RGBNT100", "epoch": 36, "steps": 130, "mean_loss": 0.7076294156221243, "seconds": 77.50347898399923, "official_fused": {"mAP": 78.55747382081813, "Rank-1": 94.22740340232849, "Rank-5": 95.10204195976257, "Rank-10": 95.5102026462555}, "best_epoch": 30}
{"event": "epoch", "dataset": "RGBNT100", "epoch": 37, "steps": 131, "mean_loss": 0.7075091250070179, "seconds": 77.6182547499775, "official_fused": {"mAP": 78.63167779569143, "Rank-1": 94.11078691482544, "Rank-5": 94.92711424827576, "Rank-10": 95.4518973827362}, "best_epoch": 30}
{"event": "epoch", "dataset": "RGBNT100", "epoch": 38, "steps": 132, "mean_loss": 0.7073979978308533, "seconds": 78.87741929502226, "official_fused": {"mAP": 78.5655774681022, "Rank-1": 94.11078691482544, "Rank-5": 94.92711424827576, "Rank-10": 95.39358615875244}, "best_epoch": 30}
{"event": "epoch", "dataset": "RGBNT100", "epoch": 39, "steps": 130, "mean_loss": 0.7073681817604945, "seconds": 76.9078354369849, "official_fused": {"mAP": 78.61260457470398, "Rank-1": 94.46064233779907, "Rank-5": 94.98542547225952, "Rank-10": 95.33527493476868}, "best_epoch": 30}
{"event": "epoch", "dataset": "RGBNT100", "epoch": 40, "steps": 131, "mean_loss": 0.707279750409017, "seconds": 78.41935099900002, "official_fused": {"mAP": 78.37107141490915, "Rank-1": 93.87755393981934, "Rank-5": 94.75218653678894, "Rank-10": 95.39358615875244}, "best_epoch": 30}
{"event": "epoch", "dataset": "RGBNT100", "epoch": 41, "steps": 131, "mean_loss": 0.7072616292320135, "seconds": 77.55630239797756, "official_fused": {"mAP": 78.49184355056197, "Rank-1": 93.99417042732239, "Rank-5": 94.92711424827576, "Rank-10": 95.4518973827362}, "best_epoch": 30}
{"event": "epoch", "dataset": "RGBNT100", "epoch": 42, "steps": 132, "mean_loss": 0.7071558006785132, "seconds": 78.24927326099714, "official_fused": {"mAP": 78.48814348534653, "Rank-1": 93.99417042732239, "Rank-5": 94.92711424827576, "Rank-10": 95.21865844726562}, "best_epoch": 30}
{"event": "epoch", "dataset": "RGBNT100", "epoch": 43, "steps": 131, "mean_loss": 0.7071402118406223, "seconds": 78.22616516100243, "official_fused": {"mAP": 78.55835580390213, "Rank-1": 93.7609314918518, "Rank-5": 94.69387531280518, "Rank-10": 95.21865844726562}, "best_epoch": 30}
{"event": "epoch", "dataset": "RGBNT100", "epoch": 44, "steps": 131, "mean_loss": 0.7071030467521143, "seconds": 77.78900415700627, "official_fused": {"mAP": 78.54026676469854, "Rank-1": 93.70262622833252, "Rank-5": 94.69387531280518, "Rank-10": 95.16034722328186}, "best_epoch": 30}
{"event": "epoch", "dataset": "RGBNT100", "epoch": 45, "steps": 132, "mean_loss": 0.7071341145219225, "seconds": 78.90413238800829, "official_fused": {"mAP": 78.62544471850579, "Rank-1": 94.05247569084167, "Rank-5": 94.63557004928589, "Rank-10": 95.10204195976257}, "best_epoch": 30}
{"event": "epoch", "dataset": "RGBNT100", "epoch": 46, "steps": 132, "mean_loss": 0.7070458856495944, "seconds": 78.60194588499144, "official_fused": {"mAP": 78.51058210783954, "Rank-1": 93.93585920333862, "Rank-5": 94.75218653678894, "Rank-10": 95.04373073577881}, "best_epoch": 30}
{"event": "epoch", "dataset": "RGBNT100", "epoch": 47, "steps": 131, "mean_loss": 0.7070924748901193, "seconds": 77.96267439899384, "official_fused": {"mAP": 78.61037970737871, "Rank-1": 93.93585920333862, "Rank-5": 94.40233111381531, "Rank-10": 95.04373073577881}, "best_epoch": 30}
{"event": "epoch", "dataset": "RGBNT100", "epoch": 48, "steps": 130, "mean_loss": 0.7070953227006472, "seconds": 77.35782608599402, "official_fused": {"mAP": 78.59730566853115, "Rank-1": 93.99417042732239, "Rank-5": 94.63557004928589, "Rank-10": 95.04373073577881}, "best_epoch": 30}
{"event": "epoch", "dataset": "RGBNT100", "epoch": 49, "steps": 132, "mean_loss": 0.7070293114943937, "seconds": 78.03005019502598, "official_fused": {"mAP": 78.61012752259391, "Rank-1": 93.99417042732239, "Rank-5": 94.57725882530212, "Rank-10": 95.04373073577881}, "best_epoch": 30}
{"event": "epoch", "dataset": "RGBNT100", "epoch": 50, "steps": 130, "mean_loss": 0.7070279611991002, "seconds": 77.60883721898426, "official_fused": {"mAP": 78.60827059224526, "Rank-1": 94.05247569084167, "Rank-5": 94.63557004928589, "Rank-10": 95.04373073577881}, "best_epoch": 30}
