/data/gaob/Re-ID/conda-envs/tri_reid/lib/python3.10/site-packages/timm/models/helpers.py:7: FutureWarning: Importing from timm.models.helpers is deprecated, please import via timm.models
  warnings.warn(f"Importing from {__name__} is deprecated, please import via timm.models", FutureWarning)
/data/gaob/Re-ID/conda-envs/tri_reid/lib/python3.10/site-packages/timm/models/registry.py:4: FutureWarning: Importing from timm.models.registry is deprecated, please import via timm.models
  warnings.warn(f"Importing from {__name__} is deprecated, please import via timm.models", FutureWarning)
/data/gaob/Re-ID/conda-envs/tri_reid/lib/python3.10/site-packages/timm/models/layers/__init__.py:48: FutureWarning: Importing from timm.models.layers is deprecated, please import via timm.layers
  warnings.warn(f"Importing from {__name__} is deprecated, please import via timm.layers", FutureWarning)
建立transformer............
using Transformer_type: ViT-B-16 as a backbone
Resized position embedding: %s to %s torch.Size([197, 768]) torch.Size([129, 768])
Position embedding resize to height:8 width: 16
Successfully load ckpt!
<All keys matched successfully>
Loading pretrained model from CLIP
camera number is : 8
===========Building Signal===========
{"event": "epoch", "dataset": "RGBNT100", "epoch": 1, "steps": 130, "mean_loss": 2.5176502759640034, "seconds": 51.34947678100434, "official_fused": {"mAP": 85.10479827591118, "Rank-1": 95.10204195976257, "Rank-5": 95.68513035774231, "Rank-10": 96.03498578071594}, "best_epoch": 1}
{"event": "epoch", "dataset": "RGBNT100", "epoch": 2, "steps": 131, "mean_loss": 0.8850198069601568, "seconds": 50.367449379999016, "official_fused": {"mAP": 84.53853005131681, "Rank-1": 95.80174684524536, "Rank-5": 96.7930018901825, "Rank-10": 97.20116853713989}, "best_epoch": 1}
{"event": "epoch", "dataset": "RGBNT100", "epoch": 3, "steps": 132, "mean_loss": 0.7270857958179532, "seconds": 50.49692261999735, "official_fused": {"mAP": 82.35505755921444, "Rank-1": 96.20991349220276, "Rank-5": 96.73469662666321, "Rank-10": 97.08454608917236}, "best_epoch": 1}
{"event": "epoch", "dataset": "RGBNT100", "epoch": 4, "steps": 131, "mean_loss": 0.7172277979268372, "seconds": 50.49309609299962, "official_fused": {"mAP": 81.36251449529793, "Rank-1": 94.57725882530212, "Rank-5": 95.5102026462555, "Rank-10": 95.86005806922913}, "best_epoch": 1}
{"event": "epoch", "dataset": "RGBNT100", "epoch": 5, "steps": 132, "mean_loss": 0.7121966020627455, "seconds": 50.73439192100341, "official_fused": {"mAP": 81.48148811498555, "Rank-1": 94.34402585029602, "Rank-5": 95.10204195976257, "Rank-10": 95.86005806922913}, "best_epoch": 1}
{"event": "epoch", "dataset": "RGBNT100", "epoch": 6, "steps": 131, "mean_loss": 0.7107532256432162, "seconds": 50.15640123599587, "official_fused": {"mAP": 82.59542723358791, "Rank-1": 94.40233111381531, "Rank-5": 95.16034722328186, "Rank-10": 95.5102026462555}, "best_epoch": 1}
{"event": "epoch", "dataset": "RGBNT100", "epoch": 7, "steps": 132, "mean_loss": 0.7083269931150206, "seconds": 50.83149495300313, "official_fused": {"mAP": 81.63978718411342, "Rank-1": 93.93585920333862, "Rank-5": 94.46064233779907, "Rank-10": 94.92711424827576}, "best_epoch": 1}
{"event": "epoch", "dataset": "RGBNT100", "epoch": 8, "steps": 131, "mean_loss": 0.7077496338436622, "seconds": 50.46884124400094, "official_fused": {"mAP": 82.36031726390914, "Rank-1": 94.11078691482544, "Rank-5": 94.92711424827576, "Rank-10": 95.80174684524536}, "best_epoch": 1}
{"event": "epoch", "dataset": "RGBNT100", "epoch": 9, "steps": 130, "mean_loss": 0.7079340265347407, "seconds": 50.048297517998435, "official_fused": {"mAP": 82.39408170724799, "Rank-1": 94.34402585029602, "Rank-5": 95.39358615875244, "Rank-10": 95.80174684524536}, "best_epoch": 1}
{"event": "epoch", "dataset": "RGBNT100", "epoch": 10, "steps": 132, "mean_loss": 0.7076572739716732, "seconds": 50.796522946999175, "official_fused": {"mAP": 82.13482745093555, "Rank-1": 94.28571462631226, "Rank-5": 95.21865844726562, "Rank-10": 95.68513035774231}, "best_epoch": 1}
{"event": "epoch", "dataset": "RGBNT100", "epoch": 11, "steps": 131, "mean_loss": 0.7073692474656432, "seconds": 50.34703032700054, "official_fused": {"mAP": 82.52070909018343, "Rank-1": 94.34402585029602, "Rank-5": 95.10204195976257, "Rank-10": 95.68513035774231}, "best_epoch": 1}
{"event": "epoch", "dataset": "RGBNT100", "epoch": 12, "steps": 131, "mean_loss": 0.7078846365440893, "seconds": 50.08804388999852, "official_fused": {"mAP": 81.63881579056138, "Rank-1": 94.40233111381531, "Rank-5": 95.27696967124939, "Rank-10": 95.5102026462555}, "best_epoch": 1}
{"event": "epoch", "dataset": "RGBNT100", "epoch": 13, "steps": 131, "mean_loss": 0.7078010053125047, "seconds": 50.162390530000266, "official_fused": {"mAP": 82.02687494376377, "Rank-1": 94.22740340232849, "Rank-5": 94.98542547225952, "Rank-10": 95.27696967124939}, "best_epoch": 1}
{"event": "epoch", "dataset": "RGBNT100", "epoch": 14, "steps": 132, "mean_loss": 0.707595990914287, "seconds": 50.407974841000396, "official_fused": {"mAP": 82.46609059863539, "Rank-1": 93.93585920333862, "Rank-5": 94.98542547225952, "Rank-10": 95.21865844726562}, "best_epoch": 1}
{"event": "epoch", "dataset": "RGBNT100", "epoch": 15, "steps": 129, "mean_loss": 0.7073199310043986, "seconds": 49.4249926689954, "official_fused": {"mAP": 82.03939857624923, "Rank-1": 93.93585920333862, "Rank-5": 94.40233111381531, "Rank-10": 94.8104977607727}, "best_epoch": 1}
{"event": "epoch", "dataset": "RGBNT100", "epoch": 16, "steps": 131, "mean_loss": 0.7072620614794375, "seconds": 49.61042311100027, "official_fused": {"mAP": 82.07975201462222, "Rank-1": 93.46938729286194, "Rank-5": 94.11078691482544, "Rank-10": 94.57725882530212}, "best_epoch": 1}
{"event": "epoch", "dataset": "RGBNT100", "epoch": 17, "steps": 132, "mean_loss": 0.707167566725702, "seconds": 50.06189733700012, "official_fused": {"mAP": 81.99541442664899, "Rank-1": 94.05247569084167, "Rank-5": 94.86880302429199, "Rank-10": 95.39358615875244}, "best_epoch": 1}
{"event": "epoch", "dataset": "RGBNT100", "epoch": 18, "steps": 132, "mean_loss": 0.7072832173470295, "seconds": 50.145788071000425, "official_fused": {"mAP": 82.50456720279207, "Rank-1": 93.99417042732239, "Rank-5": 94.57725882530212, "Rank-10": 94.8104977607727}, "best_epoch": 1}
{"event": "epoch", "dataset": "RGBNT100", "epoch": 19, "steps": 132, "mean_loss": 0.7071404308080673, "seconds": 50.072198752000986, "official_fused": {"mAP": 82.04637428278232, "Rank-1": 93.46938729286194, "Rank-5": 94.22740340232849, "Rank-10": 95.10204195976257}, "best_epoch": 1}
{"event": "epoch", "dataset": "RGBNT100", "epoch": 20, "steps": 132, "mean_loss": 0.706894552617362, "seconds": 50.28654189000372, "official_fused": {"mAP": 81.76600798593266, "Rank-1": 93.17784309387207, "Rank-5": 94.22740340232849, "Rank-10": 94.51894760131836}, "best_epoch": 1}
{"event": "epoch", "dataset": "RGBNT100", "epoch": 21, "steps": 131, "mean_loss": 0.7069773046114972, "seconds": 49.92735306599934, "official_fused": {"mAP": 81.46783970014813, "Rank-1": 93.35277080535889, "Rank-5": 94.05247569084167, "Rank-10": 94.40233111381531}, "best_epoch": 1}
{"event": "epoch", "dataset": "RGBNT100", "epoch": 22, "steps": 132, "mean_loss": 0.7069354599172418, "seconds": 51.05687840899918, "official_fused": {"mAP": 82.09192200477466, "Rank-1": 93.35277080535889, "Rank-5": 94.05247569084167, "Rank-10": 94.46064233779907}, "best_epoch": 1}
{"event": "epoch", "dataset": "RGBNT100", "epoch": 23, "steps": 131, "mean_loss": 0.7070932115307291, "seconds": 49.713685280999925, "official_fused": {"mAP": 81.96507796308319, "Rank-1": 93.70262622833252, "Rank-5": 94.40233111381531, "Rank-10": 94.63557004928589}, "best_epoch": 1}
{"event": "epoch", "dataset": "RGBNT100", "epoch": 24, "steps": 130, "mean_loss": 0.7067045904122866, "seconds": 50.18045986700599, "official_fused": {"mAP": 81.50983450672649, "Rank-1": 93.64431500434875, "Rank-5": 93.93585920333862, "Rank-10": 94.28571462631226}, "best_epoch": 1}
{"event": "epoch", "dataset": "RGBNT100", "epoch": 25, "steps": 132, "mean_loss": 0.7067388449654435, "seconds": 50.138191165002354, "official_fused": {"mAP": 81.9539078320663, "Rank-1": 93.70262622833252, "Rank-5": 94.34402585029602, "Rank-10": 94.75218653678894}, "best_epoch": 1}
{"event": "epoch", "dataset": "RGBNT100", "epoch": 26, "steps": 131, "mean_loss": 0.7067161197880752, "seconds": 49.68177697100327, "official_fused": {"mAP": 81.94607825918048, "Rank-1": 93.7609314918518, "Rank-5": 94.51894760131836, "Rank-10": 94.86880302429199}, "best_epoch": 1}
{"event": "epoch", "dataset": "RGBNT100", "epoch": 27, "steps": 131, "mean_loss": 0.7066050526749996, "seconds": 50.26492580700142, "official_fused": {"mAP": 81.86368702037123, "Rank-1": 93.17784309387207, "Rank-5": 93.99417042732239, "Rank-10": 94.69387531280518}, "best_epoch": 1}
{"event": "epoch", "dataset": "RGBNT100", "epoch": 28, "steps": 130, "mean_loss": 0.7067251173349527, "seconds": 49.54461812500085, "official_fused": {"mAP": 81.33606910133038, "Rank-1": 93.00291538238525, "Rank-5": 93.81924271583557, "Rank-10": 94.28571462631226}, "best_epoch": 1}
{"event": "epoch", "dataset": "RGBNT100", "epoch": 29, "steps": 131, "mean_loss": 0.7069108895673096, "seconds": 50.66863236200152, "official_fused": {"mAP": 81.68141217533149, "Rank-1": 93.46938729286194, "Rank-5": 94.8104977607727, "Rank-10": 95.16034722328186}, "best_epoch": 1}
{"event": "epoch", "dataset": "RGBNT100", "epoch": 30, "steps": 132, "mean_loss": 0.7066159370270643, "seconds": 50.17044547100522, "official_fused": {"mAP": 81.64809612602713, "Rank-1": 93.1195318698883, "Rank-5": 93.93585920333862, "Rank-10": 94.46064233779907}, "best_epoch": 1}
{"event": "epoch", "dataset": "RGBNT100", "epoch": 31, "steps": 131, "mean_loss": 0.7065618215626432, "seconds": 50.31417579300614, "official_fused": {"mAP": 80.98324814154093, "Rank-1": 92.06997156143188, "Rank-5": 93.06122660636902, "Rank-10": 93.70262622833252}, "best_epoch": 1}
{"event": "epoch", "dataset": "RGBNT100", "epoch": 32, "steps": 131, "mean_loss": 0.7067335666590975, "seconds": 49.91747271899658, "official_fused": {"mAP": 81.14648412488764, "Rank-1": 93.17784309387207, "Rank-5": 94.1690981388092, "Rank-10": 94.40233111381531}, "best_epoch": 1}
{"event": "epoch", "dataset": "RGBNT100", "epoch": 33, "steps": 131, "mean_loss": 0.7064453345218688, "seconds": 50.18537834099698, "official_fused": {"mAP": 81.42285594696882, "Rank-1": 93.5276985168457, "Rank-5": 94.05247569084167, "Rank-10": 94.22740340232849}, "best_epoch": 1}
{"event": "epoch", "dataset": "RGBNT100", "epoch": 34, "steps": 132, "mean_loss": 0.7063761814074083, "seconds": 50.1233415799943, "official_fused": {"mAP": 81.41439021899956, "Rank-1": 93.58600378036499, "Rank-5": 94.28571462631226, "Rank-10": 94.8104977607727}, "best_epoch": 1}
{"event": "epoch", "dataset": "RGBNT100", "epoch": 35, "steps": 132, "mean_loss": 0.706266803723393, "seconds": 50.24941368600412, "official_fused": {"mAP": 81.0891911144492, "Rank-1": 92.76967644691467, "Rank-5": 93.70262622833252, "Rank-10": 93.99417042732239}, "best_epoch": 1}
{"event": "epoch", "dataset": "RGBNT100", "epoch": 36, "steps": 130, "mean_loss": 0.7062411092794858, "seconds": 49.48463327799982, "official_fused": {"mAP": 81.06179934340436, "Rank-1": 92.82798767089844, "Rank-5": 93.58600378036499, "Rank-10": 94.05247569084167}, "best_epoch": 1}
{"event": "epoch", "dataset": "RGBNT100", "epoch": 37, "steps": 131, "mean_loss": 0.7062092559938212, "seconds": 49.97195494799962, "official_fused": {"mAP": 81.05212079936679, "Rank-1": 92.71137118339539, "Rank-5": 93.81924271583557, "Rank-10": 94.05247569084167}, "best_epoch": 1}
{"event": "epoch", "dataset": "RGBNT100", "epoch": 38, "steps": 132, "mean_loss": 0.7061695461020325, "seconds": 50.17637979600113, "official_fused": {"mAP": 81.27112879321321, "Rank-1": 92.94460415840149, "Rank-5": 93.81924271583557, "Rank-10": 94.28571462631226}, "best_epoch": 1}
{"event": "epoch", "dataset": "RGBNT100", "epoch": 39, "steps": 130, "mean_loss": 0.7061551768046159, "seconds": 49.40309838399844, "official_fused": {"mAP": 81.23639515896589, "Rank-1": 92.30320453643799, "Rank-5": 93.46938729286194, "Rank-10": 93.99417042732239}, "best_epoch": 1}
{"event": "epoch", "dataset": "RGBNT100", "epoch": 40, "steps": 131, "mean_loss": 0.7061268600798746, "seconds": 49.88565996899706, "official_fused": {"mAP": 80.94036207705425, "Rank-1": 92.41982698440552, "Rank-5": 93.64431500434875, "Rank-10": 93.99417042732239}, "best_epoch": 1}
{"event": "epoch", "dataset": "RGBNT100", "epoch": 41, "steps": 131, "mean_loss": 0.7061217431803696, "seconds": 50.48879368499911, "official_fused": {"mAP": 80.84766453870796, "Rank-1": 92.41982698440552, "Rank-5": 93.41107606887817, "Rank-10": 93.81924271583557}, "best_epoch": 1}
{"event": "epoch", "dataset": "RGBNT100", "epoch": 42, "steps": 132, "mean_loss": 0.7060922713893832, "seconds": 50.42613394599903, "official_fused": {"mAP": 80.95898579413895, "Rank-1": 92.2448992729187, "Rank-5": 93.5276985168457, "Rank-10": 94.05247569084167}, "best_epoch": 1}
{"event": "epoch", "dataset": "RGBNT100", "epoch": 43, "steps": 131, "mean_loss": 0.7060923239656987, "seconds": 49.94890621399827, "official_fused": {"mAP": 80.97411240989597, "Rank-1": 92.06997156143188, "Rank-5": 93.46938729286194, "Rank-10": 93.93585920333862}, "best_epoch": 1}
{"event": "epoch", "dataset": "RGBNT100", "epoch": 44, "steps": 131, "mean_loss": 0.706083114365585, "seconds": 49.87918564300344, "official_fused": {"mAP": 80.7837988886565, "Rank-1": 92.12828278541565, "Rank-5": 93.41107606887817, "Rank-10": 93.99417042732239}, "best_epoch": 1}
{"event": "epoch", "dataset": "RGBNT100", "epoch": 45, "steps": 132, "mean_loss": 0.7060781992746122, "seconds": 50.15689606899832, "official_fused": {"mAP": 80.79835173659097, "Rank-1": 92.06997156143188, "Rank-5": 93.35277080535889, "Rank-10": 93.99417042732239}, "best_epoch": 1}
{"event": "epoch", "dataset": "RGBNT100", "epoch": 46, "steps": 132, "mean_loss": 0.7060669687661257, "seconds": 50.16715117399872, "official_fused": {"mAP": 80.70673374855339, "Rank-1": 92.12828278541565, "Rank-5": 93.29445958137512, "Rank-10": 94.05247569084167}, "best_epoch": 1}
{"event": "epoch", "dataset": "RGBNT100", "epoch": 47, "steps": 131, "mean_loss": 0.7060738219559648, "seconds": 49.97919437500241, "official_fused": {"mAP": 80.74143055142831, "Rank-1": 92.01166033744812, "Rank-5": 93.35277080535889, "Rank-10": 93.99417042732239}, "best_epoch": 1}
{"event": "epoch", "dataset": "RGBNT100", "epoch": 48, "steps": 130, "mean_loss": 0.706071503345783, "seconds": 49.60374118100299, "official_fused": {"mAP": 80.70741263336943, "Rank-1": 92.12828278541565, "Rank-5": 93.29445958137512, "Rank-10": 93.93585920333862}, "best_epoch": 1}
{"event": "epoch", "dataset": "RGBNT100", "epoch": 49, "steps": 132, "mean_loss": 0.706064835190773, "seconds": 49.990491044998635, "official_fused": {"mAP": 80.70497222162932, "Rank-1": 91.95335507392883, "Rank-5": 93.29445958137512, "Rank-10": 93.93585920333862}, "best_epoch": 1}
{"event": "epoch", "dataset": "RGBNT100", "epoch": 50, "steps": 130, "mean_loss": 0.7060641334607051, "seconds": 49.58972299600282, "official_fused": {"mAP": 80.69489999630173, "Rank-1": 91.95335507392883, "Rank-5": 93.23615431785583, "Rank-10": 93.87755393981934}, "best_epoch": 1}
