/data/gaob/Re-ID/conda-envs/tri_reid/lib/python3.10/site-packages/timm/models/helpers.py:7: FutureWarning: Importing from timm.models.helpers is deprecated, please import via timm.models
  warnings.warn(f"Importing from {__name__} is deprecated, please import via timm.models", FutureWarning)
/data/gaob/Re-ID/conda-envs/tri_reid/lib/python3.10/site-packages/timm/models/registry.py:4: FutureWarning: Importing from timm.models.registry is deprecated, please import via timm.models
  warnings.warn(f"Importing from {__name__} is deprecated, please import via timm.models", FutureWarning)
/data/gaob/Re-ID/conda-envs/tri_reid/lib/python3.10/site-packages/timm/models/layers/__init__.py:48: FutureWarning: Importing from timm.models.layers is deprecated, please import via timm.layers
  warnings.warn(f"Importing from {__name__} is deprecated, please import via timm.layers", FutureWarning)
建立transformer............
using Transformer_type: ViT-B-16 as a backbone
Resized position embedding: %s to %s torch.Size([197, 768]) torch.Size([129, 768])
Position embedding resize to height:16 width: 8
Successfully load ckpt!
<All keys matched successfully>
Loading pretrained model from CLIP
camera number is : 4
===========Building Signal===========
{"event": "epoch", "dataset": "RGBNT201", "epoch": 1, "steps": 8, "mean_loss": 5.129250347614288, "seconds": 7.173970385003486, "best_epoch": null}
{"status": "CAPTURED_BEFORE_ORIGINAL_M0_ASSERT", "missing_nonzero_gradient": ["roles.key_projections.2.weight", "roles.query_projections.2.weight"], "live_tensor_count": 125, "trainable_tensor_count": 127}
Traceback (most recent call last):
  File "/data/gaob/Re-ID/Trifusion/.codex_tmp/diagnose_slot_m0_gradient_20261001.py", line 58, in <module>
    slot.main()
  File "/data/gaob/Re-ID/Trifusion/tools/run_slot_competition_roles.py", line 84, in main
    entry.main()
  File "/data/gaob/Re-ID/Trifusion/tools/run_correspondence_context_identity.py", line 254, in main
    runner.main()
  File "/data/gaob/Re-ID/Trifusion/tools/run_correspondence_roles.py", line 295, in main
    train(args, protocol)
  File "/data/gaob/Re-ID/Trifusion/tools/run_correspondence_context_identity.py", line 149, in train
    assert live_parameters == set(named_parameters)
AssertionError
