/data/gaob/Re-ID/conda-envs/tri_reid/lib/python3.10/site-packages/timm/models/helpers.py:7: FutureWarning: Importing from timm.models.helpers is deprecated, please import via timm.models
  warnings.warn(f"Importing from {__name__} is deprecated, please import via timm.models", FutureWarning)
/data/gaob/Re-ID/conda-envs/tri_reid/lib/python3.10/site-packages/timm/models/registry.py:4: FutureWarning: Importing from timm.models.registry is deprecated, please import via timm.models
  warnings.warn(f"Importing from {__name__} is deprecated, please import via timm.models", FutureWarning)
/data/gaob/Re-ID/conda-envs/tri_reid/lib/python3.10/site-packages/timm/models/layers/__init__.py:48: FutureWarning: Importing from timm.models.layers is deprecated, please import via timm.layers
  warnings.warn(f"Importing from {__name__} is deprecated, please import via timm.layers", FutureWarning)
建立transformer............
using Transformer_type: ViT-B-16 as a backbone
Resized position embedding: %s to %s torch.Size([197, 768]) torch.Size([129, 768])
Position embedding resize to height:16 width: 8
Successfully load ckpt!
<All keys matched successfully>
Loading pretrained model from CLIP
camera number is : 4
===========Building Signal===========
{"event": "epoch", "dataset": "RGBNT201", "epoch": 1, "steps": 53, "mean_loss": 5.0117830960255745, "seconds": 28.17537574499147, "official_fused": {"mAP": 70.18033829748958, "Rank-1": 70.45454382896423, "Rank-5": 80.86124658584595, "Rank-10": 87.08133697509766}, "best_epoch": 1}
{"event": "epoch", "dataset": "RGBNT201", "epoch": 2, "steps": 53, "mean_loss": 4.173139612629728, "seconds": 26.482202128972858, "official_fused": {"mAP": 70.55517712510009, "Rank-1": 71.65071964263916, "Rank-5": 80.50239086151123, "Rank-10": 86.12440228462219}, "best_epoch": 2}
{"event": "epoch", "dataset": "RGBNT201", "epoch": 3, "steps": 53, "mean_loss": 2.8321967844693168, "seconds": 27.262240300013218, "official_fused": {"mAP": 69.15741601592086, "Rank-1": 68.66028904914856, "Rank-5": 79.66507077217102, "Rank-10": 84.80861186981201}, "best_epoch": 2}
{"event": "epoch", "dataset": "RGBNT201", "epoch": 4, "steps": 53, "mean_loss": 1.6358617296758688, "seconds": 27.440394718025345, "official_fused": {"mAP": 70.31233964230759, "Rank-1": 70.33492922782898, "Rank-5": 79.30622100830078, "Rank-10": 85.28708219528198}, "best_epoch": 2}
{"event": "epoch", "dataset": "RGBNT201", "epoch": 5, "steps": 53, "mean_loss": 1.0864129100205764, "seconds": 27.626450300973374, "official_fused": {"mAP": 68.86841082453621, "Rank-1": 68.66028904914856, "Rank-5": 78.70813608169556, "Rank-10": 83.85167717933655}, "best_epoch": 2}
{"event": "epoch", "dataset": "RGBNT201", "epoch": 6, "steps": 53, "mean_loss": 0.9492536378356645, "seconds": 27.186220084957313, "official_fused": {"mAP": 67.95621445030797, "Rank-1": 67.46411323547363, "Rank-5": 77.9904305934906, "Rank-10": 83.01435112953186}, "best_epoch": 2}
{"event": "epoch", "dataset": "RGBNT201", "epoch": 7, "steps": 53, "mean_loss": 0.9205430543647622, "seconds": 27.30166649998864, "official_fused": {"mAP": 66.26259262504936, "Rank-1": 65.43062329292297, "Rank-5": 73.56459498405457, "Rank-10": 82.17703104019165}, "best_epoch": 2}
{"event": "epoch", "dataset": "RGBNT201", "epoch": 8, "steps": 53, "mean_loss": 0.9103968480847916, "seconds": 26.935073456028476, "official_fused": {"mAP": 66.1686982683857, "Rank-1": 65.19138813018799, "Rank-5": 74.28229451179504, "Rank-10": 80.74162602424622}, "best_epoch": 2}
{"event": "epoch", "dataset": "RGBNT201", "epoch": 9, "steps": 53, "mean_loss": 0.9037352406753684, "seconds": 27.006250170990825, "official_fused": {"mAP": 68.64252508183117, "Rank-1": 67.82296895980835, "Rank-5": 76.55502557754517, "Rank-10": 83.73205661773682}, "best_epoch": 2}
{"event": "epoch", "dataset": "RGBNT201", "epoch": 10, "steps": 53, "mean_loss": 0.901437464750038, "seconds": 27.09138116898248, "official_fused": {"mAP": 68.52659256356809, "Rank-1": 67.22487807273865, "Rank-5": 77.87081599235535, "Rank-10": 84.56937670707703}, "best_epoch": 2}
{"event": "epoch", "dataset": "RGBNT201", "epoch": 11, "steps": 53, "mean_loss": 0.8942773791978944, "seconds": 26.9746218410437, "official_fused": {"mAP": 69.48002609296191, "Rank-1": 68.30143332481384, "Rank-5": 77.75119543075562, "Rank-10": 84.68899726867676}, "best_epoch": 2}
{"event": "epoch", "dataset": "RGBNT201", "epoch": 12, "steps": 53, "mean_loss": 0.8940038669784114, "seconds": 27.053373286034912, "official_fused": {"mAP": 68.94359609728758, "Rank-1": 68.06219816207886, "Rank-5": 76.19616985321045, "Rank-10": 84.09090638160706}, "best_epoch": 2}
{"event": "epoch", "dataset": "RGBNT201", "epoch": 13, "steps": 53, "mean_loss": 0.8923349031862223, "seconds": 27.332286741002463, "official_fused": {"mAP": 68.52964462094299, "Rank-1": 67.46411323547363, "Rank-5": 77.03348994255066, "Rank-10": 84.21052694320679}, "best_epoch": 2}
{"event": "epoch", "dataset": "RGBNT201", "epoch": 14, "steps": 53, "mean_loss": 0.8868838155044699, "seconds": 27.655337052012328, "official_fused": {"mAP": 67.10292292224287, "Rank-1": 66.0287082195282, "Rank-5": 74.64115023612976, "Rank-10": 79.904305934906}, "best_epoch": 2}
{"event": "epoch", "dataset": "RGBNT201", "epoch": 15, "steps": 53, "mean_loss": 0.8825010286187226, "seconds": 27.249423521978315, "official_fused": {"mAP": 69.1893701303849, "Rank-1": 69.25837397575378, "Rank-5": 77.9904305934906, "Rank-10": 85.76555252075195}, "best_epoch": 2}
{"event": "epoch", "dataset": "RGBNT201", "epoch": 16, "steps": 53, "mean_loss": 0.8837406579053627, "seconds": 27.116880360001232, "official_fused": {"mAP": 68.44275629744267, "Rank-1": 67.22487807273865, "Rank-5": 77.27272510528564, "Rank-10": 83.49282145500183}, "best_epoch": 2}
{"event": "epoch", "dataset": "RGBNT201", "epoch": 17, "steps": 53, "mean_loss": 0.8786680394748472, "seconds": 27.09190319402842, "official_fused": {"mAP": 68.39721276917167, "Rank-1": 68.66028904914856, "Rank-5": 77.27272510528564, "Rank-10": 84.56937670707703}, "best_epoch": 2}
{"event": "epoch", "dataset": "RGBNT201", "epoch": 18, "steps": 53, "mean_loss": 0.8772329373179741, "seconds": 27.31376485299552, "official_fused": {"mAP": 70.17338485159658, "Rank-1": 70.69377899169922, "Rank-5": 80.86124658584595, "Rank-10": 86.36363744735718}, "best_epoch": 2}
{"event": "epoch", "dataset": "RGBNT201", "epoch": 19, "steps": 53, "mean_loss": 0.877239520819682, "seconds": 27.362230408994947, "official_fused": {"mAP": 69.27061626414357, "Rank-1": 70.33492922782898, "Rank-5": 79.30622100830078, "Rank-10": 83.9712917804718}, "best_epoch": 2}
{"event": "epoch", "dataset": "RGBNT201", "epoch": 20, "steps": 53, "mean_loss": 0.8728142223268185, "seconds": 27.159590510011185, "official_fused": {"mAP": 70.08310153047893, "Rank-1": 71.17224931716919, "Rank-5": 81.22009634971619, "Rank-10": 87.32057213783264}, "best_epoch": 2}
{"event": "epoch", "dataset": "RGBNT201", "epoch": 21, "steps": 53, "mean_loss": 0.8718566759577338, "seconds": 27.1548968150164, "official_fused": {"mAP": 69.74426762716122, "Rank-1": 71.17224931716919, "Rank-5": 79.18660044670105, "Rank-10": 84.80861186981201}, "best_epoch": 2}
{"event": "epoch", "dataset": "RGBNT201", "epoch": 22, "steps": 53, "mean_loss": 0.8705371505809281, "seconds": 27.061592674988788, "official_fused": {"mAP": 68.94153600575106, "Rank-1": 68.66028904914856, "Rank-5": 78.11004519462585, "Rank-10": 84.33014154434204}, "best_epoch": 2}
{"event": "epoch", "dataset": "RGBNT201", "epoch": 23, "steps": 53, "mean_loss": 0.8711085881827012, "seconds": 27.482453964999877, "official_fused": {"mAP": 68.66556039734138, "Rank-1": 68.30143332481384, "Rank-5": 78.22966575622559, "Rank-10": 83.85167717933655}, "best_epoch": 2}
{"event": "epoch", "dataset": "RGBNT201", "epoch": 24, "steps": 53, "mean_loss": 0.8685063967164958, "seconds": 27.364922348991968, "official_fused": {"mAP": 68.58895772342215, "Rank-1": 69.0191388130188, "Rank-5": 77.9904305934906, "Rank-10": 83.9712917804718}, "best_epoch": 2}
{"event": "epoch", "dataset": "RGBNT201", "epoch": 25, "steps": 53, "mean_loss": 0.8671356428344295, "seconds": 27.084693595999852, "official_fused": {"mAP": 69.5698326867723, "Rank-1": 70.45454382896423, "Rank-5": 80.14354109764099, "Rank-10": 85.28708219528198}, "best_epoch": 2}
{"event": "epoch", "dataset": "RGBNT201", "epoch": 26, "steps": 53, "mean_loss": 0.8649175425745407, "seconds": 27.11362869903678, "official_fused": {"mAP": 70.38089610285212, "Rank-1": 70.69377899169922, "Rank-5": 81.22009634971619, "Rank-10": 86.36363744735718}, "best_epoch": 2}
{"event": "epoch", "dataset": "RGBNT201", "epoch": 27, "steps": 53, "mean_loss": 0.86362117641377, "seconds": 27.15759922901634, "official_fused": {"mAP": 69.52563932293292, "Rank-1": 70.9330141544342, "Rank-5": 79.42583560943604, "Rank-10": 86.12440228462219}, "best_epoch": 2}
{"event": "epoch", "dataset": "RGBNT201", "epoch": 28, "steps": 53, "mean_loss": 0.8615906699648443, "seconds": 27.072499082016293, "official_fused": {"mAP": 70.2229485145079, "Rank-1": 70.81339955329895, "Rank-5": 80.26315569877625, "Rank-10": 87.32057213783264}, "best_epoch": 2}
{"event": "epoch", "dataset": "RGBNT201", "epoch": 29, "steps": 53, "mean_loss": 0.8613943277664904, "seconds": 27.29248716100119, "official_fused": {"mAP": 69.55015527553398, "Rank-1": 70.57416439056396, "Rank-5": 80.62201142311096, "Rank-10": 86.60287261009216}, "best_epoch": 2}
{"event": "epoch", "dataset": "RGBNT201", "epoch": 30, "steps": 53, "mean_loss": 0.8615071796021372, "seconds": 27.211281925963704, "official_fused": {"mAP": 70.65092038585932, "Rank-1": 72.36841917037964, "Rank-5": 81.57894611358643, "Rank-10": 86.60287261009216}, "best_epoch": 30}
{"event": "epoch", "dataset": "RGBNT201", "epoch": 31, "steps": 53, "mean_loss": 0.8609498975411901, "seconds": 27.20202046702616, "official_fused": {"mAP": 70.05419821615533, "Rank-1": 70.9330141544342, "Rank-5": 80.14354109764099, "Rank-10": 85.28708219528198}, "best_epoch": 30}
{"event": "epoch", "dataset": "RGBNT201", "epoch": 32, "steps": 53, "mean_loss": 0.858603908205932, "seconds": 27.139884214964695, "official_fused": {"mAP": 70.19921275625587, "Rank-1": 71.17224931716919, "Rank-5": 80.14354109764099, "Rank-10": 85.76555252075195}, "best_epoch": 30}
{"event": "epoch", "dataset": "RGBNT201", "epoch": 33, "steps": 53, "mean_loss": 0.857955311829189, "seconds": 27.014063897018787, "official_fused": {"mAP": 69.7080076850462, "Rank-1": 70.33492922782898, "Rank-5": 80.62201142311096, "Rank-10": 86.00478172302246}, "best_epoch": 30}
{"event": "epoch", "dataset": "RGBNT201", "epoch": 34, "steps": 53, "mean_loss": 0.8575455647594524, "seconds": 27.55758220498683, "official_fused": {"mAP": 69.45973477662734, "Rank-1": 69.61722373962402, "Rank-5": 79.78469133377075, "Rank-10": 84.80861186981201}, "best_epoch": 30}
{"event": "epoch", "dataset": "RGBNT201", "epoch": 35, "steps": 53, "mean_loss": 0.8564446152381178, "seconds": 26.827376159024425, "official_fused": {"mAP": 69.29960675651479, "Rank-1": 70.095694065094, "Rank-5": 79.66507077217102, "Rank-10": 85.76555252075195}, "best_epoch": 30}
{"event": "epoch", "dataset": "RGBNT201", "epoch": 36, "steps": 53, "mean_loss": 0.8558738838951543, "seconds": 27.03375257801963, "official_fused": {"mAP": 68.94478777202666, "Rank-1": 70.45454382896423, "Rank-5": 79.904305934906, "Rank-10": 85.40669679641724}, "best_epoch": 30}
{"event": "epoch", "dataset": "RGBNT201", "epoch": 37, "steps": 53, "mean_loss": 0.8562397810648072, "seconds": 27.59766067599412, "official_fused": {"mAP": 69.89300518971012, "Rank-1": 71.17224931716919, "Rank-5": 81.22009634971619, "Rank-10": 86.24401688575745}, "best_epoch": 30}
{"event": "epoch", "dataset": "RGBNT201", "epoch": 38, "steps": 53, "mean_loss": 0.8546525206205979, "seconds": 26.82674752199091, "official_fused": {"mAP": 69.95935298528238, "Rank-1": 70.21530866622925, "Rank-5": 81.45933151245117, "Rank-10": 86.48325204849243}, "best_epoch": 30}
{"event": "epoch", "dataset": "RGBNT201", "epoch": 39, "steps": 53, "mean_loss": 0.8543681603557659, "seconds": 26.901330830005463, "official_fused": {"mAP": 69.03388415648335, "Rank-1": 69.25837397575378, "Rank-5": 79.54545617103577, "Rank-10": 86.00478172302246}, "best_epoch": 30}
{"event": "epoch", "dataset": "RGBNT201", "epoch": 40, "steps": 53, "mean_loss": 0.8550678187946104, "seconds": 26.820464845979586, "official_fused": {"mAP": 69.6474628382163, "Rank-1": 70.57416439056396, "Rank-5": 80.26315569877625, "Rank-10": 85.8851671218872}, "best_epoch": 30}
{"event": "epoch", "dataset": "RGBNT201", "epoch": 41, "steps": 53, "mean_loss": 0.8537201037946737, "seconds": 27.148060202016495, "official_fused": {"mAP": 70.09585085348763, "Rank-1": 71.29186391830444, "Rank-5": 80.02392053604126, "Rank-10": 85.8851671218872}, "best_epoch": 30}
{"event": "epoch", "dataset": "RGBNT201", "epoch": 42, "steps": 53, "mean_loss": 0.8537204535502307, "seconds": 26.785078149987385, "official_fused": {"mAP": 69.75747512236215, "Rank-1": 70.57416439056396, "Rank-5": 80.50239086151123, "Rank-10": 85.40669679641724}, "best_epoch": 30}
{"event": "epoch", "dataset": "RGBNT201", "epoch": 43, "steps": 53, "mean_loss": 0.8528353223260844, "seconds": 26.92785742500564, "official_fused": {"mAP": 69.75375242689333, "Rank-1": 70.9330141544342, "Rank-5": 80.50239086151123, "Rank-10": 85.28708219528198}, "best_epoch": 30}
{"event": "epoch", "dataset": "RGBNT201", "epoch": 44, "steps": 53, "mean_loss": 0.8528609062140843, "seconds": 27.01543510198826, "official_fused": {"mAP": 69.65121151619316, "Rank-1": 70.69377899169922, "Rank-5": 80.26315569877625, "Rank-10": 85.64593195915222}, "best_epoch": 30}
{"event": "epoch", "dataset": "RGBNT201", "epoch": 45, "steps": 53, "mean_loss": 0.8524572972981435, "seconds": 27.134436997002922, "official_fused": {"mAP": 69.63126164795148, "Rank-1": 70.9330141544342, "Rank-5": 80.14354109764099, "Rank-10": 85.8851671218872}, "best_epoch": 30}
{"event": "epoch", "dataset": "RGBNT201", "epoch": 46, "steps": 52, "mean_loss": 0.8525319431836789, "seconds": 26.652934390003793, "official_fused": {"mAP": 69.55548017284246, "Rank-1": 70.45454382896423, "Rank-5": 79.904305934906, "Rank-10": 85.64593195915222}, "best_epoch": 30}
{"event": "epoch", "dataset": "RGBNT201", "epoch": 47, "steps": 53, "mean_loss": 0.8522545009289147, "seconds": 27.160490337992087, "official_fused": {"mAP": 69.61126110877636, "Rank-1": 70.33492922782898, "Rank-5": 79.904305934906, "Rank-10": 85.52631735801697}, "best_epoch": 30}
{"event": "epoch", "dataset": "RGBNT201", "epoch": 48, "steps": 53, "mean_loss": 0.852480245086382, "seconds": 27.556792607996613, "official_fused": {"mAP": 69.63175659457744, "Rank-1": 70.21530866622925, "Rank-5": 80.02392053604126, "Rank-10": 85.52631735801697}, "best_epoch": 30}
{"event": "epoch", "dataset": "RGBNT201", "epoch": 49, "steps": 53, "mean_loss": 0.8522753231930282, "seconds": 26.955359238025267, "official_fused": {"mAP": 69.62391673319377, "Rank-1": 70.21530866622925, "Rank-5": 80.02392053604126, "Rank-10": 85.52631735801697}, "best_epoch": 30}
{"event": "epoch", "dataset": "RGBNT201", "epoch": 50, "steps": 53, "mean_loss": 0.8525439287131688, "seconds": 27.194601016992237, "official_fused": {"mAP": 69.62064268967939, "Rank-1": 70.21530866622925, "Rank-5": 80.02392053604126, "Rank-10": 85.52631735801697}, "best_epoch": 30}
