/data/gaob/Re-ID/conda-envs/tri_reid/lib/python3.10/site-packages/timm/models/helpers.py:7: FutureWarning: Importing from timm.models.helpers is deprecated, please import via timm.models
  warnings.warn(f"Importing from {__name__} is deprecated, please import via timm.models", FutureWarning)
/data/gaob/Re-ID/conda-envs/tri_reid/lib/python3.10/site-packages/timm/models/registry.py:4: FutureWarning: Importing from timm.models.registry is deprecated, please import via timm.models
  warnings.warn(f"Importing from {__name__} is deprecated, please import via timm.models", FutureWarning)
/data/gaob/Re-ID/conda-envs/tri_reid/lib/python3.10/site-packages/timm/models/layers/__init__.py:48: FutureWarning: Importing from timm.models.layers is deprecated, please import via timm.layers
  warnings.warn(f"Importing from {__name__} is deprecated, please import via timm.layers", FutureWarning)
建立transformer............
using Transformer_type: ViT-B-16 as a backbone
Resized position embedding: %s to %s torch.Size([197, 768]) torch.Size([129, 768])
Position embedding resize to height:8 width: 16
Successfully load ckpt!
<All keys matched successfully>
Loading pretrained model from CLIP
camera number is : 8
===========Building Signal===========
{"event": "epoch", "dataset": "RGBNT100", "epoch": 1, "steps": 130, "mean_loss": 2.5177168855300316, "seconds": 51.46556407600292, "official_fused": {"mAP": 85.10006074029585, "Rank-1": 95.10204195976257, "Rank-5": 95.68513035774231, "Rank-10": 96.03498578071594}, "best_epoch": 1}
{"event": "epoch", "dataset": "RGBNT100", "epoch": 2, "steps": 131, "mean_loss": 0.8849549225268473, "seconds": 50.455947100999765, "official_fused": {"mAP": 84.5370488542637, "Rank-1": 95.86005806922913, "Rank-5": 96.67638540267944, "Rank-10": 97.14285731315613}, "best_epoch": 1}
{"event": "epoch", "dataset": "RGBNT100", "epoch": 3, "steps": 132, "mean_loss": 0.7270091731439937, "seconds": 50.78130729800614, "official_fused": {"mAP": 82.34276804671626, "Rank-1": 96.26821875572205, "Rank-5": 96.96792960166931, "Rank-10": 97.14285731315613}, "best_epoch": 1}
{"event": "epoch", "dataset": "RGBNT100", "epoch": 4, "steps": 131, "mean_loss": 0.7172967095411461, "seconds": 50.82529847700789, "official_fused": {"mAP": 81.20180014580576, "Rank-1": 94.34402585029602, "Rank-5": 95.27696967124939, "Rank-10": 95.5102026462555}, "best_epoch": 1}
{"event": "epoch", "dataset": "RGBNT100", "epoch": 5, "steps": 132, "mean_loss": 0.7121158626043436, "seconds": 51.365846583998064, "official_fused": {"mAP": 81.65542992544366, "Rank-1": 94.69387531280518, "Rank-5": 95.68513035774231, "Rank-10": 95.80174684524536}, "best_epoch": 1}
{"event": "epoch", "dataset": "RGBNT100", "epoch": 6, "steps": 131, "mean_loss": 0.7105043275665691, "seconds": 50.9155792100064, "official_fused": {"mAP": 82.4194562781705, "Rank-1": 94.63557004928589, "Rank-5": 95.80174684524536, "Rank-10": 96.32652997970581}, "best_epoch": 1}
{"event": "epoch", "dataset": "RGBNT100", "epoch": 7, "steps": 132, "mean_loss": 0.7082795284011147, "seconds": 51.507040711003356, "official_fused": {"mAP": 82.1996008742693, "Rank-1": 94.75218653678894, "Rank-5": 95.21865844726562, "Rank-10": 95.62682509422302}, "best_epoch": 1}
{"event": "epoch", "dataset": "RGBNT100", "epoch": 8, "steps": 131, "mean_loss": 0.7078504180180207, "seconds": 50.96773203999328, "official_fused": {"mAP": 82.46309597021637, "Rank-1": 94.40233111381531, "Rank-5": 95.16034722328186, "Rank-10": 95.74344158172607}, "best_epoch": 1}
{"event": "epoch", "dataset": "RGBNT100", "epoch": 9, "steps": 130, "mean_loss": 0.7079842113531553, "seconds": 50.7024311159912, "official_fused": {"mAP": 82.38355279248829, "Rank-1": 94.46064233779907, "Rank-5": 95.16034722328186, "Rank-10": 95.56851387023926}, "best_epoch": 1}
{"event": "epoch", "dataset": "RGBNT100", "epoch": 10, "steps": 132, "mean_loss": 0.7075080140070482, "seconds": 51.348456914987764, "official_fused": {"mAP": 82.18976477138762, "Rank-1": 94.34402585029602, "Rank-5": 94.98542547225952, "Rank-10": 95.4518973827362}, "best_epoch": 1}
{"event": "epoch", "dataset": "RGBNT100", "epoch": 11, "steps": 131, "mean_loss": 0.7073690804816385, "seconds": 51.21566850200179, "official_fused": {"mAP": 82.68008548556828, "Rank-1": 94.92711424827576, "Rank-5": 95.74344158172607, "Rank-10": 96.0932970046997}, "best_epoch": 1}
{"event": "epoch", "dataset": "RGBNT100", "epoch": 12, "steps": 131, "mean_loss": 0.7073777622848977, "seconds": 50.81531303499651, "official_fused": {"mAP": 82.11445267790279, "Rank-1": 94.22740340232849, "Rank-5": 95.10204195976257, "Rank-10": 95.33527493476868}, "best_epoch": 1}
{"event": "epoch", "dataset": "RGBNT100", "epoch": 13, "steps": 131, "mean_loss": 0.7073490019063003, "seconds": 50.613999812005204, "official_fused": {"mAP": 82.21813470715304, "Rank-1": 93.99417042732239, "Rank-5": 94.92711424827576, "Rank-10": 95.5102026462555}, "best_epoch": 1}
{"event": "epoch", "dataset": "RGBNT100", "epoch": 14, "steps": 132, "mean_loss": 0.7074980528065653, "seconds": 51.38910412399855, "official_fused": {"mAP": 82.1776954469407, "Rank-1": 93.93585920333862, "Rank-5": 94.8104977607727, "Rank-10": 95.04373073577881}, "best_epoch": 1}
{"event": "epoch", "dataset": "RGBNT100", "epoch": 15, "steps": 129, "mean_loss": 0.7071989349616591, "seconds": 50.31279168800393, "official_fused": {"mAP": 81.8816972803954, "Rank-1": 93.58600378036499, "Rank-5": 94.34402585029602, "Rank-10": 95.04373073577881}, "best_epoch": 1}
{"event": "epoch", "dataset": "RGBNT100", "epoch": 16, "steps": 131, "mean_loss": 0.7071719292465967, "seconds": 50.830255748995114, "official_fused": {"mAP": 81.71376311471111, "Rank-1": 93.64431500434875, "Rank-5": 94.40233111381531, "Rank-10": 95.10204195976257}, "best_epoch": 1}
{"event": "epoch", "dataset": "RGBNT100", "epoch": 17, "steps": 132, "mean_loss": 0.7070075910199772, "seconds": 51.1091512300045, "official_fused": {"mAP": 81.91813575075186, "Rank-1": 94.28571462631226, "Rank-5": 95.16034722328186, "Rank-10": 95.68513035774231}, "best_epoch": 1}
{"event": "epoch", "dataset": "RGBNT100", "epoch": 18, "steps": 132, "mean_loss": 0.7071684725356825, "seconds": 51.10583628198947, "official_fused": {"mAP": 82.69441429229111, "Rank-1": 93.70262622833252, "Rank-5": 94.46064233779907, "Rank-10": 95.16034722328186}, "best_epoch": 1}
{"event": "epoch", "dataset": "RGBNT100", "epoch": 19, "steps": 132, "mean_loss": 0.7071501824891928, "seconds": 50.6414794690063, "official_fused": {"mAP": 81.98098907869513, "Rank-1": 93.87755393981934, "Rank-5": 94.92711424827576, "Rank-10": 95.16034722328186}, "best_epoch": 1}
{"event": "epoch", "dataset": "RGBNT100", "epoch": 20, "steps": 132, "mean_loss": 0.7082250402732329, "seconds": 51.09528152200801, "official_fused": {"mAP": 83.2050207605698, "Rank-1": 94.75218653678894, "Rank-5": 95.5102026462555, "Rank-10": 95.91836929321289}, "best_epoch": 1}
{"event": "epoch", "dataset": "RGBNT100", "epoch": 21, "steps": 131, "mean_loss": 0.7098679105744107, "seconds": 50.866118869991624, "official_fused": {"mAP": 82.47954823668486, "Rank-1": 94.28571462631226, "Rank-5": 94.98542547225952, "Rank-10": 95.39358615875244}, "best_epoch": 1}
{"event": "epoch", "dataset": "RGBNT100", "epoch": 22, "steps": 132, "mean_loss": 0.7075505229559812, "seconds": 50.980731810006546, "official_fused": {"mAP": 82.85749023580584, "Rank-1": 94.69387531280518, "Rank-5": 94.92711424827576, "Rank-10": 95.56851387023926}, "best_epoch": 1}
{"event": "epoch", "dataset": "RGBNT100", "epoch": 23, "steps": 131, "mean_loss": 0.707271266074581, "seconds": 50.65292312699603, "official_fused": {"mAP": 83.0951215728112, "Rank-1": 94.92711424827576, "Rank-5": 95.68513035774231, "Rank-10": 95.91836929321289}, "best_epoch": 1}
{"event": "epoch", "dataset": "RGBNT100", "epoch": 24, "steps": 130, "mean_loss": 0.7071498806659992, "seconds": 50.19167833699612, "official_fused": {"mAP": 83.07569032284357, "Rank-1": 94.75218653678894, "Rank-5": 95.21865844726562, "Rank-10": 95.39358615875244}, "best_epoch": 1}
{"event": "epoch", "dataset": "RGBNT100", "epoch": 25, "steps": 132, "mean_loss": 0.7070530752340952, "seconds": 51.360227793004015, "official_fused": {"mAP": 83.2564480567192, "Rank-1": 95.16034722328186, "Rank-5": 95.5102026462555, "Rank-10": 95.74344158172607}, "best_epoch": 1}
{"event": "epoch", "dataset": "RGBNT100", "epoch": 26, "steps": 131, "mean_loss": 0.7067910250816637, "seconds": 50.488231256007566, "official_fused": {"mAP": 83.01234386692894, "Rank-1": 94.8104977607727, "Rank-5": 95.10204195976257, "Rank-10": 95.56851387023926}, "best_epoch": 1}
{"event": "epoch", "dataset": "RGBNT100", "epoch": 27, "steps": 131, "mean_loss": 0.706725346678086, "seconds": 50.95715586800361, "official_fused": {"mAP": 82.99070494782396, "Rank-1": 94.69387531280518, "Rank-5": 95.16034722328186, "Rank-10": 95.5102026462555}, "best_epoch": 1}
{"event": "epoch", "dataset": "RGBNT100", "epoch": 28, "steps": 130, "mean_loss": 0.7070920394017146, "seconds": 50.29152875300497, "official_fused": {"mAP": 82.92334170298327, "Rank-1": 95.10204195976257, "Rank-5": 95.4518973827362, "Rank-10": 95.91836929321289}, "best_epoch": 1}
{"event": "epoch", "dataset": "RGBNT100", "epoch": 29, "steps": 131, "mean_loss": 0.7069410449675931, "seconds": 50.976411990006454, "official_fused": {"mAP": 82.49764836074566, "Rank-1": 94.46064233779907, "Rank-5": 95.10204195976257, "Rank-10": 95.68513035774231}, "best_epoch": 1}
{"event": "epoch", "dataset": "RGBNT100", "epoch": 30, "steps": 132, "mean_loss": 0.706582502433748, "seconds": 51.2669938459876, "official_fused": {"mAP": 82.67317095055816, "Rank-1": 94.22740340232849, "Rank-5": 94.92711424827576, "Rank-10": 95.27696967124939}, "best_epoch": 1}
{"event": "epoch", "dataset": "RGBNT100", "epoch": 31, "steps": 131, "mean_loss": 0.7065480264998575, "seconds": 50.65767745800258, "official_fused": {"mAP": 82.74829851711888, "Rank-1": 94.40233111381531, "Rank-5": 94.98542547225952, "Rank-10": 95.68513035774231}, "best_epoch": 1}
{"event": "epoch", "dataset": "RGBNT100", "epoch": 32, "steps": 131, "mean_loss": 0.7065398251737347, "seconds": 50.763884366009734, "official_fused": {"mAP": 82.41413384728796, "Rank-1": 94.28571462631226, "Rank-5": 94.98542547225952, "Rank-10": 95.4518973827362}, "best_epoch": 1}
{"event": "epoch", "dataset": "RGBNT100", "epoch": 33, "steps": 131, "mean_loss": 0.7063726646299581, "seconds": 50.88701056499849, "official_fused": {"mAP": 82.40518769407387, "Rank-1": 94.05247569084167, "Rank-5": 94.8104977607727, "Rank-10": 95.16034722328186}, "best_epoch": 1}
{"event": "epoch", "dataset": "RGBNT100", "epoch": 34, "steps": 132, "mean_loss": 0.7063455057866646, "seconds": 50.97466453300149, "official_fused": {"mAP": 82.42368092903308, "Rank-1": 94.34402585029602, "Rank-5": 94.75218653678894, "Rank-10": 95.33527493476868}, "best_epoch": 1}
{"event": "epoch", "dataset": "RGBNT100", "epoch": 35, "steps": 132, "mean_loss": 0.7062949411796801, "seconds": 50.57686052500503, "official_fused": {"mAP": 82.12975380622785, "Rank-1": 93.93585920333862, "Rank-5": 94.34402585029602, "Rank-10": 94.8104977607727}, "best_epoch": 1}
{"event": "epoch", "dataset": "RGBNT100", "epoch": 36, "steps": 130, "mean_loss": 0.7062876540880937, "seconds": 50.133341344000655, "official_fused": {"mAP": 82.2262672816929, "Rank-1": 93.93585920333862, "Rank-5": 94.40233111381531, "Rank-10": 94.75218653678894}, "best_epoch": 1}
{"event": "epoch", "dataset": "RGBNT100", "epoch": 37, "steps": 131, "mean_loss": 0.7062689411731167, "seconds": 50.70532866100257, "official_fused": {"mAP": 82.24155740598378, "Rank-1": 94.05247569084167, "Rank-5": 94.63557004928589, "Rank-10": 94.98542547225952}, "best_epoch": 1}
{"event": "epoch", "dataset": "RGBNT100", "epoch": 38, "steps": 132, "mean_loss": 0.7062116287874453, "seconds": 50.855148684000596, "official_fused": {"mAP": 82.20633798424592, "Rank-1": 94.1690981388092, "Rank-5": 94.46064233779907, "Rank-10": 95.16034722328186}, "best_epoch": 1}
{"event": "epoch", "dataset": "RGBNT100", "epoch": 39, "steps": 130, "mean_loss": 0.7062010146104373, "seconds": 50.508637514009024, "official_fused": {"mAP": 82.15088046466174, "Rank-1": 93.93585920333862, "Rank-5": 94.46064233779907, "Rank-10": 94.92711424827576}, "best_epoch": 1}
{"event": "epoch", "dataset": "RGBNT100", "epoch": 40, "steps": 131, "mean_loss": 0.706176238660594, "seconds": 50.81663668299734, "official_fused": {"mAP": 81.96490804467066, "Rank-1": 93.87755393981934, "Rank-5": 94.57725882530212, "Rank-10": 95.04373073577881}, "best_epoch": 1}
{"event": "epoch", "dataset": "RGBNT100", "epoch": 41, "steps": 131, "mean_loss": 0.7061689746288853, "seconds": 50.89991108200047, "official_fused": {"mAP": 81.89569377303742, "Rank-1": 93.93585920333862, "Rank-5": 94.63557004928589, "Rank-10": 95.16034722328186}, "best_epoch": 1}
{"event": "epoch", "dataset": "RGBNT100", "epoch": 42, "steps": 132, "mean_loss": 0.706139581673073, "seconds": 50.98834542700206, "official_fused": {"mAP": 82.04077724761409, "Rank-1": 94.05247569084167, "Rank-5": 94.34402585029602, "Rank-10": 94.92711424827576}, "best_epoch": 1}
{"event": "epoch", "dataset": "RGBNT100", "epoch": 43, "steps": 131, "mean_loss": 0.7061308499510962, "seconds": 50.77969144699455, "official_fused": {"mAP": 81.99008041742701, "Rank-1": 94.22740340232849, "Rank-5": 94.69387531280518, "Rank-10": 95.10204195976257}, "best_epoch": 1}
{"event": "epoch", "dataset": "RGBNT100", "epoch": 44, "steps": 131, "mean_loss": 0.7061261543790802, "seconds": 50.92770282400306, "official_fused": {"mAP": 81.78636818854383, "Rank-1": 93.99417042732239, "Rank-5": 94.40233111381531, "Rank-10": 94.63557004928589}, "best_epoch": 1}
{"event": "epoch", "dataset": "RGBNT100", "epoch": 45, "steps": 132, "mean_loss": 0.7061166361425862, "seconds": 51.25160373399558, "official_fused": {"mAP": 81.80724289157415, "Rank-1": 93.87755393981934, "Rank-5": 94.28571462631226, "Rank-10": 94.63557004928589}, "best_epoch": 1}
{"event": "epoch", "dataset": "RGBNT100", "epoch": 46, "steps": 132, "mean_loss": 0.706112262877551, "seconds": 51.121854270997574, "official_fused": {"mAP": 81.81206234566265, "Rank-1": 93.93585920333862, "Rank-5": 94.34402585029602, "Rank-10": 94.63557004928589}, "best_epoch": 1}
{"event": "epoch", "dataset": "RGBNT100", "epoch": 47, "steps": 131, "mean_loss": 0.7061202294043912, "seconds": 50.32032414499554, "official_fused": {"mAP": 81.82627591131914, "Rank-1": 93.87755393981934, "Rank-5": 94.28571462631226, "Rank-10": 94.63557004928589}, "best_epoch": 1}
{"event": "epoch", "dataset": "RGBNT100", "epoch": 48, "steps": 130, "mean_loss": 0.7061134883990654, "seconds": 49.734778370999265, "official_fused": {"mAP": 81.80004023630926, "Rank-1": 93.70262622833252, "Rank-5": 94.1690981388092, "Rank-10": 94.46064233779907}, "best_epoch": 1}
{"event": "epoch", "dataset": "RGBNT100", "epoch": 49, "steps": 132, "mean_loss": 0.7061073093703298, "seconds": 50.81303045900131, "official_fused": {"mAP": 81.81390654319415, "Rank-1": 93.7609314918518, "Rank-5": 94.22740340232849, "Rank-10": 94.57725882530212}, "best_epoch": 1}
{"event": "epoch", "dataset": "RGBNT100", "epoch": 50, "steps": 130, "mean_loss": 0.7061078475071834, "seconds": 49.82515101401077, "official_fused": {"mAP": 81.80500322653627, "Rank-1": 93.7609314918518, "Rank-5": 94.1690981388092, "Rank-10": 94.51894760131836}, "best_epoch": 1}
