/data/gaob/Re-ID/conda-envs/tri_reid/lib/python3.10/site-packages/timm/models/helpers.py:7: FutureWarning: Importing from timm.models.helpers is deprecated, please import via timm.models
  warnings.warn(f"Importing from {__name__} is deprecated, please import via timm.models", FutureWarning)
/data/gaob/Re-ID/conda-envs/tri_reid/lib/python3.10/site-packages/timm/models/registry.py:4: FutureWarning: Importing from timm.models.registry is deprecated, please import via timm.models
  warnings.warn(f"Importing from {__name__} is deprecated, please import via timm.models", FutureWarning)
/data/gaob/Re-ID/conda-envs/tri_reid/lib/python3.10/site-packages/timm/models/layers/__init__.py:48: FutureWarning: Importing from timm.models.layers is deprecated, please import via timm.layers
  warnings.warn(f"Importing from {__name__} is deprecated, please import via timm.layers", FutureWarning)
建立transformer............
using Transformer_type: ViT-B-16 as a backbone
Resized position embedding: %s to %s torch.Size([197, 768]) torch.Size([129, 768])
Position embedding resize to height:8 width: 16
Successfully load ckpt!
<All keys matched successfully>
Loading pretrained model from CLIP
camera number is : 8
===========Building Signal===========
{"event": "epoch", "dataset": "RGBNT100", "epoch": 1, "steps": 130, "mean_loss": 3.391636008482713, "seconds": 62.70040424300532, "official_fused": {"mAP": 66.16009946551284, "Rank-1": 86.58891916275024, "Rank-5": 88.74635696411133, "Rank-10": 90.08746147155762}, "best_epoch": 1}
{"event": "epoch", "dataset": "RGBNT100", "epoch": 2, "steps": 131, "mean_loss": 1.3532588072405516, "seconds": 62.01954657101305, "official_fused": {"mAP": 78.43461176182433, "Rank-1": 94.51894760131836, "Rank-5": 95.74344158172607, "Rank-10": 96.44314646720886}, "best_epoch": 2}
{"event": "epoch", "dataset": "RGBNT100", "epoch": 3, "steps": 132, "mean_loss": 0.8249063491821289, "seconds": 63.24958220600092, "official_fused": {"mAP": 78.49127361133196, "Rank-1": 93.87755393981934, "Rank-5": 95.10204195976257, "Rank-10": 95.56851387023926}, "best_epoch": 3}
{"event": "epoch", "dataset": "RGBNT100", "epoch": 4, "steps": 131, "mean_loss": 0.7630605297234222, "seconds": 62.551403587989626, "official_fused": {"mAP": 77.60150864082556, "Rank-1": 94.92711424827576, "Rank-5": 95.68513035774231, "Rank-10": 96.20991349220276}, "best_epoch": 3}
{"event": "epoch", "dataset": "RGBNT100", "epoch": 5, "steps": 132, "mean_loss": 0.7396363606958678, "seconds": 62.875511855003424, "official_fused": {"mAP": 77.06949940147977, "Rank-1": 94.75218653678894, "Rank-5": 95.74344158172607, "Rank-10": 96.03498578071594}, "best_epoch": 3}
{"event": "epoch", "dataset": "RGBNT100", "epoch": 6, "steps": 131, "mean_loss": 0.7288186704839459, "seconds": 63.03357207700901, "official_fused": {"mAP": 76.21594456331884, "Rank-1": 94.22740340232849, "Rank-5": 95.80174684524536, "Rank-10": 96.55976891517639}, "best_epoch": 3}
{"event": "epoch", "dataset": "RGBNT100", "epoch": 7, "steps": 132, "mean_loss": 0.7219958458886002, "seconds": 63.2753679479938, "official_fused": {"mAP": 76.4351585414511, "Rank-1": 95.39358615875244, "Rank-5": 96.151602268219, "Rank-10": 96.73469662666321}, "best_epoch": 3}
{"event": "epoch", "dataset": "RGBNT100", "epoch": 8, "steps": 131, "mean_loss": 0.7210960283534218, "seconds": 62.51877457901719, "official_fused": {"mAP": 76.01430971862476, "Rank-1": 94.11078691482544, "Rank-5": 95.04373073577881, "Rank-10": 95.39358615875244}, "best_epoch": 3}
{"event": "epoch", "dataset": "RGBNT100", "epoch": 9, "steps": 130, "mean_loss": 0.7181587943663964, "seconds": 62.03411252802471, "official_fused": {"mAP": 75.87794492836619, "Rank-1": 95.16034722328186, "Rank-5": 95.80174684524536, "Rank-10": 96.38484120368958}, "best_epoch": 3}
{"event": "epoch", "dataset": "RGBNT100", "epoch": 10, "steps": 132, "mean_loss": 0.7148917728301251, "seconds": 63.024822759995004, "official_fused": {"mAP": 76.15339094029738, "Rank-1": 93.87755393981934, "Rank-5": 94.8104977607727, "Rank-10": 95.80174684524536}, "best_epoch": 3}
{"event": "epoch", "dataset": "RGBNT100", "epoch": 11, "steps": 131, "mean_loss": 0.7121694552079412, "seconds": 62.45019630299066, "official_fused": {"mAP": 77.27939853756052, "Rank-1": 94.05247569084167, "Rank-5": 95.04373073577881, "Rank-10": 95.68513035774231}, "best_epoch": 3}
{"event": "epoch", "dataset": "RGBNT100", "epoch": 12, "steps": 131, "mean_loss": 0.7111629579813425, "seconds": 62.488773062999826, "official_fused": {"mAP": 77.18457706435665, "Rank-1": 94.34402585029602, "Rank-5": 95.5102026462555, "Rank-10": 96.32652997970581}, "best_epoch": 3}
{"event": "epoch", "dataset": "RGBNT100", "epoch": 13, "steps": 131, "mean_loss": 0.7103155482816332, "seconds": 63.1121361280093, "official_fused": {"mAP": 76.95477016320945, "Rank-1": 93.93585920333862, "Rank-5": 95.16034722328186, "Rank-10": 95.86005806922913}, "best_epoch": 3}
{"event": "epoch", "dataset": "RGBNT100", "epoch": 14, "steps": 132, "mean_loss": 0.7245688284888412, "seconds": 62.88689291800256, "official_fused": {"mAP": 73.1909502612578, "Rank-1": 94.34402585029602, "Rank-5": 95.39358615875244, "Rank-10": 95.91836929321289}, "best_epoch": 3}
{"event": "epoch", "dataset": "RGBNT100", "epoch": 15, "steps": 129, "mean_loss": 0.714387524959653, "seconds": 62.44086962699657, "official_fused": {"mAP": 76.84604359613462, "Rank-1": 94.40233111381531, "Rank-5": 95.5102026462555, "Rank-10": 96.26821875572205}, "best_epoch": 3}
{"event": "epoch", "dataset": "RGBNT100", "epoch": 16, "steps": 131, "mean_loss": 0.7105625890593492, "seconds": 62.557747045008, "official_fused": {"mAP": 77.50775182533597, "Rank-1": 94.40233111381531, "Rank-5": 94.92711424827576, "Rank-10": 95.68513035774231}, "best_epoch": 3}
{"event": "epoch", "dataset": "RGBNT100", "epoch": 17, "steps": 132, "mean_loss": 0.7098849235158978, "seconds": 62.351438876998145, "official_fused": {"mAP": 76.43263945108673, "Rank-1": 94.11078691482544, "Rank-5": 94.98542547225952, "Rank-10": 95.68513035774231}, "best_epoch": 3}
{"event": "epoch", "dataset": "RGBNT100", "epoch": 18, "steps": 132, "mean_loss": 0.7096095721830021, "seconds": 63.64321244799066, "official_fused": {"mAP": 77.43163968223186, "Rank-1": 94.63557004928589, "Rank-5": 95.4518973827362, "Rank-10": 95.91836929321289}, "best_epoch": 3}
{"event": "epoch", "dataset": "RGBNT100", "epoch": 19, "steps": 132, "mean_loss": 0.7095626985484903, "seconds": 62.69493133400101, "official_fused": {"mAP": 77.37415013831155, "Rank-1": 93.41107606887817, "Rank-5": 94.40233111381531, "Rank-10": 95.27696967124939}, "best_epoch": 3}
{"event": "epoch", "dataset": "RGBNT100", "epoch": 20, "steps": 132, "mean_loss": 0.709108418135932, "seconds": 62.83006458397722, "official_fused": {"mAP": 77.68208452819174, "Rank-1": 93.64431500434875, "Rank-5": 95.04373073577881, "Rank-10": 95.91836929321289}, "best_epoch": 3}
{"event": "epoch", "dataset": "RGBNT100", "epoch": 21, "steps": 131, "mean_loss": 0.7094575080252786, "seconds": 62.22038397900178, "official_fused": {"mAP": 76.58232179558527, "Rank-1": 93.00291538238525, "Rank-5": 93.99417042732239, "Rank-10": 94.57725882530212}, "best_epoch": 3}
{"event": "epoch", "dataset": "RGBNT100", "epoch": 22, "steps": 132, "mean_loss": 0.7088288448073647, "seconds": 62.71349374498823, "official_fused": {"mAP": 77.60812110558469, "Rank-1": 93.1195318698883, "Rank-5": 94.46064233779907, "Rank-10": 95.10204195976257}, "best_epoch": 3}
{"event": "epoch", "dataset": "RGBNT100", "epoch": 23, "steps": 131, "mean_loss": 0.7085474820537422, "seconds": 62.42683921899879, "official_fused": {"mAP": 76.66209214051918, "Rank-1": 92.82798767089844, "Rank-5": 93.99417042732239, "Rank-10": 94.8104977607727}, "best_epoch": 3}
{"event": "epoch", "dataset": "RGBNT100", "epoch": 24, "steps": 130, "mean_loss": 0.7080257878853724, "seconds": 61.59946167198359, "official_fused": {"mAP": 76.75347592958191, "Rank-1": 92.53644347190857, "Rank-5": 93.23615431785583, "Rank-10": 94.51894760131836}, "best_epoch": 3}
{"event": "epoch", "dataset": "RGBNT100", "epoch": 25, "steps": 132, "mean_loss": 0.7082913608262034, "seconds": 62.92888179200236, "official_fused": {"mAP": 77.93177608993246, "Rank-1": 93.64431500434875, "Rank-5": 94.69387531280518, "Rank-10": 95.27696967124939}, "best_epoch": 3}
{"event": "epoch", "dataset": "RGBNT100", "epoch": 26, "steps": 131, "mean_loss": 0.7079168699169887, "seconds": 61.68332608300261, "official_fused": {"mAP": 77.17850335440866, "Rank-1": 92.71137118339539, "Rank-5": 93.87755393981934, "Rank-10": 94.86880302429199}, "best_epoch": 3}
{"event": "epoch", "dataset": "RGBNT100", "epoch": 27, "steps": 131, "mean_loss": 0.7076748987190596, "seconds": 62.509746376017574, "official_fused": {"mAP": 77.13757046259882, "Rank-1": 93.41107606887817, "Rank-5": 94.22740340232849, "Rank-10": 95.16034722328186}, "best_epoch": 3}
{"event": "epoch", "dataset": "RGBNT100", "epoch": 28, "steps": 130, "mean_loss": 0.7082619194801038, "seconds": 61.46921133401338, "official_fused": {"mAP": 77.72331177859738, "Rank-1": 93.23615431785583, "Rank-5": 94.11078691482544, "Rank-10": 94.57725882530212}, "best_epoch": 3}
{"event": "epoch", "dataset": "RGBNT100", "epoch": 29, "steps": 131, "mean_loss": 0.7077429849682874, "seconds": 61.512253364984645, "official_fused": {"mAP": 77.35513712811982, "Rank-1": 92.71137118339539, "Rank-5": 93.87755393981934, "Rank-10": 94.46064233779907}, "best_epoch": 3}
{"event": "epoch", "dataset": "RGBNT100", "epoch": 30, "steps": 132, "mean_loss": 0.7076819182345362, "seconds": 62.06010118499398, "official_fused": {"mAP": 77.80710161524897, "Rank-1": 93.23615431785583, "Rank-5": 94.86880302429199, "Rank-10": 95.56851387023926}, "best_epoch": 3}
{"event": "epoch", "dataset": "RGBNT100", "epoch": 31, "steps": 131, "mean_loss": 0.7075648285050429, "seconds": 61.36492726200959, "official_fused": {"mAP": 77.40635109244826, "Rank-1": 93.1195318698883, "Rank-5": 94.05247569084167, "Rank-10": 94.75218653678894}, "best_epoch": 3}
{"event": "epoch", "dataset": "RGBNT100", "epoch": 32, "steps": 131, "mean_loss": 0.7072213387671318, "seconds": 61.499848815990845, "official_fused": {"mAP": 77.65902857469028, "Rank-1": 93.35277080535889, "Rank-5": 94.40233111381531, "Rank-10": 95.21865844726562}, "best_epoch": 3}
{"event": "epoch", "dataset": "RGBNT100", "epoch": 33, "steps": 131, "mean_loss": 0.7072058734093004, "seconds": 61.28777377901133, "official_fused": {"mAP": 77.15898520504375, "Rank-1": 92.18658804893494, "Rank-5": 93.58600378036499, "Rank-10": 94.57725882530212}, "best_epoch": 3}
{"event": "epoch", "dataset": "RGBNT100", "epoch": 34, "steps": 132, "mean_loss": 0.7070727194800521, "seconds": 61.82838306899066, "official_fused": {"mAP": 77.51172127837106, "Rank-1": 92.4781322479248, "Rank-5": 93.7609314918518, "Rank-10": 94.63557004928589}, "best_epoch": 3}
{"event": "epoch", "dataset": "RGBNT100", "epoch": 35, "steps": 132, "mean_loss": 0.7069934231765342, "seconds": 61.8428824589937, "official_fused": {"mAP": 77.11418762006575, "Rank-1": 92.41982698440552, "Rank-5": 93.64431500434875, "Rank-10": 94.8104977607727}, "best_epoch": 3}
{"event": "epoch", "dataset": "RGBNT100", "epoch": 36, "steps": 130, "mean_loss": 0.7069204092025757, "seconds": 60.837028640002245, "official_fused": {"mAP": 77.70198702455872, "Rank-1": 93.35277080535889, "Rank-5": 94.69387531280518, "Rank-10": 95.27696967124939}, "best_epoch": 3}
{"event": "epoch", "dataset": "RGBNT100", "epoch": 37, "steps": 131, "mean_loss": 0.7068841170718652, "seconds": 61.21650577298715, "official_fused": {"mAP": 77.46111435057149, "Rank-1": 92.76967644691467, "Rank-5": 94.05247569084167, "Rank-10": 94.75218653678894}, "best_epoch": 3}
{"event": "epoch", "dataset": "RGBNT100", "epoch": 38, "steps": 132, "mean_loss": 0.7067817991430109, "seconds": 61.78912396400119, "official_fused": {"mAP": 77.30269041741212, "Rank-1": 92.71137118339539, "Rank-5": 93.7609314918518, "Rank-10": 94.46064233779907}, "best_epoch": 3}
{"event": "epoch", "dataset": "RGBNT100", "epoch": 39, "steps": 130, "mean_loss": 0.7067780027022729, "seconds": 60.82546808500774, "official_fused": {"mAP": 77.55077563916359, "Rank-1": 92.71137118339539, "Rank-5": 93.41107606887817, "Rank-10": 94.40233111381531}, "best_epoch": 3}
{"event": "epoch", "dataset": "RGBNT100", "epoch": 40, "steps": 131, "mean_loss": 0.7067045910667827, "seconds": 61.22724804797326, "official_fused": {"mAP": 77.21653198666104, "Rank-1": 92.30320453643799, "Rank-5": 93.41107606887817, "Rank-10": 94.46064233779907}, "best_epoch": 3}
{"event": "epoch", "dataset": "RGBNT100", "epoch": 41, "steps": 131, "mean_loss": 0.7067330971018959, "seconds": 61.662836446019355, "official_fused": {"mAP": 77.49131114935736, "Rank-1": 93.00291538238525, "Rank-5": 93.87755393981934, "Rank-10": 94.75218653678894}, "best_epoch": 3}
{"event": "epoch", "dataset": "RGBNT100", "epoch": 42, "steps": 132, "mean_loss": 0.7066229301871676, "seconds": 61.86196166599984, "official_fused": {"mAP": 77.44386439338766, "Rank-1": 92.41982698440552, "Rank-5": 93.64431500434875, "Rank-10": 94.63557004928589}, "best_epoch": 3}
{"event": "epoch", "dataset": "RGBNT100", "epoch": 43, "steps": 131, "mean_loss": 0.706611345742495, "seconds": 61.29414142301539, "official_fused": {"mAP": 77.50293137498792, "Rank-1": 92.65305995941162, "Rank-5": 93.58600378036499, "Rank-10": 94.51894760131836}, "best_epoch": 3}
{"event": "epoch", "dataset": "RGBNT100", "epoch": 44, "steps": 131, "mean_loss": 0.7065758568639974, "seconds": 61.29386285398505, "official_fused": {"mAP": 77.56256094538136, "Rank-1": 92.59475469589233, "Rank-5": 93.64431500434875, "Rank-10": 94.69387531280518}, "best_epoch": 3}
{"event": "epoch", "dataset": "RGBNT100", "epoch": 45, "steps": 132, "mean_loss": 0.7065599018877203, "seconds": 61.860971541987965, "official_fused": {"mAP": 77.62806084550813, "Rank-1": 92.53644347190857, "Rank-5": 93.46938729286194, "Rank-10": 94.57725882530212}, "best_epoch": 3}
{"event": "epoch", "dataset": "RGBNT100", "epoch": 46, "steps": 132, "mean_loss": 0.7065351709271922, "seconds": 61.84541857801378, "official_fused": {"mAP": 77.45165804301953, "Rank-1": 92.59475469589233, "Rank-5": 93.46938729286194, "Rank-10": 94.69387531280518}, "best_epoch": 3}
{"event": "epoch", "dataset": "RGBNT100", "epoch": 47, "steps": 131, "mean_loss": 0.7065390039036292, "seconds": 61.499000306997914, "official_fused": {"mAP": 77.56192383782279, "Rank-1": 92.59475469589233, "Rank-5": 93.70262622833252, "Rank-10": 94.69387531280518}, "best_epoch": 3}
{"event": "epoch", "dataset": "RGBNT100", "epoch": 48, "steps": 130, "mean_loss": 0.706555489393381, "seconds": 60.99052666101488, "official_fused": {"mAP": 77.57461120085365, "Rank-1": 92.65305995941162, "Rank-5": 93.58600378036499, "Rank-10": 94.92711424827576}, "best_epoch": 3}
{"event": "epoch", "dataset": "RGBNT100", "epoch": 49, "steps": 132, "mean_loss": 0.7065308112086672, "seconds": 61.8710922980099, "official_fused": {"mAP": 77.58514271396986, "Rank-1": 92.76967644691467, "Rank-5": 93.70262622833252, "Rank-10": 94.92711424827576}, "best_epoch": 3}
{"event": "epoch", "dataset": "RGBNT100", "epoch": 50, "steps": 130, "mean_loss": 0.70652676820755, "seconds": 60.94451302700327, "official_fused": {"mAP": 77.58709189542236, "Rank-1": 92.82798767089844, "Rank-5": 93.70262622833252, "Rank-10": 94.92711424827576}, "best_epoch": 3}
