/data/gaob/Re-ID/conda-envs/tri_reid/lib/python3.10/site-packages/timm/models/helpers.py:7: FutureWarning: Importing from timm.models.helpers is deprecated, please import via timm.models
  warnings.warn(f"Importing from {__name__} is deprecated, please import via timm.models", FutureWarning)
/data/gaob/Re-ID/conda-envs/tri_reid/lib/python3.10/site-packages/timm/models/registry.py:4: FutureWarning: Importing from timm.models.registry is deprecated, please import via timm.models
  warnings.warn(f"Importing from {__name__} is deprecated, please import via timm.models", FutureWarning)
/data/gaob/Re-ID/conda-envs/tri_reid/lib/python3.10/site-packages/timm/models/layers/__init__.py:48: FutureWarning: Importing from timm.models.layers is deprecated, please import via timm.layers
  warnings.warn(f"Importing from {__name__} is deprecated, please import via timm.layers", FutureWarning)
建立transformer............
using Transformer_type: ViT-B-16 as a backbone
Resized position embedding: %s to %s torch.Size([197, 768]) torch.Size([129, 768])
Position embedding resize to height:16 width: 8
Successfully load ckpt!
<All keys matched successfully>
Loading pretrained model from CLIP
camera number is : 4
===========Building Signal===========
{"event": "epoch", "dataset": "RGBNT201", "epoch": 1, "steps": 53, "mean_loss": 5.002571510818769, "seconds": 22.852412002001074, "official_fused": {"mAP": 72.08803858612647, "Rank-1": 73.44497442245483, "Rank-5": 82.8947365283966, "Rank-10": 87.91866302490234}, "best_epoch": 1}
{"event": "epoch", "dataset": "RGBNT201", "epoch": 2, "steps": 53, "mean_loss": 4.1653795917079135, "seconds": 21.785375975989155, "official_fused": {"mAP": 72.52467984275155, "Rank-1": 73.9234447479248, "Rank-5": 82.77512192726135, "Rank-10": 87.91866302490234}, "best_epoch": 2}
{"event": "epoch", "dataset": "RGBNT201", "epoch": 3, "steps": 53, "mean_loss": 2.8209637111088015, "seconds": 21.9190725239896, "official_fused": {"mAP": 70.97608909068121, "Rank-1": 71.65071964263916, "Rank-5": 80.38277626037598, "Rank-10": 85.8851671218872}, "best_epoch": 2}
{"event": "epoch", "dataset": "RGBNT201", "epoch": 4, "steps": 53, "mean_loss": 1.624056359507003, "seconds": 22.454943260992877, "official_fused": {"mAP": 71.00791503003371, "Rank-1": 71.05262875556946, "Rank-5": 80.14354109764099, "Rank-10": 85.52631735801697}, "best_epoch": 2}
{"event": "epoch", "dataset": "RGBNT201", "epoch": 5, "steps": 53, "mean_loss": 1.0886467481559177, "seconds": 21.71869009299553, "official_fused": {"mAP": 69.52712518734828, "Rank-1": 69.97607946395874, "Rank-5": 79.18660044670105, "Rank-10": 84.09090638160706}, "best_epoch": 2}
{"event": "epoch", "dataset": "RGBNT201", "epoch": 6, "steps": 53, "mean_loss": 0.948334312663888, "seconds": 22.22577175400511, "official_fused": {"mAP": 69.28930213667523, "Rank-1": 68.66028904914856, "Rank-5": 78.82775068283081, "Rank-10": 83.49282145500183}, "best_epoch": 2}
{"event": "epoch", "dataset": "RGBNT201", "epoch": 7, "steps": 53, "mean_loss": 0.9180443837957563, "seconds": 21.883926278009312, "official_fused": {"mAP": 67.66311157550155, "Rank-1": 66.98564887046814, "Rank-5": 76.19616985321045, "Rank-10": 82.29665160179138}, "best_epoch": 2}
{"event": "epoch", "dataset": "RGBNT201", "epoch": 8, "steps": 53, "mean_loss": 0.9081989020671485, "seconds": 22.12345354699937, "official_fused": {"mAP": 69.04960145015457, "Rank-1": 68.54066848754883, "Rank-5": 77.51196026802063, "Rank-10": 84.09090638160706}, "best_epoch": 2}
{"event": "epoch", "dataset": "RGBNT201", "epoch": 9, "steps": 53, "mean_loss": 0.9018600549337998, "seconds": 22.2633130819886, "official_fused": {"mAP": 69.79870798087154, "Rank-1": 69.85645890235901, "Rank-5": 78.46890091896057, "Rank-10": 83.13397169113159}, "best_epoch": 2}
{"event": "epoch", "dataset": "RGBNT201", "epoch": 10, "steps": 53, "mean_loss": 0.8998089826331949, "seconds": 22.0034519059991, "official_fused": {"mAP": 68.40679690777647, "Rank-1": 69.0191388130188, "Rank-5": 77.27272510528564, "Rank-10": 83.25358629226685}, "best_epoch": 2}
{"event": "epoch", "dataset": "RGBNT201", "epoch": 11, "steps": 53, "mean_loss": 0.8940519431851944, "seconds": 21.98534515600477, "official_fused": {"mAP": 69.64229354446233, "Rank-1": 69.61722373962402, "Rank-5": 78.82775068283081, "Rank-10": 83.25358629226685}, "best_epoch": 2}
{"event": "epoch", "dataset": "RGBNT201", "epoch": 12, "steps": 53, "mean_loss": 0.8925516976500457, "seconds": 22.565740417994675, "official_fused": {"mAP": 69.8125590194009, "Rank-1": 69.37798857688904, "Rank-5": 77.27272510528564, "Rank-10": 83.13397169113159}, "best_epoch": 2}
{"event": "epoch", "dataset": "RGBNT201", "epoch": 13, "steps": 53, "mean_loss": 0.8901723263398656, "seconds": 22.714004263994866, "official_fused": {"mAP": 69.44252203939354, "Rank-1": 70.33492922782898, "Rank-5": 78.46890091896057, "Rank-10": 83.01435112953186}, "best_epoch": 2}
{"event": "epoch", "dataset": "RGBNT201", "epoch": 14, "steps": 53, "mean_loss": 0.8866306408396307, "seconds": 22.62621475699416, "official_fused": {"mAP": 68.68490087072377, "Rank-1": 68.30143332481384, "Rank-5": 75.95694065093994, "Rank-10": 81.45933151245117}, "best_epoch": 2}
{"event": "epoch", "dataset": "RGBNT201", "epoch": 15, "steps": 53, "mean_loss": 0.8827424544208454, "seconds": 22.05079752400343, "official_fused": {"mAP": 69.16531853946358, "Rank-1": 69.25837397575378, "Rank-5": 78.11004519462585, "Rank-10": 83.61244201660156}, "best_epoch": 2}
{"event": "epoch", "dataset": "RGBNT201", "epoch": 16, "steps": 53, "mean_loss": 0.8827240062209795, "seconds": 22.28421831400192, "official_fused": {"mAP": 69.79835623768429, "Rank-1": 69.73684430122375, "Rank-5": 77.39234566688538, "Rank-10": 83.13397169113159}, "best_epoch": 2}
{"event": "epoch", "dataset": "RGBNT201", "epoch": 17, "steps": 53, "mean_loss": 0.8775508460008873, "seconds": 22.107966893003322, "official_fused": {"mAP": 69.68685342696661, "Rank-1": 69.49760913848877, "Rank-5": 76.9138753414154, "Rank-10": 82.17703104019165}, "best_epoch": 2}
{"event": "epoch", "dataset": "RGBNT201", "epoch": 18, "steps": 53, "mean_loss": 0.8750004948310133, "seconds": 22.21093022999412, "official_fused": {"mAP": 69.69013940349758, "Rank-1": 70.21530866622925, "Rank-5": 76.9138753414154, "Rank-10": 82.53588676452637}, "best_epoch": 2}
{"event": "epoch", "dataset": "RGBNT201", "epoch": 19, "steps": 53, "mean_loss": 0.8742319379212722, "seconds": 22.684380940001574, "official_fused": {"mAP": 69.28315473397433, "Rank-1": 69.13875341415405, "Rank-5": 77.87081599235535, "Rank-10": 82.65550136566162}, "best_epoch": 2}
{"event": "epoch", "dataset": "RGBNT201", "epoch": 20, "steps": 53, "mean_loss": 0.8735925015413536, "seconds": 22.899664898010087, "official_fused": {"mAP": 70.69363055688578, "Rank-1": 71.17224931716919, "Rank-5": 79.904305934906, "Rank-10": 84.80861186981201}, "best_epoch": 2}
{"event": "epoch", "dataset": "RGBNT201", "epoch": 21, "steps": 53, "mean_loss": 0.8713350599666811, "seconds": 22.252105742009007, "official_fused": {"mAP": 69.27735840017402, "Rank-1": 69.25837397575378, "Rank-5": 79.0669858455658, "Rank-10": 83.85167717933655}, "best_epoch": 2}
{"event": "epoch", "dataset": "RGBNT201", "epoch": 22, "steps": 53, "mean_loss": 0.8694392105318466, "seconds": 23.22333728898957, "official_fused": {"mAP": 69.77315754619863, "Rank-1": 69.37798857688904, "Rank-5": 77.39234566688538, "Rank-10": 82.77512192726135}, "best_epoch": 2}
{"event": "epoch", "dataset": "RGBNT201", "epoch": 23, "steps": 53, "mean_loss": 0.8677302655184044, "seconds": 22.659617332989, "official_fused": {"mAP": 70.1260250429732, "Rank-1": 70.45454382896423, "Rank-5": 78.82775068283081, "Rank-10": 83.49282145500183}, "best_epoch": 2}
{"event": "epoch", "dataset": "RGBNT201", "epoch": 24, "steps": 53, "mean_loss": 0.866338146182726, "seconds": 22.43178109699511, "official_fused": {"mAP": 69.42735944729498, "Rank-1": 70.095694065094, "Rank-5": 77.9904305934906, "Rank-10": 83.25358629226685}, "best_epoch": 2}
{"event": "epoch", "dataset": "RGBNT201", "epoch": 25, "steps": 53, "mean_loss": 0.866299605594491, "seconds": 22.135232677988824, "official_fused": {"mAP": 69.89680033197976, "Rank-1": 70.45454382896423, "Rank-5": 77.75119543075562, "Rank-10": 83.61244201660156}, "best_epoch": 2}
{"event": "epoch", "dataset": "RGBNT201", "epoch": 26, "steps": 53, "mean_loss": 0.8649110186774775, "seconds": 23.33205108701077, "official_fused": {"mAP": 70.14922315845111, "Rank-1": 70.21530866622925, "Rank-5": 78.11004519462585, "Rank-10": 83.73205661773682}, "best_epoch": 2}
{"event": "epoch", "dataset": "RGBNT201", "epoch": 27, "steps": 53, "mean_loss": 0.8625299323279902, "seconds": 22.719343788005062, "official_fused": {"mAP": 68.07239082389354, "Rank-1": 67.9425835609436, "Rank-5": 76.31579041481018, "Rank-10": 83.61244201660156}, "best_epoch": 2}
{"event": "epoch", "dataset": "RGBNT201", "epoch": 28, "steps": 53, "mean_loss": 0.8616721461404044, "seconds": 22.61605190199043, "official_fused": {"mAP": 69.23555544070084, "Rank-1": 70.095694065094, "Rank-5": 78.82775068283081, "Rank-10": 83.85167717933655}, "best_epoch": 2}
{"event": "epoch", "dataset": "RGBNT201", "epoch": 29, "steps": 53, "mean_loss": 0.8624846395456566, "seconds": 22.613146357005462, "official_fused": {"mAP": 68.52071136039983, "Rank-1": 68.66028904914856, "Rank-5": 78.46890091896057, "Rank-10": 82.53588676452637}, "best_epoch": 2}
{"event": "epoch", "dataset": "RGBNT201", "epoch": 30, "steps": 53, "mean_loss": 0.860241099348608, "seconds": 22.78601823099598, "official_fused": {"mAP": 69.73564706772932, "Rank-1": 70.81339955329895, "Rank-5": 79.54545617103577, "Rank-10": 84.09090638160706}, "best_epoch": 2}
{"event": "epoch", "dataset": "RGBNT201", "epoch": 31, "steps": 53, "mean_loss": 0.860313965464538, "seconds": 22.514340269990498, "official_fused": {"mAP": 69.95089631541425, "Rank-1": 70.9330141544342, "Rank-5": 79.0669858455658, "Rank-10": 84.21052694320679}, "best_epoch": 2}
{"event": "epoch", "dataset": "RGBNT201", "epoch": 32, "steps": 53, "mean_loss": 0.8589081269390179, "seconds": 22.522936488006962, "official_fused": {"mAP": 69.33779589878183, "Rank-1": 69.97607946395874, "Rank-5": 79.0669858455658, "Rank-10": 84.33014154434204}, "best_epoch": 2}
{"event": "epoch", "dataset": "RGBNT201", "epoch": 33, "steps": 53, "mean_loss": 0.8581204628044704, "seconds": 22.55312888600747, "official_fused": {"mAP": 69.09927207443265, "Rank-1": 69.25837397575378, "Rank-5": 77.75119543075562, "Rank-10": 83.13397169113159}, "best_epoch": 2}
{"event": "epoch", "dataset": "RGBNT201", "epoch": 34, "steps": 53, "mean_loss": 0.8561886132888075, "seconds": 22.3137750300084, "official_fused": {"mAP": 68.91733247845269, "Rank-1": 69.73684430122375, "Rank-5": 78.34928035736084, "Rank-10": 83.37320685386658}, "best_epoch": 2}
{"event": "epoch", "dataset": "RGBNT201", "epoch": 35, "steps": 53, "mean_loss": 0.855600008424723, "seconds": 22.216431705994182, "official_fused": {"mAP": 69.71530188303561, "Rank-1": 70.21530866622925, "Rank-5": 79.0669858455658, "Rank-10": 83.73205661773682}, "best_epoch": 2}
{"event": "epoch", "dataset": "RGBNT201", "epoch": 36, "steps": 53, "mean_loss": 0.8551004349060778, "seconds": 22.510416652992717, "official_fused": {"mAP": 69.0556801311347, "Rank-1": 70.45454382896423, "Rank-5": 79.54545617103577, "Rank-10": 84.09090638160706}, "best_epoch": 2}
{"event": "epoch", "dataset": "RGBNT201", "epoch": 37, "steps": 53, "mean_loss": 0.8548389830679264, "seconds": 22.74874595500296, "official_fused": {"mAP": 68.60511445838546, "Rank-1": 69.61722373962402, "Rank-5": 79.30622100830078, "Rank-10": 83.85167717933655}, "best_epoch": 2}
{"event": "epoch", "dataset": "RGBNT201", "epoch": 38, "steps": 53, "mean_loss": 0.8540201434549296, "seconds": 22.386076965005486, "official_fused": {"mAP": 67.83493838148435, "Rank-1": 68.66028904914856, "Rank-5": 77.27272510528564, "Rank-10": 83.37320685386658}, "best_epoch": 2}
{"event": "epoch", "dataset": "RGBNT201", "epoch": 39, "steps": 53, "mean_loss": 0.8531677959100256, "seconds": 22.40490262999083, "official_fused": {"mAP": 68.61511124233428, "Rank-1": 69.37798857688904, "Rank-5": 78.94737124443054, "Rank-10": 83.73205661773682}, "best_epoch": 2}
{"event": "epoch", "dataset": "RGBNT201", "epoch": 40, "steps": 53, "mean_loss": 0.8527759560998881, "seconds": 21.94584686899907, "official_fused": {"mAP": 69.12713496320079, "Rank-1": 69.97607946395874, "Rank-5": 78.70813608169556, "Rank-10": 84.09090638160706}, "best_epoch": 2}
{"event": "epoch", "dataset": "RGBNT201", "epoch": 41, "steps": 53, "mean_loss": 0.8534080183730935, "seconds": 22.3525096319936, "official_fused": {"mAP": 69.5338158443599, "Rank-1": 70.81339955329895, "Rank-5": 79.18660044670105, "Rank-10": 84.09090638160706}, "best_epoch": 2}
{"event": "epoch", "dataset": "RGBNT201", "epoch": 42, "steps": 53, "mean_loss": 0.8525193243656518, "seconds": 21.98523496701091, "official_fused": {"mAP": 69.72598883383529, "Rank-1": 70.81339955329895, "Rank-5": 80.26315569877625, "Rank-10": 85.40669679641724}, "best_epoch": 2}
{"event": "epoch", "dataset": "RGBNT201", "epoch": 43, "steps": 53, "mean_loss": 0.8518704254672212, "seconds": 21.868395509998663, "official_fused": {"mAP": 69.02676190729835, "Rank-1": 69.49760913848877, "Rank-5": 79.18660044670105, "Rank-10": 84.56937670707703}, "best_epoch": 2}
{"event": "epoch", "dataset": "RGBNT201", "epoch": 44, "steps": 53, "mean_loss": 0.8522881876747563, "seconds": 22.246843865999836, "official_fused": {"mAP": 68.98046512907516, "Rank-1": 69.73684430122375, "Rank-5": 78.58851552009583, "Rank-10": 83.9712917804718}, "best_epoch": 2}
{"event": "epoch", "dataset": "RGBNT201", "epoch": 45, "steps": 53, "mean_loss": 0.8526870046021804, "seconds": 21.726926538991393, "official_fused": {"mAP": 68.85794452036642, "Rank-1": 69.37798857688904, "Rank-5": 77.9904305934906, "Rank-10": 83.85167717933655}, "best_epoch": 2}
{"event": "epoch", "dataset": "RGBNT201", "epoch": 46, "steps": 52, "mean_loss": 0.8518730780253043, "seconds": 21.481334119001986, "official_fused": {"mAP": 68.96086748748971, "Rank-1": 69.61722373962402, "Rank-5": 78.34928035736084, "Rank-10": 83.85167717933655}, "best_epoch": 2}
{"event": "epoch", "dataset": "RGBNT201", "epoch": 47, "steps": 53, "mean_loss": 0.8516719420001192, "seconds": 21.889142410000204, "official_fused": {"mAP": 69.156060301603, "Rank-1": 70.095694065094, "Rank-5": 79.30622100830078, "Rank-10": 83.9712917804718}, "best_epoch": 2}
{"event": "epoch", "dataset": "RGBNT201", "epoch": 48, "steps": 53, "mean_loss": 0.8518164394036779, "seconds": 21.77259612600028, "official_fused": {"mAP": 69.08078958683944, "Rank-1": 70.095694065094, "Rank-5": 79.18660044670105, "Rank-10": 83.85167717933655}, "best_epoch": 2}
{"event": "epoch", "dataset": "RGBNT201", "epoch": 49, "steps": 53, "mean_loss": 0.8514161660986127, "seconds": 21.74758676700003, "official_fused": {"mAP": 69.02879591852762, "Rank-1": 69.97607946395874, "Rank-5": 79.0669858455658, "Rank-10": 83.85167717933655}, "best_epoch": 2}
{"event": "epoch", "dataset": "RGBNT201", "epoch": 50, "steps": 53, "mean_loss": 0.8520432699401423, "seconds": 22.27069082399248, "official_fused": {"mAP": 69.01814652187187, "Rank-1": 69.97607946395874, "Rank-5": 78.94737124443054, "Rank-10": 83.85167717933655}, "best_epoch": 2}
