/root/miniconda3/envs/tri_reid/lib/python3.10/site-packages/timm/models/helpers.py:7: FutureWarning: Importing from timm.models.helpers is deprecated, please import via timm.models
  warnings.warn(f"Importing from {__name__} is deprecated, please import via timm.models", FutureWarning)
/root/miniconda3/envs/tri_reid/lib/python3.10/site-packages/timm/models/registry.py:4: FutureWarning: Importing from timm.models.registry is deprecated, please import via timm.models
  warnings.warn(f"Importing from {__name__} is deprecated, please import via timm.models", FutureWarning)
/root/miniconda3/envs/tri_reid/lib/python3.10/site-packages/timm/models/layers/__init__.py:48: FutureWarning: Importing from timm.models.layers is deprecated, please import via timm.layers
  warnings.warn(f"Importing from {__name__} is deprecated, please import via timm.layers", FutureWarning)
建立transformer............
using Transformer_type: ViT-B-16 as a backbone
Resized position embedding: %s to %s torch.Size([197, 768]) torch.Size([129, 768])
Position embedding resize to height:8 width: 16
Successfully load ckpt!
<All keys matched successfully>
Loading pretrained model from CLIP
camera number is : 8
===========Building Signal===========
{"event": "instance_memory_epoch", "endpoint": "control", "fold": 0, "mode": "comparison", "epoch": 1, "optimizer_steps": 13, "learning_rate": 7.000000000000001e-05, "mean_loss": 4.000777611365685, "elapsed_seconds": 19.85465069115162}
{"event": "instance_memory_epoch", "endpoint": "control", "fold": 0, "mode": "comparison", "epoch": 2, "optimizer_steps": 13, "learning_rate": 0.00014000000000000001, "mean_loss": 3.4807478281167836, "elapsed_seconds": 17.91807084530592}
{"event": "instance_memory_epoch", "endpoint": "control", "fold": 0, "mode": "comparison", "epoch": 3, "optimizer_steps": 13, "learning_rate": 0.00020999999999999998, "mean_loss": 2.777444472679725, "elapsed_seconds": 17.80994170717895}
{"event": "instance_memory_epoch", "endpoint": "control", "fold": 0, "mode": "comparison", "epoch": 4, "optimizer_steps": 13, "learning_rate": 0.00028000000000000003, "mean_loss": 2.1242254238862257, "elapsed_seconds": 17.8312799166888}
{"event": "instance_memory_epoch", "endpoint": "control", "fold": 0, "mode": "comparison", "epoch": 5, "optimizer_steps": 13, "learning_rate": 0.00035, "mean_loss": 1.6744308196581328, "elapsed_seconds": 17.92807388305664}
{"event": "instance_memory_epoch", "endpoint": "control", "fold": 0, "mode": "comparison", "epoch": 6, "optimizer_steps": 13, "learning_rate": 0.00035, "mean_loss": 1.3778500190147986, "elapsed_seconds": 18.384800400584936}
{"event": "instance_memory_epoch", "endpoint": "control", "fold": 0, "mode": "comparison", "epoch": 7, "optimizer_steps": 13, "learning_rate": 0.000346175830128416, "mean_loss": 1.243042867917281, "elapsed_seconds": 17.57754562422633}
{"event": "instance_memory_epoch", "endpoint": "control", "fold": 0, "mode": "comparison", "epoch": 8, "optimizer_steps": 13, "learning_rate": 0.0003348704550874551, "mean_loss": 1.1479077614270723, "elapsed_seconds": 17.542027551680803}
{"event": "instance_memory_epoch", "endpoint": "control", "fold": 0, "mode": "comparison", "epoch": 9, "optimizer_steps": 13, "learning_rate": 0.0003165779740156158, "mean_loss": 1.0156950721373925, "elapsed_seconds": 17.753708127886057}
{"event": "instance_memory_epoch", "endpoint": "control", "fold": 0, "mode": "comparison", "epoch": 10, "optimizer_steps": 13, "learning_rate": 0.0002920978561128002, "mean_loss": 0.9844667819830087, "elapsed_seconds": 17.618198914453387}
{"event": "instance_memory_epoch", "endpoint": "control", "fold": 0, "mode": "comparison", "epoch": 11, "optimizer_steps": 13, "learning_rate": 0.0002625, "mean_loss": 0.937569077198322, "elapsed_seconds": 18.115702895447612}
{"event": "instance_memory_epoch", "endpoint": "control", "fold": 0, "mode": "comparison", "epoch": 12, "optimizer_steps": 13, "learning_rate": 0.0002290779740156158, "mean_loss": 0.9274668647692754, "elapsed_seconds": 17.777768418192863}
{"event": "instance_memory_epoch", "endpoint": "control", "fold": 0, "mode": "comparison", "epoch": 13, "optimizer_steps": 13, "learning_rate": 0.00019329248107183937, "mean_loss": 0.8855341627047613, "elapsed_seconds": 18.03012230247259}
{"event": "instance_memory_epoch", "endpoint": "control", "fold": 0, "mode": "comparison", "epoch": 14, "optimizer_steps": 13, "learning_rate": 0.00015670751892816066, "mean_loss": 0.8697567490430979, "elapsed_seconds": 17.678772112354636}
{"event": "instance_memory_epoch", "endpoint": "control", "fold": 0, "mode": "comparison", "epoch": 15, "optimizer_steps": 13, "learning_rate": 0.00012092202598438422, "mean_loss": 0.8587774680210993, "elapsed_seconds": 17.886723110452294}
{"event": "instance_memory_epoch", "endpoint": "control", "fold": 0, "mode": "comparison", "epoch": 16, "optimizer_steps": 13, "learning_rate": 8.750000000000004e-05, "mean_loss": 0.8631708025932312, "elapsed_seconds": 17.61885598488152}
{"event": "instance_memory_epoch", "endpoint": "control", "fold": 0, "mode": "comparison", "epoch": 17, "optimizer_steps": 13, "learning_rate": 5.7902143887199866e-05, "mean_loss": 0.8596051381184504, "elapsed_seconds": 17.14534206315875}
{"event": "instance_memory_epoch", "endpoint": "control", "fold": 0, "mode": "comparison", "epoch": 18, "optimizer_steps": 13, "learning_rate": 3.342202598438421e-05, "mean_loss": 0.8237287081204928, "elapsed_seconds": 18.486023798584938}
{"event": "instance_memory_epoch", "endpoint": "control", "fold": 0, "mode": "comparison", "epoch": 19, "optimizer_steps": 13, "learning_rate": 1.5129544912544829e-05, "mean_loss": 0.8247948380616995, "elapsed_seconds": 18.027844160795212}
{"event": "instance_memory_epoch", "endpoint": "control", "fold": 0, "mode": "comparison", "epoch": 20, "optimizer_steps": 13, "learning_rate": 3.824169871584004e-06, "mean_loss": 0.8291268394543574, "elapsed_seconds": 18.139058653265238}
建立transformer............
using Transformer_type: ViT-B-16 as a backbone
Resized position embedding: %s to %s torch.Size([197, 768]) torch.Size([129, 768])
Position embedding resize to height:8 width: 16
Successfully load ckpt!
<All keys matched successfully>
Loading pretrained model from CLIP
camera number is : 8
===========Building Signal===========
建立transformer............
using Transformer_type: ViT-B-16 as a backbone
Resized position embedding: %s to %s torch.Size([197, 768]) torch.Size([129, 768])
Position embedding resize to height:8 width: 16
Successfully load ckpt!
<All keys matched successfully>
Loading pretrained model from CLIP
camera number is : 8
===========Building Signal===========
{"event": "instance_memory_epoch", "endpoint": "instance_memory", "fold": 0, "mode": "comparison", "epoch": 1, "optimizer_steps": 13, "learning_rate": 7.000000000000001e-05, "mean_loss": 4.0007303311274605, "elapsed_seconds": 17.122581562027335}
{"event": "instance_memory_epoch", "endpoint": "instance_memory", "fold": 0, "mode": "comparison", "epoch": 2, "optimizer_steps": 13, "learning_rate": 0.00014000000000000001, "mean_loss": 3.480689892402062, "elapsed_seconds": 16.907898059114814}
{"event": "instance_memory_epoch", "endpoint": "instance_memory", "fold": 0, "mode": "comparison", "epoch": 3, "optimizer_steps": 13, "learning_rate": 0.00020999999999999998, "mean_loss": 2.777341054036067, "elapsed_seconds": 16.680444387719035}
{"event": "instance_memory_epoch", "endpoint": "instance_memory", "fold": 0, "mode": "comparison", "epoch": 4, "optimizer_steps": 13, "learning_rate": 0.00028000000000000003, "mean_loss": 2.1241598312671366, "elapsed_seconds": 17.098092770203948}
{"event": "instance_memory_epoch", "endpoint": "instance_memory", "fold": 0, "mode": "comparison", "epoch": 5, "optimizer_steps": 13, "learning_rate": 0.00035, "mean_loss": 1.6742853843248808, "elapsed_seconds": 17.28251671232283}
{"event": "instance_memory_epoch", "endpoint": "instance_memory", "fold": 0, "mode": "comparison", "epoch": 6, "optimizer_steps": 13, "learning_rate": 0.00035, "mean_loss": 1.4674652172968938, "elapsed_seconds": 17.314570201560855}
{"event": "instance_memory_epoch", "endpoint": "instance_memory", "fold": 0, "mode": "comparison", "epoch": 7, "optimizer_steps": 13, "learning_rate": 0.000346175830128416, "mean_loss": 1.407762179007897, "elapsed_seconds": 17.08823491446674}
{"event": "instance_memory_epoch", "endpoint": "instance_memory", "fold": 0, "mode": "comparison", "epoch": 8, "optimizer_steps": 13, "learning_rate": 0.0003348704550874551, "mean_loss": 1.2882577914458055, "elapsed_seconds": 17.29835508391261}
{"event": "instance_memory_epoch", "endpoint": "instance_memory", "fold": 0, "mode": "comparison", "epoch": 9, "optimizer_steps": 13, "learning_rate": 0.0003165779740156158, "mean_loss": 1.1641537363712604, "elapsed_seconds": 17.245981760323048}
{"event": "instance_memory_epoch", "endpoint": "instance_memory", "fold": 0, "mode": "comparison", "epoch": 10, "optimizer_steps": 13, "learning_rate": 0.0002920978561128002, "mean_loss": 1.147086501121521, "elapsed_seconds": 16.986509455367923}
{"event": "instance_memory_epoch", "endpoint": "instance_memory", "fold": 0, "mode": "comparison", "epoch": 11, "optimizer_steps": 13, "learning_rate": 0.0002625, "mean_loss": 1.0880003800758948, "elapsed_seconds": 16.903268387541175}
{"event": "instance_memory_epoch", "endpoint": "instance_memory", "fold": 0, "mode": "comparison", "epoch": 12, "optimizer_steps": 13, "learning_rate": 0.0002290779740156158, "mean_loss": 1.0760220335080073, "elapsed_seconds": 17.41916122287512}
{"event": "instance_memory_epoch", "endpoint": "instance_memory", "fold": 0, "mode": "comparison", "epoch": 13, "optimizer_steps": 13, "learning_rate": 0.00019329248107183937, "mean_loss": 1.0416820278534522, "elapsed_seconds": 17.029157020151615}
{"event": "instance_memory_epoch", "endpoint": "instance_memory", "fold": 0, "mode": "comparison", "epoch": 14, "optimizer_steps": 13, "learning_rate": 0.00015670751892816066, "mean_loss": 1.0410225987434387, "elapsed_seconds": 17.108971808105707}
{"event": "instance_memory_epoch", "endpoint": "instance_memory", "fold": 0, "mode": "comparison", "epoch": 15, "optimizer_steps": 13, "learning_rate": 0.00012092202598438422, "mean_loss": 1.0237195262542138, "elapsed_seconds": 17.138846984133124}
{"event": "instance_memory_epoch", "endpoint": "instance_memory", "fold": 0, "mode": "comparison", "epoch": 16, "optimizer_steps": 13, "learning_rate": 8.750000000000004e-05, "mean_loss": 1.0085509511140676, "elapsed_seconds": 17.24257660843432}
{"event": "instance_memory_epoch", "endpoint": "instance_memory", "fold": 0, "mode": "comparison", "epoch": 17, "optimizer_steps": 13, "learning_rate": 5.7902143887199866e-05, "mean_loss": 1.020256478052873, "elapsed_seconds": 16.837351821362972}
{"event": "instance_memory_epoch", "endpoint": "instance_memory", "fold": 0, "mode": "comparison", "epoch": 18, "optimizer_steps": 13, "learning_rate": 3.342202598438421e-05, "mean_loss": 0.9877852384860699, "elapsed_seconds": 17.088670140132308}
{"event": "instance_memory_epoch", "endpoint": "instance_memory", "fold": 0, "mode": "comparison", "epoch": 19, "optimizer_steps": 13, "learning_rate": 1.5129544912544829e-05, "mean_loss": 0.9690548915129441, "elapsed_seconds": 17.239449629560113}
{"event": "instance_memory_epoch", "endpoint": "instance_memory", "fold": 0, "mode": "comparison", "epoch": 20, "optimizer_steps": 13, "learning_rate": 3.824169871584004e-06, "mean_loss": 0.9744380804208609, "elapsed_seconds": 17.191830445080996}
建立transformer............
using Transformer_type: ViT-B-16 as a backbone
Resized position embedding: %s to %s torch.Size([197, 768]) torch.Size([129, 768])
Position embedding resize to height:8 width: 16
Successfully load ckpt!
<All keys matched successfully>
Loading pretrained model from CLIP
camera number is : 8
===========Building Signal===========
建立transformer............
using Transformer_type: ViT-B-16 as a backbone
Resized position embedding: %s to %s torch.Size([197, 768]) torch.Size([129, 768])
Position embedding resize to height:8 width: 16
Successfully load ckpt!
<All keys matched successfully>
Loading pretrained model from CLIP
camera number is : 8
===========Building Signal===========
{"event": "instance_memory_epoch", "endpoint": "control", "fold": 1, "mode": "comparison", "epoch": 1, "optimizer_steps": 13, "learning_rate": 7.000000000000001e-05, "mean_loss": 4.045400050970224, "elapsed_seconds": 17.51899645291269}
{"event": "instance_memory_epoch", "endpoint": "control", "fold": 1, "mode": "comparison", "epoch": 2, "optimizer_steps": 13, "learning_rate": 0.00014000000000000001, "mean_loss": 3.5276694481189432, "elapsed_seconds": 17.02224651351571}
{"event": "instance_memory_epoch", "endpoint": "control", "fold": 1, "mode": "comparison", "epoch": 3, "optimizer_steps": 13, "learning_rate": 0.00020999999999999998, "mean_loss": 2.8246419796576867, "elapsed_seconds": 17.59639821201563}
{"event": "instance_memory_epoch", "endpoint": "control", "fold": 1, "mode": "comparison", "epoch": 4, "optimizer_steps": 13, "learning_rate": 0.00028000000000000003, "mean_loss": 2.201941260924706, "elapsed_seconds": 17.17269859276712}
{"event": "instance_memory_epoch", "endpoint": "control", "fold": 1, "mode": "comparison", "epoch": 5, "optimizer_steps": 13, "learning_rate": 0.00035, "mean_loss": 1.7011243655131414, "elapsed_seconds": 17.40439635142684}
{"event": "instance_memory_epoch", "endpoint": "control", "fold": 1, "mode": "comparison", "epoch": 6, "optimizer_steps": 13, "learning_rate": 0.00035, "mean_loss": 1.4480531490766084, "elapsed_seconds": 17.78254695236683}
{"event": "instance_memory_epoch", "endpoint": "control", "fold": 1, "mode": "comparison", "epoch": 7, "optimizer_steps": 13, "learning_rate": 0.000346175830128416, "mean_loss": 1.2754849929075975, "elapsed_seconds": 17.515419831499457}
{"event": "instance_memory_epoch", "endpoint": "control", "fold": 1, "mode": "comparison", "epoch": 8, "optimizer_steps": 13, "learning_rate": 0.0003348704550874551, "mean_loss": 1.1467096438774695, "elapsed_seconds": 17.353105468675494}
{"event": "instance_memory_epoch", "endpoint": "control", "fold": 1, "mode": "comparison", "epoch": 9, "optimizer_steps": 13, "learning_rate": 0.0003165779740156158, "mean_loss": 1.0746551889639635, "elapsed_seconds": 17.231037655845284}
{"event": "instance_memory_epoch", "endpoint": "control", "fold": 1, "mode": "comparison", "epoch": 10, "optimizer_steps": 13, "learning_rate": 0.0002920978561128002, "mean_loss": 0.9944052879626935, "elapsed_seconds": 17.296783281490207}
{"event": "instance_memory_epoch", "endpoint": "control", "fold": 1, "mode": "comparison", "epoch": 11, "optimizer_steps": 13, "learning_rate": 0.0002625, "mean_loss": 0.9959156329815204, "elapsed_seconds": 17.162992045283318}
{"event": "instance_memory_epoch", "endpoint": "control", "fold": 1, "mode": "comparison", "epoch": 12, "optimizer_steps": 13, "learning_rate": 0.0002290779740156158, "mean_loss": 0.9300416341194739, "elapsed_seconds": 17.599923495203257}
{"event": "instance_memory_epoch", "endpoint": "control", "fold": 1, "mode": "comparison", "epoch": 13, "optimizer_steps": 13, "learning_rate": 0.00019329248107183937, "mean_loss": 0.9195490433619573, "elapsed_seconds": 17.542605884373188}
{"event": "instance_memory_epoch", "endpoint": "control", "fold": 1, "mode": "comparison", "epoch": 14, "optimizer_steps": 13, "learning_rate": 0.00015670751892816066, "mean_loss": 0.8651703045918391, "elapsed_seconds": 17.178631957620382}
{"event": "instance_memory_epoch", "endpoint": "control", "fold": 1, "mode": "comparison", "epoch": 15, "optimizer_steps": 13, "learning_rate": 0.00012092202598438422, "mean_loss": 0.8860267492441031, "elapsed_seconds": 17.69598652422428}
{"event": "instance_memory_epoch", "endpoint": "control", "fold": 1, "mode": "comparison", "epoch": 16, "optimizer_steps": 13, "learning_rate": 8.750000000000004e-05, "mean_loss": 0.9051726231208215, "elapsed_seconds": 17.37177235633135}
{"event": "instance_memory_epoch", "endpoint": "control", "fold": 1, "mode": "comparison", "epoch": 17, "optimizer_steps": 13, "learning_rate": 5.7902143887199866e-05, "mean_loss": 0.8540595265535208, "elapsed_seconds": 17.609019599854946}
{"event": "instance_memory_epoch", "endpoint": "control", "fold": 1, "mode": "comparison", "epoch": 18, "optimizer_steps": 13, "learning_rate": 3.342202598438421e-05, "mean_loss": 0.8365211211718045, "elapsed_seconds": 16.95909507572651}
{"event": "instance_memory_epoch", "endpoint": "control", "fold": 1, "mode": "comparison", "epoch": 19, "optimizer_steps": 13, "learning_rate": 1.5129544912544829e-05, "mean_loss": 0.8525589337715735, "elapsed_seconds": 16.874874053522944}
{"event": "instance_memory_epoch", "endpoint": "control", "fold": 1, "mode": "comparison", "epoch": 20, "optimizer_steps": 13, "learning_rate": 3.824169871584004e-06, "mean_loss": 0.8642790179986221, "elapsed_seconds": 17.236104652285576}
建立transformer............
using Transformer_type: ViT-B-16 as a backbone
Resized position embedding: %s to %s torch.Size([197, 768]) torch.Size([129, 768])
Position embedding resize to height:8 width: 16
Successfully load ckpt!
<All keys matched successfully>
Loading pretrained model from CLIP
camera number is : 8
===========Building Signal===========
建立transformer............
using Transformer_type: ViT-B-16 as a backbone
Resized position embedding: %s to %s torch.Size([197, 768]) torch.Size([129, 768])
Position embedding resize to height:8 width: 16
Successfully load ckpt!
<All keys matched successfully>
Loading pretrained model from CLIP
camera number is : 8
===========Building Signal===========
{"event": "instance_memory_epoch", "endpoint": "instance_memory", "fold": 1, "mode": "comparison", "epoch": 1, "optimizer_steps": 13, "learning_rate": 7.000000000000001e-05, "mean_loss": 4.045432347517747, "elapsed_seconds": 17.009203972294927}
{"event": "instance_memory_epoch", "endpoint": "instance_memory", "fold": 1, "mode": "comparison", "epoch": 2, "optimizer_steps": 13, "learning_rate": 0.00014000000000000001, "mean_loss": 3.527742569263165, "elapsed_seconds": 17.067383041605353}
{"event": "instance_memory_epoch", "endpoint": "instance_memory", "fold": 1, "mode": "comparison", "epoch": 3, "optimizer_steps": 13, "learning_rate": 0.00020999999999999998, "mean_loss": 2.8246073172642636, "elapsed_seconds": 17.0192200653255}
{"event": "instance_memory_epoch", "endpoint": "instance_memory", "fold": 1, "mode": "comparison", "epoch": 4, "optimizer_steps": 13, "learning_rate": 0.00028000000000000003, "mean_loss": 2.202061946575458, "elapsed_seconds": 17.052198614925146}
{"event": "instance_memory_epoch", "endpoint": "instance_memory", "fold": 1, "mode": "comparison", "epoch": 5, "optimizer_steps": 13, "learning_rate": 0.00035, "mean_loss": 1.7013046649786143, "elapsed_seconds": 16.99441453255713}
{"event": "instance_memory_epoch", "endpoint": "instance_memory", "fold": 1, "mode": "comparison", "epoch": 6, "optimizer_steps": 13, "learning_rate": 0.00035, "mean_loss": 1.5366955720461333, "elapsed_seconds": 17.401403477415442}
{"event": "instance_memory_epoch", "endpoint": "instance_memory", "fold": 1, "mode": "comparison", "epoch": 7, "optimizer_steps": 13, "learning_rate": 0.000346175830128416, "mean_loss": 1.444776149896475, "elapsed_seconds": 17.562902668491006}
{"event": "instance_memory_epoch", "endpoint": "instance_memory", "fold": 1, "mode": "comparison", "epoch": 8, "optimizer_steps": 13, "learning_rate": 0.0003348704550874551, "mean_loss": 1.315948302929218, "elapsed_seconds": 17.314166739583015}
{"event": "instance_memory_epoch", "endpoint": "instance_memory", "fold": 1, "mode": "comparison", "epoch": 9, "optimizer_steps": 13, "learning_rate": 0.0003165779740156158, "mean_loss": 1.2549065534885113, "elapsed_seconds": 17.65374931693077}
{"event": "instance_memory_epoch", "endpoint": "instance_memory", "fold": 1, "mode": "comparison", "epoch": 10, "optimizer_steps": 13, "learning_rate": 0.0002920978561128002, "mean_loss": 1.1735250858160167, "elapsed_seconds": 17.12211194448173}
{"event": "instance_memory_epoch", "endpoint": "instance_memory", "fold": 1, "mode": "comparison", "epoch": 11, "optimizer_steps": 13, "learning_rate": 0.0002625, "mean_loss": 1.1524044642081628, "elapsed_seconds": 17.033391198143363}
{"event": "instance_memory_epoch", "endpoint": "instance_memory", "fold": 1, "mode": "comparison", "epoch": 12, "optimizer_steps": 13, "learning_rate": 0.0002290779740156158, "mean_loss": 1.131860980620751, "elapsed_seconds": 17.324499417096376}
{"event": "instance_memory_epoch", "endpoint": "instance_memory", "fold": 1, "mode": "comparison", "epoch": 13, "optimizer_steps": 13, "learning_rate": 0.00019329248107183937, "mean_loss": 1.0955768731924205, "elapsed_seconds": 16.896241603419185}
{"event": "instance_memory_epoch", "endpoint": "instance_memory", "fold": 1, "mode": "comparison", "epoch": 14, "optimizer_steps": 13, "learning_rate": 0.00015670751892816066, "mean_loss": 1.0615463623633752, "elapsed_seconds": 17.163112103939056}
{"event": "instance_memory_epoch", "endpoint": "instance_memory", "fold": 1, "mode": "comparison", "epoch": 15, "optimizer_steps": 13, "learning_rate": 0.00012092202598438422, "mean_loss": 1.072183792407696, "elapsed_seconds": 17.11016783863306}
{"event": "instance_memory_epoch", "endpoint": "instance_memory", "fold": 1, "mode": "comparison", "epoch": 16, "optimizer_steps": 13, "learning_rate": 8.750000000000004e-05, "mean_loss": 1.077726056942573, "elapsed_seconds": 17.634961364790797}
{"event": "instance_memory_epoch", "endpoint": "instance_memory", "fold": 1, "mode": "comparison", "epoch": 17, "optimizer_steps": 13, "learning_rate": 5.7902143887199866e-05, "mean_loss": 1.030585738328787, "elapsed_seconds": 17.19480981118977}
{"event": "instance_memory_epoch", "endpoint": "instance_memory", "fold": 1, "mode": "comparison", "epoch": 18, "optimizer_steps": 13, "learning_rate": 3.342202598438421e-05, "mean_loss": 1.0241700089894807, "elapsed_seconds": 17.020537802949548}
{"event": "instance_memory_epoch", "endpoint": "instance_memory", "fold": 1, "mode": "comparison", "epoch": 19, "optimizer_steps": 13, "learning_rate": 1.5129544912544829e-05, "mean_loss": 1.0209742050904493, "elapsed_seconds": 16.90791694074869}
{"event": "instance_memory_epoch", "endpoint": "instance_memory", "fold": 1, "mode": "comparison", "epoch": 20, "optimizer_steps": 13, "learning_rate": 3.824169871584004e-06, "mean_loss": 1.0231238236794105, "elapsed_seconds": 17.153808807954192}
建立transformer............
using Transformer_type: ViT-B-16 as a backbone
Resized position embedding: %s to %s torch.Size([197, 768]) torch.Size([129, 768])
Position embedding resize to height:8 width: 16
Successfully load ckpt!
<All keys matched successfully>
Loading pretrained model from CLIP
camera number is : 8
===========Building Signal===========
建立transformer............
using Transformer_type: ViT-B-16 as a backbone
Resized position embedding: %s to %s torch.Size([197, 768]) torch.Size([129, 768])
Position embedding resize to height:8 width: 16
Successfully load ckpt!
<All keys matched successfully>
Loading pretrained model from CLIP
camera number is : 8
===========Building Signal===========
{"event": "instance_memory_epoch", "endpoint": "control", "fold": 2, "mode": "comparison", "epoch": 1, "optimizer_steps": 13, "learning_rate": 7.000000000000001e-05, "mean_loss": 4.056974906187791, "elapsed_seconds": 17.67166393622756}
{"event": "instance_memory_epoch", "endpoint": "control", "fold": 2, "mode": "comparison", "epoch": 2, "optimizer_steps": 13, "learning_rate": 0.00014000000000000001, "mean_loss": 3.553473472595215, "elapsed_seconds": 17.113513013347983}
{"event": "instance_memory_epoch", "endpoint": "control", "fold": 2, "mode": "comparison", "epoch": 3, "optimizer_steps": 13, "learning_rate": 0.00020999999999999998, "mean_loss": 2.8408777163578915, "elapsed_seconds": 17.118714483454823}
{"event": "instance_memory_epoch", "endpoint": "control", "fold": 2, "mode": "comparison", "epoch": 4, "optimizer_steps": 13, "learning_rate": 0.00028000000000000003, "mean_loss": 2.110236250437223, "elapsed_seconds": 17.47534978017211}
{"event": "instance_memory_epoch", "endpoint": "control", "fold": 2, "mode": "comparison", "epoch": 5, "optimizer_steps": 13, "learning_rate": 0.00035, "mean_loss": 1.740721033169673, "elapsed_seconds": 17.006263120099902}
{"event": "instance_memory_epoch", "endpoint": "control", "fold": 2, "mode": "comparison", "epoch": 6, "optimizer_steps": 13, "learning_rate": 0.00035, "mean_loss": 1.4504734827921941, "elapsed_seconds": 18.115696109831333}
{"event": "instance_memory_epoch", "endpoint": "control", "fold": 2, "mode": "comparison", "epoch": 7, "optimizer_steps": 13, "learning_rate": 0.000346175830128416, "mean_loss": 1.2794124346513014, "elapsed_seconds": 17.521503584459424}
{"event": "instance_memory_epoch", "endpoint": "control", "fold": 2, "mode": "comparison", "epoch": 8, "optimizer_steps": 13, "learning_rate": 0.0003348704550874551, "mean_loss": 1.157817033620981, "elapsed_seconds": 17.275872291997075}
{"event": "instance_memory_epoch", "endpoint": "control", "fold": 2, "mode": "comparison", "epoch": 9, "optimizer_steps": 13, "learning_rate": 0.0003165779740156158, "mean_loss": 1.078299118922307, "elapsed_seconds": 17.042048260569572}
{"event": "instance_memory_epoch", "endpoint": "control", "fold": 2, "mode": "comparison", "epoch": 10, "optimizer_steps": 13, "learning_rate": 0.0002920978561128002, "mean_loss": 1.0050369959611158, "elapsed_seconds": 17.070082472637296}
{"event": "instance_memory_epoch", "endpoint": "control", "fold": 2, "mode": "comparison", "epoch": 11, "optimizer_steps": 13, "learning_rate": 0.0002625, "mean_loss": 0.9784551721352798, "elapsed_seconds": 17.43490027077496}
{"event": "instance_memory_epoch", "endpoint": "control", "fold": 2, "mode": "comparison", "epoch": 12, "optimizer_steps": 13, "learning_rate": 0.0002290779740156158, "mean_loss": 0.904563518670889, "elapsed_seconds": 17.2265902813524}
{"event": "instance_memory_epoch", "endpoint": "control", "fold": 2, "mode": "comparison", "epoch": 13, "optimizer_steps": 13, "learning_rate": 0.00019329248107183937, "mean_loss": 0.8853668845616854, "elapsed_seconds": 17.220607291907072}
{"event": "instance_memory_epoch", "endpoint": "control", "fold": 2, "mode": "comparison", "epoch": 14, "optimizer_steps": 13, "learning_rate": 0.00015670751892816066, "mean_loss": 0.9286801173136785, "elapsed_seconds": 17.563260916620493}
{"event": "instance_memory_epoch", "endpoint": "control", "fold": 2, "mode": "comparison", "epoch": 15, "optimizer_steps": 13, "learning_rate": 0.00012092202598438422, "mean_loss": 0.8937895573102511, "elapsed_seconds": 17.50195148214698}
{"event": "instance_memory_epoch", "endpoint": "control", "fold": 2, "mode": "comparison", "epoch": 16, "optimizer_steps": 13, "learning_rate": 8.750000000000004e-05, "mean_loss": 0.8537683486938477, "elapsed_seconds": 17.25639048218727}
{"event": "instance_memory_epoch", "endpoint": "control", "fold": 2, "mode": "comparison", "epoch": 17, "optimizer_steps": 13, "learning_rate": 5.7902143887199866e-05, "mean_loss": 0.8545690774917603, "elapsed_seconds": 17.23083009943366}
{"event": "instance_memory_epoch", "endpoint": "control", "fold": 2, "mode": "comparison", "epoch": 18, "optimizer_steps": 13, "learning_rate": 3.342202598438421e-05, "mean_loss": 0.8462253396327679, "elapsed_seconds": 17.480631947517395}
{"event": "instance_memory_epoch", "endpoint": "control", "fold": 2, "mode": "comparison", "epoch": 19, "optimizer_steps": 13, "learning_rate": 1.5129544912544829e-05, "mean_loss": 0.8502059028698847, "elapsed_seconds": 17.391743598505855}
{"event": "instance_memory_epoch", "endpoint": "control", "fold": 2, "mode": "comparison", "epoch": 20, "optimizer_steps": 13, "learning_rate": 3.824169871584004e-06, "mean_loss": 0.8360775938400855, "elapsed_seconds": 17.1046015098691}
建立transformer............
using Transformer_type: ViT-B-16 as a backbone
Resized position embedding: %s to %s torch.Size([197, 768]) torch.Size([129, 768])
Position embedding resize to height:8 width: 16
Successfully load ckpt!
<All keys matched successfully>
Loading pretrained model from CLIP
camera number is : 8
===========Building Signal===========
建立transformer............
using Transformer_type: ViT-B-16 as a backbone
Resized position embedding: %s to %s torch.Size([197, 768]) torch.Size([129, 768])
Position embedding resize to height:8 width: 16
Successfully load ckpt!
<All keys matched successfully>
Loading pretrained model from CLIP
camera number is : 8
===========Building Signal===========
{"event": "instance_memory_epoch", "endpoint": "instance_memory", "fold": 2, "mode": "comparison", "epoch": 1, "optimizer_steps": 13, "learning_rate": 7.000000000000001e-05, "mean_loss": 4.057017729832576, "elapsed_seconds": 17.572722882032394}
{"event": "instance_memory_epoch", "endpoint": "instance_memory", "fold": 2, "mode": "comparison", "epoch": 2, "optimizer_steps": 13, "learning_rate": 0.00014000000000000001, "mean_loss": 3.553479781517616, "elapsed_seconds": 17.335836552083492}
{"event": "instance_memory_epoch", "endpoint": "instance_memory", "fold": 2, "mode": "comparison", "epoch": 3, "optimizer_steps": 13, "learning_rate": 0.00020999999999999998, "mean_loss": 2.840937981238732, "elapsed_seconds": 16.890296751633286}
{"event": "instance_memory_epoch", "endpoint": "instance_memory", "fold": 2, "mode": "comparison", "epoch": 4, "optimizer_steps": 13, "learning_rate": 0.00028000000000000003, "mean_loss": 2.1103436855169444, "elapsed_seconds": 17.41775464825332}
{"event": "instance_memory_epoch", "endpoint": "instance_memory", "fold": 2, "mode": "comparison", "epoch": 5, "optimizer_steps": 13, "learning_rate": 0.00035, "mean_loss": 1.740601814710177, "elapsed_seconds": 17.277983527630568}
{"event": "instance_memory_epoch", "endpoint": "instance_memory", "fold": 2, "mode": "comparison", "epoch": 6, "optimizer_steps": 13, "learning_rate": 0.00035, "mean_loss": 1.5355112094145555, "elapsed_seconds": 17.636490726843476}
{"event": "instance_memory_epoch", "endpoint": "instance_memory", "fold": 2, "mode": "comparison", "epoch": 7, "optimizer_steps": 13, "learning_rate": 0.000346175830128416, "mean_loss": 1.4433331856360803, "elapsed_seconds": 17.41491694934666}
{"event": "instance_memory_epoch", "endpoint": "instance_memory", "fold": 2, "mode": "comparison", "epoch": 8, "optimizer_steps": 13, "learning_rate": 0.0003348704550874551, "mean_loss": 1.3188248047461877, "elapsed_seconds": 17.32095587067306}
{"event": "instance_memory_epoch", "endpoint": "instance_memory", "fold": 2, "mode": "comparison", "epoch": 9, "optimizer_steps": 13, "learning_rate": 0.0003165779740156158, "mean_loss": 1.2371580325640166, "elapsed_seconds": 16.74213289655745}
{"event": "instance_memory_epoch", "endpoint": "instance_memory", "fold": 2, "mode": "comparison", "epoch": 10, "optimizer_steps": 13, "learning_rate": 0.0002920978561128002, "mean_loss": 1.1760084262261024, "elapsed_seconds": 17.3037133179605}
{"event": "instance_memory_epoch", "endpoint": "instance_memory", "fold": 2, "mode": "comparison", "epoch": 11, "optimizer_steps": 13, "learning_rate": 0.0002625, "mean_loss": 1.1370511742738576, "elapsed_seconds": 17.15202592499554}
{"event": "instance_memory_epoch", "endpoint": "instance_memory", "fold": 2, "mode": "comparison", "epoch": 12, "optimizer_steps": 13, "learning_rate": 0.0002290779740156158, "mean_loss": 1.0649187060502858, "elapsed_seconds": 17.50209832750261}
{"event": "instance_memory_epoch", "endpoint": "instance_memory", "fold": 2, "mode": "comparison", "epoch": 13, "optimizer_steps": 13, "learning_rate": 0.00019329248107183937, "mean_loss": 1.0599753168913035, "elapsed_seconds": 17.692017989233136}
{"event": "instance_memory_epoch", "endpoint": "instance_memory", "fold": 2, "mode": "comparison", "epoch": 14, "optimizer_steps": 13, "learning_rate": 0.00015670751892816066, "mean_loss": 1.0939513123952425, "elapsed_seconds": 17.360111011192203}
{"event": "instance_memory_epoch", "endpoint": "instance_memory", "fold": 2, "mode": "comparison", "epoch": 15, "optimizer_steps": 13, "learning_rate": 0.00012092202598438422, "mean_loss": 1.0669694038537831, "elapsed_seconds": 17.198559150099754}
{"event": "instance_memory_epoch", "endpoint": "instance_memory", "fold": 2, "mode": "comparison", "epoch": 16, "optimizer_steps": 13, "learning_rate": 8.750000000000004e-05, "mean_loss": 1.025061914554009, "elapsed_seconds": 17.188689524307847}
{"event": "instance_memory_epoch", "endpoint": "instance_memory", "fold": 2, "mode": "comparison", "epoch": 17, "optimizer_steps": 13, "learning_rate": 5.7902143887199866e-05, "mean_loss": 1.009159152324383, "elapsed_seconds": 17.404546270146966}
{"event": "instance_memory_epoch", "endpoint": "instance_memory", "fold": 2, "mode": "comparison", "epoch": 18, "optimizer_steps": 13, "learning_rate": 3.342202598438421e-05, "mean_loss": 1.0065814210818365, "elapsed_seconds": 17.008533988147974}
{"event": "instance_memory_epoch", "endpoint": "instance_memory", "fold": 2, "mode": "comparison", "epoch": 19, "optimizer_steps": 13, "learning_rate": 1.5129544912544829e-05, "mean_loss": 0.9973608209536626, "elapsed_seconds": 17.170822136104107}
{"event": "instance_memory_epoch", "endpoint": "instance_memory", "fold": 2, "mode": "comparison", "epoch": 20, "optimizer_steps": 13, "learning_rate": 3.824169871584004e-06, "mean_loss": 0.9869047861832839, "elapsed_seconds": 17.4833113104105}
建立transformer............
using Transformer_type: ViT-B-16 as a backbone
Resized position embedding: %s to %s torch.Size([197, 768]) torch.Size([129, 768])
Position embedding resize to height:8 width: 16
Successfully load ckpt!
<All keys matched successfully>
Loading pretrained model from CLIP
camera number is : 8
===========Building Signal===========
