/data/gaob/Re-ID/conda-envs/tri_reid/lib/python3.10/site-packages/timm/models/helpers.py:7: FutureWarning: Importing from timm.models.helpers is deprecated, please import via timm.models
  warnings.warn(f"Importing from {__name__} is deprecated, please import via timm.models", FutureWarning)
/data/gaob/Re-ID/conda-envs/tri_reid/lib/python3.10/site-packages/timm/models/registry.py:4: FutureWarning: Importing from timm.models.registry is deprecated, please import via timm.models
  warnings.warn(f"Importing from {__name__} is deprecated, please import via timm.models", FutureWarning)
/data/gaob/Re-ID/conda-envs/tri_reid/lib/python3.10/site-packages/timm/models/layers/__init__.py:48: FutureWarning: Importing from timm.models.layers is deprecated, please import via timm.layers
  warnings.warn(f"Importing from {__name__} is deprecated, please import via timm.layers", FutureWarning)
建立transformer............
using Transformer_type: ViT-B-16 as a backbone
Resized position embedding: %s to %s torch.Size([197, 768]) torch.Size([129, 768])
Position embedding resize to height:16 width: 8
Successfully load ckpt!
<All keys matched successfully>
Loading pretrained model from CLIP
camera number is : 4
===========Building Signal===========
using soft triplet loss for training
label smooth on, numclasses: 171
{"event": "epoch", "dataset": "RGBNT201", "recipe": "author", "epoch": 1, "steps": 53, "mean_loss": 4.374369765227696, "seconds": 27.887370117008686, "official_fused": {"mAP": 21.72627916902322, "Rank-1": 18.301434814929962, "Rank-5": 29.784688353538513, "Rank-10": 40.66985547542572}}
{"event": "epoch", "dataset": "RGBNT201", "recipe": "author", "epoch": 2, "steps": 53, "mean_loss": 3.285447161152678, "seconds": 26.31343466602266, "official_fused": {"mAP": 50.15107985894496, "Rank-1": 51.435405015945435, "Rank-5": 63.51674795150757, "Rank-10": 73.80383014678955}}
{"event": "epoch", "dataset": "RGBNT201", "recipe": "author", "epoch": 3, "steps": 53, "mean_loss": 2.4120147813041255, "seconds": 26.65083107398823, "official_fused": {"mAP": 61.562022136102314, "Rank-1": 65.43062329292297, "Rank-5": 77.51196026802063, "Rank-10": 82.65550136566162}}
{"event": "epoch", "dataset": "RGBNT201", "recipe": "author", "epoch": 4, "steps": 53, "mean_loss": 1.7415027550931246, "seconds": 26.629846971016377, "official_fused": {"mAP": 70.27796010221621, "Rank-1": 74.16267991065979, "Rank-5": 84.80861186981201, "Rank-10": 89.47368264198303}}
{"event": "epoch", "dataset": "RGBNT201", "recipe": "author", "epoch": 5, "steps": 53, "mean_loss": 1.3186907295910817, "seconds": 26.67810090997955, "official_fused": {"mAP": 65.73452375974185, "Rank-1": 66.74641370773315, "Rank-5": 77.9904305934906, "Rank-10": 82.53588676452637}}
{"event": "epoch", "dataset": "RGBNT201", "recipe": "author", "epoch": 6, "steps": 53, "mean_loss": 0.8164253898386685, "seconds": 27.185943213000428, "official_fused": {"mAP": 68.86140969111322, "Rank-1": 71.41148447990417, "Rank-5": 84.56937670707703, "Rank-10": 88.75598311424255}}
{"event": "epoch", "dataset": "RGBNT201", "recipe": "author", "epoch": 7, "steps": 53, "mean_loss": 0.6034693740448862, "seconds": 26.99981599597959, "official_fused": {"mAP": 72.548424952245, "Rank-1": 76.67464017868042, "Rank-5": 86.00478172302246, "Rank-10": 90.07176756858826}}
{"event": "epoch", "dataset": "RGBNT201", "recipe": "author", "epoch": 8, "steps": 53, "mean_loss": 0.5630271805907195, "seconds": 26.817461304017343, "official_fused": {"mAP": 71.71042311176514, "Rank-1": 74.16267991065979, "Rank-5": 84.09090638160706, "Rank-10": 88.99521827697754}}
{"event": "epoch", "dataset": "RGBNT201", "recipe": "author", "epoch": 9, "steps": 53, "mean_loss": 0.5237089682300136, "seconds": 26.75533060001908, "official_fused": {"mAP": 70.45079944247327, "Rank-1": 73.56459498405457, "Rank-5": 85.28708219528198, "Rank-10": 89.59330320358276}}
{"event": "epoch", "dataset": "RGBNT201", "recipe": "author", "epoch": 10, "steps": 53, "mean_loss": 0.521517110883065, "seconds": 26.221052393026184, "official_fused": {"mAP": 68.49402056623755, "Rank-1": 71.53109908103943, "Rank-5": 83.13397169113159, "Rank-10": 87.91866302490234}}
{"event": "epoch", "dataset": "RGBNT201", "recipe": "author", "epoch": 11, "steps": 53, "mean_loss": 0.5054342263149765, "seconds": 27.170808715978637, "official_fused": {"mAP": 69.48248033675394, "Rank-1": 72.60765433311462, "Rank-5": 83.73205661773682, "Rank-10": 88.0382776260376}}
{"event": "epoch", "dataset": "RGBNT201", "recipe": "author", "epoch": 12, "steps": 53, "mean_loss": 0.5311862337139418, "seconds": 27.248773797007743, "official_fused": {"mAP": 70.98648962240982, "Rank-1": 76.0765552520752, "Rank-5": 86.72248721122742, "Rank-10": 90.55023789405823}}
{"event": "epoch", "dataset": "RGBNT201", "recipe": "author", "epoch": 13, "steps": 53, "mean_loss": 0.5025881877485311, "seconds": 27.483769468963146, "official_fused": {"mAP": 71.06503219321866, "Rank-1": 74.40191507339478, "Rank-5": 85.40669679641724, "Rank-10": 89.952152967453}}
{"event": "epoch", "dataset": "RGBNT201", "recipe": "author", "epoch": 14, "steps": 53, "mean_loss": 0.49464160934934076, "seconds": 27.604759123001713, "official_fused": {"mAP": 70.2981643241275, "Rank-1": 74.16267991065979, "Rank-5": 85.40669679641724, "Rank-10": 90.07176756858826}}
{"event": "epoch", "dataset": "RGBNT201", "recipe": "author", "epoch": 15, "steps": 53, "mean_loss": 0.4870342893420525, "seconds": 27.389314785017632, "official_fused": {"mAP": 70.73496794358137, "Rank-1": 74.16267991065979, "Rank-5": 85.52631735801697, "Rank-10": 90.19138813018799}}
{"event": "epoch", "dataset": "RGBNT201", "recipe": "author", "epoch": 16, "steps": 53, "mean_loss": 0.5032209467213109, "seconds": 26.73781467200024, "official_fused": {"mAP": 70.67011712572497, "Rank-1": 72.96651005744934, "Rank-5": 85.76555252075195, "Rank-10": 90.55023789405823}}
{"event": "epoch", "dataset": "RGBNT201", "recipe": "author", "epoch": 17, "steps": 53, "mean_loss": 0.48499213018507326, "seconds": 26.849354172998574, "official_fused": {"mAP": 70.97899804084524, "Rank-1": 75.23923516273499, "Rank-5": 85.76555252075195, "Rank-10": 90.07176756858826}}
{"event": "epoch", "dataset": "RGBNT201", "recipe": "author", "epoch": 18, "steps": 53, "mean_loss": 0.47909228363127077, "seconds": 27.01726318296278, "official_fused": {"mAP": 70.92568717980636, "Rank-1": 75.11961460113525, "Rank-5": 86.36363744735718, "Rank-10": 90.90909361839294}}
{"event": "epoch", "dataset": "RGBNT201", "recipe": "author", "epoch": 19, "steps": 53, "mean_loss": 0.5033242460691704, "seconds": 26.41089609800838, "official_fused": {"mAP": 68.34354513732227, "Rank-1": 70.21530866622925, "Rank-5": 83.61244201660156, "Rank-10": 89.83253836631775}}
{"event": "epoch", "dataset": "RGBNT201", "recipe": "author", "epoch": 20, "steps": 53, "mean_loss": 0.48249695942086995, "seconds": 26.467218972975388, "official_fused": {"mAP": 68.5673141049886, "Rank-1": 72.0095694065094, "Rank-5": 84.92823243141174, "Rank-10": 89.71291780471802}}
{"event": "epoch", "dataset": "RGBNT201", "recipe": "author", "epoch": 21, "steps": 53, "mean_loss": 0.4788874663271994, "seconds": 26.54138333897572, "official_fused": {"mAP": 68.9004411488958, "Rank-1": 71.41148447990417, "Rank-5": 83.37320685386658, "Rank-10": 88.63636255264282}}
{"event": "epoch", "dataset": "RGBNT201", "recipe": "author", "epoch": 22, "steps": 53, "mean_loss": 0.4728187193285744, "seconds": 26.50218211801257, "official_fused": {"mAP": 67.28241801715285, "Rank-1": 69.73684430122375, "Rank-5": 81.93780183792114, "Rank-10": 88.27751278877258}}
{"event": "epoch", "dataset": "RGBNT201", "recipe": "author", "epoch": 23, "steps": 53, "mean_loss": 0.48014976562194106, "seconds": 26.368993796990253, "official_fused": {"mAP": 68.24107361566742, "Rank-1": 69.37798857688904, "Rank-5": 82.65550136566162, "Rank-10": 88.87559771537781}}
{"event": "epoch", "dataset": "RGBNT201", "recipe": "author", "epoch": 24, "steps": 53, "mean_loss": 0.47115961616893987, "seconds": 25.72828906198265, "official_fused": {"mAP": 69.17414702750509, "Rank-1": 69.61722373962402, "Rank-5": 84.21052694320679, "Rank-10": 89.71291780471802}}
{"event": "epoch", "dataset": "RGBNT201", "recipe": "author", "epoch": 25, "steps": 53, "mean_loss": 0.4664339878649082, "seconds": 26.25728734297445, "official_fused": {"mAP": 70.09532302914292, "Rank-1": 71.29186391830444, "Rank-5": 84.68899726867676, "Rank-10": 90.43062329292297}}
{"event": "epoch", "dataset": "RGBNT201", "recipe": "author", "epoch": 26, "steps": 53, "mean_loss": 0.4655055235017021, "seconds": 26.487011730030645, "official_fused": {"mAP": 70.30753489965109, "Rank-1": 71.41148447990417, "Rank-5": 84.21052694320679, "Rank-10": 89.35406804084778}}
{"event": "epoch", "dataset": "RGBNT201", "recipe": "author", "epoch": 27, "steps": 53, "mean_loss": 0.4622425937427665, "seconds": 26.417672160023358, "official_fused": {"mAP": 70.70057103327238, "Rank-1": 72.0095694065094, "Rank-5": 84.56937670707703, "Rank-10": 89.59330320358276}}
{"event": "epoch", "dataset": "RGBNT201", "recipe": "author", "epoch": 28, "steps": 53, "mean_loss": 0.4618945341065245, "seconds": 26.413060375023633, "official_fused": {"mAP": 70.52589373440134, "Rank-1": 72.12918400764465, "Rank-5": 84.56937670707703, "Rank-10": 89.47368264198303}}
{"event": "epoch", "dataset": "RGBNT201", "recipe": "author", "epoch": 29, "steps": 53, "mean_loss": 0.4607585944094748, "seconds": 26.378355173044838, "official_fused": {"mAP": 70.45489089594852, "Rank-1": 72.60765433311462, "Rank-5": 84.80861186981201, "Rank-10": 89.35406804084778}}
{"event": "epoch", "dataset": "RGBNT201", "recipe": "author", "epoch": 30, "steps": 53, "mean_loss": 0.46339657396640416, "seconds": 26.45566548896022, "official_fused": {"mAP": 70.42061326681551, "Rank-1": 72.60765433311462, "Rank-5": 84.56937670707703, "Rank-10": 89.71291780471802}}
{"event": "epoch", "dataset": "RGBNT201", "recipe": "author", "epoch": 31, "steps": 53, "mean_loss": 0.46171100015910166, "seconds": 26.385989335016347, "official_fused": {"mAP": 70.21688357794876, "Rank-1": 72.12918400764465, "Rank-5": 84.44976210594177, "Rank-10": 88.63636255264282}}
{"event": "epoch", "dataset": "RGBNT201", "recipe": "author", "epoch": 32, "steps": 53, "mean_loss": 0.4618526078620047, "seconds": 26.399718666041736, "official_fused": {"mAP": 69.05705630298097, "Rank-1": 70.33492922782898, "Rank-5": 83.25358629226685, "Rank-10": 88.0382776260376}}
{"event": "epoch", "dataset": "RGBNT201", "recipe": "author", "epoch": 33, "steps": 53, "mean_loss": 0.4589724180833349, "seconds": 26.30181055702269, "official_fused": {"mAP": 69.55804719840539, "Rank-1": 71.29186391830444, "Rank-5": 84.09090638160706, "Rank-10": 88.39712738990784}}
{"event": "epoch", "dataset": "RGBNT201", "recipe": "author", "epoch": 34, "steps": 53, "mean_loss": 0.457891730767376, "seconds": 26.36773339600768, "official_fused": {"mAP": 69.37058812658708, "Rank-1": 70.45454382896423, "Rank-5": 83.61244201660156, "Rank-10": 88.27751278877258}}
{"event": "epoch", "dataset": "RGBNT201", "recipe": "author", "epoch": 35, "steps": 53, "mean_loss": 0.4591805766213615, "seconds": 26.31567256100243, "official_fused": {"mAP": 69.3940845077256, "Rank-1": 70.45454382896423, "Rank-5": 83.9712917804718, "Rank-10": 88.15789222717285}}
{"event": "epoch", "dataset": "RGBNT201", "recipe": "author", "epoch": 36, "steps": 53, "mean_loss": 0.45631133779039923, "seconds": 26.324031556025147, "official_fused": {"mAP": 69.44749458617947, "Rank-1": 70.81339955329895, "Rank-5": 84.33014154434204, "Rank-10": 88.27751278877258}}
{"event": "epoch", "dataset": "RGBNT201", "recipe": "author", "epoch": 37, "steps": 53, "mean_loss": 0.45757569288307764, "seconds": 26.208776103972923, "official_fused": {"mAP": 69.5111977128154, "Rank-1": 70.69377899169922, "Rank-5": 83.61244201660156, "Rank-10": 88.75598311424255}}
{"event": "epoch", "dataset": "RGBNT201", "recipe": "author", "epoch": 38, "steps": 53, "mean_loss": 0.4617883175049188, "seconds": 25.907767777040135, "official_fused": {"mAP": 69.55079237448099, "Rank-1": 70.81339955329895, "Rank-5": 84.21052694320679, "Rank-10": 89.35406804084778}}
{"event": "epoch", "dataset": "RGBNT201", "recipe": "author", "epoch": 39, "steps": 53, "mean_loss": 0.45608302332320305, "seconds": 26.316482738009654, "official_fused": {"mAP": 69.59650115744932, "Rank-1": 71.77033424377441, "Rank-5": 84.21052694320679, "Rank-10": 88.99521827697754}}
{"event": "epoch", "dataset": "RGBNT201", "recipe": "author", "epoch": 40, "steps": 53, "mean_loss": 0.4553715969031712, "seconds": 26.397267840977293, "official_fused": {"mAP": 69.53296276935147, "Rank-1": 71.65071964263916, "Rank-5": 83.73205661773682, "Rank-10": 88.87559771537781}}
{"event": "epoch", "dataset": "RGBNT201", "recipe": "author", "epoch": 41, "steps": 53, "mean_loss": 0.4590925478710319, "seconds": 26.610220664995722, "official_fused": {"mAP": 69.26048343916463, "Rank-1": 71.05262875556946, "Rank-5": 83.25358629226685, "Rank-10": 88.75598311424255}}
{"event": "epoch", "dataset": "RGBNT201", "recipe": "author", "epoch": 42, "steps": 53, "mean_loss": 0.45522186160087585, "seconds": 26.398036730999593, "official_fused": {"mAP": 69.47398120772476, "Rank-1": 71.88995480537415, "Rank-5": 83.9712917804718, "Rank-10": 88.75598311424255}}
{"event": "epoch", "dataset": "RGBNT201", "recipe": "author", "epoch": 43, "steps": 53, "mean_loss": 0.45570762314886415, "seconds": 26.374469531001523, "official_fused": {"mAP": 69.53919939471074, "Rank-1": 71.77033424377441, "Rank-5": 83.37320685386658, "Rank-10": 88.63636255264282}}
{"event": "epoch", "dataset": "RGBNT201", "recipe": "author", "epoch": 44, "steps": 53, "mean_loss": 0.4567176047361122, "seconds": 26.417574138962664, "official_fused": {"mAP": 69.68899068629074, "Rank-1": 71.88995480537415, "Rank-5": 83.49282145500183, "Rank-10": 88.27751278877258}}
{"event": "epoch", "dataset": "RGBNT201", "recipe": "author", "epoch": 45, "steps": 53, "mean_loss": 0.45438320063195137, "seconds": 26.602560430008452, "official_fused": {"mAP": 69.74322933716789, "Rank-1": 71.77033424377441, "Rank-5": 83.85167717933655, "Rank-10": 88.51674795150757}}
{"event": "epoch", "dataset": "RGBNT201", "recipe": "author", "epoch": 46, "steps": 52, "mean_loss": 0.4560744888507403, "seconds": 26.08171163703082, "official_fused": {"mAP": 70.05142707666191, "Rank-1": 72.36841917037964, "Rank-5": 84.33014154434204, "Rank-10": 88.75598311424255}}
{"event": "epoch", "dataset": "RGBNT201", "recipe": "author", "epoch": 47, "steps": 53, "mean_loss": 0.45503992629501056, "seconds": 26.548315080988687, "official_fused": {"mAP": 70.05869247087807, "Rank-1": 72.24880456924438, "Rank-5": 84.21052694320679, "Rank-10": 89.1148328781128}}
{"event": "epoch", "dataset": "RGBNT201", "recipe": "author", "epoch": 48, "steps": 53, "mean_loss": 0.455484262052572, "seconds": 25.898653358977754, "official_fused": {"mAP": 69.98885561998718, "Rank-1": 72.48803973197937, "Rank-5": 84.09090638160706, "Rank-10": 89.23444747924805}}
{"event": "epoch", "dataset": "RGBNT201", "recipe": "author", "epoch": 49, "steps": 53, "mean_loss": 0.4543932698807626, "seconds": 26.53635750396643, "official_fused": {"mAP": 69.98789246591595, "Rank-1": 72.48803973197937, "Rank-5": 84.33014154434204, "Rank-10": 88.99521827697754}}
{"event": "epoch", "dataset": "RGBNT201", "recipe": "author", "epoch": 50, "steps": 53, "mean_loss": 0.45556774341835166, "seconds": 26.341659536992665, "official_fused": {"mAP": 69.90369655229375, "Rank-1": 72.48803973197937, "Rank-5": 84.33014154434204, "Rank-10": 88.75598311424255}}
