/data/gaob/Re-ID/conda-envs/tri_reid/lib/python3.10/site-packages/timm/models/helpers.py:7: FutureWarning: Importing from timm.models.helpers is deprecated, please import via timm.models
  warnings.warn(f"Importing from {__name__} is deprecated, please import via timm.models", FutureWarning)
/data/gaob/Re-ID/conda-envs/tri_reid/lib/python3.10/site-packages/timm/models/registry.py:4: FutureWarning: Importing from timm.models.registry is deprecated, please import via timm.models
  warnings.warn(f"Importing from {__name__} is deprecated, please import via timm.models", FutureWarning)
/data/gaob/Re-ID/conda-envs/tri_reid/lib/python3.10/site-packages/timm/models/layers/__init__.py:48: FutureWarning: Importing from timm.models.layers is deprecated, please import via timm.layers
  warnings.warn(f"Importing from {__name__} is deprecated, please import via timm.layers", FutureWarning)
建立transformer............
using Transformer_type: ViT-B-16 as a backbone
Resized position embedding: %s to %s torch.Size([197, 768]) torch.Size([129, 768])
Position embedding resize to height:8 width: 16
Successfully load ckpt!
<All keys matched successfully>
Loading pretrained model from CLIP
camera number is : 8
===========Building Signal===========
{"event": "epoch", "dataset": "RGBNT100", "epoch": 1, "steps": 130, "mean_loss": 2.531353382880871, "seconds": 41.330818086004, "official_fused": {"mAP": 85.18839867069983, "Rank-1": 95.10204195976257, "Rank-5": 95.68513035774231, "Rank-10": 96.0932970046997}, "best_epoch": 1}
{"event": "epoch", "dataset": "RGBNT100", "epoch": 2, "steps": 131, "mean_loss": 0.8945162023296793, "seconds": 39.93440456400276, "official_fused": {"mAP": 84.75470501022006, "Rank-1": 95.80174684524536, "Rank-5": 96.61807417869568, "Rank-10": 97.08454608917236}, "best_epoch": 1}
{"event": "epoch", "dataset": "RGBNT100", "epoch": 3, "steps": 132, "mean_loss": 0.7292475411386201, "seconds": 40.27462563398876, "official_fused": {"mAP": 82.44770428151915, "Rank-1": 95.74344158172607, "Rank-5": 96.67638540267944, "Rank-10": 97.08454608917236}, "best_epoch": 1}
{"event": "epoch", "dataset": "RGBNT100", "epoch": 4, "steps": 131, "mean_loss": 0.7188570799718377, "seconds": 40.33546969699091, "official_fused": {"mAP": 81.28753202549558, "Rank-1": 94.46064233779907, "Rank-5": 95.10204195976257, "Rank-10": 95.86005806922913}, "best_epoch": 1}
{"event": "epoch", "dataset": "RGBNT100", "epoch": 5, "steps": 132, "mean_loss": 0.7135732864791696, "seconds": 40.31691494099505, "official_fused": {"mAP": 81.9511529827523, "Rank-1": 95.21865844726562, "Rank-5": 95.86005806922913, "Rank-10": 96.20991349220276}, "best_epoch": 1}
{"event": "epoch", "dataset": "RGBNT100", "epoch": 6, "steps": 131, "mean_loss": 0.7112320402196346, "seconds": 40.043108698999276, "official_fused": {"mAP": 82.19818230518425, "Rank-1": 94.51894760131836, "Rank-5": 95.56851387023926, "Rank-10": 95.97667455673218}, "best_epoch": 1}
{"event": "epoch", "dataset": "RGBNT100", "epoch": 7, "steps": 132, "mean_loss": 0.7089777588844299, "seconds": 40.35036961500009, "official_fused": {"mAP": 81.84294038168801, "Rank-1": 94.8104977607727, "Rank-5": 95.56851387023926, "Rank-10": 95.80174684524536}, "best_epoch": 1}
{"event": "epoch", "dataset": "RGBNT100", "epoch": 8, "steps": 131, "mean_loss": 0.7083207664598945, "seconds": 40.06121356700896, "official_fused": {"mAP": 82.12289868261836, "Rank-1": 94.40233111381531, "Rank-5": 95.33527493476868, "Rank-10": 95.68513035774231}, "best_epoch": 1}
{"event": "epoch", "dataset": "RGBNT100", "epoch": 9, "steps": 130, "mean_loss": 0.7082326348011311, "seconds": 39.76045700100076, "official_fused": {"mAP": 82.55147473108077, "Rank-1": 94.86880302429199, "Rank-5": 95.5102026462555, "Rank-10": 96.26821875572205}, "best_epoch": 1}
{"event": "epoch", "dataset": "RGBNT100", "epoch": 10, "steps": 132, "mean_loss": 0.7078038905606125, "seconds": 40.33400368099683, "official_fused": {"mAP": 82.63718363455556, "Rank-1": 94.51894760131836, "Rank-5": 95.80174684524536, "Rank-10": 96.50145769119263}, "best_epoch": 1}
{"event": "epoch", "dataset": "RGBNT100", "epoch": 11, "steps": 131, "mean_loss": 0.7074907358366115, "seconds": 40.07362772199849, "official_fused": {"mAP": 82.71355585951532, "Rank-1": 94.57725882530212, "Rank-5": 95.91836929321289, "Rank-10": 96.61807417869568}, "best_epoch": 1}
{"event": "epoch", "dataset": "RGBNT100", "epoch": 12, "steps": 131, "mean_loss": 0.7076122724372922, "seconds": 39.90331475100538, "official_fused": {"mAP": 82.1444795655461, "Rank-1": 94.28571462631226, "Rank-5": 95.68513035774231, "Rank-10": 96.26821875572205}, "best_epoch": 1}
{"event": "epoch", "dataset": "RGBNT100", "epoch": 13, "steps": 131, "mean_loss": 0.707495036470981, "seconds": 39.7485521339986, "official_fused": {"mAP": 82.42688786615773, "Rank-1": 94.69387531280518, "Rank-5": 95.4518973827362, "Rank-10": 96.0932970046997}, "best_epoch": 1}
{"event": "epoch", "dataset": "RGBNT100", "epoch": 14, "steps": 132, "mean_loss": 0.7075772687341227, "seconds": 40.18837575700309, "official_fused": {"mAP": 82.54695627990543, "Rank-1": 94.1690981388092, "Rank-5": 95.21865844726562, "Rank-10": 95.80174684524536}, "best_epoch": 1}
{"event": "epoch", "dataset": "RGBNT100", "epoch": 15, "steps": 129, "mean_loss": 0.7072980066602544, "seconds": 39.5892302840075, "official_fused": {"mAP": 82.12967293209947, "Rank-1": 94.69387531280518, "Rank-5": 95.5102026462555, "Rank-10": 95.91836929321289}, "best_epoch": 1}
{"event": "epoch", "dataset": "RGBNT100", "epoch": 16, "steps": 131, "mean_loss": 0.707164469566054, "seconds": 40.43612111399125, "official_fused": {"mAP": 82.56235225244126, "Rank-1": 94.63557004928589, "Rank-5": 95.33527493476868, "Rank-10": 95.68513035774231}, "best_epoch": 1}
{"event": "epoch", "dataset": "RGBNT100", "epoch": 17, "steps": 132, "mean_loss": 0.7072021283886649, "seconds": 40.44832124099776, "official_fused": {"mAP": 82.4129251349354, "Rank-1": 94.46064233779907, "Rank-5": 95.5102026462555, "Rank-10": 96.32652997970581}, "best_epoch": 1}
{"event": "epoch", "dataset": "RGBNT100", "epoch": 18, "steps": 132, "mean_loss": 0.7074416713281111, "seconds": 40.51751532399794, "official_fused": {"mAP": 82.80580468439749, "Rank-1": 94.8104977607727, "Rank-5": 95.5102026462555, "Rank-10": 96.26821875572205}, "best_epoch": 1}
{"event": "epoch", "dataset": "RGBNT100", "epoch": 19, "steps": 132, "mean_loss": 0.7070644976514758, "seconds": 40.35065422201296, "official_fused": {"mAP": 82.58522431068245, "Rank-1": 94.51894760131836, "Rank-5": 95.33527493476868, "Rank-10": 95.91836929321289}, "best_epoch": 1}
{"event": "epoch", "dataset": "RGBNT100", "epoch": 20, "steps": 132, "mean_loss": 0.7070636261593212, "seconds": 40.44370915800391, "official_fused": {"mAP": 82.3174254422061, "Rank-1": 94.28571462631226, "Rank-5": 95.04373073577881, "Rank-10": 95.4518973827362}, "best_epoch": 1}
{"event": "epoch", "dataset": "RGBNT100", "epoch": 21, "steps": 131, "mean_loss": 0.7070543615872623, "seconds": 40.319645248004235, "official_fused": {"mAP": 82.57336497785427, "Rank-1": 94.69387531280518, "Rank-5": 95.4518973827362, "Rank-10": 95.97667455673218}, "best_epoch": 1}
{"event": "epoch", "dataset": "RGBNT100", "epoch": 22, "steps": 132, "mean_loss": 0.7069559675274473, "seconds": 40.64565155800665, "official_fused": {"mAP": 82.70920609518365, "Rank-1": 94.86880302429199, "Rank-5": 95.5102026462555, "Rank-10": 95.91836929321289}, "best_epoch": 1}
{"event": "epoch", "dataset": "RGBNT100", "epoch": 23, "steps": 131, "mean_loss": 0.7070076684005387, "seconds": 40.31708091800101, "official_fused": {"mAP": 82.86091215776571, "Rank-1": 94.51894760131836, "Rank-5": 95.68513035774231, "Rank-10": 95.91836929321289}, "best_epoch": 1}
{"event": "epoch", "dataset": "RGBNT100", "epoch": 24, "steps": 130, "mean_loss": 0.7068870081351354, "seconds": 39.85048465599539, "official_fused": {"mAP": 82.87531920611755, "Rank-1": 94.86880302429199, "Rank-5": 95.5102026462555, "Rank-10": 95.74344158172607}, "best_epoch": 1}
{"event": "epoch", "dataset": "RGBNT100", "epoch": 25, "steps": 132, "mean_loss": 0.7067992691740845, "seconds": 40.415718365009525, "official_fused": {"mAP": 83.17431857323179, "Rank-1": 95.27696967124939, "Rank-5": 95.80174684524536, "Rank-10": 96.03498578071594}, "best_epoch": 1}
{"event": "epoch", "dataset": "RGBNT100", "epoch": 26, "steps": 131, "mean_loss": 0.7067619257300864, "seconds": 40.13933893399371, "official_fused": {"mAP": 82.85678674445779, "Rank-1": 94.86880302429199, "Rank-5": 95.4518973827362, "Rank-10": 95.97667455673218}, "best_epoch": 1}
{"event": "epoch", "dataset": "RGBNT100", "epoch": 27, "steps": 131, "mean_loss": 0.7067277677186573, "seconds": 40.049093819005066, "official_fused": {"mAP": 82.87094054815448, "Rank-1": 95.04373073577881, "Rank-5": 95.62682509422302, "Rank-10": 96.151602268219}, "best_epoch": 1}
{"event": "epoch", "dataset": "RGBNT100", "epoch": 28, "steps": 130, "mean_loss": 0.7068053937875307, "seconds": 39.46552942899871, "official_fused": {"mAP": 82.65449168924287, "Rank-1": 94.63557004928589, "Rank-5": 95.56851387023926, "Rank-10": 95.86005806922913}, "best_epoch": 1}
{"event": "epoch", "dataset": "RGBNT100", "epoch": 29, "steps": 131, "mean_loss": 0.7067852129463021, "seconds": 39.76876228299807, "official_fused": {"mAP": 82.62176893083556, "Rank-1": 94.51894760131836, "Rank-5": 95.16034722328186, "Rank-10": 95.68513035774231}, "best_epoch": 1}
{"event": "epoch", "dataset": "RGBNT100", "epoch": 30, "steps": 132, "mean_loss": 0.7066359235481783, "seconds": 40.11977139400551, "official_fused": {"mAP": 82.79392088896995, "Rank-1": 94.46064233779907, "Rank-5": 94.98542547225952, "Rank-10": 95.39358615875244}, "best_epoch": 1}
{"event": "epoch", "dataset": "RGBNT100", "epoch": 31, "steps": 131, "mean_loss": 0.7066455647235609, "seconds": 39.7217570799985, "official_fused": {"mAP": 82.39628379806291, "Rank-1": 94.22740340232849, "Rank-5": 94.92711424827576, "Rank-10": 95.39358615875244}, "best_epoch": 1}
{"event": "epoch", "dataset": "RGBNT100", "epoch": 32, "steps": 131, "mean_loss": 0.7065989857411566, "seconds": 39.83779285399942, "official_fused": {"mAP": 82.6073671170689, "Rank-1": 94.75218653678894, "Rank-5": 95.33527493476868, "Rank-10": 95.56851387023926}, "best_epoch": 1}
{"event": "epoch", "dataset": "RGBNT100", "epoch": 33, "steps": 131, "mean_loss": 0.7064232507734808, "seconds": 39.674912007001694, "official_fused": {"mAP": 82.64967112938794, "Rank-1": 94.86880302429199, "Rank-5": 95.62682509422302, "Rank-10": 95.80174684524536}, "best_epoch": 1}
{"event": "epoch", "dataset": "RGBNT100", "epoch": 34, "steps": 132, "mean_loss": 0.706393863215591, "seconds": 39.984322192001855, "official_fused": {"mAP": 82.59964502267103, "Rank-1": 94.51894760131836, "Rank-5": 95.33527493476868, "Rank-10": 95.74344158172607}, "best_epoch": 1}
{"event": "epoch", "dataset": "RGBNT100", "epoch": 35, "steps": 132, "mean_loss": 0.706342697595105, "seconds": 40.13166619099502, "official_fused": {"mAP": 82.59447876099802, "Rank-1": 93.99417042732239, "Rank-5": 94.92711424827576, "Rank-10": 95.56851387023926}, "best_epoch": 1}
{"event": "epoch", "dataset": "RGBNT100", "epoch": 36, "steps": 130, "mean_loss": 0.706321500814878, "seconds": 39.520420654997, "official_fused": {"mAP": 82.6118517068783, "Rank-1": 93.81924271583557, "Rank-5": 95.04373073577881, "Rank-10": 95.4518973827362}, "best_epoch": 1}
{"event": "epoch", "dataset": "RGBNT100", "epoch": 37, "steps": 131, "mean_loss": 0.706302392573757, "seconds": 39.89384487099596, "official_fused": {"mAP": 82.57123430911784, "Rank-1": 93.99417042732239, "Rank-5": 94.86880302429199, "Rank-10": 95.39358615875244}, "best_epoch": 1}
{"event": "epoch", "dataset": "RGBNT100", "epoch": 38, "steps": 132, "mean_loss": 0.7062786135709647, "seconds": 39.79152872299892, "official_fused": {"mAP": 82.78905756040326, "Rank-1": 94.05247569084167, "Rank-5": 94.98542547225952, "Rank-10": 95.56851387023926}, "best_epoch": 1}
{"event": "epoch", "dataset": "RGBNT100", "epoch": 39, "steps": 130, "mean_loss": 0.7062497831307925, "seconds": 39.155181612004526, "official_fused": {"mAP": 82.6922136481205, "Rank-1": 93.64431500434875, "Rank-5": 94.86880302429199, "Rank-10": 95.4518973827362}, "best_epoch": 1}
{"event": "epoch", "dataset": "RGBNT100", "epoch": 40, "steps": 131, "mean_loss": 0.7062144456928923, "seconds": 39.47485253900231, "official_fused": {"mAP": 82.43051773146358, "Rank-1": 93.7609314918518, "Rank-5": 94.75218653678894, "Rank-10": 95.21865844726562}, "best_epoch": 1}
{"event": "epoch", "dataset": "RGBNT100", "epoch": 41, "steps": 131, "mean_loss": 0.7062040053251135, "seconds": 39.34341626901005, "official_fused": {"mAP": 82.51723885090296, "Rank-1": 93.64431500434875, "Rank-5": 94.63557004928589, "Rank-10": 95.4518973827362}, "best_epoch": 1}
{"event": "epoch", "dataset": "RGBNT100", "epoch": 42, "steps": 132, "mean_loss": 0.7061802943547567, "seconds": 39.70116918400163, "official_fused": {"mAP": 82.61864197795941, "Rank-1": 93.58600378036499, "Rank-5": 94.57725882530212, "Rank-10": 95.21865844726562}, "best_epoch": 1}
{"event": "epoch", "dataset": "RGBNT100", "epoch": 43, "steps": 131, "mean_loss": 0.7061749710381486, "seconds": 39.3909714390029, "official_fused": {"mAP": 82.58808756971013, "Rank-1": 93.81924271583557, "Rank-5": 94.57725882530212, "Rank-10": 95.21865844726562}, "best_epoch": 1}
{"event": "epoch", "dataset": "RGBNT100", "epoch": 44, "steps": 131, "mean_loss": 0.7061681060390618, "seconds": 39.369923557998845, "official_fused": {"mAP": 82.40942112938527, "Rank-1": 93.58600378036499, "Rank-5": 94.40233111381531, "Rank-10": 95.10204195976257}, "best_epoch": 1}
{"event": "epoch", "dataset": "RGBNT100", "epoch": 45, "steps": 132, "mean_loss": 0.7061638272169865, "seconds": 39.827619595002034, "official_fused": {"mAP": 82.45359583690558, "Rank-1": 93.7609314918518, "Rank-5": 94.57725882530212, "Rank-10": 95.10204195976257}, "best_epoch": 1}
{"event": "epoch", "dataset": "RGBNT100", "epoch": 46, "steps": 132, "mean_loss": 0.7061483322670965, "seconds": 39.66722634699545, "official_fused": {"mAP": 82.49445928197126, "Rank-1": 93.70262622833252, "Rank-5": 94.57725882530212, "Rank-10": 94.98542547225952}, "best_epoch": 1}
{"event": "epoch", "dataset": "RGBNT100", "epoch": 47, "steps": 131, "mean_loss": 0.7061574108728016, "seconds": 39.449374887990416, "official_fused": {"mAP": 82.56579799036861, "Rank-1": 93.64431500434875, "Rank-5": 94.57725882530212, "Rank-10": 95.10204195976257}, "best_epoch": 1}
{"event": "epoch", "dataset": "RGBNT100", "epoch": 48, "steps": 130, "mean_loss": 0.7061567022250249, "seconds": 39.064983586999006, "official_fused": {"mAP": 82.55423810022847, "Rank-1": 93.81924271583557, "Rank-5": 94.46064233779907, "Rank-10": 94.98542547225952}, "best_epoch": 1}
{"event": "epoch", "dataset": "RGBNT100", "epoch": 49, "steps": 132, "mean_loss": 0.7061492055654526, "seconds": 39.91075677300978, "official_fused": {"mAP": 82.55796037096245, "Rank-1": 93.7609314918518, "Rank-5": 94.46064233779907, "Rank-10": 94.92711424827576}, "best_epoch": 1}
{"event": "epoch", "dataset": "RGBNT100", "epoch": 50, "steps": 130, "mean_loss": 0.7061459330412058, "seconds": 39.4188819819974, "official_fused": {"mAP": 82.54857511549008, "Rank-1": 93.7609314918518, "Rank-5": 94.51894760131836, "Rank-10": 94.98542547225952}, "best_epoch": 1}
