/data/gaob/Re-ID/conda-envs/tri_reid/lib/python3.10/site-packages/timm/models/helpers.py:7: FutureWarning: Importing from timm.models.helpers is deprecated, please import via timm.models
  warnings.warn(f"Importing from {__name__} is deprecated, please import via timm.models", FutureWarning)
/data/gaob/Re-ID/conda-envs/tri_reid/lib/python3.10/site-packages/timm/models/registry.py:4: FutureWarning: Importing from timm.models.registry is deprecated, please import via timm.models
  warnings.warn(f"Importing from {__name__} is deprecated, please import via timm.models", FutureWarning)
/data/gaob/Re-ID/conda-envs/tri_reid/lib/python3.10/site-packages/timm/models/layers/__init__.py:48: FutureWarning: Importing from timm.models.layers is deprecated, please import via timm.layers
  warnings.warn(f"Importing from {__name__} is deprecated, please import via timm.layers", FutureWarning)
建立transformer............
using Transformer_type: ViT-B-16 as a backbone
Resized position embedding: %s to %s torch.Size([197, 768]) torch.Size([129, 768])
Position embedding resize to height:8 width: 16
Successfully load ckpt!
<All keys matched successfully>
Loading pretrained model from CLIP
camera number is : 8
===========Building Signal===========
{"event": "epoch", "dataset": "RGBNT100", "epoch": 1, "steps": 130, "mean_loss": 2.4898525091317985, "seconds": 72.72270641200885, "official_fused": {"mAP": 85.35800333526501, "Rank-1": 94.98542547225952, "Rank-5": 95.74344158172607, "Rank-10": 96.32652997970581}, "best_epoch": 1}
{"event": "epoch", "dataset": "RGBNT100", "epoch": 2, "steps": 131, "mean_loss": 0.8678735080566115, "seconds": 71.30429906699283, "official_fused": {"mAP": 84.5889424295302, "Rank-1": 95.80174684524536, "Rank-5": 96.55976891517639, "Rank-10": 96.96792960166931}, "best_epoch": 1}
{"event": "epoch", "dataset": "RGBNT100", "epoch": 3, "steps": 132, "mean_loss": 0.7225703380324624, "seconds": 71.99412976000167, "official_fused": {"mAP": 81.98701115570562, "Rank-1": 94.34402585029602, "Rank-5": 95.5102026462555, "Rank-10": 95.86005806922913}, "best_epoch": 1}
{"event": "epoch", "dataset": "RGBNT100", "epoch": 4, "steps": 131, "mean_loss": 0.7145274595449899, "seconds": 71.68032686300285, "official_fused": {"mAP": 81.39889032974997, "Rank-1": 93.70262622833252, "Rank-5": 94.34402585029602, "Rank-10": 94.63557004928589}, "best_epoch": 1}
{"event": "epoch", "dataset": "RGBNT100", "epoch": 5, "steps": 132, "mean_loss": 0.7106474579283686, "seconds": 71.92092237000179, "official_fused": {"mAP": 81.3380120817985, "Rank-1": 94.92711424827576, "Rank-5": 95.62682509422302, "Rank-10": 95.91836929321289}, "best_epoch": 1}
{"event": "epoch", "dataset": "RGBNT100", "epoch": 6, "steps": 131, "mean_loss": 0.7093533004513224, "seconds": 71.40302721499756, "official_fused": {"mAP": 81.45694404906305, "Rank-1": 93.93585920333862, "Rank-5": 94.86880302429199, "Rank-10": 95.27696967124939}, "best_epoch": 1}
{"event": "epoch", "dataset": "RGBNT100", "epoch": 7, "steps": 132, "mean_loss": 0.7077614344430693, "seconds": 72.22270282900718, "official_fused": {"mAP": 81.66247959206238, "Rank-1": 93.81924271583557, "Rank-5": 94.40233111381531, "Rank-10": 95.04373073577881}, "best_epoch": 1}
{"event": "epoch", "dataset": "RGBNT100", "epoch": 8, "steps": 131, "mean_loss": 0.707809750360387, "seconds": 71.70810007200635, "official_fused": {"mAP": 82.28141132627688, "Rank-1": 94.51894760131836, "Rank-5": 95.39358615875244, "Rank-10": 96.32652997970581}, "best_epoch": 1}
{"event": "epoch", "dataset": "RGBNT100", "epoch": 9, "steps": 130, "mean_loss": 0.7077314771138705, "seconds": 71.21648942500178, "official_fused": {"mAP": 81.65675812719742, "Rank-1": 93.87755393981934, "Rank-5": 94.8104977607727, "Rank-10": 95.4518973827362}, "best_epoch": 1}
{"event": "epoch", "dataset": "RGBNT100", "epoch": 10, "steps": 132, "mean_loss": 0.7074283022772182, "seconds": 72.38172716301051, "official_fused": {"mAP": 81.17166406011796, "Rank-1": 93.93585920333862, "Rank-5": 94.92711424827576, "Rank-10": 95.33527493476868}, "best_epoch": 1}
{"event": "epoch", "dataset": "RGBNT100", "epoch": 11, "steps": 131, "mean_loss": 0.7073249725895073, "seconds": 71.90529897398665, "official_fused": {"mAP": 81.4656781226126, "Rank-1": 93.58600378036499, "Rank-5": 94.75218653678894, "Rank-10": 95.04373073577881}, "best_epoch": 1}
{"event": "epoch", "dataset": "RGBNT100", "epoch": 12, "steps": 131, "mean_loss": 0.7073840116726533, "seconds": 71.53182560799178, "official_fused": {"mAP": 80.9365335613324, "Rank-1": 93.41107606887817, "Rank-5": 94.46064233779907, "Rank-10": 94.98542547225952}, "best_epoch": 1}
{"event": "epoch", "dataset": "RGBNT100", "epoch": 13, "steps": 131, "mean_loss": 0.7071151419450309, "seconds": 71.63693503300601, "official_fused": {"mAP": 81.27713210058603, "Rank-1": 93.17784309387207, "Rank-5": 93.7609314918518, "Rank-10": 94.1690981388092}, "best_epoch": 1}
{"event": "epoch", "dataset": "RGBNT100", "epoch": 14, "steps": 132, "mean_loss": 0.7072830674323168, "seconds": 71.99535537800693, "official_fused": {"mAP": 81.19546067670012, "Rank-1": 93.23615431785583, "Rank-5": 94.40233111381531, "Rank-10": 94.51894760131836}, "best_epoch": 1}
{"event": "epoch", "dataset": "RGBNT100", "epoch": 15, "steps": 129, "mean_loss": 0.7069489641707073, "seconds": 70.69629323499976, "official_fused": {"mAP": 81.42591086448526, "Rank-1": 93.17784309387207, "Rank-5": 93.87755393981934, "Rank-10": 94.11078691482544}, "best_epoch": 1}
{"event": "epoch", "dataset": "RGBNT100", "epoch": 16, "steps": 131, "mean_loss": 0.7068126747626384, "seconds": 71.85639973600337, "official_fused": {"mAP": 81.67339278869342, "Rank-1": 92.76967644691467, "Rank-5": 93.23615431785583, "Rank-10": 93.29445958137512}, "best_epoch": 1}
{"event": "epoch", "dataset": "RGBNT100", "epoch": 17, "steps": 132, "mean_loss": 0.7436494786630977, "seconds": 72.04829321800207, "official_fused": {"mAP": 72.13298699872708, "Rank-1": 90.61224460601807, "Rank-5": 91.48688316345215, "Rank-10": 91.95335507392883}, "best_epoch": 1}
{"event": "epoch", "dataset": "RGBNT100", "epoch": 18, "steps": 132, "mean_loss": 0.7505869955727549, "seconds": 72.18392583499372, "official_fused": {"mAP": 79.98028027225232, "Rank-1": 94.11078691482544, "Rank-5": 94.63557004928589, "Rank-10": 95.04373073577881}, "best_epoch": 1}
{"event": "epoch", "dataset": "RGBNT100", "epoch": 19, "steps": 132, "mean_loss": 0.713768177411773, "seconds": 71.92192000600335, "official_fused": {"mAP": 81.10022818152939, "Rank-1": 95.10204195976257, "Rank-5": 95.97667455673218, "Rank-10": 96.20991349220276}, "best_epoch": 1}
{"event": "epoch", "dataset": "RGBNT100", "epoch": 20, "steps": 132, "mean_loss": 0.7101882005279715, "seconds": 72.19544406198838, "official_fused": {"mAP": 81.5831885615045, "Rank-1": 95.5102026462555, "Rank-5": 96.26821875572205, "Rank-10": 96.50145769119263}, "best_epoch": 1}
{"event": "epoch", "dataset": "RGBNT100", "epoch": 21, "steps": 131, "mean_loss": 0.7089881323676073, "seconds": 72.02871146399411, "official_fused": {"mAP": 81.72312375369776, "Rank-1": 95.80174684524536, "Rank-5": 96.38484120368958, "Rank-10": 96.50145769119263}, "best_epoch": 1}
{"event": "epoch", "dataset": "RGBNT100", "epoch": 22, "steps": 132, "mean_loss": 0.7082415913993662, "seconds": 72.60803065900109, "official_fused": {"mAP": 82.30038816766653, "Rank-1": 95.91836929321289, "Rank-5": 96.50145769119263, "Rank-10": 96.55976891517639}, "best_epoch": 1}
{"event": "epoch", "dataset": "RGBNT100", "epoch": 23, "steps": 131, "mean_loss": 0.7078973905730793, "seconds": 71.98431402099959, "official_fused": {"mAP": 82.47223158793156, "Rank-1": 95.80174684524536, "Rank-5": 96.32652997970581, "Rank-10": 96.55976891517639}, "best_epoch": 1}
{"event": "epoch", "dataset": "RGBNT100", "epoch": 24, "steps": 130, "mean_loss": 0.7076139211654663, "seconds": 71.56953739200253, "official_fused": {"mAP": 82.40041212641536, "Rank-1": 95.62682509422302, "Rank-5": 96.44314646720886, "Rank-10": 96.73469662666321}, "best_epoch": 1}
{"event": "epoch", "dataset": "RGBNT100", "epoch": 25, "steps": 132, "mean_loss": 0.707555437629873, "seconds": 72.68615989699902, "official_fused": {"mAP": 82.4743569827357, "Rank-1": 95.62682509422302, "Rank-5": 96.26821875572205, "Rank-10": 96.55976891517639}, "best_epoch": 1}
{"event": "epoch", "dataset": "RGBNT100", "epoch": 26, "steps": 131, "mean_loss": 0.7074512666418352, "seconds": 72.03899635800917, "official_fused": {"mAP": 82.55278216115101, "Rank-1": 94.92711424827576, "Rank-5": 96.0932970046997, "Rank-10": 96.38484120368958}, "best_epoch": 1}
{"event": "epoch", "dataset": "RGBNT100", "epoch": 27, "steps": 131, "mean_loss": 0.707224527843126, "seconds": 72.25499998001033, "official_fused": {"mAP": 82.5305563650388, "Rank-1": 94.92711424827576, "Rank-5": 95.80174684524536, "Rank-10": 96.151602268219}, "best_epoch": 1}
{"event": "epoch", "dataset": "RGBNT100", "epoch": 28, "steps": 130, "mean_loss": 0.707365659567026, "seconds": 71.83131902100286, "official_fused": {"mAP": 82.41769047025278, "Rank-1": 95.39358615875244, "Rank-5": 96.0932970046997, "Rank-10": 96.38484120368958}, "best_epoch": 1}
{"event": "epoch", "dataset": "RGBNT100", "epoch": 29, "steps": 131, "mean_loss": 0.7072270071233502, "seconds": 71.48667961300816, "official_fused": {"mAP": 82.55480318718456, "Rank-1": 95.10204195976257, "Rank-5": 95.91836929321289, "Rank-10": 96.44314646720886}, "best_epoch": 1}
{"event": "epoch", "dataset": "RGBNT100", "epoch": 30, "steps": 132, "mean_loss": 0.7071929894613497, "seconds": 71.87469115501153, "official_fused": {"mAP": 82.55454628064405, "Rank-1": 94.92711424827576, "Rank-5": 95.56851387023926, "Rank-10": 95.80174684524536}, "best_epoch": 1}
{"event": "epoch", "dataset": "RGBNT100", "epoch": 31, "steps": 131, "mean_loss": 0.7071665611885886, "seconds": 71.53234338799666, "official_fused": {"mAP": 82.30241577933343, "Rank-1": 94.86880302429199, "Rank-5": 95.39358615875244, "Rank-10": 96.03498578071594}, "best_epoch": 1}
{"event": "epoch", "dataset": "RGBNT100", "epoch": 32, "steps": 131, "mean_loss": 0.7068908865215214, "seconds": 71.64989163700375, "official_fused": {"mAP": 82.44961884373667, "Rank-1": 94.69387531280518, "Rank-5": 95.86005806922913, "Rank-10": 96.32652997970581}, "best_epoch": 1}
{"event": "epoch", "dataset": "RGBNT100", "epoch": 33, "steps": 131, "mean_loss": 0.7067970178509486, "seconds": 71.67256484901009, "official_fused": {"mAP": 82.44419683104462, "Rank-1": 94.57725882530212, "Rank-5": 95.33527493476868, "Rank-10": 96.0932970046997}, "best_epoch": 1}
{"event": "epoch", "dataset": "RGBNT100", "epoch": 34, "steps": 132, "mean_loss": 0.7067190173900488, "seconds": 72.23155844201392, "official_fused": {"mAP": 82.46412327670237, "Rank-1": 94.57725882530212, "Rank-5": 95.5102026462555, "Rank-10": 96.20991349220276}, "best_epoch": 1}
{"event": "epoch", "dataset": "RGBNT100", "epoch": 35, "steps": 132, "mean_loss": 0.7066780021696379, "seconds": 72.54032991500571, "official_fused": {"mAP": 82.39958501813163, "Rank-1": 94.57725882530212, "Rank-5": 95.5102026462555, "Rank-10": 96.32652997970581}, "best_epoch": 1}
{"event": "epoch", "dataset": "RGBNT100", "epoch": 36, "steps": 130, "mean_loss": 0.706651613345513, "seconds": 71.18811420399288, "official_fused": {"mAP": 82.294949183584, "Rank-1": 94.51894760131836, "Rank-5": 95.5102026462555, "Rank-10": 96.0932970046997}, "best_epoch": 1}
{"event": "epoch", "dataset": "RGBNT100", "epoch": 37, "steps": 131, "mean_loss": 0.7066156509268375, "seconds": 71.91624694800703, "official_fused": {"mAP": 82.2469257319062, "Rank-1": 94.46064233779907, "Rank-5": 95.39358615875244, "Rank-10": 95.91836929321289}, "best_epoch": 1}
{"event": "epoch", "dataset": "RGBNT100", "epoch": 38, "steps": 132, "mean_loss": 0.7065563788919738, "seconds": 72.73111101100221, "official_fused": {"mAP": 82.24762380805153, "Rank-1": 94.34402585029602, "Rank-5": 95.27696967124939, "Rank-10": 96.151602268219}, "best_epoch": 1}
{"event": "epoch", "dataset": "RGBNT100", "epoch": 39, "steps": 130, "mean_loss": 0.7065316832982577, "seconds": 71.77613663299417, "official_fused": {"mAP": 82.18749063317726, "Rank-1": 94.46064233779907, "Rank-5": 95.16034722328186, "Rank-10": 95.91836929321289}, "best_epoch": 1}
{"event": "epoch", "dataset": "RGBNT100", "epoch": 40, "steps": 131, "mean_loss": 0.706499932376483, "seconds": 72.03590177299338, "official_fused": {"mAP": 82.17316335812835, "Rank-1": 94.40233111381531, "Rank-5": 95.39358615875244, "Rank-10": 95.80174684524536}, "best_epoch": 1}
{"event": "epoch", "dataset": "RGBNT100", "epoch": 41, "steps": 131, "mean_loss": 0.7064932903260676, "seconds": 71.85942598100519, "official_fused": {"mAP": 82.08861322247995, "Rank-1": 94.40233111381531, "Rank-5": 95.27696967124939, "Rank-10": 95.86005806922913}, "best_epoch": 1}
{"event": "epoch", "dataset": "RGBNT100", "epoch": 42, "steps": 132, "mean_loss": 0.706468052033222, "seconds": 72.40414208399307, "official_fused": {"mAP": 82.14371222352767, "Rank-1": 94.46064233779907, "Rank-5": 95.21865844726562, "Rank-10": 95.91836929321289}, "best_epoch": 1}
{"event": "epoch", "dataset": "RGBNT100", "epoch": 43, "steps": 131, "mean_loss": 0.7064460725274705, "seconds": 71.58580915999482, "official_fused": {"mAP": 82.18380287151003, "Rank-1": 94.28571462631226, "Rank-5": 95.21865844726562, "Rank-10": 96.03498578071594}, "best_epoch": 1}
{"event": "epoch", "dataset": "RGBNT100", "epoch": 44, "steps": 131, "mean_loss": 0.7064264293845374, "seconds": 72.32988536800258, "official_fused": {"mAP": 82.15651108588816, "Rank-1": 94.22740340232849, "Rank-5": 95.16034722328186, "Rank-10": 95.86005806922913}, "best_epoch": 1}
{"event": "epoch", "dataset": "RGBNT100", "epoch": 45, "steps": 132, "mean_loss": 0.7064646988204031, "seconds": 72.35887980299594, "official_fused": {"mAP": 82.18127333924073, "Rank-1": 94.28571462631226, "Rank-5": 95.10204195976257, "Rank-10": 95.74344158172607}, "best_epoch": 1}
{"event": "epoch", "dataset": "RGBNT100", "epoch": 46, "steps": 132, "mean_loss": 0.7064075415784662, "seconds": 72.39138254099817, "official_fused": {"mAP": 82.16074301679438, "Rank-1": 94.22740340232849, "Rank-5": 95.21865844726562, "Rank-10": 95.74344158172607}, "best_epoch": 1}
{"event": "epoch", "dataset": "RGBNT100", "epoch": 47, "steps": 131, "mean_loss": 0.7064266627981463, "seconds": 71.50918817600177, "official_fused": {"mAP": 82.15458037786482, "Rank-1": 94.34402585029602, "Rank-5": 95.16034722328186, "Rank-10": 95.86005806922913}, "best_epoch": 1}
{"event": "epoch", "dataset": "RGBNT100", "epoch": 48, "steps": 130, "mean_loss": 0.7064084644501026, "seconds": 71.25431097499677, "official_fused": {"mAP": 82.14428258134019, "Rank-1": 94.34402585029602, "Rank-5": 95.16034722328186, "Rank-10": 95.86005806922913}, "best_epoch": 1}
{"event": "epoch", "dataset": "RGBNT100", "epoch": 49, "steps": 132, "mean_loss": 0.7064180279319937, "seconds": 72.31462272899807, "official_fused": {"mAP": 82.14668566065968, "Rank-1": 94.34402585029602, "Rank-5": 95.16034722328186, "Rank-10": 95.80174684524536}, "best_epoch": 1}
{"event": "epoch", "dataset": "RGBNT100", "epoch": 50, "steps": 130, "mean_loss": 0.7064022233852973, "seconds": 71.01831243200286, "official_fused": {"mAP": 82.1468871156316, "Rank-1": 94.34402585029602, "Rank-5": 95.16034722328186, "Rank-10": 95.80174684524536}, "best_epoch": 1}
