{
  "status": "PASS_INDEPENDENT_READ_ONLY_CPU_M0_ARTIFACT_CHECKS",
  "generated_at": "2026-09-21T04:26:10.359750+00:00",
  "elapsed_seconds": 15.612214263528585,
  "remote_head_at_check": "a8999c828b024cace9b84d32c28a7f7c5ba9dd9b",
  "execution_commit": "cb4f4c37fbedd357ccc0ae4768161d049a280c5d",
  "config_sha256": "4ebedda4a10d5e535d6820aa05684b7f707f7a0b8308d454b2316e9b3a61f3c3",
  "summary_sha256": "1385158d9aee97e04a7652e591a3c7b52a716f2954398481daa8a1bd4299af33",
  "cpu_receipt_sha256": "c09ddf3854713fc451e3554a62df47ead8fe3338a4324ea6158dc5fa69ba4bdf",
  "source_files": {
    "/root/autodl-tmp/trifusion-v2/TriFusion-ReID/configs/MSVR310/TriFusion-supported-task-state-paired-v1.json": {
      "sha256": "4ebedda4a10d5e535d6820aa05684b7f707f7a0b8308d454b2316e9b3a61f3c3",
      "bytes": 3070
    },
    "/root/autodl-tmp/trifusion-v2/TriFusion-ReID/tools/msvr_task_state_optimizer.py": {
      "sha256": "754d8ff6a315e4389f1d5d64c231c440fe179b52e02a87157d838840b8db28f4",
      "bytes": 3260
    },
    "/root/autodl-tmp/trifusion-v2/TriFusion-ReID/tools/msvr_task_state_records.py": {
      "sha256": "426411a2d10de5841abd40226651a433b83c512ce462fa1e6516e819eca1c010",
      "bytes": 2806
    },
    "/root/autodl-tmp/trifusion-v2/TriFusion-ReID/tools/train_msvr_supported_task_state.py": {
      "sha256": "0e6237cd97d545d84fff8f03772c9ea7a2efb82e768ecf0024d80aefc7f71d92",
      "bytes": 32859
    },
    "/root/autodl-tmp/trifusion-v2/TriFusion-ReID/tools/check_msvr_task_state_math.py": {
      "sha256": "540bc77f801560b161f87fdf4ed7f97ddec1fce4c7d72ad1f1b063fb28f3eaa1",
      "bytes": 6942
    },
    "/root/autodl-tmp/trifusion-v2/TriFusion-ReID/tools/check_msvr_supported_task_state.py": {
      "sha256": "a1a792e63ebdf2ec07006a7c9239e47e9e97993ee374c4d734de637ccda3b618",
      "bytes": 4758
    },
    "/root/autodl-tmp/trifusion-v2/TriFusion-ReID/tools/verify_msvr_task_state_records.py": {
      "sha256": "bcf2c6877f1de70c347544c43282c964ca53195ec9772e8cbdc3971cf466843c",
      "bytes": 6073
    },
    "/root/autodl-tmp/trifusion-v2/TriFusion-ReID/tools/verify_msvr_supported_task_state.py": {
      "sha256": "79d042691338fd5702124f4ae4ec687b1c4ec7a34a7f2686e292c47524a021c6",
      "bytes": 26588
    },
    "/root/autodl-tmp/trifusion-v2/TriFusion-ReID/tools/run_msvr_supported_task_state.py": {
      "sha256": "55db0eb16da408772ac67dbb67843a5256e24edc468a6437f29e5bd60f0847ee",
      "bytes": 4672
    },
    "/root/autodl-tmp/trifusion-v2/TriFusion-ReID/configs/MSVR310/TriFusion-cross-scene-smooth-ap-paired-v1.json": {
      "sha256": "e5326b52ebb12dced24ebfac788db2e2bb5bdca0b50c6c4dec64e596f1af05a1",
      "bytes": 2269
    },
    "/root/autodl-tmp/trifusion-v2/TriFusion-ReID/refine-logs/msvr310_supported_task_state_v1/EXPERIMENT_PLAN.md": {
      "sha256": "eff715493bc5423f64769a841fcfe6002f951ca9c67a629cac98495dbcd855fb",
      "bytes": 5104
    },
    "/root/autodl-tmp/trifusion-v2/TriFusion-ReID/tools/msvr_supported_gradient_balance.py": {
      "sha256": "27ae6eb74a83d405eabb4a30a60156226d9dc93e70d78847cf24b0f57bd774c0",
      "bytes": 5604
    },
    "/root/autodl-tmp/trifusion-v2/TriFusion-ReID/tools/verify_msvr_supported_gradient_balance_stats.py": {
      "sha256": "5f8f157b39a9b11dd6ac5447b2a8619915cf20ddb6815fdc4ac107d7a571b327",
      "bytes": 6173
    },
    "/root/autodl-tmp/trifusion-v2/TriFusion-ReID/tools/msvr_cross_scene_smooth_ap.py": {
      "sha256": "aba6985f3242d190037088b7753d7baa0ae1e0ec05eb7294c0aa8a35823ccedd",
      "bytes": 3227
    },
    "/root/autodl-tmp/trifusion-v2/TriFusion-ReID/tools/check_msvr_cross_scene_smooth_ap_math.py": {
      "sha256": "99afda7bdf88106922e37fbb25c46ed3ce03c18840d72e72d177fbdbed4c8831",
      "bytes": 5117
    },
    "/root/autodl-tmp/trifusion-v2/TriFusion-ReID/tools/train_msvr_cross_scene_smooth_ap.py": {
      "sha256": "cf7279cb428fac8920252a369d8032ce6bd2e48de09f66fdeb849fe3b147bd04",
      "bytes": 26811
    },
    "/root/autodl-tmp/trifusion-v2/TriFusion-ReID/tools/verify_msvr_cross_scene_smooth_ap.py": {
      "sha256": "5986518221fd64cdb9621bbc3f15108ce5be19e9b70b4a60588af65fa7c6eeba",
      "bytes": 26420
    },
    "/root/autodl-tmp/trifusion-v2/TriFusion-ReID/tools/check_msvr_cross_scene_smooth_ap.py": {
      "sha256": "6ec509da5dd11138a7852ea1281ad5cc5fcb8f33203d5b2907a3cdcf1d3ed564",
      "bytes": 4541
    },
    "/root/autodl-tmp/trifusion-v2/TriFusion-ReID/tools/run_msvr_cross_scene_smooth_ap.py": {
      "sha256": "877acbbe9f8ae58de7a3de849f049f296d7ab4019c10869e1843af01104ce899",
      "bytes": 4598
    },
    "/root/autodl-tmp/trifusion-v2/TriFusion-ReID/configs/MSVR310/TriFusion-smooth-ap-paired-v1.json": {
      "sha256": "974328fee25985b19aa36c84f57a557f9120993fecb98b2a902a1b8de8475302",
      "bytes": 2143
    },
    "/root/autodl-tmp/trifusion-v2/TriFusion-ReID/refine-logs/msvr310_cross_scene_smooth_ap_v1/EXPERIMENT_PLAN.md": {
      "sha256": "7f519970fc39497692a411969107888bfdd15e347eab15c57d554a85bae615db",
      "bytes": 6188
    },
    "/root/autodl-tmp/trifusion-v2/TriFusion-ReID/evidence/smooth_ap_cross_scene_support_20260909/smooth_ap_cross_scene_support_20260909.json": {
      "sha256": "1b8f7f063867ab28057889b1db9b46d6b6dc132380eeceb88bc19899f218e759",
      "bytes": 1001061
    },
    "/root/autodl-tmp/trifusion-v2/TriFusion-ReID/tools/msvr_smooth_ap.py": {
      "sha256": "9d7c01830493233183b2cc9366ec8742caab1f782208870badc8dc93a94b3b68",
      "bytes": 3389
    },
    "/root/autodl-tmp/trifusion-v2/TriFusion-ReID/tools/check_msvr_smooth_ap_math.py": {
      "sha256": "1e7ffb8cbc3fbc44fb5e42a18dbdf369c39bf4aa9f44e1541efdc9a357210dcc",
      "bytes": 3859
    },
    "/root/autodl-tmp/trifusion-v2/TriFusion-ReID/tools/train_msvr_smooth_ap.py": {
      "sha256": "67e25e4e5a6ccc97f1973778141baabc53cc9a1f4ccf7e5b0491d3977178c5b4",
      "bytes": 26363
    },
    "/root/autodl-tmp/trifusion-v2/TriFusion-ReID/tools/verify_msvr_smooth_ap.py": {
      "sha256": "7d06aee0042d95d06d8e38987ae7988d7e40260b9611e26a68febfed32385b0b",
      "bytes": 24994
    },
    "/root/autodl-tmp/trifusion-v2/TriFusion-ReID/tools/check_msvr_smooth_ap.py": {
      "sha256": "61331cae8208b196b837300bcaaeffbb5a379afb9a0e37d461273732fd3c49ea",
      "bytes": 3340
    },
    "/root/autodl-tmp/trifusion-v2/TriFusion-ReID/tools/run_msvr_smooth_ap.py": {
      "sha256": "5eba888f65f51c1a135ae5eb0e440e242e8f10f208f4549ad850c4378f52e119",
      "bytes": 4595
    },
    "/root/autodl-tmp/trifusion-v2/TriFusion-ReID/configs/MSVR310/TriFusion-role-set-paired-v1.json": {
      "sha256": "5e5ad4663f4c3c58e11b81b475048d6ab6c53675ac2dd0ade60c84f07a62986d",
      "bytes": 3095
    },
    "/root/autodl-tmp/trifusion-v2/TriFusion-ReID/refine-logs/msvr310_role_set_v1/EXPERIMENT_AUDIT_Q1.json": {
      "sha256": "80eaf3e9f89cf17bf5985c603f2887a100003761ef7c1fce1b816edd6e27e0af",
      "bytes": 61265
    },
    "/root/autodl-tmp/trifusion-v2/TriFusion-ReID/refine-logs/msvr310_role_set_v1/EXPERIMENT_AUDIT_POSITIVE_COVERAGE.json": {
      "sha256": "91d611203758ffff4e470c0138f2efd9140efb37de568003b90bbd0b2089a443",
      "bytes": 7483
    },
    "/root/autodl-tmp/trifusion-v2/TriFusion-ReID/refine-logs/msvr310_smooth_ap_v1/TRAINING_PLAN.md": {
      "sha256": "4179f45419daa9ac5473a3c78ff2dba638eb23ed945c42c22bab7ca7ddb09da6",
      "bytes": 6330
    },
    "/root/autodl-tmp/trifusion-v2/TriFusion-ReID/tools/train_msvr_role_set.py": {
      "sha256": "22df1b983b8ce0b487a69f349ab95dea37df9bb72688bd6fb38167d8d72d0a62",
      "bytes": 26467
    },
    "/root/autodl-tmp/trifusion-v2/TriFusion-ReID/tools/verify_msvr_role_set.py": {
      "sha256": "ff7b82247c8adfa9d8ab061604eac088cb48022be527a51c00fa49794c836588",
      "bytes": 24405
    },
    "/root/autodl-tmp/trifusion-v2/TriFusion-ReID/tools/check_msvr_role_set.py": {
      "sha256": "26f95518917ce1dccd10b6a22390e55d315197e154e073336bef0bbce8340781",
      "bytes": 3339
    },
    "/root/autodl-tmp/trifusion-v2/TriFusion-ReID/tools/run_msvr_role_set.py": {
      "sha256": "8c98c3a8551641228efb7a91c47cb9601c920830f8594570b9adcea72436df39",
      "bytes": 4588
    },
    "/root/autodl-tmp/trifusion-v2/TriFusion-ReID/tools/msvr_role_set_relations.py": {
      "sha256": "e311920a08e6bfce426e8a67acf6a9c1b413116d4e906e9ad8ca31dca03800c1",
      "bytes": 3257
    },
    "/root/autodl-tmp/trifusion-v2/TriFusion-ReID/tools/check_msvr_role_set_relations.py": {
      "sha256": "a0f0a2c52276f534d740642bbbff12e762460bc3d08930fa725eaf1059040c65",
      "bytes": 3954
    },
    "/root/autodl-tmp/trifusion-v2/TriFusion-ReID/tools/probe_msvr_role_set_gradients.py": {
      "sha256": "134bece8c5bc21a899dcce16b540b8983b9dce8131df181fb106600367247fae",
      "bytes": 13650
    },
    "/root/autodl-tmp/trifusion-v2/TriFusion-ReID/tools/msvr_freshness_probe.py": {
      "sha256": "4542785ace8307dc8a92325f7d52f2542e526f53ad8c3c2c0d9e91e48ed97886",
      "bytes": 23586
    },
    "/root/autodl-tmp/trifusion-v2/TriFusion-ReID/tools/probe_msvr_history_candidate_gradients.py": {
      "sha256": "cfa56255f6dd5a471cf3bfbfc99be3d0693f5c9c5dfc29bd8c6e4d15c79090de",
      "bytes": 17531
    },
    "/root/autodl-tmp/trifusion-v2/TriFusion-ReID/tools/msvr_instance_memory.py": {
      "sha256": "b645d9ef29b522f0c639991c1d844a41b55f2ba8def82aef0746e94a145f0da3",
      "bytes": 7747
    },
    "/root/autodl-tmp/trifusion-v2/TriFusion-ReID/tools/train_msvr_history_gradient.py": {
      "sha256": "087acdf4b8805f0783a460f5adee0e90227bf20342ae4eda6a033dc27b5869a4",
      "bytes": 23300
    },
    "/root/autodl-tmp/trifusion-v2/TriFusion-ReID/configs/MSVR310/TriFusion-history-gradient-paired-v1.json": {
      "sha256": "d03c7be1e738a206bf6db3b55580f53fbf33bfcc9050a46c4ddd0c81d7134c4e",
      "bytes": 2557
    },
    "/root/autodl-tmp/trifusion-v2/TriFusion-ReID/refine-logs/msvr310_role_set_v1/EXPERIMENT_AUDIT_GRADIENT.json": {
      "sha256": "5b079844d928683f96a816476e7dd75ec417fdcf2428966484317feba3e8c2ef",
      "bytes": 34372
    },
    "/root/autodl-tmp/trifusion-v2/TriFusion-ReID/refine-logs/msvr310_role_set_v1/TRAINING_PLAN.md": {
      "sha256": "da22560fc811127cf21e24c2ece879249a18fcefca23aefadbdd05058cb56c51",
      "bytes": 6086
    },
    "/root/autodl-tmp/trifusion-v2/TriFusion-ReID/tools/verify_msvr_history_gradient.py": {
      "sha256": "bea8870dec7355921cf65ab61be68d73d6aab1773d4a60a457f785e91d35636f",
      "bytes": 23512
    },
    "/root/autodl-tmp/trifusion-v2/TriFusion-ReID/tools/check_msvr_history_gradient.py": {
      "sha256": "d2a650240cb4ec5a5cdcbc68224461a815eb4505f263939bca7ae90b3d0cded3",
      "bytes": 3236
    },
    "/root/autodl-tmp/trifusion-v2/TriFusion-ReID/tools/run_msvr_history_gradient.py": {
      "sha256": "b5412505122721c1ae7b60c27a472c14302b2923d5b6fceb8586c58489f1b593",
      "bytes": 4257
    },
    "/root/autodl-tmp/trifusion-v2/TriFusion-ReID/configs/MSVR310/TriFusion-fresh-coordinate-paired-v1.json": {
      "sha256": "32e22d3a0cd858e96430e4b9f9b0a2093c0fdf30f026d8d334ad92d46cfb94aa",
      "bytes": 2072
    },
    "/root/autodl-tmp/trifusion-v2/TriFusion-ReID/refine-logs/msvr310_history_gradient_v1/EXPERIMENT_PLAN.md": {
      "sha256": "152d7568bb985d5ccfb173d86374eec912e9500798488a9863f5a702f5e72be3",
      "bytes": 6669
    },
    "/root/autodl-tmp/trifusion-v2/TriFusion-ReID/refine-logs/msvr310_history_candidate_gradient_v1/EXPERIMENT_AUDIT_SOURCE.json": {
      "sha256": "3d288d218f406899d41adfe9227a7022e959b30ae75884ddcbd27561ed249cfe",
      "bytes": 57094
    },
    "/root/autodl-tmp/trifusion-v2/TriFusion-ReID/tools/train_msvr_fresh_coordinate.py": {
      "sha256": "cdffe7378110f788cfc9de0fc7579d6ec5d026621f3634121cf1f7f0162fdb27",
      "bytes": 20669
    },
    "/root/autodl-tmp/trifusion-v2/TriFusion-ReID/tools/verify_msvr_fresh_coordinate.py": {
      "sha256": "543978d257326f5ddee15aa8ef3992fad15b4fd464566c947b93503caba3b98a",
      "bytes": 23983
    },
    "/root/autodl-tmp/trifusion-v2/TriFusion-ReID/tools/check_msvr_fresh_coordinate.py": {
      "sha256": "10a55b78fd1b71cfc783bbbdaf4605bbd93065d83dda1987312a07b60a920d88",
      "bytes": 3041
    },
    "/root/autodl-tmp/trifusion-v2/TriFusion-ReID/tools/run_msvr_fresh_coordinate.py": {
      "sha256": "2137be6380b4c64b844ac58c16231cd7ba7326d059ae5e45fb98b533b59e6d37",
      "bytes": 4182
    },
    "/root/autodl-tmp/trifusion-v2/TriFusion-ReID/refine-logs/msvr310_fresh_coordinate_v1/EXPERIMENT_PLAN.md": {
      "sha256": "6d247acd84818a07460bc7c3e3e865d21b77386e9858910fa55f94ab6d9731ee",
      "bytes": 5800
    },
    "/root/autodl-tmp/trifusion-v2/TriFusion-ReID/configs/MSVR310/TriFusion-instance-memory-paired-v1.json": {
      "sha256": "40f44b0e6c12771c53a283a5b65ca6a45556e0293b7d48decf5fd518ad771a3d",
      "bytes": 2474
    },
    "/root/autodl-tmp/trifusion-v2/TriFusion-ReID/tools/train_msvr_instance_memory.py": {
      "sha256": "c16cdbff37b46decb279aa013e4a53d9273851a59160cda99fbdf0f16cf39f3b",
      "bytes": 21566
    },
    "/root/autodl-tmp/trifusion-v2/TriFusion-ReID/tools/verify_msvr_instance_memory.py": {
      "sha256": "89a187399e008ab8465dec51dba08f7299e6b7fb042d95ab336ef0654e5db99c",
      "bytes": 21024
    },
    "/root/autodl-tmp/trifusion-v2/TriFusion-ReID/tools/check_msvr_instance_memory.py": {
      "sha256": "10972fe83ce4f4730899fb037d4d6cf7c265cb9a8e8949b12f69c27e81bb59a6",
      "bytes": 3039
    },
    "/root/autodl-tmp/trifusion-v2/TriFusion-ReID/tools/run_msvr_instance_memory.py": {
      "sha256": "8ba9a3b62287da93154eaf78a509577d00dcb2941015bbefc3616a22ba43fa55",
      "bytes": 4175
    },
    "/root/autodl-tmp/trifusion-v2/TriFusion-ReID/refine-logs/msvr310_instance_memory_v1/EXPERIMENT_PLAN.md": {
      "sha256": "b5fdcb587987e8c0b1cd5f0f4e674a4dd7219b6e90bccdd85cf1f82a52541c48",
      "bytes": 7778
    },
    "/root/autodl-tmp/trifusion-v2/TriFusion-ReID/tools/msvr310_exact_signal_inference.py": {
      "sha256": "9b7a3168274266447a1e023cec06c6525499c8ab0357dabf6bbd1b4d5c220ac2",
      "bytes": 1039
    },
    "/root/autodl-tmp/trifusion-v2/TriFusion-ReID/tools/train_msvr310_source_style.py": {
      "sha256": "05eca257602a4f2a4707e7952bce8e91060e809d5aec99c53a28e3e12dcd0842",
      "bytes": 18543
    },
    "/root/autodl-tmp/trifusion-v2/TriFusion-ReID/tools/verify_msvr310_source_style.py": {
      "sha256": "52c3acc4b5e99a38f1e80573f6d835c854d0a3286b15f3ac5481a863bc3ca6c3",
      "bytes": 16647
    },
    "/root/autodl-tmp/trifusion-v2/TriFusion-ReID/configs/MSVR310/TriFusion-source-style-paired-v1-r2.json": {
      "sha256": "848254aab6dc02230a7fd33be0d60fc2560c99fc77cbd320cf0ef2efd655539d",
      "bytes": 8334
    },
    "/root/autodl-tmp/trifusion-v2/TriFusion-ReID/tools/train_msvr310_trifusion_oof.py": {
      "sha256": "a1771c2e16e129f0a1ecdfb1f5fffcc7d83fe2faf5073033efe520a73c800f87",
      "bytes": 25468
    },
    "/root/autodl-tmp/trifusion-v2/TriFusion-ReID/tools/train_msvr310_signal_oof.py": {
      "sha256": "8262e808c65a6e30cda71cb6c20e969a25609486f435e3b62f2f506b18d2104f",
      "bytes": 20466
    },
    "/root/autodl-tmp/trifusion-v2/TriFusion-ReID/tools/run_signal_preserving_v5.py": {
      "sha256": "e162184f68778b4991db0f97f26c5fda273b2ad2f7c8db2bbb2d53775eb717e5",
      "bytes": 65190
    },
    "/root/autodl-tmp/trifusion-v2/TriFusion-ReID/tools/run_signal_baseline_dev.py": {
      "sha256": "083967f2a38267415b2992da98c2ad9429ebb793f387b45daac1dbb4eb16f365",
      "bytes": 12601
    },
    "/root/autodl-tmp/trifusion-v2/TriFusion-ReID/tools/build_v12_complete_path_oof_targets.py": {
      "sha256": "fc13354b1065c46677122ee9cf63816087facca4e0e98ec5e6e2fb0dece141e4",
      "bytes": 32723
    },
    "/root/autodl-tmp/trifusion-v2/TriFusion-ReID/tools/train_signal_preserving_v17.py": {
      "sha256": "333886d16f73987accddb70b0780661bb9400b8afd04af01b57e188d34e5228d",
      "bytes": 61124
    },
    "/root/autodl-tmp/trifusion-v2/TriFusion-ReID/modeling/trifusion/signal_preserving_v8.py": {
      "sha256": "97a7b5fe6dab882c2ed92ed1db95b9a8f48eae1d99a3a9b145b0cdfc4b8cefbc",
      "bytes": 28592
    },
    "/root/autodl-tmp/trifusion-v2/TriFusion-ReID/modeling/trifusion/signal_preserving_v8_builder.py": {
      "sha256": "8afb028957ecff1a0a26497f7d0460bc240b0f8612a3c476b52a9a6667a3049d",
      "bytes": 3900
    },
    "/root/autodl-tmp/trifusion-v2/TriFusion-ReID/modeling/trifusion/signal_preserving_v13.py": {
      "sha256": "7b7c4abb220ed234608553c77aeedd5f8ef763abb04cce5b21f1bfce0f4daa62",
      "bytes": 9347
    },
    "/root/autodl-tmp/trifusion-v2/TriFusion-ReID/modeling/trifusion/aligned_data.py": {
      "sha256": "3ea362d17660483b554cb599442b6377ace020fa114969b9bdd58906fbceedd5",
      "bytes": 10062
    },
    "/root/autodl-tmp/trifusion-v2/TriFusion-ReID/modeling/trifusion/criterion.py": {
      "sha256": "0b2a6370f434828d885945d1a46dd56f6668133ceed45ef359fe71eeca63740a",
      "bytes": 6101
    },
    "/root/autodl-tmp/trifusion-v2/TriFusion-ReID/modeling/trifusion/state.py": {
      "sha256": "5fe89c4885507e74ca1833cc18822a4b57e4c2d6fa9a6c6b2e127d1e74b70db9",
      "bytes": 4854
    },
    "/root/autodl-tmp/trifusion-v2/TriFusion-ReID/modeling/trifusion/builder.py": {
      "sha256": "8b3620e6be3727709253589a9e59b3efd20a611ba0eec4e8f6b4d0d17eeea4eb",
      "bytes": 18115
    },
    "/root/autodl-tmp/trifusion-v2/TriFusion-ReID/modeling/trifusion/experts/mamba.py": {
      "sha256": "c516c7ad937e5eee6a4ed1e3ec33c2afe3522b751d296bd2e4910e4f27a20ee5",
      "bytes": 7270
    },
    "/root/autodl-tmp/trifusion-v2/TriFusion-ReID/modeling/trifusion/experts/semantic_residual.py": {
      "sha256": "c8cef9717fd7bd1e5e50b428ac92762455defac2e25857c9e0dfaf82729c2a93",
      "bytes": 15428
    },
    "/root/autodl-tmp/trifusion-v2/TriFusion-ReID/tests/test_msvr310_signal_scene_protocol.py": {
      "sha256": "f631e9dac38da47ecaf9a9564056b4ba24f8f3bd58a9ebf4c70071e0c3f2320e",
      "bytes": 1202
    },
    "/root/autodl-tmp/trifusion-v2/TriFusion-ReID/refine-logs/msvr310_trifusion_v1/EXPERIMENT_PLAN.md": {
      "sha256": "90f81ce822ee2327163d8a4299e86f14046ceeb51ec17fc8b951acda882c884f",
      "bytes": 11686
    },
    "/root/autodl-tmp/trifusion-v2/TriFusion-ReID/evidence/trifusion_msvr310_signal_v1_audit_closure_20260906.json": {
      "sha256": "d60776e17acb004c2dfc9d73c1d51ea103d1950d7c9e07f03a1f4ca55ac58a4f",
      "bytes": 19267
    },
    "/root/autodl-tmp/trifusion-v2/TriFusion-ReID/configs/RGBNT201/TriFusion-signal-preserving-v8-expert-formation-rtx3090.yml": {
      "sha256": "3f81049ef8d06af88a4da88d6d71b554da263e246cb94dbe007cb4fc2d09eaab",
      "bytes": 2140
    },
    "/root/autodl-tmp/trifusion-v2/TriFusion-ReID/evidence/trifusion_msvr310_trifusion_v1_prelaunch_source_bytes_20260906.json": {
      "sha256": "e5b4af2456829e96992392d50773ca85faa2aa9f940ec8dc77ab51f8b4299f67",
      "bytes": 11512
    },
    "/root/autodl-tmp/trifusion-v2/TriFusion-ReID/modeling/trifusion/source_style_v27.py": {
      "sha256": "402b959863222ea4dfa82ea19c4aa63b02dd0aeef8ad3bc18dd00848ce945d8e",
      "bytes": 5145
    },
    "/root/autodl-tmp/trifusion-v2/TriFusion-ReID/configs/MSVR310/TriFusion-source-oof-v1.json": {
      "sha256": "49d82696fbf5d0d71431ed8d7f1e5f80d7c13215a8bec6cafe77969ee8e276a5",
      "bytes": 5286
    },
    "/root/autodl-tmp/trifusion-v2/TriFusion-ReID/modeling/trifusion/source_style_msvr.py": {
      "sha256": "734a296e4073595292f1525b5b8a55da07b60a90ba015ec9473f4ddd48c1346d",
      "bytes": 3396
    },
    "/root/autodl-tmp/trifusion-v2/TriFusion-ReID/tools/check_msvr310_source_style_contract.py": {
      "sha256": "f029a5a639baae90b40bb05994d6ce355b8fe27180d0bb5834d404098da6d5b7",
      "bytes": 3549
    },
    "/root/autodl-tmp/trifusion-v2/TriFusion-ReID/tools/run_msvr310_source_style.py": {
      "sha256": "b6df7967f2abec182135696c4ca5f9303ab59c59cdd9b68319f249d8bddd113a",
      "bytes": 3984
    },
    "/root/autodl-tmp/trifusion-v2/TriFusion-ReID/refine-logs/msvr310_source_style_v1/EXPERIMENT_PLAN.md": {
      "sha256": "b988f8e5f852a5edb052dc716f856409d7cf4eb1d723a7082502ec634bf52826",
      "bytes": 5788
    },
    "/root/autodl-tmp/trifusion-v2/TriFusion-ReID/evidence/msvr310_style_readiness_20260907/msvr310_style_prelaunch_source_bytes_20260907.json": {
      "sha256": "1d2266b05b4a2b6c819f36bb5149f03401c748a9527ccbdbd3e3261c1e3ced51",
      "bytes": 7969
    },
    "/root/autodl-tmp/trifusion-v2/TriFusion-ReID/evidence/msvr310_style_t0_runtime_binding_20260907/msvr_style_metadata_remote_numpy_20260907.json": {
      "sha256": "87dd4773b75e6485c545149c5e053a1b4c930b9f8babdc5a49ce1d8165c3d0d4",
      "bytes": 3946905
    },
    "/root/autodl-tmp/trifusion-v2/TriFusion-ReID/evidence/msvr310_style_t0_runtime_binding_20260907/msvr_style_plan_numpy_difference_20260907.json": {
      "sha256": "72c09c1aa7572ef90724ce4c37e9dfa02a43ba2e4bdbeaf546b4be9fa413d971",
      "bytes": 131921
    },
    "/root/autodl-tmp/trifusion-v2/TriFusion-ReID/evidence/msvr310_style_t0_runtime_binding_20260907/pipeline.json": {
      "sha256": "a9609f84a346730a580e4ef0936cb4b0cb7924fb24dcf035bfb7109970156263",
      "bytes": 1002
    },
    "/root/autodl-tmp/trifusion-v2/TriFusion-ReID/evidence/msvr310_style_t0_runtime_binding_20260907/t0.log": {
      "sha256": "f3ba13723b774b18b9c42e093db1afccd59b2492e0947df3d0ce0ef3d8bceebe",
      "bytes": 646
    },
    "/root/autodl-tmp/trifusion-v2/TriFusion-ReID/refine-logs/msvr310_source_style_v1/R2_RUNTIME_PLAN_BINDING.md": {
      "sha256": "72943d00bc6c5a30ad8497a24004b0b475b3e02ea2220045dbff64c5bd5edc22",
      "bytes": 1146
    },
    "/root/autodl-tmp/trifusion-v2/TriFusion-ReID/configs/MSVR310/TriFusion-source-style-paired-v1.json": {
      "sha256": "e7fa4276617ae68b21b050091580d448226daee858ac6f150fe57943b30e66d4",
      "bytes": 7202
    },
    "/root/autodl-tmp/trifusion-v2/TriFusion-ReID/configs/MSVR310/Signal-source-oof-v1.json": {
      "sha256": "ebf767f8c704c9886c80335014e571838400e733ce40665847cd1a9ea6783278",
      "bytes": 4761
    },
    "/root/autodl-tmp/trifusion-v2/TriFusion-ReID/refine-logs/msvr310_signal_v1/EXPERIMENT_PLAN.md": {
      "sha256": "23594209e6dcfcd451dadb0ba56100db1b4514c845474c54d891c8a7e544bf86",
      "bytes": 8807
    },
    "/root/autodl-tmp/trifusion-v2/comparators/Signal-cd1b0a6/config/defaults.py": {
      "sha256": "40257d349153e56e345983c99b1638d7c3d77966dfd2f5496fe03c86dc8dbd57",
      "bytes": 6411
    },
    "/root/autodl-tmp/trifusion-v2/comparators/Signal-cd1b0a6/configs/MSVR310/Signal.yml": {
      "sha256": "357ca3a989e943ea5348e6206c0d0f69b3c0d35ad9fbadbf68d2786439b8a915",
      "bytes": 934
    },
    "/root/autodl-tmp/trifusion-v2/comparators/Signal-cd1b0a6/data/datasets/bases.py": {
      "sha256": "48f050a7924cebd1e51f8831ba05df78dbccc7049afb0bcf83351d9d1ee23814",
      "bytes": 3874
    },
    "/root/autodl-tmp/trifusion-v2/comparators/Signal-cd1b0a6/data/datasets/make_dataloader.py": {
      "sha256": "54c47d798a20955bde224d9c78b42149c3c2ef008b02659141829a553194434f",
      "bytes": 10233
    },
    "/root/autodl-tmp/trifusion-v2/comparators/Signal-cd1b0a6/data/datasets/msvr310.py": {
      "sha256": "10b0197e7c97d1067bd63f25afef3cf0c4e64944ff4028c90d1f2f426a200eb9",
      "bytes": 3449
    },
    "/root/autodl-tmp/trifusion-v2/comparators/Signal-cd1b0a6/engine/processor.py": {
      "sha256": "aae7afbeed44a9136003f622b5cdfbf17728b8aab236b129f03285f829eb8377",
      "bytes": 11238
    },
    "/root/autodl-tmp/trifusion-v2/comparators/Signal-cd1b0a6/modeling/make_model.py": {
      "sha256": "1a88a91d2e5055f5d338996231b16c0e13b2fa7013c74131ca663f16c2655963",
      "bytes": 9975
    },
    "/root/autodl-tmp/trifusion-v2/comparators/Signal-cd1b0a6/train.py": {
      "sha256": "243a2f6de57f6113c6f0e35390670ee937bbcea84ab3335eea2b6257b3bcbd8f",
      "bytes": 4083
    },
    "/root/autodl-tmp/trifusion-v2/comparators/Signal-cd1b0a6/utils/metrics.py": {
      "sha256": "91604acb7d978462c16904910a645d7d1697c15bf150da529099004c8b5eecb2",
      "bytes": 22888
    },
    "/root/autodl-tmp/trifusion-v2/comparators/Signal-cd1b0a6/modeling/meta_arch.py": {
      "sha256": "8b709d5ab4b14ba150a96bbb5e8cc7e6dbbb71dd8bd30cafd7a5cb110ee5a757",
      "bytes": 5518
    },
    "/root/autodl-tmp/trifusion-v2/comparators/Signal-cd1b0a6/solver/make_optimizer.py": {
      "sha256": "ada1023a79fcaaed092bce0849a61db9d0253cf8974c494bfb3082d0fd35fee1",
      "bytes": 2021
    },
    "/root/autodl-tmp/trifusion-v2/comparators/Signal-cd1b0a6/solver/scheduler_factory.py": {
      "sha256": "c5e20bdffec4b5360faa04f823639c8e5fd8672914813fb96148927c9ee19abc",
      "bytes": 760
    },
    "/root/autodl-tmp/trifusion-v2/comparators/Signal-cd1b0a6/data/datasets/sampler.py": {
      "sha256": "b77902214633a2b06a7c0a80924a737fdb5122984a857f3c6e120a8ad8cce65a",
      "bytes": 2531
    },
    "/root/autodl-tmp/trifusion-v2/comparators/Signal-cd1b0a6/solver/lr_scheduler310.py": {
      "sha256": "e15481ca1d40dbab559af1d97367a192d44b9635a1eaf3ce004dcddb14ee7674",
      "bytes": 1860
    },
    "/root/autodl-tmp/trifusion-v2/comparators/Signal-cd1b0a6/layers/make_loss.py": {
      "sha256": "7eb7ab953c2bbc52d0c298ef971d0c3ff7000e5e50756fbb5a5fd63ac4c109aa",
      "bytes": 3674
    },
    "/root/autodl-tmp/trifusion-v2/comparators/Signal-cd1b0a6/modeling/make_model_clipreid.py": {
      "sha256": "5494c2b7cb9acfb2c727a2cde201ba587184b344667e077eacfe0c3a0c578651",
      "bytes": 10050
    },
    "/root/autodl-tmp/trifusion-v2/comparators/Signal-cd1b0a6/modeling/AddModule/useA.py": {
      "sha256": "1f8fef4dcadb89f5097f83b41a699d9f801a23c88ca3eea73b3ad973a56952a9",
      "bytes": 7854
    },
    "/root/autodl-tmp/trifusion-v2/TriFusion-ReID/protocols/msvr310_train_oof_v1.json": {
      "sha256": "4ff4c60bca3d019929add5788212c526387d93d535a2c52aa7b1c3acfd387cb4",
      "bytes": 553723
    }
  },
  "bound_files": {
    "/root/trifusion-storage/artifacts/msvr310_supported_task_state_v1_seed42_cb4f4c3/m0/summary.json": {
      "bytes": 737889,
      "sha256": "1385158d9aee97e04a7652e591a3c7b52a716f2954398481daa8a1bd4299af33"
    },
    "/root/trifusion-storage/artifacts/msvr310_supported_task_state_v1_seed42_cb4f4c3/m0/fold_0_control/roles_m0.pth": {
      "bytes": 32734799,
      "sha256": "5500f561612f55612afd97d924332580525e8bd9a01480df393919be974a686e"
    },
    "/root/trifusion-storage/artifacts/msvr310_supported_task_state_v1_seed42_cb4f4c3/m0/fold_0_control/receipt.json": {
      "bytes": 33068,
      "sha256": "db96e6d2687ef77a5a021a9ac58c34b8a4bb40aa0e29233082666cd8aae0b3e2"
    },
    "/root/trifusion-storage/artifacts/msvr310_supported_task_state_v1_seed42_cb4f4c3/m0/fold_0_control/training.json": {
      "bytes": 17969,
      "sha256": "34743723885c7b610b1b2df06f2c23835035a3c4fcc1e192bd46b2904f8bfaf2"
    },
    "/root/trifusion-storage/artifacts/msvr310_supported_task_state_v1_seed42_cb4f4c3/m0/fold_0_control/memory_steps.jsonl": {
      "bytes": 120570,
      "sha256": "c6e4b9f336b164321e268810918b8ee2e210e3e6647a2f047e8c8b7e01a83249"
    },
    "/root/trifusion-storage/artifacts/msvr310_supported_task_state_v1_seed42_cb4f4c3/m0/fold_0_control/memory_distances.f32": {
      "bytes": 1084416,
      "sha256": "db978ecc3a7ba64f2523192101695125478a86226ebb94b66ba1d184dba0e071"
    },
    "/root/trifusion-storage/artifacts/msvr310_supported_task_state_v1_seed42_cb4f4c3/m0/fold_0_control/optimizer_state.pt": {
      "bytes": 64744150,
      "sha256": "8c719f181a02ce9dbe6b5c1a42534fc727e1db873e2c9e23e340136c8b173f38"
    },
    "/root/trifusion-storage/artifacts/msvr310_supported_task_state_v1_seed42_cb4f4c3/m0/fold_0_split/roles_m0.pth": {
      "bytes": 32734799,
      "sha256": "05f6a38b2b9c8b6e50bdee9deee792b43f290dd2a7260a25052eeb366dc8bae8"
    },
    "/root/trifusion-storage/artifacts/msvr310_supported_task_state_v1_seed42_cb4f4c3/m0/fold_0_split/receipt.json": {
      "bytes": 33072,
      "sha256": "5791ed6044934aa78e4791a48ab75ff9e288b339df233163066165f0c6b201d1"
    },
    "/root/trifusion-storage/artifacts/msvr310_supported_task_state_v1_seed42_cb4f4c3/m0/fold_0_split/training.json": {
      "bytes": 17975,
      "sha256": "df4a0fc530dc5eae7c8d6a667818da40d6f91eaf89a101d5510c32a9ca1f50d5"
    },
    "/root/trifusion-storage/artifacts/msvr310_supported_task_state_v1_seed42_cb4f4c3/m0/fold_0_split/memory_steps.jsonl": {
      "bytes": 123235,
      "sha256": "138447421097841b824dac44f9754877cb4d33a590fb0acf5b855df8cf82b98e"
    },
    "/root/trifusion-storage/artifacts/msvr310_supported_task_state_v1_seed42_cb4f4c3/m0/fold_0_split/memory_distances.f32": {
      "bytes": 1084416,
      "sha256": "1590601df344012f125aa6cf92c3c75f4aa021abacf9db3a43d7df89d7d0510f"
    },
    "/root/trifusion-storage/artifacts/msvr310_supported_task_state_v1_seed42_cb4f4c3/m0/fold_0_split/optimizer_state.pt": {
      "bytes": 107741810,
      "sha256": "17cc41aeb4bbcfde0d1979f8648c194aa6ebeb03cc63105d3b4a6ff23781b9c0"
    },
    "/root/trifusion-storage/artifacts/msvr310_supported_task_state_v1_seed42_cb4f4c3/m0/fold_1_control/roles_m0.pth": {
      "bytes": 32734799,
      "sha256": "06b90387e44405f5498907b0ddbcc3db953ffc495638ed0990cbd5e443fe1540"
    },
    "/root/trifusion-storage/artifacts/msvr310_supported_task_state_v1_seed42_cb4f4c3/m0/fold_1_control/receipt.json": {
      "bytes": 33039,
      "sha256": "5f00a90510a95eb8d57b3c495b569687ff6f5ceda56b82f448004ee5cd319fc1"
    },
    "/root/trifusion-storage/artifacts/msvr310_supported_task_state_v1_seed42_cb4f4c3/m0/fold_1_control/training.json": {
      "bytes": 17940,
      "sha256": "b2befc80897e2966f4bf494f89d47cef4fdb69d0311807856eeea1bc194457e3"
    },
    "/root/trifusion-storage/artifacts/msvr310_supported_task_state_v1_seed42_cb4f4c3/m0/fold_1_control/memory_steps.jsonl": {
      "bytes": 118041,
      "sha256": "c724abec0826defcc61a269920311acb2a5476d48967fa8df9e4ad3073497b1a"
    },
    "/root/trifusion-storage/artifacts/msvr310_supported_task_state_v1_seed42_cb4f4c3/m0/fold_1_control/memory_distances.f32": {
      "bytes": 1055744,
      "sha256": "7a352f5e59f5550b14197f547c29ea11b9c792c4fe8780539554edc624a2f7f5"
    },
    "/root/trifusion-storage/artifacts/msvr310_supported_task_state_v1_seed42_cb4f4c3/m0/fold_1_control/optimizer_state.pt": {
      "bytes": 64744150,
      "sha256": "1a5c3df9b322568dced2b39754a93e80752e8082fa55267c14e1533779f65cd9"
    },
    "/root/trifusion-storage/artifacts/msvr310_supported_task_state_v1_seed42_cb4f4c3/m0/fold_1_split/roles_m0.pth": {
      "bytes": 32734799,
      "sha256": "140826a9124fa5dc2688d07a52182f74532dd5ed027f2b7f483fb6e1ccd569a7"
    },
    "/root/trifusion-storage/artifacts/msvr310_supported_task_state_v1_seed42_cb4f4c3/m0/fold_1_split/receipt.json": {
      "bytes": 33045,
      "sha256": "c935775e4ae655047db1ee5fe2a3dac5eb99d4059c3d3bc6e39fc6e8c36bc819"
    },
    "/root/trifusion-storage/artifacts/msvr310_supported_task_state_v1_seed42_cb4f4c3/m0/fold_1_split/training.json": {
      "bytes": 17948,
      "sha256": "8293b5c025b0fe5f0079297ba9d3919892e47a32bc9942a3ad1f758532050667"
    },
    "/root/trifusion-storage/artifacts/msvr310_supported_task_state_v1_seed42_cb4f4c3/m0/fold_1_split/memory_steps.jsonl": {
      "bytes": 120728,
      "sha256": "93a7eeb0648355f2fc02a845c338c63cfefc0ee903da3b2392ac760f569a16e6"
    },
    "/root/trifusion-storage/artifacts/msvr310_supported_task_state_v1_seed42_cb4f4c3/m0/fold_1_split/memory_distances.f32": {
      "bytes": 1055744,
      "sha256": "d749e40afa2d79d4b393be9d4e86f54848c3d1874c99e8bc3348a3451aed426c"
    },
    "/root/trifusion-storage/artifacts/msvr310_supported_task_state_v1_seed42_cb4f4c3/m0/fold_1_split/optimizer_state.pt": {
      "bytes": 107741810,
      "sha256": "c89720a69b114246c6dd0e50ae357b4aae6eb582e8f60acbed3cd64558cbb13d"
    },
    "/root/trifusion-storage/artifacts/msvr310_supported_task_state_v1_seed42_cb4f4c3/m0/fold_2_control/roles_m0.pth": {
      "bytes": 32839247,
      "sha256": "2c6606f5579eee102f6b3669c6ab90ccd170467a5cd8cbc942a2c8280c7955e9"
    },
    "/root/trifusion-storage/artifacts/msvr310_supported_task_state_v1_seed42_cb4f4c3/m0/fold_2_control/receipt.json": {
      "bytes": 33051,
      "sha256": "f88d8b7d5eb54970b7c28d503d631a18119ab36dd28c91dcc99e3751d280869c"
    },
    "/root/trifusion-storage/artifacts/msvr310_supported_task_state_v1_seed42_cb4f4c3/m0/fold_2_control/training.json": {
      "bytes": 17952,
      "sha256": "e039f25ef9b4ab98c5e57a7902326c8ffaafc44af564581b62306bdb22808617"
    },
    "/root/trifusion-storage/artifacts/msvr310_supported_task_state_v1_seed42_cb4f4c3/m0/fold_2_control/memory_steps.jsonl": {
      "bytes": 132621,
      "sha256": "2d7b7d76d02975ec2063efaec6c2714399e63996fd3984dd0830083403a7a655"
    },
    "/root/trifusion-storage/artifacts/msvr310_supported_task_state_v1_seed42_cb4f4c3/m0/fold_2_control/memory_distances.f32": {
      "bytes": 1198080,
      "sha256": "c8a2370f3318d6249b19c5872784cc4c84942d4245cfd18081decb680708671c"
    },
    "/root/trifusion-storage/artifacts/msvr310_supported_task_state_v1_seed42_cb4f4c3/m0/fold_2_control/optimizer_state.pt": {
      "bytes": 64953046,
      "sha256": "62f0274d95773e964a2eedaff951150dedfeb6d12d87c6d6a67c4fc31f73881e"
    },
    "/root/trifusion-storage/artifacts/msvr310_supported_task_state_v1_seed42_cb4f4c3/m0/fold_2_split/roles_m0.pth": {
      "bytes": 32839247,
      "sha256": "09d8e85fac3330891a22475d78441e3fad92bc6911ae9972b713ebf07d4cb724"
    },
    "/root/trifusion-storage/artifacts/msvr310_supported_task_state_v1_seed42_cb4f4c3/m0/fold_2_split/receipt.json": {
      "bytes": 33044,
      "sha256": "bf4afecc1d9f422d01ec4140ec8c2131880a0178e3791319dffda2cd4285b901"
    },
    "/root/trifusion-storage/artifacts/msvr310_supported_task_state_v1_seed42_cb4f4c3/m0/fold_2_split/training.json": {
      "bytes": 17947,
      "sha256": "3075c1526672f8bf42a2caa0773cccf9ea9c340d1b77b10550ae8aa318e99466"
    },
    "/root/trifusion-storage/artifacts/msvr310_supported_task_state_v1_seed42_cb4f4c3/m0/fold_2_split/memory_steps.jsonl": {
      "bytes": 135359,
      "sha256": "9d610723d6d4e916bc3ed0d58f12d10666f30412fad0ca3260fd20c43f4c36e4"
    },
    "/root/trifusion-storage/artifacts/msvr310_supported_task_state_v1_seed42_cb4f4c3/m0/fold_2_split/memory_distances.f32": {
      "bytes": 1198080,
      "sha256": "af7bf1097be2560821f23438aaf49bf4b39758bafa83e9e4d5f020730b0ccdd2"
    },
    "/root/trifusion-storage/artifacts/msvr310_supported_task_state_v1_seed42_cb4f4c3/m0/fold_2_split/optimizer_state.pt": {
      "bytes": 107950706,
      "sha256": "7b7f7091324ea2f1dd07570c9d93ac96368dc44224300332824fb03a30085a7b"
    },
    "/root/trifusion-storage/artifacts/msvr310_supported_task_state_v1_seed42_cb4f4c3/m0/overfit_control/memory_steps.jsonl": {
      "bytes": 626983,
      "sha256": "82cade1a120d3db7e890d08692dac4bcb82d8971b318ae32677053ffb9dc0c44"
    },
    "/root/trifusion-storage/artifacts/msvr310_supported_task_state_v1_seed42_cb4f4c3/m0/overfit_control/memory_distances.f32": {
      "bytes": 6553600,
      "sha256": "bed4e8f0e1f07d455c1f3084217a48389c4823d5fb828acd945d4086e628fe3b"
    },
    "/root/trifusion-storage/artifacts/msvr310_supported_task_state_v1_seed42_cb4f4c3/m0/overfit_control/optimizer_state.pt": {
      "bytes": 64744150,
      "sha256": "9d813ed2fddf798471ba37bf0b80f133fb6fd2e6118940cdfb492cbb229fc87e"
    },
    "/root/trifusion-storage/artifacts/msvr310_supported_task_state_v1_seed42_cb4f4c3/m0/overfit_control/training.json": {
      "bytes": 170497,
      "sha256": "aae3c66daf7db6d1fbed8a087d00fe8325c15c665e4a25e78625bf41b551dc47"
    },
    "/root/trifusion-storage/artifacts/msvr310_supported_task_state_v1_seed42_cb4f4c3/m0/overfit_split/memory_steps.jsonl": {
      "bytes": 660332,
      "sha256": "12a757c7820b1b8b77e81016929ac805b198bdee33697bbfe1f391a659a71af4"
    },
    "/root/trifusion-storage/artifacts/msvr310_supported_task_state_v1_seed42_cb4f4c3/m0/overfit_split/memory_distances.f32": {
      "bytes": 6553600,
      "sha256": "7c0c825adee736df84d56017c3bbfaadbaa3447238b18e9301e29d184ca5a685"
    },
    "/root/trifusion-storage/artifacts/msvr310_supported_task_state_v1_seed42_cb4f4c3/m0/overfit_split/optimizer_state.pt": {
      "bytes": 107741810,
      "sha256": "021758fa044a527929c8775c0d2a3f22b164cbe262de5d978fb7dae8758e4b72"
    },
    "/root/trifusion-storage/artifacts/msvr310_supported_task_state_v1_seed42_cb4f4c3/m0/overfit_split/training.json": {
      "bytes": 170307,
      "sha256": "f880af201bc0f753e2c1d23e7e459115ce57956842e1018dc255349f895db05d"
    },
    "/root/trifusion-storage/artifacts/msvr310_supported_task_state_v1_seed42_cb4f4c3/m0_cpu.json": {
      "bytes": 18019,
      "sha256": "c09ddf3854713fc451e3554a62df47ead8fe3338a4324ea6158dc5fa69ba4bdf"
    },
    "/root/trifusion-storage/artifacts/msvr310_supported_task_state_v1_seed42_cb4f4c3/t0.json": {
      "bytes": 3573278,
      "sha256": "b6d31e8d61108792a61e7cf2fa1d9cea966b46cad30bc9da9f185bb95159b221"
    },
    "/root/trifusion-storage/artifacts/msvr310_supported_task_state_v1_seed42_cb4f4c3/m0.log": {
      "bytes": 9820,
      "sha256": "a4e3f4657809478cc3a5d1132f06ca95d69744706c7d49703d9049d024288b15"
    },
    "/root/trifusion-storage/artifacts/msvr310_supported_task_state_v1_seed42_cb4f4c3/m0_cpu.log": {
      "bytes": 633,
      "sha256": "5ef40f5616c098c812dc7cffb6673b3c0c8e05952642a9f76c4c12fe84d84da2"
    }
  },
  "baseline_checkpoint_hashes": {
    "/root/autodl-tmp/trifusion-v2/artifacts/msvr310_signal_source_oof_v1_seed42_bb01d60/baseline/fold_0/signal_epoch50.pth": "fd17dd2e4c1a5576bf02b70e2b7faced979794d955a4e510cb76fd144d9c4b00",
    "/root/autodl-tmp/trifusion-v2/artifacts/msvr310_signal_source_oof_v1_seed42_bb01d60/baseline/fold_1/signal_epoch50.pth": "a11e0fd6c531ea55e43040285671e8adbd3481c7dc5510309fe0d9ea0c974253",
    "/root/autodl-tmp/trifusion-v2/artifacts/msvr310_signal_source_oof_v1_seed42_bb01d60/baseline/fold_2/signal_epoch50.pth": "fa7531cc3de677cec99852e588dcaa0851d0c1b5dc34bb65e0d4cc23ff95c06b"
  },
  "checkpoint_checks": [
    {
      "endpoint": "fold_0_control",
      "path": "/root/trifusion-storage/artifacts/msvr310_supported_task_state_v1_seed42_cb4f4c3/m0/fold_0_control/roles_m0.pth",
      "sha256": "5500f561612f55612afd97d924332580525e8bd9a01480df393919be974a686e",
      "reconstructed_state_sha256": "f04e911907f5015c4dabf0f0cc58fd6d76bcc7940a353dc0102ec207f30daef8",
      "baseline_alias_tensors": 241
    },
    {
      "endpoint": "fold_0_split",
      "path": "/root/trifusion-storage/artifacts/msvr310_supported_task_state_v1_seed42_cb4f4c3/m0/fold_0_split/roles_m0.pth",
      "sha256": "05f6a38b2b9c8b6e50bdee9deee792b43f290dd2a7260a25052eeb366dc8bae8",
      "reconstructed_state_sha256": "bdefc2ce95cca4b59bc0af6a0d20da10c6c7c8338c1d47a3f7afb63c30d39280",
      "baseline_alias_tensors": 241
    },
    {
      "endpoint": "fold_1_control",
      "path": "/root/trifusion-storage/artifacts/msvr310_supported_task_state_v1_seed42_cb4f4c3/m0/fold_1_control/roles_m0.pth",
      "sha256": "06b90387e44405f5498907b0ddbcc3db953ffc495638ed0990cbd5e443fe1540",
      "reconstructed_state_sha256": "e31a2454b2efdc302bb85a52c72da989ffe45ec1484ccfbbff342b2d3f78609b",
      "baseline_alias_tensors": 241
    },
    {
      "endpoint": "fold_1_split",
      "path": "/root/trifusion-storage/artifacts/msvr310_supported_task_state_v1_seed42_cb4f4c3/m0/fold_1_split/roles_m0.pth",
      "sha256": "140826a9124fa5dc2688d07a52182f74532dd5ed027f2b7f483fb6e1ccd569a7",
      "reconstructed_state_sha256": "a64c2b43269dcd8128d1016313ec151c1fe4943f49ee267903a44da7bc16f04b",
      "baseline_alias_tensors": 241
    },
    {
      "endpoint": "fold_2_control",
      "path": "/root/trifusion-storage/artifacts/msvr310_supported_task_state_v1_seed42_cb4f4c3/m0/fold_2_control/roles_m0.pth",
      "sha256": "2c6606f5579eee102f6b3669c6ab90ccd170467a5cd8cbc942a2c8280c7955e9",
      "reconstructed_state_sha256": "4d24dc7db6100629f4ea24853c30052d71c09e3d9d0694db743eed605828d4b0",
      "baseline_alias_tensors": 241
    },
    {
      "endpoint": "fold_2_split",
      "path": "/root/trifusion-storage/artifacts/msvr310_supported_task_state_v1_seed42_cb4f4c3/m0/fold_2_split/roles_m0.pth",
      "sha256": "09d8e85fac3330891a22475d78441e3fad92bc6911ae9972b713ebf07d4cb724",
      "reconstructed_state_sha256": "495a33c9db8cfde2e3e0b2c43599b8f79c918047563bd0768a1eb95827e14674",
      "baseline_alias_tensors": 241
    }
  ],
  "fold_scope": [
    {
      "fold": 0,
      "source_records": 672,
      "source_ids": 103,
      "heldout_records": 360,
      "heldout_ids": 52,
      "planned_queries": 210
    },
    {
      "fold": 1,
      "source_records": 683,
      "source_ids": 103,
      "heldout_records": 349,
      "heldout_ids": 52,
      "planned_queries": 207
    },
    {
      "fold": 2,
      "source_records": 709,
      "source_ids": 104,
      "heldout_records": 323,
      "heldout_ids": 51,
      "planned_queries": 183
    }
  ],
  "protocol_record_count": 1032,
  "t0_metadata_steps_independently_replayed": 780,
  "endpoints": [
    {
      "endpoint": "residual_classifiers.mamba.weight",
      "steps": 8,
      "observed_rank_steps": 8,
      "absent_rank_steps": 0,
      "distance_elements": 271104,
      "max_objective_error": 8.092190184605386e-08,
      "max_total_loss_error": 3.8743019104003906e-07,
      "direct_references": 15,
      "max_direct_reference_relative_l2": 1.6832115135605265e-09,
      "history_vjp_record_forwards": 960,
      "moment_tensors": 406,
      "max_final_moment_norm_error": 0.0,
      "parameter_group": {
        "lr": 0.00035,
        "weight_decay": 0.0001,
        "betas": [
          0.9,
          0.999
        ],
        "eps": 1e-08
      },
      "scaler": {
        "scale": 256.0,
        "growth_factor": 2.0,
        "backoff_factor": 0.5,
        "growth_interval": 2000,
        "_growth_tracker": 8
      },
      "actual_update_norm_ranges": {
        "cnn": [
          0.18725204728180228,
          0.5223331161581105
        ],
        "transformer": [
          0.15862912328510928,
          0.4121952867416607
        ],
        "mamba": [
          0.1858868781200054,
          0.45152791271774506
        ]
      },
      "unique_sampled_records": 333,
      "unique_sampled_identities": 63,
      "unique_sampled_scenes": [
        0,
        2,
        3,
        4,
        5,
        7,
        8,
        9,
        10,
        11,
        12,
        13,
        14,
        15,
        16,
        17,
        18,
        19,
        20,
        22,
        23,
        24,
        26,
        27,
        28,
        29,
        30
      ]
    },
    {
      "endpoint": "residual_classifiers.mamba.weight",
      "steps": 8,
      "observed_rank_steps": 8,
      "absent_rank_steps": 0,
      "distance_elements": 271104,
      "max_objective_error": 1.0368250491499253e-07,
      "max_total_loss_error": 5.948046846171451e-07,
      "direct_references": 15,
      "max_direct_reference_relative_l2": 1.8867371712485953e-09,
      "history_vjp_record_forwards": 960,
      "moment_tensors": 784,
      "max_final_moment_norm_error": 1.3877787807814457e-17,
      "parameter_group": {
        "lr": 0.00035,
        "weight_decay": 0.0001,
        "betas": [
          0.9,
          0.999
        ],
        "eps": 1e-08
      },
      "scaler": {
        "scale": 256.0,
        "growth_factor": 2.0,
        "backoff_factor": 0.5,
        "growth_interval": 2000,
        "_growth_tracker": 8
      },
      "actual_update_norm_ranges": {
        "cnn": [
          0.25455761197011956,
          0.8687604873676364
        ],
        "transformer": [
          0.2415366410002926,
          0.6980641523170587
        ],
        "mamba": [
          0.28378031030139944,
          0.770385192536302
        ]
      },
      "unique_sampled_records": 333,
      "unique_sampled_identities": 63,
      "unique_sampled_scenes": [
        0,
        2,
        3,
        4,
        5,
        7,
        8,
        9,
        10,
        11,
        12,
        13,
        14,
        15,
        16,
        17,
        18,
        19,
        20,
        22,
        23,
        24,
        26,
        27,
        28,
        29,
        30
      ]
    },
    {
      "endpoint": "residual_classifiers.mamba.weight",
      "steps": 8,
      "observed_rank_steps": 8,
      "absent_rank_steps": 0,
      "distance_elements": 263936,
      "max_objective_error": 9.652065457999015e-08,
      "max_total_loss_error": 4.718701047679019e-07,
      "direct_references": 15,
      "max_direct_reference_relative_l2": 2.1858669723487355e-09,
      "history_vjp_record_forwards": 960,
      "moment_tensors": 406,
      "max_final_moment_norm_error": 4.235164736271502e-22,
      "parameter_group": {
        "lr": 0.00035,
        "weight_decay": 0.0001,
        "betas": [
          0.9,
          0.999
        ],
        "eps": 1e-08
      },
      "scaler": {
        "scale": 256.0,
        "growth_factor": 2.0,
        "backoff_factor": 0.5,
        "growth_interval": 2000,
        "_growth_tracker": 8
      },
      "actual_update_norm_ranges": {
        "cnn": [
          0.19105981363466426,
          0.5223318377767124
        ],
        "transformer": [
          0.17750272211298843,
          0.4121878519408241
        ],
        "mamba": [
          0.19395607629380385,
          0.451787197736493
        ]
      },
      "unique_sampled_records": 316,
      "unique_sampled_identities": 61,
      "unique_sampled_scenes": [
        0,
        2,
        3,
        4,
        5,
        7,
        9,
        10,
        11,
        12,
        13,
        14,
        15,
        16,
        17,
        18,
        19,
        20,
        21,
        22,
        23,
        24,
        25,
        26,
        27,
        28,
        29,
        30
      ]
    },
    {
      "endpoint": "residual_classifiers.mamba.weight",
      "steps": 8,
      "observed_rank_steps": 8,
      "absent_rank_steps": 0,
      "distance_elements": 263936,
      "max_objective_error": 7.893856368568208e-08,
      "max_total_loss_error": 3.129243850708008e-07,
      "direct_references": 15,
      "max_direct_reference_relative_l2": 2.015750894966168e-09,
      "history_vjp_record_forwards": 960,
      "moment_tensors": 784,
      "max_final_moment_norm_error": 2.7755575615628914e-17,
      "parameter_group": {
        "lr": 0.00035,
        "weight_decay": 0.0001,
        "betas": [
          0.9,
          0.999
        ],
        "eps": 1e-08
      },
      "scaler": {
        "scale": 256.0,
        "growth_factor": 2.0,
        "backoff_factor": 0.5,
        "growth_interval": 2000,
        "_growth_tracker": 8
      },
      "actual_update_norm_ranges": {
        "cnn": [
          0.2598268429569445,
          0.8711587675603223
        ],
        "transformer": [
          0.2588825752118943,
          0.695730427332627
        ],
        "mamba": [
          0.3025276690429717,
          0.775590665431544
        ]
      },
      "unique_sampled_records": 316,
      "unique_sampled_identities": 61,
      "unique_sampled_scenes": [
        0,
        2,
        3,
        4,
        5,
        7,
        9,
        10,
        11,
        12,
        13,
        14,
        15,
        16,
        17,
        18,
        19,
        20,
        21,
        22,
        23,
        24,
        25,
        26,
        27,
        28,
        29,
        30
      ]
    },
    {
      "endpoint": "residual_classifiers.mamba.weight",
      "steps": 8,
      "observed_rank_steps": 8,
      "absent_rank_steps": 0,
      "distance_elements": 299520,
      "max_objective_error": 8.950944696550778e-08,
      "max_total_loss_error": 4.7559539506636384e-07,
      "direct_references": 15,
      "max_direct_reference_relative_l2": 3.12850281798043e-06,
      "history_vjp_record_forwards": 960,
      "moment_tensors": 406,
      "max_final_moment_norm_error": 1.3877787807814457e-17,
      "parameter_group": {
        "lr": 0.00035,
        "weight_decay": 0.0001,
        "betas": [
          0.9,
          0.999
        ],
        "eps": 1e-08
      },
      "scaler": {
        "scale": 256.0,
        "growth_factor": 2.0,
        "backoff_factor": 0.5,
        "growth_interval": 2000,
        "_growth_tracker": 8
      },
      "actual_update_norm_ranges": {
        "cnn": [
          0.1897015735606125,
          0.5223281590311206
        ],
        "transformer": [
          0.17182817044405513,
          0.4121891104143001
        ],
        "mamba": [
          0.17263303999324414,
          0.451741923452322
        ]
      },
      "unique_sampled_records": 350,
      "unique_sampled_identities": 62,
      "unique_sampled_scenes": [
        0,
        2,
        3,
        4,
        5,
        6,
        7,
        8,
        9,
        10,
        11,
        12,
        13,
        14,
        15,
        16,
        17,
        18,
        19,
        20,
        22,
        24,
        25,
        26,
        27,
        28,
        29,
        30
      ]
    },
    {
      "endpoint": "residual_classifiers.mamba.weight",
      "steps": 8,
      "observed_rank_steps": 8,
      "absent_rank_steps": 0,
      "distance_elements": 299520,
      "max_objective_error": 7.77615731806236e-08,
      "max_total_loss_error": 2.980232238769531e-07,
      "direct_references": 15,
      "max_direct_reference_relative_l2": 2.1377363988050026e-09,
      "history_vjp_record_forwards": 960,
      "moment_tensors": 784,
      "max_final_moment_norm_error": 3.3881317890172014e-21,
      "parameter_group": {
        "lr": 0.00035,
        "weight_decay": 0.0001,
        "betas": [
          0.9,
          0.999
        ],
        "eps": 1e-08
      },
      "scaler": {
        "scale": 256.0,
        "growth_factor": 2.0,
        "backoff_factor": 0.5,
        "growth_interval": 2000,
        "_growth_tracker": 8
      },
      "actual_update_norm_ranges": {
        "cnn": [
          0.25635026056078586,
          0.8602688446861153
        ],
        "transformer": [
          0.2609319391102542,
          0.7035437745298719
        ],
        "mamba": [
          0.2624660115295163,
          0.7789269186455305
        ]
      },
      "unique_sampled_records": 350,
      "unique_sampled_identities": 62,
      "unique_sampled_scenes": [
        0,
        2,
        3,
        4,
        5,
        6,
        7,
        8,
        9,
        10,
        11,
        12,
        13,
        14,
        15,
        16,
        17,
        18,
        19,
        20,
        22,
        24,
        25,
        26,
        27,
        28,
        29,
        30
      ]
    },
    {
      "endpoint": "residual_classifiers.mamba.weight",
      "steps": 100,
      "observed_rank_steps": 100,
      "absent_rank_steps": 0,
      "distance_elements": 1638400,
      "max_objective_error": 1.0387177584725293e-07,
      "max_total_loss_error": 1.167257623890805e-07,
      "direct_references": 0,
      "max_direct_reference_relative_l2": 0.0,
      "history_vjp_record_forwards": 0,
      "moment_tensors": 406,
      "max_final_moment_norm_error": 5.421010862427522e-20,
      "parameter_group": {
        "lr": 0.00035,
        "weight_decay": 0.0001,
        "betas": [
          0.9,
          0.999
        ],
        "eps": 1e-08
      },
      "scaler": {
        "scale": 256.0,
        "growth_factor": 2.0,
        "backoff_factor": 0.5,
        "growth_interval": 2000,
        "_growth_tracker": 100
      },
      "actual_update_norm_ranges": {
        "cnn": [
          0.004418780736468475,
          0.5223331161581105
        ],
        "transformer": [
          0.005098881931756499,
          0.4121952867416607
        ],
        "mamba": [
          0.004649691075285344,
          0.4515278789763468
        ]
      },
      "unique_sampled_records": 53,
      "unique_sampled_identities": 8,
      "unique_sampled_scenes": [
        0,
        4,
        5,
        11,
        15,
        18,
        23,
        26,
        27,
        28,
        30
      ]
    },
    {
      "endpoint": "residual_classifiers.mamba.weight",
      "steps": 100,
      "observed_rank_steps": 100,
      "absent_rank_steps": 0,
      "distance_elements": 1638400,
      "max_objective_error": 8.092190184605386e-08,
      "max_total_loss_error": 1.3286868760786774e-07,
      "direct_references": 0,
      "max_direct_reference_relative_l2": 0.0,
      "history_vjp_record_forwards": 0,
      "moment_tensors": 784,
      "max_final_moment_norm_error": 1.0842021724855044e-19,
      "parameter_group": {
        "lr": 0.00035,
        "weight_decay": 0.0001,
        "betas": [
          0.9,
          0.999
        ],
        "eps": 1e-08
      },
      "scaler": {
        "scale": 256.0,
        "growth_factor": 2.0,
        "backoff_factor": 0.5,
        "growth_interval": 2000,
        "_growth_tracker": 100
      },
      "actual_update_norm_ranges": {
        "cnn": [
          0.005036654689401116,
          0.8687604873676364
        ],
        "transformer": [
          0.005966198561803036,
          0.6980641523170587
        ],
        "mamba": [
          0.005595331280162251,
          0.7703850117748705
        ]
      },
      "unique_sampled_records": 53,
      "unique_sampled_identities": 8,
      "unique_sampled_scenes": [
        0,
        4,
        5,
        11,
        15,
        18,
        23,
        26,
        27,
        28,
        30
      ]
    }
  ],
  "total_steps": 248,
  "total_moment_tensors": 4760,
  "total_direct_references": 90,
  "model_forwards": 0,
  "optimizer_updates": 0,
  "image_reads": 0,
  "cuda_initialized": false,
  "threads": 2,
  "scope": "Independent saved-artifact arithmetic and structure checks. No regeneration of model gradients, training trajectory, pixels, or per-task update vectors."
}
