/data/gaob/Re-ID/conda-envs/tri_reid/lib/python3.10/site-packages/timm/models/helpers.py:7: FutureWarning: Importing from timm.models.helpers is deprecated, please import via timm.models
  warnings.warn(f"Importing from {__name__} is deprecated, please import via timm.models", FutureWarning)
/data/gaob/Re-ID/conda-envs/tri_reid/lib/python3.10/site-packages/timm/models/registry.py:4: FutureWarning: Importing from timm.models.registry is deprecated, please import via timm.models
  warnings.warn(f"Importing from {__name__} is deprecated, please import via timm.models", FutureWarning)
/data/gaob/Re-ID/conda-envs/tri_reid/lib/python3.10/site-packages/timm/models/layers/__init__.py:48: FutureWarning: Importing from timm.models.layers is deprecated, please import via timm.layers
  warnings.warn(f"Importing from {__name__} is deprecated, please import via timm.layers", FutureWarning)
建立transformer............
using Transformer_type: ViT-B-16 as a backbone
Resized position embedding: %s to %s torch.Size([197, 768]) torch.Size([129, 768])
Position embedding resize to height:16 width: 8
Successfully load ckpt!
<All keys matched successfully>
Loading pretrained model from CLIP
camera number is : 4
===========Building Signal===========
{"event": "epoch", "dataset": "RGBNT201", "epoch": 1, "steps": 53, "mean_loss": 5.417526425055738, "seconds": 33.61550427399925, "official_fused": {"mAP": 7.467792757053989, "Rank-1": 5.7416267693042755, "Rank-5": 10.526315867900848, "Rank-10": 16.387559473514557}, "best_epoch": 1}
{"event": "epoch", "dataset": "RGBNT201", "epoch": 2, "steps": 53, "mean_loss": 4.737128086809842, "seconds": 31.599751256988384, "official_fused": {"mAP": 25.16900573538313, "Rank-1": 21.889951825141907, "Rank-5": 34.928229451179504, "Rank-10": 43.421053886413574}, "best_epoch": 2}
{"event": "epoch", "dataset": "RGBNT201", "epoch": 3, "steps": 53, "mean_loss": 3.437125435415304, "seconds": 32.1762173169991, "official_fused": {"mAP": 39.91970923092881, "Rank-1": 37.081339955329895, "Rank-5": 52.272725105285645, "Rank-10": 59.92823243141174}, "best_epoch": 3}
{"event": "epoch", "dataset": "RGBNT201", "epoch": 4, "steps": 53, "mean_loss": 2.1783939577498526, "seconds": 32.79179536100128, "official_fused": {"mAP": 56.2413541715203, "Rank-1": 54.066985845565796, "Rank-5": 68.89952421188354, "Rank-10": 76.43540501594543}, "best_epoch": 4}
{"event": "epoch", "dataset": "RGBNT201", "epoch": 5, "steps": 53, "mean_loss": 1.4014728676598027, "seconds": 32.85485901599168, "official_fused": {"mAP": 55.89453284182964, "Rank-1": 55.9808611869812, "Rank-5": 68.18181872367859, "Rank-10": 74.88038539886475}, "best_epoch": 4}
{"event": "epoch", "dataset": "RGBNT201", "epoch": 6, "steps": 53, "mean_loss": 1.0870027407160345, "seconds": 33.00208919699071, "official_fused": {"mAP": 61.98399495305459, "Rank-1": 61.60287261009216, "Rank-5": 72.24880456924438, "Rank-10": 78.94737124443054}, "best_epoch": 6}
{"event": "epoch", "dataset": "RGBNT201", "epoch": 7, "steps": 53, "mean_loss": 0.9905449421900623, "seconds": 32.357782692997716, "official_fused": {"mAP": 63.99934480626591, "Rank-1": 64.952152967453, "Rank-5": 75.95694065093994, "Rank-10": 81.81818127632141}, "best_epoch": 7}
{"event": "epoch", "dataset": "RGBNT201", "epoch": 8, "steps": 53, "mean_loss": 0.958648366748162, "seconds": 32.71674478898058, "official_fused": {"mAP": 67.77534103851133, "Rank-1": 68.54066848754883, "Rank-5": 77.03348994255066, "Rank-10": 82.77512192726135}, "best_epoch": 8}
{"event": "epoch", "dataset": "RGBNT201", "epoch": 9, "steps": 53, "mean_loss": 0.9413484807284374, "seconds": 32.74131966900313, "official_fused": {"mAP": 64.98931478585047, "Rank-1": 67.1052634716034, "Rank-5": 75.95694065093994, "Rank-10": 80.02392053604126}, "best_epoch": 8}
{"event": "epoch", "dataset": "RGBNT201", "epoch": 10, "steps": 53, "mean_loss": 0.9411696611710314, "seconds": 33.05559315998107, "official_fused": {"mAP": 67.81186298926588, "Rank-1": 69.13875341415405, "Rank-5": 77.63158082962036, "Rank-10": 83.61244201660156}, "best_epoch": 10}
{"event": "epoch", "dataset": "RGBNT201", "epoch": 11, "steps": 53, "mean_loss": 0.9254017697190339, "seconds": 32.61073592599132, "official_fused": {"mAP": 68.12453802967401, "Rank-1": 69.73684430122375, "Rank-5": 76.55502557754517, "Rank-10": 82.17703104019165}, "best_epoch": 11}
{"event": "epoch", "dataset": "RGBNT201", "epoch": 12, "steps": 53, "mean_loss": 0.9151870911976077, "seconds": 32.545880667021265, "official_fused": {"mAP": 63.386369003812945, "Rank-1": 64.952152967453, "Rank-5": 75.35884976387024, "Rank-10": 81.22009634971619}, "best_epoch": 11}
{"event": "epoch", "dataset": "RGBNT201", "epoch": 13, "steps": 53, "mean_loss": 0.9105853697039047, "seconds": 32.66771142600919, "official_fused": {"mAP": 68.13286701713376, "Rank-1": 71.05262875556946, "Rank-5": 79.30622100830078, "Rank-10": 84.56937670707703}, "best_epoch": 13}
{"event": "epoch", "dataset": "RGBNT201", "epoch": 14, "steps": 53, "mean_loss": 0.9045619739676422, "seconds": 32.5093413410068, "official_fused": {"mAP": 64.81640321540876, "Rank-1": 66.26794338226318, "Rank-5": 75.83732008934021, "Rank-10": 80.74162602424622}, "best_epoch": 13}
{"event": "epoch", "dataset": "RGBNT201", "epoch": 15, "steps": 53, "mean_loss": 0.8996889726170954, "seconds": 33.129559221997624, "official_fused": {"mAP": 66.11100387482108, "Rank-1": 67.9425835609436, "Rank-5": 76.19616985321045, "Rank-10": 83.13397169113159}, "best_epoch": 13}
{"event": "epoch", "dataset": "RGBNT201", "epoch": 16, "steps": 53, "mean_loss": 0.8931706221598499, "seconds": 32.57934692199342, "official_fused": {"mAP": 66.5607602550532, "Rank-1": 69.25837397575378, "Rank-5": 76.55502557754517, "Rank-10": 81.33971095085144}, "best_epoch": 13}
{"event": "epoch", "dataset": "RGBNT201", "epoch": 17, "steps": 53, "mean_loss": 0.8886019902409248, "seconds": 32.6060405469907, "official_fused": {"mAP": 64.34901785046523, "Rank-1": 63.87559771537781, "Rank-5": 74.16267991065979, "Rank-10": 80.26315569877625}, "best_epoch": 13}
{"event": "epoch", "dataset": "RGBNT201", "epoch": 18, "steps": 53, "mean_loss": 0.8853515139165914, "seconds": 32.598771598015446, "official_fused": {"mAP": 62.75676584731327, "Rank-1": 61.48325204849243, "Rank-5": 73.32535982131958, "Rank-10": 79.18660044670105}, "best_epoch": 13}
{"event": "epoch", "dataset": "RGBNT201", "epoch": 19, "steps": 53, "mean_loss": 0.8858486593894239, "seconds": 32.83571244799532, "official_fused": {"mAP": 64.80106122883832, "Rank-1": 65.66985845565796, "Rank-5": 76.79426074028015, "Rank-10": 82.77512192726135}, "best_epoch": 13}
{"event": "epoch", "dataset": "RGBNT201", "epoch": 20, "steps": 53, "mean_loss": 0.8820759125475613, "seconds": 32.62434879000648, "official_fused": {"mAP": 64.14548299156812, "Rank-1": 67.46411323547363, "Rank-5": 76.9138753414154, "Rank-10": 82.77512192726135}, "best_epoch": 13}
{"event": "epoch", "dataset": "RGBNT201", "epoch": 21, "steps": 53, "mean_loss": 0.8800156206454871, "seconds": 32.73013417699258, "official_fused": {"mAP": 65.31217221982588, "Rank-1": 66.50717854499817, "Rank-5": 77.75119543075562, "Rank-10": 86.00478172302246}, "best_epoch": 13}
{"event": "epoch", "dataset": "RGBNT201", "epoch": 22, "steps": 53, "mean_loss": 0.8767621517181396, "seconds": 32.895837835007114, "official_fused": {"mAP": 63.229431978535274, "Rank-1": 64.83253836631775, "Rank-5": 75.23923516273499, "Rank-10": 83.01435112953186}, "best_epoch": 13}
{"event": "epoch", "dataset": "RGBNT201", "epoch": 23, "steps": 53, "mean_loss": 0.8727715409026956, "seconds": 32.650110582995694, "official_fused": {"mAP": 67.1849197654451, "Rank-1": 67.82296895980835, "Rank-5": 79.0669858455658, "Rank-10": 83.49282145500183}, "best_epoch": 13}
{"event": "epoch", "dataset": "RGBNT201", "epoch": 24, "steps": 53, "mean_loss": 0.8740983402953958, "seconds": 32.53830519100302, "official_fused": {"mAP": 64.15183968317379, "Rank-1": 64.59330320358276, "Rank-5": 75.0, "Rank-10": 83.13397169113159}, "best_epoch": 13}
{"event": "epoch", "dataset": "RGBNT201", "epoch": 25, "steps": 53, "mean_loss": 0.8726193466276493, "seconds": 32.97473316898686, "official_fused": {"mAP": 64.82987847353185, "Rank-1": 64.59330320358276, "Rank-5": 74.16267991065979, "Rank-10": 82.29665160179138}, "best_epoch": 13}
{"event": "epoch", "dataset": "RGBNT201", "epoch": 26, "steps": 53, "mean_loss": 0.8698673855583623, "seconds": 32.68296309400466, "official_fused": {"mAP": 63.850921441675624, "Rank-1": 64.35406804084778, "Rank-5": 75.35884976387024, "Rank-10": 80.9808611869812}, "best_epoch": 13}
{"event": "epoch", "dataset": "RGBNT201", "epoch": 27, "steps": 53, "mean_loss": 0.8677817481868672, "seconds": 32.73755146001349, "official_fused": {"mAP": 63.35720679032961, "Rank-1": 62.918663024902344, "Rank-5": 73.56459498405457, "Rank-10": 79.54545617103577}, "best_epoch": 13}
{"event": "epoch", "dataset": "RGBNT201", "epoch": 28, "steps": 53, "mean_loss": 0.8661365002956031, "seconds": 32.715693457983434, "official_fused": {"mAP": 64.71030669887733, "Rank-1": 64.83253836631775, "Rank-5": 75.59808492660522, "Rank-10": 82.17703104019165}, "best_epoch": 13}
{"event": "epoch", "dataset": "RGBNT201", "epoch": 29, "steps": 53, "mean_loss": 0.8655571037868284, "seconds": 32.778813993005315, "official_fused": {"mAP": 64.75693821988477, "Rank-1": 63.99521827697754, "Rank-5": 74.28229451179504, "Rank-10": 80.86124658584595}, "best_epoch": 13}
{"event": "epoch", "dataset": "RGBNT201", "epoch": 30, "steps": 53, "mean_loss": 0.8640265172382571, "seconds": 32.7556746120099, "official_fused": {"mAP": 65.60177224187976, "Rank-1": 67.1052634716034, "Rank-5": 77.15311050415039, "Rank-10": 83.85167717933655}, "best_epoch": 13}
{"event": "epoch", "dataset": "RGBNT201", "epoch": 31, "steps": 53, "mean_loss": 0.8627609790496107, "seconds": 33.4625304339861, "official_fused": {"mAP": 66.70207501543224, "Rank-1": 67.46411323547363, "Rank-5": 76.9138753414154, "Rank-10": 82.41626620292664}, "best_epoch": 13}
{"event": "epoch", "dataset": "RGBNT201", "epoch": 32, "steps": 53, "mean_loss": 0.8615218299739765, "seconds": 32.57997534799506, "official_fused": {"mAP": 66.508279099795, "Rank-1": 66.98564887046814, "Rank-5": 76.67464017868042, "Rank-10": 82.53588676452637}, "best_epoch": 13}
{"event": "epoch", "dataset": "RGBNT201", "epoch": 33, "steps": 53, "mean_loss": 0.8601378269915311, "seconds": 32.586962634988595, "official_fused": {"mAP": 64.41354263362243, "Rank-1": 64.952152967453, "Rank-5": 76.31579041481018, "Rank-10": 82.53588676452637}, "best_epoch": 13}
{"event": "epoch", "dataset": "RGBNT201", "epoch": 34, "steps": 53, "mean_loss": 0.8588767321604602, "seconds": 32.51774216501508, "official_fused": {"mAP": 63.86694116241971, "Rank-1": 65.66985845565796, "Rank-5": 76.31579041481018, "Rank-10": 82.29665160179138}, "best_epoch": 13}
{"event": "epoch", "dataset": "RGBNT201", "epoch": 35, "steps": 53, "mean_loss": 0.8575106488083893, "seconds": 32.848177198990015, "official_fused": {"mAP": 63.50372448124072, "Rank-1": 64.47368264198303, "Rank-5": 74.64115023612976, "Rank-10": 81.22009634971619}, "best_epoch": 13}
{"event": "epoch", "dataset": "RGBNT201", "epoch": 36, "steps": 53, "mean_loss": 0.8573670747145167, "seconds": 32.6614465820021, "official_fused": {"mAP": 64.22489914645712, "Rank-1": 65.31100273132324, "Rank-5": 75.11961460113525, "Rank-10": 82.65550136566162}, "best_epoch": 13}
{"event": "epoch", "dataset": "RGBNT201", "epoch": 37, "steps": 53, "mean_loss": 0.8573020314270595, "seconds": 32.65520517498953, "official_fused": {"mAP": 63.87111722359627, "Rank-1": 64.952152967453, "Rank-5": 75.47847032546997, "Rank-10": 82.77512192726135}, "best_epoch": 13}
{"event": "epoch", "dataset": "RGBNT201", "epoch": 38, "steps": 53, "mean_loss": 0.856238104262442, "seconds": 32.5623080060177, "official_fused": {"mAP": 63.9861930450072, "Rank-1": 65.55023789405823, "Rank-5": 75.71770548820496, "Rank-10": 81.69856667518616}, "best_epoch": 13}
{"event": "epoch", "dataset": "RGBNT201", "epoch": 39, "steps": 53, "mean_loss": 0.8555918347160771, "seconds": 32.68215805399814, "official_fused": {"mAP": 64.56323907605012, "Rank-1": 65.19138813018799, "Rank-5": 75.35884976387024, "Rank-10": 82.0574164390564}, "best_epoch": 13}
{"event": "epoch", "dataset": "RGBNT201", "epoch": 40, "steps": 53, "mean_loss": 0.8551591972135147, "seconds": 32.70818135299487, "official_fused": {"mAP": 64.50033166339468, "Rank-1": 65.07176756858826, "Rank-5": 75.35884976387024, "Rank-10": 82.17703104019165}, "best_epoch": 13}
{"event": "epoch", "dataset": "RGBNT201", "epoch": 41, "steps": 53, "mean_loss": 0.8550473620306771, "seconds": 32.98160900399671, "official_fused": {"mAP": 64.83837591031505, "Rank-1": 65.43062329292297, "Rank-5": 76.19616985321045, "Rank-10": 81.57894611358643}, "best_epoch": 13}
{"event": "epoch", "dataset": "RGBNT201", "epoch": 42, "steps": 53, "mean_loss": 0.8543226550210197, "seconds": 32.91818764098571, "official_fused": {"mAP": 64.51160344755866, "Rank-1": 65.19138813018799, "Rank-5": 76.67464017868042, "Rank-10": 82.41626620292664}, "best_epoch": 13}
{"event": "epoch", "dataset": "RGBNT201", "epoch": 43, "steps": 53, "mean_loss": 0.8542633191594537, "seconds": 33.269412088993704, "official_fused": {"mAP": 64.53422279603951, "Rank-1": 64.83253836631775, "Rank-5": 76.43540501594543, "Rank-10": 81.93780183792114}, "best_epoch": 13}
{"event": "epoch", "dataset": "RGBNT201", "epoch": 44, "steps": 53, "mean_loss": 0.8541032424512899, "seconds": 32.84999353601597, "official_fused": {"mAP": 64.34688338073668, "Rank-1": 64.83253836631775, "Rank-5": 76.31579041481018, "Rank-10": 81.81818127632141}, "best_epoch": 13}
{"event": "epoch", "dataset": "RGBNT201", "epoch": 45, "steps": 53, "mean_loss": 0.8549138375048367, "seconds": 32.60386903601466, "official_fused": {"mAP": 63.84198237938662, "Rank-1": 63.99521827697754, "Rank-5": 76.43540501594543, "Rank-10": 81.45933151245117}, "best_epoch": 13}
{"event": "epoch", "dataset": "RGBNT201", "epoch": 46, "steps": 52, "mean_loss": 0.8541082246945455, "seconds": 32.21065830200678, "official_fused": {"mAP": 64.17085122898779, "Rank-1": 64.23444747924805, "Rank-5": 76.9138753414154, "Rank-10": 81.45933151245117}, "best_epoch": 13}
{"event": "epoch", "dataset": "RGBNT201", "epoch": 47, "steps": 53, "mean_loss": 0.8535023061734326, "seconds": 33.231332816998474, "official_fused": {"mAP": 64.41729709392814, "Rank-1": 64.59330320358276, "Rank-5": 76.9138753414154, "Rank-10": 81.93780183792114}, "best_epoch": 13}
{"event": "epoch", "dataset": "RGBNT201", "epoch": 48, "steps": 53, "mean_loss": 0.8537264522516502, "seconds": 33.348727248987416, "official_fused": {"mAP": 64.46277013269331, "Rank-1": 64.952152967453, "Rank-5": 76.67464017868042, "Rank-10": 81.93780183792114}, "best_epoch": 13}
{"event": "epoch", "dataset": "RGBNT201", "epoch": 49, "steps": 53, "mean_loss": 0.8533143569838326, "seconds": 32.984460149978986, "official_fused": {"mAP": 64.4481298803078, "Rank-1": 64.83253836631775, "Rank-5": 76.79426074028015, "Rank-10": 81.93780183792114}, "best_epoch": 13}
{"event": "epoch", "dataset": "RGBNT201", "epoch": 50, "steps": 53, "mean_loss": 0.8539753545005366, "seconds": 33.224797845003195, "official_fused": {"mAP": 64.42546839412965, "Rank-1": 64.83253836631775, "Rank-5": 76.79426074028015, "Rank-10": 81.93780183792114}, "best_epoch": 13}
