/data/gaob/Re-ID/conda-envs/tri_reid/lib/python3.10/site-packages/timm/models/helpers.py:7: FutureWarning: Importing from timm.models.helpers is deprecated, please import via timm.models
  warnings.warn(f"Importing from {__name__} is deprecated, please import via timm.models", FutureWarning)
/data/gaob/Re-ID/conda-envs/tri_reid/lib/python3.10/site-packages/timm/models/registry.py:4: FutureWarning: Importing from timm.models.registry is deprecated, please import via timm.models
  warnings.warn(f"Importing from {__name__} is deprecated, please import via timm.models", FutureWarning)
/data/gaob/Re-ID/conda-envs/tri_reid/lib/python3.10/site-packages/timm/models/layers/__init__.py:48: FutureWarning: Importing from timm.models.layers is deprecated, please import via timm.layers
  warnings.warn(f"Importing from {__name__} is deprecated, please import via timm.layers", FutureWarning)
建立transformer............
using Transformer_type: ViT-B-16 as a backbone
Resized position embedding: %s to %s torch.Size([197, 768]) torch.Size([129, 768])
Position embedding resize to height:8 width: 16
Successfully load ckpt!
<All keys matched successfully>
Loading pretrained model from CLIP
camera number is : 8
===========Building Signal===========
using soft triplet loss for training
label smooth on, numclasses: 50
{"event": "epoch", "dataset": "RGBNT100", "recipe": "native", "epoch": 1, "steps": 62, "mean_loss": 5.485513833261305, "seconds": 68.72446688095806, "official_fused": {"mAP": 60.23373317399534, "Rank-1": 84.66472029685974, "Rank-5": 86.93877458572388, "Rank-10": 88.3965015411377}}
{"event": "epoch", "dataset": "RGBNT100", "recipe": "native", "epoch": 2, "steps": 62, "mean_loss": 4.265089707989847, "seconds": 67.72827004501596, "official_fused": {"mAP": 71.92781857000949, "Rank-1": 90.78717231750488, "Rank-5": 91.95335507392883, "Rank-10": 93.1195318698883}}
{"event": "epoch", "dataset": "RGBNT100", "recipe": "native", "epoch": 3, "steps": 63, "mean_loss": 2.6184634727144998, "seconds": 66.82045653701061, "official_fused": {"mAP": 75.37174809852937, "Rank-1": 93.35277080535889, "Rank-5": 94.34402585029602, "Rank-10": 94.69387531280518}}
{"event": "epoch", "dataset": "RGBNT100", "recipe": "native", "epoch": 4, "steps": 61, "mean_loss": 1.3282125670401776, "seconds": 66.80357114202343, "official_fused": {"mAP": 81.20135883748904, "Rank-1": 94.92711424827576, "Rank-5": 95.33527493476868, "Rank-10": 95.68513035774231}}
{"event": "epoch", "dataset": "RGBNT100", "recipe": "native", "epoch": 5, "steps": 63, "mean_loss": 0.8095430239798531, "seconds": 68.45996030297829, "official_fused": {"mAP": 82.51241835987938, "Rank-1": 95.80174684524536, "Rank-5": 96.7930018901825, "Rank-10": 97.08454608917236}}
{"event": "epoch", "dataset": "RGBNT100", "recipe": "native", "epoch": 6, "steps": 63, "mean_loss": 0.685111835835472, "seconds": 67.29894189001061, "official_fused": {"mAP": 80.94049043660796, "Rank-1": 95.5102026462555, "Rank-5": 95.80174684524536, "Rank-10": 96.26821875572205}}
{"event": "epoch", "dataset": "RGBNT100", "recipe": "native", "epoch": 7, "steps": 62, "mean_loss": 0.6485006472756786, "seconds": 66.67621954903007, "official_fused": {"mAP": 80.52449251769988, "Rank-1": 95.80174684524536, "Rank-5": 96.03498578071594, "Rank-10": 96.32652997970581}}
{"event": "epoch", "dataset": "RGBNT100", "recipe": "native", "epoch": 8, "steps": 63, "mean_loss": 0.6160659506207421, "seconds": 67.44931506301509, "official_fused": {"mAP": 79.82061616758389, "Rank-1": 95.91836929321289, "Rank-5": 96.26821875572205, "Rank-10": 96.44314646720886}}
{"event": "epoch", "dataset": "RGBNT100", "recipe": "native", "epoch": 9, "steps": 63, "mean_loss": 0.6043109458590311, "seconds": 66.56456729699858, "official_fused": {"mAP": 79.84178820629838, "Rank-1": 95.10204195976257, "Rank-5": 95.56851387023926, "Rank-10": 95.97667455673218}}
{"event": "epoch", "dataset": "RGBNT100", "recipe": "native", "epoch": 10, "steps": 62, "mean_loss": 0.5934469526813876, "seconds": 66.9016322530224, "official_fused": {"mAP": 79.66803924700042, "Rank-1": 95.04373073577881, "Rank-5": 95.74344158172607, "Rank-10": 96.26821875572205}}
{"event": "epoch", "dataset": "RGBNT100", "recipe": "native", "epoch": 11, "steps": 63, "mean_loss": 0.5853098422761948, "seconds": 66.551159035007, "official_fused": {"mAP": 79.68220416394483, "Rank-1": 95.27696967124939, "Rank-5": 96.32652997970581, "Rank-10": 96.55976891517639}}
{"event": "epoch", "dataset": "RGBNT100", "recipe": "native", "epoch": 12, "steps": 63, "mean_loss": 0.581380962379395, "seconds": 68.08580547495512, "official_fused": {"mAP": 79.8859517646373, "Rank-1": 95.62682509422302, "Rank-5": 96.151602268219, "Rank-10": 96.38484120368958}}
{"event": "epoch", "dataset": "RGBNT100", "recipe": "native", "epoch": 13, "steps": 63, "mean_loss": 0.5774159743672326, "seconds": 67.49016872100765, "official_fused": {"mAP": 80.03662231881937, "Rank-1": 95.5102026462555, "Rank-5": 95.86005806922913, "Rank-10": 96.32652997970581}}
{"event": "epoch", "dataset": "RGBNT100", "recipe": "native", "epoch": 14, "steps": 63, "mean_loss": 0.5743247204356723, "seconds": 67.3209534350317, "official_fused": {"mAP": 79.94943983595479, "Rank-1": 95.21865844726562, "Rank-5": 95.86005806922913, "Rank-10": 96.26821875572205}}
{"event": "epoch", "dataset": "RGBNT100", "recipe": "native", "epoch": 15, "steps": 63, "mean_loss": 0.571596898729839, "seconds": 66.88914109003963, "official_fused": {"mAP": 79.62876013352736, "Rank-1": 95.04373073577881, "Rank-5": 95.86005806922913, "Rank-10": 96.61807417869568}}
{"event": "epoch", "dataset": "RGBNT100", "recipe": "native", "epoch": 16, "steps": 63, "mean_loss": 0.5682319383772593, "seconds": 67.04571872600354, "official_fused": {"mAP": 79.76459972239788, "Rank-1": 95.27696967124939, "Rank-5": 96.26821875572205, "Rank-10": 96.61807417869568}}
{"event": "epoch", "dataset": "RGBNT100", "recipe": "native", "epoch": 17, "steps": 62, "mean_loss": 0.5629295879794706, "seconds": 66.00598681700649, "official_fused": {"mAP": 80.17688205554211, "Rank-1": 95.39358615875244, "Rank-5": 96.03498578071594, "Rank-10": 96.55976891517639}}
{"event": "epoch", "dataset": "RGBNT100", "recipe": "native", "epoch": 18, "steps": 62, "mean_loss": 0.5623349826182088, "seconds": 66.00710406404687, "official_fused": {"mAP": 81.00260104645267, "Rank-1": 95.62682509422302, "Rank-5": 96.44314646720886, "Rank-10": 96.73469662666321}}
{"event": "epoch", "dataset": "RGBNT100", "recipe": "native", "epoch": 19, "steps": 63, "mean_loss": 0.5592419893022568, "seconds": 67.99918459699256, "official_fused": {"mAP": 80.0868342130813, "Rank-1": 94.98542547225952, "Rank-5": 95.74344158172607, "Rank-10": 96.03498578071594}}
{"event": "epoch", "dataset": "RGBNT100", "recipe": "native", "epoch": 20, "steps": 62, "mean_loss": 0.555850358739976, "seconds": 65.34921010403195, "official_fused": {"mAP": 80.06820870867989, "Rank-1": 94.8104977607727, "Rank-5": 95.97667455673218, "Rank-10": 96.38484120368958}}
{"event": "epoch", "dataset": "RGBNT100", "recipe": "native", "epoch": 21, "steps": 63, "mean_loss": 0.5547293623288473, "seconds": 67.05362267402234, "official_fused": {"mAP": 79.91434572736894, "Rank-1": 94.75218653678894, "Rank-5": 95.68513035774231, "Rank-10": 96.32652997970581}}
{"event": "epoch", "dataset": "RGBNT100", "recipe": "native", "epoch": 22, "steps": 63, "mean_loss": 0.5531646476851569, "seconds": 66.26253390597412, "official_fused": {"mAP": 79.71719226230644, "Rank-1": 94.86880302429199, "Rank-5": 95.5102026462555, "Rank-10": 96.0932970046997}}
{"event": "epoch", "dataset": "RGBNT100", "recipe": "native", "epoch": 23, "steps": 63, "mean_loss": 0.5508943786696782, "seconds": 67.68287403101567, "official_fused": {"mAP": 79.87388499652022, "Rank-1": 94.86880302429199, "Rank-5": 95.5102026462555, "Rank-10": 96.0932970046997}}
{"event": "epoch", "dataset": "RGBNT100", "recipe": "native", "epoch": 24, "steps": 63, "mean_loss": 0.549934532907274, "seconds": 66.42863563704304, "official_fused": {"mAP": 79.70667798359872, "Rank-1": 94.69387531280518, "Rank-5": 95.62682509422302, "Rank-10": 96.03498578071594}}
{"event": "epoch", "dataset": "RGBNT100", "recipe": "native", "epoch": 25, "steps": 63, "mean_loss": 0.5485706367189922, "seconds": 67.17075210099574, "official_fused": {"mAP": 79.53825502488175, "Rank-1": 94.46064233779907, "Rank-5": 95.39358615875244, "Rank-10": 95.80174684524536}}
{"event": "epoch", "dataset": "RGBNT100", "recipe": "native", "epoch": 26, "steps": 63, "mean_loss": 0.5490725116124229, "seconds": 67.48620218300493, "official_fused": {"mAP": 79.37914405713423, "Rank-1": 95.10204195976257, "Rank-5": 95.86005806922913, "Rank-10": 95.97667455673218}}
{"event": "epoch", "dataset": "RGBNT100", "recipe": "native", "epoch": 27, "steps": 63, "mean_loss": 0.547888595906515, "seconds": 66.06064324500039, "official_fused": {"mAP": 79.40411713583782, "Rank-1": 94.40233111381531, "Rank-5": 94.92711424827576, "Rank-10": 95.5102026462555}}
{"event": "epoch", "dataset": "RGBNT100", "recipe": "native", "epoch": 28, "steps": 62, "mean_loss": 0.5468003048050788, "seconds": 65.0140938560362, "official_fused": {"mAP": 79.61045362945428, "Rank-1": 94.86880302429199, "Rank-5": 95.33527493476868, "Rank-10": 95.62682509422302}}
{"event": "epoch", "dataset": "RGBNT100", "recipe": "native", "epoch": 29, "steps": 63, "mean_loss": 0.5463584377652123, "seconds": 66.41709206200903, "official_fused": {"mAP": 79.61856261066598, "Rank-1": 94.51894760131836, "Rank-5": 95.27696967124939, "Rank-10": 95.74344158172607}}
{"event": "epoch", "dataset": "RGBNT100", "recipe": "native", "epoch": 30, "steps": 62, "mean_loss": 0.5449988313259617, "seconds": 65.89643489901209, "official_fused": {"mAP": 79.49846708908245, "Rank-1": 95.4518973827362, "Rank-5": 95.91836929321289, "Rank-10": 96.151602268219}}
{"event": "epoch", "dataset": "RGBNT100", "recipe": "native", "epoch": 31, "steps": 62, "mean_loss": 0.5452080080586095, "seconds": 65.4548318819725, "official_fused": {"mAP": 79.2192318686526, "Rank-1": 94.69387531280518, "Rank-5": 95.33527493476868, "Rank-10": 95.5102026462555}}
{"event": "epoch", "dataset": "RGBNT100", "recipe": "native", "epoch": 32, "steps": 62, "mean_loss": 0.5448971852179496, "seconds": 66.03287896397524, "official_fused": {"mAP": 79.09708064457244, "Rank-1": 94.57725882530212, "Rank-5": 95.16034722328186, "Rank-10": 95.97667455673218}}
{"event": "epoch", "dataset": "RGBNT100", "recipe": "native", "epoch": 33, "steps": 63, "mean_loss": 0.5439160456733098, "seconds": 68.10539735300699, "official_fused": {"mAP": 79.39093557734051, "Rank-1": 94.92711424827576, "Rank-5": 95.56851387023926, "Rank-10": 95.86005806922913}}
{"event": "epoch", "dataset": "RGBNT100", "recipe": "native", "epoch": 34, "steps": 62, "mean_loss": 0.5433212182214183, "seconds": 66.1797357799951, "official_fused": {"mAP": 79.43080125922266, "Rank-1": 95.16034722328186, "Rank-5": 95.74344158172607, "Rank-10": 95.91836929321289}}
{"event": "epoch", "dataset": "RGBNT100", "recipe": "native", "epoch": 35, "steps": 63, "mean_loss": 0.5431421730253432, "seconds": 67.87590821000049, "official_fused": {"mAP": 79.33525689904573, "Rank-1": 95.16034722328186, "Rank-5": 95.62682509422302, "Rank-10": 96.03498578071594}}
{"event": "epoch", "dataset": "RGBNT100", "recipe": "native", "epoch": 36, "steps": 62, "mean_loss": 0.5434961001719197, "seconds": 66.04227328399429, "official_fused": {"mAP": 79.38850279412797, "Rank-1": 94.86880302429199, "Rank-5": 95.39358615875244, "Rank-10": 95.74344158172607}}
{"event": "epoch", "dataset": "RGBNT100", "recipe": "native", "epoch": 37, "steps": 63, "mean_loss": 0.5429895425599719, "seconds": 67.66118559497409, "official_fused": {"mAP": 79.48868506405815, "Rank-1": 94.98542547225952, "Rank-5": 95.80174684524536, "Rank-10": 96.0932970046997}}
{"event": "epoch", "dataset": "RGBNT100", "recipe": "native", "epoch": 38, "steps": 63, "mean_loss": 0.5426609203928993, "seconds": 68.58382684900425, "official_fused": {"mAP": 79.37990579085762, "Rank-1": 94.8104977607727, "Rank-5": 95.5102026462555, "Rank-10": 95.97667455673218}}
{"event": "epoch", "dataset": "RGBNT100", "recipe": "native", "epoch": 39, "steps": 63, "mean_loss": 0.5427058112053644, "seconds": 68.49987002799753, "official_fused": {"mAP": 79.39349226778796, "Rank-1": 94.98542547225952, "Rank-5": 95.68513035774231, "Rank-10": 95.97667455673218}}
{"event": "epoch", "dataset": "RGBNT100", "recipe": "native", "epoch": 40, "steps": 62, "mean_loss": 0.5423101369411715, "seconds": 67.62007562100189, "official_fused": {"mAP": 79.47562421646609, "Rank-1": 95.10204195976257, "Rank-5": 95.86005806922913, "Rank-10": 96.20991349220276}}
{"event": "epoch", "dataset": "RGBNT100", "recipe": "native", "epoch": 41, "steps": 63, "mean_loss": 0.5421428538504101, "seconds": 68.31336241599638, "official_fused": {"mAP": 79.50685949379351, "Rank-1": 94.98542547225952, "Rank-5": 95.68513035774231, "Rank-10": 96.20991349220276}}
{"event": "epoch", "dataset": "RGBNT100", "recipe": "native", "epoch": 42, "steps": 63, "mean_loss": 0.5417214357663714, "seconds": 66.92261860199505, "official_fused": {"mAP": 79.48300825662405, "Rank-1": 94.46064233779907, "Rank-5": 95.33527493476868, "Rank-10": 95.39358615875244}}
{"event": "epoch", "dataset": "RGBNT100", "recipe": "native", "epoch": 43, "steps": 62, "mean_loss": 0.541884284827017, "seconds": 66.86518715298735, "official_fused": {"mAP": 79.4422562306569, "Rank-1": 94.86880302429199, "Rank-5": 95.5102026462555, "Rank-10": 95.91836929321289}}
{"event": "epoch", "dataset": "RGBNT100", "recipe": "native", "epoch": 44, "steps": 62, "mean_loss": 0.5416298739371761, "seconds": 65.94060305098537, "official_fused": {"mAP": 79.31374147800419, "Rank-1": 94.8104977607727, "Rank-5": 95.4518973827362, "Rank-10": 95.5102026462555}}
{"event": "epoch", "dataset": "RGBNT100", "recipe": "native", "epoch": 45, "steps": 62, "mean_loss": 0.5416331944927093, "seconds": 66.12106055597542, "official_fused": {"mAP": 79.42761243128356, "Rank-1": 95.16034722328186, "Rank-5": 95.56851387023926, "Rank-10": 95.80174684524536}}
{"event": "epoch", "dataset": "RGBNT100", "recipe": "native", "epoch": 46, "steps": 63, "mean_loss": 0.5413359337382846, "seconds": 67.2986065010191, "official_fused": {"mAP": 79.40427985817762, "Rank-1": 94.92711424827576, "Rank-5": 95.62682509422302, "Rank-10": 95.80174684524536}}
{"event": "epoch", "dataset": "RGBNT100", "recipe": "native", "epoch": 47, "steps": 62, "mean_loss": 0.5413274005536111, "seconds": 66.34075707703596, "official_fused": {"mAP": 79.37052447112502, "Rank-1": 94.92711424827576, "Rank-5": 95.68513035774231, "Rank-10": 95.80174684524536}}
{"event": "epoch", "dataset": "RGBNT100", "recipe": "native", "epoch": 48, "steps": 63, "mean_loss": 0.5413126557592361, "seconds": 66.70876948803198, "official_fused": {"mAP": 79.3104582903905, "Rank-1": 94.46064233779907, "Rank-5": 95.39358615875244, "Rank-10": 95.74344158172607}}
{"event": "epoch", "dataset": "RGBNT100", "recipe": "native", "epoch": 49, "steps": 63, "mean_loss": 0.5410928035539294, "seconds": 67.47029678098625, "official_fused": {"mAP": 79.42533391776956, "Rank-1": 94.86880302429199, "Rank-5": 95.62682509422302, "Rank-10": 95.80174684524536}}
{"event": "epoch", "dataset": "RGBNT100", "recipe": "native", "epoch": 50, "steps": 62, "mean_loss": 0.5411068585611158, "seconds": 66.27885671897093, "official_fused": {"mAP": 79.32751230669288, "Rank-1": 94.75218653678894, "Rank-5": 95.56851387023926, "Rank-10": 95.80174684524536}}
