/data/gaob/Re-ID/conda-envs/tri_reid/lib/python3.10/site-packages/timm/models/helpers.py:7: FutureWarning: Importing from timm.models.helpers is deprecated, please import via timm.models
  warnings.warn(f"Importing from {__name__} is deprecated, please import via timm.models", FutureWarning)
/data/gaob/Re-ID/conda-envs/tri_reid/lib/python3.10/site-packages/timm/models/registry.py:4: FutureWarning: Importing from timm.models.registry is deprecated, please import via timm.models
  warnings.warn(f"Importing from {__name__} is deprecated, please import via timm.models", FutureWarning)
/data/gaob/Re-ID/conda-envs/tri_reid/lib/python3.10/site-packages/timm/models/layers/__init__.py:48: FutureWarning: Importing from timm.models.layers is deprecated, please import via timm.layers
  warnings.warn(f"Importing from {__name__} is deprecated, please import via timm.layers", FutureWarning)
建立transformer............
using Transformer_type: ViT-B-16 as a backbone
Resized position embedding: %s to %s torch.Size([197, 768]) torch.Size([129, 768])
Position embedding resize to height:8 width: 16
Successfully load ckpt!
<All keys matched successfully>
Loading pretrained model from CLIP
camera number is : 8
===========Building Signal===========
using soft triplet loss for training
label smooth on, numclasses: 50
{"event": "epoch", "dataset": "RGBNT100", "recipe": "native", "epoch": 1, "steps": 62, "mean_loss": 10.996984312611241, "seconds": 66.60125206003431, "official_fused": {"mAP": 58.47210631275024, "Rank-1": 83.67347121238708, "Rank-5": 85.18950343132019, "Rank-10": 86.06414198875427}}
{"event": "epoch", "dataset": "RGBNT100", "recipe": "native", "epoch": 2, "steps": 62, "mean_loss": 8.57946026709772, "seconds": 64.74585454002954, "official_fused": {"mAP": 69.78894149716263, "Rank-1": 87.93002963066101, "Rank-5": 88.74635696411133, "Rank-10": 89.2711341381073}}
{"event": "epoch", "dataset": "RGBNT100", "recipe": "native", "epoch": 3, "steps": 63, "mean_loss": 5.261568724162995, "seconds": 65.8556657609879, "official_fused": {"mAP": 76.21165517530038, "Rank-1": 92.36151576042175, "Rank-5": 93.17784309387207, "Rank-10": 94.05247569084167}}
{"event": "epoch", "dataset": "RGBNT100", "recipe": "native", "epoch": 4, "steps": 61, "mean_loss": 2.643932236999762, "seconds": 64.1948058839771, "official_fused": {"mAP": 80.75999899036654, "Rank-1": 94.63557004928589, "Rank-5": 95.68513035774231, "Rank-10": 95.91836929321289}}
{"event": "epoch", "dataset": "RGBNT100", "recipe": "native", "epoch": 5, "steps": 63, "mean_loss": 1.66720169688028, "seconds": 66.01971307600616, "official_fused": {"mAP": 82.85639812373063, "Rank-1": 95.4518973827362, "Rank-5": 96.26821875572205, "Rank-10": 96.67638540267944}}
{"event": "epoch", "dataset": "RGBNT100", "recipe": "native", "epoch": 6, "steps": 63, "mean_loss": 1.416755201324584, "seconds": 66.2203207439743, "official_fused": {"mAP": 81.29231448425945, "Rank-1": 95.56851387023926, "Rank-5": 96.26821875572205, "Rank-10": 96.50145769119263}}
{"event": "epoch", "dataset": "RGBNT100", "recipe": "native", "epoch": 7, "steps": 62, "mean_loss": 1.3026353697622977, "seconds": 64.96432603499852, "official_fused": {"mAP": 82.82675726756975, "Rank-1": 96.26821875572205, "Rank-5": 96.67638540267944, "Rank-10": 97.02624082565308}}
{"event": "epoch", "dataset": "RGBNT100", "recipe": "native", "epoch": 8, "steps": 63, "mean_loss": 1.2388667662938435, "seconds": 66.00058456300758, "official_fused": {"mAP": 83.11998323902726, "Rank-1": 96.03498578071594, "Rank-5": 96.7930018901825, "Rank-10": 97.37609624862671}}
{"event": "epoch", "dataset": "RGBNT100", "recipe": "native", "epoch": 9, "steps": 63, "mean_loss": 1.2029548637450687, "seconds": 66.15614246099722, "official_fused": {"mAP": 83.26967331362391, "Rank-1": 95.97667455673218, "Rank-5": 96.44314646720886, "Rank-10": 96.85131311416626}}
{"event": "epoch", "dataset": "RGBNT100", "recipe": "native", "epoch": 10, "steps": 62, "mean_loss": 1.1773406382529967, "seconds": 65.06480527302483, "official_fused": {"mAP": 82.84424160087839, "Rank-1": 95.74344158172607, "Rank-5": 96.38484120368958, "Rank-10": 97.08454608917236}}
{"event": "epoch", "dataset": "RGBNT100", "recipe": "native", "epoch": 11, "steps": 63, "mean_loss": 1.1637379933917333, "seconds": 66.22420864499873, "official_fused": {"mAP": 82.89056681109301, "Rank-1": 96.0932970046997, "Rank-5": 97.14285731315613, "Rank-10": 97.434401512146}}
{"event": "epoch", "dataset": "RGBNT100", "recipe": "native", "epoch": 12, "steps": 63, "mean_loss": 1.151638594884721, "seconds": 65.88804853800684, "official_fused": {"mAP": 82.68861274173786, "Rank-1": 95.86005806922913, "Rank-5": 96.85131311416626, "Rank-10": 97.49271273612976}}
{"event": "epoch", "dataset": "RGBNT100", "recipe": "native", "epoch": 13, "steps": 63, "mean_loss": 1.1467688991909935, "seconds": 65.30495038605295, "official_fused": {"mAP": 82.78725243643485, "Rank-1": 96.73469662666321, "Rank-5": 97.31778502464294, "Rank-10": 97.60932922363281}}
{"event": "epoch", "dataset": "RGBNT100", "recipe": "native", "epoch": 14, "steps": 63, "mean_loss": 1.1418783778236026, "seconds": 65.82065722503467, "official_fused": {"mAP": 83.31456984372348, "Rank-1": 96.20991349220276, "Rank-5": 96.61807417869568, "Rank-10": 97.08454608917236}}
{"event": "epoch", "dataset": "RGBNT100", "recipe": "native", "epoch": 15, "steps": 63, "mean_loss": 1.134560197118729, "seconds": 65.83617275999859, "official_fused": {"mAP": 82.99360500935703, "Rank-1": 95.4518973827362, "Rank-5": 96.7930018901825, "Rank-10": 97.08454608917236}}
{"event": "epoch", "dataset": "RGBNT100", "recipe": "native", "epoch": 16, "steps": 63, "mean_loss": 1.1252988936409118, "seconds": 65.82465612201486, "official_fused": {"mAP": 82.65523062654371, "Rank-1": 96.151602268219, "Rank-5": 97.14285731315613, "Rank-10": 97.49271273612976}}
{"event": "epoch", "dataset": "RGBNT100", "recipe": "native", "epoch": 17, "steps": 62, "mean_loss": 1.1168400779847176, "seconds": 64.6563622840331, "official_fused": {"mAP": 82.94970269599948, "Rank-1": 96.26821875572205, "Rank-5": 96.96792960166931, "Rank-10": 97.14285731315613}}
{"event": "epoch", "dataset": "RGBNT100", "recipe": "native", "epoch": 18, "steps": 62, "mean_loss": 1.1138065245843702, "seconds": 64.950069412007, "official_fused": {"mAP": 83.30138039518796, "Rank-1": 96.61807417869568, "Rank-5": 97.25947380065918, "Rank-10": 97.49271273612976}}
{"event": "epoch", "dataset": "RGBNT100", "recipe": "native", "epoch": 19, "steps": 63, "mean_loss": 1.10910445546347, "seconds": 66.02117736003129, "official_fused": {"mAP": 82.54558009944309, "Rank-1": 95.97667455673218, "Rank-5": 96.73469662666321, "Rank-10": 97.20116853713989}}
{"event": "epoch", "dataset": "RGBNT100", "recipe": "native", "epoch": 20, "steps": 62, "mean_loss": 1.1057558194283517, "seconds": 64.94149701495189, "official_fused": {"mAP": 81.97152946967438, "Rank-1": 96.38484120368958, "Rank-5": 96.96792960166931, "Rank-10": 97.25947380065918}}
{"event": "epoch", "dataset": "RGBNT100", "recipe": "native", "epoch": 21, "steps": 63, "mean_loss": 1.1012445631481351, "seconds": 65.8167538830312, "official_fused": {"mAP": 83.06906710362905, "Rank-1": 96.03498578071594, "Rank-5": 97.20116853713989, "Rank-10": 97.55101799964905}}
{"event": "epoch", "dataset": "RGBNT100", "recipe": "native", "epoch": 22, "steps": 63, "mean_loss": 1.1038895694036333, "seconds": 65.49698789801914, "official_fused": {"mAP": 82.68455025870118, "Rank-1": 96.26821875572205, "Rank-5": 96.90961837768555, "Rank-10": 97.31778502464294}}
{"event": "epoch", "dataset": "RGBNT100", "recipe": "native", "epoch": 23, "steps": 63, "mean_loss": 1.0950869170446245, "seconds": 65.90233912598342, "official_fused": {"mAP": 82.51315890397736, "Rank-1": 94.98542547225952, "Rank-5": 95.80174684524536, "Rank-10": 96.32652997970581}}
{"event": "epoch", "dataset": "RGBNT100", "recipe": "native", "epoch": 24, "steps": 63, "mean_loss": 1.0928557070474776, "seconds": 65.71676898398437, "official_fused": {"mAP": 82.39088870487407, "Rank-1": 95.27696967124939, "Rank-5": 95.74344158172607, "Rank-10": 96.151602268219}}
{"event": "epoch", "dataset": "RGBNT100", "recipe": "native", "epoch": 25, "steps": 63, "mean_loss": 1.091729864241585, "seconds": 65.31827018299373, "official_fused": {"mAP": 83.08630051671598, "Rank-1": 95.86005806922913, "Rank-5": 96.50145769119263, "Rank-10": 96.96792960166931}}
{"event": "epoch", "dataset": "RGBNT100", "recipe": "native", "epoch": 26, "steps": 63, "mean_loss": 1.091933804845053, "seconds": 65.83652518398594, "official_fused": {"mAP": 83.55843698341971, "Rank-1": 95.74344158172607, "Rank-5": 96.38484120368958, "Rank-10": 96.96792960166931}}
{"event": "epoch", "dataset": "RGBNT100", "recipe": "native", "epoch": 27, "steps": 63, "mean_loss": 1.0896128245762415, "seconds": 65.9136944070342, "official_fused": {"mAP": 83.01696942718297, "Rank-1": 96.03498578071594, "Rank-5": 96.50145769119263, "Rank-10": 96.73469662666321}}
{"event": "epoch", "dataset": "RGBNT100", "recipe": "native", "epoch": 28, "steps": 62, "mean_loss": 1.0877234570441707, "seconds": 64.95507188903866, "official_fused": {"mAP": 83.24018095421341, "Rank-1": 95.97667455673218, "Rank-5": 96.96792960166931, "Rank-10": 97.434401512146}}
{"event": "epoch", "dataset": "RGBNT100", "recipe": "native", "epoch": 29, "steps": 63, "mean_loss": 1.0874747302797105, "seconds": 65.89423623000039, "official_fused": {"mAP": 83.04233682685475, "Rank-1": 95.68513035774231, "Rank-5": 96.50145769119263, "Rank-10": 96.67638540267944}}
{"event": "epoch", "dataset": "RGBNT100", "recipe": "native", "epoch": 30, "steps": 62, "mean_loss": 1.084604638238107, "seconds": 64.97701249900274, "official_fused": {"mAP": 82.83646246267523, "Rank-1": 95.68513035774231, "Rank-5": 96.61807417869568, "Rank-10": 97.08454608917236}}
{"event": "epoch", "dataset": "RGBNT100", "recipe": "native", "epoch": 31, "steps": 62, "mean_loss": 1.0847420653989237, "seconds": 64.91709879098926, "official_fused": {"mAP": 82.27499612418637, "Rank-1": 95.16034722328186, "Rank-5": 96.0932970046997, "Rank-10": 96.26821875572205}}
{"event": "epoch", "dataset": "RGBNT100", "recipe": "native", "epoch": 32, "steps": 62, "mean_loss": 1.0834218052125746, "seconds": 64.78362461202778, "official_fused": {"mAP": 82.4902164689201, "Rank-1": 95.91836929321289, "Rank-5": 96.7930018901825, "Rank-10": 97.14285731315613}}
{"event": "epoch", "dataset": "RGBNT100", "recipe": "native", "epoch": 33, "steps": 63, "mean_loss": 1.0814846262099251, "seconds": 65.70318643801147, "official_fused": {"mAP": 82.76957465673783, "Rank-1": 96.03498578071594, "Rank-5": 96.61807417869568, "Rank-10": 97.08454608917236}}
{"event": "epoch", "dataset": "RGBNT100", "recipe": "native", "epoch": 34, "steps": 62, "mean_loss": 1.081123632769431, "seconds": 65.02978255599737, "official_fused": {"mAP": 82.47856316744121, "Rank-1": 96.38484120368958, "Rank-5": 96.90961837768555, "Rank-10": 97.02624082565308}}
{"event": "epoch", "dataset": "RGBNT100", "recipe": "native", "epoch": 35, "steps": 63, "mean_loss": 1.080972607173617, "seconds": 66.0937662749784, "official_fused": {"mAP": 82.69434225107656, "Rank-1": 96.26821875572205, "Rank-5": 96.85131311416626, "Rank-10": 97.14285731315613}}
{"event": "epoch", "dataset": "RGBNT100", "recipe": "native", "epoch": 36, "steps": 62, "mean_loss": 1.0846639929279205, "seconds": 64.62009222904453, "official_fused": {"mAP": 82.7828174532832, "Rank-1": 96.0932970046997, "Rank-5": 96.7930018901825, "Rank-10": 97.14285731315613}}
{"event": "epoch", "dataset": "RGBNT100", "recipe": "native", "epoch": 37, "steps": 63, "mean_loss": 1.080626196331448, "seconds": 65.66363317897776, "official_fused": {"mAP": 82.51209171090912, "Rank-1": 95.97667455673218, "Rank-5": 96.7930018901825, "Rank-10": 97.14285731315613}}
{"event": "epoch", "dataset": "RGBNT100", "recipe": "native", "epoch": 38, "steps": 63, "mean_loss": 1.079033613204956, "seconds": 65.64508347696392, "official_fused": {"mAP": 82.61024456085747, "Rank-1": 95.91836929321289, "Rank-5": 96.50145769119263, "Rank-10": 96.7930018901825}}
{"event": "epoch", "dataset": "RGBNT100", "recipe": "native", "epoch": 39, "steps": 63, "mean_loss": 1.0800268650054932, "seconds": 65.84771836997243, "official_fused": {"mAP": 82.55329049118579, "Rank-1": 95.86005806922913, "Rank-5": 96.50145769119263, "Rank-10": 96.85131311416626}}
{"event": "epoch", "dataset": "RGBNT100", "recipe": "native", "epoch": 40, "steps": 62, "mean_loss": 1.079041567540938, "seconds": 64.9622965210001, "official_fused": {"mAP": 82.63507092841846, "Rank-1": 95.56851387023926, "Rank-5": 96.44314646720886, "Rank-10": 96.67638540267944}}
{"event": "epoch", "dataset": "RGBNT100", "recipe": "native", "epoch": 41, "steps": 63, "mean_loss": 1.0786908391922239, "seconds": 66.0470126119908, "official_fused": {"mAP": 82.74115186633243, "Rank-1": 95.62682509422302, "Rank-5": 96.38484120368958, "Rank-10": 96.7930018901825}}
{"event": "epoch", "dataset": "RGBNT100", "recipe": "native", "epoch": 42, "steps": 63, "mean_loss": 1.0782056592759632, "seconds": 65.81715516600525, "official_fused": {"mAP": 82.71327981731316, "Rank-1": 95.86005806922913, "Rank-5": 96.32652997970581, "Rank-10": 96.67638540267944}}
{"event": "epoch", "dataset": "RGBNT100", "recipe": "native", "epoch": 43, "steps": 62, "mean_loss": 1.0780361525474056, "seconds": 65.13323830498848, "official_fused": {"mAP": 82.72943466068693, "Rank-1": 95.86005806922913, "Rank-5": 96.50145769119263, "Rank-10": 97.02624082565308}}
{"event": "epoch", "dataset": "RGBNT100", "recipe": "native", "epoch": 44, "steps": 62, "mean_loss": 1.0775271096537191, "seconds": 65.16500293998979, "official_fused": {"mAP": 82.77095444038981, "Rank-1": 95.74344158172607, "Rank-5": 96.50145769119263, "Rank-10": 96.90961837768555}}
{"event": "epoch", "dataset": "RGBNT100", "recipe": "native", "epoch": 45, "steps": 62, "mean_loss": 1.0780477427667188, "seconds": 64.69941886200104, "official_fused": {"mAP": 82.74281694970426, "Rank-1": 95.80174684524536, "Rank-5": 96.61807417869568, "Rank-10": 96.96792960166931}}
{"event": "epoch", "dataset": "RGBNT100", "recipe": "native", "epoch": 46, "steps": 63, "mean_loss": 1.0773526751805866, "seconds": 66.17501821398037, "official_fused": {"mAP": 82.9089270843817, "Rank-1": 95.91836929321289, "Rank-5": 96.7930018901825, "Rank-10": 96.96792960166931}}
{"event": "epoch", "dataset": "RGBNT100", "recipe": "native", "epoch": 47, "steps": 62, "mean_loss": 1.077410594109566, "seconds": 65.60275872400962, "official_fused": {"mAP": 82.81381485735683, "Rank-1": 96.03498578071594, "Rank-5": 96.50145769119263, "Rank-10": 96.73469662666321}}
{"event": "epoch", "dataset": "RGBNT100", "recipe": "native", "epoch": 48, "steps": 63, "mean_loss": 1.076988044239226, "seconds": 66.52286339801503, "official_fused": {"mAP": 82.63394206075874, "Rank-1": 95.97667455673218, "Rank-5": 96.73469662666321, "Rank-10": 96.85131311416626}}
{"event": "epoch", "dataset": "RGBNT100", "recipe": "native", "epoch": 49, "steps": 63, "mean_loss": 1.077125698801071, "seconds": 66.02648135100026, "official_fused": {"mAP": 82.60373898819259, "Rank-1": 95.91836929321289, "Rank-5": 96.67638540267944, "Rank-10": 96.90961837768555}}
{"event": "epoch", "dataset": "RGBNT100", "recipe": "native", "epoch": 50, "steps": 62, "mean_loss": 1.0768946428452768, "seconds": 65.6125101550133, "official_fused": {"mAP": 82.53094228590687, "Rank-1": 96.0932970046997, "Rank-5": 96.61807417869568, "Rank-10": 96.7930018901825}}
