/root/miniconda3/envs/tri_reid/lib/python3.10/site-packages/timm/models/helpers.py:7: FutureWarning: Importing from timm.models.helpers is deprecated, please import via timm.models
  warnings.warn(f"Importing from {__name__} is deprecated, please import via timm.models", FutureWarning)
/root/miniconda3/envs/tri_reid/lib/python3.10/site-packages/timm/models/registry.py:4: FutureWarning: Importing from timm.models.registry is deprecated, please import via timm.models
  warnings.warn(f"Importing from {__name__} is deprecated, please import via timm.models", FutureWarning)
/root/miniconda3/envs/tri_reid/lib/python3.10/site-packages/timm/models/layers/__init__.py:48: FutureWarning: Importing from timm.models.layers is deprecated, please import via timm.layers
  warnings.warn(f"Importing from {__name__} is deprecated, please import via timm.layers", FutureWarning)
建立transformer............
using Transformer_type: ViT-B-16 as a backbone
Resized position embedding: %s to %s torch.Size([197, 768]) torch.Size([129, 768])
Position embedding resize to height:8 width: 16
Successfully load ckpt!
<All keys matched successfully>
Loading pretrained model from CLIP
camera number is : 8
===========Building Signal===========
{"event": "candidate_gradient_state", "fold": 0, "state": "initial"}
{"event": "candidate_gradient_epoch", "epoch": 1, "batches": 13, "elapsed_seconds": 11.727858643978834}
{"event": "candidate_gradient_epoch", "epoch": 2, "batches": 26, "elapsed_seconds": 21.822598934173584}
{"event": "candidate_gradient_epoch", "epoch": 3, "batches": 39, "elapsed_seconds": 31.932027891278267}
{"event": "candidate_gradient_epoch", "epoch": 4, "batches": 52, "elapsed_seconds": 42.440476320683956}
{"event": "candidate_gradient_epoch", "epoch": 5, "batches": 65, "elapsed_seconds": 52.69454831443727}
{"event": "candidate_gradient_epoch", "epoch": 6, "batches": 78, "elapsed_seconds": 178.71197548881173}
{"event": "candidate_gradient_epoch", "epoch": 7, "batches": 91, "elapsed_seconds": 358.64573595672846}
{"event": "candidate_gradient_epoch", "epoch": 8, "batches": 104, "elapsed_seconds": 535.2545493524522}
{"event": "candidate_gradient_epoch", "epoch": 9, "batches": 117, "elapsed_seconds": 711.8547294903547}
{"event": "candidate_gradient_epoch", "epoch": 10, "batches": 130, "elapsed_seconds": 885.4632206279784}
{"event": "candidate_gradient_epoch", "epoch": 11, "batches": 143, "elapsed_seconds": 1062.0872993469238}
{"event": "candidate_gradient_epoch", "epoch": 12, "batches": 156, "elapsed_seconds": 1234.3577593062073}
{"event": "candidate_gradient_epoch", "epoch": 13, "batches": 169, "elapsed_seconds": 1413.8511434923857}
{"event": "candidate_gradient_epoch", "epoch": 14, "batches": 182, "elapsed_seconds": 1581.7213680408895}
{"event": "candidate_gradient_epoch", "epoch": 15, "batches": 195, "elapsed_seconds": 1749.7549383472651}
{"event": "candidate_gradient_epoch", "epoch": 16, "batches": 208, "elapsed_seconds": 1929.2610092479736}
{"event": "candidate_gradient_epoch", "epoch": 17, "batches": 221, "elapsed_seconds": 2107.0533152464777}
{"event": "candidate_gradient_epoch", "epoch": 18, "batches": 234, "elapsed_seconds": 2283.643578445539}
{"event": "candidate_gradient_epoch", "epoch": 19, "batches": 247, "elapsed_seconds": 2457.5592314060777}
{"event": "candidate_gradient_epoch", "epoch": 20, "batches": 260, "elapsed_seconds": 2635.4130886159837}
建立transformer............
using Transformer_type: ViT-B-16 as a backbone
Resized position embedding: %s to %s torch.Size([197, 768]) torch.Size([129, 768])
Position embedding resize to height:8 width: 16
Successfully load ckpt!
<All keys matched successfully>
Loading pretrained model from CLIP
camera number is : 8
===========Building Signal===========
{"event": "candidate_gradient_state", "fold": 0, "state": "control"}
{"event": "candidate_gradient_epoch", "epoch": 1, "batches": 13, "elapsed_seconds": 9.185659186914563}
{"event": "candidate_gradient_epoch", "epoch": 2, "batches": 26, "elapsed_seconds": 17.811814354732633}
{"event": "candidate_gradient_epoch", "epoch": 3, "batches": 39, "elapsed_seconds": 26.920513754710555}
{"event": "candidate_gradient_epoch", "epoch": 4, "batches": 52, "elapsed_seconds": 36.159837279468775}
{"event": "candidate_gradient_epoch", "epoch": 5, "batches": 65, "elapsed_seconds": 44.95971004664898}
{"event": "candidate_gradient_epoch", "epoch": 6, "batches": 78, "elapsed_seconds": 171.83279597386718}
{"event": "candidate_gradient_epoch", "epoch": 7, "batches": 91, "elapsed_seconds": 334.66757023893297}
{"event": "candidate_gradient_epoch", "epoch": 8, "batches": 104, "elapsed_seconds": 506.2893194742501}
{"event": "candidate_gradient_epoch", "epoch": 9, "batches": 117, "elapsed_seconds": 679.6754080280662}
{"event": "candidate_gradient_epoch", "epoch": 10, "batches": 130, "elapsed_seconds": 842.8388994578272}
{"event": "candidate_gradient_epoch", "epoch": 11, "batches": 143, "elapsed_seconds": 1011.8377142325044}
{"event": "candidate_gradient_epoch", "epoch": 12, "batches": 156, "elapsed_seconds": 1179.347819911316}
{"event": "candidate_gradient_epoch", "epoch": 13, "batches": 169, "elapsed_seconds": 1355.5482432227582}
{"event": "candidate_gradient_epoch", "epoch": 14, "batches": 182, "elapsed_seconds": 1524.7221860028803}
{"event": "candidate_gradient_epoch", "epoch": 15, "batches": 195, "elapsed_seconds": 1698.0668609235436}
{"event": "candidate_gradient_epoch", "epoch": 16, "batches": 208, "elapsed_seconds": 1872.8227638080716}
{"event": "candidate_gradient_epoch", "epoch": 17, "batches": 221, "elapsed_seconds": 2047.3160855658352}
{"event": "candidate_gradient_epoch", "epoch": 18, "batches": 234, "elapsed_seconds": 2213.2927264869213}
{"event": "candidate_gradient_epoch", "epoch": 19, "batches": 247, "elapsed_seconds": 2386.640678178519}
{"event": "candidate_gradient_epoch", "epoch": 20, "batches": 260, "elapsed_seconds": 2561.189625767991}
建立transformer............
using Transformer_type: ViT-B-16 as a backbone
Resized position embedding: %s to %s torch.Size([197, 768]) torch.Size([129, 768])
Position embedding resize to height:8 width: 16
Successfully load ckpt!
<All keys matched successfully>
Loading pretrained model from CLIP
camera number is : 8
===========Building Signal===========
{"event": "candidate_gradient_state", "fold": 0, "state": "fresh_memory"}
{"event": "candidate_gradient_epoch", "epoch": 1, "batches": 13, "elapsed_seconds": 9.535122415050864}
{"event": "candidate_gradient_epoch", "epoch": 2, "batches": 26, "elapsed_seconds": 18.257198374718428}
{"event": "candidate_gradient_epoch", "epoch": 3, "batches": 39, "elapsed_seconds": 27.178879614919424}
{"event": "candidate_gradient_epoch", "epoch": 4, "batches": 52, "elapsed_seconds": 36.12081121094525}
{"event": "candidate_gradient_epoch", "epoch": 5, "batches": 65, "elapsed_seconds": 45.269202660769224}
{"event": "candidate_gradient_epoch", "epoch": 6, "batches": 78, "elapsed_seconds": 173.39408492296934}
{"event": "candidate_gradient_epoch", "epoch": 7, "batches": 91, "elapsed_seconds": 342.0047222226858}
{"event": "candidate_gradient_epoch", "epoch": 8, "batches": 104, "elapsed_seconds": 516.2204981353134}
{"event": "candidate_gradient_epoch", "epoch": 9, "batches": 117, "elapsed_seconds": 687.9114089868963}
{"event": "candidate_gradient_epoch", "epoch": 10, "batches": 130, "elapsed_seconds": 857.8834443800151}
{"event": "candidate_gradient_epoch", "epoch": 11, "batches": 143, "elapsed_seconds": 1027.911407964304}
{"event": "candidate_gradient_epoch", "epoch": 12, "batches": 156, "elapsed_seconds": 1191.9954535514116}
{"event": "candidate_gradient_epoch", "epoch": 13, "batches": 169, "elapsed_seconds": 1367.8763912431896}
{"event": "candidate_gradient_epoch", "epoch": 14, "batches": 182, "elapsed_seconds": 1529.1077053584158}
{"event": "candidate_gradient_epoch", "epoch": 15, "batches": 195, "elapsed_seconds": 1701.8795719072223}
{"event": "candidate_gradient_epoch", "epoch": 16, "batches": 208, "elapsed_seconds": 1877.790627354756}
{"event": "candidate_gradient_epoch", "epoch": 17, "batches": 221, "elapsed_seconds": 2050.523081023246}
{"event": "candidate_gradient_epoch", "epoch": 18, "batches": 234, "elapsed_seconds": 2216.323222493753}
{"event": "candidate_gradient_epoch", "epoch": 19, "batches": 247, "elapsed_seconds": 2387.4615075271577}
{"event": "candidate_gradient_epoch", "epoch": 20, "batches": 260, "elapsed_seconds": 2561.6442928295583}
建立transformer............
using Transformer_type: ViT-B-16 as a backbone
Resized position embedding: %s to %s torch.Size([197, 768]) torch.Size([129, 768])
Position embedding resize to height:8 width: 16
Successfully load ckpt!
<All keys matched successfully>
Loading pretrained model from CLIP
camera number is : 8
===========Building Signal===========
{"event": "candidate_gradient_state", "fold": 1, "state": "initial"}
{"event": "candidate_gradient_epoch", "epoch": 1, "batches": 13, "elapsed_seconds": 8.919979302212596}
{"event": "candidate_gradient_epoch", "epoch": 2, "batches": 26, "elapsed_seconds": 17.54444676078856}
{"event": "candidate_gradient_epoch", "epoch": 3, "batches": 39, "elapsed_seconds": 26.343787292018533}
{"event": "candidate_gradient_epoch", "epoch": 4, "batches": 52, "elapsed_seconds": 34.86863938160241}
{"event": "candidate_gradient_epoch", "epoch": 5, "batches": 65, "elapsed_seconds": 43.76147544570267}
{"event": "candidate_gradient_epoch", "epoch": 6, "batches": 78, "elapsed_seconds": 174.72670163027942}
{"event": "candidate_gradient_epoch", "epoch": 7, "batches": 91, "elapsed_seconds": 353.3023925125599}
{"event": "candidate_gradient_epoch", "epoch": 8, "batches": 104, "elapsed_seconds": 530.941558714956}
{"event": "candidate_gradient_epoch", "epoch": 9, "batches": 117, "elapsed_seconds": 710.6761455032974}
{"event": "candidate_gradient_epoch", "epoch": 10, "batches": 130, "elapsed_seconds": 886.3015711531043}
{"event": "candidate_gradient_epoch", "epoch": 11, "batches": 143, "elapsed_seconds": 1055.0156745016575}
{"event": "candidate_gradient_epoch", "epoch": 12, "batches": 156, "elapsed_seconds": 1237.8610046729445}
{"event": "candidate_gradient_epoch", "epoch": 13, "batches": 169, "elapsed_seconds": 1409.2517914939672}
{"event": "candidate_gradient_epoch", "epoch": 14, "batches": 182, "elapsed_seconds": 1592.3874558229}
{"event": "candidate_gradient_epoch", "epoch": 15, "batches": 195, "elapsed_seconds": 1763.7523541413248}
{"event": "candidate_gradient_epoch", "epoch": 16, "batches": 208, "elapsed_seconds": 1936.4199581742287}
{"event": "candidate_gradient_epoch", "epoch": 17, "batches": 221, "elapsed_seconds": 2106.698757721111}
{"event": "candidate_gradient_epoch", "epoch": 18, "batches": 234, "elapsed_seconds": 2283.158649753779}
{"event": "candidate_gradient_epoch", "epoch": 19, "batches": 247, "elapsed_seconds": 2457.9059462063015}
{"event": "candidate_gradient_epoch", "epoch": 20, "batches": 260, "elapsed_seconds": 2625.2694522812963}
建立transformer............
using Transformer_type: ViT-B-16 as a backbone
Resized position embedding: %s to %s torch.Size([197, 768]) torch.Size([129, 768])
Position embedding resize to height:8 width: 16
Successfully load ckpt!
<All keys matched successfully>
Loading pretrained model from CLIP
camera number is : 8
===========Building Signal===========
{"event": "candidate_gradient_state", "fold": 1, "state": "control"}
{"event": "candidate_gradient_epoch", "epoch": 1, "batches": 13, "elapsed_seconds": 8.751249752938747}
{"event": "candidate_gradient_epoch", "epoch": 2, "batches": 26, "elapsed_seconds": 17.20297802425921}
{"event": "candidate_gradient_epoch", "epoch": 3, "batches": 39, "elapsed_seconds": 25.681401316076517}
{"event": "candidate_gradient_epoch", "epoch": 4, "batches": 52, "elapsed_seconds": 34.179382130503654}
{"event": "candidate_gradient_epoch", "epoch": 5, "batches": 65, "elapsed_seconds": 43.20661918818951}
{"event": "candidate_gradient_epoch", "epoch": 6, "batches": 78, "elapsed_seconds": 172.69730239920318}
{"event": "candidate_gradient_epoch", "epoch": 7, "batches": 91, "elapsed_seconds": 342.4167712312192}
{"event": "candidate_gradient_epoch", "epoch": 8, "batches": 104, "elapsed_seconds": 509.52594334073365}
{"event": "candidate_gradient_epoch", "epoch": 9, "batches": 117, "elapsed_seconds": 686.3452514447272}
{"event": "candidate_gradient_epoch", "epoch": 10, "batches": 130, "elapsed_seconds": 862.9323887918144}
{"event": "candidate_gradient_epoch", "epoch": 11, "batches": 143, "elapsed_seconds": 1024.2035104036331}
{"event": "candidate_gradient_epoch", "epoch": 12, "batches": 156, "elapsed_seconds": 1197.646459147334}
{"event": "candidate_gradient_epoch", "epoch": 13, "batches": 169, "elapsed_seconds": 1368.5359432976693}
{"event": "candidate_gradient_epoch", "epoch": 14, "batches": 182, "elapsed_seconds": 1548.4593540765345}
{"event": "candidate_gradient_epoch", "epoch": 15, "batches": 195, "elapsed_seconds": 1712.6979548800737}
{"event": "candidate_gradient_epoch", "epoch": 16, "batches": 208, "elapsed_seconds": 1874.134064624086}
{"event": "candidate_gradient_epoch", "epoch": 17, "batches": 221, "elapsed_seconds": 2045.5681378562003}
{"event": "candidate_gradient_epoch", "epoch": 18, "batches": 234, "elapsed_seconds": 2210.569979900494}
{"event": "candidate_gradient_epoch", "epoch": 19, "batches": 247, "elapsed_seconds": 2378.4310795925558}
{"event": "candidate_gradient_epoch", "epoch": 20, "batches": 260, "elapsed_seconds": 2546.2845785841346}
建立transformer............
using Transformer_type: ViT-B-16 as a backbone
Resized position embedding: %s to %s torch.Size([197, 768]) torch.Size([129, 768])
Position embedding resize to height:8 width: 16
Successfully load ckpt!
<All keys matched successfully>
Loading pretrained model from CLIP
camera number is : 8
===========Building Signal===========
{"event": "candidate_gradient_state", "fold": 1, "state": "fresh_memory"}
{"event": "candidate_gradient_epoch", "epoch": 1, "batches": 13, "elapsed_seconds": 9.197940645739436}
{"event": "candidate_gradient_epoch", "epoch": 2, "batches": 26, "elapsed_seconds": 17.68764360807836}
{"event": "candidate_gradient_epoch", "epoch": 3, "batches": 39, "elapsed_seconds": 26.681056352332234}
{"event": "candidate_gradient_epoch", "epoch": 4, "batches": 52, "elapsed_seconds": 35.47691366635263}
{"event": "candidate_gradient_epoch", "epoch": 5, "batches": 65, "elapsed_seconds": 44.25829535536468}
{"event": "candidate_gradient_epoch", "epoch": 6, "batches": 78, "elapsed_seconds": 171.89012010395527}
{"event": "candidate_gradient_epoch", "epoch": 7, "batches": 91, "elapsed_seconds": 346.2464187517762}
{"event": "candidate_gradient_epoch", "epoch": 8, "batches": 104, "elapsed_seconds": 514.4658001959324}
{"event": "candidate_gradient_epoch", "epoch": 9, "batches": 117, "elapsed_seconds": 689.938969919458}
{"event": "candidate_gradient_epoch", "epoch": 10, "batches": 130, "elapsed_seconds": 864.1824960038066}
{"event": "candidate_gradient_epoch", "epoch": 11, "batches": 143, "elapsed_seconds": 1029.156356452033}
{"event": "candidate_gradient_epoch", "epoch": 12, "batches": 156, "elapsed_seconds": 1204.7931536398828}
{"event": "candidate_gradient_epoch", "epoch": 13, "batches": 169, "elapsed_seconds": 1373.1124785840511}
{"event": "candidate_gradient_epoch", "epoch": 14, "batches": 182, "elapsed_seconds": 1552.9434754680842}
{"event": "candidate_gradient_epoch", "epoch": 15, "batches": 195, "elapsed_seconds": 1717.120891224593}
{"event": "candidate_gradient_epoch", "epoch": 16, "batches": 208, "elapsed_seconds": 1883.2870106678456}
{"event": "candidate_gradient_epoch", "epoch": 17, "batches": 221, "elapsed_seconds": 2053.2161905448884}
{"event": "candidate_gradient_epoch", "epoch": 18, "batches": 234, "elapsed_seconds": 2219.595578018576}
{"event": "candidate_gradient_epoch", "epoch": 19, "batches": 247, "elapsed_seconds": 2386.3014512844384}
{"event": "candidate_gradient_epoch", "epoch": 20, "batches": 260, "elapsed_seconds": 2552.568977560848}
建立transformer............
using Transformer_type: ViT-B-16 as a backbone
Resized position embedding: %s to %s torch.Size([197, 768]) torch.Size([129, 768])
Position embedding resize to height:8 width: 16
Successfully load ckpt!
<All keys matched successfully>
Loading pretrained model from CLIP
camera number is : 8
===========Building Signal===========
{"event": "candidate_gradient_state", "fold": 2, "state": "initial"}
{"event": "candidate_gradient_epoch", "epoch": 1, "batches": 13, "elapsed_seconds": 9.463112028315663}
{"event": "candidate_gradient_epoch", "epoch": 2, "batches": 26, "elapsed_seconds": 18.132739331573248}
{"event": "candidate_gradient_epoch", "epoch": 3, "batches": 39, "elapsed_seconds": 26.873009633272886}
{"event": "candidate_gradient_epoch", "epoch": 4, "batches": 52, "elapsed_seconds": 35.823197508230805}
{"event": "candidate_gradient_epoch", "epoch": 5, "batches": 65, "elapsed_seconds": 44.41340481862426}
{"event": "candidate_gradient_epoch", "epoch": 6, "batches": 78, "elapsed_seconds": 173.89722679555416}
{"event": "candidate_gradient_epoch", "epoch": 7, "batches": 91, "elapsed_seconds": 353.548323918134}
{"event": "candidate_gradient_epoch", "epoch": 8, "batches": 104, "elapsed_seconds": 527.4935022071004}
{"event": "candidate_gradient_epoch", "epoch": 9, "batches": 117, "elapsed_seconds": 702.6267741471529}
{"event": "candidate_gradient_epoch", "epoch": 10, "batches": 130, "elapsed_seconds": 880.7290915846825}
{"event": "candidate_gradient_epoch", "epoch": 11, "batches": 143, "elapsed_seconds": 1057.120918104425}
{"event": "candidate_gradient_epoch", "epoch": 12, "batches": 156, "elapsed_seconds": 1241.1375559158623}
{"event": "candidate_gradient_epoch", "epoch": 13, "batches": 169, "elapsed_seconds": 1416.2147376779467}
{"event": "candidate_gradient_epoch", "epoch": 14, "batches": 182, "elapsed_seconds": 1588.8917719125748}
{"event": "candidate_gradient_epoch", "epoch": 15, "batches": 195, "elapsed_seconds": 1761.7654031533748}
{"event": "candidate_gradient_epoch", "epoch": 16, "batches": 208, "elapsed_seconds": 1935.8850777316839}
{"event": "candidate_gradient_epoch", "epoch": 17, "batches": 221, "elapsed_seconds": 2110.2381438147277}
{"event": "candidate_gradient_epoch", "epoch": 18, "batches": 234, "elapsed_seconds": 2285.7085481993854}
{"event": "candidate_gradient_epoch", "epoch": 19, "batches": 247, "elapsed_seconds": 2459.631753714755}
{"event": "candidate_gradient_epoch", "epoch": 20, "batches": 260, "elapsed_seconds": 2629.607341915369}
建立transformer............
using Transformer_type: ViT-B-16 as a backbone
Resized position embedding: %s to %s torch.Size([197, 768]) torch.Size([129, 768])
Position embedding resize to height:8 width: 16
Successfully load ckpt!
<All keys matched successfully>
Loading pretrained model from CLIP
camera number is : 8
===========Building Signal===========
{"event": "candidate_gradient_state", "fold": 2, "state": "control"}
{"event": "candidate_gradient_epoch", "epoch": 1, "batches": 13, "elapsed_seconds": 9.280928352847695}
{"event": "candidate_gradient_epoch", "epoch": 2, "batches": 26, "elapsed_seconds": 17.932083969935775}
{"event": "candidate_gradient_epoch", "epoch": 3, "batches": 39, "elapsed_seconds": 26.79798822104931}
{"event": "candidate_gradient_epoch", "epoch": 4, "batches": 52, "elapsed_seconds": 36.03774174116552}
{"event": "candidate_gradient_epoch", "epoch": 5, "batches": 65, "elapsed_seconds": 44.97915078513324}
{"event": "candidate_gradient_epoch", "epoch": 6, "batches": 78, "elapsed_seconds": 165.87294025719166}
{"event": "candidate_gradient_epoch", "epoch": 7, "batches": 91, "elapsed_seconds": 338.59658977016807}
{"event": "candidate_gradient_epoch", "epoch": 8, "batches": 104, "elapsed_seconds": 505.5692652333528}
{"event": "candidate_gradient_epoch", "epoch": 9, "batches": 117, "elapsed_seconds": 675.4178567305207}
{"event": "candidate_gradient_epoch", "epoch": 10, "batches": 130, "elapsed_seconds": 851.0373005494475}
{"event": "candidate_gradient_epoch", "epoch": 11, "batches": 143, "elapsed_seconds": 1024.919538045302}
{"event": "candidate_gradient_epoch", "epoch": 12, "batches": 156, "elapsed_seconds": 1203.4546470418572}
{"event": "candidate_gradient_epoch", "epoch": 13, "batches": 169, "elapsed_seconds": 1380.11960940063}
{"event": "candidate_gradient_epoch", "epoch": 14, "batches": 182, "elapsed_seconds": 1551.4531269446015}
{"event": "candidate_gradient_epoch", "epoch": 15, "batches": 195, "elapsed_seconds": 1722.5576775856316}
{"event": "candidate_gradient_epoch", "epoch": 16, "batches": 208, "elapsed_seconds": 1890.6945896167308}
{"event": "candidate_gradient_epoch", "epoch": 17, "batches": 221, "elapsed_seconds": 2057.4172287732363}
{"event": "candidate_gradient_epoch", "epoch": 18, "batches": 234, "elapsed_seconds": 2225.7858750168234}
{"event": "candidate_gradient_epoch", "epoch": 19, "batches": 247, "elapsed_seconds": 2399.7620494253933}
{"event": "candidate_gradient_epoch", "epoch": 20, "batches": 260, "elapsed_seconds": 2571.490067753941}
建立transformer............
using Transformer_type: ViT-B-16 as a backbone
Resized position embedding: %s to %s torch.Size([197, 768]) torch.Size([129, 768])
Position embedding resize to height:8 width: 16
Successfully load ckpt!
<All keys matched successfully>
Loading pretrained model from CLIP
camera number is : 8
===========Building Signal===========
{"event": "candidate_gradient_state", "fold": 2, "state": "fresh_memory"}
{"event": "candidate_gradient_epoch", "epoch": 1, "batches": 13, "elapsed_seconds": 9.743934236466885}
{"event": "candidate_gradient_epoch", "epoch": 2, "batches": 26, "elapsed_seconds": 18.744076009839773}
{"event": "candidate_gradient_epoch", "epoch": 3, "batches": 39, "elapsed_seconds": 27.448394307866693}
{"event": "candidate_gradient_epoch", "epoch": 4, "batches": 52, "elapsed_seconds": 36.62408133968711}
{"event": "candidate_gradient_epoch", "epoch": 5, "batches": 65, "elapsed_seconds": 45.42990767583251}
{"event": "candidate_gradient_epoch", "epoch": 6, "batches": 78, "elapsed_seconds": 169.49543725512922}
{"event": "candidate_gradient_epoch", "epoch": 7, "batches": 91, "elapsed_seconds": 341.09272344224155}
{"event": "candidate_gradient_epoch", "epoch": 8, "batches": 104, "elapsed_seconds": 508.418257528916}
{"event": "candidate_gradient_epoch", "epoch": 9, "batches": 117, "elapsed_seconds": 685.093287833035}
{"event": "candidate_gradient_epoch", "epoch": 10, "batches": 130, "elapsed_seconds": 861.2512159720063}
{"event": "candidate_gradient_epoch", "epoch": 11, "batches": 143, "elapsed_seconds": 1036.7855837401003}
{"event": "candidate_gradient_epoch", "epoch": 12, "batches": 156, "elapsed_seconds": 1212.8513690102845}
{"event": "candidate_gradient_epoch", "epoch": 13, "batches": 169, "elapsed_seconds": 1387.421065479517}
{"event": "candidate_gradient_epoch", "epoch": 14, "batches": 182, "elapsed_seconds": 1562.3123277258128}
{"event": "candidate_gradient_epoch", "epoch": 15, "batches": 195, "elapsed_seconds": 1731.6243086792529}
{"event": "candidate_gradient_epoch", "epoch": 16, "batches": 208, "elapsed_seconds": 1900.494727967307}
{"event": "candidate_gradient_epoch", "epoch": 17, "batches": 221, "elapsed_seconds": 2066.857407808304}
{"event": "candidate_gradient_epoch", "epoch": 18, "batches": 234, "elapsed_seconds": 2235.645966887474}
{"event": "candidate_gradient_epoch", "epoch": 19, "batches": 247, "elapsed_seconds": 2410.5235167797655}
{"event": "candidate_gradient_epoch", "epoch": 20, "batches": 260, "elapsed_seconds": 2582.963620107621}
