/data/gaob/Re-ID/conda-envs/tri_reid/lib/python3.10/site-packages/timm/models/helpers.py:7: FutureWarning: Importing from timm.models.helpers is deprecated, please import via timm.models
  warnings.warn(f"Importing from {__name__} is deprecated, please import via timm.models", FutureWarning)
/data/gaob/Re-ID/conda-envs/tri_reid/lib/python3.10/site-packages/timm/models/registry.py:4: FutureWarning: Importing from timm.models.registry is deprecated, please import via timm.models
  warnings.warn(f"Importing from {__name__} is deprecated, please import via timm.models", FutureWarning)
/data/gaob/Re-ID/conda-envs/tri_reid/lib/python3.10/site-packages/timm/models/layers/__init__.py:48: FutureWarning: Importing from timm.models.layers is deprecated, please import via timm.layers
  warnings.warn(f"Importing from {__name__} is deprecated, please import via timm.layers", FutureWarning)
建立transformer............
using Transformer_type: ViT-B-16 as a backbone
Resized position embedding: %s to %s torch.Size([197, 768]) torch.Size([129, 768])
Position embedding resize to height:8 width: 16
Successfully load ckpt!
<All keys matched successfully>
Loading pretrained model from CLIP
camera number is : 8
===========Building Signal===========
{"event": "epoch", "dataset": "RGBNT100", "epoch": 1, "steps": 130, "mean_loss": 2.5191301015707164, "seconds": 51.41470186299557, "official_fused": {"mAP": 85.1030304484693, "Rank-1": 95.10204195976257, "Rank-5": 95.68513035774231, "Rank-10": 95.97667455673218}, "best_epoch": 1}
{"event": "epoch", "dataset": "RGBNT100", "epoch": 2, "steps": 131, "mean_loss": 0.8863596352002093, "seconds": 53.56123599499551, "official_fused": {"mAP": 84.54557950447756, "Rank-1": 95.86005806922913, "Rank-5": 96.67638540267944, "Rank-10": 97.14285731315613}, "best_epoch": 1}
{"event": "epoch", "dataset": "RGBNT100", "epoch": 3, "steps": 132, "mean_loss": 0.7275237314628832, "seconds": 53.338400202999765, "official_fused": {"mAP": 82.24672531832528, "Rank-1": 95.68513035774231, "Rank-5": 96.55976891517639, "Rank-10": 97.02624082565308}, "best_epoch": 1}
{"event": "epoch", "dataset": "RGBNT100", "epoch": 4, "steps": 131, "mean_loss": 0.7174104274684237, "seconds": 53.61920013799681, "official_fused": {"mAP": 81.503906958055, "Rank-1": 94.46064233779907, "Rank-5": 94.92711424827576, "Rank-10": 95.56851387023926}, "best_epoch": 1}
{"event": "epoch", "dataset": "RGBNT100", "epoch": 5, "steps": 132, "mean_loss": 0.7124682633262692, "seconds": 54.274844043000485, "official_fused": {"mAP": 81.90872423891688, "Rank-1": 94.63557004928589, "Rank-5": 95.21865844726562, "Rank-10": 95.5102026462555}, "best_epoch": 1}
{"event": "epoch", "dataset": "RGBNT100", "epoch": 6, "steps": 131, "mean_loss": 0.710548291679557, "seconds": 53.11782482799754, "official_fused": {"mAP": 82.14708300085644, "Rank-1": 94.22740340232849, "Rank-5": 94.92711424827576, "Rank-10": 95.56851387023926}, "best_epoch": 1}
{"event": "epoch", "dataset": "RGBNT100", "epoch": 7, "steps": 132, "mean_loss": 0.7083218639547174, "seconds": 54.46409795599902, "official_fused": {"mAP": 82.15683467494631, "Rank-1": 94.69387531280518, "Rank-5": 95.33527493476868, "Rank-10": 95.86005806922913}, "best_epoch": 1}
{"event": "epoch", "dataset": "RGBNT100", "epoch": 8, "steps": 131, "mean_loss": 0.7079955921828291, "seconds": 53.56529239999509, "official_fused": {"mAP": 82.44316631475729, "Rank-1": 94.28571462631226, "Rank-5": 94.8104977607727, "Rank-10": 95.10204195976257}, "best_epoch": 1}
{"event": "epoch", "dataset": "RGBNT100", "epoch": 9, "steps": 130, "mean_loss": 0.7081842917662401, "seconds": 53.43604710599902, "official_fused": {"mAP": 82.74306838344448, "Rank-1": 94.46064233779907, "Rank-5": 95.39358615875244, "Rank-10": 95.80174684524536}, "best_epoch": 1}
{"event": "epoch", "dataset": "RGBNT100", "epoch": 10, "steps": 132, "mean_loss": 0.7074911160902544, "seconds": 54.039566380000906, "official_fused": {"mAP": 82.61655694257301, "Rank-1": 94.51894760131836, "Rank-5": 95.62682509422302, "Rank-10": 96.0932970046997}, "best_epoch": 1}
{"event": "epoch", "dataset": "RGBNT100", "epoch": 11, "steps": 131, "mean_loss": 0.7072825577422863, "seconds": 53.91185841999686, "official_fused": {"mAP": 82.8590655524591, "Rank-1": 94.46064233779907, "Rank-5": 95.39358615875244, "Rank-10": 95.86005806922913}, "best_epoch": 1}
{"event": "epoch", "dataset": "RGBNT100", "epoch": 12, "steps": 131, "mean_loss": 0.7073521031678178, "seconds": 53.99218123900209, "official_fused": {"mAP": 82.8500339304762, "Rank-1": 94.40233111381531, "Rank-5": 95.16034722328186, "Rank-10": 95.62682509422302}, "best_epoch": 1}
{"event": "epoch", "dataset": "RGBNT100", "epoch": 13, "steps": 131, "mean_loss": 0.7074900788205271, "seconds": 53.33684429899586, "official_fused": {"mAP": 83.14317339501493, "Rank-1": 94.51894760131836, "Rank-5": 95.21865844726562, "Rank-10": 95.62682509422302}, "best_epoch": 1}
{"event": "epoch", "dataset": "RGBNT100", "epoch": 14, "steps": 132, "mean_loss": 0.7076036455956373, "seconds": 53.945516776999284, "official_fused": {"mAP": 83.00032237799294, "Rank-1": 94.40233111381531, "Rank-5": 95.27696967124939, "Rank-10": 95.56851387023926}, "best_epoch": 1}
{"event": "epoch", "dataset": "RGBNT100", "epoch": 15, "steps": 129, "mean_loss": 0.7071239440016044, "seconds": 52.32318600000144, "official_fused": {"mAP": 82.54160901124365, "Rank-1": 94.63557004928589, "Rank-5": 95.56851387023926, "Rank-10": 96.03498578071594}, "best_epoch": 1}
{"event": "epoch", "dataset": "RGBNT100", "epoch": 16, "steps": 131, "mean_loss": 0.7074413008362282, "seconds": 52.96253022699966, "official_fused": {"mAP": 82.60141506350047, "Rank-1": 94.69387531280518, "Rank-5": 95.33527493476868, "Rank-10": 95.62682509422302}, "best_epoch": 1}
{"event": "epoch", "dataset": "RGBNT100", "epoch": 17, "steps": 132, "mean_loss": 0.7071919233509989, "seconds": 53.09967580599914, "official_fused": {"mAP": 83.03482529317185, "Rank-1": 94.75218653678894, "Rank-5": 95.56851387023926, "Rank-10": 95.91836929321289}, "best_epoch": 1}
{"event": "epoch", "dataset": "RGBNT100", "epoch": 18, "steps": 132, "mean_loss": 0.7073550106901111, "seconds": 53.41964655400079, "official_fused": {"mAP": 83.27750809457311, "Rank-1": 94.98542547225952, "Rank-5": 95.62682509422302, "Rank-10": 96.20991349220276}, "best_epoch": 1}
{"event": "epoch", "dataset": "RGBNT100", "epoch": 19, "steps": 132, "mean_loss": 0.707042091272094, "seconds": 54.65679455800273, "official_fused": {"mAP": 82.82539476446293, "Rank-1": 94.40233111381531, "Rank-5": 95.16034722328186, "Rank-10": 95.39358615875244}, "best_epoch": 1}
{"event": "epoch", "dataset": "RGBNT100", "epoch": 20, "steps": 132, "mean_loss": 0.706947484702775, "seconds": 55.207880590998684, "official_fused": {"mAP": 82.49732657591213, "Rank-1": 93.99417042732239, "Rank-5": 94.46064233779907, "Rank-10": 94.57725882530212}, "best_epoch": 1}
{"event": "epoch", "dataset": "RGBNT100", "epoch": 21, "steps": 131, "mean_loss": 0.7071164409622891, "seconds": 53.92625025899906, "official_fused": {"mAP": 82.42048059087566, "Rank-1": 94.28571462631226, "Rank-5": 94.75218653678894, "Rank-10": 95.10204195976257}, "best_epoch": 1}
{"event": "epoch", "dataset": "RGBNT100", "epoch": 22, "steps": 132, "mean_loss": 0.7069277731758176, "seconds": 53.41621778899571, "official_fused": {"mAP": 82.90739115076798, "Rank-1": 94.69387531280518, "Rank-5": 95.04373073577881, "Rank-10": 95.39358615875244}, "best_epoch": 1}
{"event": "epoch", "dataset": "RGBNT100", "epoch": 23, "steps": 131, "mean_loss": 0.7067835057964762, "seconds": 53.34611559699988, "official_fused": {"mAP": 82.55494324851351, "Rank-1": 93.93585920333862, "Rank-5": 94.63557004928589, "Rank-10": 94.92711424827576}, "best_epoch": 1}
{"event": "epoch", "dataset": "RGBNT100", "epoch": 24, "steps": 130, "mean_loss": 0.7067503227637364, "seconds": 52.908527437000885, "official_fused": {"mAP": 82.893614446336, "Rank-1": 94.46064233779907, "Rank-5": 94.8104977607727, "Rank-10": 94.92711424827576}, "best_epoch": 1}
{"event": "epoch", "dataset": "RGBNT100", "epoch": 25, "steps": 132, "mean_loss": 0.7067386842135227, "seconds": 53.69109880099859, "official_fused": {"mAP": 82.92964496539967, "Rank-1": 94.46064233779907, "Rank-5": 94.8104977607727, "Rank-10": 95.04373073577881}, "best_epoch": 1}
{"event": "epoch", "dataset": "RGBNT100", "epoch": 26, "steps": 131, "mean_loss": 0.7067291486354275, "seconds": 53.72970836800232, "official_fused": {"mAP": 82.90281976354402, "Rank-1": 94.40233111381531, "Rank-5": 94.92711424827576, "Rank-10": 95.16034722328186}, "best_epoch": 1}
{"event": "epoch", "dataset": "RGBNT100", "epoch": 27, "steps": 131, "mean_loss": 0.7066204511482297, "seconds": 53.769994292000774, "official_fused": {"mAP": 82.57243940797652, "Rank-1": 94.40233111381531, "Rank-5": 95.16034722328186, "Rank-10": 95.21865844726562}, "best_epoch": 1}
{"event": "epoch", "dataset": "RGBNT100", "epoch": 28, "steps": 130, "mean_loss": 0.7066378121192639, "seconds": 53.73404741899867, "official_fused": {"mAP": 82.41554822811223, "Rank-1": 94.63557004928589, "Rank-5": 95.10204195976257, "Rank-10": 95.21865844726562}, "best_epoch": 1}
{"event": "epoch", "dataset": "RGBNT100", "epoch": 29, "steps": 131, "mean_loss": 0.7066826492775488, "seconds": 53.553076131000125, "official_fused": {"mAP": 82.43835528309026, "Rank-1": 94.11078691482544, "Rank-5": 94.75218653678894, "Rank-10": 94.86880302429199}, "best_epoch": 1}
{"event": "epoch", "dataset": "RGBNT100", "epoch": 30, "steps": 132, "mean_loss": 0.706625213677233, "seconds": 54.1781844549987, "official_fused": {"mAP": 82.62551206046882, "Rank-1": 94.69387531280518, "Rank-5": 95.27696967124939, "Rank-10": 95.62682509422302}, "best_epoch": 1}
{"event": "epoch", "dataset": "RGBNT100", "epoch": 31, "steps": 131, "mean_loss": 0.706479805116435, "seconds": 52.917254847998265, "official_fused": {"mAP": 82.20956580618048, "Rank-1": 93.87755393981934, "Rank-5": 94.57725882530212, "Rank-10": 94.75218653678894}, "best_epoch": 1}
{"event": "epoch", "dataset": "RGBNT100", "epoch": 32, "steps": 131, "mean_loss": 0.706389372585384, "seconds": 54.02707442500105, "official_fused": {"mAP": 82.27789008182121, "Rank-1": 94.1690981388092, "Rank-5": 94.8104977607727, "Rank-10": 95.10204195976257}, "best_epoch": 1}
{"event": "epoch", "dataset": "RGBNT100", "epoch": 33, "steps": 131, "mean_loss": 0.7063153936662747, "seconds": 52.790574608996394, "official_fused": {"mAP": 82.27354432343627, "Rank-1": 93.70262622833252, "Rank-5": 94.46064233779907, "Rank-10": 94.92711424827576}, "best_epoch": 1}
{"event": "epoch", "dataset": "RGBNT100", "epoch": 34, "steps": 132, "mean_loss": 0.706302106832013, "seconds": 53.57522940600029, "official_fused": {"mAP": 82.26891206388619, "Rank-1": 94.05247569084167, "Rank-5": 94.75218653678894, "Rank-10": 94.92711424827576}, "best_epoch": 1}
{"event": "epoch", "dataset": "RGBNT100", "epoch": 35, "steps": 132, "mean_loss": 0.7062644159251993, "seconds": 54.13377626900183, "official_fused": {"mAP": 82.16165772770665, "Rank-1": 93.5276985168457, "Rank-5": 94.1690981388092, "Rank-10": 94.46064233779907}, "best_epoch": 1}
{"event": "epoch", "dataset": "RGBNT100", "epoch": 36, "steps": 130, "mean_loss": 0.7062381143753346, "seconds": 52.37778506000177, "official_fused": {"mAP": 82.31072196296138, "Rank-1": 93.7609314918518, "Rank-5": 94.28571462631226, "Rank-10": 94.34402585029602}, "best_epoch": 1}
{"event": "epoch", "dataset": "RGBNT100", "epoch": 37, "steps": 131, "mean_loss": 0.7062129614917376, "seconds": 52.66429284500191, "official_fused": {"mAP": 82.04344728592136, "Rank-1": 93.58600378036499, "Rank-5": 94.28571462631226, "Rank-10": 94.63557004928589}, "best_epoch": 1}
{"event": "epoch", "dataset": "RGBNT100", "epoch": 38, "steps": 132, "mean_loss": 0.7061677945382667, "seconds": 53.486457465995045, "official_fused": {"mAP": 82.11169728523123, "Rank-1": 93.81924271583557, "Rank-5": 94.34402585029602, "Rank-10": 94.51894760131836}, "best_epoch": 1}
{"event": "epoch", "dataset": "RGBNT100", "epoch": 39, "steps": 130, "mean_loss": 0.7061492924506848, "seconds": 53.43779097600054, "official_fused": {"mAP": 82.00457854806645, "Rank-1": 93.5276985168457, "Rank-5": 94.05247569084167, "Rank-10": 94.28571462631226}, "best_epoch": 1}
{"event": "epoch", "dataset": "RGBNT100", "epoch": 40, "steps": 131, "mean_loss": 0.7061252603094086, "seconds": 52.59109615899797, "official_fused": {"mAP": 81.81179344554232, "Rank-1": 93.35277080535889, "Rank-5": 94.11078691482544, "Rank-10": 94.34402585029602}, "best_epoch": 1}
{"event": "epoch", "dataset": "RGBNT100", "epoch": 41, "steps": 131, "mean_loss": 0.7061128152235774, "seconds": 53.57910192699637, "official_fused": {"mAP": 81.80253667900405, "Rank-1": 93.58600378036499, "Rank-5": 93.99417042732239, "Rank-10": 94.46064233779907}, "best_epoch": 1}
{"event": "epoch", "dataset": "RGBNT100", "epoch": 42, "steps": 132, "mean_loss": 0.7060863068609526, "seconds": 53.84493812700384, "official_fused": {"mAP": 81.90936495497958, "Rank-1": 93.5276985168457, "Rank-5": 94.11078691482544, "Rank-10": 94.40233111381531}, "best_epoch": 1}
{"event": "epoch", "dataset": "RGBNT100", "epoch": 43, "steps": 131, "mean_loss": 0.7060852237330139, "seconds": 53.81378574799601, "official_fused": {"mAP": 81.96007349094354, "Rank-1": 93.58600378036499, "Rank-5": 94.1690981388092, "Rank-10": 94.34402585029602}, "best_epoch": 1}
{"event": "epoch", "dataset": "RGBNT100", "epoch": 44, "steps": 131, "mean_loss": 0.7060777672374522, "seconds": 53.801940195997304, "official_fused": {"mAP": 81.68419124818436, "Rank-1": 93.46938729286194, "Rank-5": 93.99417042732239, "Rank-10": 94.22740340232849}, "best_epoch": 1}
{"event": "epoch", "dataset": "RGBNT100", "epoch": 45, "steps": 132, "mean_loss": 0.7060698632038, "seconds": 54.044650705000095, "official_fused": {"mAP": 81.73366287290239, "Rank-1": 93.41107606887817, "Rank-5": 94.05247569084167, "Rank-10": 94.28571462631226}, "best_epoch": 1}
{"event": "epoch", "dataset": "RGBNT100", "epoch": 46, "steps": 132, "mean_loss": 0.7060634394486746, "seconds": 53.98943313199561, "official_fused": {"mAP": 81.75869180068341, "Rank-1": 93.41107606887817, "Rank-5": 94.11078691482544, "Rank-10": 94.28571462631226}, "best_epoch": 1}
{"event": "epoch", "dataset": "RGBNT100", "epoch": 47, "steps": 131, "mean_loss": 0.706067692232496, "seconds": 54.09991063599591, "official_fused": {"mAP": 81.74628540058023, "Rank-1": 93.41107606887817, "Rank-5": 93.99417042732239, "Rank-10": 94.22740340232849}, "best_epoch": 1}
{"event": "epoch", "dataset": "RGBNT100", "epoch": 48, "steps": 130, "mean_loss": 0.7060676689331348, "seconds": 54.02046338900254, "official_fused": {"mAP": 81.73409722473886, "Rank-1": 93.41107606887817, "Rank-5": 94.05247569084167, "Rank-10": 94.40233111381531}, "best_epoch": 1}
{"event": "epoch", "dataset": "RGBNT100", "epoch": 49, "steps": 132, "mean_loss": 0.7060608547745328, "seconds": 54.56834078200336, "official_fused": {"mAP": 81.72533973812972, "Rank-1": 93.41107606887817, "Rank-5": 94.11078691482544, "Rank-10": 94.34402585029602}, "best_epoch": 1}
{"event": "epoch", "dataset": "RGBNT100", "epoch": 50, "steps": 130, "mean_loss": 0.7060580047277304, "seconds": 53.233588818999124, "official_fused": {"mAP": 81.72200732703632, "Rank-1": 93.41107606887817, "Rank-5": 94.11078691482544, "Rank-10": 94.34402585029602}, "best_epoch": 1}
