/data/gaob/Re-ID/conda-envs/tri_reid/lib/python3.10/site-packages/timm/models/helpers.py:7: FutureWarning: Importing from timm.models.helpers is deprecated, please import via timm.models
  warnings.warn(f"Importing from {__name__} is deprecated, please import via timm.models", FutureWarning)
/data/gaob/Re-ID/conda-envs/tri_reid/lib/python3.10/site-packages/timm/models/registry.py:4: FutureWarning: Importing from timm.models.registry is deprecated, please import via timm.models
  warnings.warn(f"Importing from {__name__} is deprecated, please import via timm.models", FutureWarning)
/data/gaob/Re-ID/conda-envs/tri_reid/lib/python3.10/site-packages/timm/models/layers/__init__.py:48: FutureWarning: Importing from timm.models.layers is deprecated, please import via timm.layers
  warnings.warn(f"Importing from {__name__} is deprecated, please import via timm.layers", FutureWarning)
建立transformer............
using Transformer_type: ViT-B-16 as a backbone
Resized position embedding: %s to %s torch.Size([197, 768]) torch.Size([129, 768])
Position embedding resize to height:16 width: 8
Successfully load ckpt!
<All keys matched successfully>
Loading pretrained model from CLIP
camera number is : 4
===========Building Signal===========
{"event": "epoch", "dataset": "RGBNT201", "recipe": "normalized", "epoch": 1, "steps": 53, "mean_loss": 5.432061924124664, "seconds": 25.55601341900183, "official_fused": {"mAP": 5.262943970025037, "Rank-1": 3.5885166376829147, "Rank-5": 9.449760615825653, "Rank-10": 13.875597715377808}}
{"event": "epoch", "dataset": "RGBNT201", "recipe": "normalized", "epoch": 2, "steps": 53, "mean_loss": 4.85954793894066, "seconds": 24.701186337013496, "official_fused": {"mAP": 15.026327409310495, "Rank-1": 11.84210553765297, "Rank-5": 20.81339657306671, "Rank-10": 27.272728085517883}}
{"event": "epoch", "dataset": "RGBNT201", "recipe": "normalized", "epoch": 3, "steps": 53, "mean_loss": 3.6083960623111366, "seconds": 25.219773088989314, "official_fused": {"mAP": 29.47050896361658, "Rank-1": 26.67464017868042, "Rank-5": 41.9856458902359, "Rank-10": 51.435405015945435}}
{"event": "epoch", "dataset": "RGBNT201", "recipe": "normalized", "epoch": 4, "steps": 53, "mean_loss": 2.258648447270663, "seconds": 25.11006731801899, "official_fused": {"mAP": 47.168280816233946, "Rank-1": 43.66028606891632, "Rank-5": 58.9712917804718, "Rank-10": 65.55023789405823}}
{"event": "epoch", "dataset": "RGBNT201", "recipe": "normalized", "epoch": 5, "steps": 53, "mean_loss": 1.41977722015021, "seconds": 25.06334576199879, "official_fused": {"mAP": 49.38735621275261, "Rank-1": 46.88995182514191, "Rank-5": 61.9617223739624, "Rank-10": 69.97607946395874}}
{"event": "epoch", "dataset": "RGBNT201", "recipe": "normalized", "epoch": 6, "steps": 53, "mean_loss": 1.101131873310737, "seconds": 24.959362472000066, "official_fused": {"mAP": 51.27416491388549, "Rank-1": 48.923444747924805, "Rank-5": 62.32057213783264, "Rank-10": 68.06219816207886}}
{"event": "epoch", "dataset": "RGBNT201", "recipe": "normalized", "epoch": 7, "steps": 53, "mean_loss": 1.0047315662761904, "seconds": 24.945377194992034, "official_fused": {"mAP": 55.31222945163756, "Rank-1": 54.54545617103577, "Rank-5": 67.70334839820862, "Rank-10": 76.0765552520752}}
{"event": "epoch", "dataset": "RGBNT201", "recipe": "normalized", "epoch": 8, "steps": 53, "mean_loss": 0.9702252250797344, "seconds": 24.87856702299905, "official_fused": {"mAP": 59.056305619262226, "Rank-1": 58.732056617736816, "Rank-5": 70.33492922782898, "Rank-10": 77.75119543075562}}
{"event": "epoch", "dataset": "RGBNT201", "recipe": "normalized", "epoch": 9, "steps": 53, "mean_loss": 0.9506679031084169, "seconds": 25.032686573977116, "official_fused": {"mAP": 56.61648757197312, "Rank-1": 56.578946113586426, "Rank-5": 69.25837397575378, "Rank-10": 77.63158082962036}}
{"event": "epoch", "dataset": "RGBNT201", "recipe": "normalized", "epoch": 10, "steps": 53, "mean_loss": 0.9470523640794574, "seconds": 25.371905959997093, "official_fused": {"mAP": 60.09266208861676, "Rank-1": 61.12440228462219, "Rank-5": 70.45454382896423, "Rank-10": 78.11004519462585}}
{"event": "epoch", "dataset": "RGBNT201", "recipe": "normalized", "epoch": 11, "steps": 53, "mean_loss": 0.9316438256569628, "seconds": 25.26233570202021, "official_fused": {"mAP": 60.43508039145774, "Rank-1": 61.36363744735718, "Rank-5": 71.77033424377441, "Rank-10": 78.94737124443054}}
{"event": "epoch", "dataset": "RGBNT201", "recipe": "normalized", "epoch": 12, "steps": 53, "mean_loss": 0.9216404793397436, "seconds": 24.762741035985528, "official_fused": {"mAP": 58.606441585757665, "Rank-1": 58.49282145500183, "Rank-5": 69.25837397575378, "Rank-10": 78.58851552009583}}
{"event": "epoch", "dataset": "RGBNT201", "recipe": "normalized", "epoch": 13, "steps": 53, "mean_loss": 0.9119226707602447, "seconds": 25.1917305799725, "official_fused": {"mAP": 61.40041496511053, "Rank-1": 63.39712738990784, "Rank-5": 74.28229451179504, "Rank-10": 80.9808611869812}}
{"event": "epoch", "dataset": "RGBNT201", "recipe": "normalized", "epoch": 14, "steps": 53, "mean_loss": 0.906186154428518, "seconds": 24.990851016016677, "official_fused": {"mAP": 57.89834993701307, "Rank-1": 58.85167717933655, "Rank-5": 69.0191388130188, "Rank-10": 76.79426074028015}}
{"event": "epoch", "dataset": "RGBNT201", "recipe": "normalized", "epoch": 15, "steps": 53, "mean_loss": 0.9017454914326938, "seconds": 25.28412785899127, "official_fused": {"mAP": 60.944015253736936, "Rank-1": 60.28708219528198, "Rank-5": 73.32535982131958, "Rank-10": 80.02392053604126}}
{"event": "epoch", "dataset": "RGBNT201", "recipe": "normalized", "epoch": 16, "steps": 53, "mean_loss": 0.8970185113403032, "seconds": 25.025110002985457, "official_fused": {"mAP": 58.13973496510778, "Rank-1": 58.85167717933655, "Rank-5": 71.41148447990417, "Rank-10": 77.87081599235535}}
{"event": "epoch", "dataset": "RGBNT201", "recipe": "normalized", "epoch": 17, "steps": 53, "mean_loss": 0.8902571178832144, "seconds": 25.117279896017862, "official_fused": {"mAP": 60.340036850976674, "Rank-1": 60.76555252075195, "Rank-5": 70.69377899169922, "Rank-10": 78.34928035736084}}
{"event": "epoch", "dataset": "RGBNT201", "recipe": "normalized", "epoch": 18, "steps": 53, "mean_loss": 0.8878828388340069, "seconds": 25.353352415026166, "official_fused": {"mAP": 58.708000442298356, "Rank-1": 58.9712917804718, "Rank-5": 71.17224931716919, "Rank-10": 78.34928035736084}}
{"event": "epoch", "dataset": "RGBNT201", "recipe": "normalized", "epoch": 19, "steps": 53, "mean_loss": 0.8878605287030058, "seconds": 25.148586755996803, "official_fused": {"mAP": 60.19795693968337, "Rank-1": 60.64593195915222, "Rank-5": 73.32535982131958, "Rank-10": 80.62201142311096}}
{"event": "epoch", "dataset": "RGBNT201", "recipe": "normalized", "epoch": 20, "steps": 53, "mean_loss": 0.8832104948331725, "seconds": 25.169083590997616, "official_fused": {"mAP": 57.99247492774436, "Rank-1": 58.13397169113159, "Rank-5": 69.49760913848877, "Rank-10": 75.71770548820496}}
{"event": "epoch", "dataset": "RGBNT201", "recipe": "normalized", "epoch": 21, "steps": 53, "mean_loss": 0.882656917257129, "seconds": 25.426621549006086, "official_fused": {"mAP": 60.927894845310746, "Rank-1": 60.52631735801697, "Rank-5": 73.68420958518982, "Rank-10": 81.57894611358643}}
{"event": "epoch", "dataset": "RGBNT201", "recipe": "normalized", "epoch": 22, "steps": 53, "mean_loss": 0.8799024966527831, "seconds": 25.701177901006304, "official_fused": {"mAP": 59.487635517517965, "Rank-1": 58.13397169113159, "Rank-5": 71.88995480537415, "Rank-10": 77.87081599235535}}
{"event": "epoch", "dataset": "RGBNT201", "recipe": "normalized", "epoch": 23, "steps": 53, "mean_loss": 0.8762510014030168, "seconds": 25.456821399973705, "official_fused": {"mAP": 59.39423722997318, "Rank-1": 59.92823243141174, "Rank-5": 68.89952421188354, "Rank-10": 76.31579041481018}}
{"event": "epoch", "dataset": "RGBNT201", "recipe": "normalized", "epoch": 24, "steps": 53, "mean_loss": 0.8762966214485888, "seconds": 25.150520752999, "official_fused": {"mAP": 59.35745220910893, "Rank-1": 59.80861186981201, "Rank-5": 71.53109908103943, "Rank-10": 78.70813608169556}}
{"event": "epoch", "dataset": "RGBNT201", "recipe": "normalized", "epoch": 25, "steps": 53, "mean_loss": 0.8737971164145559, "seconds": 25.253364186995896, "official_fused": {"mAP": 59.5709652050286, "Rank-1": 58.13397169113159, "Rank-5": 70.33492922782898, "Rank-10": 79.0669858455658}}
{"event": "epoch", "dataset": "RGBNT201", "recipe": "normalized", "epoch": 26, "steps": 53, "mean_loss": 0.8711631646696126, "seconds": 25.558772894000867, "official_fused": {"mAP": 62.580551571472775, "Rank-1": 62.44019269943237, "Rank-5": 75.83732008934021, "Rank-10": 83.01435112953186}}
{"event": "epoch", "dataset": "RGBNT201", "recipe": "normalized", "epoch": 27, "steps": 53, "mean_loss": 0.8703212872991022, "seconds": 25.278873286995804, "official_fused": {"mAP": 60.53534635269254, "Rank-1": 60.28708219528198, "Rank-5": 71.41148447990417, "Rank-10": 79.30622100830078}}
{"event": "epoch", "dataset": "RGBNT201", "recipe": "normalized", "epoch": 28, "steps": 53, "mean_loss": 0.8687769377006674, "seconds": 25.353455918986583, "official_fused": {"mAP": 61.36609416007081, "Rank-1": 60.52631735801697, "Rank-5": 71.17224931716919, "Rank-10": 79.42583560943604}}
{"event": "epoch", "dataset": "RGBNT201", "recipe": "normalized", "epoch": 29, "steps": 53, "mean_loss": 0.8672732069807233, "seconds": 25.362432623980567, "official_fused": {"mAP": 59.11963513893954, "Rank-1": 57.894736528396606, "Rank-5": 71.88995480537415, "Rank-10": 78.58851552009583}}
{"event": "epoch", "dataset": "RGBNT201", "recipe": "normalized", "epoch": 30, "steps": 53, "mean_loss": 0.865507369896151, "seconds": 25.371025130996713, "official_fused": {"mAP": 60.5553877106477, "Rank-1": 59.68899726867676, "Rank-5": 72.60765433311462, "Rank-10": 80.62201142311096}}
{"event": "epoch", "dataset": "RGBNT201", "recipe": "normalized", "epoch": 31, "steps": 53, "mean_loss": 0.8646671918203246, "seconds": 25.19887564200326, "official_fused": {"mAP": 59.56952839943159, "Rank-1": 59.090906381607056, "Rank-5": 71.65071964263916, "Rank-10": 79.18660044670105}}
{"event": "epoch", "dataset": "RGBNT201", "recipe": "normalized", "epoch": 32, "steps": 53, "mean_loss": 0.8634311253169797, "seconds": 25.250785584998084, "official_fused": {"mAP": 58.05008909070588, "Rank-1": 58.37320685386658, "Rank-5": 70.21530866622925, "Rank-10": 77.75119543075562}}
{"event": "epoch", "dataset": "RGBNT201", "recipe": "normalized", "epoch": 33, "steps": 53, "mean_loss": 0.8624664207674423, "seconds": 25.020719788997667, "official_fused": {"mAP": 59.1266555232402, "Rank-1": 57.0574164390564, "Rank-5": 71.53109908103943, "Rank-10": 79.54545617103577}}
{"event": "epoch", "dataset": "RGBNT201", "recipe": "normalized", "epoch": 34, "steps": 53, "mean_loss": 0.8609684548288021, "seconds": 25.058684426010586, "official_fused": {"mAP": 58.07679698806837, "Rank-1": 56.22009634971619, "Rank-5": 70.45454382896423, "Rank-10": 78.11004519462585}}
{"event": "epoch", "dataset": "RGBNT201", "recipe": "normalized", "epoch": 35, "steps": 53, "mean_loss": 0.8604703759247402, "seconds": 25.10400900701643, "official_fused": {"mAP": 58.37874887462513, "Rank-1": 56.93780183792114, "Rank-5": 69.73684430122375, "Rank-10": 78.34928035736084}}
{"event": "epoch", "dataset": "RGBNT201", "recipe": "normalized", "epoch": 36, "steps": 53, "mean_loss": 0.8598386195470702, "seconds": 25.44955708598718, "official_fused": {"mAP": 59.71098854357619, "Rank-1": 58.13397169113159, "Rank-5": 71.17224931716919, "Rank-10": 80.14354109764099}}
{"event": "epoch", "dataset": "RGBNT201", "recipe": "normalized", "epoch": 37, "steps": 53, "mean_loss": 0.8597158789634705, "seconds": 25.24535668900353, "official_fused": {"mAP": 60.17767208065703, "Rank-1": 59.33014154434204, "Rank-5": 72.0095694065094, "Rank-10": 79.66507077217102}}
{"event": "epoch", "dataset": "RGBNT201", "recipe": "normalized", "epoch": 38, "steps": 53, "mean_loss": 0.8594756148896128, "seconds": 25.260801082011312, "official_fused": {"mAP": 59.96631878390114, "Rank-1": 59.68899726867676, "Rank-5": 72.48803973197937, "Rank-10": 79.54545617103577}}
{"event": "epoch", "dataset": "RGBNT201", "recipe": "normalized", "epoch": 39, "steps": 53, "mean_loss": 0.8584981864353396, "seconds": 25.30907818902051, "official_fused": {"mAP": 59.59389984566587, "Rank-1": 58.732056617736816, "Rank-5": 72.36841917037964, "Rank-10": 78.82775068283081}}
{"event": "epoch", "dataset": "RGBNT201", "recipe": "normalized", "epoch": 40, "steps": 53, "mean_loss": 0.8572570074279353, "seconds": 25.1411948199966, "official_fused": {"mAP": 59.605315890032806, "Rank-1": 59.090906381607056, "Rank-5": 71.65071964263916, "Rank-10": 78.34928035736084}}
{"event": "epoch", "dataset": "RGBNT201", "recipe": "normalized", "epoch": 41, "steps": 53, "mean_loss": 0.8578848501421371, "seconds": 25.154375662008533, "official_fused": {"mAP": 59.573490739479205, "Rank-1": 59.21052694320679, "Rank-5": 71.17224931716919, "Rank-10": 78.34928035736084}}
{"event": "epoch", "dataset": "RGBNT201", "recipe": "normalized", "epoch": 42, "steps": 53, "mean_loss": 0.8571678849886049, "seconds": 25.48205522799981, "official_fused": {"mAP": 59.5344311520623, "Rank-1": 58.9712917804718, "Rank-5": 71.53109908103943, "Rank-10": 78.70813608169556}}
{"event": "epoch", "dataset": "RGBNT201", "recipe": "normalized", "epoch": 43, "steps": 53, "mean_loss": 0.857336735950326, "seconds": 25.271539017005125, "official_fused": {"mAP": 60.13497381715609, "Rank-1": 59.44976210594177, "Rank-5": 72.24880456924438, "Rank-10": 79.0669858455658}}
{"event": "epoch", "dataset": "RGBNT201", "recipe": "normalized", "epoch": 44, "steps": 53, "mean_loss": 0.8570348744122487, "seconds": 25.260542954987613, "official_fused": {"mAP": 59.75069108251007, "Rank-1": 58.85167717933655, "Rank-5": 72.24880456924438, "Rank-10": 78.94737124443054}}
{"event": "epoch", "dataset": "RGBNT201", "recipe": "normalized", "epoch": 45, "steps": 53, "mean_loss": 0.8582098945131842, "seconds": 25.4293276789831, "official_fused": {"mAP": 59.7042115063588, "Rank-1": 59.44976210594177, "Rank-5": 72.0095694065094, "Rank-10": 78.46890091896057}}
{"event": "epoch", "dataset": "RGBNT201", "recipe": "normalized", "epoch": 46, "steps": 52, "mean_loss": 0.856465485233527, "seconds": 25.22766559300362, "official_fused": {"mAP": 59.877067491095524, "Rank-1": 59.68899726867676, "Rank-5": 72.24880456924438, "Rank-10": 79.0669858455658}}
{"event": "epoch", "dataset": "RGBNT201", "recipe": "normalized", "epoch": 47, "steps": 53, "mean_loss": 0.8565983176231384, "seconds": 25.18155026997556, "official_fused": {"mAP": 59.72648138403943, "Rank-1": 59.090906381607056, "Rank-5": 71.77033424377441, "Rank-10": 78.58851552009583}}
{"event": "epoch", "dataset": "RGBNT201", "recipe": "normalized", "epoch": 48, "steps": 53, "mean_loss": 0.8565308451652527, "seconds": 25.260760923003545, "official_fused": {"mAP": 59.70106687202509, "Rank-1": 59.090906381607056, "Rank-5": 72.0095694065094, "Rank-10": 78.70813608169556}}
{"event": "epoch", "dataset": "RGBNT201", "recipe": "normalized", "epoch": 49, "steps": 53, "mean_loss": 0.8562428220263067, "seconds": 25.17554188298527, "official_fused": {"mAP": 59.618997021785184, "Rank-1": 59.090906381607056, "Rank-5": 71.88995480537415, "Rank-10": 78.58851552009583}}
{"event": "epoch", "dataset": "RGBNT201", "recipe": "normalized", "epoch": 50, "steps": 53, "mean_loss": 0.8568748865487441, "seconds": 24.83335071100737, "official_fused": {"mAP": 59.615725733496326, "Rank-1": 59.090906381607056, "Rank-5": 72.0095694065094, "Rank-10": 78.58851552009583}}
