/data/gaob/Re-ID/conda-envs/tri_reid/lib/python3.10/site-packages/timm/models/helpers.py:7: FutureWarning: Importing from timm.models.helpers is deprecated, please import via timm.models
  warnings.warn(f"Importing from {__name__} is deprecated, please import via timm.models", FutureWarning)
/data/gaob/Re-ID/conda-envs/tri_reid/lib/python3.10/site-packages/timm/models/registry.py:4: FutureWarning: Importing from timm.models.registry is deprecated, please import via timm.models
  warnings.warn(f"Importing from {__name__} is deprecated, please import via timm.models", FutureWarning)
/data/gaob/Re-ID/conda-envs/tri_reid/lib/python3.10/site-packages/timm/models/layers/__init__.py:48: FutureWarning: Importing from timm.models.layers is deprecated, please import via timm.layers
  warnings.warn(f"Importing from {__name__} is deprecated, please import via timm.layers", FutureWarning)
/data/gaob/Re-ID/conda-envs/tri_reid/lib/python3.10/site-packages/torch/optim/lr_scheduler.py:224: UserWarning: Detected call of `lr_scheduler.step()` before `optimizer.step()`. In PyTorch 1.1.0 and later, you should call them in the opposite order: `optimizer.step()` before `lr_scheduler.step()`.  Failure to do this will result in PyTorch skipping the first value of the learning rate schedule. See more details at https://pytorch.org/docs/stable/optim.html#how-to-adjust-learning-rate
  warnings.warn(
/data/gaob/Re-ID/conda-envs/tri_reid/lib/python3.10/site-packages/torch/optim/lr_scheduler.py:240: UserWarning: The epoch parameter in `scheduler.step()` was not necessary and is being deprecated where possible. Please use `scheduler.step()` to step the scheduler. During the deprecation, if epoch is different from None, the closed form is used instead of the new chainable form, where available. Please open an issue if you are unable to replicate your use case: https://github.com/pytorch/pytorch/issues/new/choose.
  warnings.warn(EPOCH_DEPRECATION_WARNING, UserWarning)
建立transformer............
using Transformer_type: ViT-B-16 as a backbone
Resized position embedding: %s to %s torch.Size([197, 768]) torch.Size([129, 768])
Position embedding resize to height:8 width: 16
Successfully load ckpt!
<All keys matched successfully>
Loading pretrained model from CLIP
camera number is : 8
===========Building Signal===========
using soft triplet loss for training
label smooth on, numclasses: 155
{"event": "epoch", "dataset": "MSVR310", "recipe": "semantic", "epoch": 1, "steps": 14, "mean_loss": 15.474792957305908, "seconds": 11.811199604999274, "official_fused": {"mAP": 15.514728907325958, "Rank-1": 34.1793566942215, "Rank-5": 54.31472063064575, "Rank-10": 61.92893385887146}}
/data/gaob/Re-ID/conda-envs/tri_reid/lib/python3.10/site-packages/torch/optim/lr_scheduler.py:240: UserWarning: The epoch parameter in `scheduler.step()` was not necessary and is being deprecated where possible. Please use `scheduler.step()` to step the scheduler. During the deprecation, if epoch is different from None, the closed form is used instead of the new chainable form, where available. Please open an issue if you are unable to replicate your use case: https://github.com/pytorch/pytorch/issues/new/choose.
  warnings.warn(EPOCH_DEPRECATION_WARNING, UserWarning)
{"event": "epoch", "dataset": "MSVR310", "recipe": "semantic", "epoch": 2, "steps": 14, "mean_loss": 12.507547514779228, "seconds": 9.759821603016462, "official_fused": {"mAP": 21.415438368454776, "Rank-1": 40.60913622379303, "Rank-5": 61.42131686210632, "Rank-10": 68.69712471961975}}
{"event": "epoch", "dataset": "MSVR310", "recipe": "semantic", "epoch": 3, "steps": 14, "mean_loss": 11.48018843787057, "seconds": 9.992337256029714, "official_fused": {"mAP": 25.399462156960855, "Rank-1": 42.3011839389801, "Rank-5": 64.29780125617981, "Rank-10": 71.91201448440552}}
{"event": "epoch", "dataset": "MSVR310", "recipe": "semantic", "epoch": 4, "steps": 14, "mean_loss": 10.794774668557304, "seconds": 9.836760439968202, "official_fused": {"mAP": 29.758624870831635, "Rank-1": 47.88494110107422, "Rank-5": 66.83587431907654, "Rank-10": 75.46531558036804}}
{"event": "epoch", "dataset": "MSVR310", "recipe": "semantic", "epoch": 5, "steps": 14, "mean_loss": 10.171077047075544, "seconds": 10.051364494021982, "official_fused": {"mAP": 33.17380747884214, "Rank-1": 50.76141953468323, "Rank-5": 68.86633038520813, "Rank-10": 78.0033826828003}}
{"event": "epoch", "dataset": "MSVR310", "recipe": "semantic", "epoch": 6, "steps": 14, "mean_loss": 9.659337588718959, "seconds": 10.444530815992039, "official_fused": {"mAP": 34.94636388059327, "Rank-1": 52.62267589569092, "Rank-5": 71.91201448440552, "Rank-10": 79.01861071586609}}
{"event": "epoch", "dataset": "MSVR310", "recipe": "semantic", "epoch": 7, "steps": 14, "mean_loss": 9.226549897875104, "seconds": 10.44560267101042, "official_fused": {"mAP": 37.58835823721014, "Rank-1": 56.6835880279541, "Rank-5": 73.77326488494873, "Rank-10": 80.03383874893188}}
{"event": "epoch", "dataset": "MSVR310", "recipe": "semantic", "epoch": 8, "steps": 14, "mean_loss": 8.772340978894915, "seconds": 10.522826689004432, "official_fused": {"mAP": 36.6752292480191, "Rank-1": 54.99153733253479, "Rank-5": 72.41962552070618, "Rank-10": 79.35702204704285}}
{"event": "epoch", "dataset": "MSVR310", "recipe": "semantic", "epoch": 9, "steps": 14, "mean_loss": 8.363963059016637, "seconds": 10.272042936994694, "official_fused": {"mAP": 38.91892345523386, "Rank-1": 56.6835880279541, "Rank-5": 75.12690424919128, "Rank-10": 80.87986707687378}}
{"event": "epoch", "dataset": "MSVR310", "recipe": "semantic", "epoch": 10, "steps": 15, "mean_loss": 8.006586170196533, "seconds": 10.729167444980703, "official_fused": {"mAP": 41.2904106197167, "Rank-1": 59.39086079597473, "Rank-5": 77.32656598091125, "Rank-10": 83.41793417930603}}
{"event": "epoch", "dataset": "MSVR310", "recipe": "semantic", "epoch": 11, "steps": 14, "mean_loss": 7.688058035714286, "seconds": 9.972166905004997, "official_fused": {"mAP": 41.67472958360111, "Rank-1": 59.56006646156311, "Rank-5": 76.81894898414612, "Rank-10": 83.07952880859375}}
{"event": "epoch", "dataset": "MSVR310", "recipe": "semantic", "epoch": 12, "steps": 14, "mean_loss": 7.441962242126465, "seconds": 9.837879378988873, "official_fused": {"mAP": 43.940115946864985, "Rank-1": 62.09813952445984, "Rank-5": 79.18781638145447, "Rank-10": 83.58713984489441}}
{"event": "epoch", "dataset": "MSVR310", "recipe": "semantic", "epoch": 13, "steps": 14, "mean_loss": 7.097265652247837, "seconds": 9.912660788977519, "official_fused": {"mAP": 44.4295907919958, "Rank-1": 61.75972819328308, "Rank-5": 78.0033826828003, "Rank-10": 83.41793417930603}}
{"event": "epoch", "dataset": "MSVR310", "recipe": "semantic", "epoch": 14, "steps": 14, "mean_loss": 6.843946525028774, "seconds": 10.611338288988918, "official_fused": {"mAP": 44.172203566130094, "Rank-1": 60.913705825805664, "Rank-5": 79.18781638145447, "Rank-10": 83.24872851371765}}
{"event": "epoch", "dataset": "MSVR310", "recipe": "semantic", "epoch": 15, "steps": 14, "mean_loss": 6.688261032104492, "seconds": 10.055736616021022, "official_fused": {"mAP": 45.6909360193552, "Rank-1": 62.6057505607605, "Rank-5": 79.86463904380798, "Rank-10": 84.6023678779602}}
{"event": "epoch", "dataset": "MSVR310", "recipe": "semantic", "epoch": 16, "steps": 14, "mean_loss": 6.442287411008563, "seconds": 10.035020740993787, "official_fused": {"mAP": 48.49800607166535, "Rank-1": 66.49746298789978, "Rank-5": 81.7258894443512, "Rank-10": 85.617595911026}}
{"event": "epoch", "dataset": "MSVR310", "recipe": "semantic", "epoch": 17, "steps": 15, "mean_loss": 6.289827728271485, "seconds": 10.719868355954532, "official_fused": {"mAP": 47.96694258647381, "Rank-1": 64.80541229248047, "Rank-5": 80.87986707687378, "Rank-10": 85.27919054031372}}
{"event": "epoch", "dataset": "MSVR310", "recipe": "semantic", "epoch": 18, "steps": 14, "mean_loss": 5.993801525660923, "seconds": 10.013919745979365, "official_fused": {"mAP": 49.261813653309225, "Rank-1": 67.00507402420044, "Rank-5": 81.38747811317444, "Rank-10": 85.78680157661438}}
{"event": "epoch", "dataset": "MSVR310", "recipe": "semantic", "epoch": 19, "steps": 15, "mean_loss": 5.782511393229167, "seconds": 10.607870786974672, "official_fused": {"mAP": 49.35341637678669, "Rank-1": 68.52791905403137, "Rank-5": 82.06430077552795, "Rank-10": 86.97123527526855}}
{"event": "epoch", "dataset": "MSVR310", "recipe": "semantic", "epoch": 20, "steps": 14, "mean_loss": 5.521779979978289, "seconds": 9.949935520009603, "official_fused": {"mAP": 49.694288486943535, "Rank-1": 67.68189668655396, "Rank-5": 82.23350048065186, "Rank-10": 86.6328239440918}}
{"event": "epoch", "dataset": "MSVR310", "recipe": "semantic", "epoch": 21, "steps": 14, "mean_loss": 5.418211834771292, "seconds": 10.038932147959713, "official_fused": {"mAP": 49.467548289615095, "Rank-1": 67.00507402420044, "Rank-5": 81.55668377876282, "Rank-10": 85.95600724220276}}
{"event": "epoch", "dataset": "MSVR310", "recipe": "semantic", "epoch": 22, "steps": 14, "mean_loss": 5.31924649647304, "seconds": 9.867738661007024, "official_fused": {"mAP": 49.703487556956304, "Rank-1": 67.00507402420044, "Rank-5": 81.04906678199768, "Rank-10": 85.10998487472534}}
{"event": "epoch", "dataset": "MSVR310", "recipe": "semantic", "epoch": 23, "steps": 14, "mean_loss": 5.418966770172119, "seconds": 10.045914614980575, "official_fused": {"mAP": 49.917100207823225, "Rank-1": 68.02030205726624, "Rank-5": 81.7258894443512, "Rank-10": 85.10998487472534}}
{"event": "epoch", "dataset": "MSVR310", "recipe": "semantic", "epoch": 24, "steps": 14, "mean_loss": 5.330540588923863, "seconds": 9.959580064984038, "official_fused": {"mAP": 49.67811617012012, "Rank-1": 67.68189668655396, "Rank-5": 80.7106614112854, "Rank-10": 85.10998487472534}}
{"event": "epoch", "dataset": "MSVR310", "recipe": "semantic", "epoch": 25, "steps": 15, "mean_loss": 5.309155718485514, "seconds": 10.612448660016526, "official_fused": {"mAP": 49.97349973946644, "Rank-1": 68.02030205726624, "Rank-5": 81.04906678199768, "Rank-10": 84.94077920913696}}
{"event": "epoch", "dataset": "MSVR310", "recipe": "semantic", "epoch": 26, "steps": 14, "mean_loss": 5.313946349280221, "seconds": 9.86444900202332, "official_fused": {"mAP": 50.26922401261551, "Rank-1": 68.358713388443, "Rank-5": 80.87986707687378, "Rank-10": 85.10998487472534}}
{"event": "epoch", "dataset": "MSVR310", "recipe": "semantic", "epoch": 27, "steps": 14, "mean_loss": 5.246019635881696, "seconds": 9.90585011197254, "official_fused": {"mAP": 49.85514501206172, "Rank-1": 67.00507402420044, "Rank-5": 80.37225008010864, "Rank-10": 84.94077920913696}}
{"event": "epoch", "dataset": "MSVR310", "recipe": "semantic", "epoch": 28, "steps": 15, "mean_loss": 5.231476275126139, "seconds": 10.508060368010774, "official_fused": {"mAP": 49.95075085492055, "Rank-1": 67.3434853553772, "Rank-5": 80.7106614112854, "Rank-10": 85.27919054031372}}
{"event": "epoch", "dataset": "MSVR310", "recipe": "semantic", "epoch": 29, "steps": 14, "mean_loss": 5.118313721248081, "seconds": 9.959157328994479, "official_fused": {"mAP": 50.05207518938709, "Rank-1": 67.17427968978882, "Rank-5": 80.87986707687378, "Rank-10": 85.78680157661438}}
{"event": "epoch", "dataset": "MSVR310", "recipe": "semantic", "epoch": 30, "steps": 14, "mean_loss": 5.192047561917986, "seconds": 10.038441109005362, "official_fused": {"mAP": 50.037084679318376, "Rank-1": 67.17427968978882, "Rank-5": 81.21827244758606, "Rank-10": 85.44839024543762}}
{"event": "epoch", "dataset": "MSVR310", "recipe": "semantic", "epoch": 31, "steps": 14, "mean_loss": 5.200640133449009, "seconds": 9.969545995991211, "official_fused": {"mAP": 49.73789554149098, "Rank-1": 67.17427968978882, "Rank-5": 80.7106614112854, "Rank-10": 84.94077920913696}}
{"event": "epoch", "dataset": "MSVR310", "recipe": "semantic", "epoch": 32, "steps": 14, "mean_loss": 5.044652462005615, "seconds": 10.245950049022213, "official_fused": {"mAP": 50.321739010811086, "Rank-1": 68.02030205726624, "Rank-5": 81.55668377876282, "Rank-10": 85.95600724220276}}
{"event": "epoch", "dataset": "MSVR310", "recipe": "semantic", "epoch": 33, "steps": 14, "mean_loss": 5.036228963306972, "seconds": 9.873196064028889, "official_fused": {"mAP": 50.17079994683233, "Rank-1": 67.85110235214233, "Rank-5": 81.55668377876282, "Rank-10": 86.46361827850342}}
{"event": "epoch", "dataset": "MSVR310", "recipe": "semantic", "epoch": 34, "steps": 14, "mean_loss": 4.9920739105769565, "seconds": 9.942923046008218, "official_fused": {"mAP": 49.86815561804947, "Rank-1": 66.49746298789978, "Rank-5": 80.87986707687378, "Rank-10": 85.95600724220276}}
{"event": "epoch", "dataset": "MSVR310", "recipe": "semantic", "epoch": 35, "steps": 14, "mean_loss": 5.00574346951076, "seconds": 9.886648130021058, "official_fused": {"mAP": 49.602529381401894, "Rank-1": 66.49746298789978, "Rank-5": 80.37225008010864, "Rank-10": 84.94077920913696}}
{"event": "epoch", "dataset": "MSVR310", "recipe": "semantic", "epoch": 36, "steps": 14, "mean_loss": 5.035260745457241, "seconds": 10.03936709597474, "official_fused": {"mAP": 49.523407418345094, "Rank-1": 66.83587431907654, "Rank-5": 80.37225008010864, "Rank-10": 84.77157354354858}}
{"event": "epoch", "dataset": "MSVR310", "recipe": "semantic", "epoch": 37, "steps": 14, "mean_loss": 4.943425246647426, "seconds": 10.02664326300146, "official_fused": {"mAP": 50.31357898380415, "Rank-1": 67.85110235214233, "Rank-5": 80.54145574569702, "Rank-10": 85.617595911026}}
{"event": "epoch", "dataset": "MSVR310", "recipe": "semantic", "epoch": 38, "steps": 14, "mean_loss": 4.989092179707119, "seconds": 10.173937493003905, "official_fused": {"mAP": 50.542224911992264, "Rank-1": 67.85110235214233, "Rank-5": 80.54145574569702, "Rank-10": 85.44839024543762}}
{"event": "epoch", "dataset": "MSVR310", "recipe": "semantic", "epoch": 39, "steps": 14, "mean_loss": 4.968846797943115, "seconds": 10.173788404033985, "official_fused": {"mAP": 50.23500064648325, "Rank-1": 67.51269102096558, "Rank-5": 80.87986707687378, "Rank-10": 85.44839024543762}}
{"event": "epoch", "dataset": "MSVR310", "recipe": "semantic", "epoch": 40, "steps": 14, "mean_loss": 4.861526523317609, "seconds": 9.936968869005796, "official_fused": {"mAP": 50.30639781568536, "Rank-1": 67.85110235214233, "Rank-5": 80.87986707687378, "Rank-10": 85.617595911026}}
{"event": "epoch", "dataset": "MSVR310", "recipe": "semantic", "epoch": 41, "steps": 14, "mean_loss": 4.877543892179217, "seconds": 10.057126458035782, "official_fused": {"mAP": 50.324795327545736, "Rank-1": 67.85110235214233, "Rank-5": 80.87986707687378, "Rank-10": 85.617595911026}}
{"event": "epoch", "dataset": "MSVR310", "recipe": "semantic", "epoch": 42, "steps": 14, "mean_loss": 4.906984090805054, "seconds": 9.92445047700312, "official_fused": {"mAP": 50.33270789821147, "Rank-1": 67.85110235214233, "Rank-5": 80.87986707687378, "Rank-10": 85.617595911026}}
{"event": "epoch", "dataset": "MSVR310", "recipe": "semantic", "epoch": 43, "steps": 15, "mean_loss": 4.960650793711344, "seconds": 10.559742817014921, "official_fused": {"mAP": 50.35074432641342, "Rank-1": 67.85110235214233, "Rank-5": 80.87986707687378, "Rank-10": 85.617595911026}}
{"event": "epoch", "dataset": "MSVR310", "recipe": "semantic", "epoch": 44, "steps": 14, "mean_loss": 4.858754192079816, "seconds": 9.960919559991453, "official_fused": {"mAP": 50.38173284253483, "Rank-1": 67.68189668655396, "Rank-5": 80.87986707687378, "Rank-10": 85.617595911026}}
{"event": "epoch", "dataset": "MSVR310", "recipe": "semantic", "epoch": 45, "steps": 14, "mean_loss": 4.871432747159686, "seconds": 10.245223573991098, "official_fused": {"mAP": 50.409271998580216, "Rank-1": 67.68189668655396, "Rank-5": 80.87986707687378, "Rank-10": 85.617595911026}}
{"event": "epoch", "dataset": "MSVR310", "recipe": "semantic", "epoch": 46, "steps": 14, "mean_loss": 4.892470393862043, "seconds": 9.938994253054261, "official_fused": {"mAP": 50.43679600205133, "Rank-1": 67.68189668655396, "Rank-5": 81.04906678199768, "Rank-10": 85.78680157661438}}
{"event": "epoch", "dataset": "MSVR310", "recipe": "semantic", "epoch": 47, "steps": 14, "mean_loss": 4.861916644232614, "seconds": 10.151351251988672, "official_fused": {"mAP": 50.48057038575856, "Rank-1": 67.68189668655396, "Rank-5": 81.04906678199768, "Rank-10": 85.78680157661438}}
{"event": "epoch", "dataset": "MSVR310", "recipe": "semantic", "epoch": 48, "steps": 14, "mean_loss": 4.9621313980647495, "seconds": 10.004913393000606, "official_fused": {"mAP": 50.472156169661844, "Rank-1": 67.68189668655396, "Rank-5": 81.04906678199768, "Rank-10": 85.78680157661438}}
{"event": "epoch", "dataset": "MSVR310", "recipe": "semantic", "epoch": 49, "steps": 14, "mean_loss": 4.878138405936105, "seconds": 10.19655098801013, "official_fused": {"mAP": 50.470025004243844, "Rank-1": 67.68189668655396, "Rank-5": 81.38747811317444, "Rank-10": 85.617595911026}}
{"event": "epoch", "dataset": "MSVR310", "recipe": "semantic", "epoch": 50, "steps": 14, "mean_loss": 4.92267142023359, "seconds": 10.036662499012891, "official_fused": {"mAP": 50.481248685084346, "Rank-1": 67.68189668655396, "Rank-5": 81.38747811317444, "Rank-10": 85.617595911026}}
