/data/gaob/Re-ID/conda-envs/tri_reid/lib/python3.10/site-packages/timm/models/helpers.py:7: FutureWarning: Importing from timm.models.helpers is deprecated, please import via timm.models
  warnings.warn(f"Importing from {__name__} is deprecated, please import via timm.models", FutureWarning)
/data/gaob/Re-ID/conda-envs/tri_reid/lib/python3.10/site-packages/timm/models/registry.py:4: FutureWarning: Importing from timm.models.registry is deprecated, please import via timm.models
  warnings.warn(f"Importing from {__name__} is deprecated, please import via timm.models", FutureWarning)
/data/gaob/Re-ID/conda-envs/tri_reid/lib/python3.10/site-packages/timm/models/layers/__init__.py:48: FutureWarning: Importing from timm.models.layers is deprecated, please import via timm.layers
  warnings.warn(f"Importing from {__name__} is deprecated, please import via timm.layers", FutureWarning)
建立transformer............
using Transformer_type: ViT-B-16 as a backbone
Resized position embedding: %s to %s torch.Size([197, 768]) torch.Size([129, 768])
Position embedding resize to height:8 width: 16
Successfully load ckpt!
<All keys matched successfully>
Loading pretrained model from CLIP
camera number is : 8
===========Building Signal===========
{"event": "epoch", "dataset": "MSVR310", "epoch": 1, "steps": 20, "mean_loss": 5.198974704742431, "seconds": 15.154488689993741, "official_fused": {"mAP": 48.83812589471142, "Rank-1": 65.98984599113464, "Rank-5": 79.52622771263123, "Rank-10": 84.09475684165955}, "best_epoch": 1}
{"event": "epoch", "dataset": "MSVR310", "epoch": 2, "steps": 20, "mean_loss": 4.891902351379395, "seconds": 12.94562569700065, "official_fused": {"mAP": 48.845816351063355, "Rank-1": 66.83587431907654, "Rank-5": 78.84940505027771, "Rank-10": 84.77157354354858}, "best_epoch": 2}
{"event": "epoch", "dataset": "MSVR310", "epoch": 3, "steps": 20, "mean_loss": 4.404209113121032, "seconds": 13.266890794999199, "official_fused": {"mAP": 50.033515524363224, "Rank-1": 66.15905165672302, "Rank-5": 80.7106614112854, "Rank-10": 85.10998487472534}, "best_epoch": 3}
{"event": "epoch", "dataset": "MSVR310", "epoch": 4, "steps": 20, "mean_loss": 3.742704951763153, "seconds": 13.353665240996634, "official_fused": {"mAP": 48.56553939790672, "Rank-1": 64.63621258735657, "Rank-5": 78.51099967956543, "Rank-10": 83.75634551048279}, "best_epoch": 3}
{"event": "epoch", "dataset": "MSVR310", "epoch": 5, "steps": 20, "mean_loss": 2.9941636681556703, "seconds": 13.589327071997104, "official_fused": {"mAP": 47.713936734327625, "Rank-1": 64.12859559059143, "Rank-5": 78.0033826828003, "Rank-10": 84.43316221237183}, "best_epoch": 3}
{"event": "epoch", "dataset": "MSVR310", "epoch": 6, "steps": 20, "mean_loss": 2.2838253557682036, "seconds": 13.848300758007099, "official_fused": {"mAP": 50.58926220006098, "Rank-1": 67.51269102096558, "Rank-5": 81.21827244758606, "Rank-10": 87.30964660644531}, "best_epoch": 6}
{"event": "epoch", "dataset": "MSVR310", "epoch": 7, "steps": 20, "mean_loss": 1.757031399011612, "seconds": 13.636802891007392, "official_fused": {"mAP": 50.06503794495928, "Rank-1": 66.3282573223114, "Rank-5": 80.20304441452026, "Rank-10": 87.98646330833435}, "best_epoch": 6}
{"event": "epoch", "dataset": "MSVR310", "epoch": 8, "steps": 20, "mean_loss": 1.4320196151733398, "seconds": 13.945140811003512, "official_fused": {"mAP": 52.55339912121426, "Rank-1": 68.02030205726624, "Rank-5": 81.89509510993958, "Rank-10": 87.98646330833435}, "best_epoch": 8}
{"event": "epoch", "dataset": "MSVR310", "epoch": 9, "steps": 20, "mean_loss": 1.1883944928646089, "seconds": 13.777940978994593, "official_fused": {"mAP": 48.803132585743384, "Rank-1": 66.15905165672302, "Rank-5": 80.03383874893188, "Rank-10": 85.617595911026}, "best_epoch": 8}
{"event": "epoch", "dataset": "MSVR310", "epoch": 10, "steps": 20, "mean_loss": 1.108328825235367, "seconds": 14.216752173000714, "official_fused": {"mAP": 53.00273707933793, "Rank-1": 68.02030205726624, "Rank-5": 82.57191181182861, "Rank-10": 88.83248567581177}, "best_epoch": 10}
{"event": "epoch", "dataset": "MSVR310", "epoch": 11, "steps": 20, "mean_loss": 1.043458130955696, "seconds": 13.783392030003597, "official_fused": {"mAP": 51.35510650191494, "Rank-1": 66.15905165672302, "Rank-5": 81.89509510993958, "Rank-10": 87.14044094085693}, "best_epoch": 10}
{"event": "epoch", "dataset": "MSVR310", "epoch": 12, "steps": 20, "mean_loss": 1.0109623044729232, "seconds": 14.083895987991127, "official_fused": {"mAP": 51.095407860018085, "Rank-1": 67.68189668655396, "Rank-5": 80.37225008010864, "Rank-10": 86.80202960968018}, "best_epoch": 10}
{"event": "epoch", "dataset": "MSVR310", "epoch": 13, "steps": 20, "mean_loss": 0.993621027469635, "seconds": 14.330467559004319, "official_fused": {"mAP": 50.31977909874964, "Rank-1": 66.49746298789978, "Rank-5": 81.21827244758606, "Rank-10": 86.97123527526855}, "best_epoch": 10}
{"event": "epoch", "dataset": "MSVR310", "epoch": 14, "steps": 20, "mean_loss": 0.9774003356695176, "seconds": 13.586914949002676, "official_fused": {"mAP": 48.417358594050455, "Rank-1": 63.282573223114014, "Rank-5": 78.68020534515381, "Rank-10": 86.12521290779114}, "best_epoch": 10}
{"event": "epoch", "dataset": "MSVR310", "epoch": 15, "steps": 20, "mean_loss": 0.9783084630966187, "seconds": 13.775098404003074, "official_fused": {"mAP": 48.616894759394235, "Rank-1": 64.29780125617981, "Rank-5": 80.37225008010864, "Rank-10": 85.27919054031372}, "best_epoch": 10}
{"event": "epoch", "dataset": "MSVR310", "epoch": 16, "steps": 20, "mean_loss": 0.9459441244602204, "seconds": 14.135228510989691, "official_fused": {"mAP": 49.349919076566444, "Rank-1": 65.3130292892456, "Rank-5": 80.87986707687378, "Rank-10": 87.30964660644531}, "best_epoch": 10}
{"event": "epoch", "dataset": "MSVR310", "epoch": 17, "steps": 20, "mean_loss": 0.9416823804378509, "seconds": 14.598203792003915, "official_fused": {"mAP": 48.12562401266981, "Rank-1": 64.80541229248047, "Rank-5": 78.84940505027771, "Rank-10": 84.43316221237183}, "best_epoch": 10}
{"event": "epoch", "dataset": "MSVR310", "epoch": 18, "steps": 20, "mean_loss": 0.9344233840703964, "seconds": 13.936344071000349, "official_fused": {"mAP": 49.866455824318216, "Rank-1": 65.65144062042236, "Rank-5": 80.87986707687378, "Rank-10": 86.46361827850342}, "best_epoch": 10}
{"event": "epoch", "dataset": "MSVR310", "epoch": 19, "steps": 20, "mean_loss": 0.939741975069046, "seconds": 13.842300260992488, "official_fused": {"mAP": 49.037471691145825, "Rank-1": 64.29780125617981, "Rank-5": 80.7106614112854, "Rank-10": 85.27919054031372}, "best_epoch": 10}
{"event": "epoch", "dataset": "MSVR310", "epoch": 20, "steps": 20, "mean_loss": 0.9300185173749924, "seconds": 13.896653869000147, "official_fused": {"mAP": 47.28751116481161, "Rank-1": 62.4365508556366, "Rank-5": 79.52622771263123, "Rank-10": 84.94077920913696}, "best_epoch": 10}
{"event": "epoch", "dataset": "MSVR310", "epoch": 21, "steps": 20, "mean_loss": 0.9184731304645538, "seconds": 13.795341794000706, "official_fused": {"mAP": 47.301600377324036, "Rank-1": 63.79018425941467, "Rank-5": 78.0033826828003, "Rank-10": 84.6023678779602}, "best_epoch": 10}
{"event": "epoch", "dataset": "MSVR310", "epoch": 22, "steps": 20, "mean_loss": 0.919656851887703, "seconds": 14.221433619997697, "official_fused": {"mAP": 48.72844075432304, "Rank-1": 65.98984599113464, "Rank-5": 79.6954333782196, "Rank-10": 85.44839024543762}, "best_epoch": 10}
{"event": "epoch", "dataset": "MSVR310", "epoch": 23, "steps": 20, "mean_loss": 0.9160440593957901, "seconds": 13.650214228007826, "official_fused": {"mAP": 50.056068004187324, "Rank-1": 67.51269102096558, "Rank-5": 81.38747811317444, "Rank-10": 86.6328239440918}, "best_epoch": 10}
{"event": "epoch", "dataset": "MSVR310", "epoch": 24, "steps": 20, "mean_loss": 0.9123859703540802, "seconds": 13.990813080992666, "official_fused": {"mAP": 49.78104108772739, "Rank-1": 67.85110235214233, "Rank-5": 81.7258894443512, "Rank-10": 87.64805197715759}, "best_epoch": 10}
{"event": "epoch", "dataset": "MSVR310", "epoch": 25, "steps": 20, "mean_loss": 0.9145868510007858, "seconds": 13.7677050170023, "official_fused": {"mAP": 49.64882100456522, "Rank-1": 67.51269102096558, "Rank-5": 81.21827244758606, "Rank-10": 87.47885227203369}, "best_epoch": 10}
{"event": "epoch", "dataset": "MSVR310", "epoch": 26, "steps": 20, "mean_loss": 0.9043501764535904, "seconds": 14.425896430999273, "official_fused": {"mAP": 47.08864103079582, "Rank-1": 64.63621258735657, "Rank-5": 79.18781638145447, "Rank-10": 85.10998487472534}, "best_epoch": 10}
{"event": "epoch", "dataset": "MSVR310", "epoch": 27, "steps": 20, "mean_loss": 0.8999348402023315, "seconds": 14.020537755000987, "official_fused": {"mAP": 47.099361792912184, "Rank-1": 63.95938992500305, "Rank-5": 78.51099967956543, "Rank-10": 83.24872851371765}, "best_epoch": 10}
{"event": "epoch", "dataset": "MSVR310", "epoch": 28, "steps": 20, "mean_loss": 0.897802296280861, "seconds": 13.870139673992526, "official_fused": {"mAP": 48.94225009469961, "Rank-1": 66.49746298789978, "Rank-5": 80.54145574569702, "Rank-10": 85.95600724220276}, "best_epoch": 10}
{"event": "epoch", "dataset": "MSVR310", "epoch": 29, "steps": 20, "mean_loss": 0.8977230459451675, "seconds": 13.976227491002646, "official_fused": {"mAP": 48.221800257822714, "Rank-1": 65.82064032554626, "Rank-5": 80.03383874893188, "Rank-10": 85.617595911026}, "best_epoch": 10}
{"event": "epoch", "dataset": "MSVR310", "epoch": 30, "steps": 20, "mean_loss": 0.8955336898565293, "seconds": 13.881874102997244, "official_fused": {"mAP": 48.902233153165106, "Rank-1": 65.48223495483398, "Rank-5": 80.20304441452026, "Rank-10": 85.27919054031372}, "best_epoch": 10}
{"event": "epoch", "dataset": "MSVR310", "epoch": 31, "steps": 20, "mean_loss": 0.8958009213209153, "seconds": 14.111019057003432, "official_fused": {"mAP": 48.85742315548689, "Rank-1": 64.63621258735657, "Rank-5": 81.89509510993958, "Rank-10": 86.6328239440918}, "best_epoch": 10}
{"event": "epoch", "dataset": "MSVR310", "epoch": 32, "steps": 20, "mean_loss": 0.8909880518913269, "seconds": 13.903194566999446, "official_fused": {"mAP": 47.75740047674417, "Rank-1": 63.282573223114014, "Rank-5": 79.01861071586609, "Rank-10": 85.617595911026}, "best_epoch": 10}
{"event": "epoch", "dataset": "MSVR310", "epoch": 33, "steps": 20, "mean_loss": 0.8894798368215561, "seconds": 13.958002476996626, "official_fused": {"mAP": 48.6562593458434, "Rank-1": 64.80541229248047, "Rank-5": 82.23350048065186, "Rank-10": 87.30964660644531}, "best_epoch": 10}
{"event": "epoch", "dataset": "MSVR310", "epoch": 34, "steps": 20, "mean_loss": 0.8888386845588684, "seconds": 13.908825760998297, "official_fused": {"mAP": 48.184020092418734, "Rank-1": 64.97461795806885, "Rank-5": 80.03383874893188, "Rank-10": 86.12521290779114}, "best_epoch": 10}
{"event": "epoch", "dataset": "MSVR310", "epoch": 35, "steps": 20, "mean_loss": 0.8874451279640198, "seconds": 13.577580919998582, "official_fused": {"mAP": 47.68147553565757, "Rank-1": 64.12859559059143, "Rank-5": 78.34179401397705, "Rank-10": 84.09475684165955}, "best_epoch": 10}
{"event": "epoch", "dataset": "MSVR310", "epoch": 36, "steps": 20, "mean_loss": 0.8852410018444061, "seconds": 14.11158003199671, "official_fused": {"mAP": 47.67169958864158, "Rank-1": 64.29780125617981, "Rank-5": 79.01861071586609, "Rank-10": 85.95600724220276}, "best_epoch": 10}
{"event": "epoch", "dataset": "MSVR310", "epoch": 37, "steps": 20, "mean_loss": 0.8837069243192672, "seconds": 14.193326887005242, "official_fused": {"mAP": 48.394913785640334, "Rank-1": 65.65144062042236, "Rank-5": 79.18781638145447, "Rank-10": 85.617595911026}, "best_epoch": 10}
{"event": "epoch", "dataset": "MSVR310", "epoch": 38, "steps": 20, "mean_loss": 0.8856436967849731, "seconds": 14.064485730006709, "official_fused": {"mAP": 47.52661538615596, "Rank-1": 65.14382362365723, "Rank-5": 79.6954333782196, "Rank-10": 84.94077920913696}, "best_epoch": 10}
{"event": "epoch", "dataset": "MSVR310", "epoch": 39, "steps": 20, "mean_loss": 0.885030734539032, "seconds": 13.996027558998321, "official_fused": {"mAP": 47.93787221612818, "Rank-1": 64.80541229248047, "Rank-5": 79.86463904380798, "Rank-10": 85.10998487472534}, "best_epoch": 10}
{"event": "epoch", "dataset": "MSVR310", "epoch": 40, "steps": 20, "mean_loss": 0.8832367926836013, "seconds": 13.750259941996774, "official_fused": {"mAP": 48.265757010961224, "Rank-1": 65.65144062042236, "Rank-5": 80.20304441452026, "Rank-10": 85.95600724220276}, "best_epoch": 10}
{"event": "epoch", "dataset": "MSVR310", "epoch": 41, "steps": 20, "mean_loss": 0.8812372744083404, "seconds": 13.936197468996397, "official_fused": {"mAP": 47.9744902215496, "Rank-1": 65.3130292892456, "Rank-5": 80.20304441452026, "Rank-10": 85.44839024543762}, "best_epoch": 10}
{"event": "epoch", "dataset": "MSVR310", "epoch": 42, "steps": 20, "mean_loss": 0.8799080371856689, "seconds": 14.142406176004442, "official_fused": {"mAP": 47.76247437047329, "Rank-1": 64.46700692176819, "Rank-5": 79.86463904380798, "Rank-10": 84.77157354354858}, "best_epoch": 10}
{"event": "epoch", "dataset": "MSVR310", "epoch": 43, "steps": 20, "mean_loss": 0.877721294760704, "seconds": 13.588459922000766, "official_fused": {"mAP": 47.571430393529965, "Rank-1": 64.80541229248047, "Rank-5": 79.86463904380798, "Rank-10": 84.26395654678345}, "best_epoch": 10}
{"event": "epoch", "dataset": "MSVR310", "epoch": 44, "steps": 20, "mean_loss": 0.8774470746517181, "seconds": 14.078859843997634, "official_fused": {"mAP": 47.12184728605963, "Rank-1": 63.95938992500305, "Rank-5": 79.35702204704285, "Rank-10": 84.43316221237183}, "best_epoch": 10}
{"event": "epoch", "dataset": "MSVR310", "epoch": 45, "steps": 20, "mean_loss": 0.8808919101953506, "seconds": 13.822543344998849, "official_fused": {"mAP": 47.07659404184083, "Rank-1": 64.12859559059143, "Rank-5": 79.01861071586609, "Rank-10": 84.43316221237183}, "best_epoch": 10}
{"event": "epoch", "dataset": "MSVR310", "epoch": 46, "steps": 20, "mean_loss": 0.8801762223243713, "seconds": 13.66935372100852, "official_fused": {"mAP": 46.93386101734047, "Rank-1": 63.79018425941467, "Rank-5": 79.18781638145447, "Rank-10": 84.26395654678345}, "best_epoch": 10}
{"event": "epoch", "dataset": "MSVR310", "epoch": 47, "steps": 20, "mean_loss": 0.8830727577209473, "seconds": 13.982865911006229, "official_fused": {"mAP": 47.02826661322324, "Rank-1": 63.95938992500305, "Rank-5": 79.01861071586609, "Rank-10": 84.26395654678345}, "best_epoch": 10}
{"event": "epoch", "dataset": "MSVR310", "epoch": 48, "steps": 20, "mean_loss": 0.877158984541893, "seconds": 13.953511355997762, "official_fused": {"mAP": 47.042597413259415, "Rank-1": 63.95938992500305, "Rank-5": 79.01861071586609, "Rank-10": 84.6023678779602}, "best_epoch": 10}
{"event": "epoch", "dataset": "MSVR310", "epoch": 49, "steps": 20, "mean_loss": 0.8800235271453858, "seconds": 13.961605478994898, "official_fused": {"mAP": 47.042618463881105, "Rank-1": 63.79018425941467, "Rank-5": 79.01861071586609, "Rank-10": 84.6023678779602}, "best_epoch": 10}
{"event": "epoch", "dataset": "MSVR310", "epoch": 50, "steps": 20, "mean_loss": 0.8784161150455475, "seconds": 13.930905076005729, "official_fused": {"mAP": 47.06853795467432, "Rank-1": 63.95938992500305, "Rank-5": 79.01861071586609, "Rank-10": 84.6023678779602}, "best_epoch": 10}
