/data/gaob/Re-ID/conda-envs/tri_reid/lib/python3.10/site-packages/timm/models/helpers.py:7: FutureWarning: Importing from timm.models.helpers is deprecated, please import via timm.models
  warnings.warn(f"Importing from {__name__} is deprecated, please import via timm.models", FutureWarning)
/data/gaob/Re-ID/conda-envs/tri_reid/lib/python3.10/site-packages/timm/models/registry.py:4: FutureWarning: Importing from timm.models.registry is deprecated, please import via timm.models
  warnings.warn(f"Importing from {__name__} is deprecated, please import via timm.models", FutureWarning)
/data/gaob/Re-ID/conda-envs/tri_reid/lib/python3.10/site-packages/timm/models/layers/__init__.py:48: FutureWarning: Importing from timm.models.layers is deprecated, please import via timm.layers
  warnings.warn(f"Importing from {__name__} is deprecated, please import via timm.layers", FutureWarning)
建立transformer............
using Transformer_type: ViT-B-16 as a backbone
Resized position embedding: %s to %s torch.Size([197, 768]) torch.Size([129, 768])
Position embedding resize to height:16 width: 8
Successfully load ckpt!
<All keys matched successfully>
Loading pretrained model from CLIP
camera number is : 4
===========Building Signal===========
{"event": "epoch", "dataset": "RGBNT201", "epoch": 1, "steps": 53, "mean_loss": 5.420154913416448, "seconds": 27.58681640199211, "official_fused": {"mAP": 7.10749030760708, "Rank-1": 5.263157933950424, "Rank-5": 10.645932704210281, "Rank-10": 16.626794636249542}, "best_epoch": 1}
{"event": "epoch", "dataset": "RGBNT201", "epoch": 2, "steps": 53, "mean_loss": 4.751927888618325, "seconds": 26.29879544999858, "official_fused": {"mAP": 24.162500549229822, "Rank-1": 20.215311646461487, "Rank-5": 32.65550136566162, "Rank-10": 40.071770548820496}, "best_epoch": 2}
{"event": "epoch", "dataset": "RGBNT201", "epoch": 3, "steps": 53, "mean_loss": 3.451716620967073, "seconds": 26.49686057100189, "official_fused": {"mAP": 39.64012737133119, "Rank-1": 34.928229451179504, "Rank-5": 49.88038241863251, "Rank-10": 58.9712917804718}, "best_epoch": 3}
{"event": "epoch", "dataset": "RGBNT201", "epoch": 4, "steps": 53, "mean_loss": 2.1903428221648595, "seconds": 26.530083183999523, "official_fused": {"mAP": 56.56608083712326, "Rank-1": 55.38277626037598, "Rank-5": 66.98564887046814, "Rank-10": 76.0765552520752}, "best_epoch": 4}
{"event": "epoch", "dataset": "RGBNT201", "epoch": 5, "steps": 53, "mean_loss": 1.4060911367524345, "seconds": 26.58213954299572, "official_fused": {"mAP": 54.93668420821973, "Rank-1": 55.741626024246216, "Rank-5": 66.74641370773315, "Rank-10": 74.40191507339478}, "best_epoch": 4}
{"event": "epoch", "dataset": "RGBNT201", "epoch": 6, "steps": 53, "mean_loss": 1.0924994225771922, "seconds": 27.029832441010512, "official_fused": {"mAP": 59.87041381589554, "Rank-1": 61.00478172302246, "Rank-5": 71.29186391830444, "Rank-10": 78.11004519462585}, "best_epoch": 6}
{"event": "epoch", "dataset": "RGBNT201", "epoch": 7, "steps": 53, "mean_loss": 0.9939315251584323, "seconds": 26.707887136988575, "official_fused": {"mAP": 63.30855271074741, "Rank-1": 63.15789222717285, "Rank-5": 75.83732008934021, "Rank-10": 81.93780183792114}, "best_epoch": 7}
{"event": "epoch", "dataset": "RGBNT201", "epoch": 8, "steps": 53, "mean_loss": 0.9638887418890899, "seconds": 26.609011319000274, "official_fused": {"mAP": 66.28629735745793, "Rank-1": 66.86602830886841, "Rank-5": 75.59808492660522, "Rank-10": 82.0574164390564}, "best_epoch": 8}
{"event": "epoch", "dataset": "RGBNT201", "epoch": 9, "steps": 53, "mean_loss": 0.9426035397457626, "seconds": 26.626018849987304, "official_fused": {"mAP": 64.69954827252315, "Rank-1": 67.46411323547363, "Rank-5": 76.43540501594543, "Rank-10": 81.69856667518616}, "best_epoch": 8}
{"event": "epoch", "dataset": "RGBNT201", "epoch": 10, "steps": 53, "mean_loss": 0.9423341638637039, "seconds": 26.73281173099531, "official_fused": {"mAP": 65.55048725978224, "Rank-1": 66.74641370773315, "Rank-5": 77.39234566688538, "Rank-10": 83.01435112953186}, "best_epoch": 8}
{"event": "epoch", "dataset": "RGBNT201", "epoch": 11, "steps": 53, "mean_loss": 0.9274524877656181, "seconds": 26.784172450003098, "official_fused": {"mAP": 67.06139804587137, "Rank-1": 67.9425835609436, "Rank-5": 76.19616985321045, "Rank-10": 82.65550136566162}, "best_epoch": 11}
{"event": "epoch", "dataset": "RGBNT201", "epoch": 12, "steps": 53, "mean_loss": 0.916763369767171, "seconds": 26.603944699993008, "official_fused": {"mAP": 60.631830098714865, "Rank-1": 63.27751278877258, "Rank-5": 72.0095694065094, "Rank-10": 78.94737124443054}, "best_epoch": 11}
{"event": "epoch", "dataset": "RGBNT201", "epoch": 13, "steps": 53, "mean_loss": 0.9118488655900056, "seconds": 26.644742757998756, "official_fused": {"mAP": 68.11166857760156, "Rank-1": 69.73684430122375, "Rank-5": 79.0669858455658, "Rank-10": 84.56937670707703}, "best_epoch": 13}
{"event": "epoch", "dataset": "RGBNT201", "epoch": 14, "steps": 53, "mean_loss": 0.9053911521749677, "seconds": 26.480747866997262, "official_fused": {"mAP": 64.74853565595973, "Rank-1": 64.83253836631775, "Rank-5": 76.0765552520752, "Rank-10": 82.53588676452637}, "best_epoch": 13}
{"event": "epoch", "dataset": "RGBNT201", "epoch": 15, "steps": 53, "mean_loss": 0.9004650014751362, "seconds": 27.037727578994236, "official_fused": {"mAP": 66.8793066998244, "Rank-1": 67.1052634716034, "Rank-5": 77.03348994255066, "Rank-10": 84.92823243141174}, "best_epoch": 13}
{"event": "epoch", "dataset": "RGBNT201", "epoch": 16, "steps": 53, "mean_loss": 0.8951451778411865, "seconds": 26.95342226199864, "official_fused": {"mAP": 65.5240338116798, "Rank-1": 67.22487807273865, "Rank-5": 77.03348994255066, "Rank-10": 83.49282145500183}, "best_epoch": 13}
{"event": "epoch", "dataset": "RGBNT201", "epoch": 17, "steps": 53, "mean_loss": 0.8885782979569345, "seconds": 26.620790436005336, "official_fused": {"mAP": 67.34865775729527, "Rank-1": 66.74641370773315, "Rank-5": 77.03348994255066, "Rank-10": 83.49282145500183}, "best_epoch": 13}
{"event": "epoch", "dataset": "RGBNT201", "epoch": 18, "steps": 53, "mean_loss": 0.8856003014546521, "seconds": 26.999516344003496, "official_fused": {"mAP": 63.641362904528705, "Rank-1": 64.1148328781128, "Rank-5": 74.64115023612976, "Rank-10": 81.22009634971619}, "best_epoch": 13}
{"event": "epoch", "dataset": "RGBNT201", "epoch": 19, "steps": 53, "mean_loss": 0.8855641495506719, "seconds": 26.880221105995588, "official_fused": {"mAP": 66.00763565134807, "Rank-1": 66.74641370773315, "Rank-5": 77.15311050415039, "Rank-10": 84.33014154434204}, "best_epoch": 13}
{"event": "epoch", "dataset": "RGBNT201", "epoch": 20, "steps": 53, "mean_loss": 0.8826069224555537, "seconds": 26.99554378099856, "official_fused": {"mAP": 63.11494133560092, "Rank-1": 64.71291780471802, "Rank-5": 75.71770548820496, "Rank-10": 82.17703104019165}, "best_epoch": 13}
{"event": "epoch", "dataset": "RGBNT201", "epoch": 21, "steps": 53, "mean_loss": 0.8801861619049648, "seconds": 26.645409757999005, "official_fused": {"mAP": 61.69936843734804, "Rank-1": 62.44019269943237, "Rank-5": 73.80383014678955, "Rank-10": 79.78469133377075}, "best_epoch": 13}
{"event": "epoch", "dataset": "RGBNT201", "epoch": 22, "steps": 53, "mean_loss": 0.8765857006019017, "seconds": 26.59427136501472, "official_fused": {"mAP": 62.973880968528626, "Rank-1": 63.87559771537781, "Rank-5": 73.9234447479248, "Rank-10": 81.69856667518616}, "best_epoch": 13}
{"event": "epoch", "dataset": "RGBNT201", "epoch": 23, "steps": 53, "mean_loss": 0.8738175675554095, "seconds": 26.759507322014542, "official_fused": {"mAP": 66.35789073179843, "Rank-1": 67.58373379707336, "Rank-5": 75.83732008934021, "Rank-10": 83.37320685386658}, "best_epoch": 13}
{"event": "epoch", "dataset": "RGBNT201", "epoch": 24, "steps": 53, "mean_loss": 0.8748893614085216, "seconds": 27.0786358609912, "official_fused": {"mAP": 61.64524434568928, "Rank-1": 62.20095753669739, "Rank-5": 73.44497442245483, "Rank-10": 81.33971095085144}, "best_epoch": 13}
{"event": "epoch", "dataset": "RGBNT201", "epoch": 25, "steps": 53, "mean_loss": 0.8730293782252185, "seconds": 26.76834099201369, "official_fused": {"mAP": 64.34848009080419, "Rank-1": 63.15789222717285, "Rank-5": 74.16267991065979, "Rank-10": 81.45933151245117}, "best_epoch": 13}
{"event": "epoch", "dataset": "RGBNT201", "epoch": 26, "steps": 53, "mean_loss": 0.8697439184728658, "seconds": 27.067295356973773, "official_fused": {"mAP": 62.883993335804966, "Rank-1": 63.51674795150757, "Rank-5": 74.16267991065979, "Rank-10": 81.69856667518616}, "best_epoch": 13}
{"event": "epoch", "dataset": "RGBNT201", "epoch": 27, "steps": 53, "mean_loss": 0.8681855685306046, "seconds": 26.636299686011625, "official_fused": {"mAP": 61.355153228603996, "Rank-1": 60.64593195915222, "Rank-5": 72.0095694065094, "Rank-10": 78.11004519462585}, "best_epoch": 13}
{"event": "epoch", "dataset": "RGBNT201", "epoch": 28, "steps": 53, "mean_loss": 0.8660622610236114, "seconds": 27.13147036198643, "official_fused": {"mAP": 65.63184436469582, "Rank-1": 66.26794338226318, "Rank-5": 76.19616985321045, "Rank-10": 81.33971095085144}, "best_epoch": 13}
{"event": "epoch", "dataset": "RGBNT201", "epoch": 29, "steps": 53, "mean_loss": 0.8643744756590646, "seconds": 26.735841971996706, "official_fused": {"mAP": 64.84068407592707, "Rank-1": 64.71291780471802, "Rank-5": 74.40191507339478, "Rank-10": 80.38277626037598}, "best_epoch": 13}
{"event": "epoch", "dataset": "RGBNT201", "epoch": 30, "steps": 53, "mean_loss": 0.8633067630371958, "seconds": 26.966176429006737, "official_fused": {"mAP": 64.88017452232991, "Rank-1": 64.71291780471802, "Rank-5": 76.31579041481018, "Rank-10": 82.17703104019165}, "best_epoch": 13}
{"event": "epoch", "dataset": "RGBNT201", "epoch": 31, "steps": 53, "mean_loss": 0.8627937211180633, "seconds": 26.91437213899917, "official_fused": {"mAP": 65.02608071288006, "Rank-1": 65.43062329292297, "Rank-5": 74.40191507339478, "Rank-10": 80.50239086151123}, "best_epoch": 13}
{"event": "epoch", "dataset": "RGBNT201", "epoch": 32, "steps": 53, "mean_loss": 0.8617429879476439, "seconds": 26.894885449990397, "official_fused": {"mAP": 65.20349414525381, "Rank-1": 66.26794338226318, "Rank-5": 74.88038539886475, "Rank-10": 79.78469133377075}, "best_epoch": 13}
{"event": "epoch", "dataset": "RGBNT201", "epoch": 33, "steps": 53, "mean_loss": 0.8605851992121283, "seconds": 26.557852199010085, "official_fused": {"mAP": 64.6468296712801, "Rank-1": 66.62679314613342, "Rank-5": 74.88038539886475, "Rank-10": 81.81818127632141}, "best_epoch": 13}
{"event": "epoch", "dataset": "RGBNT201", "epoch": 34, "steps": 53, "mean_loss": 0.8592375640599232, "seconds": 26.52905411401298, "official_fused": {"mAP": 63.693103221273226, "Rank-1": 64.1148328781128, "Rank-5": 74.28229451179504, "Rank-10": 80.38277626037598}, "best_epoch": 13}
{"event": "epoch", "dataset": "RGBNT201", "epoch": 35, "steps": 53, "mean_loss": 0.8576853354022188, "seconds": 26.761328171996865, "official_fused": {"mAP": 63.468939550434676, "Rank-1": 64.59330320358276, "Rank-5": 73.9234447479248, "Rank-10": 79.904305934906}, "best_epoch": 13}
{"event": "epoch", "dataset": "RGBNT201", "epoch": 36, "steps": 53, "mean_loss": 0.8577196080729647, "seconds": 26.616183300997363, "official_fused": {"mAP": 64.17554550827717, "Rank-1": 66.86602830886841, "Rank-5": 75.35884976387024, "Rank-10": 81.10047578811646}, "best_epoch": 13}
{"event": "epoch", "dataset": "RGBNT201", "epoch": 37, "steps": 53, "mean_loss": 0.857975498685297, "seconds": 26.746670770982746, "official_fused": {"mAP": 63.48503050794017, "Rank-1": 64.83253836631775, "Rank-5": 74.52152967453003, "Rank-10": 80.26315569877625}, "best_epoch": 13}
{"event": "epoch", "dataset": "RGBNT201", "epoch": 38, "steps": 53, "mean_loss": 0.8566831451541973, "seconds": 26.67276769899763, "official_fused": {"mAP": 63.15957682522038, "Rank-1": 64.47368264198303, "Rank-5": 74.52152967453003, "Rank-10": 80.14354109764099}, "best_epoch": 13}
{"event": "epoch", "dataset": "RGBNT201", "epoch": 39, "steps": 53, "mean_loss": 0.8558876177050033, "seconds": 26.692175436008256, "official_fused": {"mAP": 63.91485540080421, "Rank-1": 65.31100273132324, "Rank-5": 74.64115023612976, "Rank-10": 80.14354109764099}, "best_epoch": 13}
{"event": "epoch", "dataset": "RGBNT201", "epoch": 40, "steps": 53, "mean_loss": 0.8552676664208466, "seconds": 26.369414854008937, "official_fused": {"mAP": 63.36590646395952, "Rank-1": 64.35406804084778, "Rank-5": 74.64115023612976, "Rank-10": 80.50239086151123}, "best_epoch": 13}
{"event": "epoch", "dataset": "RGBNT201", "epoch": 41, "steps": 53, "mean_loss": 0.855291412686402, "seconds": 26.65062654099893, "official_fused": {"mAP": 63.62045589698948, "Rank-1": 64.47368264198303, "Rank-5": 75.23923516273499, "Rank-10": 80.14354109764099}, "best_epoch": 13}
{"event": "epoch", "dataset": "RGBNT201", "epoch": 42, "steps": 53, "mean_loss": 0.8546929134512847, "seconds": 26.50601309002377, "official_fused": {"mAP": 63.75831250243631, "Rank-1": 65.43062329292297, "Rank-5": 75.47847032546997, "Rank-10": 80.86124658584595}, "best_epoch": 13}
{"event": "epoch", "dataset": "RGBNT201", "epoch": 43, "steps": 53, "mean_loss": 0.8545912425473051, "seconds": 26.550656854000408, "official_fused": {"mAP": 63.941909117369875, "Rank-1": 65.43062329292297, "Rank-5": 75.23923516273499, "Rank-10": 80.50239086151123}, "best_epoch": 13}
{"event": "epoch", "dataset": "RGBNT201", "epoch": 44, "steps": 53, "mean_loss": 0.8544903926129611, "seconds": 26.708100705000106, "official_fused": {"mAP": 64.18798841606484, "Rank-1": 65.55023789405823, "Rank-5": 75.59808492660522, "Rank-10": 81.57894611358643}, "best_epoch": 13}
{"event": "epoch", "dataset": "RGBNT201", "epoch": 45, "steps": 53, "mean_loss": 0.8551897496547339, "seconds": 26.96016843401594, "official_fused": {"mAP": 63.7634351420594, "Rank-1": 65.07176756858826, "Rank-5": 75.11961460113525, "Rank-10": 81.33971095085144}, "best_epoch": 13}
{"event": "epoch", "dataset": "RGBNT201", "epoch": 46, "steps": 52, "mean_loss": 0.8543267261523467, "seconds": 26.111755221994827, "official_fused": {"mAP": 63.62775062353517, "Rank-1": 64.83253836631775, "Rank-5": 75.0, "Rank-10": 80.9808611869812}, "best_epoch": 13}
{"event": "epoch", "dataset": "RGBNT201", "epoch": 47, "steps": 53, "mean_loss": 0.8539870651263111, "seconds": 26.76982611499261, "official_fused": {"mAP": 63.71440867103663, "Rank-1": 64.71291780471802, "Rank-5": 75.11961460113525, "Rank-10": 81.22009634971619}, "best_epoch": 13}
{"event": "epoch", "dataset": "RGBNT201", "epoch": 48, "steps": 53, "mean_loss": 0.8540242100661656, "seconds": 26.883405006024987, "official_fused": {"mAP": 63.743453562946364, "Rank-1": 64.83253836631775, "Rank-5": 75.11961460113525, "Rank-10": 81.22009634971619}, "best_epoch": 13}
{"event": "epoch", "dataset": "RGBNT201", "epoch": 49, "steps": 53, "mean_loss": 0.8538924196981034, "seconds": 26.95238528700429, "official_fused": {"mAP": 63.682090347362184, "Rank-1": 64.71291780471802, "Rank-5": 75.11961460113525, "Rank-10": 81.33971095085144}, "best_epoch": 13}
{"event": "epoch", "dataset": "RGBNT201", "epoch": 50, "steps": 53, "mean_loss": 0.8542958554231895, "seconds": 27.19958643100108, "official_fused": {"mAP": 63.66191459028742, "Rank-1": 64.71291780471802, "Rank-5": 75.11961460113525, "Rank-10": 81.33971095085144}, "best_epoch": 13}
