/data/gaob/Re-ID/conda-envs/tri_reid/lib/python3.10/site-packages/timm/models/helpers.py:7: FutureWarning: Importing from timm.models.helpers is deprecated, please import via timm.models
  warnings.warn(f"Importing from {__name__} is deprecated, please import via timm.models", FutureWarning)
/data/gaob/Re-ID/conda-envs/tri_reid/lib/python3.10/site-packages/timm/models/registry.py:4: FutureWarning: Importing from timm.models.registry is deprecated, please import via timm.models
  warnings.warn(f"Importing from {__name__} is deprecated, please import via timm.models", FutureWarning)
/data/gaob/Re-ID/conda-envs/tri_reid/lib/python3.10/site-packages/timm/models/layers/__init__.py:48: FutureWarning: Importing from timm.models.layers is deprecated, please import via timm.layers
  warnings.warn(f"Importing from {__name__} is deprecated, please import via timm.layers", FutureWarning)
建立transformer............
using Transformer_type: ViT-B-16 as a backbone
Resized position embedding: %s to %s torch.Size([197, 768]) torch.Size([129, 768])
Position embedding resize to height:16 width: 8
Successfully load ckpt!
<All keys matched successfully>
Loading pretrained model from CLIP
camera number is : 4
===========Building Signal===========
{"event": "epoch", "dataset": "RGBNT201", "epoch": 1, "steps": 53, "mean_loss": 5.002571510818769, "seconds": 22.852412002001074, "official_fused": {"mAP": 72.08803858612647, "Rank-1": 73.44497442245483, "Rank-5": 82.8947365283966, "Rank-10": 87.91866302490234}, "best_epoch": 1}
{"event": "epoch", "dataset": "RGBNT201", "epoch": 2, "steps": 53, "mean_loss": 4.1653795917079135, "seconds": 21.785375975989155, "official_fused": {"mAP": 72.52467984275155, "Rank-1": 73.9234447479248, "Rank-5": 82.77512192726135, "Rank-10": 87.91866302490234}, "best_epoch": 2}
{"event": "epoch", "dataset": "RGBNT201", "epoch": 3, "steps": 53, "mean_loss": 2.8209637111088015, "seconds": 21.9190725239896, "official_fused": {"mAP": 70.97608909068121, "Rank-1": 71.65071964263916, "Rank-5": 80.38277626037598, "Rank-10": 85.8851671218872}, "best_epoch": 2}
{"event": "epoch", "dataset": "RGBNT201", "epoch": 4, "steps": 53, "mean_loss": 1.624056359507003, "seconds": 22.454943260992877, "official_fused": {"mAP": 71.00791503003371, "Rank-1": 71.05262875556946, "Rank-5": 80.14354109764099, "Rank-10": 85.52631735801697}, "best_epoch": 2}
{"event": "epoch", "dataset": "RGBNT201", "epoch": 5, "steps": 53, "mean_loss": 1.0886467481559177, "seconds": 21.71869009299553, "official_fused": {"mAP": 69.52712518734828, "Rank-1": 69.97607946395874, "Rank-5": 79.18660044670105, "Rank-10": 84.09090638160706}, "best_epoch": 2}
{"event": "epoch", "dataset": "RGBNT201", "epoch": 6, "steps": 53, "mean_loss": 0.948334312663888, "seconds": 22.22577175400511, "official_fused": {"mAP": 69.28930213667523, "Rank-1": 68.66028904914856, "Rank-5": 78.82775068283081, "Rank-10": 83.49282145500183}, "best_epoch": 2}
{"event": "epoch", "dataset": "RGBNT201", "epoch": 7, "steps": 53, "mean_loss": 0.9180443837957563, "seconds": 21.883926278009312, "official_fused": {"mAP": 67.66311157550155, "Rank-1": 66.98564887046814, "Rank-5": 76.19616985321045, "Rank-10": 82.29665160179138}, "best_epoch": 2}
{"event": "epoch", "dataset": "RGBNT201", "epoch": 8, "steps": 53, "mean_loss": 0.9081989020671485, "seconds": 22.12345354699937, "official_fused": {"mAP": 69.04960145015457, "Rank-1": 68.54066848754883, "Rank-5": 77.51196026802063, "Rank-10": 84.09090638160706}, "best_epoch": 2}
{"event": "epoch", "dataset": "RGBNT201", "epoch": 9, "steps": 53, "mean_loss": 0.9018600549337998, "seconds": 22.2633130819886, "official_fused": {"mAP": 69.79870798087154, "Rank-1": 69.85645890235901, "Rank-5": 78.46890091896057, "Rank-10": 83.13397169113159}, "best_epoch": 2}
{"event": "epoch", "dataset": "RGBNT201", "epoch": 10, "steps": 53, "mean_loss": 0.8998089826331949, "seconds": 22.0034519059991, "official_fused": {"mAP": 68.40679690777647, "Rank-1": 69.0191388130188, "Rank-5": 77.27272510528564, "Rank-10": 83.25358629226685}, "best_epoch": 2}
{"event": "epoch", "dataset": "RGBNT201", "epoch": 11, "steps": 53, "mean_loss": 0.8940519431851944, "seconds": 21.98534515600477, "official_fused": {"mAP": 69.64229354446233, "Rank-1": 69.61722373962402, "Rank-5": 78.82775068283081, "Rank-10": 83.25358629226685}, "best_epoch": 2}
{"event": "epoch", "dataset": "RGBNT201", "epoch": 12, "steps": 53, "mean_loss": 0.8925516976500457, "seconds": 22.565740417994675, "official_fused": {"mAP": 69.8125590194009, "Rank-1": 69.37798857688904, "Rank-5": 77.27272510528564, "Rank-10": 83.13397169113159}, "best_epoch": 2}
{"event": "epoch", "dataset": "RGBNT201", "epoch": 13, "steps": 53, "mean_loss": 0.8901723263398656, "seconds": 22.714004263994866, "official_fused": {"mAP": 69.44252203939354, "Rank-1": 70.33492922782898, "Rank-5": 78.46890091896057, "Rank-10": 83.01435112953186}, "best_epoch": 2}
{"event": "epoch", "dataset": "RGBNT201", "epoch": 14, "steps": 53, "mean_loss": 0.8866306408396307, "seconds": 22.62621475699416, "official_fused": {"mAP": 68.68490087072377, "Rank-1": 68.30143332481384, "Rank-5": 75.95694065093994, "Rank-10": 81.45933151245117}, "best_epoch": 2}
{"event": "epoch", "dataset": "RGBNT201", "epoch": 15, "steps": 53, "mean_loss": 0.8827424544208454, "seconds": 22.05079752400343, "official_fused": {"mAP": 69.16531853946358, "Rank-1": 69.25837397575378, "Rank-5": 78.11004519462585, "Rank-10": 83.61244201660156}, "best_epoch": 2}
{"event": "epoch", "dataset": "RGBNT201", "epoch": 16, "steps": 53, "mean_loss": 0.8827240062209795, "seconds": 22.28421831400192, "official_fused": {"mAP": 69.79835623768429, "Rank-1": 69.73684430122375, "Rank-5": 77.39234566688538, "Rank-10": 83.13397169113159}, "best_epoch": 2}
{"event": "epoch", "dataset": "RGBNT201", "epoch": 17, "steps": 53, "mean_loss": 0.8775508460008873, "seconds": 22.107966893003322, "official_fused": {"mAP": 69.68685342696661, "Rank-1": 69.49760913848877, "Rank-5": 76.9138753414154, "Rank-10": 82.17703104019165}, "best_epoch": 2}
