/data/gaob/Re-ID/conda-envs/tri_reid/lib/python3.10/site-packages/timm/models/helpers.py:7: FutureWarning: Importing from timm.models.helpers is deprecated, please import via timm.models
  warnings.warn(f"Importing from {__name__} is deprecated, please import via timm.models", FutureWarning)
/data/gaob/Re-ID/conda-envs/tri_reid/lib/python3.10/site-packages/timm/models/registry.py:4: FutureWarning: Importing from timm.models.registry is deprecated, please import via timm.models
  warnings.warn(f"Importing from {__name__} is deprecated, please import via timm.models", FutureWarning)
/data/gaob/Re-ID/conda-envs/tri_reid/lib/python3.10/site-packages/timm/models/layers/__init__.py:48: FutureWarning: Importing from timm.models.layers is deprecated, please import via timm.layers
  warnings.warn(f"Importing from {__name__} is deprecated, please import via timm.layers", FutureWarning)
建立transformer............
using Transformer_type: ViT-B-16 as a backbone
Resized position embedding: %s to %s torch.Size([197, 768]) torch.Size([129, 768])
Position embedding resize to height:16 width: 8
Successfully load ckpt!
<All keys matched successfully>
Loading pretrained model from CLIP
camera number is : 4
===========Building Signal===========
{"event": "epoch", "dataset": "RGBNT201", "epoch": 1, "steps": 53, "mean_loss": 4.999152948271553, "seconds": 32.81580992799718, "official_fused": {"mAP": 73.85348797309184, "Rank-1": 75.11961460113525, "Rank-5": 84.33014154434204, "Rank-10": 88.75598311424255}, "best_epoch": 1}
{"event": "epoch", "dataset": "RGBNT201", "epoch": 2, "steps": 53, "mean_loss": 4.15068265177169, "seconds": 30.63703242399788, "official_fused": {"mAP": 73.37636628688934, "Rank-1": 75.95694065093994, "Rank-5": 83.25358629226685, "Rank-10": 87.20095753669739}, "best_epoch": 1}
{"event": "epoch", "dataset": "RGBNT201", "epoch": 3, "steps": 53, "mean_loss": 2.7963504206459477, "seconds": 30.82161939899379, "official_fused": {"mAP": 70.37338763112557, "Rank-1": 70.33492922782898, "Rank-5": 79.0669858455658, "Rank-10": 84.09090638160706}, "best_epoch": 1}
{"event": "epoch", "dataset": "RGBNT201", "epoch": 4, "steps": 53, "mean_loss": 1.604908841960835, "seconds": 30.52211779000936, "official_fused": {"mAP": 72.34102553277805, "Rank-1": 73.44497442245483, "Rank-5": 81.81818127632141, "Rank-10": 87.08133697509766}, "best_epoch": 1}
{"event": "epoch", "dataset": "RGBNT201", "epoch": 5, "steps": 53, "mean_loss": 1.079473561835739, "seconds": 30.443359234006493, "official_fused": {"mAP": 70.89821766426302, "Rank-1": 71.77033424377441, "Rank-5": 82.77512192726135, "Rank-10": 86.12440228462219}, "best_epoch": 1}
{"event": "epoch", "dataset": "RGBNT201", "epoch": 6, "steps": 53, "mean_loss": 0.9410617688916764, "seconds": 30.584835286004818, "official_fused": {"mAP": 69.36378916610208, "Rank-1": 70.57416439056396, "Rank-5": 79.0669858455658, "Rank-10": 83.13397169113159}, "best_epoch": 1}
{"event": "epoch", "dataset": "RGBNT201", "epoch": 7, "steps": 53, "mean_loss": 0.908364954984413, "seconds": 30.92292532500869, "official_fused": {"mAP": 67.86913511995222, "Rank-1": 69.85645890235901, "Rank-5": 77.63158082962036, "Rank-10": 82.53588676452637}, "best_epoch": 1}
{"event": "epoch", "dataset": "RGBNT201", "epoch": 8, "steps": 53, "mean_loss": 0.8992882258487198, "seconds": 30.51673503300117, "official_fused": {"mAP": 69.46520551356623, "Rank-1": 70.21530866622925, "Rank-5": 79.904305934906, "Rank-10": 84.44976210594177}, "best_epoch": 1}
{"event": "epoch", "dataset": "RGBNT201", "epoch": 9, "steps": 53, "mean_loss": 0.893055111732123, "seconds": 30.438326525996672, "official_fused": {"mAP": 69.1619889055454, "Rank-1": 71.17224931716919, "Rank-5": 78.46890091896057, "Rank-10": 83.37320685386658}, "best_epoch": 1}
{"event": "epoch", "dataset": "RGBNT201", "epoch": 10, "steps": 53, "mean_loss": 0.890940212978507, "seconds": 30.506854134990135, "official_fused": {"mAP": 68.30125168316829, "Rank-1": 68.89952421188354, "Rank-5": 77.9904305934906, "Rank-10": 83.49282145500183}, "best_epoch": 1}
