/data/gaob/Re-ID/conda-envs/tri_reid/lib/python3.10/site-packages/timm/models/helpers.py:7: FutureWarning: Importing from timm.models.helpers is deprecated, please import via timm.models
  warnings.warn(f"Importing from {__name__} is deprecated, please import via timm.models", FutureWarning)
/data/gaob/Re-ID/conda-envs/tri_reid/lib/python3.10/site-packages/timm/models/registry.py:4: FutureWarning: Importing from timm.models.registry is deprecated, please import via timm.models
  warnings.warn(f"Importing from {__name__} is deprecated, please import via timm.models", FutureWarning)
/data/gaob/Re-ID/conda-envs/tri_reid/lib/python3.10/site-packages/timm/models/layers/__init__.py:48: FutureWarning: Importing from timm.models.layers is deprecated, please import via timm.layers
  warnings.warn(f"Importing from {__name__} is deprecated, please import via timm.layers", FutureWarning)
建立transformer............
using Transformer_type: ViT-B-16 as a backbone
Resized position embedding: %s to %s torch.Size([197, 768]) torch.Size([129, 768])
Position embedding resize to height:16 width: 8
Successfully load ckpt!
<All keys matched successfully>
Loading pretrained model from CLIP
camera number is : 4
===========Building Signal===========
{"event": "epoch", "dataset": "RGBNT201", "epoch": 1, "steps": 53, "mean_loss": 4.999127244049648, "seconds": 34.88918880598794, "official_fused": {"mAP": 73.82416973063924, "Rank-1": 75.23923516273499, "Rank-5": 84.44976210594177, "Rank-10": 88.51674795150757}, "best_epoch": 1}
{"event": "epoch", "dataset": "RGBNT201", "epoch": 2, "steps": 53, "mean_loss": 4.150921241292414, "seconds": 33.210997888003476, "official_fused": {"mAP": 73.37058898599146, "Rank-1": 75.59808492660522, "Rank-5": 83.25358629226685, "Rank-10": 87.44019269943237}, "best_epoch": 1}
{"event": "epoch", "dataset": "RGBNT201", "epoch": 3, "steps": 53, "mean_loss": 2.79702856405726, "seconds": 35.54174379300093, "official_fused": {"mAP": 70.6397401537655, "Rank-1": 71.05262875556946, "Rank-5": 79.54545617103577, "Rank-10": 84.33014154434204}, "best_epoch": 1}
{"event": "epoch", "dataset": "RGBNT201", "epoch": 4, "steps": 53, "mean_loss": 1.6053444394525491, "seconds": 36.21110493000015, "official_fused": {"mAP": 72.4309015319811, "Rank-1": 73.68420958518982, "Rank-5": 82.17703104019165, "Rank-10": 87.32057213783264}, "best_epoch": 1}
{"event": "epoch", "dataset": "RGBNT201", "epoch": 5, "steps": 53, "mean_loss": 1.080287366543176, "seconds": 36.38095247399178, "official_fused": {"mAP": 70.71309074880449, "Rank-1": 70.81339955329895, "Rank-5": 82.8947365283966, "Rank-10": 85.76555252075195}, "best_epoch": 1}
{"event": "epoch", "dataset": "RGBNT201", "epoch": 6, "steps": 53, "mean_loss": 0.9408695337907323, "seconds": 36.474026580996, "official_fused": {"mAP": 69.6752829873909, "Rank-1": 71.05262875556946, "Rank-5": 79.18660044670105, "Rank-10": 83.73205661773682}, "best_epoch": 1}
{"event": "epoch", "dataset": "RGBNT201", "epoch": 7, "steps": 53, "mean_loss": 0.9084754529988991, "seconds": 35.96590902499156, "official_fused": {"mAP": 68.19943359103681, "Rank-1": 70.21530866622925, "Rank-5": 77.9904305934906, "Rank-10": 82.65550136566162}, "best_epoch": 1}
{"event": "epoch", "dataset": "RGBNT201", "epoch": 8, "steps": 53, "mean_loss": 0.8995519404141408, "seconds": 36.18232825899031, "official_fused": {"mAP": 69.93897156762581, "Rank-1": 69.73684430122375, "Rank-5": 80.9808611869812, "Rank-10": 84.80861186981201}, "best_epoch": 1}
{"event": "epoch", "dataset": "RGBNT201", "epoch": 9, "steps": 53, "mean_loss": 0.8930630920068273, "seconds": 37.131362095009536, "official_fused": {"mAP": 69.86575133927144, "Rank-1": 71.29186391830444, "Rank-5": 79.42583560943604, "Rank-10": 83.25358629226685}, "best_epoch": 1}
{"event": "epoch", "dataset": "RGBNT201", "epoch": 10, "steps": 53, "mean_loss": 0.8908195450620832, "seconds": 36.27013171098952, "official_fused": {"mAP": 68.27722251257883, "Rank-1": 68.77990365028381, "Rank-5": 76.43540501594543, "Rank-10": 82.29665160179138}, "best_epoch": 1}
{"event": "epoch", "dataset": "RGBNT201", "epoch": 11, "steps": 53, "mean_loss": 0.8881135470462296, "seconds": 36.49301283499517, "official_fused": {"mAP": 69.81180422241088, "Rank-1": 69.73684430122375, "Rank-5": 79.54545617103577, "Rank-10": 85.16746163368225}, "best_epoch": 1}
{"event": "epoch", "dataset": "RGBNT201", "epoch": 12, "steps": 53, "mean_loss": 0.8849095544725094, "seconds": 36.18852729200444, "official_fused": {"mAP": 70.05761064335523, "Rank-1": 70.45454382896423, "Rank-5": 79.78469133377075, "Rank-10": 83.73205661773682}, "best_epoch": 1}
{"event": "epoch", "dataset": "RGBNT201", "epoch": 13, "steps": 53, "mean_loss": 0.8825151166825924, "seconds": 35.93879118699988, "official_fused": {"mAP": 69.55436463406693, "Rank-1": 69.61722373962402, "Rank-5": 79.30622100830078, "Rank-10": 84.21052694320679}, "best_epoch": 1}
{"event": "epoch", "dataset": "RGBNT201", "epoch": 14, "steps": 53, "mean_loss": 0.8793747773710286, "seconds": 36.86627836700063, "official_fused": {"mAP": 69.61361610897131, "Rank-1": 69.37798857688904, "Rank-5": 78.70813608169556, "Rank-10": 83.25358629226685}, "best_epoch": 1}
{"event": "epoch", "dataset": "RGBNT201", "epoch": 15, "steps": 53, "mean_loss": 0.8767827175698191, "seconds": 35.989944200002356, "official_fused": {"mAP": 68.607457068351, "Rank-1": 70.095694065094, "Rank-5": 80.14354109764099, "Rank-10": 84.21052694320679}, "best_epoch": 1}
{"event": "epoch", "dataset": "RGBNT201", "epoch": 16, "steps": 53, "mean_loss": 0.8746893968222276, "seconds": 35.892629768000916, "official_fused": {"mAP": 68.27857019706755, "Rank-1": 68.42105388641357, "Rank-5": 77.75119543075562, "Rank-10": 82.0574164390564}, "best_epoch": 1}
{"event": "epoch", "dataset": "RGBNT201", "epoch": 17, "steps": 53, "mean_loss": 0.8697594561666813, "seconds": 37.228731191993575, "official_fused": {"mAP": 68.51032719179676, "Rank-1": 68.54066848754883, "Rank-5": 78.11004519462585, "Rank-10": 83.01435112953186}, "best_epoch": 1}
{"event": "epoch", "dataset": "RGBNT201", "epoch": 18, "steps": 53, "mean_loss": 0.8684049237449214, "seconds": 36.098069667001255, "official_fused": {"mAP": 67.7663776219286, "Rank-1": 69.61722373962402, "Rank-5": 77.03348994255066, "Rank-10": 82.65550136566162}, "best_epoch": 1}
{"event": "epoch", "dataset": "RGBNT201", "epoch": 19, "steps": 53, "mean_loss": 0.8676832644444592, "seconds": 36.46923977599363, "official_fused": {"mAP": 66.03583486240309, "Rank-1": 65.66985845565796, "Rank-5": 75.0, "Rank-10": 79.54545617103577}, "best_epoch": 1}
{"event": "epoch", "dataset": "RGBNT201", "epoch": 20, "steps": 53, "mean_loss": 0.86846905271962, "seconds": 35.89266006500111, "official_fused": {"mAP": 67.75249785959025, "Rank-1": 67.70334839820862, "Rank-5": 77.9904305934906, "Rank-10": 83.37320685386658}, "best_epoch": 1}
{"event": "epoch", "dataset": "RGBNT201", "epoch": 21, "steps": 53, "mean_loss": 0.8698952029336173, "seconds": 36.67796486899897, "official_fused": {"mAP": 68.75684744285171, "Rank-1": 69.13875341415405, "Rank-5": 76.55502557754517, "Rank-10": 82.77512192726135}, "best_epoch": 1}
{"event": "epoch", "dataset": "RGBNT201", "epoch": 22, "steps": 53, "mean_loss": 0.863965280775754, "seconds": 37.06194582399621, "official_fused": {"mAP": 68.52628481246182, "Rank-1": 69.13875341415405, "Rank-5": 78.70813608169556, "Rank-10": 83.25358629226685}, "best_epoch": 1}
{"event": "epoch", "dataset": "RGBNT201", "epoch": 23, "steps": 53, "mean_loss": 0.8635799120057304, "seconds": 35.94343536300585, "official_fused": {"mAP": 69.57233130051972, "Rank-1": 71.41148447990417, "Rank-5": 79.78469133377075, "Rank-10": 84.21052694320679}, "best_epoch": 1}
{"event": "epoch", "dataset": "RGBNT201", "epoch": 24, "steps": 53, "mean_loss": 0.8613528474321905, "seconds": 36.579473977995804, "official_fused": {"mAP": 67.15984474154432, "Rank-1": 67.82296895980835, "Rank-5": 77.39234566688538, "Rank-10": 84.21052694320679}, "best_epoch": 1}
{"event": "epoch", "dataset": "RGBNT201", "epoch": 25, "steps": 53, "mean_loss": 0.8607077519848662, "seconds": 36.96224012199673, "official_fused": {"mAP": 67.33886767678422, "Rank-1": 67.1052634716034, "Rank-5": 77.9904305934906, "Rank-10": 82.29665160179138}, "best_epoch": 1}
{"event": "epoch", "dataset": "RGBNT201", "epoch": 26, "steps": 53, "mean_loss": 0.8585932648406839, "seconds": 35.59271802799776, "official_fused": {"mAP": 66.78056941012788, "Rank-1": 66.86602830886841, "Rank-5": 77.15311050415039, "Rank-10": 80.9808611869812}, "best_epoch": 1}
{"event": "epoch", "dataset": "RGBNT201", "epoch": 27, "steps": 53, "mean_loss": 0.8574866112673057, "seconds": 36.21813325000403, "official_fused": {"mAP": 67.15002438002344, "Rank-1": 67.34449863433838, "Rank-5": 76.43540501594543, "Rank-10": 83.01435112953186}, "best_epoch": 1}
{"event": "epoch", "dataset": "RGBNT201", "epoch": 28, "steps": 53, "mean_loss": 0.8565028680945342, "seconds": 36.46129883499816, "official_fused": {"mAP": 67.21054554413813, "Rank-1": 69.0191388130188, "Rank-5": 77.87081599235535, "Rank-10": 82.0574164390564}, "best_epoch": 1}
{"event": "epoch", "dataset": "RGBNT201", "epoch": 29, "steps": 53, "mean_loss": 0.8556875046694054, "seconds": 36.75345707499946, "official_fused": {"mAP": 67.72482744268271, "Rank-1": 70.21530866622925, "Rank-5": 78.58851552009583, "Rank-10": 82.53588676452637}, "best_epoch": 1}
{"event": "epoch", "dataset": "RGBNT201", "epoch": 30, "steps": 53, "mean_loss": 0.8551664183724601, "seconds": 35.78922780799621, "official_fused": {"mAP": 67.47533947002093, "Rank-1": 69.61722373962402, "Rank-5": 78.22966575622559, "Rank-10": 82.65550136566162}, "best_epoch": 1}
{"event": "epoch", "dataset": "RGBNT201", "epoch": 31, "steps": 53, "mean_loss": 0.8539932898755344, "seconds": 36.38974384299945, "official_fused": {"mAP": 68.26657789822345, "Rank-1": 70.095694065094, "Rank-5": 79.904305934906, "Rank-10": 83.01435112953186}, "best_epoch": 1}
{"event": "epoch", "dataset": "RGBNT201", "epoch": 32, "steps": 53, "mean_loss": 0.8535077864269041, "seconds": 36.52442326999153, "official_fused": {"mAP": 68.38474077323949, "Rank-1": 70.69377899169922, "Rank-5": 78.34928035736084, "Rank-10": 83.37320685386658}, "best_epoch": 1}
{"event": "epoch", "dataset": "RGBNT201", "epoch": 33, "steps": 53, "mean_loss": 0.8537176498826945, "seconds": 35.870825955003966, "official_fused": {"mAP": 65.4615631380863, "Rank-1": 67.34449863433838, "Rank-5": 76.43540501594543, "Rank-10": 80.74162602424622}, "best_epoch": 1}
{"event": "epoch", "dataset": "RGBNT201", "epoch": 34, "steps": 53, "mean_loss": 0.8515034936509043, "seconds": 36.913152309993166, "official_fused": {"mAP": 66.86225632813367, "Rank-1": 67.70334839820862, "Rank-5": 76.79426074028015, "Rank-10": 80.9808611869812}, "best_epoch": 1}
{"event": "epoch", "dataset": "RGBNT201", "epoch": 35, "steps": 53, "mean_loss": 0.8512870725595726, "seconds": 36.2909234760009, "official_fused": {"mAP": 66.64299300034303, "Rank-1": 67.9425835609436, "Rank-5": 76.79426074028015, "Rank-10": 82.0574164390564}, "best_epoch": 1}
{"event": "epoch", "dataset": "RGBNT201", "epoch": 36, "steps": 53, "mean_loss": 0.8507139176692603, "seconds": 35.64581054300652, "official_fused": {"mAP": 67.2321641201288, "Rank-1": 68.77990365028381, "Rank-5": 77.51196026802063, "Rank-10": 81.81818127632141}, "best_epoch": 1}
{"event": "epoch", "dataset": "RGBNT201", "epoch": 37, "steps": 53, "mean_loss": 0.8502976984347937, "seconds": 36.05481401599536, "official_fused": {"mAP": 66.11277823999893, "Rank-1": 67.34449863433838, "Rank-5": 77.27272510528564, "Rank-10": 81.81818127632141}, "best_epoch": 1}
