/data/gaob/Re-ID/conda-envs/tri_reid/lib/python3.10/site-packages/timm/models/helpers.py:7: FutureWarning: Importing from timm.models.helpers is deprecated, please import via timm.models
  warnings.warn(f"Importing from {__name__} is deprecated, please import via timm.models", FutureWarning)
/data/gaob/Re-ID/conda-envs/tri_reid/lib/python3.10/site-packages/timm/models/registry.py:4: FutureWarning: Importing from timm.models.registry is deprecated, please import via timm.models
  warnings.warn(f"Importing from {__name__} is deprecated, please import via timm.models", FutureWarning)
/data/gaob/Re-ID/conda-envs/tri_reid/lib/python3.10/site-packages/timm/models/layers/__init__.py:48: FutureWarning: Importing from timm.models.layers is deprecated, please import via timm.layers
  warnings.warn(f"Importing from {__name__} is deprecated, please import via timm.layers", FutureWarning)
建立transformer............
using Transformer_type: ViT-B-16 as a backbone
Resized position embedding: %s to %s torch.Size([197, 768]) torch.Size([129, 768])
Position embedding resize to height:8 width: 16
Successfully load ckpt!
<All keys matched successfully>
Loading pretrained model from CLIP
camera number is : 8
===========Building Signal===========
{"event": "epoch", "dataset": "MSVR310", "epoch": 1, "steps": 20, "mean_loss": 5.4151629447937015, "seconds": 15.102505413990002, "official_fused": {"mAP": 17.018327235382497, "Rank-1": 39.593908190727234, "Rank-5": 58.71404409408569, "Rank-10": 66.15905165672302}, "best_epoch": 1}
{"event": "epoch", "dataset": "MSVR310", "epoch": 2, "steps": 20, "mean_loss": 5.219637250900268, "seconds": 12.621505830000388, "official_fused": {"mAP": 24.194312789437927, "Rank-1": 46.362099051475525, "Rank-5": 65.65144062042236, "Rank-10": 72.0812201499939}, "best_epoch": 2}
{"event": "epoch", "dataset": "MSVR310", "epoch": 3, "steps": 20, "mean_loss": 4.86605167388916, "seconds": 12.617413313011639, "official_fused": {"mAP": 34.01334847944027, "Rank-1": 55.837565660476685, "Rank-5": 73.09644818305969, "Rank-10": 78.51099967956543}, "best_epoch": 3}
{"event": "epoch", "dataset": "MSVR310", "epoch": 4, "steps": 20, "mean_loss": 4.287457036972046, "seconds": 12.508403490006458, "official_fused": {"mAP": 34.72749626579636, "Rank-1": 54.48392629623413, "Rank-5": 71.74280881881714, "Rank-10": 76.9881546497345}, "best_epoch": 4}
{"event": "epoch", "dataset": "MSVR310", "epoch": 5, "steps": 20, "mean_loss": 3.541321301460266, "seconds": 12.80489600301371, "official_fused": {"mAP": 36.187182713401825, "Rank-1": 55.16074299812317, "Rank-5": 70.38916945457458, "Rank-10": 77.32656598091125}, "best_epoch": 5}
{"event": "epoch", "dataset": "MSVR310", "epoch": 6, "steps": 20, "mean_loss": 2.798942530155182, "seconds": 12.92720845300937, "official_fused": {"mAP": 41.521022934840374, "Rank-1": 62.09813952445984, "Rank-5": 77.15736031532288, "Rank-10": 81.89509510993958}, "best_epoch": 6}
{"event": "epoch", "dataset": "MSVR310", "epoch": 7, "steps": 20, "mean_loss": 2.2553699195384977, "seconds": 12.65942601201823, "official_fused": {"mAP": 41.74833263575262, "Rank-1": 60.40608882904053, "Rank-5": 77.83417701721191, "Rank-10": 83.07952880859375}, "best_epoch": 7}
{"event": "epoch", "dataset": "MSVR310", "epoch": 8, "steps": 20, "mean_loss": 1.8249052345752717, "seconds": 12.59477154299384, "official_fused": {"mAP": 46.841223272574766, "Rank-1": 65.65144062042236, "Rank-5": 79.01861071586609, "Rank-10": 83.24872851371765}, "best_epoch": 8}
{"event": "epoch", "dataset": "MSVR310", "epoch": 9, "steps": 20, "mean_loss": 1.4911668419837951, "seconds": 12.887671538977884, "official_fused": {"mAP": 45.825114308698765, "Rank-1": 63.113367557525635, "Rank-5": 77.32656598091125, "Rank-10": 82.74111747741699}, "best_epoch": 8}
{"event": "epoch", "dataset": "MSVR310", "epoch": 10, "steps": 20, "mean_loss": 1.3131775975227356, "seconds": 12.876097091007978, "official_fused": {"mAP": 48.38992406315158, "Rank-1": 65.65144062042236, "Rank-5": 79.6954333782196, "Rank-10": 84.6023678779602}, "best_epoch": 10}
{"event": "epoch", "dataset": "MSVR310", "epoch": 11, "steps": 20, "mean_loss": 1.1909769535064698, "seconds": 12.697676091978792, "official_fused": {"mAP": 46.64305534462671, "Rank-1": 62.944161891937256, "Rank-5": 78.34179401397705, "Rank-10": 84.77157354354858}, "best_epoch": 10}
{"event": "epoch", "dataset": "MSVR310", "epoch": 12, "steps": 20, "mean_loss": 1.1323971062898637, "seconds": 12.968826806987636, "official_fused": {"mAP": 49.79377828368561, "Rank-1": 67.3434853553772, "Rank-5": 79.86463904380798, "Rank-10": 85.617595911026}, "best_epoch": 12}
{"event": "epoch", "dataset": "MSVR310", "epoch": 13, "steps": 20, "mean_loss": 1.0852559715509416, "seconds": 12.466449398023542, "official_fused": {"mAP": 49.26661443527525, "Rank-1": 66.49746298789978, "Rank-5": 80.54145574569702, "Rank-10": 85.78680157661438}, "best_epoch": 12}
{"event": "epoch", "dataset": "MSVR310", "epoch": 14, "steps": 20, "mean_loss": 1.0608288168907165, "seconds": 12.57086401100969, "official_fused": {"mAP": 47.360204799900565, "Rank-1": 65.14382362365723, "Rank-5": 80.7106614112854, "Rank-10": 86.12521290779114}, "best_epoch": 12}
{"event": "epoch", "dataset": "MSVR310", "epoch": 15, "steps": 20, "mean_loss": 1.043250784277916, "seconds": 12.800206483982038, "official_fused": {"mAP": 51.124662523564545, "Rank-1": 68.02030205726624, "Rank-5": 83.07952880859375, "Rank-10": 87.98646330833435}, "best_epoch": 15}
{"event": "epoch", "dataset": "MSVR310", "epoch": 16, "steps": 20, "mean_loss": 1.0095606088638305, "seconds": 12.574500079994323, "official_fused": {"mAP": 52.004201838107925, "Rank-1": 68.69712471961975, "Rank-5": 83.58713984489441, "Rank-10": 88.15566897392273}, "best_epoch": 16}
{"event": "epoch", "dataset": "MSVR310", "epoch": 17, "steps": 20, "mean_loss": 0.9979464411735535, "seconds": 12.462463942007162, "official_fused": {"mAP": 49.047515013755074, "Rank-1": 67.3434853553772, "Rank-5": 80.03383874893188, "Rank-10": 85.10998487472534}, "best_epoch": 16}
{"event": "epoch", "dataset": "MSVR310", "epoch": 18, "steps": 20, "mean_loss": 0.9852250337600708, "seconds": 12.778071821987396, "official_fused": {"mAP": 50.574015606023416, "Rank-1": 68.86633038520813, "Rank-5": 83.07952880859375, "Rank-10": 87.98646330833435}, "best_epoch": 16}
{"event": "epoch", "dataset": "MSVR310", "epoch": 19, "steps": 20, "mean_loss": 0.9814737409353256, "seconds": 12.855021247989498, "official_fused": {"mAP": 49.94186306950144, "Rank-1": 68.18950772285461, "Rank-5": 81.38747811317444, "Rank-10": 86.6328239440918}, "best_epoch": 16}
{"event": "epoch", "dataset": "MSVR310", "epoch": 20, "steps": 20, "mean_loss": 0.9658177465200424, "seconds": 12.616485440987162, "official_fused": {"mAP": 48.45051676451767, "Rank-1": 65.98984599113464, "Rank-5": 81.21827244758606, "Rank-10": 86.29441857337952}, "best_epoch": 16}
{"event": "epoch", "dataset": "MSVR310", "epoch": 21, "steps": 20, "mean_loss": 0.9516992956399918, "seconds": 12.582063239009585, "official_fused": {"mAP": 48.87873998183992, "Rank-1": 65.65144062042236, "Rank-5": 81.55668377876282, "Rank-10": 87.30964660644531}, "best_epoch": 16}
{"event": "epoch", "dataset": "MSVR310", "epoch": 22, "steps": 20, "mean_loss": 0.9482426106929779, "seconds": 12.791977868007962, "official_fused": {"mAP": 49.680747417131464, "Rank-1": 67.68189668655396, "Rank-5": 82.06430077552795, "Rank-10": 86.80202960968018}, "best_epoch": 16}
{"event": "epoch", "dataset": "MSVR310", "epoch": 23, "steps": 20, "mean_loss": 0.9463843435049057, "seconds": 12.505649993021507, "official_fused": {"mAP": 48.60279785953896, "Rank-1": 66.3282573223114, "Rank-5": 81.55668377876282, "Rank-10": 85.617595911026}, "best_epoch": 16}
{"event": "epoch", "dataset": "MSVR310", "epoch": 24, "steps": 20, "mean_loss": 0.9451466381549836, "seconds": 12.933361981995404, "official_fused": {"mAP": 51.954969964891596, "Rank-1": 69.88155841827393, "Rank-5": 84.6023678779602, "Rank-10": 88.83248567581177}, "best_epoch": 16}
{"event": "epoch", "dataset": "MSVR310", "epoch": 25, "steps": 20, "mean_loss": 0.9408569544553756, "seconds": 12.587821927998448, "official_fused": {"mAP": 48.948383239548356, "Rank-1": 66.3282573223114, "Rank-5": 81.89509510993958, "Rank-10": 86.6328239440918}, "best_epoch": 16}
{"event": "epoch", "dataset": "MSVR310", "epoch": 26, "steps": 20, "mean_loss": 0.9310236632823944, "seconds": 12.810906589991646, "official_fused": {"mAP": 47.74646193379791, "Rank-1": 65.82064032554626, "Rank-5": 81.04906678199768, "Rank-10": 85.78680157661438}, "best_epoch": 16}
{"event": "epoch", "dataset": "MSVR310", "epoch": 27, "steps": 20, "mean_loss": 0.9226482391357422, "seconds": 12.734700562985381, "official_fused": {"mAP": 49.61671328286495, "Rank-1": 66.66666865348816, "Rank-5": 81.7258894443512, "Rank-10": 86.97123527526855}, "best_epoch": 16}
{"event": "epoch", "dataset": "MSVR310", "epoch": 28, "steps": 20, "mean_loss": 0.9200237929821015, "seconds": 12.543398544978118, "official_fused": {"mAP": 49.59581595840069, "Rank-1": 68.52791905403137, "Rank-5": 82.40270614624023, "Rank-10": 87.64805197715759}, "best_epoch": 16}
{"event": "epoch", "dataset": "MSVR310", "epoch": 29, "steps": 20, "mean_loss": 0.9196650445461273, "seconds": 12.744281415012665, "official_fused": {"mAP": 50.41326294371877, "Rank-1": 68.52791905403137, "Rank-5": 83.07952880859375, "Rank-10": 87.98646330833435}, "best_epoch": 16}
{"event": "epoch", "dataset": "MSVR310", "epoch": 30, "steps": 20, "mean_loss": 0.9174659371376037, "seconds": 12.775832043989794, "official_fused": {"mAP": 49.842131619121545, "Rank-1": 67.68189668655396, "Rank-5": 82.23350048065186, "Rank-10": 88.15566897392273}, "best_epoch": 16}
{"event": "epoch", "dataset": "MSVR310", "epoch": 31, "steps": 20, "mean_loss": 0.9173974186182022, "seconds": 12.694418391009094, "official_fused": {"mAP": 48.536234031864204, "Rank-1": 65.65144062042236, "Rank-5": 81.38747811317444, "Rank-10": 86.46361827850342}, "best_epoch": 16}
{"event": "epoch", "dataset": "MSVR310", "epoch": 32, "steps": 20, "mean_loss": 0.9099945902824402, "seconds": 12.887708056019619, "official_fused": {"mAP": 48.13195085624409, "Rank-1": 65.98984599113464, "Rank-5": 81.55668377876282, "Rank-10": 86.80202960968018}, "best_epoch": 16}
{"event": "epoch", "dataset": "MSVR310", "epoch": 33, "steps": 20, "mean_loss": 0.9063496083021164, "seconds": 12.973416424007155, "official_fused": {"mAP": 49.0490167505728, "Rank-1": 66.66666865348816, "Rank-5": 82.40270614624023, "Rank-10": 87.30964660644531}, "best_epoch": 16}
{"event": "epoch", "dataset": "MSVR310", "epoch": 34, "steps": 20, "mean_loss": 0.9041207492351532, "seconds": 12.682882220979081, "official_fused": {"mAP": 48.79847257931154, "Rank-1": 67.51269102096558, "Rank-5": 81.04906678199768, "Rank-10": 87.64805197715759}, "best_epoch": 16}
{"event": "epoch", "dataset": "MSVR310", "epoch": 35, "steps": 20, "mean_loss": 0.9017877668142319, "seconds": 12.553514548984822, "official_fused": {"mAP": 48.41883165685651, "Rank-1": 65.65144062042236, "Rank-5": 81.38747811317444, "Rank-10": 86.29441857337952}, "best_epoch": 16}
{"event": "epoch", "dataset": "MSVR310", "epoch": 36, "steps": 20, "mean_loss": 0.9010910779237747, "seconds": 12.65360560399131, "official_fused": {"mAP": 47.70720725797808, "Rank-1": 65.65144062042236, "Rank-5": 80.37225008010864, "Rank-10": 85.95600724220276}, "best_epoch": 16}
{"event": "epoch", "dataset": "MSVR310", "epoch": 37, "steps": 20, "mean_loss": 0.9011211693286896, "seconds": 12.709281424002256, "official_fused": {"mAP": 48.548589261026954, "Rank-1": 66.49746298789978, "Rank-5": 82.06430077552795, "Rank-10": 86.6328239440918}, "best_epoch": 16}
{"event": "epoch", "dataset": "MSVR310", "epoch": 38, "steps": 20, "mean_loss": 0.9032659202814102, "seconds": 12.823234997980762, "official_fused": {"mAP": 48.695112294292805, "Rank-1": 66.83587431907654, "Rank-5": 82.06430077552795, "Rank-10": 87.14044094085693}, "best_epoch": 16}
{"event": "epoch", "dataset": "MSVR310", "epoch": 39, "steps": 20, "mean_loss": 0.9006832212209701, "seconds": 12.681995524006197, "official_fused": {"mAP": 48.9696787474264, "Rank-1": 66.83587431907654, "Rank-5": 81.04906678199768, "Rank-10": 86.80202960968018}, "best_epoch": 16}
{"event": "epoch", "dataset": "MSVR310", "epoch": 40, "steps": 20, "mean_loss": 0.898153868317604, "seconds": 12.469246830994962, "official_fused": {"mAP": 47.86313306817123, "Rank-1": 65.14382362365723, "Rank-5": 80.37225008010864, "Rank-10": 86.12521290779114}, "best_epoch": 16}
{"event": "epoch", "dataset": "MSVR310", "epoch": 41, "steps": 20, "mean_loss": 0.8972498327493668, "seconds": 12.590654917003121, "official_fused": {"mAP": 48.139047003700036, "Rank-1": 65.98984599113464, "Rank-5": 81.04906678199768, "Rank-10": 86.12521290779114}, "best_epoch": 16}
{"event": "epoch", "dataset": "MSVR310", "epoch": 42, "steps": 20, "mean_loss": 0.8937686771154404, "seconds": 12.696266939979978, "official_fused": {"mAP": 49.22693833619843, "Rank-1": 67.85110235214233, "Rank-5": 82.23350048065186, "Rank-10": 86.46361827850342}, "best_epoch": 16}
{"event": "epoch", "dataset": "MSVR310", "epoch": 43, "steps": 20, "mean_loss": 0.8898353815078736, "seconds": 12.56011787900934, "official_fused": {"mAP": 48.886773214065116, "Rank-1": 67.00507402420044, "Rank-5": 81.38747811317444, "Rank-10": 86.29441857337952}, "best_epoch": 16}
{"event": "epoch", "dataset": "MSVR310", "epoch": 44, "steps": 20, "mean_loss": 0.8902647525072098, "seconds": 12.602434854023159, "official_fused": {"mAP": 48.51190748598479, "Rank-1": 66.49746298789978, "Rank-5": 81.38747811317444, "Rank-10": 86.80202960968018}, "best_epoch": 16}
{"event": "epoch", "dataset": "MSVR310", "epoch": 45, "steps": 20, "mean_loss": 0.8947357654571533, "seconds": 12.736200734012527, "official_fused": {"mAP": 48.31538824003246, "Rank-1": 66.49746298789978, "Rank-5": 81.04906678199768, "Rank-10": 85.95600724220276}, "best_epoch": 16}
{"event": "epoch", "dataset": "MSVR310", "epoch": 46, "steps": 20, "mean_loss": 0.8935930848121643, "seconds": 12.642675035982393, "official_fused": {"mAP": 48.29199062687771, "Rank-1": 66.66666865348816, "Rank-5": 81.04906678199768, "Rank-10": 85.78680157661438}, "best_epoch": 16}
{"event": "epoch", "dataset": "MSVR310", "epoch": 47, "steps": 20, "mean_loss": 0.8953213840723038, "seconds": 12.755796333018225, "official_fused": {"mAP": 48.29116981418646, "Rank-1": 66.66666865348816, "Rank-5": 81.04906678199768, "Rank-10": 85.78680157661438}, "best_epoch": 16}
{"event": "epoch", "dataset": "MSVR310", "epoch": 48, "steps": 20, "mean_loss": 0.891829389333725, "seconds": 12.54823503701482, "official_fused": {"mAP": 48.392682876136284, "Rank-1": 66.49746298789978, "Rank-5": 81.04906678199768, "Rank-10": 86.12521290779114}, "best_epoch": 16}
{"event": "epoch", "dataset": "MSVR310", "epoch": 49, "steps": 20, "mean_loss": 0.8935483664274215, "seconds": 12.590126966999378, "official_fused": {"mAP": 48.457940419050125, "Rank-1": 66.83587431907654, "Rank-5": 81.04906678199768, "Rank-10": 86.12521290779114}, "best_epoch": 16}
{"event": "epoch", "dataset": "MSVR310", "epoch": 50, "steps": 20, "mean_loss": 0.8937906414270401, "seconds": 12.588485607004259, "official_fused": {"mAP": 48.47143735641665, "Rank-1": 66.83587431907654, "Rank-5": 81.04906678199768, "Rank-10": 86.12521290779114}, "best_epoch": 16}
