/root/miniconda3/envs/tri_reid/lib/python3.10/site-packages/timm/models/helpers.py:7: FutureWarning: Importing from timm.models.helpers is deprecated, please import via timm.models
  warnings.warn(f"Importing from {__name__} is deprecated, please import via timm.models", FutureWarning)
/root/miniconda3/envs/tri_reid/lib/python3.10/site-packages/timm/models/registry.py:4: FutureWarning: Importing from timm.models.registry is deprecated, please import via timm.models
  warnings.warn(f"Importing from {__name__} is deprecated, please import via timm.models", FutureWarning)
/root/miniconda3/envs/tri_reid/lib/python3.10/site-packages/timm/models/layers/__init__.py:48: FutureWarning: Importing from timm.models.layers is deprecated, please import via timm.layers
  warnings.warn(f"Importing from {__name__} is deprecated, please import via timm.layers", FutureWarning)
建立transformer............
using Transformer_type: ViT-B-16 as a backbone
Resized position embedding: %s to %s torch.Size([197, 768]) torch.Size([129, 768])
Position embedding resize to height:16 width: 8
Successfully load ckpt!
<All keys matched successfully>
Loading pretrained model from CLIP
camera number is : 4
===========Building Signal===========
{"stage": "fixed_initialization_evaluated", "fold": 0, "counts": {"forward_calls": 8, "triplets": 1000}, "metrics": {"baseline_only": {"mAP": 68.76764248141828, "Rank-1": 69.47368421052632, "Rank-5": 80.52631578947368, "Rank-10": 86.31578947368422}, "fused": {"mAP": 69.32039415494765, "Rank-1": 70.0, "Rank-5": 76.84210526315789, "Rank-10": 83.15789473684211}, "cnn": {"mAP": 70.10339106736784, "Rank-1": 72.10526315789474, "Rank-5": 78.42105263157895, "Rank-10": 79.47368421052632}, "transformer": {"mAP": 67.65215852627944, "Rank-1": 71.57894736842105, "Rank-5": 81.57894736842105, "Rank-10": 88.42105263157895}, "mamba": {"mAP": 67.32622837884765, "Rank-1": 65.78947368421053, "Rank-5": 73.15789473684211, "Rank-10": 76.84210526315789}}, "terminal_minus_initial_mAP": {"batch_hard_residual": {"baseline_only": 0.0, "fused": 1.8813329590157082, "cnn": 1.2560217820532955, "transformer": 2.2370006021073294, "mamba": 1.7042442678528715}, "camera_negative_residual": {"baseline_only": 0.0, "fused": 1.2052646736966608, "cnn": 0.18336037607798517, "transformer": 0.4455503220680299, "mamba": 2.553082104928791}}}
建立transformer............
using Transformer_type: ViT-B-16 as a backbone
Resized position embedding: %s to %s torch.Size([197, 768]) torch.Size([129, 768])
Position embedding resize to height:16 width: 8
Successfully load ckpt!
<All keys matched successfully>
Loading pretrained model from CLIP
camera number is : 4
===========Building Signal===========
{"stage": "fixed_initialization_evaluated", "fold": 1, "counts": {"forward_calls": 9, "triplets": 1051}, "metrics": {"baseline_only": {"mAP": 88.67823992785485, "Rank-1": 93.29608938547486, "Rank-5": 99.4413407821229, "Rank-10": 100.0}, "fused": {"mAP": 92.15967484307947, "Rank-1": 98.32402234636871, "Rank-5": 100.0, "Rank-10": 100.0}, "cnn": {"mAP": 91.94678013523803, "Rank-1": 98.32402234636871, "Rank-5": 100.0, "Rank-10": 100.0}, "transformer": {"mAP": 90.37891226521594, "Rank-1": 93.29608938547486, "Rank-5": 99.4413407821229, "Rank-10": 100.0}, "mamba": {"mAP": 90.48350956816304, "Rank-1": 97.20670391061452, "Rank-5": 98.88268156424581, "Rank-10": 100.0}}, "terminal_minus_initial_mAP": {"batch_hard_residual": {"baseline_only": 0.0, "fused": -0.9966449611356722, "cnn": 0.47948523007032406, "transformer": -2.1783828274159163, "mamba": -0.7366559803358257}, "camera_negative_residual": {"baseline_only": 0.0, "fused": -3.14658760156118, "cnn": -0.2742231745436783, "transformer": -5.930489965665956, "mamba": -2.6805258306761885}}}
建立transformer............
using Transformer_type: ViT-B-16 as a backbone
Resized position embedding: %s to %s torch.Size([197, 768]) torch.Size([129, 768])
Position embedding resize to height:16 width: 8
Successfully load ckpt!
<All keys matched successfully>
Loading pretrained model from CLIP
camera number is : 4
===========Building Signal===========
{"stage": "fixed_initialization_evaluated", "fold": 2, "counts": {"forward_calls": 9, "triplets": 1075}, "metrics": {"baseline_only": {"mAP": 75.77309089448893, "Rank-1": 76.23762376237624, "Rank-5": 89.10891089108911, "Rank-10": 94.55445544554455}, "fused": {"mAP": 80.93871698508855, "Rank-1": 83.66336633663366, "Rank-5": 90.5940594059406, "Rank-10": 95.04950495049505}, "cnn": {"mAP": 76.7996532989064, "Rank-1": 77.72277227722772, "Rank-5": 88.11881188118812, "Rank-10": 92.57425742574257}, "transformer": {"mAP": 79.97584811585455, "Rank-1": 85.64356435643565, "Rank-5": 92.57425742574257, "Rank-10": 98.01980198019803}, "mamba": {"mAP": 79.2036917884339, "Rank-1": 81.68316831683168, "Rank-5": 93.06930693069307, "Rank-10": 96.53465346534654}}, "terminal_minus_initial_mAP": {"batch_hard_residual": {"baseline_only": 0.0, "fused": -0.7440843136781723, "cnn": 0.45598674599092703, "transformer": 1.3522521489785078, "mamba": -3.902835533345211}, "camera_negative_residual": {"baseline_only": 0.0, "fused": -2.884728856460029, "cnn": -0.40364618192164414, "transformer": -5.695092937288209, "mamba": -2.080869412270104}}}
{"status": "COMPLETE_READONLY_DIAGNOSTIC", "initialization_aggregate": {"baseline_only": {"mAP": 77.48760311601094, "Rank-1": 79.33450087565674, "Rank-5": 89.49211908931699, "Rank-10": 93.52014010507881}, "fused": {"mAP": 80.59032840164478, "Rank-1": 83.71278458844134, "Rank-5": 88.96672504378283, "Rank-10": 92.6444833625219}, "cnn": {"mAP": 79.31987375374185, "Rank-1": 82.31173380035027, "Rank-5": 88.61646234676007, "Rank-10": 90.54290718038528}, "transformer": {"mAP": 79.13635154968365, "Rank-1": 83.36252189141857, "Rank-5": 91.06830122591944, "Rank-10": 95.44658493870402}, "mamba": {"mAP": 78.78752599990524, "Rank-1": 81.26094570928196, "Rank-5": 88.2661996497373, "Rank-10": 91.06830122591944}}, "terminal_minus_initial_mAP": {"batch_hard_residual": {"baseline_only": 0.0, "fused": 0.05034813100998292, "cnn": 0.7295644789192295, "transformer": 0.5398503019029732, "mamba": -1.0445320268367908}, "camera_negative_residual": {"baseline_only": 0.0, "fused": -1.6058741185324408, "cnn": -0.16774782055459525, "transformer": -3.725590045522779, "mamba": -0.72690743438379}}, "elapsed_seconds": 74.08849382400513}
