/root/miniconda3/envs/tri_reid/lib/python3.10/site-packages/timm/models/helpers.py:7: FutureWarning: Importing from timm.models.helpers is deprecated, please import via timm.models
  warnings.warn(f"Importing from {__name__} is deprecated, please import via timm.models", FutureWarning)
/root/miniconda3/envs/tri_reid/lib/python3.10/site-packages/timm/models/registry.py:4: FutureWarning: Importing from timm.models.registry is deprecated, please import via timm.models
  warnings.warn(f"Importing from {__name__} is deprecated, please import via timm.models", FutureWarning)
/root/miniconda3/envs/tri_reid/lib/python3.10/site-packages/timm/models/layers/__init__.py:48: FutureWarning: Importing from timm.models.layers is deprecated, please import via timm.layers
  warnings.warn(f"Importing from {__name__} is deprecated, please import via timm.layers", FutureWarning)
建立transformer............
using Transformer_type: ViT-B-16 as a backbone
Resized position embedding: %s to %s torch.Size([197, 768]) torch.Size([129, 768])
Position embedding resize to height:16 width: 8
Successfully load ckpt!
<All keys matched successfully>
Loading pretrained model from CLIP
camera number is : 4
===========Building Signal===========
建立transformer............
using Transformer_type: ViT-B-16 as a backbone
Resized position embedding: %s to %s torch.Size([197, 768]) torch.Size([129, 768])
Position embedding resize to height:16 width: 8
Successfully load ckpt!
<All keys matched successfully>
Loading pretrained model from CLIP
camera number is : 4
===========Building Signal===========
建立transformer............
using Transformer_type: ViT-B-16 as a backbone
Resized position embedding: %s to %s torch.Size([197, 768]) torch.Size([129, 768])
Position embedding resize to height:16 width: 8
Successfully load ckpt!
<All keys matched successfully>
Loading pretrained model from CLIP
camera number is : 4
===========Building Signal===========
{
  "binding": {
    "build_provenance": {
      "architecture": "signal_preserving_collaborative_v15_crde",
      "base_experts_frozen": true,
      "baseline_parameters_frozen": true,
      "branch_after_pretrained_clip_block": 8,
      "edge_scale_init": 0.0,
      "edge_scale_max": 0.25,
      "exchange_after_tail_layers": [
        9,
        10
      ],
      "exchange_count": 2,
      "exchange_rank": 64,
      "experts": [
        "cnn",
        "transformer",
        "mamba"
      ],
      "final_fusion": "exact_signal_plus_equal_energy_normalized_residual_bank",
      "late_fusion_mlp_enabled": false,
      "phase": "counterfactual_role_delta_exchange",
      "pretrained_tail_layers": [
        9,
        10,
        11
      ],
      "regret_weight": 1.0,
      "router_enabled": false,
      "signal_baseline_width": 3072,
      "signal_checkpoint_sha256": "523c7c645ac1d85c91cd7b08ef3c3276e37f723906ae7af0d9ec6a9ddbcb38de",
      "total_parameters": 99868583,
      "trainable_parameters": 3549082
    },
    "expert_checkpoint": "/root/autodl-tmp/trifusion-v2/artifacts/trifusion_v12_complete_path_oof_seed42_c71d3de/fold_0_experts.pth",
    "expert_checkpoint_sha256": "4baebda03e69447e552a5e2e5512aad3db69248e23cbd0aacbc6d2bb7475c3af",
    "fit_identity_ids": [
      1,
      2,
      4,
      5,
      7,
      8,
      10,
      11,
      13,
      14,
      16,
      17,
      19,
      20,
      22,
      23,
      25,
      26,
      28,
      29,
      31,
      32,
      34,
      35,
      37,
      38,
      40,
      41,
      43,
      44,
      46,
      47,
      49,
      50,
      53,
      54,
      56,
      57,
      59,
      60,
      62,
      63,
      64,
      65,
      67,
      68,
      70,
      71,
      74,
      75,
      76,
      78,
      79,
      80,
      82,
      83,
      86,
      87,
      88,
      90,
      92,
      93,
      94,
      96,
      98,
      99,
      100,
      101,
      103,
      104,
      106,
      107,
      109,
      110,
      112,
      113,
      115,
      116,
      118,
      119,
      121,
      122,
      124,
      125,
      127,
      128,
      130,
      131,
      133,
      134,
      136,
      137,
      139,
      140
    ],
    "heldout_identity_ids": [
      0,
      3,
      6,
      9,
      12,
      15,
      18,
      21,
      24,
      27,
      30,
      33,
      36,
      39,
      42,
      45,
      48,
      51,
      52,
      55,
      58,
      61,
      66,
      69,
      72,
      73,
      77,
      81,
      84,
      85,
      89,
      91,
      95,
      97,
      102,
      105,
      108,
      111,
      114,
      117,
      120,
      123,
      126,
      129,
      132,
      135,
      138
    ],
    "missing_v15_state_keys": [
      "exchange_stages.0.edge_logits",
      "exchange_stages.0.source_mixers.cnn.norm.weight",
      "exchange_stages.0.source_mixers.cnn.norm.bias",
      "exchange_stages.0.source_mixers.cnn.down.weight",
      "exchange_stages.0.source_mixers.cnn.depthwise.weight",
      "exchange_stages.0.source_mixers.transformer.norm.weight",
      "exchange_stages.0.source_mixers.transformer.norm.bias",
      "exchange_stages.0.source_mixers.transformer.down.weight",
      "exchange_stages.0.source_mixers.transformer.attention_norm.weight",
      "exchange_stages.0.source_mixers.transformer.attention_norm.bias",
      "exchange_stages.0.source_mixers.transformer.attention.in_proj_weight",
      "exchange_stages.0.source_mixers.transformer.attention.in_proj_bias",
      "exchange_stages.0.source_mixers.transformer.attention.out_proj.weight",
      "exchange_stages.0.source_mixers.transformer.attention.out_proj.bias",
      "exchange_stages.0.source_mixers.mamba.norm.weight",
      "exchange_stages.0.source_mixers.mamba.norm.bias",
      "exchange_stages.0.source_mixers.mamba.down.weight",
      "exchange_stages.0.source_mixers.mamba.spatial_mixer.norm.weight",
      "exchange_stages.0.source_mixers.mamba.spatial_mixer.norm.bias",
      "exchange_stages.0.source_mixers.mamba.spatial_mixer.core.A_log",
      "exchange_stages.0.source_mixers.mamba.spatial_mixer.core.D",
      "exchange_stages.0.source_mixers.mamba.spatial_mixer.core.in_proj.weight",
      "exchange_stages.0.source_mixers.mamba.spatial_mixer.core.conv1d.weight",
      "exchange_stages.0.source_mixers.mamba.spatial_mixer.core.conv1d.bias",
      "exchange_stages.0.source_mixers.mamba.spatial_mixer.core.x_proj.weight",
      "exchange_stages.0.source_mixers.mamba.spatial_mixer.core.dt_proj.weight",
      "exchange_stages.0.source_mixers.mamba.spatial_mixer.core.dt_proj.bias",
      "exchange_stages.0.source_mixers.mamba.spatial_mixer.core.out_proj.weight",
      "exchange_stages.0.source_mixers.mamba.spatial_mixer.direction_gate.weight",
      "exchange_stages.0.source_mixers.mamba.spatial_mixer.direction_gate.bias",
      "exchange_stages.0.source_mixers.mamba.spatial_mixer.output_projection.weight",
      "exchange_stages.0.source_mixers.mamba.modal_norm.weight",
      "exchange_stages.0.source_mixers.mamba.modal_norm.bias",
      "exchange_stages.0.source_mixers.mamba.modal_mixer.A_log",
      "exchange_stages.0.source_mixers.mamba.modal_mixer.D",
      "exchange_stages.0.source_mixers.mamba.modal_mixer.in_proj.weight",
      "exchange_stages.0.source_mixers.mamba.modal_mixer.conv1d.weight",
      "exchange_stages.0.source_mixers.mamba.modal_mixer.conv1d.bias",
      "exchange_stages.0.source_mixers.mamba.modal_mixer.x_proj.weight",
      "exchange_stages.0.source_mixers.mamba.modal_mixer.dt_proj.weight",
      "exchange_stages.0.source_mixers.mamba.modal_mixer.dt_proj.bias",
      "exchange_stages.0.source_mixers.mamba.modal_mixer.out_proj.weight",
      "exchange_stages.0.edge_projections.cnn__transformer.weight",
      "exchange_stages.0.edge_projections.cnn__mamba.weight",
      "exchange_stages.0.edge_projections.transformer__cnn.weight",
      "exchange_stages.0.edge_projections.transformer__mamba.weight",
      "exchange_stages.0.edge_projections.mamba__cnn.weight",
      "exchange_stages.0.edge_projections.mamba__transformer.weight",
      "exchange_stages.1.edge_logits",
      "exchange_stages.1.source_mixers.cnn.norm.weight",
      "exchange_stages.1.source_mixers.cnn.norm.bias",
      "exchange_stages.1.source_mixers.cnn.down.weight",
      "exchange_stages.1.source_mixers.cnn.depthwise.weight",
      "exchange_stages.1.source_mixers.transformer.norm.weight",
      "exchange_stages.1.source_mixers.transformer.norm.bias",
      "exchange_stages.1.source_mixers.transformer.down.weight",
      "exchange_stages.1.source_mixers.transformer.attention_norm.weight",
      "exchange_stages.1.source_mixers.transformer.attention_norm.bias",
      "exchange_stages.1.source_mixers.transformer.attention.in_proj_weight",
      "exchange_stages.1.source_mixers.transformer.attention.in_proj_bias",
      "exchange_stages.1.source_mixers.transformer.attention.out_proj.weight",
      "exchange_stages.1.source_mixers.transformer.attention.out_proj.bias",
      "exchange_stages.1.source_mixers.mamba.norm.weight",
      "exchange_stages.1.source_mixers.mamba.norm.bias",
      "exchange_stages.1.source_mixers.mamba.down.weight",
      "exchange_stages.1.source_mixers.mamba.spatial_mixer.norm.weight",
      "exchange_stages.1.source_mixers.mamba.spatial_mixer.norm.bias",
      "exchange_stages.1.source_mixers.mamba.spatial_mixer.core.A_log",
      "exchange_stages.1.source_mixers.mamba.spatial_mixer.core.D",
      "exchange_stages.1.source_mixers.mamba.spatial_mixer.core.in_proj.weight",
      "exchange_stages.1.source_mixers.mamba.spatial_mixer.core.conv1d.weight",
      "exchange_stages.1.source_mixers.mamba.spatial_mixer.core.conv1d.bias",
      "exchange_stages.1.source_mixers.mamba.spatial_mixer.core.x_proj.weight",
      "exchange_stages.1.source_mixers.mamba.spatial_mixer.core.dt_proj.weight",
      "exchange_stages.1.source_mixers.mamba.spatial_mixer.core.dt_proj.bias",
      "exchange_stages.1.source_mixers.mamba.spatial_mixer.core.out_proj.weight",
      "exchange_stages.1.source_mixers.mamba.spatial_mixer.direction_gate.weight",
      "exchange_stages.1.source_mixers.mamba.spatial_mixer.direction_gate.bias",
      "exchange_stages.1.source_mixers.mamba.spatial_mixer.output_projection.weight",
      "exchange_stages.1.source_mixers.mamba.modal_norm.weight",
      "exchange_stages.1.source_mixers.mamba.modal_norm.bias",
      "exchange_stages.1.source_mixers.mamba.modal_mixer.A_log",
      "exchange_stages.1.source_mixers.mamba.modal_mixer.D",
      "exchange_stages.1.source_mixers.mamba.modal_mixer.in_proj.weight",
      "exchange_stages.1.source_mixers.mamba.modal_mixer.conv1d.weight",
      "exchange_stages.1.source_mixers.mamba.modal_mixer.conv1d.bias",
      "exchange_stages.1.source_mixers.mamba.modal_mixer.x_proj.weight",
      "exchange_stages.1.source_mixers.mamba.modal_mixer.dt_proj.weight",
      "exchange_stages.1.source_mixers.mamba.modal_mixer.dt_proj.bias",
      "exchange_stages.1.source_mixers.mamba.modal_mixer.out_proj.weight",
      "exchange_stages.1.edge_projections.cnn__transformer.weight",
      "exchange_stages.1.edge_projections.cnn__mamba.weight",
      "exchange_stages.1.edge_projections.transformer__cnn.weight",
      "exchange_stages.1.edge_projections.transformer__mamba.weight",
      "exchange_stages.1.edge_projections.mamba__cnn.weight",
      "exchange_stages.1.edge_projections.mamba__transformer.weight"
    ],
    "signal_checkpoint": "/root/autodl-tmp/trifusion-v2/artifacts/trifusion_v12_complete_path_oof_seed42_c71d3de/fold_0_signal_final.pth",
    "signal_checkpoint_sha256": "523c7c645ac1d85c91cd7b08ef3c3276e37f723906ae7af0d9ec6a9ddbcb38de"
  },
  "capacity": {
    "frozen_state_sha256_after": "dca58bae8a975ad2151e2b01e6e965f64fc2f79fb7567e45030938153bc70de9",
    "frozen_state_sha256_before": "dca58bae8a975ad2151e2b01e6e965f64fc2f79fb7567e45030938153bc70de9",
    "frozen_state_unchanged": true,
    "losses": [
      4.095560073852539,
      4.015843391418457,
      3.217257022857666,
      4.1352410316467285,
      3.4547102451324463,
      2.8676676750183105,
      3.6116459369659424,
      3.1037025451660156
    ],
    "missing_nonzero_gradient_tensors": [
      "encoder.exchange_stages.0.source_mixers.mamba.modal_mixer.dt_proj.weight",
      "encoder.exchange_stages.1.source_mixers.mamba.modal_mixer.dt_proj.weight",
      "encoder.exchange_stages.1.source_mixers.mamba.spatial_mixer.core.dt_proj.weight"
    ],
    "nonzero_gradient_tensors": 107,
    "overflow_events": 0,
    "passed": false,
    "peak_allocated_mib": 9277.15673828125,
    "peak_reserved_mib": 9648.0,
    "steps": 8,
    "trainable_tensors": 110
  },
  "config": "/root/autodl-tmp/trifusion-v2/TriFusion-ReID/configs/RGBNT201/TriFusion-signal-preserving-v15-crde-rtx3090.yml",
  "config_sha256": "5444f5413c873697071a08c9fa7b8e4272f57430108da7e03734d88ee7f12ce2",
  "dev_access_count": 0,
  "elapsed_seconds": 178.46566581726074,
  "official_test_access_count": 0,
  "overfit": {
    "analytic_label_smoothing_floor": 0.57838292104621,
    "excess_loss_ratio": 0.17942112448388983,
    "frozen_state_sha256_after": "dca58bae8a975ad2151e2b01e6e965f64fc2f79fb7567e45030938153bc70de9",
    "frozen_state_sha256_before": "dca58bae8a975ad2151e2b01e6e965f64fc2f79fb7567e45030938153bc70de9",
    "frozen_state_unchanged": true,
    "losses": [
      4.095560073852539,
      3.3977909088134766,
      2.6547672748565674,
      2.206465482711792,
      1.973249912261963,
      1.846679925918579,
      1.7747187614440918,
      1.7250220775604248,
      1.683080792427063,
      1.6448560953140259,
      1.6101031303405762,
      1.5797619819641113,
      1.5545110702514648,
      1.534498691558838,
      1.5191490650177002,
      1.5073471069335938,
      1.4977726936340332,
      1.4893466234207153,
      1.4810765981674194,
      1.4723289012908936,
      1.4625893831253052,
      1.4516172409057617,
      1.4392218589782715,
      1.4255316257476807,
      1.410715103149414,
      1.3950695991516113,
      1.3791335821151733,
      1.363788366317749,
      1.3500919342041016,
      1.3390355110168457,
      1.330286979675293,
      1.3216361999511719,
      1.3112764358520508,
      1.2996487617492676,
      1.2886474132537842,
      1.2798422574996948,
      1.2735627889633179,
      1.269554615020752,
      1.267362356185913,
      1.2665692567825317,
      1.2667193412780762,
      1.2673978805541992,
      1.2679424285888672,
      1.2675890922546387,
      1.265763759613037,
      1.2623176574707031,
      1.257663369178772,
      1.2527333498001099,
      1.2482773065567017,
      1.2448238134384155,
      1.2425415515899658,
      1.2411997318267822,
      1.2404533624649048,
      1.2399334907531738,
      1.2393304109573364,
      1.2385940551757812,
      1.2378957271575928,
      1.2371877431869507,
      1.2364224195480347,
      1.2354905605316162,
      1.234458565711975,
      1.2331422567367554,
      1.2318333387374878,
      1.230544090270996,
      1.2293157577514648,
      1.22824227809906,
      1.2274682521820068,
      1.2267777919769287,
      1.2261781692504883,
      1.2256710529327393,
      1.2251638174057007,
      1.2245566844940186,
      1.2239117622375488,
      1.223276138305664,
      1.2225078344345093,
      1.2217729091644287,
      1.2210452556610107,
      1.2203717231750488,
      1.219684362411499,
      1.219120979309082,
      1.2185521125793457,
      1.2180242538452148,
      1.2175533771514893,
      1.2170500755310059,
      1.2165074348449707,
      1.2160038948059082,
      1.2154285907745361,
      1.2148776054382324,
      1.2143664360046387,
      1.213853359222412,
      1.2133370637893677,
      1.2128503322601318,
      1.2123558521270752,
      1.211918592453003,
      1.2114460468292236,
      1.211007833480835,
      1.2106293439865112,
      1.2103047370910645,
      1.2098181247711182,
      1.2094388008117676
    ],
    "missing_nonzero_gradient_tensors": [],
    "nonzero_gradient_tensors": 110,
    "overflow_events": 0,
    "passed": false,
    "steps": 100,
    "trainable_tensors": 110
  },
  "passed": false,
  "regret_weight": 1.0,
  "repository_commit": "e1dbf4cf35abdaf25808c77ebeb25d2c677af933",
  "repository_diff_sha256": "e3b0c44298fc1c149afbf4c8996fb92427ae41e4649b934ca495991b7852b855",
  "runner_sha256": "834d08badc048f8d1a3da27fd4b0ec183084df082b298a45b55247a6c77d3373",
  "schema_version": "trifusion-v15-m0-result-v1",
  "seed": 42,
  "signal_source_diff_sha256": "b889caca9c4a92689b13eb7e20bd3224067f3e5ed2a3db6825201870ca422741",
  "source_commit": "cd1b0a672d1fe642e7608731cb4899a19dda7d51",
  "status": "FAIL",
  "step0": {
    "edge_scales_zero": true,
    "encoder_input_pointers": [
      [
        139785842917376,
        139785951772672
      ],
      [
        139785842917376,
        139785951772672
      ]
    ],
    "exact_signal_prefix": true,
    "exchange_count": 2,
    "max_abs_on_minus_off": {
      "cnn": 0.0,
      "fused": 0.0,
      "mamba": 0.0,
      "transformer": 0.0
    },
    "off_identity_heads_bypassed": true,
    "on_identity_heads_bypassed_for_evaluation": true,
    "same_field_tensor_pointers": true,
    "within_fp32_tolerance": true
  },
  "v12_summary": "/root/autodl-tmp/trifusion-v2/artifacts/trifusion_v12_complete_path_oof_seed42_c71d3de/run_summary.json",
  "v12_summary_sha256": "9105b86a9c079c44843e9b118a21599746a87d279370341b8cf8d26bd18a8b69"
}Traceback (most recent call last):
  File "/root/miniconda3/envs/tri_reid/lib/python3.10/runpy.py", line 196, in _run_module_as_main
    return _run_code(code, main_globals, None,
  File "/root/miniconda3/envs/tri_reid/lib/python3.10/runpy.py", line 86, in _run_code
    exec(code, run_globals)
  File "/root/autodl-tmp/trifusion-v2/TriFusion-ReID/tools/train_signal_preserving_v15.py", line 905, in <module>
    run(parse_args())
  File "/root/autodl-tmp/trifusion-v2/TriFusion-ReID/tools/train_signal_preserving_v15.py", line 888, in run
    raise RuntimeError("V15 M0 failed")
RuntimeError: V15 M0 failed

