/root/miniconda3/envs/tri_reid/lib/python3.10/site-packages/timm/models/helpers.py:7: FutureWarning: Importing from timm.models.helpers is deprecated, please import via timm.models
  warnings.warn(f"Importing from {__name__} is deprecated, please import via timm.models", FutureWarning)
/root/miniconda3/envs/tri_reid/lib/python3.10/site-packages/timm/models/registry.py:4: FutureWarning: Importing from timm.models.registry is deprecated, please import via timm.models
  warnings.warn(f"Importing from {__name__} is deprecated, please import via timm.models", FutureWarning)
/root/miniconda3/envs/tri_reid/lib/python3.10/site-packages/timm/models/layers/__init__.py:48: FutureWarning: Importing from timm.models.layers is deprecated, please import via timm.layers
  warnings.warn(f"Importing from {__name__} is deprecated, please import via timm.layers", FutureWarning)
建立transformer............
using Transformer_type: ViT-B-16 as a backbone
Resized position embedding: %s to %s torch.Size([197, 768]) torch.Size([129, 768])
Position embedding resize to height:16 width: 8
Successfully load ckpt!
<All keys matched successfully>
Loading pretrained model from CLIP
camera number is : 4
===========Building Signal===========
建立transformer............
using Transformer_type: ViT-B-16 as a backbone
Resized position embedding: %s to %s torch.Size([197, 768]) torch.Size([129, 768])
Position embedding resize to height:16 width: 8
Successfully load ckpt!
<All keys matched successfully>
Loading pretrained model from CLIP
camera number is : 4
===========Building Signal===========
{"stage": "preflight", "fold": 0, "paired": true, "binding": {"architecture": "signal_preserving_v20_cross_modal_identity", "source": {"SIGNAL_CHECKPOINT": "/root/autodl-tmp/trifusion-v2/artifacts/trifusion_v12_complete_path_oof_seed42_c71d3de/fold_0_signal_final.pth", "SIGNAL_CHECKPOINT_SHA256": "523c7c645ac1d85c91cd7b08ef3c3276e37f723906ae7af0d9ec6a9ddbcb38de", "EXPERT_CHECKPOINT": "/root/autodl-tmp/trifusion-v2/artifacts/trifusion_v12_complete_path_oof_seed42_c71d3de/fold_0_experts.pth", "EXPERT_CHECKPOINT_SHA256": "4baebda03e69447e552a5e2e5512aad3db69248e23cbd0aacbc6d2bb7475c3af"}, "fit_identity_ids": [1, 2, 4, 5, 7, 8, 10, 11, 13, 14, 16, 17, 19, 20, 22, 23, 25, 26, 28, 29, 31, 32, 34, 35, 37, 38, 40, 41, 43, 44, 46, 47, 49, 50, 53, 54, 56, 57, 59, 60, 62, 63, 64, 65, 67, 68, 70, 71, 74, 75, 76, 78, 79, 80, 82, 83, 86, 87, 88, 90, 92, 93, 94, 96, 98, 99, 100, 101, 103, 104, 106, 107, 109, 110, 112, 113, 115, 116, 118, 119, 121, 122, 124, 125, 127, 128, 130, 131, 133, 134, 136, 137, 139, 140], "heldout_identity_ids": [0, 3, 6, 9, 12, 15, 18, 21, 24, 27, 30, 33, 36, 39, 42, 45, 48, 51, 52, 55, 58, 61, 66, 69, 72, 73, 77, 81, 84, 85, 89, 91, 95, 97, 102, 105, 108, 111, 114, 117, 120, 123, 126, 129, 132, 135, 138], "source_state_strictly_loaded": true, "baseline_frozen": true, "shared_tail_frozen": true, "new_inference_parameters": 0, "router_enabled": false, "hfer_enabled": false, "total_parameters": 98800141, "trainable_parameters": 7841292, "trainable_tensors": 203}}
建立transformer............
using Transformer_type: ViT-B-16 as a backbone
Resized position embedding: %s to %s torch.Size([197, 768]) torch.Size([129, 768])
Position embedding resize to height:16 width: 8
Successfully load ckpt!
<All keys matched successfully>
Loading pretrained model from CLIP
camera number is : 4
===========Building Signal===========
建立transformer............
using Transformer_type: ViT-B-16 as a backbone
Resized position embedding: %s to %s torch.Size([197, 768]) torch.Size([129, 768])
Position embedding resize to height:16 width: 8
Successfully load ckpt!
<All keys matched successfully>
Loading pretrained model from CLIP
camera number is : 4
===========Building Signal===========
{"stage": "preflight", "fold": 1, "paired": true, "binding": {"architecture": "signal_preserving_v20_cross_modal_identity", "source": {"SIGNAL_CHECKPOINT": "/root/autodl-tmp/trifusion-v2/artifacts/trifusion_v12_complete_path_oof_seed42_c71d3de/fold_1_signal_final.pth", "SIGNAL_CHECKPOINT_SHA256": "6c1304a68663418ef9b4dcd6230bde55c87d0319ac60351aebbe8a0ab9acbcd7", "EXPERT_CHECKPOINT": "/root/autodl-tmp/trifusion-v2/artifacts/trifusion_v12_complete_path_oof_seed42_c71d3de/fold_1_experts.pth", "EXPERT_CHECKPOINT_SHA256": "f369bca3dbd53518bc082880974f203aedbb6febd0251458a25707b91de52ec3"}, "fit_identity_ids": [0, 2, 3, 5, 6, 8, 9, 11, 12, 14, 15, 17, 18, 20, 21, 23, 24, 26, 27, 29, 30, 32, 33, 35, 36, 38, 39, 41, 42, 44, 45, 47, 48, 50, 51, 52, 54, 55, 57, 58, 60, 61, 64, 65, 66, 68, 69, 71, 72, 73, 75, 77, 79, 80, 81, 83, 84, 85, 88, 89, 90, 91, 94, 95, 96, 97, 100, 101, 102, 104, 105, 107, 108, 110, 111, 113, 114, 116, 117, 119, 120, 122, 123, 125, 126, 128, 129, 131, 132, 134, 135, 137, 138, 140], "heldout_identity_ids": [1, 4, 7, 10, 13, 16, 19, 22, 25, 28, 31, 34, 37, 40, 43, 46, 49, 53, 56, 59, 62, 63, 67, 70, 74, 76, 78, 82, 86, 87, 92, 93, 98, 99, 103, 106, 109, 112, 115, 118, 121, 124, 127, 130, 133, 136, 139], "source_state_strictly_loaded": true, "baseline_frozen": true, "shared_tail_frozen": true, "new_inference_parameters": 0, "router_enabled": false, "hfer_enabled": false, "total_parameters": 98800141, "trainable_parameters": 7841292, "trainable_tensors": 203}}
建立transformer............
using Transformer_type: ViT-B-16 as a backbone
Resized position embedding: %s to %s torch.Size([197, 768]) torch.Size([129, 768])
Position embedding resize to height:16 width: 8
Successfully load ckpt!
<All keys matched successfully>
Loading pretrained model from CLIP
camera number is : 4
===========Building Signal===========
建立transformer............
using Transformer_type: ViT-B-16 as a backbone
Resized position embedding: %s to %s torch.Size([197, 768]) torch.Size([129, 768])
Position embedding resize to height:16 width: 8
Successfully load ckpt!
<All keys matched successfully>
Loading pretrained model from CLIP
camera number is : 4
===========Building Signal===========
{"stage": "preflight", "fold": 2, "paired": true, "binding": {"architecture": "signal_preserving_v20_cross_modal_identity", "source": {"SIGNAL_CHECKPOINT": "/root/autodl-tmp/trifusion-v2/artifacts/trifusion_v12_complete_path_oof_seed42_c71d3de/fold_2_signal_final.pth", "SIGNAL_CHECKPOINT_SHA256": "3cf0ef340c44db43d299ea8ca3a742ad12b4e113c12dffbd1db21f656923f678", "EXPERT_CHECKPOINT": "/root/autodl-tmp/trifusion-v2/artifacts/trifusion_v12_complete_path_oof_seed42_c71d3de/fold_2_experts.pth", "EXPERT_CHECKPOINT_SHA256": "7abdecdec6e39eb6f3244b8f24428139e52079c91f7e5d0dad1d1c17dc387678"}, "fit_identity_ids": [0, 1, 3, 4, 6, 7, 9, 10, 12, 13, 15, 16, 18, 19, 21, 22, 24, 25, 27, 28, 30, 31, 33, 34, 36, 37, 39, 40, 42, 43, 45, 46, 48, 49, 51, 52, 53, 55, 56, 58, 59, 61, 62, 63, 66, 67, 69, 70, 72, 73, 74, 76, 77, 78, 81, 82, 84, 85, 86, 87, 89, 91, 92, 93, 95, 97, 98, 99, 102, 103, 105, 106, 108, 109, 111, 112, 114, 115, 117, 118, 120, 121, 123, 124, 126, 127, 129, 130, 132, 133, 135, 136, 138, 139], "heldout_identity_ids": [2, 5, 8, 11, 14, 17, 20, 23, 26, 29, 32, 35, 38, 41, 44, 47, 50, 54, 57, 60, 64, 65, 68, 71, 75, 79, 80, 83, 88, 90, 94, 96, 100, 101, 104, 107, 110, 113, 116, 119, 122, 125, 128, 131, 134, 137, 140], "source_state_strictly_loaded": true, "baseline_frozen": true, "shared_tail_frozen": true, "new_inference_parameters": 0, "router_enabled": false, "hfer_enabled": false, "total_parameters": 98800141, "trainable_parameters": 7841292, "trainable_tensors": 203}}
建立transformer............
using Transformer_type: ViT-B-16 as a backbone
Resized position embedding: %s to %s torch.Size([197, 768]) torch.Size([129, 768])
Position embedding resize to height:16 width: 8
Successfully load ckpt!
<All keys matched successfully>
Loading pretrained model from CLIP
camera number is : 4
===========Building Signal===========
建立transformer............
using Transformer_type: ViT-B-16 as a backbone
Resized position embedding: %s to %s torch.Size([197, 768]) torch.Size([129, 768])
Position embedding resize to height:16 width: 8
Successfully load ckpt!
<All keys matched successfully>
Loading pretrained model from CLIP
camera number is : 4
===========Building Signal===========
建立transformer............
using Transformer_type: ViT-B-16 as a backbone
Resized position embedding: %s to %s torch.Size([197, 768]) torch.Size([129, 768])
Position embedding resize to height:16 width: 8
Successfully load ckpt!
<All keys matched successfully>
Loading pretrained model from CLIP
camera number is : 4
===========Building Signal===========
{"stage": "M0", "passed": true, "checks": {"all_gradients_live": true, "all_frozen_states_unchanged": true, "overflow_zero": true, "capacity_within_limit": true, "overfit_excess_ratio_at_most_point1": true}, "capacities": [{"steps": 8, "alignment_weight": 0.0, "losses": [0.6110473871231079, 0.6282883286476135, 0.6567716002464294, 0.7530437707901001, 0.7517881989479065, 0.8435060977935791, 0.8029178380966187, 0.828916609287262], "components": [{"total": 0.6110473871231079, "base_identity_triplet": 0.6110473871231079, "cross_modal_identity": 5.100122928619385}, {"total": 0.6282883286476135, "base_identity_triplet": 0.6282883286476135, "cross_modal_identity": 5.2678632736206055}, {"total": 0.6567716002464294, "base_identity_triplet": 0.6567716002464294, "cross_modal_identity": 4.211716651916504}, {"total": 0.7530437707901001, "base_identity_triplet": 0.7530437707901001, "cross_modal_identity": 4.158780574798584}, {"total": 0.7517881989479065, "base_identity_triplet": 0.7517881989479065, "cross_modal_identity": 4.037240028381348}, {"total": 0.8435060977935791, "base_identity_triplet": 0.8435060977935791, "cross_modal_identity": 3.9786300659179688}, {"total": 0.8029178380966187, "base_identity_triplet": 0.8029178380966187, "cross_modal_identity": 3.8971917629241943}, {"total": 0.828916609287262, "base_identity_triplet": 0.828916609287262, "cross_modal_identity": 4.549631118774414}], "trainable_tensors": 203, "nonzero_gradient_tensors": 203, "missing_nonzero_gradients": [], "frozen_state_unchanged": true, "overflow_events": 0, "peak_reserved_mib": 6062.0}, {"steps": 8, "alignment_weight": 0.25, "losses": [1.886078119277954, 1.81499445438385, 1.6327153444290161, 1.7604118585586548, 1.7126038074493408, 1.7583996057510376, 1.8482964038848877, 1.6901416778564453], "components": [{"total": 1.886078119277954, "base_identity_triplet": 0.6110473871231079, "cross_modal_identity": 5.100122928619385}, {"total": 1.81499445438385, "base_identity_triplet": 0.624544620513916, "cross_modal_identity": 4.761799335479736}, {"total": 1.6327153444290161, "base_identity_triplet": 0.6629765033721924, "cross_modal_identity": 3.878955364227295}, {"total": 1.7604118585586548, "base_identity_triplet": 0.7956178784370422, "cross_modal_identity": 3.85917592048645}, {"total": 1.7126038074493408, "base_identity_triplet": 0.8418737649917603, "cross_modal_identity": 3.482919931411743}, {"total": 1.7583996057510376, "base_identity_triplet": 0.9084609746932983, "cross_modal_identity": 3.399754524230957}, {"total": 1.8482964038848877, "base_identity_triplet": 0.9569388031959534, "cross_modal_identity": 3.5654306411743164}, {"total": 1.6901416778564453, "base_identity_triplet": 0.8900724053382874, "cross_modal_identity": 3.200277090072632}], "trainable_tensors": 203, "nonzero_gradient_tensors": 203, "missing_nonzero_gradients": [], "frozen_state_unchanged": true, "overflow_events": 0, "peak_reserved_mib": 6062.0}], "overfit": {"steps": 100, "alignment_weight": 0.25, "losses": [1.886078119277954, 1.414736270904541, 1.2394473552703857, 1.2084263563156128, 1.176552414894104, 1.1586143970489502, 1.1478662490844727, 1.1385693550109863, 1.13100266456604, 1.1271967887878418, 1.1247813701629639, 1.1226093769073486, 1.120248794555664, 1.117692470550537, 1.116735816001892, 1.1166794300079346, 1.1159539222717285, 1.1142001152038574, 1.1123586893081665, 1.111173152923584, 1.1104528903961182, 1.1096115112304688, 1.108652949333191, 1.1080055236816406, 1.107729196548462, 1.107513666152954, 1.107007622718811, 1.1063575744628906, 1.105902910232544, 1.105638027191162, 1.1053473949432373, 1.1050323247909546, 1.1047452688217163, 1.104468584060669, 1.1042554378509521, 1.104074239730835, 1.1038546562194824, 1.1036767959594727, 1.103532314300537, 1.1033684015274048, 1.1032135486602783, 1.1030747890472412, 1.102942705154419, 1.102828025817871, 1.1027209758758545, 1.1026115417480469, 1.1025140285491943, 1.1024298667907715, 1.1023519039154053, 1.1022666692733765, 1.1021833419799805, 1.1021174192428589, 1.1020547151565552, 1.1019797325134277, 1.1019177436828613, 1.1018717288970947, 1.10182523727417, 1.1017682552337646, 1.1017131805419922, 1.1016680002212524, 1.1016303300857544, 1.1015880107879639, 1.1015431880950928, 1.1015043258666992, 1.10146963596344, 1.1014349460601807, 1.1013970375061035, 1.1013662815093994, 1.101335048675537, 1.101301908493042, 1.1012706756591797, 1.1012427806854248, 1.1012170314788818, 1.1011875867843628, 1.1011583805084229, 1.101132869720459, 1.1011099815368652, 1.1010839939117432, 1.1010619401931763, 1.1010398864746094, 1.1010150909423828, 1.1009931564331055, 1.1009697914123535, 1.1009492874145508, 1.1009294986724854, 1.1009081602096558, 1.1008881330490112, 1.1008691787719727, 1.1008498668670654, 1.1008288860321045, 1.1008104085922241, 1.100792407989502, 1.1007754802703857, 1.1007568836212158, 1.1007392406463623, 1.100722074508667, 1.1007061004638672, 1.1006898880004883, 1.100675344467163, 1.100658655166626], "components": [{"total": 1.886078119277954, "base_identity_triplet": 0.6110473871231079, "cross_modal_identity": 5.100122928619385}, {"total": 1.414736270904541, "base_identity_triplet": 0.6431728005409241, "cross_modal_identity": 3.0862536430358887}, {"total": 1.2394473552703857, "base_identity_triplet": 0.5989117622375488, "cross_modal_identity": 2.5621423721313477}, {"total": 1.2084263563156128, "base_identity_triplet": 0.6130619645118713, "cross_modal_identity": 2.381457567214966}, {"total": 1.176552414894104, "base_identity_triplet": 0.6061026453971863, "cross_modal_identity": 2.281799077987671}, {"total": 1.1586143970489502, "base_identity_triplet": 0.6030991673469543, "cross_modal_identity": 2.2220606803894043}, {"total": 1.1478662490844727, "base_identity_triplet": 0.6009105443954468, "cross_modal_identity": 2.1878228187561035}, {"total": 1.1385693550109863, "base_identity_triplet": 0.5965666174888611, "cross_modal_identity": 2.16801118850708}, {"total": 1.13100266456604, "base_identity_triplet": 0.5921186208724976, "cross_modal_identity": 2.155535936355591}, {"total": 1.1271967887878418, "base_identity_triplet": 0.5905436277389526, "cross_modal_identity": 2.1466126441955566}, {"total": 1.1247813701629639, "base_identity_triplet": 0.589903712272644, "cross_modal_identity": 2.1395106315612793}, {"total": 1.1226093769073486, "base_identity_triplet": 0.5892447233200073, "cross_modal_identity": 2.133458375930786}, {"total": 1.120248794555664, "base_identity_triplet": 0.5881838202476501, "cross_modal_identity": 2.1282601356506348}, {"total": 1.117692470550537, "base_identity_triplet": 0.5867010354995728, "cross_modal_identity": 2.1239657402038574}, {"total": 1.116735816001892, "base_identity_triplet": 0.5866640210151672, "cross_modal_identity": 2.1202871799468994}, {"total": 1.1166794300079346, "base_identity_triplet": 0.5873935222625732, "cross_modal_identity": 2.1171436309814453}, {"total": 1.1159539222717285, "base_identity_triplet": 0.5873591303825378, "cross_modal_identity": 2.1143791675567627}, {"total": 1.1142001152038574, "base_identity_triplet": 0.5862497687339783, "cross_modal_identity": 2.1118011474609375}, {"total": 1.1123586893081665, "base_identity_triplet": 0.5849990248680115, "cross_modal_identity": 2.10943865776062}, {"total": 1.111173152923584, "base_identity_triplet": 0.584365963935852, "cross_modal_identity": 2.1072285175323486}, {"total": 1.1104528903961182, "base_identity_triplet": 0.5841606855392456, "cross_modal_identity": 2.105168581008911}, {"total": 1.1096115112304688, "base_identity_triplet": 0.5837832689285278, "cross_modal_identity": 2.1033127307891846}, {"total": 1.108652949333191, "base_identity_triplet": 0.5832395553588867, "cross_modal_identity": 2.101653575897217}, {"total": 1.1080055236816406, "base_identity_triplet": 0.5829561352729797, "cross_modal_identity": 2.1001973152160645}, {"total": 1.107729196548462, "base_identity_triplet": 0.583004355430603, "cross_modal_identity": 2.0988993644714355}, {"total": 1.107513666152954, "base_identity_triplet": 0.5830686688423157, "cross_modal_identity": 2.0977799892425537}, {"total": 1.107007622718811, "base_identity_triplet": 0.5828068852424622, "cross_modal_identity": 2.0968029499053955}, {"total": 1.1063575744628906, "base_identity_triplet": 0.5823770761489868, "cross_modal_identity": 2.0959222316741943}, {"total": 1.105902910232544, "base_identity_triplet": 0.5821169018745422, "cross_modal_identity": 2.095144033432007}, {"total": 1.105638027191162, "base_identity_triplet": 0.5820358991622925, "cross_modal_identity": 2.0944087505340576}, {"total": 1.1053473949432373, "base_identity_triplet": 0.5819199681282043, "cross_modal_identity": 2.093709707260132}, {"total": 1.1050323247909546, "base_identity_triplet": 0.5817698836326599, "cross_modal_identity": 2.0930497646331787}, {"total": 1.1047452688217163, "base_identity_triplet": 0.5816396474838257, "cross_modal_identity": 2.0924224853515625}, {"total": 1.104468584060669, "base_identity_triplet": 0.5815125703811646, "cross_modal_identity": 2.0918240547180176}, {"total": 1.1042554378509521, "base_identity_triplet": 0.5814361572265625, "cross_modal_identity": 2.0912768840789795}, {"total": 1.104074239730835, "base_identity_triplet": 0.5813822746276855, "cross_modal_identity": 2.0907680988311768}, {"total": 1.1038546562194824, "base_identity_triplet": 0.5812811851501465, "cross_modal_identity": 2.0902938842773438}, {"total": 1.1036767959594727, "base_identity_triplet": 0.5812102556228638, "cross_modal_identity": 2.0898659229278564}, {"total": 1.103532314300537, "base_identity_triplet": 0.5811670422554016, "cross_modal_identity": 2.089461088180542}, {"total": 1.1033684015274048, "base_identity_triplet": 0.5810971856117249, "cross_modal_identity": 2.0890848636627197}, {"total": 1.1032135486602783, "base_identity_triplet": 0.5810292363166809, "cross_modal_identity": 2.0887370109558105}, {"total": 1.1030747890472412, "base_identity_triplet": 0.5809732675552368, "cross_modal_identity": 2.0884063243865967}, {"total": 1.102942705154419, "base_identity_triplet": 0.5809207558631897, "cross_modal_identity": 2.088087558746338}, {"total": 1.102828025817871, "base_identity_triplet": 0.5808818340301514, "cross_modal_identity": 2.087785005569458}, {"total": 1.1027209758758545, "base_identity_triplet": 0.5808442831039429, "cross_modal_identity": 2.0875065326690674}, {"total": 1.1026115417480469, "base_identity_triplet": 0.5808005332946777, "cross_modal_identity": 2.0872442722320557}, {"total": 1.1025140285491943, "base_identity_triplet": 0.5807675123214722, "cross_modal_identity": 2.0869863033294678}, {"total": 1.1024298667907715, "base_identity_triplet": 0.5807422995567322, "cross_modal_identity": 2.0867505073547363}, {"total": 1.1023519039154053, "base_identity_triplet": 0.5807206630706787, "cross_modal_identity": 2.0865252017974854}, {"total": 1.1022666692733765, "base_identity_triplet": 0.5806899666786194, "cross_modal_identity": 2.0863068103790283}, {"total": 1.1021833419799805, "base_identity_triplet": 0.580657958984375, "cross_modal_identity": 2.086101531982422}, {"total": 1.1021174192428589, "base_identity_triplet": 0.5806401371955872, "cross_modal_identity": 2.085909128189087}, {"total": 1.1020547151565552, "base_identity_triplet": 0.5806237459182739, "cross_modal_identity": 2.085723876953125}, {"total": 1.1019797325134277, "base_identity_triplet": 0.5805923938751221, "cross_modal_identity": 2.0855495929718018}, {"total": 1.1019177436828613, "base_identity_triplet": 0.5805717706680298, "cross_modal_identity": 2.085383653640747}, {"total": 1.1018717288970947, "base_identity_triplet": 0.5805649161338806, "cross_modal_identity": 2.0852274894714355}, {"total": 1.10182523727417, "base_identity_triplet": 0.5805566906929016, "cross_modal_identity": 2.0850741863250732}, {"total": 1.1017682552337646, "base_identity_triplet": 0.5805350542068481, "cross_modal_identity": 2.084932565689087}, {"total": 1.1017131805419922, "base_identity_triplet": 0.5805152654647827, "cross_modal_identity": 2.084791421890259}, {"total": 1.1016680002212524, "base_identity_triplet": 0.5805038213729858, "cross_modal_identity": 2.0846567153930664}, {"total": 1.1016303300857544, "base_identity_triplet": 0.5804981589317322, "cross_modal_identity": 2.084528684616089}, {"total": 1.1015880107879639, "base_identity_triplet": 0.5804862380027771, "cross_modal_identity": 2.084407329559326}, {"total": 1.1015431880950928, "base_identity_triplet": 0.5804724097251892, "cross_modal_identity": 2.0842831134796143}, {"total": 1.1015043258666992, "base_identity_triplet": 0.5804623365402222, "cross_modal_identity": 2.084167957305908}, {"total": 1.10146963596344, "base_identity_triplet": 0.5804558396339417, "cross_modal_identity": 2.084055185317993}, {"total": 1.1014349460601807, "base_identity_triplet": 0.580449104309082, "cross_modal_identity": 2.0839436054229736}, {"total": 1.1013970375061035, "base_identity_triplet": 0.5804381966590881, "cross_modal_identity": 2.0838353633880615}, {"total": 1.1013662815093994, "base_identity_triplet": 0.5804329514503479, "cross_modal_identity": 2.083733081817627}, {"total": 1.101335048675537, "base_identity_triplet": 0.5804269909858704, "cross_modal_identity": 2.083631992340088}, {"total": 1.101301908493042, "base_identity_triplet": 0.5804185271263123, "cross_modal_identity": 2.083533525466919}, {"total": 1.1012706756591797, "base_identity_triplet": 0.580410361289978, "cross_modal_identity": 2.0834414958953857}, {"total": 1.1012427806854248, "base_identity_triplet": 0.5804060697555542, "cross_modal_identity": 2.0833466053009033}, {"total": 1.1012170314788818, "base_identity_triplet": 0.5804027318954468, "cross_modal_identity": 2.0832571983337402}, {"total": 1.1011875867843628, "base_identity_triplet": 0.5803955793380737, "cross_modal_identity": 2.0831680297851562}, {"total": 1.1011583805084229, "base_identity_triplet": 0.5803881287574768, "cross_modal_identity": 2.083080768585205}, {"total": 1.101132869720459, "base_identity_triplet": 0.5803837776184082, "cross_modal_identity": 2.0829966068267822}, {"total": 1.1011099815368652, "base_identity_triplet": 0.5803815126419067, "cross_modal_identity": 2.082914113998413}, {"total": 1.1010839939117432, "base_identity_triplet": 0.5803752541542053, "cross_modal_identity": 2.0828347206115723}, {"total": 1.1010619401931763, "base_identity_triplet": 0.5803730487823486, "cross_modal_identity": 2.0827555656433105}, {"total": 1.1010398864746094, "base_identity_triplet": 0.580370306968689, "cross_modal_identity": 2.0826780796051025}, {"total": 1.1010150909423828, "base_identity_triplet": 0.5803647637367249, "cross_modal_identity": 2.082601547241211}, {"total": 1.1009931564331055, "base_identity_triplet": 0.5803616046905518, "cross_modal_identity": 2.0825259685516357}, {"total": 1.1009697914123535, "base_identity_triplet": 0.5803563594818115, "cross_modal_identity": 2.082453727722168}, {"total": 1.1009492874145508, "base_identity_triplet": 0.580353856086731, "cross_modal_identity": 2.0823819637298584}, {"total": 1.1009294986724854, "base_identity_triplet": 0.5803520083427429, "cross_modal_identity": 2.0823097229003906}, {"total": 1.1009081602096558, "base_identity_triplet": 0.5803479552268982, "cross_modal_identity": 2.0822408199310303}, {"total": 1.1008881330490112, "base_identity_triplet": 0.5803449153900146, "cross_modal_identity": 2.0821728706359863}, {"total": 1.1008691787719727, "base_identity_triplet": 0.5803425312042236, "cross_modal_identity": 2.082106351852417}, {"total": 1.1008498668670654, "base_identity_triplet": 0.5803399682044983, "cross_modal_identity": 2.0820393562316895}, {"total": 1.1008288860321045, "base_identity_triplet": 0.5803359746932983, "cross_modal_identity": 2.0819714069366455}, {"total": 1.1008104085922241, "base_identity_triplet": 0.580333411693573, "cross_modal_identity": 2.0819079875946045}, {"total": 1.100792407989502, "base_identity_triplet": 0.5803312063217163, "cross_modal_identity": 2.0818445682525635}, {"total": 1.1007754802703857, "base_identity_triplet": 0.580329954624176, "cross_modal_identity": 2.0817818641662598}, {"total": 1.1007568836212158, "base_identity_triplet": 0.5803264379501343, "cross_modal_identity": 2.081721544265747}, {"total": 1.1007392406463623, "base_identity_triplet": 0.5803242325782776, "cross_modal_identity": 2.081660270690918}, {"total": 1.100722074508667, "base_identity_triplet": 0.580321192741394, "cross_modal_identity": 2.0816032886505127}, {"total": 1.1007061004638672, "base_identity_triplet": 0.5803197026252747, "cross_modal_identity": 2.08154559135437}, {"total": 1.1006898880004883, "base_identity_triplet": 0.5803180932998657, "cross_modal_identity": 2.0814871788024902}, {"total": 1.100675344467163, "base_identity_triplet": 0.580316960811615, "cross_modal_identity": 2.0814335346221924}, {"total": 1.100658655166626, "base_identity_triplet": 0.580313503742218, "cross_modal_identity": 2.081380605697632}], "trainable_tensors": 203, "nonzero_gradient_tensors": 203, "missing_nonzero_gradients": [], "frozen_state_unchanged": true, "overflow_events": 0, "identity_weight_sum": 0.75, "identity_entropy_floor": 0.57838292104621, "alignment_entropy_floor": 2.0794415416798357, "combined_loss_floor": 1.098243306466169, "excess_loss_ratio": 0.0030658060054957735}}
建立transformer............
using Transformer_type: ViT-B-16 as a backbone
Resized position embedding: %s to %s torch.Size([197, 768]) torch.Size([129, 768])
Position embedding resize to height:16 width: 8
Successfully load ckpt!
<All keys matched successfully>
Loading pretrained model from CLIP
camera number is : 4
===========Building Signal===========
{"fold": 0, "endpoint": "identity_concat", "epoch": 1, "batches": 29, "learning_rate": 7.000000000000001e-05, "mean_total": 0.6403660835890934, "mean_base_identity_triplet": 0.6403660835890934, "mean_cross_modal_identity": 4.415650688368698}
{"fold": 0, "endpoint": "identity_concat", "epoch": 2, "batches": 29, "learning_rate": 0.00014000000000000001, "mean_total": 0.6295519615041798, "mean_base_identity_triplet": 0.6295519615041798, "mean_cross_modal_identity": 4.414511359971145}
{"fold": 0, "endpoint": "identity_concat", "epoch": 3, "batches": 29, "learning_rate": 0.00020999999999999998, "mean_total": 0.656803324304778, "mean_base_identity_triplet": 0.656803324304778, "mean_cross_modal_identity": 4.277279335876991}
{"fold": 0, "endpoint": "identity_concat", "epoch": 4, "batches": 29, "learning_rate": 0.00028000000000000003, "mean_total": 0.6929700518476551, "mean_base_identity_triplet": 0.6929700518476551, "mean_cross_modal_identity": 4.170246247587533}
{"fold": 0, "endpoint": "identity_concat", "epoch": 5, "batches": 29, "learning_rate": 0.00035, "mean_total": 0.7590679875735579, "mean_base_identity_triplet": 0.7590679875735579, "mean_cross_modal_identity": 4.333076156418899}
{"fold": 0, "endpoint": "identity_concat", "epoch": 6, "batches": 29, "learning_rate": 0.00035, "mean_total": 0.7708432509981352, "mean_base_identity_triplet": 0.7708432509981352, "mean_cross_modal_identity": 4.458724811159331}
{"fold": 0, "endpoint": "identity_concat", "epoch": 7, "batches": 29, "learning_rate": 0.000346175830128416, "mean_total": 0.7420130947540546, "mean_base_identity_triplet": 0.7420130947540546, "mean_cross_modal_identity": 4.365994724734076}
{"fold": 0, "endpoint": "identity_concat", "epoch": 8, "batches": 29, "learning_rate": 0.0003348704550874551, "mean_total": 0.72907980762679, "mean_base_identity_triplet": 0.72907980762679, "mean_cross_modal_identity": 4.334258704349913}
{"fold": 0, "endpoint": "identity_concat", "epoch": 9, "batches": 29, "learning_rate": 0.0003165779740156158, "mean_total": 0.7076521865252791, "mean_base_identity_triplet": 0.7076521865252791, "mean_cross_modal_identity": 4.433319757724631}
{"fold": 0, "endpoint": "identity_concat", "epoch": 10, "batches": 29, "learning_rate": 0.0002920978561128002, "mean_total": 0.6902668640531343, "mean_base_identity_triplet": 0.6902668640531343, "mean_cross_modal_identity": 4.374507312116952}
{"fold": 0, "endpoint": "identity_concat", "epoch": 11, "batches": 29, "learning_rate": 0.0002625, "mean_total": 0.6788335093136492, "mean_base_identity_triplet": 0.6788335093136492, "mean_cross_modal_identity": 4.379517604564798}
{"fold": 0, "endpoint": "identity_concat", "epoch": 12, "batches": 29, "learning_rate": 0.0002290779740156158, "mean_total": 0.6514451791500223, "mean_base_identity_triplet": 0.6514451791500223, "mean_cross_modal_identity": 4.302430177557057}
{"fold": 0, "endpoint": "identity_concat", "epoch": 13, "batches": 29, "learning_rate": 0.00019329248107183937, "mean_total": 0.6391743216021307, "mean_base_identity_triplet": 0.6391743216021307, "mean_cross_modal_identity": 4.28543915419743}
{"fold": 0, "endpoint": "identity_concat", "epoch": 14, "batches": 29, "learning_rate": 0.00015670751892816066, "mean_total": 0.6287761597797789, "mean_base_identity_triplet": 0.6287761597797789, "mean_cross_modal_identity": 4.2664071444807385}
{"fold": 0, "endpoint": "identity_concat", "epoch": 15, "batches": 29, "learning_rate": 0.00012092202598438422, "mean_total": 0.6182608727751107, "mean_base_identity_triplet": 0.6182608727751107, "mean_cross_modal_identity": 4.294358089052397}
{"fold": 0, "endpoint": "identity_concat", "epoch": 16, "batches": 29, "learning_rate": 8.750000000000004e-05, "mean_total": 0.6151929847125349, "mean_base_identity_triplet": 0.6151929847125349, "mean_cross_modal_identity": 4.248846415815683}
{"fold": 0, "endpoint": "identity_concat", "epoch": 17, "batches": 29, "learning_rate": 5.7902143887199866e-05, "mean_total": 0.6150125922827885, "mean_base_identity_triplet": 0.6150125922827885, "mean_cross_modal_identity": 4.304250750048407}
{"fold": 0, "endpoint": "identity_concat", "epoch": 18, "batches": 29, "learning_rate": 3.342202598438421e-05, "mean_total": 0.6096591620609678, "mean_base_identity_triplet": 0.6096591620609678, "mean_cross_modal_identity": 4.309684095711543}
{"fold": 0, "endpoint": "identity_concat", "epoch": 19, "batches": 29, "learning_rate": 1.5129544912544829e-05, "mean_total": 0.6095875809932577, "mean_base_identity_triplet": 0.6095875809932577, "mean_cross_modal_identity": 4.311281672839461}
{"fold": 0, "endpoint": "identity_concat", "epoch": 20, "batches": 29, "learning_rate": 3.824169871584004e-06, "mean_total": 0.6083162077542009, "mean_base_identity_triplet": 0.6083162077542009, "mean_cross_modal_identity": 4.301595737194193}
建立transformer............
using Transformer_type: ViT-B-16 as a backbone
Resized position embedding: %s to %s torch.Size([197, 768]) torch.Size([129, 768])
Position embedding resize to height:16 width: 8
Successfully load ckpt!
<All keys matched successfully>
Loading pretrained model from CLIP
camera number is : 4
===========Building Signal===========
{"stage": "Q1_final", "fold": 0, "endpoint": "identity_concat", "metrics": {"baseline_only": {"mAP": 68.76764248141828, "Rank-1": 69.47368421052632, "Rank-5": 80.52631578947368, "Rank-10": 86.31578947368422}, "fused": {"mAP": 71.49464900543934, "Rank-1": 71.57894736842105, "Rank-5": 78.94736842105263, "Rank-10": 85.26315789473684}, "cnn": {"mAP": 71.24365473965169, "Rank-1": 71.05263157894737, "Rank-5": 76.84210526315789, "Rank-10": 78.94736842105263}, "transformer": {"mAP": 70.175141664378, "Rank-1": 71.57894736842105, "Rank-5": 82.63157894736842, "Rank-10": 87.36842105263159}, "mamba": {"mAP": 69.96446178020436, "Rank-1": 68.42105263157895, "Rank-5": 78.42105263157895, "Rank-10": 86.31578947368422}}}
建立transformer............
using Transformer_type: ViT-B-16 as a backbone
Resized position embedding: %s to %s torch.Size([197, 768]) torch.Size([129, 768])
Position embedding resize to height:16 width: 8
Successfully load ckpt!
<All keys matched successfully>
Loading pretrained model from CLIP
camera number is : 4
===========Building Signal===========
{"fold": 0, "endpoint": "cross_modal_identity", "epoch": 1, "batches": 29, "learning_rate": 7.000000000000001e-05, "mean_total": 1.587468040400538, "mean_base_identity_triplet": 0.6563718709452399, "mean_cross_modal_identity": 3.7243847107065133}
{"fold": 0, "endpoint": "cross_modal_identity", "epoch": 2, "batches": 29, "learning_rate": 0.00014000000000000001, "mean_total": 1.3839511090311511, "mean_base_identity_triplet": 0.6464088271404135, "mean_cross_modal_identity": 2.9501691111202897}
{"fold": 0, "endpoint": "cross_modal_identity", "epoch": 3, "batches": 29, "learning_rate": 0.00020999999999999998, "mean_total": 1.3320908587554405, "mean_base_identity_triplet": 0.6680112296137316, "mean_cross_modal_identity": 2.6563184590175233}
{"fold": 0, "endpoint": "cross_modal_identity", "epoch": 4, "batches": 29, "learning_rate": 0.00028000000000000003, "mean_total": 1.3271350490635838, "mean_base_identity_triplet": 0.6961689899707663, "mean_cross_modal_identity": 2.523864269256592}
{"fold": 0, "endpoint": "cross_modal_identity", "epoch": 5, "batches": 29, "learning_rate": 0.00035, "mean_total": 1.3696200929839035, "mean_base_identity_triplet": 0.7602105099579384, "mean_cross_modal_identity": 2.437638258111888}
{"fold": 0, "endpoint": "cross_modal_identity", "epoch": 6, "batches": 29, "learning_rate": 0.00035, "mean_total": 1.3901001091661125, "mean_base_identity_triplet": 0.7846477278347673, "mean_cross_modal_identity": 2.421809541768041}
{"fold": 0, "endpoint": "cross_modal_identity", "epoch": 7, "batches": 29, "learning_rate": 0.000346175830128416, "mean_total": 1.363620112682211, "mean_base_identity_triplet": 0.7682274086722012, "mean_cross_modal_identity": 2.3815708324826996}
{"fold": 0, "endpoint": "cross_modal_identity", "epoch": 8, "batches": 29, "learning_rate": 0.0003348704550874551, "mean_total": 1.3337495779169017, "mean_base_identity_triplet": 0.744048233689933, "mean_cross_modal_identity": 2.3588053604652144}
{"fold": 0, "endpoint": "cross_modal_identity", "epoch": 9, "batches": 29, "learning_rate": 0.0003165779740156158, "mean_total": 1.3046032149216225, "mean_base_identity_triplet": 0.7207331698516319, "mean_cross_modal_identity": 2.335480180279962}
{"fold": 0, "endpoint": "cross_modal_identity", "epoch": 10, "batches": 29, "learning_rate": 0.0002920978561128002, "mean_total": 1.260882542051118, "mean_base_identity_triplet": 0.6861932421552723, "mean_cross_modal_identity": 2.2987572242473733}
{"fold": 0, "endpoint": "cross_modal_identity", "epoch": 11, "batches": 29, "learning_rate": 0.0002625, "mean_total": 1.2521155003843636, "mean_base_identity_triplet": 0.6789229799961222, "mean_cross_modal_identity": 2.2927700815529657}
{"fold": 0, "endpoint": "cross_modal_identity", "epoch": 12, "batches": 29, "learning_rate": 0.0002290779740156158, "mean_total": 1.2261701246787762, "mean_base_identity_triplet": 0.6575530911314076, "mean_cross_modal_identity": 2.2744681341894744}
{"fold": 0, "endpoint": "cross_modal_identity", "epoch": 13, "batches": 29, "learning_rate": 0.00019329248107183937, "mean_total": 1.2046109191302596, "mean_base_identity_triplet": 0.6410272244749398, "mean_cross_modal_identity": 2.2543347621786185}
{"fold": 0, "endpoint": "cross_modal_identity", "epoch": 14, "batches": 29, "learning_rate": 0.00015670751892816066, "mean_total": 1.1942254099352607, "mean_base_identity_triplet": 0.6329480019109003, "mean_cross_modal_identity": 2.2451096485401023}
{"fold": 0, "endpoint": "cross_modal_identity", "epoch": 15, "batches": 29, "learning_rate": 0.00012092202598438422, "mean_total": 1.1825880634373631, "mean_base_identity_triplet": 0.6219039394937712, "mean_cross_modal_identity": 2.242736528659689}
{"fold": 0, "endpoint": "cross_modal_identity", "epoch": 16, "batches": 29, "learning_rate": 8.750000000000004e-05, "mean_total": 1.1767294859064037, "mean_base_identity_triplet": 0.6183972317596962, "mean_cross_modal_identity": 2.2333289837015085}
{"fold": 0, "endpoint": "cross_modal_identity", "epoch": 17, "batches": 29, "learning_rate": 5.7902143887199866e-05, "mean_total": 1.177842847232161, "mean_base_identity_triplet": 0.6201053035670313, "mean_cross_modal_identity": 2.230950174660518}
{"fold": 0, "endpoint": "cross_modal_identity", "epoch": 18, "batches": 29, "learning_rate": 3.342202598438421e-05, "mean_total": 1.1687987138485085, "mean_base_identity_triplet": 0.6133857739382776, "mean_cross_modal_identity": 2.221651759640924}
{"fold": 0, "endpoint": "cross_modal_identity", "epoch": 19, "batches": 29, "learning_rate": 1.5129544912544829e-05, "mean_total": 1.1705824630013828, "mean_base_identity_triplet": 0.6145029992892824, "mean_cross_modal_identity": 2.2243178384057405}
{"fold": 0, "endpoint": "cross_modal_identity", "epoch": 20, "batches": 29, "learning_rate": 3.824169871584004e-06, "mean_total": 1.1685707774655572, "mean_base_identity_triplet": 0.612801286680945, "mean_cross_modal_identity": 2.223077913810467}
建立transformer............
using Transformer_type: ViT-B-16 as a backbone
Resized position embedding: %s to %s torch.Size([197, 768]) torch.Size([129, 768])
Position embedding resize to height:16 width: 8
Successfully load ckpt!
<All keys matched successfully>
Loading pretrained model from CLIP
camera number is : 4
===========Building Signal===========
{"stage": "Q1_final", "fold": 0, "endpoint": "cross_modal_identity", "metrics": {"baseline_only": {"mAP": 68.76764248141828, "Rank-1": 69.47368421052632, "Rank-5": 80.52631578947368, "Rank-10": 86.31578947368422}, "fused": {"mAP": 70.4070407603897, "Rank-1": 70.0, "Rank-5": 79.47368421052632, "Rank-10": 84.21052631578947}, "cnn": {"mAP": 71.66213279629736, "Rank-1": 73.68421052631578, "Rank-5": 80.0, "Rank-10": 84.21052631578947}, "transformer": {"mAP": 65.84303732808465, "Rank-1": 65.26315789473685, "Rank-5": 74.73684210526315, "Rank-10": 82.63157894736842}, "mamba": {"mAP": 69.429691104966, "Rank-1": 71.57894736842105, "Rank-5": 79.47368421052632, "Rank-10": 84.73684210526315}}}
建立transformer............
using Transformer_type: ViT-B-16 as a backbone
Resized position embedding: %s to %s torch.Size([197, 768]) torch.Size([129, 768])
Position embedding resize to height:16 width: 8
Successfully load ckpt!
<All keys matched successfully>
Loading pretrained model from CLIP
camera number is : 4
===========Building Signal===========
{"fold": 1, "endpoint": "identity_concat", "epoch": 1, "batches": 28, "learning_rate": 7.000000000000001e-05, "mean_total": 0.632215644632067, "mean_base_identity_triplet": 0.632215644632067, "mean_cross_modal_identity": 4.090742639132908}
{"fold": 1, "endpoint": "identity_concat", "epoch": 2, "batches": 28, "learning_rate": 0.00014000000000000001, "mean_total": 0.6256249908890043, "mean_base_identity_triplet": 0.6256249908890043, "mean_cross_modal_identity": 4.00408548116684}
{"fold": 1, "endpoint": "identity_concat", "epoch": 3, "batches": 28, "learning_rate": 0.00020999999999999998, "mean_total": 0.6575227890695844, "mean_base_identity_triplet": 0.6575227890695844, "mean_cross_modal_identity": 4.056274397032602}
{"fold": 1, "endpoint": "identity_concat", "epoch": 4, "batches": 28, "learning_rate": 0.00028000000000000003, "mean_total": 0.7004967757633754, "mean_base_identity_triplet": 0.7004967757633754, "mean_cross_modal_identity": 4.0557104008538385}
{"fold": 1, "endpoint": "identity_concat", "epoch": 5, "batches": 28, "learning_rate": 0.00035, "mean_total": 0.7441031485795975, "mean_base_identity_triplet": 0.7441031485795975, "mean_cross_modal_identity": 4.017725374017443}
{"fold": 1, "endpoint": "identity_concat", "epoch": 6, "batches": 28, "learning_rate": 0.00035, "mean_total": 0.7746560190405164, "mean_base_identity_triplet": 0.7746560190405164, "mean_cross_modal_identity": 4.008493048804147}
{"fold": 1, "endpoint": "identity_concat", "epoch": 7, "batches": 28, "learning_rate": 0.000346175830128416, "mean_total": 0.7487760122333255, "mean_base_identity_triplet": 0.7487760122333255, "mean_cross_modal_identity": 3.9092342598097667}
{"fold": 1, "endpoint": "identity_concat", "epoch": 8, "batches": 28, "learning_rate": 0.0003348704550874551, "mean_total": 0.7177174878971917, "mean_base_identity_triplet": 0.7177174878971917, "mean_cross_modal_identity": 4.129185191222599}
{"fold": 1, "endpoint": "identity_concat", "epoch": 9, "batches": 28, "learning_rate": 0.0003165779740156158, "mean_total": 0.7130915927035468, "mean_base_identity_triplet": 0.7130915927035468, "mean_cross_modal_identity": 4.104824236461094}
{"fold": 1, "endpoint": "identity_concat", "epoch": 10, "batches": 28, "learning_rate": 0.0002920978561128002, "mean_total": 0.6944786991391864, "mean_base_identity_triplet": 0.6944786991391864, "mean_cross_modal_identity": 4.019155544894082}
{"fold": 1, "endpoint": "identity_concat", "epoch": 11, "batches": 28, "learning_rate": 0.0002625, "mean_total": 0.6734600237437657, "mean_base_identity_triplet": 0.6734600237437657, "mean_cross_modal_identity": 4.035267727715628}
{"fold": 1, "endpoint": "identity_concat", "epoch": 12, "batches": 28, "learning_rate": 0.0002290779740156158, "mean_total": 0.6530899831226894, "mean_base_identity_triplet": 0.6530899831226894, "mean_cross_modal_identity": 4.123783588409424}
{"fold": 1, "endpoint": "identity_concat", "epoch": 13, "batches": 28, "learning_rate": 0.00019329248107183937, "mean_total": 0.6349446092333112, "mean_base_identity_triplet": 0.6349446092333112, "mean_cross_modal_identity": 4.217786090714591}
{"fold": 1, "endpoint": "identity_concat", "epoch": 14, "batches": 28, "learning_rate": 0.00015670751892816066, "mean_total": 0.6279235162905284, "mean_base_identity_triplet": 0.6279235162905284, "mean_cross_modal_identity": 4.225392954690116}
{"fold": 1, "endpoint": "identity_concat", "epoch": 15, "batches": 28, "learning_rate": 0.00012092202598438422, "mean_total": 0.616232693195343, "mean_base_identity_triplet": 0.616232693195343, "mean_cross_modal_identity": 4.1672892570495605}
{"fold": 1, "endpoint": "identity_concat", "epoch": 16, "batches": 28, "learning_rate": 8.750000000000004e-05, "mean_total": 0.6147187458617347, "mean_base_identity_triplet": 0.6147187458617347, "mean_cross_modal_identity": 4.128325343132019}
{"fold": 1, "endpoint": "identity_concat", "epoch": 17, "batches": 28, "learning_rate": 5.7902143887199866e-05, "mean_total": 0.6117957660130092, "mean_base_identity_triplet": 0.6117957660130092, "mean_cross_modal_identity": 4.20550742319652}
{"fold": 1, "endpoint": "identity_concat", "epoch": 18, "batches": 28, "learning_rate": 3.342202598438421e-05, "mean_total": 0.60961024250303, "mean_base_identity_triplet": 0.60961024250303, "mean_cross_modal_identity": 4.169636709349496}
{"fold": 1, "endpoint": "identity_concat", "epoch": 19, "batches": 28, "learning_rate": 1.5129544912544829e-05, "mean_total": 0.6118400714227131, "mean_base_identity_triplet": 0.6118400714227131, "mean_cross_modal_identity": 4.167765762124743}
{"fold": 1, "endpoint": "identity_concat", "epoch": 20, "batches": 28, "learning_rate": 3.824169871584004e-06, "mean_total": 0.6109225537095752, "mean_base_identity_triplet": 0.6109225537095752, "mean_cross_modal_identity": 4.190159721033914}
建立transformer............
using Transformer_type: ViT-B-16 as a backbone
Resized position embedding: %s to %s torch.Size([197, 768]) torch.Size([129, 768])
Position embedding resize to height:16 width: 8
Successfully load ckpt!
<All keys matched successfully>
Loading pretrained model from CLIP
camera number is : 4
===========Building Signal===========
{"stage": "Q1_final", "fold": 1, "endpoint": "identity_concat", "metrics": {"baseline_only": {"mAP": 88.67823992785485, "Rank-1": 93.29608938547486, "Rank-5": 99.4413407821229, "Rank-10": 100.0}, "fused": {"mAP": 90.08863107431156, "Rank-1": 95.53072625698324, "Rank-5": 100.0, "Rank-10": 100.0}, "cnn": {"mAP": 91.81060156746096, "Rank-1": 98.32402234636871, "Rank-5": 100.0, "Rank-10": 100.0}, "transformer": {"mAP": 86.32566389935933, "Rank-1": 88.26815642458101, "Rank-5": 92.73743016759776, "Rank-10": 94.97206703910615}, "mamba": {"mAP": 89.22795165240245, "Rank-1": 96.64804469273743, "Rank-5": 98.88268156424581, "Rank-10": 99.4413407821229}}}
建立transformer............
using Transformer_type: ViT-B-16 as a backbone
Resized position embedding: %s to %s torch.Size([197, 768]) torch.Size([129, 768])
Position embedding resize to height:16 width: 8
Successfully load ckpt!
<All keys matched successfully>
Loading pretrained model from CLIP
camera number is : 4
===========Building Signal===========
{"fold": 1, "endpoint": "cross_modal_identity", "epoch": 1, "batches": 28, "learning_rate": 7.000000000000001e-05, "mean_total": 1.5243514478206635, "mean_base_identity_triplet": 0.641919270157814, "mean_cross_modal_identity": 3.5297287021364485}
{"fold": 1, "endpoint": "cross_modal_identity", "epoch": 2, "batches": 28, "learning_rate": 0.00014000000000000001, "mean_total": 1.3579231287751878, "mean_base_identity_triplet": 0.6406760939529964, "mean_cross_modal_identity": 2.8689881222588673}
{"fold": 1, "endpoint": "cross_modal_identity", "epoch": 3, "batches": 28, "learning_rate": 0.00020999999999999998, "mean_total": 1.3192869339670454, "mean_base_identity_triplet": 0.6671365542071206, "mean_cross_modal_identity": 2.608601519039699}
{"fold": 1, "endpoint": "cross_modal_identity", "epoch": 4, "batches": 28, "learning_rate": 0.00028000000000000003, "mean_total": 1.3366437000887734, "mean_base_identity_triplet": 0.7052383082253593, "mean_cross_modal_identity": 2.5256215844835554}
{"fold": 1, "endpoint": "cross_modal_identity", "epoch": 5, "batches": 28, "learning_rate": 0.00035, "mean_total": 1.3664186256272453, "mean_base_identity_triplet": 0.7565972294126239, "mean_cross_modal_identity": 2.4392855763435364}
{"fold": 1, "endpoint": "cross_modal_identity", "epoch": 6, "batches": 28, "learning_rate": 0.00035, "mean_total": 1.3919646910258703, "mean_base_identity_triplet": 0.7844206073454448, "mean_cross_modal_identity": 2.430176419871194}
{"fold": 1, "endpoint": "cross_modal_identity", "epoch": 7, "batches": 28, "learning_rate": 0.000346175830128416, "mean_total": 1.345699463571821, "mean_base_identity_triplet": 0.7563837362187249, "mean_cross_modal_identity": 2.3572629349572316}
{"fold": 1, "endpoint": "cross_modal_identity", "epoch": 8, "batches": 28, "learning_rate": 0.0003348704550874551, "mean_total": 1.3104262522288732, "mean_base_identity_triplet": 0.7266859539917537, "mean_cross_modal_identity": 2.3349611844335283}
{"fold": 1, "endpoint": "cross_modal_identity", "epoch": 9, "batches": 28, "learning_rate": 0.0003165779740156158, "mean_total": 1.2816579001290458, "mean_base_identity_triplet": 0.7086428765739713, "mean_cross_modal_identity": 2.292060136795044}
{"fold": 1, "endpoint": "cross_modal_identity", "epoch": 10, "batches": 28, "learning_rate": 0.0002920978561128002, "mean_total": 1.2679189613887243, "mean_base_identity_triplet": 0.6946144934211459, "mean_cross_modal_identity": 2.2932178803852628}
{"fold": 1, "endpoint": "cross_modal_identity", "epoch": 11, "batches": 28, "learning_rate": 0.0002625, "mean_total": 1.2405432292393275, "mean_base_identity_triplet": 0.6719239801168442, "mean_cross_modal_identity": 2.274476945400238}
{"fold": 1, "endpoint": "cross_modal_identity", "epoch": 12, "batches": 28, "learning_rate": 0.0002290779740156158, "mean_total": 1.218596807547978, "mean_base_identity_triplet": 0.6541103252342769, "mean_cross_modal_identity": 2.257945946284703}
{"fold": 1, "endpoint": "cross_modal_identity", "epoch": 13, "batches": 28, "learning_rate": 0.00019329248107183937, "mean_total": 1.2039983528000968, "mean_base_identity_triplet": 0.6405970688377108, "mean_cross_modal_identity": 2.253605161394392}
{"fold": 1, "endpoint": "cross_modal_identity", "epoch": 14, "batches": 28, "learning_rate": 0.00015670751892816066, "mean_total": 1.187509102480752, "mean_base_identity_triplet": 0.62874017230102, "mean_cross_modal_identity": 2.2350757207189287}
{"fold": 1, "endpoint": "cross_modal_identity", "epoch": 15, "batches": 28, "learning_rate": 0.00012092202598438422, "mean_total": 1.1716473485742296, "mean_base_identity_triplet": 0.6172673063618797, "mean_cross_modal_identity": 2.217520202909197}
{"fold": 1, "endpoint": "cross_modal_identity", "epoch": 16, "batches": 28, "learning_rate": 8.750000000000004e-05, "mean_total": 1.1780716478824615, "mean_base_identity_triplet": 0.6208021087305886, "mean_cross_modal_identity": 2.2290781140327454}
{"fold": 1, "endpoint": "cross_modal_identity", "epoch": 17, "batches": 28, "learning_rate": 5.7902143887199866e-05, "mean_total": 1.169366900409971, "mean_base_identity_triplet": 0.6149330011435917, "mean_cross_modal_identity": 2.217735614095415}
{"fold": 1, "endpoint": "cross_modal_identity", "epoch": 18, "batches": 28, "learning_rate": 3.342202598438421e-05, "mean_total": 1.1649449212210519, "mean_base_identity_triplet": 0.6122629408325467, "mean_cross_modal_identity": 2.210727904524122}
{"fold": 1, "endpoint": "cross_modal_identity", "epoch": 19, "batches": 28, "learning_rate": 1.5129544912544829e-05, "mean_total": 1.1733561754226685, "mean_base_identity_triplet": 0.6184114749942508, "mean_cross_modal_identity": 2.219778801713671}
{"fold": 1, "endpoint": "cross_modal_identity", "epoch": 20, "batches": 28, "learning_rate": 3.824169871584004e-06, "mean_total": 1.1686649194785528, "mean_base_identity_triplet": 0.6137791723012924, "mean_cross_modal_identity": 2.2195430057389394}
建立transformer............
using Transformer_type: ViT-B-16 as a backbone
Resized position embedding: %s to %s torch.Size([197, 768]) torch.Size([129, 768])
Position embedding resize to height:16 width: 8
Successfully load ckpt!
<All keys matched successfully>
Loading pretrained model from CLIP
camera number is : 4
===========Building Signal===========
{"stage": "Q1_final", "fold": 1, "endpoint": "cross_modal_identity", "metrics": {"baseline_only": {"mAP": 88.67823992785485, "Rank-1": 93.29608938547486, "Rank-5": 99.4413407821229, "Rank-10": 100.0}, "fused": {"mAP": 87.54864520546857, "Rank-1": 89.94413407821229, "Rank-5": 95.53072625698324, "Rank-10": 99.4413407821229}, "cnn": {"mAP": 85.38741617831678, "Rank-1": 87.70949720670392, "Rank-5": 93.29608938547486, "Rank-10": 95.53072625698324}, "transformer": {"mAP": 83.77104134740779, "Rank-1": 87.15083798882681, "Rank-5": 91.06145251396647, "Rank-10": 92.73743016759776}, "mamba": {"mAP": 89.10766426321482, "Rank-1": 99.4413407821229, "Rank-5": 100.0, "Rank-10": 100.0}}}
建立transformer............
using Transformer_type: ViT-B-16 as a backbone
Resized position embedding: %s to %s torch.Size([197, 768]) torch.Size([129, 768])
Position embedding resize to height:16 width: 8
Successfully load ckpt!
<All keys matched successfully>
Loading pretrained model from CLIP
camera number is : 4
===========Building Signal===========
{"fold": 2, "endpoint": "identity_concat", "epoch": 1, "batches": 27, "learning_rate": 7.000000000000001e-05, "mean_total": 0.6373078756862216, "mean_base_identity_triplet": 0.6373078756862216, "mean_cross_modal_identity": 4.0704659885830345}
{"fold": 2, "endpoint": "identity_concat", "epoch": 2, "batches": 27, "learning_rate": 0.00014000000000000001, "mean_total": 0.6340815336615951, "mean_base_identity_triplet": 0.6340815336615951, "mean_cross_modal_identity": 4.099921429598773}
{"fold": 2, "endpoint": "identity_concat", "epoch": 3, "batches": 27, "learning_rate": 0.00020999999999999998, "mean_total": 0.6486666533682082, "mean_base_identity_triplet": 0.6486666533682082, "mean_cross_modal_identity": 4.164992244155319}
{"fold": 2, "endpoint": "identity_concat", "epoch": 4, "batches": 27, "learning_rate": 0.00028000000000000003, "mean_total": 0.6892950711426912, "mean_base_identity_triplet": 0.6892950711426912, "mean_cross_modal_identity": 4.109188945205124}
{"fold": 2, "endpoint": "identity_concat", "epoch": 5, "batches": 27, "learning_rate": 0.00035, "mean_total": 0.7576971407289859, "mean_base_identity_triplet": 0.7576971407289859, "mean_cross_modal_identity": 4.045383409217552}
{"fold": 2, "endpoint": "identity_concat", "epoch": 6, "batches": 27, "learning_rate": 0.00035, "mean_total": 0.7729709148406982, "mean_base_identity_triplet": 0.7729709148406982, "mean_cross_modal_identity": 4.039147871511954}
{"fold": 2, "endpoint": "identity_concat", "epoch": 7, "batches": 27, "learning_rate": 0.000346175830128416, "mean_total": 0.7473945330690455, "mean_base_identity_triplet": 0.7473945330690455, "mean_cross_modal_identity": 4.1566183302137585}
{"fold": 2, "endpoint": "identity_concat", "epoch": 8, "batches": 27, "learning_rate": 0.0003348704550874551, "mean_total": 0.740093504941022, "mean_base_identity_triplet": 0.740093504941022, "mean_cross_modal_identity": 4.149569537904528}
{"fold": 2, "endpoint": "identity_concat", "epoch": 9, "batches": 27, "learning_rate": 0.0003165779740156158, "mean_total": 0.7158204272941306, "mean_base_identity_triplet": 0.7158204272941306, "mean_cross_modal_identity": 4.133664864080924}
{"fold": 2, "endpoint": "identity_concat", "epoch": 10, "batches": 27, "learning_rate": 0.0002920978561128002, "mean_total": 0.6893440198015284, "mean_base_identity_triplet": 0.6893440198015284, "mean_cross_modal_identity": 4.181214350241202}
{"fold": 2, "endpoint": "identity_concat", "epoch": 11, "batches": 27, "learning_rate": 0.0002625, "mean_total": 0.6683519504688404, "mean_base_identity_triplet": 0.6683519504688404, "mean_cross_modal_identity": 4.135289174539071}
{"fold": 2, "endpoint": "identity_concat", "epoch": 12, "batches": 27, "learning_rate": 0.0002290779740156158, "mean_total": 0.655414206010324, "mean_base_identity_triplet": 0.655414206010324, "mean_cross_modal_identity": 4.129083218397917}
{"fold": 2, "endpoint": "identity_concat", "epoch": 13, "batches": 27, "learning_rate": 0.00019329248107183937, "mean_total": 0.6392029258939955, "mean_base_identity_triplet": 0.6392029258939955, "mean_cross_modal_identity": 4.193996146873191}
{"fold": 2, "endpoint": "identity_concat", "epoch": 14, "batches": 27, "learning_rate": 0.00015670751892816066, "mean_total": 0.6312480237748888, "mean_base_identity_triplet": 0.6312480237748888, "mean_cross_modal_identity": 4.108143532717669}
{"fold": 2, "endpoint": "identity_concat", "epoch": 15, "batches": 27, "learning_rate": 0.00012092202598438422, "mean_total": 0.6224441175107602, "mean_base_identity_triplet": 0.6224441175107602, "mean_cross_modal_identity": 4.20629385665611}
{"fold": 2, "endpoint": "identity_concat", "epoch": 16, "batches": 27, "learning_rate": 8.750000000000004e-05, "mean_total": 0.6146360172165765, "mean_base_identity_triplet": 0.6146360172165765, "mean_cross_modal_identity": 4.174994345064516}
{"fold": 2, "endpoint": "identity_concat", "epoch": 17, "batches": 27, "learning_rate": 5.7902143887199866e-05, "mean_total": 0.6113840518174348, "mean_base_identity_triplet": 0.6113840518174348, "mean_cross_modal_identity": 4.223691251542833}
{"fold": 2, "endpoint": "identity_concat", "epoch": 18, "batches": 27, "learning_rate": 3.342202598438421e-05, "mean_total": 0.6125082616452817, "mean_base_identity_triplet": 0.6125082616452817, "mean_cross_modal_identity": 4.216700200681333}
{"fold": 2, "endpoint": "identity_concat", "epoch": 19, "batches": 27, "learning_rate": 1.5129544912544829e-05, "mean_total": 0.6099191926143788, "mean_base_identity_triplet": 0.6099191926143788, "mean_cross_modal_identity": 4.15052569354022}
{"fold": 2, "endpoint": "identity_concat", "epoch": 20, "batches": 27, "learning_rate": 3.824169871584004e-06, "mean_total": 0.6078110778773272, "mean_base_identity_triplet": 0.6078110778773272, "mean_cross_modal_identity": 4.221549890659474}
建立transformer............
using Transformer_type: ViT-B-16 as a backbone
Resized position embedding: %s to %s torch.Size([197, 768]) torch.Size([129, 768])
Position embedding resize to height:16 width: 8
Successfully load ckpt!
<All keys matched successfully>
Loading pretrained model from CLIP
camera number is : 4
===========Building Signal===========
{"stage": "Q1_final", "fold": 2, "endpoint": "identity_concat", "metrics": {"baseline_only": {"mAP": 75.77309089448893, "Rank-1": 76.23762376237624, "Rank-5": 89.10891089108911, "Rank-10": 94.55445544554455}, "fused": {"mAP": 79.64319438928995, "Rank-1": 82.67326732673267, "Rank-5": 90.5940594059406, "Rank-10": 94.55445544554455}, "cnn": {"mAP": 75.30168354621019, "Rank-1": 80.19801980198021, "Rank-5": 90.0990099009901, "Rank-10": 94.05940594059405}, "transformer": {"mAP": 79.32611883167814, "Rank-1": 80.19801980198021, "Rank-5": 92.57425742574257, "Rank-10": 95.04950495049505}, "mamba": {"mAP": 74.98934193029167, "Rank-1": 74.25742574257426, "Rank-5": 91.58415841584159, "Rank-10": 94.55445544554455}}}
建立transformer............
using Transformer_type: ViT-B-16 as a backbone
Resized position embedding: %s to %s torch.Size([197, 768]) torch.Size([129, 768])
Position embedding resize to height:16 width: 8
Successfully load ckpt!
<All keys matched successfully>
Loading pretrained model from CLIP
camera number is : 4
===========Building Signal===========
{"fold": 2, "endpoint": "cross_modal_identity", "epoch": 1, "batches": 27, "learning_rate": 7.000000000000001e-05, "mean_total": 1.53715001212226, "mean_base_identity_triplet": 0.6477976308928596, "mean_cross_modal_identity": 3.5574095249176025}
{"fold": 2, "endpoint": "cross_modal_identity", "epoch": 2, "batches": 27, "learning_rate": 0.00014000000000000001, "mean_total": 1.3700553796909474, "mean_base_identity_triplet": 0.6516688664754232, "mean_cross_modal_identity": 2.8735459910498724}
{"fold": 2, "endpoint": "cross_modal_identity", "epoch": 3, "batches": 27, "learning_rate": 0.00020999999999999998, "mean_total": 1.3276502777028967, "mean_base_identity_triplet": 0.6621889825220462, "mean_cross_modal_identity": 2.6618452072143555}
{"fold": 2, "endpoint": "cross_modal_identity", "epoch": 4, "batches": 27, "learning_rate": 0.00028000000000000003, "mean_total": 1.3326670902746696, "mean_base_identity_triplet": 0.7011163764529758, "mean_cross_modal_identity": 2.5262028817777282}
{"fold": 2, "endpoint": "cross_modal_identity", "epoch": 5, "batches": 27, "learning_rate": 0.00035, "mean_total": 1.3549977540969849, "mean_base_identity_triplet": 0.7466231694927922, "mean_cross_modal_identity": 2.4334983119258173}
{"fold": 2, "endpoint": "cross_modal_identity", "epoch": 6, "batches": 27, "learning_rate": 0.00035, "mean_total": 1.3718673564769603, "mean_base_identity_triplet": 0.7668521271811591, "mean_cross_modal_identity": 2.4200608642012984}
{"fold": 2, "endpoint": "cross_modal_identity", "epoch": 7, "batches": 27, "learning_rate": 0.000346175830128416, "mean_total": 1.3518315465361983, "mean_base_identity_triplet": 0.760609143310123, "mean_cross_modal_identity": 2.364889551092077}
{"fold": 2, "endpoint": "cross_modal_identity", "epoch": 8, "batches": 27, "learning_rate": 0.0003348704550874551, "mean_total": 1.3307406725706878, "mean_base_identity_triplet": 0.7466187984855087, "mean_cross_modal_identity": 2.336487478680081}
{"fold": 2, "endpoint": "cross_modal_identity", "epoch": 9, "batches": 27, "learning_rate": 0.0003165779740156158, "mean_total": 1.2872861138096563, "mean_base_identity_triplet": 0.7106423488369694, "mean_cross_modal_identity": 2.306575095212018}
{"fold": 2, "endpoint": "cross_modal_identity", "epoch": 10, "batches": 27, "learning_rate": 0.0002920978561128002, "mean_total": 1.2635013262430828, "mean_base_identity_triplet": 0.6883494235851146, "mean_cross_modal_identity": 2.300607548819648}
{"fold": 2, "endpoint": "cross_modal_identity", "epoch": 11, "batches": 27, "learning_rate": 0.0002625, "mean_total": 1.2331744918116816, "mean_base_identity_triplet": 0.6650756111851445, "mean_cross_modal_identity": 2.2723955578274198}
{"fold": 2, "endpoint": "cross_modal_identity", "epoch": 12, "batches": 27, "learning_rate": 0.0002290779740156158, "mean_total": 1.2213315566380818, "mean_base_identity_triplet": 0.6580987087002507, "mean_cross_modal_identity": 2.2529313564300537}
{"fold": 2, "endpoint": "cross_modal_identity", "epoch": 13, "batches": 27, "learning_rate": 0.00019329248107183937, "mean_total": 1.20731606748369, "mean_base_identity_triplet": 0.6477961341540018, "mean_cross_modal_identity": 2.2380797068277993}
{"fold": 2, "endpoint": "cross_modal_identity", "epoch": 14, "batches": 27, "learning_rate": 0.00015670751892816066, "mean_total": 1.2015887410552413, "mean_base_identity_triplet": 0.6410335169898139, "mean_cross_modal_identity": 2.242220887431392}
{"fold": 2, "endpoint": "cross_modal_identity", "epoch": 15, "batches": 27, "learning_rate": 0.00012092202598438422, "mean_total": 1.1858688063091702, "mean_base_identity_triplet": 0.6278052352092884, "mean_cross_modal_identity": 2.232254249078256}
{"fold": 2, "endpoint": "cross_modal_identity", "epoch": 16, "batches": 27, "learning_rate": 8.750000000000004e-05, "mean_total": 1.174330234527588, "mean_base_identity_triplet": 0.618524295312387, "mean_cross_modal_identity": 2.223223739200168}
{"fold": 2, "endpoint": "cross_modal_identity", "epoch": 17, "batches": 27, "learning_rate": 5.7902143887199866e-05, "mean_total": 1.1704418615058616, "mean_base_identity_triplet": 0.6163872259634512, "mean_cross_modal_identity": 2.216218515678688}
{"fold": 2, "endpoint": "cross_modal_identity", "epoch": 18, "batches": 27, "learning_rate": 3.342202598438421e-05, "mean_total": 1.1733597340407196, "mean_base_identity_triplet": 0.6187319314038312, "mean_cross_modal_identity": 2.2185112546991417}
{"fold": 2, "endpoint": "cross_modal_identity", "epoch": 19, "batches": 27, "learning_rate": 1.5129544912544829e-05, "mean_total": 1.1670932284107915, "mean_base_identity_triplet": 0.6139303313361274, "mean_cross_modal_identity": 2.212651570638021}
{"fold": 2, "endpoint": "cross_modal_identity", "epoch": 20, "batches": 27, "learning_rate": 3.824169871584004e-06, "mean_total": 1.1666278132685908, "mean_base_identity_triplet": 0.6122692823410034, "mean_cross_modal_identity": 2.2174340883890786}
建立transformer............
using Transformer_type: ViT-B-16 as a backbone
Resized position embedding: %s to %s torch.Size([197, 768]) torch.Size([129, 768])
Position embedding resize to height:16 width: 8
Successfully load ckpt!
<All keys matched successfully>
Loading pretrained model from CLIP
camera number is : 4
===========Building Signal===========
{"stage": "Q1_final", "fold": 2, "endpoint": "cross_modal_identity", "metrics": {"baseline_only": {"mAP": 75.77309089448893, "Rank-1": 76.23762376237624, "Rank-5": 89.10891089108911, "Rank-10": 94.55445544554455}, "fused": {"mAP": 80.05950869917999, "Rank-1": 78.71287128712872, "Rank-5": 88.61386138613861, "Rank-10": 93.56435643564357}, "cnn": {"mAP": 77.74563687331508, "Rank-1": 78.21782178217822, "Rank-5": 88.11881188118812, "Rank-10": 91.0891089108911}, "transformer": {"mAP": 72.15342991234905, "Rank-1": 73.76237623762376, "Rank-5": 88.11881188118812, "Rank-10": 94.05940594059405}, "mamba": {"mAP": 79.29168609787384, "Rank-1": 77.72277227722772, "Rank-5": 87.62376237623762, "Rank-10": 94.05940594059405}}}
{"status": "Q1_FAIL", "aggregate": {"identity_concat": {"baseline_only": {"mAP": 77.48760311601094, "Rank-1": 79.33450087565674, "Rank-5": 89.49211908931699, "Rank-10": 93.52014010507881}, "fused": {"mAP": 80.20625838874224, "Rank-1": 83.0122591943958, "Rank-5": 89.66725043782837, "Rank-10": 93.16987740805604}, "cnn": {"mAP": 79.1266762827387, "Rank-1": 82.83712784588442, "Rank-5": 88.79159369527146, "Rank-10": 90.89316987740806}, "transformer": {"mAP": 78.47538836815434, "Rank-1": 79.85989492119089, "Rank-5": 89.31698774080562, "Rank-10": 92.46935201401051}, "mamba": {"mAP": 77.78090744997861, "Rank-1": 79.33450087565674, "Rank-5": 89.49211908931699, "Rank-10": 93.34500875656742}}, "cross_modal_identity": {"baseline_only": {"mAP": 77.48760311601094, "Rank-1": 79.33450087565674, "Rank-5": 89.49211908931699, "Rank-10": 93.52014010507881}, "fused": {"mAP": 79.19538702887438, "Rank-1": 79.33450087565674, "Rank-5": 87.74080560420316, "Rank-10": 92.29422066549913}, "cnn": {"mAP": 78.11693761055139, "Rank-1": 79.6847635726795, "Rank-5": 87.04028021015762, "Rank-10": 90.19264448336253}, "transformer": {"mAP": 73.69559778601854, "Rank-1": 75.13134851138354, "Rank-5": 84.58844133099825, "Rank-10": 89.84238178633976}, "mamba": {"mAP": 79.08727461441244, "Rank-1": 82.48686514886164, "Rank-5": 88.79159369527146, "Rank-10": 92.81961471103327}}}, "matched_gains_mAP": {"baseline_only": 0.0, "fused": -1.0108713598678634, "cnn": -1.0097386721873107, "transformer": -4.779790582135803, "mamba": 1.3063671644338228}, "scientific_checks": {"aggregate_fused_gain_at_least_1pp": false, "all_fold_fused_nonnegative": false, "all_expert_aggregate_nonnegative": false, "fused_bootstrap_lower_positive": false, "fused_beats_baseline_and_experts": true}, "bootstrap": {"lower_bound_95_mAP": -3.812655981099093, "clusters": 21, "resamples": 10000}}
