/root/miniconda3/envs/tri_reid/lib/python3.10/site-packages/timm/models/helpers.py:7: FutureWarning: Importing from timm.models.helpers is deprecated, please import via timm.models
  warnings.warn(f"Importing from {__name__} is deprecated, please import via timm.models", FutureWarning)
/root/miniconda3/envs/tri_reid/lib/python3.10/site-packages/timm/models/registry.py:4: FutureWarning: Importing from timm.models.registry is deprecated, please import via timm.models
  warnings.warn(f"Importing from {__name__} is deprecated, please import via timm.models", FutureWarning)
/root/miniconda3/envs/tri_reid/lib/python3.10/site-packages/timm/models/layers/__init__.py:48: FutureWarning: Importing from timm.models.layers is deprecated, please import via timm.layers
  warnings.warn(f"Importing from {__name__} is deprecated, please import via timm.layers", FutureWarning)
建立transformer............
using Transformer_type: ViT-B-16 as a backbone
Resized position embedding: %s to %s torch.Size([197, 768]) torch.Size([129, 768])
Position embedding resize to height:16 width: 8
Successfully load ckpt!
<All keys matched successfully>
Loading pretrained model from CLIP
camera number is : 4
===========Building Signal===========
建立transformer............
using Transformer_type: ViT-B-16 as a backbone
Resized position embedding: %s to %s torch.Size([197, 768]) torch.Size([129, 768])
Position embedding resize to height:16 width: 8
Successfully load ckpt!
<All keys matched successfully>
Loading pretrained model from CLIP
camera number is : 4
===========Building Signal===========
建立transformer............
using Transformer_type: ViT-B-16 as a backbone
Resized position embedding: %s to %s torch.Size([197, 768]) torch.Size([129, 768])
Position embedding resize to height:16 width: 8
Successfully load ckpt!
<All keys matched successfully>
Loading pretrained model from CLIP
camera number is : 4
===========Building Signal===========
{
  "config": "/root/autodl-tmp/trifusion-v2/TriFusion-ReID/configs/RGBNT201/TriFusion-signal-preserving-v15-crde-rtx3090.yml",
  "config_sha256": "5444f5413c873697071a08c9fa7b8e4272f57430108da7e03734d88ee7f12ce2",
  "d1_executed": false,
  "dev_access_count": 0,
  "edge_scale_stability": [
    {
      "edge": "cnn__transformer",
      "mean_abs": 0.01494485605508089,
      "range": 0.0309159979224205,
      "sign_agreement": 0.3333333432674408,
      "stage": 0,
      "values": [
        -0.0139186,
        0.0145086,
        -0.0164074
      ]
    },
    {
      "edge": "cnn__mamba",
      "mean_abs": 0.0060553718358278275,
      "range": 0.012516608461737633,
      "sign_agreement": 0.3333333432674408,
      "stage": 0,
      "values": [
        -0.0059628,
        0.0065538,
        0.0056495
      ]
    },
    {
      "edge": "transformer__cnn",
      "mean_abs": 0.00033928127959370613,
      "range": 0.0003130323893856257,
      "sign_agreement": 1.0,
      "stage": 0,
      "values": [
        -0.0002862,
        -0.0002093,
        -0.0005223
      ]
    },
    {
      "edge": "transformer__mamba",
      "mean_abs": 0.0034246628638356924,
      "range": 0.007588336709886789,
      "sign_agreement": 0.3333333432674408,
      "stage": 0,
      "values": [
        -0.002725,
        0.0048633,
        -0.0026857
      ]
    },
    {
      "edge": "mamba__cnn",
      "mean_abs": 0.000905079476069659,
      "range": 0.0025274399667978287,
      "sign_agreement": 0.3333333432674408,
      "stage": 0,
      "values": [
        0.0001878,
        -0.0011448,
        0.0013826
      ]
    },
    {
      "edge": "mamba__transformer",
      "mean_abs": 0.004063989967107773,
      "range": 0.008127673529088497,
      "sign_agreement": 0.3333333432674408,
      "stage": 0,
      "values": [
        -0.0040643,
        0.0040334,
        -0.0040942
      ]
    },
    {
      "edge": "cnn__transformer",
      "mean_abs": 0.012158316560089588,
      "range": 0.02472369372844696,
      "sign_agreement": 0.3333333432674408,
      "stage": 1,
      "values": [
        0.0138513,
        0.0117513,
        -0.0108724
      ]
    },
    {
      "edge": "cnn__mamba",
      "mean_abs": 0.005539157893508673,
      "range": 0.011922353878617287,
      "sign_agreement": 0.3333333432674408,
      "stage": 1,
      "values": [
        0.0046951,
        0.005682,
        -0.0062404
      ]
    },
    {
      "edge": "transformer__cnn",
      "mean_abs": 0.001019674469716847,
      "range": 0.0018634715816006064,
      "sign_agreement": 0.3333333432674408,
      "stage": 1,
      "values": [
        0.0012697,
        0.0011956,
        -0.0005938
      ]
    },
    {
      "edge": "transformer__mamba",
      "mean_abs": 0.003630943363532424,
      "range": 0.008443299680948257,
      "sign_agreement": 0.3333333432674408,
      "stage": 1,
      "values": [
        -0.0045565,
        0.0038868,
        0.0024495
      ]
    },
    {
      "edge": "mamba__cnn",
      "mean_abs": 0.001480697188526392,
      "range": 0.0013207971351221204,
      "sign_agreement": 1.0,
      "stage": 1,
      "values": [
        0.002047,
        0.0007262,
        0.0016689
      ]
    },
    {
      "edge": "mamba__transformer",
      "mean_abs": 0.0048381369560956955,
      "range": 0.009785004891455173,
      "sign_agreement": 0.3333333432674408,
      "stage": 1,
      "values": [
        0.0053018,
        0.0047294,
        -0.0044832
      ]
    }
  ],
  "elapsed_seconds": 106.67797088623047,
  "evaluation_type": "real_gt_train_only_identity_oof_read_only_postmortem",
  "folds": [
    {
      "checkpoint": "/root/autodl-tmp/trifusion-v2/artifacts/trifusion_v15_q1_seed42_71152d3/fold_0_v15_final.pth",
      "checkpoint_sha256": "d0baa95a7cf79a0470bffb29f84c0a09e57c15d6c3b3d6f2450b1a7f10243e12",
      "edge_statistics": {
        "0": {
          "cnn__mamba": {
            "incoming_norm_mean": 1.2494254112243652,
            "incoming_own_cosine_mean": -0.006826312281191349,
            "incoming_to_own_norm_mean": 0.10249781608581543,
            "own_norm_mean": 12.195934295654297
          },
          "cnn__transformer": {
            "incoming_norm_mean": 2.9734561443328857,
            "incoming_own_cosine_mean": -0.002890515374019742,
            "incoming_to_own_norm_mean": 0.2987034320831299,
            "own_norm_mean": 9.960282325744629
          },
          "mamba__cnn": {
            "incoming_norm_mean": 0.0784054771065712,
            "incoming_own_cosine_mean": -0.0011520542902871966,
            "incoming_to_own_norm_mean": 0.013073877431452274,
            "own_norm_mean": 6.000726222991943
          },
          "mamba__transformer": {
            "incoming_norm_mean": 1.848170280456543,
            "incoming_own_cosine_mean": -0.02107805758714676,
            "incoming_to_own_norm_mean": 0.1857558637857437,
            "own_norm_mean": 9.960282325744629
          },
          "transformer__cnn": {
            "incoming_norm_mean": 0.12044079601764679,
            "incoming_own_cosine_mean": 0.001594554167240858,
            "incoming_to_own_norm_mean": 0.020085327327251434,
            "own_norm_mean": 6.000726222991943
          },
          "transformer__mamba": {
            "incoming_norm_mean": 1.2206106185913086,
            "incoming_own_cosine_mean": -0.0070648593828082085,
            "incoming_to_own_norm_mean": 0.10016262531280518,
            "own_norm_mean": 12.195934295654297
          }
        },
        "1": {
          "cnn__mamba": {
            "incoming_norm_mean": 0.9631273150444031,
            "incoming_own_cosine_mean": -0.002060028025880456,
            "incoming_to_own_norm_mean": 0.07858353853225708,
            "own_norm_mean": 12.28791332244873
          },
          "cnn__transformer": {
            "incoming_norm_mean": 2.925548791885376,
            "incoming_own_cosine_mean": -0.001488642767071724,
            "incoming_to_own_norm_mean": 0.3114108741283417,
            "own_norm_mean": 9.397964477539062
          },
          "mamba__cnn": {
            "incoming_norm_mean": 0.858447253704071,
            "incoming_own_cosine_mean": 0.01733151450753212,
            "incoming_to_own_norm_mean": 0.20953455567359924,
            "own_norm_mean": 4.09741735458374
          },
          "mamba__transformer": {
            "incoming_norm_mean": 2.2543184757232666,
            "incoming_own_cosine_mean": -0.0010769569780677557,
            "incoming_to_own_norm_mean": 0.23996040225028992,
            "own_norm_mean": 9.397964477539062
          },
          "transformer__cnn": {
            "incoming_norm_mean": 0.5439608693122864,
            "incoming_own_cosine_mean": 0.011163100600242615,
            "incoming_to_own_norm_mean": 0.13279132544994354,
            "own_norm_mean": 4.09741735458374
          },
          "transformer__mamba": {
            "incoming_norm_mean": 1.9801381826400757,
            "incoming_own_cosine_mean": -0.00262453849427402,
            "incoming_to_own_norm_mean": 0.16151949763298035,
            "own_norm_mean": 12.28791332244873
          }
        }
      },
      "embedding_statistics": {
        "cnn": {
          "ap_gain_mean": -0.00025849833036772907,
          "ap_gain_median": 0.0,
          "cosine_mean": 0.9898406863212585,
          "displacement_ap_gain_pearson": -0.2050992250442505,
          "l2_displacement_mean": 0.14164695143699646,
          "negative_queries": 54,
          "positive_queries": 44,
          "zero_queries": 92
        },
        "fused": {
          "ap_gain_mean": 0.0009517956059426069,
          "ap_gain_median": 0.0,
          "cosine_mean": 0.9909182786941528,
          "displacement_ap_gain_pearson": -0.20800314843654633,
          "l2_displacement_mean": 0.13430099189281464,
          "negative_queries": 56,
          "positive_queries": 34,
          "zero_queries": 100
        },
        "mamba": {
          "ap_gain_mean": 0.009374619461596012,
          "ap_gain_median": 0.0,
          "cosine_mean": 0.9917986989021301,
          "displacement_ap_gain_pearson": 0.07808484137058258,
          "l2_displacement_mean": 0.1269666850566864,
          "negative_queries": 29,
          "positive_queries": 68,
          "zero_queries": 93
        },
        "transformer": {
          "ap_gain_mean": -0.003291158936917782,
          "ap_gain_median": 0.0,
          "cosine_mean": 0.9911155104637146,
          "displacement_ap_gain_pearson": -0.19697833061218262,
          "l2_displacement_mean": 0.13278242945671082,
          "negative_queries": 52,
          "positive_queries": 45,
          "zero_queries": 93
        }
      },
      "exchange_statistics": {
        "0": {
          "cnn": {
            "incoming_norm_mean": 0.14465023577213287,
            "incoming_own_cosine_mean": 0.0007148903678171337,
            "incoming_to_own_norm_mean": 0.024122128263115883,
            "own_norm_mean": 6.000726222991943
          },
          "mamba": {
            "incoming_norm_mean": 1.766142725944519,
            "incoming_own_cosine_mean": -0.009717714041471481,
            "incoming_to_own_norm_mean": 0.14491410553455353,
            "own_norm_mean": 12.195934295654297
          },
          "transformer": {
            "incoming_norm_mean": 3.5535178184509277,
            "incoming_own_cosine_mean": -0.013318336568772793,
            "incoming_to_own_norm_mean": 0.3570347726345062,
            "own_norm_mean": 9.960282325744629
          }
        },
        "1": {
          "cnn": {
            "incoming_norm_mean": 1.0280241966247559,
            "incoming_own_cosine_mean": 0.020379625260829926,
            "incoming_to_own_norm_mean": 0.25093263387680054,
            "own_norm_mean": 4.09741735458374
          },
          "mamba": {
            "incoming_norm_mean": 2.2039010524749756,
            "incoming_own_cosine_mean": -0.003256435738876462,
            "incoming_to_own_norm_mean": 0.17978009581565857,
            "own_norm_mean": 12.28791332244873
          },
          "transformer": {
            "incoming_norm_mean": 3.710299253463745,
            "incoming_own_cosine_mean": -0.001810717862099409,
            "incoming_to_own_norm_mean": 0.39494073390960693,
            "own_norm_mean": 9.397964477539062
          }
        }
      },
      "fold": 0,
      "frozen_state_unchanged": true,
      "query_count": 190
    },
    {
      "checkpoint": "/root/autodl-tmp/trifusion-v2/artifacts/trifusion_v15_q1_seed42_71152d3/fold_1_v15_final.pth",
      "checkpoint_sha256": "424f33e6b97de76d7f0675c65a137a8a3abde6f677024d72d75d72a353090102",
      "edge_statistics": {
        "0": {
          "cnn__mamba": {
            "incoming_norm_mean": 1.4784358739852905,
            "incoming_own_cosine_mean": -0.007100590970367193,
            "incoming_to_own_norm_mean": 0.10849298536777496,
            "own_norm_mean": 13.641128540039062
          },
          "cnn__transformer": {
            "incoming_norm_mean": 3.344884157180786,
            "incoming_own_cosine_mean": -0.005839264020323753,
            "incoming_to_own_norm_mean": 0.3533426523208618,
            "own_norm_mean": 9.471319198608398
          },
          "mamba__cnn": {
            "incoming_norm_mean": 0.5915915369987488,
            "incoming_own_cosine_mean": 0.06255026161670685,
            "incoming_to_own_norm_mean": 0.1039239689707756,
            "own_norm_mean": 5.693880558013916
          },
          "mamba__transformer": {
            "incoming_norm_mean": 2.1664323806762695,
            "incoming_own_cosine_mean": -0.04671173170208931,
            "incoming_to_own_norm_mean": 0.22885088622570038,
            "own_norm_mean": 9.471319198608398
          },
          "transformer__cnn": {
            "incoming_norm_mean": 0.09275094419717789,
            "incoming_own_cosine_mean": -0.008814765140414238,
            "incoming_to_own_norm_mean": 0.016293102875351906,
            "own_norm_mean": 5.693880558013916
          },
          "transformer__mamba": {
            "incoming_norm_mean": 2.3004395961761475,
            "incoming_own_cosine_mean": -0.027855167165398598,
            "incoming_to_own_norm_mean": 0.16887176036834717,
            "own_norm_mean": 13.641128540039062
          }
        },
        "1": {
          "cnn__mamba": {
            "incoming_norm_mean": 1.2061355113983154,
            "incoming_own_cosine_mean": 0.0023867404088377953,
            "incoming_to_own_norm_mean": 0.08766385167837143,
            "own_norm_mean": 13.769182205200195
          },
          "cnn__transformer": {
            "incoming_norm_mean": 2.5411391258239746,
            "incoming_own_cosine_mean": -0.0035480866208672523,
            "incoming_to_own_norm_mean": 0.2643882930278778,
            "own_norm_mean": 9.61380672454834
          },
          "mamba__cnn": {
            "incoming_norm_mean": 0.30329349637031555,
            "incoming_own_cosine_mean": -0.014018389396369457,
            "incoming_to_own_norm_mean": 0.06890034675598145,
            "own_norm_mean": 4.402737140655518
          },
          "mamba__transformer": {
            "incoming_norm_mean": 2.014357328414917,
            "incoming_own_cosine_mean": -0.0028435795102268457,
            "incoming_to_own_norm_mean": 0.20954841375350952,
            "own_norm_mean": 9.61380672454834
          },
          "transformer__cnn": {
            "incoming_norm_mean": 0.48098358511924744,
            "incoming_own_cosine_mean": -0.004119246732443571,
            "incoming_to_own_norm_mean": 0.10929343849420547,
            "own_norm_mean": 4.402737140655518
          },
          "transformer__mamba": {
            "incoming_norm_mean": 1.6008868217468262,
            "incoming_own_cosine_mean": -0.003912161570042372,
            "incoming_to_own_norm_mean": 0.11628450453281403,
            "own_norm_mean": 13.769182205200195
          }
        }
      },
      "embedding_statistics": {
        "cnn": {
          "ap_gain_mean": -0.0008355445461347699,
          "ap_gain_median": 0.0,
          "cosine_mean": 0.9917875528335571,
          "displacement_ap_gain_pearson": 0.002638517878949642,
          "l2_displacement_mean": 0.1272013783454895,
          "negative_queries": 21,
          "positive_queries": 16,
          "zero_queries": 142
        },
        "fused": {
          "ap_gain_mean": -0.008310606703162193,
          "ap_gain_median": 0.0,
          "cosine_mean": 0.9902569055557251,
          "displacement_ap_gain_pearson": 0.11200262606143951,
          "l2_displacement_mean": 0.13912217319011688,
          "negative_queries": 30,
          "positive_queries": 5,
          "zero_queries": 144
        },
        "mamba": {
          "ap_gain_mean": -0.008019641973078251,
          "ap_gain_median": 0.0,
          "cosine_mean": 0.9900704622268677,
          "displacement_ap_gain_pearson": -0.1964333951473236,
          "l2_displacement_mean": 0.14008136093616486,
          "negative_queries": 29,
          "positive_queries": 12,
          "zero_queries": 138
        },
        "transformer": {
          "ap_gain_mean": -0.006967369932681322,
          "ap_gain_median": 0.0,
          "cosine_mean": 0.9889125823974609,
          "displacement_ap_gain_pearson": 0.3722107410430908,
          "l2_displacement_mean": 0.14837297797203064,
          "negative_queries": 30,
          "positive_queries": 4,
          "zero_queries": 145
        }
      },
      "exchange_statistics": {
        "0": {
          "cnn": {
            "incoming_norm_mean": 0.6014023423194885,
            "incoming_own_cosine_mean": 0.060167353600263596,
            "incoming_to_own_norm_mean": 0.10564642399549484,
            "own_norm_mean": 5.693880558013916
          },
          "mamba": {
            "incoming_norm_mean": 2.7572693824768066,
            "incoming_own_cosine_mean": -0.027025992050766945,
            "incoming_to_own_norm_mean": 0.20238444209098816,
            "own_norm_mean": 13.641128540039062
          },
          "transformer": {
            "incoming_norm_mean": 4.051220417022705,
            "incoming_own_cosine_mean": -0.02980337105691433,
            "incoming_to_own_norm_mean": 0.4279533326625824,
            "own_norm_mean": 9.471319198608398
          }
        },
        "1": {
          "cnn": {
            "incoming_norm_mean": 0.5771900415420532,
            "incoming_own_cosine_mean": -0.010776719078421593,
            "incoming_to_own_norm_mean": 0.1311449110507965,
            "own_norm_mean": 4.402737140655518
          },
          "mamba": {
            "incoming_norm_mean": 2.012042284011841,
            "incoming_own_cosine_mean": -0.001832093228586018,
            "incoming_to_own_norm_mean": 0.14618147909641266,
            "own_norm_mean": 13.769182205200195
          },
          "transformer": {
            "incoming_norm_mean": 3.26202130317688,
            "incoming_own_cosine_mean": -0.004508389625698328,
            "incoming_to_own_norm_mean": 0.3393724858760834,
            "own_norm_mean": 9.61380672454834
          }
        }
      },
      "fold": 1,
      "frozen_state_unchanged": true,
      "query_count": 179
    },
    {
      "checkpoint": "/root/autodl-tmp/trifusion-v2/artifacts/trifusion_v15_q1_seed42_71152d3/fold_2_v15_final.pth",
      "checkpoint_sha256": "21caa9e9ed8be7eb9735d704c375def64b5741bea171b04869265f41542e287b",
      "edge_statistics": {
        "0": {
          "cnn__mamba": {
            "incoming_norm_mean": 1.2602484226226807,
            "incoming_own_cosine_mean": -0.007127224002033472,
            "incoming_to_own_norm_mean": 0.1040445864200592,
            "own_norm_mean": 12.121655464172363
          },
          "cnn__transformer": {
            "incoming_norm_mean": 3.7584011554718018,
            "incoming_own_cosine_mean": -0.0014863250544294715,
            "incoming_to_own_norm_mean": 0.37670350074768066,
            "own_norm_mean": 9.981974601745605
          },
          "mamba__cnn": {
            "incoming_norm_mean": 0.556336522102356,
            "incoming_own_cosine_mean": 0.018763715401291847,
            "incoming_to_own_norm_mean": 0.10208892822265625,
            "own_norm_mean": 5.450806140899658
          },
          "mamba__transformer": {
            "incoming_norm_mean": 1.7113417387008667,
            "incoming_own_cosine_mean": -0.009693537838757038,
            "incoming_to_own_norm_mean": 0.1715315282344818,
            "own_norm_mean": 9.981974601745605
          },
          "transformer__cnn": {
            "incoming_norm_mean": 0.21708425879478455,
            "incoming_own_cosine_mean": 0.005087500903755426,
            "incoming_to_own_norm_mean": 0.03983820229768753,
            "own_norm_mean": 5.450806140899658
          },
          "transformer__mamba": {
            "incoming_norm_mean": 1.1789734363555908,
            "incoming_own_cosine_mean": -0.013843294233083725,
            "incoming_to_own_norm_mean": 0.09730564802885056,
            "own_norm_mean": 12.121655464172363
          }
        },
        "1": {
          "cnn__mamba": {
            "incoming_norm_mean": 1.1614092588424683,
            "incoming_own_cosine_mean": -0.001798580982722342,
            "incoming_to_own_norm_mean": 0.10098601132631302,
            "own_norm_mean": 11.511917114257812
          },
          "cnn__transformer": {
            "incoming_norm_mean": 2.0319466590881348,
            "incoming_own_cosine_mean": -0.001925903488881886,
            "incoming_to_own_norm_mean": 0.21392448246479034,
            "own_norm_mean": 9.499114990234375
          },
          "mamba__cnn": {
            "incoming_norm_mean": 0.6649695038795471,
            "incoming_own_cosine_mean": 0.002195388777181506,
            "incoming_to_own_norm_mean": 0.16578228771686554,
            "own_norm_mean": 4.011354446411133
          },
          "mamba__transformer": {
            "incoming_norm_mean": 1.8553657531738281,
            "incoming_own_cosine_mean": -0.002390048233792186,
            "incoming_to_own_norm_mean": 0.19534817337989807,
            "own_norm_mean": 9.499114990234375
          },
          "transformer__cnn": {
            "incoming_norm_mean": 0.21978482604026794,
            "incoming_own_cosine_mean": 0.017913436517119408,
            "incoming_to_own_norm_mean": 0.054798197001218796,
            "own_norm_mean": 4.011354446411133
          },
          "transformer__mamba": {
            "incoming_norm_mean": 0.9707742929458618,
            "incoming_own_cosine_mean": -0.03149665892124176,
            "incoming_to_own_norm_mean": 0.0843394473195076,
            "own_norm_mean": 11.511917114257812
          }
        }
      },
      "embedding_statistics": {
        "cnn": {
          "ap_gain_mean": -0.0034703919664025307,
          "ap_gain_median": 0.0,
          "cosine_mean": 0.9915200471878052,
          "displacement_ap_gain_pearson": -0.23098191618919373,
          "l2_displacement_mean": 0.129616841673851,
          "negative_queries": 61,
          "positive_queries": 53,
          "zero_queries": 88
        },
        "fused": {
          "ap_gain_mean": 0.0016051908023655415,
          "ap_gain_median": 0.0,
          "cosine_mean": 0.993242084980011,
          "displacement_ap_gain_pearson": -0.13537780940532684,
          "l2_displacement_mean": 0.11599307507276535,
          "negative_queries": 55,
          "positive_queries": 48,
          "zero_queries": 99
        },
        "mamba": {
          "ap_gain_mean": 0.006480047013610601,
          "ap_gain_median": 0.0,
          "cosine_mean": 0.9955376982688904,
          "displacement_ap_gain_pearson": -0.13246576488018036,
          "l2_displacement_mean": 0.0937323272228241,
          "negative_queries": 31,
          "positive_queries": 73,
          "zero_queries": 98
        },
        "transformer": {
          "ap_gain_mean": 0.0019035422010347247,
          "ap_gain_median": 0.0,
          "cosine_mean": 0.9926686882972717,
          "displacement_ap_gain_pearson": -0.05058860406279564,
          "l2_displacement_mean": 0.1207147166132927,
          "negative_queries": 61,
          "positive_queries": 58,
          "zero_queries": 83
        }
      },
      "exchange_statistics": {
        "0": {
          "cnn": {
            "incoming_norm_mean": 0.600215494632721,
            "incoming_own_cosine_mean": 0.019260792061686516,
            "incoming_to_own_norm_mean": 0.11014235764741898,
            "own_norm_mean": 5.450806140899658
          },
          "mamba": {
            "incoming_norm_mean": 1.7402535676956177,
            "incoming_own_cosine_mean": -0.014539155177772045,
            "incoming_to_own_norm_mean": 0.14365413784980774,
            "own_norm_mean": 12.121655464172363
          },
          "transformer": {
            "incoming_norm_mean": 4.168355464935303,
            "incoming_own_cosine_mean": -0.005324496887624264,
            "incoming_to_own_norm_mean": 0.41779500246047974,
            "own_norm_mean": 9.981974601745605
          }
        },
        "1": {
          "cnn": {
            "incoming_norm_mean": 0.701494038105011,
            "incoming_own_cosine_mean": 0.007672629784792662,
            "incoming_to_own_norm_mean": 0.174887552857399,
            "own_norm_mean": 4.011354446411133
          },
          "mamba": {
            "incoming_norm_mean": 1.5229406356811523,
            "incoming_own_cosine_mean": -0.021551597863435745,
            "incoming_to_own_norm_mean": 0.13237768411636353,
            "own_norm_mean": 11.511917114257812
          },
          "transformer": {
            "incoming_norm_mean": 2.763070821762085,
            "incoming_own_cosine_mean": -0.0030034095980226994,
            "incoming_to_own_norm_mean": 0.29090696573257446,
            "own_norm_mean": 9.499114990234375
          }
        }
      },
      "fold": 2,
      "frozen_state_unchanged": true,
      "query_count": 202
    }
  ],
  "official_test_access_count": 0,
  "optimizer_steps": 0,
  "peak_allocated_mib": 4547.02685546875,
  "peak_reserved_mib": 6354.0,
  "q1_summary": "/root/autodl-tmp/trifusion-v2/artifacts/trifusion_v15_q1_seed42_71152d3/run_summary.json",
  "q1_summary_sha256": "08a78101757a0766da5ce7725e0a1073576d7e8f258cf0ad96d4bddfda384a03",
  "repository_commit": "27f9a6a5ef02aa478c493bdee59a258d28eb4e9b",
  "repository_diff_sha256": "e3b0c44298fc1c149afbf4c8996fb92427ae41e4649b934ca495991b7852b855",
  "schema_version": "trifusion-v15-crde-postmortem-v1",
  "seed": 42,
  "signal_source_diff_sha256": "b889caca9c4a92689b13eb7e20bd3224067f3e5ed2a3db6825201870ca422741",
  "source_commit": "cd1b0a672d1fe642e7608731cb4899a19dda7d51",
  "status": "PASS",
  "training_reexecuted": false
}
