{"event": "fold_complete", "fold": 0, "training_reused": true, "new_optimizer_steps": 0}
/root/miniconda3/envs/tri_reid/lib/python3.10/site-packages/timm/models/helpers.py:7: FutureWarning: Importing from timm.models.helpers is deprecated, please import via timm.models
  warnings.warn(f"Importing from {__name__} is deprecated, please import via timm.models", FutureWarning)
/root/miniconda3/envs/tri_reid/lib/python3.10/site-packages/timm/models/registry.py:4: FutureWarning: Importing from timm.models.registry is deprecated, please import via timm.models
  warnings.warn(f"Importing from {__name__} is deprecated, please import via timm.models", FutureWarning)
/root/miniconda3/envs/tri_reid/lib/python3.10/site-packages/timm/models/layers/__init__.py:48: FutureWarning: Importing from timm.models.layers is deprecated, please import via timm.layers
  warnings.warn(f"Importing from {__name__} is deprecated, please import via timm.layers", FutureWarning)
建立transformer............
using Transformer_type: ViT-B-16 as a backbone
Resized position embedding: %s to %s torch.Size([197, 768]) torch.Size([129, 768])
Position embedding resize to height:8 width: 16
Successfully load ckpt!
<All keys matched successfully>
Loading pretrained model from CLIP
camera number is : 8
===========Building Signal===========
{"event": "msvr310_role_epoch", "fold": 1, "mode": "comparison", "epoch": 1, "optimizer_steps": 13, "learning_rate": 7.000000000000001e-05, "mean_loss": 4.045449788753803, "elapsed_seconds": 17.60400585643947}
{"event": "msvr310_role_epoch", "fold": 1, "mode": "comparison", "epoch": 2, "optimizer_steps": 13, "learning_rate": 0.00014000000000000001, "mean_loss": 3.527759698721079, "elapsed_seconds": 15.571787968277931}
{"event": "msvr310_role_epoch", "fold": 1, "mode": "comparison", "epoch": 3, "optimizer_steps": 13, "learning_rate": 0.00020999999999999998, "mean_loss": 2.8247781716860256, "elapsed_seconds": 15.50685602799058}
{"event": "msvr310_role_epoch", "fold": 1, "mode": "comparison", "epoch": 4, "optimizer_steps": 13, "learning_rate": 0.00028000000000000003, "mean_loss": 2.2021627609546366, "elapsed_seconds": 15.311332874000072}
{"event": "msvr310_role_epoch", "fold": 1, "mode": "comparison", "epoch": 5, "optimizer_steps": 13, "learning_rate": 0.00035, "mean_loss": 1.700977976505573, "elapsed_seconds": 15.75988426245749}
{"event": "msvr310_role_epoch", "fold": 1, "mode": "comparison", "epoch": 6, "optimizer_steps": 13, "learning_rate": 0.00035, "mean_loss": 1.4478196547581599, "elapsed_seconds": 15.51920010149479}
{"event": "msvr310_role_epoch", "fold": 1, "mode": "comparison", "epoch": 7, "optimizer_steps": 13, "learning_rate": 0.000346175830128416, "mean_loss": 1.2753611711355357, "elapsed_seconds": 15.954920537769794}
{"event": "msvr310_role_epoch", "fold": 1, "mode": "comparison", "epoch": 8, "optimizer_steps": 13, "learning_rate": 0.0003348704550874551, "mean_loss": 1.1466862192520728, "elapsed_seconds": 15.838521407917142}
{"event": "msvr310_role_epoch", "fold": 1, "mode": "comparison", "epoch": 9, "optimizer_steps": 13, "learning_rate": 0.0003165779740156158, "mean_loss": 1.0747099472926214, "elapsed_seconds": 15.566151920706034}
{"event": "msvr310_role_epoch", "fold": 1, "mode": "comparison", "epoch": 10, "optimizer_steps": 13, "learning_rate": 0.0002920978561128002, "mean_loss": 0.9946390711344205, "elapsed_seconds": 15.459641195833683}
{"event": "msvr310_role_epoch", "fold": 1, "mode": "comparison", "epoch": 11, "optimizer_steps": 13, "learning_rate": 0.0002625, "mean_loss": 0.9957082363275381, "elapsed_seconds": 15.470339607447386}
{"event": "msvr310_role_epoch", "fold": 1, "mode": "comparison", "epoch": 12, "optimizer_steps": 13, "learning_rate": 0.0002290779740156158, "mean_loss": 0.9302372015439547, "elapsed_seconds": 15.716502696275711}
{"event": "msvr310_role_epoch", "fold": 1, "mode": "comparison", "epoch": 13, "optimizer_steps": 13, "learning_rate": 0.00019329248107183937, "mean_loss": 0.9197134146323571, "elapsed_seconds": 15.411734271794558}
{"event": "msvr310_role_epoch", "fold": 1, "mode": "comparison", "epoch": 14, "optimizer_steps": 13, "learning_rate": 0.00015670751892816066, "mean_loss": 0.8655254107255203, "elapsed_seconds": 15.213690236210823}
{"event": "msvr310_role_epoch", "fold": 1, "mode": "comparison", "epoch": 15, "optimizer_steps": 13, "learning_rate": 0.00012092202598438422, "mean_loss": 0.8865476984244126, "elapsed_seconds": 15.750945532694459}
{"event": "msvr310_role_epoch", "fold": 1, "mode": "comparison", "epoch": 16, "optimizer_steps": 13, "learning_rate": 8.750000000000004e-05, "mean_loss": 0.9050037860870361, "elapsed_seconds": 15.795656876638532}
{"event": "msvr310_role_epoch", "fold": 1, "mode": "comparison", "epoch": 17, "optimizer_steps": 13, "learning_rate": 5.7902143887199866e-05, "mean_loss": 0.853808215031257, "elapsed_seconds": 15.328427160158753}
{"event": "msvr310_role_epoch", "fold": 1, "mode": "comparison", "epoch": 18, "optimizer_steps": 13, "learning_rate": 3.342202598438421e-05, "mean_loss": 0.8366086941498977, "elapsed_seconds": 15.176664115861058}
{"event": "msvr310_role_epoch", "fold": 1, "mode": "comparison", "epoch": 19, "optimizer_steps": 13, "learning_rate": 1.5129544912544829e-05, "mean_loss": 0.8524710077505845, "elapsed_seconds": 15.516027390956879}
{"event": "msvr310_role_epoch", "fold": 1, "mode": "comparison", "epoch": 20, "optimizer_steps": 13, "learning_rate": 3.824169871584004e-06, "mean_loss": 0.8643802175155053, "elapsed_seconds": 15.384684419259429}
建立transformer............
using Transformer_type: ViT-B-16 as a backbone
Resized position embedding: %s to %s torch.Size([197, 768]) torch.Size([129, 768])
Position embedding resize to height:8 width: 16
Successfully load ckpt!
<All keys matched successfully>
Loading pretrained model from CLIP
camera number is : 8
===========Building Signal===========
{"event": "fold_complete", "fold": 1, "training_reused": false, "new_optimizer_steps": 260}
建立transformer............
using Transformer_type: ViT-B-16 as a backbone
Resized position embedding: %s to %s torch.Size([197, 768]) torch.Size([129, 768])
Position embedding resize to height:8 width: 16
Successfully load ckpt!
<All keys matched successfully>
Loading pretrained model from CLIP
camera number is : 8
===========Building Signal===========
{"event": "msvr310_role_epoch", "fold": 2, "mode": "comparison", "epoch": 1, "optimizer_steps": 13, "learning_rate": 7.000000000000001e-05, "mean_loss": 4.057031558110164, "elapsed_seconds": 16.497985649853945}
{"event": "msvr310_role_epoch", "fold": 2, "mode": "comparison", "epoch": 2, "optimizer_steps": 13, "learning_rate": 0.00014000000000000001, "mean_loss": 3.5535450531886172, "elapsed_seconds": 15.674304209649563}
{"event": "msvr310_role_epoch", "fold": 2, "mode": "comparison", "epoch": 3, "optimizer_steps": 13, "learning_rate": 0.00020999999999999998, "mean_loss": 2.8411023800189676, "elapsed_seconds": 15.472576523199677}
{"event": "msvr310_role_epoch", "fold": 2, "mode": "comparison", "epoch": 4, "optimizer_steps": 13, "learning_rate": 0.00028000000000000003, "mean_loss": 2.1104372831491323, "elapsed_seconds": 15.86529679223895}
{"event": "msvr310_role_epoch", "fold": 2, "mode": "comparison", "epoch": 5, "optimizer_steps": 13, "learning_rate": 0.00035, "mean_loss": 1.7405023666528554, "elapsed_seconds": 16.015575306490064}
{"event": "msvr310_role_epoch", "fold": 2, "mode": "comparison", "epoch": 6, "optimizer_steps": 13, "learning_rate": 0.00035, "mean_loss": 1.4507190080789418, "elapsed_seconds": 15.905575154349208}
{"event": "msvr310_role_epoch", "fold": 2, "mode": "comparison", "epoch": 7, "optimizer_steps": 13, "learning_rate": 0.000346175830128416, "mean_loss": 1.280462622642517, "elapsed_seconds": 15.718923995271325}
{"event": "msvr310_role_epoch", "fold": 2, "mode": "comparison", "epoch": 8, "optimizer_steps": 13, "learning_rate": 0.0003348704550874551, "mean_loss": 1.1581671925691457, "elapsed_seconds": 15.888552544638515}
{"event": "msvr310_role_epoch", "fold": 2, "mode": "comparison", "epoch": 9, "optimizer_steps": 13, "learning_rate": 0.0003165779740156158, "mean_loss": 1.0787933285419757, "elapsed_seconds": 15.584579547867179}
{"event": "msvr310_role_epoch", "fold": 2, "mode": "comparison", "epoch": 10, "optimizer_steps": 13, "learning_rate": 0.0002920978561128002, "mean_loss": 1.0052179923424354, "elapsed_seconds": 16.041327072307467}
{"event": "msvr310_role_epoch", "fold": 2, "mode": "comparison", "epoch": 11, "optimizer_steps": 13, "learning_rate": 0.0002625, "mean_loss": 0.9792335308515109, "elapsed_seconds": 16.002074908465147}
{"event": "msvr310_role_epoch", "fold": 2, "mode": "comparison", "epoch": 12, "optimizer_steps": 13, "learning_rate": 0.0002290779740156158, "mean_loss": 0.9051954792096064, "elapsed_seconds": 15.559336096048355}
{"event": "msvr310_role_epoch", "fold": 2, "mode": "comparison", "epoch": 13, "optimizer_steps": 13, "learning_rate": 0.00019329248107183937, "mean_loss": 0.8858093252548804, "elapsed_seconds": 16.030612656846642}
{"event": "msvr310_role_epoch", "fold": 2, "mode": "comparison", "epoch": 14, "optimizer_steps": 13, "learning_rate": 0.00015670751892816066, "mean_loss": 0.9294283160796533, "elapsed_seconds": 15.864053340628743}
{"event": "msvr310_role_epoch", "fold": 2, "mode": "comparison", "epoch": 15, "optimizer_steps": 13, "learning_rate": 0.00012092202598438422, "mean_loss": 0.8945258122224075, "elapsed_seconds": 16.049237424507737}
{"event": "msvr310_role_epoch", "fold": 2, "mode": "comparison", "epoch": 16, "optimizer_steps": 13, "learning_rate": 8.750000000000004e-05, "mean_loss": 0.8540462576425992, "elapsed_seconds": 16.10082334280014}
{"event": "msvr310_role_epoch", "fold": 2, "mode": "comparison", "epoch": 17, "optimizer_steps": 13, "learning_rate": 5.7902143887199866e-05, "mean_loss": 0.8546566321299627, "elapsed_seconds": 16.265173939988017}
{"event": "msvr310_role_epoch", "fold": 2, "mode": "comparison", "epoch": 18, "optimizer_steps": 13, "learning_rate": 3.342202598438421e-05, "mean_loss": 0.8465162057142991, "elapsed_seconds": 16.220796862617135}
{"event": "msvr310_role_epoch", "fold": 2, "mode": "comparison", "epoch": 19, "optimizer_steps": 13, "learning_rate": 1.5129544912544829e-05, "mean_loss": 0.8504788692180927, "elapsed_seconds": 15.438176080584526}
{"event": "msvr310_role_epoch", "fold": 2, "mode": "comparison", "epoch": 20, "optimizer_steps": 13, "learning_rate": 3.824169871584004e-06, "mean_loss": 0.8359704934633695, "elapsed_seconds": 15.670484270900488}
建立transformer............
using Transformer_type: ViT-B-16 as a backbone
Resized position embedding: %s to %s torch.Size([197, 768]) torch.Size([129, 768])
Position embedding resize to height:8 width: 16
Successfully load ckpt!
<All keys matched successfully>
Loading pretrained model from CLIP
camera number is : 8
===========Building Signal===========
{"event": "fold_complete", "fold": 2, "training_reused": false, "new_optimizer_steps": 520}
{"event": "complete", "status": "COMPLETE_COMPARISON_SUPPORT_FAIL", "elapsed_seconds": 694.6885192021728}
