/root/miniconda3/envs/tri_reid/lib/python3.10/site-packages/timm/models/helpers.py:7: FutureWarning: Importing from timm.models.helpers is deprecated, please import via timm.models
  warnings.warn(f"Importing from {__name__} is deprecated, please import via timm.models", FutureWarning)
/root/miniconda3/envs/tri_reid/lib/python3.10/site-packages/timm/models/registry.py:4: FutureWarning: Importing from timm.models.registry is deprecated, please import via timm.models
  warnings.warn(f"Importing from {__name__} is deprecated, please import via timm.models", FutureWarning)
/root/miniconda3/envs/tri_reid/lib/python3.10/site-packages/timm/models/layers/__init__.py:48: FutureWarning: Importing from timm.models.layers is deprecated, please import via timm.layers
  warnings.warn(f"Importing from {__name__} is deprecated, please import via timm.layers", FutureWarning)
建立transformer............
using Transformer_type: ViT-B-16 as a backbone
Resized position embedding: %s to %s torch.Size([197, 768]) torch.Size([129, 768])
Position embedding resize to height:16 width: 8
Successfully load ckpt!
<All keys matched successfully>
Loading pretrained model from CLIP
camera number is : 4
===========Building Signal===========
{"fold": 0, "endpoint": "frozen_private_tail", "all_heldout_metric_arrays_exact": true, "source_fused_mAP": 100.0, "elapsed_seconds": 59.64639091491699}
建立transformer............
using Transformer_type: ViT-B-16 as a backbone
Resized position embedding: %s to %s torch.Size([197, 768]) torch.Size([129, 768])
Position embedding resize to height:16 width: 8
Successfully load ckpt!
<All keys matched successfully>
Loading pretrained model from CLIP
camera number is : 4
===========Building Signal===========
{"fold": 0, "endpoint": "trained_private_tail", "all_heldout_metric_arrays_exact": true, "source_fused_mAP": 100.0, "elapsed_seconds": 111.88212394714355}
建立transformer............
using Transformer_type: ViT-B-16 as a backbone
Resized position embedding: %s to %s torch.Size([197, 768]) torch.Size([129, 768])
Position embedding resize to height:16 width: 8
Successfully load ckpt!
<All keys matched successfully>
Loading pretrained model from CLIP
camera number is : 4
===========Building Signal===========
{"fold": 1, "endpoint": "frozen_private_tail", "all_heldout_metric_arrays_exact": true, "source_fused_mAP": 100.0, "elapsed_seconds": 166.92788457870483}
建立transformer............
using Transformer_type: ViT-B-16 as a backbone
Resized position embedding: %s to %s torch.Size([197, 768]) torch.Size([129, 768])
Position embedding resize to height:16 width: 8
Successfully load ckpt!
<All keys matched successfully>
Loading pretrained model from CLIP
camera number is : 4
===========Building Signal===========
{"fold": 1, "endpoint": "trained_private_tail", "all_heldout_metric_arrays_exact": true, "source_fused_mAP": 100.0, "elapsed_seconds": 219.89635944366455}
建立transformer............
using Transformer_type: ViT-B-16 as a backbone
Resized position embedding: %s to %s torch.Size([197, 768]) torch.Size([129, 768])
Position embedding resize to height:16 width: 8
Successfully load ckpt!
<All keys matched successfully>
Loading pretrained model from CLIP
camera number is : 4
===========Building Signal===========
{"fold": 2, "endpoint": "frozen_private_tail", "all_heldout_metric_arrays_exact": true, "source_fused_mAP": 100.0, "elapsed_seconds": 275.0410349369049}
建立transformer............
using Transformer_type: ViT-B-16 as a backbone
Resized position embedding: %s to %s torch.Size([197, 768]) torch.Size([129, 768])
Position embedding resize to height:16 width: 8
Successfully load ckpt!
<All keys matched successfully>
Loading pretrained model from CLIP
camera number is : 4
===========Building Signal===========
{"fold": 2, "endpoint": "trained_private_tail", "all_heldout_metric_arrays_exact": true, "source_fused_mAP": 100.0, "elapsed_seconds": 327.8926908969879}
{"status": "ALL_SIX_FINAL_MODELS_REPLAY_AND_SOURCE_DIAGNOSIS_COMPLETE", "elapsed_seconds": 329.7845413684845}
