/root/miniconda3/envs/tri_reid/lib/python3.10/site-packages/timm/models/helpers.py:7: FutureWarning: Importing from timm.models.helpers is deprecated, please import via timm.models
  warnings.warn(f"Importing from {__name__} is deprecated, please import via timm.models", FutureWarning)
/root/miniconda3/envs/tri_reid/lib/python3.10/site-packages/timm/models/registry.py:4: FutureWarning: Importing from timm.models.registry is deprecated, please import via timm.models
  warnings.warn(f"Importing from {__name__} is deprecated, please import via timm.models", FutureWarning)
/root/miniconda3/envs/tri_reid/lib/python3.10/site-packages/timm/models/layers/__init__.py:48: FutureWarning: Importing from timm.models.layers is deprecated, please import via timm.layers
  warnings.warn(f"Importing from {__name__} is deprecated, please import via timm.layers", FutureWarning)
建立transformer............
using Transformer_type: ViT-B-16 as a backbone
Resized position embedding: %s to %s torch.Size([197, 768]) torch.Size([129, 768])
Position embedding resize to height:16 width: 8
Successfully load ckpt!
<All keys matched successfully>
Loading pretrained model from CLIP
camera number is : 4
===========Building Signal===========
建立transformer............
using Transformer_type: ViT-B-16 as a backbone
Resized position embedding: %s to %s torch.Size([197, 768]) torch.Size([129, 768])
Position embedding resize to height:16 width: 8
Successfully load ckpt!
<All keys matched successfully>
Loading pretrained model from CLIP
camera number is : 4
===========Building Signal===========
{"stage": "preflight", "fold": 0, "paired": true, "binding": {"architecture": "signal_preserving_v24_source_prototype", "source": {"SIGNAL_CHECKPOINT": "/root/autodl-tmp/trifusion-v2/artifacts/trifusion_v12_complete_path_oof_seed42_c71d3de/fold_0_signal_final.pth", "SIGNAL_CHECKPOINT_SHA256": "523c7c645ac1d85c91cd7b08ef3c3276e37f723906ae7af0d9ec6a9ddbcb38de", "EXPERT_CHECKPOINT": "/root/autodl-tmp/trifusion-v2/artifacts/trifusion_v12_complete_path_oof_seed42_c71d3de/fold_0_experts.pth", "EXPERT_CHECKPOINT_SHA256": "4baebda03e69447e552a5e2e5512aad3db69248e23cbd0aacbc6d2bb7475c3af"}, "fit_identity_ids": [1, 2, 4, 5, 7, 8, 10, 11, 13, 14, 16, 17, 19, 20, 22, 23, 25, 26, 28, 29, 31, 32, 34, 35, 37, 38, 40, 41, 43, 44, 46, 47, 49, 50, 53, 54, 56, 57, 59, 60, 62, 63, 64, 65, 67, 68, 70, 71, 74, 75, 76, 78, 79, 80, 82, 83, 86, 87, 88, 90, 92, 93, 94, 96, 98, 99, 100, 101, 103, 104, 106, 107, 109, 110, 112, 113, 115, 116, 118, 119, 121, 122, 124, 125, 127, 128, 130, 131, 133, 134, 136, 137, 139, 140], "heldout_identity_ids": [0, 3, 6, 9, 12, 15, 18, 21, 24, 27, 30, 33, 36, 39, 42, 45, 48, 51, 52, 55, 58, 61, 66, 69, 72, 73, 77, 81, 84, 85, 89, 91, 95, 97, 102, 105, 108, 111, 114, 117, 120, 123, 126, 129, 132, 135, 138], "source_state_strictly_loaded": true, "baseline_frozen": true, "shared_tail_frozen": true, "source_model_state_sha256": "5d3c98b27005cded2f45d4bd82be2e35541c562aee6c927b640269cfa4bbf59b", "prototype_loss_enabled": true, "new_inference_parameters": 0, "role_modules_and_classification_heads_trainable": true, "router_enabled": false, "hfer_enabled": false, "total_parameters": 98800141, "trainable_parameters": 7841292, "trainable_tensors": 203}}
建立transformer............
using Transformer_type: ViT-B-16 as a backbone
Resized position embedding: %s to %s torch.Size([197, 768]) torch.Size([129, 768])
Position embedding resize to height:16 width: 8
Successfully load ckpt!
<All keys matched successfully>
Loading pretrained model from CLIP
camera number is : 4
===========Building Signal===========
建立transformer............
using Transformer_type: ViT-B-16 as a backbone
Resized position embedding: %s to %s torch.Size([197, 768]) torch.Size([129, 768])
Position embedding resize to height:16 width: 8
Successfully load ckpt!
<All keys matched successfully>
Loading pretrained model from CLIP
camera number is : 4
===========Building Signal===========
{"stage": "preflight", "fold": 1, "paired": true, "binding": {"architecture": "signal_preserving_v24_source_prototype", "source": {"SIGNAL_CHECKPOINT": "/root/autodl-tmp/trifusion-v2/artifacts/trifusion_v12_complete_path_oof_seed42_c71d3de/fold_1_signal_final.pth", "SIGNAL_CHECKPOINT_SHA256": "6c1304a68663418ef9b4dcd6230bde55c87d0319ac60351aebbe8a0ab9acbcd7", "EXPERT_CHECKPOINT": "/root/autodl-tmp/trifusion-v2/artifacts/trifusion_v12_complete_path_oof_seed42_c71d3de/fold_1_experts.pth", "EXPERT_CHECKPOINT_SHA256": "f369bca3dbd53518bc082880974f203aedbb6febd0251458a25707b91de52ec3"}, "fit_identity_ids": [0, 2, 3, 5, 6, 8, 9, 11, 12, 14, 15, 17, 18, 20, 21, 23, 24, 26, 27, 29, 30, 32, 33, 35, 36, 38, 39, 41, 42, 44, 45, 47, 48, 50, 51, 52, 54, 55, 57, 58, 60, 61, 64, 65, 66, 68, 69, 71, 72, 73, 75, 77, 79, 80, 81, 83, 84, 85, 88, 89, 90, 91, 94, 95, 96, 97, 100, 101, 102, 104, 105, 107, 108, 110, 111, 113, 114, 116, 117, 119, 120, 122, 123, 125, 126, 128, 129, 131, 132, 134, 135, 137, 138, 140], "heldout_identity_ids": [1, 4, 7, 10, 13, 16, 19, 22, 25, 28, 31, 34, 37, 40, 43, 46, 49, 53, 56, 59, 62, 63, 67, 70, 74, 76, 78, 82, 86, 87, 92, 93, 98, 99, 103, 106, 109, 112, 115, 118, 121, 124, 127, 130, 133, 136, 139], "source_state_strictly_loaded": true, "baseline_frozen": true, "shared_tail_frozen": true, "source_model_state_sha256": "23891a574712cd16bcebf30efbc2183d0bea42b8f293b77da20313e66a28dc8b", "prototype_loss_enabled": true, "new_inference_parameters": 0, "role_modules_and_classification_heads_trainable": true, "router_enabled": false, "hfer_enabled": false, "total_parameters": 98800141, "trainable_parameters": 7841292, "trainable_tensors": 203}}
建立transformer............
using Transformer_type: ViT-B-16 as a backbone
Resized position embedding: %s to %s torch.Size([197, 768]) torch.Size([129, 768])
Position embedding resize to height:16 width: 8
Successfully load ckpt!
<All keys matched successfully>
Loading pretrained model from CLIP
camera number is : 4
===========Building Signal===========
建立transformer............
using Transformer_type: ViT-B-16 as a backbone
Resized position embedding: %s to %s torch.Size([197, 768]) torch.Size([129, 768])
Position embedding resize to height:16 width: 8
Successfully load ckpt!
<All keys matched successfully>
Loading pretrained model from CLIP
camera number is : 4
===========Building Signal===========
{"stage": "preflight", "fold": 2, "paired": true, "binding": {"architecture": "signal_preserving_v24_source_prototype", "source": {"SIGNAL_CHECKPOINT": "/root/autodl-tmp/trifusion-v2/artifacts/trifusion_v12_complete_path_oof_seed42_c71d3de/fold_2_signal_final.pth", "SIGNAL_CHECKPOINT_SHA256": "3cf0ef340c44db43d299ea8ca3a742ad12b4e113c12dffbd1db21f656923f678", "EXPERT_CHECKPOINT": "/root/autodl-tmp/trifusion-v2/artifacts/trifusion_v12_complete_path_oof_seed42_c71d3de/fold_2_experts.pth", "EXPERT_CHECKPOINT_SHA256": "7abdecdec6e39eb6f3244b8f24428139e52079c91f7e5d0dad1d1c17dc387678"}, "fit_identity_ids": [0, 1, 3, 4, 6, 7, 9, 10, 12, 13, 15, 16, 18, 19, 21, 22, 24, 25, 27, 28, 30, 31, 33, 34, 36, 37, 39, 40, 42, 43, 45, 46, 48, 49, 51, 52, 53, 55, 56, 58, 59, 61, 62, 63, 66, 67, 69, 70, 72, 73, 74, 76, 77, 78, 81, 82, 84, 85, 86, 87, 89, 91, 92, 93, 95, 97, 98, 99, 102, 103, 105, 106, 108, 109, 111, 112, 114, 115, 117, 118, 120, 121, 123, 124, 126, 127, 129, 130, 132, 133, 135, 136, 138, 139], "heldout_identity_ids": [2, 5, 8, 11, 14, 17, 20, 23, 26, 29, 32, 35, 38, 41, 44, 47, 50, 54, 57, 60, 64, 65, 68, 71, 75, 79, 80, 83, 88, 90, 94, 96, 100, 101, 104, 107, 110, 113, 116, 119, 122, 125, 128, 131, 134, 137, 140], "source_state_strictly_loaded": true, "baseline_frozen": true, "shared_tail_frozen": true, "source_model_state_sha256": "3644758c9f40b811a5727284fa89095e9dd1607d7568076bdd7bd599f17143b6", "prototype_loss_enabled": true, "new_inference_parameters": 0, "role_modules_and_classification_heads_trainable": true, "router_enabled": false, "hfer_enabled": false, "total_parameters": 98800141, "trainable_parameters": 7841292, "trainable_tensors": 203}}
建立transformer............
using Transformer_type: ViT-B-16 as a backbone
Resized position embedding: %s to %s torch.Size([197, 768]) torch.Size([129, 768])
Position embedding resize to height:16 width: 8
Successfully load ckpt!
<All keys matched successfully>
Loading pretrained model from CLIP
camera number is : 4
===========Building Signal===========
建立transformer............
using Transformer_type: ViT-B-16 as a backbone
Resized position embedding: %s to %s torch.Size([197, 768]) torch.Size([129, 768])
Position embedding resize to height:16 width: 8
Successfully load ckpt!
<All keys matched successfully>
Loading pretrained model from CLIP
camera number is : 4
===========Building Signal===========
建立transformer............
using Transformer_type: ViT-B-16 as a backbone
Resized position embedding: %s to %s torch.Size([197, 768]) torch.Size([129, 768])
Position embedding resize to height:16 width: 8
Successfully load ckpt!
<All keys matched successfully>
Loading pretrained model from CLIP
camera number is : 4
===========Building Signal===========
