/root/miniconda3/envs/tri_reid/lib/python3.10/site-packages/timm/models/helpers.py:7: FutureWarning: Importing from timm.models.helpers is deprecated, please import via timm.models
  warnings.warn(f"Importing from {__name__} is deprecated, please import via timm.models", FutureWarning)
/root/miniconda3/envs/tri_reid/lib/python3.10/site-packages/timm/models/registry.py:4: FutureWarning: Importing from timm.models.registry is deprecated, please import via timm.models
  warnings.warn(f"Importing from {__name__} is deprecated, please import via timm.models", FutureWarning)
/root/miniconda3/envs/tri_reid/lib/python3.10/site-packages/timm/models/layers/__init__.py:48: FutureWarning: Importing from timm.models.layers is deprecated, please import via timm.layers
  warnings.warn(f"Importing from {__name__} is deprecated, please import via timm.layers", FutureWarning)
/root/miniconda3/envs/tri_reid/lib/python3.10/site-packages/torch/optim/lr_scheduler.py:224: UserWarning: Detected call of `lr_scheduler.step()` before `optimizer.step()`. In PyTorch 1.1.0 and later, you should call them in the opposite order: `optimizer.step()` before `lr_scheduler.step()`.  Failure to do this will result in PyTorch skipping the first value of the learning rate schedule. See more details at https://pytorch.org/docs/stable/optim.html#how-to-adjust-learning-rate
  warnings.warn(
/root/miniconda3/envs/tri_reid/lib/python3.10/site-packages/torch/optim/lr_scheduler.py:240: UserWarning: The epoch parameter in `scheduler.step()` was not necessary and is being deprecated where possible. Please use `scheduler.step()` to step the scheduler. During the deprecation, if epoch is different from None, the closed form is used instead of the new chainable form, where available. Please open an issue if you are unable to replicate your use case: https://github.com/pytorch/pytorch/issues/new/choose.
  warnings.warn(EPOCH_DEPRECATION_WARNING, UserWarning)
建立transformer............
using Transformer_type: ViT-B-16 as a backbone
Resized position embedding: %s to %s torch.Size([197, 768]) torch.Size([129, 768])
Position embedding resize to height:8 width: 16
Successfully load ckpt!
<All keys matched successfully>
Loading pretrained model from CLIP
camera number is : 8
===========Building Signal===========
using soft triplet loss for training
label smooth on, numclasses: 103
{"event": "signal_source_epoch", "epoch": 1, "optimizer_steps": 13, "mean_loss": 12.272413620581993, "learning_rates": [5e-06, 1e-05, 0.0005], "elapsed_seconds": 11.139700880274177}
{"event": "signal_source_epoch", "epoch": 2, "optimizer_steps": 13, "mean_loss": 9.205413084763746, "learning_rates": [5e-06, 1e-05, 0.0005], "elapsed_seconds": 8.058195624500513}
{"event": "signal_source_epoch", "epoch": 3, "optimizer_steps": 13, "mean_loss": 8.106305819291334, "learning_rates": [5e-06, 1e-05, 0.0005], "elapsed_seconds": 8.09461340866983}
{"event": "signal_source_epoch", "epoch": 4, "optimizer_steps": 13, "mean_loss": 7.552394206707294, "learning_rates": [5e-06, 1e-05, 0.0005], "elapsed_seconds": 8.188371511176229}
{"event": "signal_source_epoch", "epoch": 5, "optimizer_steps": 13, "mean_loss": 6.978574716127836, "learning_rates": [5e-06, 1e-05, 0.0005], "elapsed_seconds": 8.264647768810391}
{"event": "signal_source_epoch", "epoch": 6, "optimizer_steps": 13, "mean_loss": 6.572179207435021, "learning_rates": [5e-06, 1e-05, 0.0005], "elapsed_seconds": 8.376985531300306}
{"event": "signal_source_epoch", "epoch": 7, "optimizer_steps": 13, "mean_loss": 6.27298248731173, "learning_rates": [5e-06, 1e-05, 0.0005], "elapsed_seconds": 8.560316070914268}
{"event": "signal_source_epoch", "epoch": 8, "optimizer_steps": 13, "mean_loss": 6.042485823998084, "learning_rates": [5e-06, 1e-05, 0.0005], "elapsed_seconds": 8.118939405307174}
{"event": "signal_source_epoch", "epoch": 9, "optimizer_steps": 13, "mean_loss": 5.632825521322397, "learning_rates": [5e-06, 1e-05, 0.0005], "elapsed_seconds": 8.16831417195499}
{"event": "signal_source_epoch", "epoch": 10, "optimizer_steps": 13, "mean_loss": 5.3896014873798075, "learning_rates": [5e-06, 1e-05, 0.0005], "elapsed_seconds": 7.976241249591112}
{"event": "signal_source_epoch", "epoch": 11, "optimizer_steps": 13, "mean_loss": 5.137700521028959, "learning_rates": [5e-06, 1e-05, 0.0005], "elapsed_seconds": 8.225322091951966}
{"event": "signal_source_epoch", "epoch": 12, "optimizer_steps": 13, "mean_loss": 4.893761194669283, "learning_rates": [5e-06, 1e-05, 0.0005], "elapsed_seconds": 8.3308413233608}
{"event": "signal_source_epoch", "epoch": 13, "optimizer_steps": 13, "mean_loss": 4.524086695451003, "learning_rates": [5e-06, 1e-05, 0.0005], "elapsed_seconds": 8.1526552811265}
{"event": "signal_source_epoch", "epoch": 14, "optimizer_steps": 13, "mean_loss": 4.444043251184317, "learning_rates": [5e-06, 1e-05, 0.0005], "elapsed_seconds": 8.110120477154851}
{"event": "signal_source_epoch", "epoch": 15, "optimizer_steps": 13, "mean_loss": 4.279636529775766, "learning_rates": [5e-06, 1e-05, 0.0005], "elapsed_seconds": 8.180304350331426}
{"event": "signal_source_epoch", "epoch": 16, "optimizer_steps": 13, "mean_loss": 4.086028337478638, "learning_rates": [5e-06, 1e-05, 0.0005], "elapsed_seconds": 8.14760928042233}
{"event": "signal_source_epoch", "epoch": 17, "optimizer_steps": 13, "mean_loss": 3.9601148458627553, "learning_rates": [5e-06, 1e-05, 0.0005], "elapsed_seconds": 7.655634388327599}
{"event": "signal_source_epoch", "epoch": 18, "optimizer_steps": 13, "mean_loss": 3.779856718503512, "learning_rates": [5e-06, 1e-05, 0.0005], "elapsed_seconds": 8.209913708269596}
{"event": "signal_source_epoch", "epoch": 19, "optimizer_steps": 13, "mean_loss": 3.5571242662576528, "learning_rates": [5e-06, 1e-05, 0.0005], "elapsed_seconds": 8.344528229907155}
{"event": "signal_source_epoch", "epoch": 20, "optimizer_steps": 13, "mean_loss": 3.4114025372725267, "learning_rates": [5.000000000000001e-07, 1.0000000000000002e-06, 5e-05], "elapsed_seconds": 7.921371920034289}
{"event": "signal_source_epoch", "epoch": 21, "optimizer_steps": 13, "mean_loss": 3.434219011893639, "learning_rates": [5.000000000000001e-07, 1.0000000000000002e-06, 5e-05], "elapsed_seconds": 8.146644027903676}
{"event": "signal_source_epoch", "epoch": 22, "optimizer_steps": 13, "mean_loss": 3.3074198686159573, "learning_rates": [5.000000000000001e-07, 1.0000000000000002e-06, 5e-05], "elapsed_seconds": 8.046463500708342}
{"event": "signal_source_epoch", "epoch": 23, "optimizer_steps": 13, "mean_loss": 3.26080060005188, "learning_rates": [5.000000000000001e-07, 1.0000000000000002e-06, 5e-05], "elapsed_seconds": 7.782339286059141}
{"event": "signal_source_epoch", "epoch": 24, "optimizer_steps": 13, "mean_loss": 3.3779447628901553, "learning_rates": [5.000000000000001e-07, 1.0000000000000002e-06, 5e-05], "elapsed_seconds": 8.261755289509892}
{"event": "signal_source_epoch", "epoch": 25, "optimizer_steps": 13, "mean_loss": 3.4035409780649037, "learning_rates": [5.000000000000001e-07, 1.0000000000000002e-06, 5e-05], "elapsed_seconds": 8.28149639070034}
{"event": "signal_source_epoch", "epoch": 26, "optimizer_steps": 13, "mean_loss": 3.3836620220771203, "learning_rates": [5.000000000000001e-07, 1.0000000000000002e-06, 5e-05], "elapsed_seconds": 8.370995303615928}
{"event": "signal_source_epoch", "epoch": 27, "optimizer_steps": 13, "mean_loss": 3.285717542354877, "learning_rates": [5.000000000000001e-07, 1.0000000000000002e-06, 5e-05], "elapsed_seconds": 7.907206520438194}
{"event": "signal_source_epoch", "epoch": 28, "optimizer_steps": 13, "mean_loss": 3.1364765717433047, "learning_rates": [5.000000000000001e-07, 1.0000000000000002e-06, 5e-05], "elapsed_seconds": 8.09823514893651}
{"event": "signal_source_epoch", "epoch": 29, "optimizer_steps": 13, "mean_loss": 3.22833697612469, "learning_rates": [5.000000000000001e-07, 1.0000000000000002e-06, 5e-05], "elapsed_seconds": 8.048080937936902}
{"event": "signal_source_epoch", "epoch": 30, "optimizer_steps": 13, "mean_loss": 3.106009868475107, "learning_rates": [5.000000000000001e-07, 1.0000000000000002e-06, 5e-05], "elapsed_seconds": 8.055676216259599}
{"event": "signal_source_epoch", "epoch": 31, "optimizer_steps": 13, "mean_loss": 3.245125385431143, "learning_rates": [5.000000000000001e-07, 1.0000000000000002e-06, 5e-05], "elapsed_seconds": 8.029114063829184}
{"event": "signal_source_epoch", "epoch": 32, "optimizer_steps": 13, "mean_loss": 3.1176386979910045, "learning_rates": [5.000000000000001e-07, 1.0000000000000002e-06, 5e-05], "elapsed_seconds": 8.020553486421704}
{"event": "signal_source_epoch", "epoch": 33, "optimizer_steps": 13, "mean_loss": 3.0435165625352125, "learning_rates": [5.000000000000001e-07, 1.0000000000000002e-06, 5e-05], "elapsed_seconds": 7.908635746687651}
{"event": "signal_source_epoch", "epoch": 34, "optimizer_steps": 13, "mean_loss": 3.150303840637207, "learning_rates": [5.000000000000001e-07, 1.0000000000000002e-06, 5e-05], "elapsed_seconds": 7.939013650640845}
{"event": "signal_source_epoch", "epoch": 35, "optimizer_steps": 13, "mean_loss": 3.1425615273989163, "learning_rates": [5.000000000000001e-07, 1.0000000000000002e-06, 5e-05], "elapsed_seconds": 8.280456993728876}
{"event": "signal_source_epoch", "epoch": 36, "optimizer_steps": 13, "mean_loss": 3.1103746707622824, "learning_rates": [5.000000000000001e-07, 1.0000000000000002e-06, 5e-05], "elapsed_seconds": 8.148032436147332}
{"event": "signal_source_epoch", "epoch": 37, "optimizer_steps": 13, "mean_loss": 3.074339884978074, "learning_rates": [5.000000000000001e-07, 1.0000000000000002e-06, 5e-05], "elapsed_seconds": 8.057215679436922}
{"event": "signal_source_epoch", "epoch": 38, "optimizer_steps": 13, "mean_loss": 3.1673292013315053, "learning_rates": [5.000000000000001e-07, 1.0000000000000002e-06, 5e-05], "elapsed_seconds": 7.756739707663655}
{"event": "signal_source_epoch", "epoch": 39, "optimizer_steps": 13, "mean_loss": 3.0735248969151425, "learning_rates": [5.000000000000001e-07, 1.0000000000000002e-06, 5e-05], "elapsed_seconds": 7.8126504477113485}
{"event": "signal_source_epoch", "epoch": 40, "optimizer_steps": 13, "mean_loss": 3.021312768642719, "learning_rates": [5.000000000000001e-08, 1.0000000000000002e-07, 5.000000000000001e-06], "elapsed_seconds": 7.819293588399887}
{"event": "signal_source_epoch", "epoch": 41, "optimizer_steps": 13, "mean_loss": 3.184395900139442, "learning_rates": [5.000000000000001e-08, 1.0000000000000002e-07, 5.000000000000001e-06], "elapsed_seconds": 8.091622633859515}
{"event": "signal_source_epoch", "epoch": 42, "optimizer_steps": 13, "mean_loss": 3.061777720084557, "learning_rates": [5.000000000000001e-08, 1.0000000000000002e-07, 5.000000000000001e-06], "elapsed_seconds": 8.331001956015825}
{"event": "signal_source_epoch", "epoch": 43, "optimizer_steps": 13, "mean_loss": 3.072428684968215, "learning_rates": [5.000000000000001e-08, 1.0000000000000002e-07, 5.000000000000001e-06], "elapsed_seconds": 8.340295162051916}
{"event": "signal_source_epoch", "epoch": 44, "optimizer_steps": 13, "mean_loss": 3.103409216954158, "learning_rates": [5.000000000000001e-08, 1.0000000000000002e-07, 5.000000000000001e-06], "elapsed_seconds": 8.313748447224498}
{"event": "signal_source_epoch", "epoch": 45, "optimizer_steps": 13, "mean_loss": 3.03441753754249, "learning_rates": [5.000000000000001e-08, 1.0000000000000002e-07, 5.000000000000001e-06], "elapsed_seconds": 8.103586059063673}
{"event": "signal_source_epoch", "epoch": 46, "optimizer_steps": 13, "mean_loss": 3.031313492701604, "learning_rates": [5.000000000000001e-08, 1.0000000000000002e-07, 5.000000000000001e-06], "elapsed_seconds": 7.955802608281374}
{"event": "signal_source_epoch", "epoch": 47, "optimizer_steps": 13, "mean_loss": 3.1173771894895115, "learning_rates": [5.000000000000001e-08, 1.0000000000000002e-07, 5.000000000000001e-06], "elapsed_seconds": 7.669527987018228}
{"event": "signal_source_epoch", "epoch": 48, "optimizer_steps": 13, "mean_loss": 3.02794126363901, "learning_rates": [5.000000000000001e-08, 1.0000000000000002e-07, 5.000000000000001e-06], "elapsed_seconds": 8.062390703707933}
{"event": "signal_source_epoch", "epoch": 49, "optimizer_steps": 13, "mean_loss": 3.036307554978591, "learning_rates": [5.000000000000001e-08, 1.0000000000000002e-07, 5.000000000000001e-06], "elapsed_seconds": 8.174017880111933}
{"event": "signal_source_epoch", "epoch": 50, "optimizer_steps": 13, "mean_loss": 3.0129557572878323, "learning_rates": [5.000000000000001e-08, 1.0000000000000002e-07, 5.000000000000001e-06], "elapsed_seconds": 7.80439605563879}
建立transformer............
using Transformer_type: ViT-B-16 as a backbone
Resized position embedding: %s to %s torch.Size([197, 768]) torch.Size([129, 768])
Position embedding resize to height:8 width: 16
Successfully load ckpt!
<All keys matched successfully>
Loading pretrained model from CLIP
camera number is : 8
===========Building Signal===========
/root/miniconda3/envs/tri_reid/lib/python3.10/site-packages/torch/optim/lr_scheduler.py:224: UserWarning: Detected call of `lr_scheduler.step()` before `optimizer.step()`. In PyTorch 1.1.0 and later, you should call them in the opposite order: `optimizer.step()` before `lr_scheduler.step()`.  Failure to do this will result in PyTorch skipping the first value of the learning rate schedule. See more details at https://pytorch.org/docs/stable/optim.html#how-to-adjust-learning-rate
  warnings.warn(
/root/miniconda3/envs/tri_reid/lib/python3.10/site-packages/torch/optim/lr_scheduler.py:240: UserWarning: The epoch parameter in `scheduler.step()` was not necessary and is being deprecated where possible. Please use `scheduler.step()` to step the scheduler. During the deprecation, if epoch is different from None, the closed form is used instead of the new chainable form, where available. Please open an issue if you are unable to replicate your use case: https://github.com/pytorch/pytorch/issues/new/choose.
  warnings.warn(EPOCH_DEPRECATION_WARNING, UserWarning)
建立transformer............
using Transformer_type: ViT-B-16 as a backbone
Resized position embedding: %s to %s torch.Size([197, 768]) torch.Size([129, 768])
Position embedding resize to height:8 width: 16
Successfully load ckpt!
<All keys matched successfully>
Loading pretrained model from CLIP
camera number is : 8
===========Building Signal===========
using soft triplet loss for training
label smooth on, numclasses: 103
{"event": "signal_source_epoch", "epoch": 1, "optimizer_steps": 13, "mean_loss": 12.215972680311937, "learning_rates": [5e-06, 1e-05, 0.0005], "elapsed_seconds": 8.304364755749702}
{"event": "signal_source_epoch", "epoch": 2, "optimizer_steps": 13, "mean_loss": 9.288049697875977, "learning_rates": [5e-06, 1e-05, 0.0005], "elapsed_seconds": 8.097865687683225}
{"event": "signal_source_epoch", "epoch": 3, "optimizer_steps": 13, "mean_loss": 8.170907754164476, "learning_rates": [5e-06, 1e-05, 0.0005], "elapsed_seconds": 8.03755289874971}
{"event": "signal_source_epoch", "epoch": 4, "optimizer_steps": 13, "mean_loss": 7.621776287372295, "learning_rates": [5e-06, 1e-05, 0.0005], "elapsed_seconds": 8.308516696095467}
{"event": "signal_source_epoch", "epoch": 5, "optimizer_steps": 13, "mean_loss": 7.086390605339637, "learning_rates": [5e-06, 1e-05, 0.0005], "elapsed_seconds": 7.837569238618016}
{"event": "signal_source_epoch", "epoch": 6, "optimizer_steps": 13, "mean_loss": 6.757597886599028, "learning_rates": [5e-06, 1e-05, 0.0005], "elapsed_seconds": 7.960877222940326}
{"event": "signal_source_epoch", "epoch": 7, "optimizer_steps": 13, "mean_loss": 6.33487371297983, "learning_rates": [5e-06, 1e-05, 0.0005], "elapsed_seconds": 8.36702922359109}
{"event": "signal_source_epoch", "epoch": 8, "optimizer_steps": 13, "mean_loss": 6.102829089531531, "learning_rates": [5e-06, 1e-05, 0.0005], "elapsed_seconds": 8.445516591891646}
{"event": "signal_source_epoch", "epoch": 9, "optimizer_steps": 13, "mean_loss": 5.795333972344031, "learning_rates": [5e-06, 1e-05, 0.0005], "elapsed_seconds": 8.419331090524793}
{"event": "signal_source_epoch", "epoch": 10, "optimizer_steps": 13, "mean_loss": 5.437505978804368, "learning_rates": [5e-06, 1e-05, 0.0005], "elapsed_seconds": 7.784357339143753}
{"event": "signal_source_epoch", "epoch": 11, "optimizer_steps": 13, "mean_loss": 5.319420997913067, "learning_rates": [5e-06, 1e-05, 0.0005], "elapsed_seconds": 8.2882498819381}
{"event": "signal_source_epoch", "epoch": 12, "optimizer_steps": 13, "mean_loss": 4.910566219916711, "learning_rates": [5e-06, 1e-05, 0.0005], "elapsed_seconds": 8.094208819791675}
{"event": "signal_source_epoch", "epoch": 13, "optimizer_steps": 13, "mean_loss": 4.7554943561553955, "learning_rates": [5e-06, 1e-05, 0.0005], "elapsed_seconds": 8.263587512075901}
{"event": "signal_source_epoch", "epoch": 14, "optimizer_steps": 13, "mean_loss": 4.447473470981304, "learning_rates": [5e-06, 1e-05, 0.0005], "elapsed_seconds": 8.285702515393496}
{"event": "signal_source_epoch", "epoch": 15, "optimizer_steps": 13, "mean_loss": 4.471250112240131, "learning_rates": [5e-06, 1e-05, 0.0005], "elapsed_seconds": 8.294934960082173}
{"event": "signal_source_epoch", "epoch": 16, "optimizer_steps": 13, "mean_loss": 4.300091963547927, "learning_rates": [5e-06, 1e-05, 0.0005], "elapsed_seconds": 8.626000512391329}
{"event": "signal_source_epoch", "epoch": 17, "optimizer_steps": 13, "mean_loss": 4.013076708867, "learning_rates": [5e-06, 1e-05, 0.0005], "elapsed_seconds": 8.576575845479965}
{"event": "signal_source_epoch", "epoch": 18, "optimizer_steps": 13, "mean_loss": 3.8296320805182824, "learning_rates": [5e-06, 1e-05, 0.0005], "elapsed_seconds": 8.31240051612258}
{"event": "signal_source_epoch", "epoch": 19, "optimizer_steps": 13, "mean_loss": 3.7451290717491736, "learning_rates": [5e-06, 1e-05, 0.0005], "elapsed_seconds": 8.149690993130207}
{"event": "signal_source_epoch", "epoch": 20, "optimizer_steps": 13, "mean_loss": 3.629851983143733, "learning_rates": [5.000000000000001e-07, 1.0000000000000002e-06, 5e-05], "elapsed_seconds": 7.987720167264342}
{"event": "signal_source_epoch", "epoch": 21, "optimizer_steps": 13, "mean_loss": 3.653442859649658, "learning_rates": [5.000000000000001e-07, 1.0000000000000002e-06, 5e-05], "elapsed_seconds": 7.772598357871175}
{"event": "signal_source_epoch", "epoch": 22, "optimizer_steps": 13, "mean_loss": 3.560958037009606, "learning_rates": [5.000000000000001e-07, 1.0000000000000002e-06, 5e-05], "elapsed_seconds": 8.256767438724637}
{"event": "signal_source_epoch", "epoch": 23, "optimizer_steps": 13, "mean_loss": 3.4619326774890604, "learning_rates": [5.000000000000001e-07, 1.0000000000000002e-06, 5e-05], "elapsed_seconds": 8.26903666742146}
{"event": "signal_source_epoch", "epoch": 24, "optimizer_steps": 13, "mean_loss": 3.4405276958759012, "learning_rates": [5.000000000000001e-07, 1.0000000000000002e-06, 5e-05], "elapsed_seconds": 8.399907713755965}
{"event": "signal_source_epoch", "epoch": 25, "optimizer_steps": 13, "mean_loss": 3.360547524232131, "learning_rates": [5.000000000000001e-07, 1.0000000000000002e-06, 5e-05], "elapsed_seconds": 8.241957506164908}
{"event": "signal_source_epoch", "epoch": 26, "optimizer_steps": 13, "mean_loss": 3.3730477553147535, "learning_rates": [5.000000000000001e-07, 1.0000000000000002e-06, 5e-05], "elapsed_seconds": 8.224815664812922}
{"event": "signal_source_epoch", "epoch": 27, "optimizer_steps": 13, "mean_loss": 3.297075344966008, "learning_rates": [5.000000000000001e-07, 1.0000000000000002e-06, 5e-05], "elapsed_seconds": 8.311461843550205}
{"event": "signal_source_epoch", "epoch": 28, "optimizer_steps": 13, "mean_loss": 3.3570039088909445, "learning_rates": [5.000000000000001e-07, 1.0000000000000002e-06, 5e-05], "elapsed_seconds": 7.971227966248989}
{"event": "signal_source_epoch", "epoch": 29, "optimizer_steps": 13, "mean_loss": 3.4916429886451135, "learning_rates": [5.000000000000001e-07, 1.0000000000000002e-06, 5e-05], "elapsed_seconds": 8.68883503600955}
{"event": "signal_source_epoch", "epoch": 30, "optimizer_steps": 13, "mean_loss": 3.411251948429988, "learning_rates": [5.000000000000001e-07, 1.0000000000000002e-06, 5e-05], "elapsed_seconds": 8.24941498786211}
{"event": "signal_source_epoch", "epoch": 31, "optimizer_steps": 13, "mean_loss": 3.3815944378192606, "learning_rates": [5.000000000000001e-07, 1.0000000000000002e-06, 5e-05], "elapsed_seconds": 8.387335317209363}
{"event": "signal_source_epoch", "epoch": 32, "optimizer_steps": 13, "mean_loss": 3.3023774990668664, "learning_rates": [5.000000000000001e-07, 1.0000000000000002e-06, 5e-05], "elapsed_seconds": 8.240355895832181}
{"event": "signal_source_epoch", "epoch": 33, "optimizer_steps": 13, "mean_loss": 3.2940026429983287, "learning_rates": [5.000000000000001e-07, 1.0000000000000002e-06, 5e-05], "elapsed_seconds": 8.107807977125049}
{"event": "signal_source_epoch", "epoch": 34, "optimizer_steps": 13, "mean_loss": 3.3337679092700663, "learning_rates": [5.000000000000001e-07, 1.0000000000000002e-06, 5e-05], "elapsed_seconds": 8.288722081109881}
{"event": "signal_source_epoch", "epoch": 35, "optimizer_steps": 13, "mean_loss": 3.349968121601985, "learning_rates": [5.000000000000001e-07, 1.0000000000000002e-06, 5e-05], "elapsed_seconds": 8.000414375215769}
{"event": "signal_source_epoch", "epoch": 36, "optimizer_steps": 13, "mean_loss": 3.221511565721952, "learning_rates": [5.000000000000001e-07, 1.0000000000000002e-06, 5e-05], "elapsed_seconds": 8.0583923663944}
{"event": "signal_source_epoch", "epoch": 37, "optimizer_steps": 13, "mean_loss": 3.1003266848050632, "learning_rates": [5.000000000000001e-07, 1.0000000000000002e-06, 5e-05], "elapsed_seconds": 8.571909820660949}
{"event": "signal_source_epoch", "epoch": 38, "optimizer_steps": 13, "mean_loss": 3.148871660232544, "learning_rates": [5.000000000000001e-07, 1.0000000000000002e-06, 5e-05], "elapsed_seconds": 8.29716950468719}
{"event": "signal_source_epoch", "epoch": 39, "optimizer_steps": 13, "mean_loss": 3.1970195953662577, "learning_rates": [5.000000000000001e-07, 1.0000000000000002e-06, 5e-05], "elapsed_seconds": 8.275249768048525}
{"event": "signal_source_epoch", "epoch": 40, "optimizer_steps": 13, "mean_loss": 3.338089869572566, "learning_rates": [5.000000000000001e-08, 1.0000000000000002e-07, 5.000000000000001e-06], "elapsed_seconds": 8.397547148168087}
{"event": "signal_source_epoch", "epoch": 41, "optimizer_steps": 13, "mean_loss": 3.299994395329402, "learning_rates": [5.000000000000001e-08, 1.0000000000000002e-07, 5.000000000000001e-06], "elapsed_seconds": 8.12177238613367}
{"event": "signal_source_epoch", "epoch": 42, "optimizer_steps": 13, "mean_loss": 3.155892152052659, "learning_rates": [5.000000000000001e-08, 1.0000000000000002e-07, 5.000000000000001e-06], "elapsed_seconds": 8.733324969187379}
{"event": "signal_source_epoch", "epoch": 43, "optimizer_steps": 13, "mean_loss": 3.102805339373075, "learning_rates": [5.000000000000001e-08, 1.0000000000000002e-07, 5.000000000000001e-06], "elapsed_seconds": 8.283839348703623}
{"event": "signal_source_epoch", "epoch": 44, "optimizer_steps": 13, "mean_loss": 3.177816079213069, "learning_rates": [5.000000000000001e-08, 1.0000000000000002e-07, 5.000000000000001e-06], "elapsed_seconds": 7.9238583985716105}
{"event": "signal_source_epoch", "epoch": 45, "optimizer_steps": 13, "mean_loss": 3.1651375660529504, "learning_rates": [5.000000000000001e-08, 1.0000000000000002e-07, 5.000000000000001e-06], "elapsed_seconds": 8.201467912644148}
{"event": "signal_source_epoch", "epoch": 46, "optimizer_steps": 13, "mean_loss": 3.181688455434946, "learning_rates": [5.000000000000001e-08, 1.0000000000000002e-07, 5.000000000000001e-06], "elapsed_seconds": 8.085305517539382}
{"event": "signal_source_epoch", "epoch": 47, "optimizer_steps": 13, "mean_loss": 3.1684709512270413, "learning_rates": [5.000000000000001e-08, 1.0000000000000002e-07, 5.000000000000001e-06], "elapsed_seconds": 8.014856230467558}
{"event": "signal_source_epoch", "epoch": 48, "optimizer_steps": 13, "mean_loss": 3.228680427257831, "learning_rates": [5.000000000000001e-08, 1.0000000000000002e-07, 5.000000000000001e-06], "elapsed_seconds": 7.902375837787986}
{"event": "signal_source_epoch", "epoch": 49, "optimizer_steps": 13, "mean_loss": 3.1851084232330322, "learning_rates": [5.000000000000001e-08, 1.0000000000000002e-07, 5.000000000000001e-06], "elapsed_seconds": 8.468397879973054}
{"event": "signal_source_epoch", "epoch": 50, "optimizer_steps": 13, "mean_loss": 3.2879905700683594, "learning_rates": [5.000000000000001e-08, 1.0000000000000002e-07, 5.000000000000001e-06], "elapsed_seconds": 8.523192344233394}
建立transformer............
using Transformer_type: ViT-B-16 as a backbone
Resized position embedding: %s to %s torch.Size([197, 768]) torch.Size([129, 768])
Position embedding resize to height:8 width: 16
Successfully load ckpt!
<All keys matched successfully>
Loading pretrained model from CLIP
camera number is : 8
===========Building Signal===========
建立transformer............
using Transformer_type: ViT-B-16 as a backbone
Resized position embedding: %s to %s torch.Size([197, 768]) torch.Size([129, 768])
Position embedding resize to height:8 width: 16
Successfully load ckpt!
<All keys matched successfully>
Loading pretrained model from CLIP
camera number is : 8
===========Building Signal===========
using soft triplet loss for training
label smooth on, numclasses: 104
{"event": "signal_source_epoch", "epoch": 1, "optimizer_steps": 13, "mean_loss": 12.64306171123798, "learning_rates": [5e-06, 1e-05, 0.0005], "elapsed_seconds": 9.264223443344235}
{"event": "signal_source_epoch", "epoch": 2, "optimizer_steps": 13, "mean_loss": 9.185762918912447, "learning_rates": [5e-06, 1e-05, 0.0005], "elapsed_seconds": 8.269324878230691}
{"event": "signal_source_epoch", "epoch": 3, "optimizer_steps": 13, "mean_loss": 8.247472689701961, "learning_rates": [5e-06, 1e-05, 0.0005], "elapsed_seconds": 8.308797854930162}
{"event": "signal_source_epoch", "epoch": 4, "optimizer_steps": 13, "mean_loss": 7.527614263387827, "learning_rates": [5e-06, 1e-05, 0.0005], "elapsed_seconds": 8.27746045961976}
{"event": "signal_source_epoch", "epoch": 5, "optimizer_steps": 13, "mean_loss": 7.121460987971379, "learning_rates": [5e-06, 1e-05, 0.0005], "elapsed_seconds": 8.329286122694612}
{"event": "signal_source_epoch", "epoch": 6, "optimizer_steps": 13, "mean_loss": 6.771184921264648, "learning_rates": [5e-06, 1e-05, 0.0005], "elapsed_seconds": 8.339840246364474}
{"event": "signal_source_epoch", "epoch": 7, "optimizer_steps": 13, "mean_loss": 6.460829734802246, "learning_rates": [5e-06, 1e-05, 0.0005], "elapsed_seconds": 7.854749407619238}
{"event": "signal_source_epoch", "epoch": 8, "optimizer_steps": 13, "mean_loss": 6.094579329857459, "learning_rates": [5e-06, 1e-05, 0.0005], "elapsed_seconds": 8.158260786905885}
{"event": "signal_source_epoch", "epoch": 9, "optimizer_steps": 13, "mean_loss": 5.835854236896221, "learning_rates": [5e-06, 1e-05, 0.0005], "elapsed_seconds": 7.61208556778729}
{"event": "signal_source_epoch", "epoch": 10, "optimizer_steps": 13, "mean_loss": 5.576707473168006, "learning_rates": [5e-06, 1e-05, 0.0005], "elapsed_seconds": 8.073027487844229}
{"event": "signal_source_epoch", "epoch": 11, "optimizer_steps": 13, "mean_loss": 5.3913990167471075, "learning_rates": [5e-06, 1e-05, 0.0005], "elapsed_seconds": 8.305548835545778}
{"event": "signal_source_epoch", "epoch": 12, "optimizer_steps": 13, "mean_loss": 4.94997684772198, "learning_rates": [5e-06, 1e-05, 0.0005], "elapsed_seconds": 8.29557641968131}
{"event": "signal_source_epoch", "epoch": 13, "optimizer_steps": 13, "mean_loss": 4.7216393030606785, "learning_rates": [5e-06, 1e-05, 0.0005], "elapsed_seconds": 8.32784024067223}
{"event": "signal_source_epoch", "epoch": 14, "optimizer_steps": 13, "mean_loss": 4.639883169761071, "learning_rates": [5e-06, 1e-05, 0.0005], "elapsed_seconds": 8.322530500590801}
{"event": "signal_source_epoch", "epoch": 15, "optimizer_steps": 13, "mean_loss": 4.4340875515571, "learning_rates": [5e-06, 1e-05, 0.0005], "elapsed_seconds": 8.5625840742141}
{"event": "signal_source_epoch", "epoch": 16, "optimizer_steps": 13, "mean_loss": 4.18859104009775, "learning_rates": [5e-06, 1e-05, 0.0005], "elapsed_seconds": 8.417540326714516}
{"event": "signal_source_epoch", "epoch": 17, "optimizer_steps": 13, "mean_loss": 4.1071268778580885, "learning_rates": [5e-06, 1e-05, 0.0005], "elapsed_seconds": 8.336376430466771}
{"event": "signal_source_epoch", "epoch": 18, "optimizer_steps": 13, "mean_loss": 3.83510789504418, "learning_rates": [5e-06, 1e-05, 0.0005], "elapsed_seconds": 8.369339792057872}
{"event": "signal_source_epoch", "epoch": 19, "optimizer_steps": 13, "mean_loss": 3.6725905308356652, "learning_rates": [5e-06, 1e-05, 0.0005], "elapsed_seconds": 8.090501287952065}
{"event": "signal_source_epoch", "epoch": 20, "optimizer_steps": 13, "mean_loss": 3.5158791542053223, "learning_rates": [5.000000000000001e-07, 1.0000000000000002e-06, 5e-05], "elapsed_seconds": 8.43895716033876}
{"event": "signal_source_epoch", "epoch": 21, "optimizer_steps": 13, "mean_loss": 3.4420163264641395, "learning_rates": [5.000000000000001e-07, 1.0000000000000002e-06, 5e-05], "elapsed_seconds": 8.353757059201598}
{"event": "signal_source_epoch", "epoch": 22, "optimizer_steps": 13, "mean_loss": 3.5137943487900953, "learning_rates": [5.000000000000001e-07, 1.0000000000000002e-06, 5e-05], "elapsed_seconds": 8.340299636125565}
{"event": "signal_source_epoch", "epoch": 23, "optimizer_steps": 13, "mean_loss": 3.3573606197650614, "learning_rates": [5.000000000000001e-07, 1.0000000000000002e-06, 5e-05], "elapsed_seconds": 8.144386664032936}
{"event": "signal_source_epoch", "epoch": 24, "optimizer_steps": 13, "mean_loss": 3.5019746010120096, "learning_rates": [5.000000000000001e-07, 1.0000000000000002e-06, 5e-05], "elapsed_seconds": 8.43442426994443}
{"event": "signal_source_epoch", "epoch": 25, "optimizer_steps": 13, "mean_loss": 3.454304365011362, "learning_rates": [5.000000000000001e-07, 1.0000000000000002e-06, 5e-05], "elapsed_seconds": 8.46941484324634}
{"event": "signal_source_epoch", "epoch": 26, "optimizer_steps": 13, "mean_loss": 3.4193503306462216, "learning_rates": [5.000000000000001e-07, 1.0000000000000002e-06, 5e-05], "elapsed_seconds": 8.167352177202702}
{"event": "signal_source_epoch", "epoch": 27, "optimizer_steps": 13, "mean_loss": 3.2281457094045787, "learning_rates": [5.000000000000001e-07, 1.0000000000000002e-06, 5e-05], "elapsed_seconds": 8.513772977516055}
{"event": "signal_source_epoch", "epoch": 28, "optimizer_steps": 13, "mean_loss": 3.2937222810891957, "learning_rates": [5.000000000000001e-07, 1.0000000000000002e-06, 5e-05], "elapsed_seconds": 8.517844460904598}
{"event": "signal_source_epoch", "epoch": 29, "optimizer_steps": 13, "mean_loss": 3.2833954004141, "learning_rates": [5.000000000000001e-07, 1.0000000000000002e-06, 5e-05], "elapsed_seconds": 8.137675950303674}
{"event": "signal_source_epoch", "epoch": 30, "optimizer_steps": 13, "mean_loss": 3.3490670644319973, "learning_rates": [5.000000000000001e-07, 1.0000000000000002e-06, 5e-05], "elapsed_seconds": 8.238028293475509}
{"event": "signal_source_epoch", "epoch": 31, "optimizer_steps": 13, "mean_loss": 3.2252234679002028, "learning_rates": [5.000000000000001e-07, 1.0000000000000002e-06, 5e-05], "elapsed_seconds": 8.542469576001167}
{"event": "signal_source_epoch", "epoch": 32, "optimizer_steps": 13, "mean_loss": 3.3462897814237156, "learning_rates": [5.000000000000001e-07, 1.0000000000000002e-06, 5e-05], "elapsed_seconds": 8.089761383831501}
{"event": "signal_source_epoch", "epoch": 33, "optimizer_steps": 13, "mean_loss": 3.29702221430265, "learning_rates": [5.000000000000001e-07, 1.0000000000000002e-06, 5e-05], "elapsed_seconds": 8.584991792216897}
{"event": "signal_source_epoch", "epoch": 34, "optimizer_steps": 13, "mean_loss": 3.2577316210820126, "learning_rates": [5.000000000000001e-07, 1.0000000000000002e-06, 5e-05], "elapsed_seconds": 8.322356458753347}
{"event": "signal_source_epoch", "epoch": 35, "optimizer_steps": 13, "mean_loss": 3.2409193148979774, "learning_rates": [5.000000000000001e-07, 1.0000000000000002e-06, 5e-05], "elapsed_seconds": 8.084327375516295}
{"event": "signal_source_epoch", "epoch": 36, "optimizer_steps": 13, "mean_loss": 3.205689466916598, "learning_rates": [5.000000000000001e-07, 1.0000000000000002e-06, 5e-05], "elapsed_seconds": 8.141355402767658}
{"event": "signal_source_epoch", "epoch": 37, "optimizer_steps": 13, "mean_loss": 3.1273916501265306, "learning_rates": [5.000000000000001e-07, 1.0000000000000002e-06, 5e-05], "elapsed_seconds": 8.496432891115546}
{"event": "signal_source_epoch", "epoch": 38, "optimizer_steps": 13, "mean_loss": 3.172954559326172, "learning_rates": [5.000000000000001e-07, 1.0000000000000002e-06, 5e-05], "elapsed_seconds": 8.150479640811682}
{"event": "signal_source_epoch", "epoch": 39, "optimizer_steps": 13, "mean_loss": 3.1868499242342434, "learning_rates": [5.000000000000001e-07, 1.0000000000000002e-06, 5e-05], "elapsed_seconds": 8.137091027572751}
{"event": "signal_source_epoch", "epoch": 40, "optimizer_steps": 13, "mean_loss": 3.0682603946098914, "learning_rates": [5.000000000000001e-08, 1.0000000000000002e-07, 5.000000000000001e-06], "elapsed_seconds": 8.047077534720302}
{"event": "signal_source_epoch", "epoch": 41, "optimizer_steps": 13, "mean_loss": 3.19901075729957, "learning_rates": [5.000000000000001e-08, 1.0000000000000002e-07, 5.000000000000001e-06], "elapsed_seconds": 7.788671191781759}
{"event": "signal_source_epoch", "epoch": 42, "optimizer_steps": 13, "mean_loss": 3.2755524745354285, "learning_rates": [5.000000000000001e-08, 1.0000000000000002e-07, 5.000000000000001e-06], "elapsed_seconds": 8.36805371940136}
{"event": "signal_source_epoch", "epoch": 43, "optimizer_steps": 13, "mean_loss": 3.111101884108323, "learning_rates": [5.000000000000001e-08, 1.0000000000000002e-07, 5.000000000000001e-06], "elapsed_seconds": 8.174559447914362}
{"event": "signal_source_epoch", "epoch": 44, "optimizer_steps": 13, "mean_loss": 3.1957511718456564, "learning_rates": [5.000000000000001e-08, 1.0000000000000002e-07, 5.000000000000001e-06], "elapsed_seconds": 8.406790411099792}
{"event": "signal_source_epoch", "epoch": 45, "optimizer_steps": 13, "mean_loss": 3.3037472871633677, "learning_rates": [5.000000000000001e-08, 1.0000000000000002e-07, 5.000000000000001e-06], "elapsed_seconds": 8.32052257284522}
{"event": "signal_source_epoch", "epoch": 46, "optimizer_steps": 13, "mean_loss": 3.1453015437492957, "learning_rates": [5.000000000000001e-08, 1.0000000000000002e-07, 5.000000000000001e-06], "elapsed_seconds": 8.150355750694871}
{"event": "signal_source_epoch", "epoch": 47, "optimizer_steps": 13, "mean_loss": 3.1553357197688174, "learning_rates": [5.000000000000001e-08, 1.0000000000000002e-07, 5.000000000000001e-06], "elapsed_seconds": 8.42083304002881}
{"event": "signal_source_epoch", "epoch": 48, "optimizer_steps": 13, "mean_loss": 3.1142473220825195, "learning_rates": [5.000000000000001e-08, 1.0000000000000002e-07, 5.000000000000001e-06], "elapsed_seconds": 7.986067213118076}
{"event": "signal_source_epoch", "epoch": 49, "optimizer_steps": 13, "mean_loss": 3.020129992411687, "learning_rates": [5.000000000000001e-08, 1.0000000000000002e-07, 5.000000000000001e-06], "elapsed_seconds": 8.445916626602411}
{"event": "signal_source_epoch", "epoch": 50, "optimizer_steps": 13, "mean_loss": 3.1012767278231106, "learning_rates": [5.000000000000001e-08, 1.0000000000000002e-07, 5.000000000000001e-06], "elapsed_seconds": 8.44444247148931}
建立transformer............
using Transformer_type: ViT-B-16 as a backbone
Resized position embedding: %s to %s torch.Size([197, 768]) torch.Size([129, 768])
Position embedding resize to height:8 width: 16
Successfully load ckpt!
<All keys matched successfully>
Loading pretrained model from CLIP
camera number is : 8
===========Building Signal===========
{"event": "complete", "status": "COMPLETE_BASELINE_NOT_METHOD_QUALIFICATION", "elapsed_seconds": 1299.0252029765397}
