/root/miniconda3/envs/tri_reid/lib/python3.10/site-packages/timm/models/helpers.py:7: FutureWarning: Importing from timm.models.helpers is deprecated, please import via timm.models
  warnings.warn(f"Importing from {__name__} is deprecated, please import via timm.models", FutureWarning)
/root/miniconda3/envs/tri_reid/lib/python3.10/site-packages/timm/models/registry.py:4: FutureWarning: Importing from timm.models.registry is deprecated, please import via timm.models
  warnings.warn(f"Importing from {__name__} is deprecated, please import via timm.models", FutureWarning)
/root/miniconda3/envs/tri_reid/lib/python3.10/site-packages/timm/models/layers/__init__.py:48: FutureWarning: Importing from timm.models.layers is deprecated, please import via timm.layers
  warnings.warn(f"Importing from {__name__} is deprecated, please import via timm.layers", FutureWarning)
建立transformer............
using Transformer_type: ViT-B-16 as a backbone
Resized position embedding: %s to %s torch.Size([197, 768]) torch.Size([129, 768])
Position embedding resize to height:16 width: 8
Successfully load ckpt!
<All keys matched successfully>
Loading pretrained model from CLIP
camera number is : 4
===========Building Signal===========
{"fold": 0, "model": "initial", "cached_clean_source_prototype_ce": 0.00045686481512634736, "sample_hardest_positive_margin_negative_records": 0, "elapsed_seconds": 39.92099595069885}
建立transformer............
using Transformer_type: ViT-B-16 as a backbone
Resized position embedding: %s to %s torch.Size([197, 768]) torch.Size([129, 768])
Position embedding resize to height:16 width: 8
Successfully load ckpt!
<All keys matched successfully>
Loading pretrained model from CLIP
camera number is : 4
===========Building Signal===========
{"fold": 0, "model": "ordinary_two_view", "cached_clean_source_prototype_ce": 0.0003814964633760985, "sample_hardest_positive_margin_negative_records": 0, "elapsed_seconds": 73.61837649345398}
建立transformer............
using Transformer_type: ViT-B-16 as a backbone
Resized position embedding: %s to %s torch.Size([197, 768]) torch.Size([129, 768])
Position embedding resize to height:16 width: 8
Successfully load ckpt!
<All keys matched successfully>
Loading pretrained model from CLIP
camera number is : 4
===========Building Signal===========
{"fold": 0, "model": "environment_identity_prototype", "cached_clean_source_prototype_ce": 0.0003370993684120934, "sample_hardest_positive_margin_negative_records": 0, "elapsed_seconds": 108.95463538169861}
建立transformer............
using Transformer_type: ViT-B-16 as a backbone
Resized position embedding: %s to %s torch.Size([197, 768]) torch.Size([129, 768])
Position embedding resize to height:16 width: 8
Successfully load ckpt!
<All keys matched successfully>
Loading pretrained model from CLIP
camera number is : 4
===========Building Signal===========
{"fold": 1, "model": "initial", "cached_clean_source_prototype_ce": 0.0005138726682238791, "sample_hardest_positive_margin_negative_records": 0, "elapsed_seconds": 141.97860074043274}
建立transformer............
using Transformer_type: ViT-B-16 as a backbone
Resized position embedding: %s to %s torch.Size([197, 768]) torch.Size([129, 768])
Position embedding resize to height:16 width: 8
Successfully load ckpt!
<All keys matched successfully>
Loading pretrained model from CLIP
camera number is : 4
===========Building Signal===========
{"fold": 1, "model": "ordinary_two_view", "cached_clean_source_prototype_ce": 0.0004887065405014857, "sample_hardest_positive_margin_negative_records": 0, "elapsed_seconds": 176.89012742042542}
建立transformer............
using Transformer_type: ViT-B-16 as a backbone
Resized position embedding: %s to %s torch.Size([197, 768]) torch.Size([129, 768])
Position embedding resize to height:16 width: 8
Successfully load ckpt!
<All keys matched successfully>
Loading pretrained model from CLIP
camera number is : 4
===========Building Signal===========
{"fold": 1, "model": "environment_identity_prototype", "cached_clean_source_prototype_ce": 0.00041588341666130255, "sample_hardest_positive_margin_negative_records": 0, "elapsed_seconds": 210.2857801914215}
建立transformer............
using Transformer_type: ViT-B-16 as a backbone
Resized position embedding: %s to %s torch.Size([197, 768]) torch.Size([129, 768])
Position embedding resize to height:16 width: 8
Successfully load ckpt!
<All keys matched successfully>
Loading pretrained model from CLIP
camera number is : 4
===========Building Signal===========
{"fold": 2, "model": "initial", "cached_clean_source_prototype_ce": 0.0003682140546353867, "sample_hardest_positive_margin_negative_records": 0, "elapsed_seconds": 243.8979742527008}
建立transformer............
using Transformer_type: ViT-B-16 as a backbone
Resized position embedding: %s to %s torch.Size([197, 768]) torch.Size([129, 768])
Position embedding resize to height:16 width: 8
Successfully load ckpt!
<All keys matched successfully>
Loading pretrained model from CLIP
camera number is : 4
===========Building Signal===========
{"fold": 2, "model": "ordinary_two_view", "cached_clean_source_prototype_ce": 0.0003407959553337545, "sample_hardest_positive_margin_negative_records": 0, "elapsed_seconds": 277.27584862709045}
建立transformer............
using Transformer_type: ViT-B-16 as a backbone
Resized position embedding: %s to %s torch.Size([197, 768]) torch.Size([129, 768])
Position embedding resize to height:16 width: 8
Successfully load ckpt!
<All keys matched successfully>
Loading pretrained model from CLIP
camera number is : 4
===========Building Signal===========
{"fold": 2, "model": "environment_identity_prototype", "cached_clean_source_prototype_ce": 0.00031614344997260774, "sample_hardest_positive_margin_negative_records": 0, "elapsed_seconds": 310.676842212677}
{"status": "ALL_NINE_SOURCE_MODELS_DIAGNOSED_READ_ONLY", "models_extracted": 9, "source_record_forwards": 18756, "elapsed_seconds": 312.0110352039337}
