/root/miniconda3/envs/tri_reid/lib/python3.10/site-packages/timm/models/helpers.py:7: FutureWarning: Importing from timm.models.helpers is deprecated, please import via timm.models
  warnings.warn(f"Importing from {__name__} is deprecated, please import via timm.models", FutureWarning)
/root/miniconda3/envs/tri_reid/lib/python3.10/site-packages/timm/models/registry.py:4: FutureWarning: Importing from timm.models.registry is deprecated, please import via timm.models
  warnings.warn(f"Importing from {__name__} is deprecated, please import via timm.models", FutureWarning)
/root/miniconda3/envs/tri_reid/lib/python3.10/site-packages/timm/models/layers/__init__.py:48: FutureWarning: Importing from timm.models.layers is deprecated, please import via timm.layers
  warnings.warn(f"Importing from {__name__} is deprecated, please import via timm.layers", FutureWarning)
建立transformer............
using Transformer_type: ViT-B-16 as a backbone
Resized position embedding: %s to %s torch.Size([197, 768]) torch.Size([129, 768])
Position embedding resize to height:8 width: 16
Successfully load ckpt!
<All keys matched successfully>
Loading pretrained model from CLIP
camera number is : 8
===========Building Signal===========
{"event": "msvr310_role_epoch", "fold": 0, "mode": "comparison", "epoch": 1, "optimizer_steps": 13, "learning_rate": 7.000000000000001e-05, "mean_loss": 4.000714393762442, "elapsed_seconds": 17.88100109063089}
{"event": "msvr310_role_epoch", "fold": 0, "mode": "comparison", "epoch": 2, "optimizer_steps": 13, "learning_rate": 0.00014000000000000001, "mean_loss": 3.4807147062741794, "elapsed_seconds": 15.940012983977795}
{"event": "msvr310_role_epoch", "fold": 0, "mode": "comparison", "epoch": 3, "optimizer_steps": 13, "learning_rate": 0.00020999999999999998, "mean_loss": 2.777416944503784, "elapsed_seconds": 15.823407361283898}
{"event": "msvr310_role_epoch", "fold": 0, "mode": "comparison", "epoch": 4, "optimizer_steps": 13, "learning_rate": 0.00028000000000000003, "mean_loss": 2.1240392464857836, "elapsed_seconds": 15.781857270747423}
{"event": "msvr310_role_epoch", "fold": 0, "mode": "comparison", "epoch": 5, "optimizer_steps": 13, "learning_rate": 0.00035, "mean_loss": 1.6743998252428496, "elapsed_seconds": 16.063165429979563}
{"event": "msvr310_role_epoch", "fold": 0, "mode": "comparison", "epoch": 6, "optimizer_steps": 13, "learning_rate": 0.00035, "mean_loss": 1.377449604181143, "elapsed_seconds": 15.986480955034494}
{"event": "msvr310_role_epoch", "fold": 0, "mode": "comparison", "epoch": 7, "optimizer_steps": 13, "learning_rate": 0.000346175830128416, "mean_loss": 1.2429767342714162, "elapsed_seconds": 16.060430750250816}
{"event": "msvr310_role_epoch", "fold": 0, "mode": "comparison", "epoch": 8, "optimizer_steps": 13, "learning_rate": 0.0003348704550874551, "mean_loss": 1.1479451931439912, "elapsed_seconds": 15.731405209749937}
{"event": "msvr310_role_epoch", "fold": 0, "mode": "comparison", "epoch": 9, "optimizer_steps": 13, "learning_rate": 0.0003165779740156158, "mean_loss": 1.0155303065593426, "elapsed_seconds": 15.583819642663002}
{"event": "msvr310_role_epoch", "fold": 0, "mode": "comparison", "epoch": 10, "optimizer_steps": 13, "learning_rate": 0.0002920978561128002, "mean_loss": 0.9844935765633216, "elapsed_seconds": 15.564501956105232}
{"event": "msvr310_role_epoch", "fold": 0, "mode": "comparison", "epoch": 11, "optimizer_steps": 13, "learning_rate": 0.0002625, "mean_loss": 0.9372697931069595, "elapsed_seconds": 15.871889617294073}
{"event": "msvr310_role_epoch", "fold": 0, "mode": "comparison", "epoch": 12, "optimizer_steps": 13, "learning_rate": 0.0002290779740156158, "mean_loss": 0.9275280649845417, "elapsed_seconds": 15.951822079718113}
{"event": "msvr310_role_epoch", "fold": 0, "mode": "comparison", "epoch": 13, "optimizer_steps": 13, "learning_rate": 0.00019329248107183937, "mean_loss": 0.8851609780238225, "elapsed_seconds": 15.287523107603192}
{"event": "msvr310_role_epoch", "fold": 0, "mode": "comparison", "epoch": 14, "optimizer_steps": 13, "learning_rate": 0.00015670751892816066, "mean_loss": 0.8700337960169866, "elapsed_seconds": 15.5130017362535}
{"event": "msvr310_role_epoch", "fold": 0, "mode": "comparison", "epoch": 15, "optimizer_steps": 13, "learning_rate": 0.00012092202598438422, "mean_loss": 0.8585997315553519, "elapsed_seconds": 15.848260527476668}
{"event": "msvr310_role_epoch", "fold": 0, "mode": "comparison", "epoch": 16, "optimizer_steps": 13, "learning_rate": 8.750000000000004e-05, "mean_loss": 0.863278709925138, "elapsed_seconds": 15.625930991023779}
{"event": "msvr310_role_epoch", "fold": 0, "mode": "comparison", "epoch": 17, "optimizer_steps": 13, "learning_rate": 5.7902143887199866e-05, "mean_loss": 0.8596148353356582, "elapsed_seconds": 15.5161471683532}
{"event": "msvr310_role_epoch", "fold": 0, "mode": "comparison", "epoch": 18, "optimizer_steps": 13, "learning_rate": 3.342202598438421e-05, "mean_loss": 0.8235659966102014, "elapsed_seconds": 16.038911076262593}
{"event": "msvr310_role_epoch", "fold": 0, "mode": "comparison", "epoch": 19, "optimizer_steps": 13, "learning_rate": 1.5129544912544829e-05, "mean_loss": 0.8247384062180152, "elapsed_seconds": 15.862624349072576}
{"event": "msvr310_role_epoch", "fold": 0, "mode": "comparison", "epoch": 20, "optimizer_steps": 13, "learning_rate": 3.824169871584004e-06, "mean_loss": 0.8293835383195144, "elapsed_seconds": 15.746793182566762}
建立transformer............
using Transformer_type: ViT-B-16 as a backbone
Resized position embedding: %s to %s torch.Size([197, 768]) torch.Size([129, 768])
Position embedding resize to height:8 width: 16
Successfully load ckpt!
<All keys matched successfully>
Loading pretrained model from CLIP
camera number is : 8
===========Building Signal===========
Traceback (most recent call last):
  File "/root/autodl-tmp/trifusion-v2/TriFusion-ReID/tools/train_msvr310_trifusion_oof.py", line 425, in <module>
    run(arguments)
  File "/root/autodl-tmp/trifusion-v2/TriFusion-ReID/tools/train_msvr310_trifusion_oof.py", line 383, in run
    row["retrieval"] = evaluate(features, protocol, fold, fold_dir, baseline_fold)
  File "/root/autodl-tmp/trifusion-v2/TriFusion-ReID/tools/train_msvr310_trifusion_oof.py", line 204, in evaluate
    assert torch.equal(features["baseline_only"], original["features"])
AssertionError
