/root/miniconda3/envs/tri_reid/lib/python3.10/site-packages/timm/models/helpers.py:7: FutureWarning: Importing from timm.models.helpers is deprecated, please import via timm.models
  warnings.warn(f"Importing from {__name__} is deprecated, please import via timm.models", FutureWarning)
/root/miniconda3/envs/tri_reid/lib/python3.10/site-packages/timm/models/registry.py:4: FutureWarning: Importing from timm.models.registry is deprecated, please import via timm.models
  warnings.warn(f"Importing from {__name__} is deprecated, please import via timm.models", FutureWarning)
/root/miniconda3/envs/tri_reid/lib/python3.10/site-packages/timm/models/layers/__init__.py:48: FutureWarning: Importing from timm.models.layers is deprecated, please import via timm.layers
  warnings.warn(f"Importing from {__name__} is deprecated, please import via timm.layers", FutureWarning)
建立transformer............
using Transformer_type: ViT-B-16 as a backbone
Resized position embedding: %s to %s torch.Size([197, 768]) torch.Size([129, 768])
Position embedding resize to height:16 width: 8
Successfully load ckpt!
<All keys matched successfully>
Loading pretrained model from CLIP
camera number is : 4
===========Building Signal===========
建立transformer............
using Transformer_type: ViT-B-16 as a backbone
Resized position embedding: %s to %s torch.Size([197, 768]) torch.Size([129, 768])
Position embedding resize to height:16 width: 8
Successfully load ckpt!
<All keys matched successfully>
Loading pretrained model from CLIP
camera number is : 4
===========Building Signal===========
{"stage": "preflight", "fold": 0, "paired": true, "bindings": [{"architecture": "signal_preserving_v19_private_semantic_tail", "train_private_tail": false, "tail_indices": [9, 10, 11], "private_tail_parameters": 63790848, "private_tail_tensors": 108, "total_parameters": 162590989, "trainable_parameters": 7841292, "trainable_tensors": 203, "fit_identity_ids": [1, 2, 4, 5, 7, 8, 10, 11, 13, 14, 16, 17, 19, 20, 22, 23, 25, 26, 28, 29, 31, 32, 34, 35, 37, 38, 40, 41, 43, 44, 46, 47, 49, 50, 53, 54, 56, 57, 59, 60, 62, 63, 64, 65, 67, 68, 70, 71, 74, 75, 76, 78, 79, 80, 82, 83, 86, 87, 88, 90, 92, 93, 94, 96, 98, 99, 100, 101, 103, 104, 106, 107, 109, 110, 112, 113, 115, 116, 118, 119, 121, 122, 124, 125, 127, 128, 130, 131, 133, 134, 136, 137, 139, 140], "heldout_identity_ids": [0, 3, 6, 9, 12, 15, 18, 21, 24, 27, 30, 33, 36, 39, 42, 45, 48, 51, 52, 55, 58, 61, 66, 69, 72, 73, 77, 81, 84, 85, 89, 91, 95, 97, 102, 105, 108, 111, 114, 117, 120, 123, 126, 129, 132, 135, 138], "source": {"SIGNAL_CHECKPOINT": "/root/autodl-tmp/trifusion-v2/artifacts/trifusion_v12_complete_path_oof_seed42_c71d3de/fold_0_signal_final.pth", "SIGNAL_CHECKPOINT_SHA256": "523c7c645ac1d85c91cd7b08ef3c3276e37f723906ae7af0d9ec6a9ddbcb38de", "EXPERT_CHECKPOINT": "/root/autodl-tmp/trifusion-v2/artifacts/trifusion_v12_complete_path_oof_seed42_c71d3de/fold_0_experts.pth", "EXPERT_CHECKPOINT_SHA256": "4baebda03e69447e552a5e2e5512aad3db69248e23cbd0aacbc6d2bb7475c3af"}, "source_state_strictly_loaded": true, "private_storage_disjoint": true, "baseline_frozen": true, "role_modules_and_classification_heads_trainable": true, "router_enabled": false, "hfer_enabled": false, "projection_enabled": false, "envelope_enabled": false}, {"architecture": "signal_preserving_v19_private_semantic_tail", "train_private_tail": true, "tail_indices": [9, 10, 11], "private_tail_parameters": 63790848, "private_tail_tensors": 108, "total_parameters": 162590989, "trainable_parameters": 71632140, "trainable_tensors": 311, "fit_identity_ids": [1, 2, 4, 5, 7, 8, 10, 11, 13, 14, 16, 17, 19, 20, 22, 23, 25, 26, 28, 29, 31, 32, 34, 35, 37, 38, 40, 41, 43, 44, 46, 47, 49, 50, 53, 54, 56, 57, 59, 60, 62, 63, 64, 65, 67, 68, 70, 71, 74, 75, 76, 78, 79, 80, 82, 83, 86, 87, 88, 90, 92, 93, 94, 96, 98, 99, 100, 101, 103, 104, 106, 107, 109, 110, 112, 113, 115, 116, 118, 119, 121, 122, 124, 125, 127, 128, 130, 131, 133, 134, 136, 137, 139, 140], "heldout_identity_ids": [0, 3, 6, 9, 12, 15, 18, 21, 24, 27, 30, 33, 36, 39, 42, 45, 48, 51, 52, 55, 58, 61, 66, 69, 72, 73, 77, 81, 84, 85, 89, 91, 95, 97, 102, 105, 108, 111, 114, 117, 120, 123, 126, 129, 132, 135, 138], "source": {"SIGNAL_CHECKPOINT": "/root/autodl-tmp/trifusion-v2/artifacts/trifusion_v12_complete_path_oof_seed42_c71d3de/fold_0_signal_final.pth", "SIGNAL_CHECKPOINT_SHA256": "523c7c645ac1d85c91cd7b08ef3c3276e37f723906ae7af0d9ec6a9ddbcb38de", "EXPERT_CHECKPOINT": "/root/autodl-tmp/trifusion-v2/artifacts/trifusion_v12_complete_path_oof_seed42_c71d3de/fold_0_experts.pth", "EXPERT_CHECKPOINT_SHA256": "4baebda03e69447e552a5e2e5512aad3db69248e23cbd0aacbc6d2bb7475c3af"}, "source_state_strictly_loaded": true, "private_storage_disjoint": true, "baseline_frozen": true, "role_modules_and_classification_heads_trainable": true, "router_enabled": false, "hfer_enabled": false, "projection_enabled": false, "envelope_enabled": false}]}
建立transformer............
using Transformer_type: ViT-B-16 as a backbone
Resized position embedding: %s to %s torch.Size([197, 768]) torch.Size([129, 768])
Position embedding resize to height:16 width: 8
Successfully load ckpt!
<All keys matched successfully>
Loading pretrained model from CLIP
camera number is : 4
===========Building Signal===========
建立transformer............
using Transformer_type: ViT-B-16 as a backbone
Resized position embedding: %s to %s torch.Size([197, 768]) torch.Size([129, 768])
Position embedding resize to height:16 width: 8
Successfully load ckpt!
<All keys matched successfully>
Loading pretrained model from CLIP
camera number is : 4
===========Building Signal===========
{"stage": "preflight", "fold": 1, "paired": true, "bindings": [{"architecture": "signal_preserving_v19_private_semantic_tail", "train_private_tail": false, "tail_indices": [9, 10, 11], "private_tail_parameters": 63790848, "private_tail_tensors": 108, "total_parameters": 162590989, "trainable_parameters": 7841292, "trainable_tensors": 203, "fit_identity_ids": [0, 2, 3, 5, 6, 8, 9, 11, 12, 14, 15, 17, 18, 20, 21, 23, 24, 26, 27, 29, 30, 32, 33, 35, 36, 38, 39, 41, 42, 44, 45, 47, 48, 50, 51, 52, 54, 55, 57, 58, 60, 61, 64, 65, 66, 68, 69, 71, 72, 73, 75, 77, 79, 80, 81, 83, 84, 85, 88, 89, 90, 91, 94, 95, 96, 97, 100, 101, 102, 104, 105, 107, 108, 110, 111, 113, 114, 116, 117, 119, 120, 122, 123, 125, 126, 128, 129, 131, 132, 134, 135, 137, 138, 140], "heldout_identity_ids": [1, 4, 7, 10, 13, 16, 19, 22, 25, 28, 31, 34, 37, 40, 43, 46, 49, 53, 56, 59, 62, 63, 67, 70, 74, 76, 78, 82, 86, 87, 92, 93, 98, 99, 103, 106, 109, 112, 115, 118, 121, 124, 127, 130, 133, 136, 139], "source": {"SIGNAL_CHECKPOINT": "/root/autodl-tmp/trifusion-v2/artifacts/trifusion_v12_complete_path_oof_seed42_c71d3de/fold_1_signal_final.pth", "SIGNAL_CHECKPOINT_SHA256": "6c1304a68663418ef9b4dcd6230bde55c87d0319ac60351aebbe8a0ab9acbcd7", "EXPERT_CHECKPOINT": "/root/autodl-tmp/trifusion-v2/artifacts/trifusion_v12_complete_path_oof_seed42_c71d3de/fold_1_experts.pth", "EXPERT_CHECKPOINT_SHA256": "f369bca3dbd53518bc082880974f203aedbb6febd0251458a25707b91de52ec3"}, "source_state_strictly_loaded": true, "private_storage_disjoint": true, "baseline_frozen": true, "role_modules_and_classification_heads_trainable": true, "router_enabled": false, "hfer_enabled": false, "projection_enabled": false, "envelope_enabled": false}, {"architecture": "signal_preserving_v19_private_semantic_tail", "train_private_tail": true, "tail_indices": [9, 10, 11], "private_tail_parameters": 63790848, "private_tail_tensors": 108, "total_parameters": 162590989, "trainable_parameters": 71632140, "trainable_tensors": 311, "fit_identity_ids": [0, 2, 3, 5, 6, 8, 9, 11, 12, 14, 15, 17, 18, 20, 21, 23, 24, 26, 27, 29, 30, 32, 33, 35, 36, 38, 39, 41, 42, 44, 45, 47, 48, 50, 51, 52, 54, 55, 57, 58, 60, 61, 64, 65, 66, 68, 69, 71, 72, 73, 75, 77, 79, 80, 81, 83, 84, 85, 88, 89, 90, 91, 94, 95, 96, 97, 100, 101, 102, 104, 105, 107, 108, 110, 111, 113, 114, 116, 117, 119, 120, 122, 123, 125, 126, 128, 129, 131, 132, 134, 135, 137, 138, 140], "heldout_identity_ids": [1, 4, 7, 10, 13, 16, 19, 22, 25, 28, 31, 34, 37, 40, 43, 46, 49, 53, 56, 59, 62, 63, 67, 70, 74, 76, 78, 82, 86, 87, 92, 93, 98, 99, 103, 106, 109, 112, 115, 118, 121, 124, 127, 130, 133, 136, 139], "source": {"SIGNAL_CHECKPOINT": "/root/autodl-tmp/trifusion-v2/artifacts/trifusion_v12_complete_path_oof_seed42_c71d3de/fold_1_signal_final.pth", "SIGNAL_CHECKPOINT_SHA256": "6c1304a68663418ef9b4dcd6230bde55c87d0319ac60351aebbe8a0ab9acbcd7", "EXPERT_CHECKPOINT": "/root/autodl-tmp/trifusion-v2/artifacts/trifusion_v12_complete_path_oof_seed42_c71d3de/fold_1_experts.pth", "EXPERT_CHECKPOINT_SHA256": "f369bca3dbd53518bc082880974f203aedbb6febd0251458a25707b91de52ec3"}, "source_state_strictly_loaded": true, "private_storage_disjoint": true, "baseline_frozen": true, "role_modules_and_classification_heads_trainable": true, "router_enabled": false, "hfer_enabled": false, "projection_enabled": false, "envelope_enabled": false}]}
建立transformer............
using Transformer_type: ViT-B-16 as a backbone
Resized position embedding: %s to %s torch.Size([197, 768]) torch.Size([129, 768])
Position embedding resize to height:16 width: 8
Successfully load ckpt!
<All keys matched successfully>
Loading pretrained model from CLIP
camera number is : 4
===========Building Signal===========
建立transformer............
using Transformer_type: ViT-B-16 as a backbone
Resized position embedding: %s to %s torch.Size([197, 768]) torch.Size([129, 768])
Position embedding resize to height:16 width: 8
Successfully load ckpt!
<All keys matched successfully>
Loading pretrained model from CLIP
camera number is : 4
===========Building Signal===========
{"stage": "preflight", "fold": 2, "paired": true, "bindings": [{"architecture": "signal_preserving_v19_private_semantic_tail", "train_private_tail": false, "tail_indices": [9, 10, 11], "private_tail_parameters": 63790848, "private_tail_tensors": 108, "total_parameters": 162590989, "trainable_parameters": 7841292, "trainable_tensors": 203, "fit_identity_ids": [0, 1, 3, 4, 6, 7, 9, 10, 12, 13, 15, 16, 18, 19, 21, 22, 24, 25, 27, 28, 30, 31, 33, 34, 36, 37, 39, 40, 42, 43, 45, 46, 48, 49, 51, 52, 53, 55, 56, 58, 59, 61, 62, 63, 66, 67, 69, 70, 72, 73, 74, 76, 77, 78, 81, 82, 84, 85, 86, 87, 89, 91, 92, 93, 95, 97, 98, 99, 102, 103, 105, 106, 108, 109, 111, 112, 114, 115, 117, 118, 120, 121, 123, 124, 126, 127, 129, 130, 132, 133, 135, 136, 138, 139], "heldout_identity_ids": [2, 5, 8, 11, 14, 17, 20, 23, 26, 29, 32, 35, 38, 41, 44, 47, 50, 54, 57, 60, 64, 65, 68, 71, 75, 79, 80, 83, 88, 90, 94, 96, 100, 101, 104, 107, 110, 113, 116, 119, 122, 125, 128, 131, 134, 137, 140], "source": {"SIGNAL_CHECKPOINT": "/root/autodl-tmp/trifusion-v2/artifacts/trifusion_v12_complete_path_oof_seed42_c71d3de/fold_2_signal_final.pth", "SIGNAL_CHECKPOINT_SHA256": "3cf0ef340c44db43d299ea8ca3a742ad12b4e113c12dffbd1db21f656923f678", "EXPERT_CHECKPOINT": "/root/autodl-tmp/trifusion-v2/artifacts/trifusion_v12_complete_path_oof_seed42_c71d3de/fold_2_experts.pth", "EXPERT_CHECKPOINT_SHA256": "7abdecdec6e39eb6f3244b8f24428139e52079c91f7e5d0dad1d1c17dc387678"}, "source_state_strictly_loaded": true, "private_storage_disjoint": true, "baseline_frozen": true, "role_modules_and_classification_heads_trainable": true, "router_enabled": false, "hfer_enabled": false, "projection_enabled": false, "envelope_enabled": false}, {"architecture": "signal_preserving_v19_private_semantic_tail", "train_private_tail": true, "tail_indices": [9, 10, 11], "private_tail_parameters": 63790848, "private_tail_tensors": 108, "total_parameters": 162590989, "trainable_parameters": 71632140, "trainable_tensors": 311, "fit_identity_ids": [0, 1, 3, 4, 6, 7, 9, 10, 12, 13, 15, 16, 18, 19, 21, 22, 24, 25, 27, 28, 30, 31, 33, 34, 36, 37, 39, 40, 42, 43, 45, 46, 48, 49, 51, 52, 53, 55, 56, 58, 59, 61, 62, 63, 66, 67, 69, 70, 72, 73, 74, 76, 77, 78, 81, 82, 84, 85, 86, 87, 89, 91, 92, 93, 95, 97, 98, 99, 102, 103, 105, 106, 108, 109, 111, 112, 114, 115, 117, 118, 120, 121, 123, 124, 126, 127, 129, 130, 132, 133, 135, 136, 138, 139], "heldout_identity_ids": [2, 5, 8, 11, 14, 17, 20, 23, 26, 29, 32, 35, 38, 41, 44, 47, 50, 54, 57, 60, 64, 65, 68, 71, 75, 79, 80, 83, 88, 90, 94, 96, 100, 101, 104, 107, 110, 113, 116, 119, 122, 125, 128, 131, 134, 137, 140], "source": {"SIGNAL_CHECKPOINT": "/root/autodl-tmp/trifusion-v2/artifacts/trifusion_v12_complete_path_oof_seed42_c71d3de/fold_2_signal_final.pth", "SIGNAL_CHECKPOINT_SHA256": "3cf0ef340c44db43d299ea8ca3a742ad12b4e113c12dffbd1db21f656923f678", "EXPERT_CHECKPOINT": "/root/autodl-tmp/trifusion-v2/artifacts/trifusion_v12_complete_path_oof_seed42_c71d3de/fold_2_experts.pth", "EXPERT_CHECKPOINT_SHA256": "7abdecdec6e39eb6f3244b8f24428139e52079c91f7e5d0dad1d1c17dc387678"}, "source_state_strictly_loaded": true, "private_storage_disjoint": true, "baseline_frozen": true, "role_modules_and_classification_heads_trainable": true, "router_enabled": false, "hfer_enabled": false, "projection_enabled": false, "envelope_enabled": false}]}
建立transformer............
using Transformer_type: ViT-B-16 as a backbone
Resized position embedding: %s to %s torch.Size([197, 768]) torch.Size([129, 768])
Position embedding resize to height:16 width: 8
Successfully load ckpt!
<All keys matched successfully>
Loading pretrained model from CLIP
camera number is : 4
===========Building Signal===========
建立transformer............
using Transformer_type: ViT-B-16 as a backbone
Resized position embedding: %s to %s torch.Size([197, 768]) torch.Size([129, 768])
Position embedding resize to height:16 width: 8
Successfully load ckpt!
<All keys matched successfully>
Loading pretrained model from CLIP
camera number is : 4
===========Building Signal===========
建立transformer............
using Transformer_type: ViT-B-16 as a backbone
Resized position embedding: %s to %s torch.Size([197, 768]) torch.Size([129, 768])
Position embedding resize to height:16 width: 8
Successfully load ckpt!
<All keys matched successfully>
Loading pretrained model from CLIP
camera number is : 4
===========Building Signal===========
{"stage": "M0", "passed": true, "checks": {"all_gradients_live": true, "all_frozen_states_unchanged": true, "overflow_zero": true, "capacity_within_limit": true, "tail_update_contract": true, "overfit_excess_ratio_at_most_point1": true}, "capacities": [{"steps": 8, "losses": [0.6110473871231079, 0.6282911896705627, 0.6567770838737488, 0.7530829310417175, 0.7516840696334839, 0.8438196182250977, 0.8031550645828247, 0.82881760597229], "overflow_events": 0, "trainable_tensors": 203, "nonzero_gradient_tensors": 203, "missing_nonzero_gradients": [], "frozen_state_unchanged": true, "private_tail_changed": false, "elapsed_seconds": 10.717127323150635, "optimizer_groups": [{"name": "roles_and_heads", "lr": 0.00035, "parameters": 7841292, "tensors": 203}], "peak_reserved_mib": 6478.0, "train_private_tail": false}, {"steps": 8, "losses": [0.6110473871231079, 0.6678048372268677, 0.6727176904678345, 0.7971533536911011, 0.7760971188545227, 0.8771798610687256, 0.8550843000411987, 0.8579330444335938], "overflow_events": 0, "trainable_tensors": 311, "nonzero_gradient_tensors": 311, "missing_nonzero_gradients": [], "frozen_state_unchanged": true, "private_tail_changed": true, "elapsed_seconds": 10.959824800491333, "optimizer_groups": [{"name": "roles_and_heads", "lr": 0.00035, "parameters": 7841292, "tensors": 203}, {"name": "private_tail", "lr": 3.5e-06, "parameters": 63790848, "tensors": 108}], "peak_reserved_mib": 6814.0, "train_private_tail": true}], "overfit": {"steps": 100, "losses": [0.6110473871231079, 0.7263657450675964, 0.6030505299568176, 0.6305241584777832, 0.6175858974456787, 0.6150349378585815, 0.6100571155548096, 0.6032302379608154, 0.5982995629310608, 0.5941908359527588, 0.5919065475463867, 0.5907198190689087, 0.5895172953605652, 0.5888371467590332, 0.5892130732536316, 0.5895475149154663, 0.5887971520423889, 0.5875229239463806, 0.5865240097045898, 0.5856208801269531, 0.5849376916885376, 0.5844537019729614, 0.5839176774024963, 0.583684504032135, 0.5837785005569458, 0.583681583404541, 0.5833368301391602, 0.5829377770423889, 0.582581102848053, 0.5822954773902893, 0.5821520090103149, 0.5821053981781006, 0.5820574164390564, 0.5819557309150696, 0.5817868709564209, 0.5816652178764343, 0.5815873146057129, 0.5814452171325684, 0.5813008546829224, 0.5812056660652161, 0.5811669826507568, 0.5811572670936584, 0.5811140537261963, 0.581041693687439, 0.5809724926948547, 0.5809150338172913, 0.5808629989624023, 0.5808303356170654, 0.5807987451553345, 0.5807692408561707, 0.5807503461837769, 0.5807309746742249, 0.5807062387466431, 0.5806704759597778, 0.5806336402893066, 0.5806103944778442, 0.5806005001068115, 0.5805916786193848, 0.5805785655975342, 0.5805559158325195, 0.5805373787879944, 0.5805229544639587, 0.5805122256278992, 0.5805012583732605, 0.5804942846298218, 0.5804849863052368, 0.5804718732833862, 0.5804641842842102, 0.5804576873779297, 0.5804479122161865, 0.5804373025894165, 0.5804300308227539, 0.5804267525672913, 0.5804224610328674, 0.5804150700569153, 0.5804083347320557, 0.5804002285003662, 0.5803971290588379, 0.5803933143615723, 0.5803889036178589, 0.5803838968276978, 0.5803820490837097, 0.5803759098052979, 0.5803705453872681, 0.5803674459457397, 0.5803648233413696, 0.5803613662719727, 0.5803585052490234, 0.5803545713424683, 0.5803536772727966, 0.5803493857383728, 0.5803471803665161, 0.5803438425064087, 0.5803409814834595, 0.5803395509719849, 0.5803370475769043, 0.5803337693214417, 0.5803316831588745, 0.5803297758102417, 0.5803269147872925], "overflow_events": 0, "trainable_tensors": 311, "nonzero_gradient_tensors": 311, "missing_nonzero_gradients": [], "frozen_state_unchanged": true, "private_tail_changed": true, "elapsed_seconds": 122.42236471176147, "optimizer_groups": [{"name": "roles_and_heads", "lr": 0.00035, "parameters": 7841292, "tensors": 203}, {"name": "private_tail", "lr": 3.5e-06, "parameters": 63790848, "tensors": 108}], "identity_weight_sum": 0.75, "analytic_label_smoothing_floor": 0.57838292104621, "excess_loss_ratio": 0.05951402164376262}}
建立transformer............
using Transformer_type: ViT-B-16 as a backbone
Resized position embedding: %s to %s torch.Size([197, 768]) torch.Size([129, 768])
Position embedding resize to height:16 width: 8
Successfully load ckpt!
<All keys matched successfully>
Loading pretrained model from CLIP
camera number is : 4
===========Building Signal===========
{"fold": 0, "endpoint": "frozen_private_tail", "epoch": 1, "batches": 29, "mean_training_loss": 0.6403693988405424, "learning_rates": {"roles_and_heads": 7.000000000000001e-05}, "elapsed_seconds": 35.064908504486084}
{"fold": 0, "endpoint": "frozen_private_tail", "epoch": 2, "batches": 29, "mean_training_loss": 0.6295456475224989, "learning_rates": {"roles_and_heads": 0.00014000000000000001}, "elapsed_seconds": 69.79658317565918}
{"fold": 0, "endpoint": "frozen_private_tail", "epoch": 3, "batches": 29, "mean_training_loss": 0.6565290895001642, "learning_rates": {"roles_and_heads": 0.00020999999999999998}, "elapsed_seconds": 105.07139301300049}
{"fold": 0, "endpoint": "frozen_private_tail", "epoch": 4, "batches": 29, "mean_training_loss": 0.6937054703975546, "learning_rates": {"roles_and_heads": 0.00028000000000000003}, "elapsed_seconds": 139.7856285572052}
{"fold": 0, "endpoint": "frozen_private_tail", "epoch": 5, "batches": 29, "mean_training_loss": 0.7590628800721004, "learning_rates": {"roles_and_heads": 0.00035}, "elapsed_seconds": 175.3972339630127}
{"fold": 0, "endpoint": "frozen_private_tail", "epoch": 6, "batches": 29, "mean_training_loss": 0.7706801089747198, "learning_rates": {"roles_and_heads": 0.00035}, "elapsed_seconds": 210.84586000442505}
{"fold": 0, "endpoint": "frozen_private_tail", "epoch": 7, "batches": 29, "mean_training_loss": 0.7409024423566358, "learning_rates": {"roles_and_heads": 0.000346175830128416}, "elapsed_seconds": 245.86794781684875}
{"fold": 0, "endpoint": "frozen_private_tail", "epoch": 8, "batches": 29, "mean_training_loss": 0.719383784409227, "learning_rates": {"roles_and_heads": 0.0003348704550874551}, "elapsed_seconds": 280.86018323898315}
{"fold": 0, "endpoint": "frozen_private_tail", "epoch": 9, "batches": 29, "mean_training_loss": 0.7062794648367783, "learning_rates": {"roles_and_heads": 0.0003165779740156158}, "elapsed_seconds": 316.0042748451233}
{"fold": 0, "endpoint": "frozen_private_tail", "epoch": 10, "batches": 29, "mean_training_loss": 0.6919137218902851, "learning_rates": {"roles_and_heads": 0.0002920978561128002}, "elapsed_seconds": 351.41745710372925}
{"fold": 0, "endpoint": "frozen_private_tail", "epoch": 11, "batches": 29, "mean_training_loss": 0.6744206033903977, "learning_rates": {"roles_and_heads": 0.0002625}, "elapsed_seconds": 386.16821813583374}
{"fold": 0, "endpoint": "frozen_private_tail", "epoch": 12, "batches": 29, "mean_training_loss": 0.654760952653556, "learning_rates": {"roles_and_heads": 0.0002290779740156158}, "elapsed_seconds": 421.3264043331146}
{"fold": 0, "endpoint": "frozen_private_tail", "epoch": 13, "batches": 29, "mean_training_loss": 0.6396810227426989, "learning_rates": {"roles_and_heads": 0.00019329248107183937}, "elapsed_seconds": 456.78957772254944}
{"fold": 0, "endpoint": "frozen_private_tail", "epoch": 14, "batches": 29, "mean_training_loss": 0.6280860941985558, "learning_rates": {"roles_and_heads": 0.00015670751892816066}, "elapsed_seconds": 492.275874376297}
{"fold": 0, "endpoint": "frozen_private_tail", "epoch": 15, "batches": 29, "mean_training_loss": 0.6179868887210714, "learning_rates": {"roles_and_heads": 0.00012092202598438422}, "elapsed_seconds": 527.5458443164825}
{"fold": 0, "endpoint": "frozen_private_tail", "epoch": 16, "batches": 29, "mean_training_loss": 0.6147170128493473, "learning_rates": {"roles_and_heads": 8.750000000000004e-05}, "elapsed_seconds": 562.9586250782013}
{"fold": 0, "endpoint": "frozen_private_tail", "epoch": 17, "batches": 29, "mean_training_loss": 0.614687886731378, "learning_rates": {"roles_and_heads": 5.7902143887199866e-05}, "elapsed_seconds": 598.3925669193268}
{"fold": 0, "endpoint": "frozen_private_tail", "epoch": 18, "batches": 29, "mean_training_loss": 0.6095097784338326, "learning_rates": {"roles_and_heads": 3.342202598438421e-05}, "elapsed_seconds": 633.8311684131622}
{"fold": 0, "endpoint": "frozen_private_tail", "epoch": 19, "batches": 29, "mean_training_loss": 0.6096121771582241, "learning_rates": {"roles_and_heads": 1.5129544912544829e-05}, "elapsed_seconds": 668.8168597221375}
{"fold": 0, "endpoint": "frozen_private_tail", "epoch": 20, "batches": 29, "mean_training_loss": 0.6077175017060905, "learning_rates": {"roles_and_heads": 3.824169871584004e-06}, "elapsed_seconds": 704.1876072883606}
建立transformer............
using Transformer_type: ViT-B-16 as a backbone
Resized position embedding: %s to %s torch.Size([197, 768]) torch.Size([129, 768])
Position embedding resize to height:16 width: 8
Successfully load ckpt!
<All keys matched successfully>
Loading pretrained model from CLIP
camera number is : 4
===========Building Signal===========
{"stage": "Q1_final", "fold": 0, "endpoint": "frozen_private_tail", "metrics": {"baseline_only": {"mAP": 68.76764248141828, "Rank-1": 69.47368421052632, "Rank-5": 80.52631578947368, "Rank-10": 86.31578947368422}, "fused": {"mAP": 71.17657181522404, "Rank-1": 72.10526315789474, "Rank-5": 77.89473684210526, "Rank-10": 85.78947368421052}, "cnn": {"mAP": 71.54196021612458, "Rank-1": 72.10526315789474, "Rank-5": 77.36842105263158, "Rank-10": 79.47368421052632}, "transformer": {"mAP": 69.15052261483449, "Rank-1": 75.78947368421053, "Rank-5": 83.6842105263158, "Rank-10": 88.42105263157895}, "mamba": {"mAP": 69.75397591643382, "Rank-1": 68.42105263157895, "Rank-5": 76.84210526315789, "Rank-10": 86.31578947368422}}}
建立transformer............
using Transformer_type: ViT-B-16 as a backbone
Resized position embedding: %s to %s torch.Size([197, 768]) torch.Size([129, 768])
Position embedding resize to height:16 width: 8
Successfully load ckpt!
<All keys matched successfully>
Loading pretrained model from CLIP
camera number is : 4
===========Building Signal===========
{"fold": 0, "endpoint": "trained_private_tail", "epoch": 1, "batches": 29, "mean_training_loss": 0.6453965367942021, "learning_rates": {"roles_and_heads": 7.000000000000001e-05, "private_tail": 7.000000000000001e-07}, "elapsed_seconds": 38.497740745544434}
{"fold": 0, "endpoint": "trained_private_tail", "epoch": 2, "batches": 29, "mean_training_loss": 0.6362148256137453, "learning_rates": {"roles_and_heads": 0.00014000000000000001, "private_tail": 1.4000000000000001e-06}, "elapsed_seconds": 78.0384669303894}
{"fold": 0, "endpoint": "trained_private_tail", "epoch": 3, "batches": 29, "mean_training_loss": 0.663608378377454, "learning_rates": {"roles_and_heads": 0.00020999999999999998, "private_tail": 2.1e-06}, "elapsed_seconds": 117.47590398788452}
{"fold": 0, "endpoint": "trained_private_tail", "epoch": 4, "batches": 29, "mean_training_loss": 0.6901830003179353, "learning_rates": {"roles_and_heads": 0.00028000000000000003, "private_tail": 2.8000000000000003e-06}, "elapsed_seconds": 156.86348271369934}
{"fold": 0, "endpoint": "trained_private_tail", "epoch": 5, "batches": 29, "mean_training_loss": 0.7486287437636276, "learning_rates": {"roles_and_heads": 0.00035, "private_tail": 3.5e-06}, "elapsed_seconds": 195.58761477470398}
{"fold": 0, "endpoint": "trained_private_tail", "epoch": 6, "batches": 29, "mean_training_loss": 0.7883138882702795, "learning_rates": {"roles_and_heads": 0.00035, "private_tail": 3.5e-06}, "elapsed_seconds": 234.80180072784424}
{"fold": 0, "endpoint": "trained_private_tail", "epoch": 7, "batches": 29, "mean_training_loss": 0.7638240744327677, "learning_rates": {"roles_and_heads": 0.000346175830128416, "private_tail": 3.46175830128416e-06}, "elapsed_seconds": 274.0201954841614}
{"fold": 0, "endpoint": "trained_private_tail", "epoch": 8, "batches": 29, "mean_training_loss": 0.7376989948338476, "learning_rates": {"roles_and_heads": 0.0003348704550874551, "private_tail": 3.3487045508745514e-06}, "elapsed_seconds": 312.8742070198059}
{"fold": 0, "endpoint": "trained_private_tail", "epoch": 9, "batches": 29, "mean_training_loss": 0.7205239698804659, "learning_rates": {"roles_and_heads": 0.0003165779740156158, "private_tail": 3.165779740156158e-06}, "elapsed_seconds": 351.9411873817444}
{"fold": 0, "endpoint": "trained_private_tail", "epoch": 10, "batches": 29, "mean_training_loss": 0.6997736240255421, "learning_rates": {"roles_and_heads": 0.0002920978561128002, "private_tail": 2.920978561128002e-06}, "elapsed_seconds": 391.3533580303192}
{"fold": 0, "endpoint": "trained_private_tail", "epoch": 11, "batches": 29, "mean_training_loss": 0.6706137698272179, "learning_rates": {"roles_and_heads": 0.0002625, "private_tail": 2.625e-06}, "elapsed_seconds": 430.36316537857056}
{"fold": 0, "endpoint": "trained_private_tail", "epoch": 12, "batches": 29, "mean_training_loss": 0.6504093840204436, "learning_rates": {"roles_and_heads": 0.0002290779740156158, "private_tail": 2.290779740156158e-06}, "elapsed_seconds": 469.73053526878357}
{"fold": 0, "endpoint": "trained_private_tail", "epoch": 13, "batches": 29, "mean_training_loss": 0.6396590553481003, "learning_rates": {"roles_and_heads": 0.00019329248107183937, "private_tail": 1.932924810718394e-06}, "elapsed_seconds": 509.2737774848938}
{"fold": 0, "endpoint": "trained_private_tail", "epoch": 14, "batches": 29, "mean_training_loss": 0.6280790197438207, "learning_rates": {"roles_and_heads": 0.00015670751892816066, "private_tail": 1.5670751892816068e-06}, "elapsed_seconds": 548.3896327018738}
{"fold": 0, "endpoint": "trained_private_tail", "epoch": 15, "batches": 29, "mean_training_loss": 0.6179822868314283, "learning_rates": {"roles_and_heads": 0.00012092202598438422, "private_tail": 1.209220259843842e-06}, "elapsed_seconds": 588.1364414691925}
{"fold": 0, "endpoint": "trained_private_tail", "epoch": 16, "batches": 29, "mean_training_loss": 0.6153117706035746, "learning_rates": {"roles_and_heads": 8.750000000000004e-05, "private_tail": 8.750000000000004e-07}, "elapsed_seconds": 626.6514174938202}
{"fold": 0, "endpoint": "trained_private_tail", "epoch": 17, "batches": 29, "mean_training_loss": 0.6152477901557396, "learning_rates": {"roles_and_heads": 5.7902143887199866e-05, "private_tail": 5.790214388719986e-07}, "elapsed_seconds": 666.5309212207794}
{"fold": 0, "endpoint": "trained_private_tail", "epoch": 18, "batches": 29, "mean_training_loss": 0.6092886143717272, "learning_rates": {"roles_and_heads": 3.342202598438421e-05, "private_tail": 3.3422025984384215e-07}, "elapsed_seconds": 705.1821875572205}
{"fold": 0, "endpoint": "trained_private_tail", "epoch": 19, "batches": 29, "mean_training_loss": 0.6097342803560454, "learning_rates": {"roles_and_heads": 1.5129544912544829e-05, "private_tail": 1.512954491254483e-07}, "elapsed_seconds": 744.5411410331726}
{"fold": 0, "endpoint": "trained_private_tail", "epoch": 20, "batches": 29, "mean_training_loss": 0.6078330627803145, "learning_rates": {"roles_and_heads": 3.824169871584004e-06, "private_tail": 3.8241698715840046e-08}, "elapsed_seconds": 783.681485414505}
建立transformer............
using Transformer_type: ViT-B-16 as a backbone
Resized position embedding: %s to %s torch.Size([197, 768]) torch.Size([129, 768])
Position embedding resize to height:16 width: 8
Successfully load ckpt!
<All keys matched successfully>
Loading pretrained model from CLIP
camera number is : 4
===========Building Signal===========
{"stage": "Q1_final", "fold": 0, "endpoint": "trained_private_tail", "metrics": {"baseline_only": {"mAP": 68.76764248141828, "Rank-1": 69.47368421052632, "Rank-5": 80.52631578947368, "Rank-10": 86.31578947368422}, "fused": {"mAP": 72.79609603574306, "Rank-1": 74.73684210526315, "Rank-5": 80.52631578947368, "Rank-10": 85.78947368421052}, "cnn": {"mAP": 72.93076330342407, "Rank-1": 73.15789473684211, "Rank-5": 79.47368421052632, "Rank-10": 82.63157894736842}, "transformer": {"mAP": 72.2684484833475, "Rank-1": 76.31578947368422, "Rank-5": 83.15789473684211, "Rank-10": 87.89473684210526}, "mamba": {"mAP": 69.85252277045784, "Rank-1": 70.0, "Rank-5": 80.0, "Rank-10": 85.78947368421052}}}
建立transformer............
using Transformer_type: ViT-B-16 as a backbone
Resized position embedding: %s to %s torch.Size([197, 768]) torch.Size([129, 768])
Position embedding resize to height:16 width: 8
Successfully load ckpt!
<All keys matched successfully>
Loading pretrained model from CLIP
camera number is : 4
===========Building Signal===========
{"fold": 1, "endpoint": "frozen_private_tail", "epoch": 1, "batches": 28, "mean_training_loss": 0.6322108400719506, "learning_rates": {"roles_and_heads": 7.000000000000001e-05}, "elapsed_seconds": 34.08424758911133}
{"fold": 1, "endpoint": "frozen_private_tail", "epoch": 2, "batches": 28, "mean_training_loss": 0.6255365929433278, "learning_rates": {"roles_and_heads": 0.00014000000000000001}, "elapsed_seconds": 68.39891409873962}
{"fold": 1, "endpoint": "frozen_private_tail", "epoch": 3, "batches": 28, "mean_training_loss": 0.6578929807458606, "learning_rates": {"roles_and_heads": 0.00020999999999999998}, "elapsed_seconds": 102.63851022720337}
{"fold": 1, "endpoint": "frozen_private_tail", "epoch": 4, "batches": 28, "mean_training_loss": 0.7000441317047391, "learning_rates": {"roles_and_heads": 0.00028000000000000003}, "elapsed_seconds": 136.14041876792908}
{"fold": 1, "endpoint": "frozen_private_tail", "epoch": 5, "batches": 28, "mean_training_loss": 0.7442292464630944, "learning_rates": {"roles_and_heads": 0.00035}, "elapsed_seconds": 170.1818208694458}
{"fold": 1, "endpoint": "frozen_private_tail", "epoch": 6, "batches": 28, "mean_training_loss": 0.7705928661993572, "learning_rates": {"roles_and_heads": 0.00035}, "elapsed_seconds": 203.90065741539001}
{"fold": 1, "endpoint": "frozen_private_tail", "epoch": 7, "batches": 28, "mean_training_loss": 0.7455136094774518, "learning_rates": {"roles_and_heads": 0.000346175830128416}, "elapsed_seconds": 238.38329362869263}
{"fold": 1, "endpoint": "frozen_private_tail", "epoch": 8, "batches": 28, "mean_training_loss": 0.7213146686553955, "learning_rates": {"roles_and_heads": 0.0003348704550874551}, "elapsed_seconds": 272.53262734413147}
{"fold": 1, "endpoint": "frozen_private_tail", "epoch": 9, "batches": 28, "mean_training_loss": 0.7095752081700734, "learning_rates": {"roles_and_heads": 0.0003165779740156158}, "elapsed_seconds": 307.07742166519165}
{"fold": 1, "endpoint": "frozen_private_tail", "epoch": 10, "batches": 28, "mean_training_loss": 0.6884283274412155, "learning_rates": {"roles_and_heads": 0.0002920978561128002}, "elapsed_seconds": 340.9697380065918}
{"fold": 1, "endpoint": "frozen_private_tail", "epoch": 11, "batches": 28, "mean_training_loss": 0.6690821051597595, "learning_rates": {"roles_and_heads": 0.0002625}, "elapsed_seconds": 374.1419024467468}
{"fold": 1, "endpoint": "frozen_private_tail", "epoch": 12, "batches": 28, "mean_training_loss": 0.6537962236574718, "learning_rates": {"roles_and_heads": 0.0002290779740156158}, "elapsed_seconds": 407.63901019096375}
{"fold": 1, "endpoint": "frozen_private_tail", "epoch": 13, "batches": 28, "mean_training_loss": 0.6413604361670358, "learning_rates": {"roles_and_heads": 0.00019329248107183937}, "elapsed_seconds": 441.5144941806793}
{"fold": 1, "endpoint": "frozen_private_tail", "epoch": 14, "batches": 28, "mean_training_loss": 0.6297328983034406, "learning_rates": {"roles_and_heads": 0.00015670751892816066}, "elapsed_seconds": 474.8589200973511}
{"fold": 1, "endpoint": "frozen_private_tail", "epoch": 15, "batches": 28, "mean_training_loss": 0.617264809353011, "learning_rates": {"roles_and_heads": 0.00012092202598438422}, "elapsed_seconds": 508.71688866615295}
{"fold": 1, "endpoint": "frozen_private_tail", "epoch": 16, "batches": 28, "mean_training_loss": 0.6152773542063577, "learning_rates": {"roles_and_heads": 8.750000000000004e-05}, "elapsed_seconds": 542.2587242126465}
{"fold": 1, "endpoint": "frozen_private_tail", "epoch": 17, "batches": 28, "mean_training_loss": 0.6125943660736084, "learning_rates": {"roles_and_heads": 5.7902143887199866e-05}, "elapsed_seconds": 576.3716328144073}
{"fold": 1, "endpoint": "frozen_private_tail", "epoch": 18, "batches": 28, "mean_training_loss": 0.609533143895013, "learning_rates": {"roles_and_heads": 3.342202598438421e-05}, "elapsed_seconds": 610.3020086288452}
{"fold": 1, "endpoint": "frozen_private_tail", "epoch": 19, "batches": 28, "mean_training_loss": 0.6120909963335309, "learning_rates": {"roles_and_heads": 1.5129544912544829e-05}, "elapsed_seconds": 644.9140131473541}
{"fold": 1, "endpoint": "frozen_private_tail", "epoch": 20, "batches": 28, "mean_training_loss": 0.6109206804207393, "learning_rates": {"roles_and_heads": 3.824169871584004e-06}, "elapsed_seconds": 679.1679663658142}
建立transformer............
using Transformer_type: ViT-B-16 as a backbone
Resized position embedding: %s to %s torch.Size([197, 768]) torch.Size([129, 768])
Position embedding resize to height:16 width: 8
Successfully load ckpt!
<All keys matched successfully>
Loading pretrained model from CLIP
camera number is : 4
===========Building Signal===========
{"stage": "Q1_final", "fold": 1, "endpoint": "frozen_private_tail", "metrics": {"baseline_only": {"mAP": 88.67823992785485, "Rank-1": 93.29608938547486, "Rank-5": 99.4413407821229, "Rank-10": 100.0}, "fused": {"mAP": 90.52790969538206, "Rank-1": 98.32402234636871, "Rank-5": 100.0, "Rank-10": 100.0}, "cnn": {"mAP": 92.12929858600164, "Rank-1": 98.88268156424581, "Rank-5": 100.0, "Rank-10": 100.0}, "transformer": {"mAP": 87.14322010151933, "Rank-1": 89.94413407821229, "Rank-5": 94.41340782122904, "Rank-10": 96.08938547486034}, "mamba": {"mAP": 88.8255600895122, "Rank-1": 94.97206703910615, "Rank-5": 98.88268156424581, "Rank-10": 99.4413407821229}}}
建立transformer............
using Transformer_type: ViT-B-16 as a backbone
Resized position embedding: %s to %s torch.Size([197, 768]) torch.Size([129, 768])
Position embedding resize to height:16 width: 8
Successfully load ckpt!
<All keys matched successfully>
Loading pretrained model from CLIP
camera number is : 4
===========Building Signal===========
{"fold": 1, "endpoint": "trained_private_tail", "epoch": 1, "batches": 28, "mean_training_loss": 0.6355715670755931, "learning_rates": {"roles_and_heads": 7.000000000000001e-05, "private_tail": 7.000000000000001e-07}, "elapsed_seconds": 38.3830828666687}
{"fold": 1, "endpoint": "trained_private_tail", "epoch": 2, "batches": 28, "mean_training_loss": 0.6295246928930283, "learning_rates": {"roles_and_heads": 0.00014000000000000001, "private_tail": 1.4000000000000001e-06}, "elapsed_seconds": 76.65714406967163}
{"fold": 1, "endpoint": "trained_private_tail", "epoch": 3, "batches": 28, "mean_training_loss": 0.6609680610043662, "learning_rates": {"roles_and_heads": 0.00020999999999999998, "private_tail": 2.1e-06}, "elapsed_seconds": 114.87272477149963}
{"fold": 1, "endpoint": "trained_private_tail", "epoch": 4, "batches": 28, "mean_training_loss": 0.7101324562515531, "learning_rates": {"roles_and_heads": 0.00028000000000000003, "private_tail": 2.8000000000000003e-06}, "elapsed_seconds": 152.91115427017212}
{"fold": 1, "endpoint": "trained_private_tail", "epoch": 5, "batches": 28, "mean_training_loss": 0.7490362801722118, "learning_rates": {"roles_and_heads": 0.00035, "private_tail": 3.5e-06}, "elapsed_seconds": 190.09787678718567}
{"fold": 1, "endpoint": "trained_private_tail", "epoch": 6, "batches": 28, "mean_training_loss": 0.7735628251518522, "learning_rates": {"roles_and_heads": 0.00035, "private_tail": 3.5e-06}, "elapsed_seconds": 227.81859016418457}
{"fold": 1, "endpoint": "trained_private_tail", "epoch": 7, "batches": 28, "mean_training_loss": 0.7451553876910891, "learning_rates": {"roles_and_heads": 0.000346175830128416, "private_tail": 3.46175830128416e-06}, "elapsed_seconds": 265.732403755188}
{"fold": 1, "endpoint": "trained_private_tail", "epoch": 8, "batches": 28, "mean_training_loss": 0.7237262449094227, "learning_rates": {"roles_and_heads": 0.0003348704550874551, "private_tail": 3.3487045508745514e-06}, "elapsed_seconds": 303.6067590713501}
{"fold": 1, "endpoint": "trained_private_tail", "epoch": 9, "batches": 28, "mean_training_loss": 0.7038761973381042, "learning_rates": {"roles_and_heads": 0.0003165779740156158, "private_tail": 3.165779740156158e-06}, "elapsed_seconds": 341.2162215709686}
{"fold": 1, "endpoint": "trained_private_tail", "epoch": 10, "batches": 28, "mean_training_loss": 0.6869531699589321, "learning_rates": {"roles_and_heads": 0.0002920978561128002, "private_tail": 2.920978561128002e-06}, "elapsed_seconds": 378.7030780315399}
{"fold": 1, "endpoint": "trained_private_tail", "epoch": 11, "batches": 28, "mean_training_loss": 0.6718722134828568, "learning_rates": {"roles_and_heads": 0.0002625, "private_tail": 2.625e-06}, "elapsed_seconds": 416.806547164917}
{"fold": 1, "endpoint": "trained_private_tail", "epoch": 12, "batches": 28, "mean_training_loss": 0.6530444749764034, "learning_rates": {"roles_and_heads": 0.0002290779740156158, "private_tail": 2.290779740156158e-06}, "elapsed_seconds": 455.0536768436432}
{"fold": 1, "endpoint": "trained_private_tail", "epoch": 13, "batches": 28, "mean_training_loss": 0.637149738413947, "learning_rates": {"roles_and_heads": 0.00019329248107183937, "private_tail": 1.932924810718394e-06}, "elapsed_seconds": 493.4481325149536}
{"fold": 1, "endpoint": "trained_private_tail", "epoch": 14, "batches": 28, "mean_training_loss": 0.6237542991127286, "learning_rates": {"roles_and_heads": 0.00015670751892816066, "private_tail": 1.5670751892816068e-06}, "elapsed_seconds": 531.5815975666046}
{"fold": 1, "endpoint": "trained_private_tail", "epoch": 15, "batches": 28, "mean_training_loss": 0.614097501550402, "learning_rates": {"roles_and_heads": 0.00012092202598438422, "private_tail": 1.209220259843842e-06}, "elapsed_seconds": 569.1256365776062}
{"fold": 1, "endpoint": "trained_private_tail", "epoch": 16, "batches": 28, "mean_training_loss": 0.61292978482587, "learning_rates": {"roles_and_heads": 8.750000000000004e-05, "private_tail": 8.750000000000004e-07}, "elapsed_seconds": 606.7344703674316}
{"fold": 1, "endpoint": "trained_private_tail", "epoch": 17, "batches": 28, "mean_training_loss": 0.6109759765011924, "learning_rates": {"roles_and_heads": 5.7902143887199866e-05, "private_tail": 5.790214388719986e-07}, "elapsed_seconds": 643.9948265552521}
{"fold": 1, "endpoint": "trained_private_tail", "epoch": 18, "batches": 28, "mean_training_loss": 0.6079314265932355, "learning_rates": {"roles_and_heads": 3.342202598438421e-05, "private_tail": 3.3422025984384215e-07}, "elapsed_seconds": 680.6003751754761}
{"fold": 1, "endpoint": "trained_private_tail", "epoch": 19, "batches": 28, "mean_training_loss": 0.6097471607582909, "learning_rates": {"roles_and_heads": 1.5129544912544829e-05, "private_tail": 1.512954491254483e-07}, "elapsed_seconds": 717.3573415279388}
{"fold": 1, "endpoint": "trained_private_tail", "epoch": 20, "batches": 28, "mean_training_loss": 0.6089829547064645, "learning_rates": {"roles_and_heads": 3.824169871584004e-06, "private_tail": 3.8241698715840046e-08}, "elapsed_seconds": 754.0251615047455}
建立transformer............
using Transformer_type: ViT-B-16 as a backbone
Resized position embedding: %s to %s torch.Size([197, 768]) torch.Size([129, 768])
Position embedding resize to height:16 width: 8
Successfully load ckpt!
<All keys matched successfully>
Loading pretrained model from CLIP
camera number is : 4
===========Building Signal===========
{"stage": "Q1_final", "fold": 1, "endpoint": "trained_private_tail", "metrics": {"baseline_only": {"mAP": 88.67823992785485, "Rank-1": 93.29608938547486, "Rank-5": 99.4413407821229, "Rank-10": 100.0}, "fused": {"mAP": 89.6270425954159, "Rank-1": 93.29608938547486, "Rank-5": 98.88268156424581, "Rank-10": 100.0}, "cnn": {"mAP": 90.34347668980045, "Rank-1": 97.20670391061452, "Rank-5": 100.0, "Rank-10": 100.0}, "transformer": {"mAP": 86.21243848910372, "Rank-1": 87.70949720670392, "Rank-5": 90.5027932960894, "Rank-10": 92.17877094972067}, "mamba": {"mAP": 89.90521594993987, "Rank-1": 97.20670391061452, "Rank-5": 98.88268156424581, "Rank-10": 100.0}}}
建立transformer............
using Transformer_type: ViT-B-16 as a backbone
Resized position embedding: %s to %s torch.Size([197, 768]) torch.Size([129, 768])
Position embedding resize to height:16 width: 8
Successfully load ckpt!
<All keys matched successfully>
Loading pretrained model from CLIP
camera number is : 4
===========Building Signal===========
{"fold": 2, "endpoint": "frozen_private_tail", "epoch": 1, "batches": 27, "mean_training_loss": 0.6373020741674635, "learning_rates": {"roles_and_heads": 7.000000000000001e-05}, "elapsed_seconds": 32.86413598060608}
{"fold": 2, "endpoint": "frozen_private_tail", "epoch": 2, "batches": 27, "mean_training_loss": 0.6340653874255993, "learning_rates": {"roles_and_heads": 0.00014000000000000001}, "elapsed_seconds": 64.67226266860962}
{"fold": 2, "endpoint": "frozen_private_tail", "epoch": 3, "batches": 27, "mean_training_loss": 0.6487527732495908, "learning_rates": {"roles_and_heads": 0.00020999999999999998}, "elapsed_seconds": 97.79659152030945}
{"fold": 2, "endpoint": "frozen_private_tail", "epoch": 4, "batches": 27, "mean_training_loss": 0.688796255323622, "learning_rates": {"roles_and_heads": 0.00028000000000000003}, "elapsed_seconds": 130.75736355781555}
{"fold": 2, "endpoint": "frozen_private_tail", "epoch": 5, "batches": 27, "mean_training_loss": 0.7566959372273198, "learning_rates": {"roles_and_heads": 0.00035}, "elapsed_seconds": 163.44324016571045}
{"fold": 2, "endpoint": "frozen_private_tail", "epoch": 6, "batches": 27, "mean_training_loss": 0.771494863209901, "learning_rates": {"roles_and_heads": 0.00035}, "elapsed_seconds": 196.71097779273987}
{"fold": 2, "endpoint": "frozen_private_tail", "epoch": 7, "batches": 27, "mean_training_loss": 0.7511784831682841, "learning_rates": {"roles_and_heads": 0.000346175830128416}, "elapsed_seconds": 229.8889663219452}
{"fold": 2, "endpoint": "frozen_private_tail", "epoch": 8, "batches": 27, "mean_training_loss": 0.7376582534224899, "learning_rates": {"roles_and_heads": 0.0003348704550874551}, "elapsed_seconds": 262.7051615715027}
{"fold": 2, "endpoint": "frozen_private_tail", "epoch": 9, "batches": 27, "mean_training_loss": 0.7163031520666899, "learning_rates": {"roles_and_heads": 0.0003165779740156158}, "elapsed_seconds": 295.73798060417175}
{"fold": 2, "endpoint": "frozen_private_tail", "epoch": 10, "batches": 27, "mean_training_loss": 0.6940846972995334, "learning_rates": {"roles_and_heads": 0.0002920978561128002}, "elapsed_seconds": 328.3450651168823}
{"fold": 2, "endpoint": "frozen_private_tail", "epoch": 11, "batches": 27, "mean_training_loss": 0.6713519471663015, "learning_rates": {"roles_and_heads": 0.0002625}, "elapsed_seconds": 361.62722873687744}
{"fold": 2, "endpoint": "frozen_private_tail", "epoch": 12, "batches": 27, "mean_training_loss": 0.654232817667502, "learning_rates": {"roles_and_heads": 0.0002290779740156158}, "elapsed_seconds": 394.06312108039856}
{"fold": 2, "endpoint": "frozen_private_tail", "epoch": 13, "batches": 27, "mean_training_loss": 0.6381309429804484, "learning_rates": {"roles_and_heads": 0.00019329248107183937}, "elapsed_seconds": 427.5265853404999}
{"fold": 2, "endpoint": "frozen_private_tail", "epoch": 14, "batches": 27, "mean_training_loss": 0.629480485562925, "learning_rates": {"roles_and_heads": 0.00015670751892816066}, "elapsed_seconds": 460.54818320274353}
{"fold": 2, "endpoint": "frozen_private_tail", "epoch": 15, "batches": 27, "mean_training_loss": 0.6227437588903639, "learning_rates": {"roles_and_heads": 0.00012092202598438422}, "elapsed_seconds": 493.3739981651306}
{"fold": 2, "endpoint": "frozen_private_tail", "epoch": 16, "batches": 27, "mean_training_loss": 0.6147622466087341, "learning_rates": {"roles_and_heads": 8.750000000000004e-05}, "elapsed_seconds": 525.7586560249329}
{"fold": 2, "endpoint": "frozen_private_tail", "epoch": 17, "batches": 27, "mean_training_loss": 0.6122264663378397, "learning_rates": {"roles_and_heads": 5.7902143887199866e-05}, "elapsed_seconds": 558.5344076156616}
{"fold": 2, "endpoint": "frozen_private_tail", "epoch": 18, "batches": 27, "mean_training_loss": 0.6128818105768274, "learning_rates": {"roles_and_heads": 3.342202598438421e-05}, "elapsed_seconds": 590.8791644573212}
{"fold": 2, "endpoint": "frozen_private_tail", "epoch": 19, "batches": 27, "mean_training_loss": 0.610188897009249, "learning_rates": {"roles_and_heads": 1.5129544912544829e-05}, "elapsed_seconds": 623.9892852306366}
{"fold": 2, "endpoint": "frozen_private_tail", "epoch": 20, "batches": 27, "mean_training_loss": 0.6081914835506015, "learning_rates": {"roles_and_heads": 3.824169871584004e-06}, "elapsed_seconds": 656.9526393413544}
建立transformer............
using Transformer_type: ViT-B-16 as a backbone
Resized position embedding: %s to %s torch.Size([197, 768]) torch.Size([129, 768])
Position embedding resize to height:16 width: 8
Successfully load ckpt!
<All keys matched successfully>
Loading pretrained model from CLIP
camera number is : 4
===========Building Signal===========
{"stage": "Q1_final", "fold": 2, "endpoint": "frozen_private_tail", "metrics": {"baseline_only": {"mAP": 75.77309089448893, "Rank-1": 76.23762376237624, "Rank-5": 89.10891089108911, "Rank-10": 94.55445544554455}, "fused": {"mAP": 79.65073235427255, "Rank-1": 80.19801980198021, "Rank-5": 92.57425742574257, "Rank-10": 96.03960396039604}, "cnn": {"mAP": 76.9673678317352, "Rank-1": 84.15841584158416, "Rank-5": 90.0990099009901, "Rank-10": 95.54455445544554}, "transformer": {"mAP": 78.64715764014838, "Rank-1": 81.1881188118812, "Rank-5": 93.56435643564357, "Rank-10": 94.55445544554455}, "mamba": {"mAP": 75.60346526277328, "Rank-1": 74.75247524752476, "Rank-5": 92.57425742574257, "Rank-10": 96.53465346534654}}}
建立transformer............
using Transformer_type: ViT-B-16 as a backbone
Resized position embedding: %s to %s torch.Size([197, 768]) torch.Size([129, 768])
Position embedding resize to height:16 width: 8
Successfully load ckpt!
<All keys matched successfully>
Loading pretrained model from CLIP
camera number is : 4
===========Building Signal===========
{"fold": 2, "endpoint": "trained_private_tail", "epoch": 1, "batches": 27, "mean_training_loss": 0.6417503401085183, "learning_rates": {"roles_and_heads": 7.000000000000001e-05, "private_tail": 7.000000000000001e-07}, "elapsed_seconds": 35.865174293518066}
{"fold": 2, "endpoint": "trained_private_tail", "epoch": 2, "batches": 27, "mean_training_loss": 0.6400332450866699, "learning_rates": {"roles_and_heads": 0.00014000000000000001, "private_tail": 1.4000000000000001e-06}, "elapsed_seconds": 72.39240384101868}
{"fold": 2, "endpoint": "trained_private_tail", "epoch": 3, "batches": 27, "mean_training_loss": 0.6544043797033804, "learning_rates": {"roles_and_heads": 0.00020999999999999998, "private_tail": 2.1e-06}, "elapsed_seconds": 109.08236646652222}
{"fold": 2, "endpoint": "trained_private_tail", "epoch": 4, "batches": 27, "mean_training_loss": 0.6940661470095316, "learning_rates": {"roles_and_heads": 0.00028000000000000003, "private_tail": 2.8000000000000003e-06}, "elapsed_seconds": 146.04112005233765}
{"fold": 2, "endpoint": "trained_private_tail", "epoch": 5, "batches": 27, "mean_training_loss": 0.7509411418879474, "learning_rates": {"roles_and_heads": 0.00035, "private_tail": 3.5e-06}, "elapsed_seconds": 183.05143117904663}
{"fold": 2, "endpoint": "trained_private_tail", "epoch": 6, "batches": 27, "mean_training_loss": 0.7742681988963375, "learning_rates": {"roles_and_heads": 0.00035, "private_tail": 3.5e-06}, "elapsed_seconds": 219.94205236434937}
{"fold": 2, "endpoint": "trained_private_tail", "epoch": 7, "batches": 27, "mean_training_loss": 0.7437675506980331, "learning_rates": {"roles_and_heads": 0.000346175830128416, "private_tail": 3.46175830128416e-06}, "elapsed_seconds": 256.0527982711792}
{"fold": 2, "endpoint": "trained_private_tail", "epoch": 8, "batches": 27, "mean_training_loss": 0.737009710735745, "learning_rates": {"roles_and_heads": 0.0003348704550874551, "private_tail": 3.3487045508745514e-06}, "elapsed_seconds": 292.73681807518005}
{"fold": 2, "endpoint": "trained_private_tail", "epoch": 9, "batches": 27, "mean_training_loss": 0.7248437338405185, "learning_rates": {"roles_and_heads": 0.0003165779740156158, "private_tail": 3.165779740156158e-06}, "elapsed_seconds": 329.3382737636566}
{"fold": 2, "endpoint": "trained_private_tail", "epoch": 10, "batches": 27, "mean_training_loss": 0.6904114882151285, "learning_rates": {"roles_and_heads": 0.0002920978561128002, "private_tail": 2.920978561128002e-06}, "elapsed_seconds": 365.68030548095703}
{"fold": 2, "endpoint": "trained_private_tail", "epoch": 11, "batches": 27, "mean_training_loss": 0.6653676960203383, "learning_rates": {"roles_and_heads": 0.0002625, "private_tail": 2.625e-06}, "elapsed_seconds": 402.2661383152008}
{"fold": 2, "endpoint": "trained_private_tail", "epoch": 12, "batches": 27, "mean_training_loss": 0.6497643413367095, "learning_rates": {"roles_and_heads": 0.0002290779740156158, "private_tail": 2.290779740156158e-06}, "elapsed_seconds": 438.30021691322327}
{"fold": 2, "endpoint": "trained_private_tail", "epoch": 13, "batches": 27, "mean_training_loss": 0.6378363790335478, "learning_rates": {"roles_and_heads": 0.00019329248107183937, "private_tail": 1.932924810718394e-06}, "elapsed_seconds": 474.59024930000305}
{"fold": 2, "endpoint": "trained_private_tail", "epoch": 14, "batches": 27, "mean_training_loss": 0.6308206695097464, "learning_rates": {"roles_and_heads": 0.00015670751892816066, "private_tail": 1.5670751892816068e-06}, "elapsed_seconds": 510.60167360305786}
{"fold": 2, "endpoint": "trained_private_tail", "epoch": 15, "batches": 27, "mean_training_loss": 0.622480399078793, "learning_rates": {"roles_and_heads": 0.00012092202598438422, "private_tail": 1.209220259843842e-06}, "elapsed_seconds": 546.861979007721}
{"fold": 2, "endpoint": "trained_private_tail", "epoch": 16, "batches": 27, "mean_training_loss": 0.6141214988849781, "learning_rates": {"roles_and_heads": 8.750000000000004e-05, "private_tail": 8.750000000000004e-07}, "elapsed_seconds": 583.6287724971771}
{"fold": 2, "endpoint": "trained_private_tail", "epoch": 17, "batches": 27, "mean_training_loss": 0.6109078703103242, "learning_rates": {"roles_and_heads": 5.7902143887199866e-05, "private_tail": 5.790214388719986e-07}, "elapsed_seconds": 620.6493628025055}
{"fold": 2, "endpoint": "trained_private_tail", "epoch": 18, "batches": 27, "mean_training_loss": 0.6119314343840988, "learning_rates": {"roles_and_heads": 3.342202598438421e-05, "private_tail": 3.3422025984384215e-07}, "elapsed_seconds": 656.6569027900696}
{"fold": 2, "endpoint": "trained_private_tail", "epoch": 19, "batches": 27, "mean_training_loss": 0.6095225568170901, "learning_rates": {"roles_and_heads": 1.5129544912544829e-05, "private_tail": 1.512954491254483e-07}, "elapsed_seconds": 693.1458895206451}
{"fold": 2, "endpoint": "trained_private_tail", "epoch": 20, "batches": 27, "mean_training_loss": 0.6072209344969856, "learning_rates": {"roles_and_heads": 3.824169871584004e-06, "private_tail": 3.8241698715840046e-08}, "elapsed_seconds": 729.7568120956421}
建立transformer............
using Transformer_type: ViT-B-16 as a backbone
Resized position embedding: %s to %s torch.Size([197, 768]) torch.Size([129, 768])
Position embedding resize to height:16 width: 8
Successfully load ckpt!
<All keys matched successfully>
Loading pretrained model from CLIP
camera number is : 4
===========Building Signal===========
{"stage": "Q1_final", "fold": 2, "endpoint": "trained_private_tail", "metrics": {"baseline_only": {"mAP": 75.77309089448893, "Rank-1": 76.23762376237624, "Rank-5": 89.10891089108911, "Rank-10": 94.55445544554455}, "fused": {"mAP": 79.6494537641977, "Rank-1": 85.14851485148515, "Rank-5": 90.5940594059406, "Rank-10": 95.54455445544554}, "cnn": {"mAP": 77.63842533325104, "Rank-1": 83.16831683168317, "Rank-5": 92.07920792079209, "Rank-10": 95.04950495049505}, "transformer": {"mAP": 79.87814629741212, "Rank-1": 85.64356435643565, "Rank-5": 93.56435643564357, "Rank-10": 97.02970297029702}, "mamba": {"mAP": 73.3588374827451, "Rank-1": 72.77227722772277, "Rank-5": 90.5940594059406, "Rank-10": 96.03960396039604}}}
{"status": "Q1_FAIL", "aggregate": {"frozen_private_tail": {"baseline_only": {"mAP": 77.48760311601094, "Rank-1": 79.33450087565674, "Rank-5": 89.49211908931699, "Rank-10": 93.52014010507881}, "fused": {"mAP": 80.24079232211736, "Rank-1": 83.18739054290718, "Rank-5": 90.01751313485113, "Rank-10": 93.87040280210157}, "cnn": {"mAP": 79.91510541150345, "Rank-1": 84.76357267950964, "Rank-5": 88.96672504378283, "Rank-10": 91.59369527145358}, "transformer": {"mAP": 78.15054560122677, "Rank-1": 82.13660245183888, "Rank-5": 90.54290718038528, "Rank-10": 92.99474605954467}, "mamba": {"mAP": 77.80198014575362, "Rank-1": 78.98423817863399, "Rank-5": 89.31698774080562, "Rank-10": 94.04553415061297}}, "trained_private_tail": {"baseline_only": {"mAP": 77.48760311601094, "Rank-1": 79.33450087565674, "Rank-5": 89.49211908931699, "Rank-10": 93.52014010507881}, "fused": {"mAP": 80.49682755120588, "Rank-1": 84.23817863397548, "Rank-5": 89.84238178633976, "Rank-10": 93.6952714535902}, "cnn": {"mAP": 80.0547973247663, "Rank-1": 84.23817863397548, "Rank-5": 90.36777583187391, "Rank-10": 92.46935201401051}, "transformer": {"mAP": 79.33172899030271, "Rank-1": 83.18739054290718, "Rank-5": 89.14185639229422, "Rank-10": 92.46935201401051}, "mamba": {"mAP": 77.37915613474735, "Rank-1": 79.50963222416813, "Rank-5": 89.66725043782837, "Rank-10": 93.87040280210157}}}, "matched_gains_mAP": {"baseline_only": 0.0, "fused": 0.25603522908852483, "cnn": 0.13969191326285113, "transformer": 1.1811833890759402, "mamba": -0.42282401100627}, "scientific_checks": {"aggregate_fused_gain_at_least_1pp": false, "all_fold_fused_nonnegative": false, "all_expert_aggregate_nonnegative": false, "fused_bootstrap_lower_positive": false, "fused_beats_baseline_and_experts": true}, "bootstrap": {"lower_bound_95_mAP": -1.6151285618296207, "clusters": 21, "resamples": 10000}}
