/data/gaob/Re-ID/conda-envs/tri_reid/lib/python3.10/site-packages/timm/models/helpers.py:7: FutureWarning: Importing from timm.models.helpers is deprecated, please import via timm.models
  warnings.warn(f"Importing from {__name__} is deprecated, please import via timm.models", FutureWarning)
/data/gaob/Re-ID/conda-envs/tri_reid/lib/python3.10/site-packages/timm/models/registry.py:4: FutureWarning: Importing from timm.models.registry is deprecated, please import via timm.models
  warnings.warn(f"Importing from {__name__} is deprecated, please import via timm.models", FutureWarning)
/data/gaob/Re-ID/conda-envs/tri_reid/lib/python3.10/site-packages/timm/models/layers/__init__.py:48: FutureWarning: Importing from timm.models.layers is deprecated, please import via timm.layers
  warnings.warn(f"Importing from {__name__} is deprecated, please import via timm.layers", FutureWarning)
建立transformer............
using Transformer_type: ViT-B-16 as a backbone
Resized position embedding: %s to %s torch.Size([197, 768]) torch.Size([129, 768])
Position embedding resize to height:16 width: 8
Successfully load ckpt!
<All keys matched successfully>
Loading pretrained model from CLIP
camera number is : 4
===========Building Signal===========
{"event": "epoch", "dataset": "RGBNT201", "epoch": 1, "steps": 53, "mean_loss": 5.00536273560434, "seconds": 27.398148097039666, "official_fused": {"mAP": 69.84679875662233, "Rank-1": 70.69377899169922, "Rank-5": 80.26315569877625, "Rank-10": 85.52631735801697}, "best_epoch": 1}
{"event": "epoch", "dataset": "RGBNT201", "epoch": 2, "steps": 53, "mean_loss": 4.166959087803678, "seconds": 25.17426169902319, "official_fused": {"mAP": 70.53529495489762, "Rank-1": 71.29186391830444, "Rank-5": 81.81818127632141, "Rank-10": 86.60287261009216}, "best_epoch": 2}
{"event": "epoch", "dataset": "RGBNT201", "epoch": 3, "steps": 53, "mean_loss": 2.8258207564084037, "seconds": 25.518905215954874, "official_fused": {"mAP": 69.19821059442737, "Rank-1": 69.0191388130188, "Rank-5": 79.42583560943604, "Rank-10": 85.047847032547}, "best_epoch": 2}
{"event": "epoch", "dataset": "RGBNT201", "epoch": 4, "steps": 53, "mean_loss": 1.6310789562621206, "seconds": 25.79627342702588, "official_fused": {"mAP": 70.31868899481397, "Rank-1": 71.05262875556946, "Rank-5": 79.78469133377075, "Rank-10": 84.80861186981201}, "best_epoch": 2}
{"event": "epoch", "dataset": "RGBNT201", "epoch": 5, "steps": 53, "mean_loss": 1.0834771597160484, "seconds": 25.617488401010633, "official_fused": {"mAP": 68.99481063565847, "Rank-1": 68.77990365028381, "Rank-5": 78.70813608169556, "Rank-10": 84.44976210594177}, "best_epoch": 2}
{"event": "epoch", "dataset": "RGBNT201", "epoch": 6, "steps": 53, "mean_loss": 0.9477438150711779, "seconds": 25.790679656958673, "official_fused": {"mAP": 67.64381532511639, "Rank-1": 68.06219816207886, "Rank-5": 77.15311050415039, "Rank-10": 82.77512192726135}, "best_epoch": 2}
{"event": "epoch", "dataset": "RGBNT201", "epoch": 7, "steps": 53, "mean_loss": 0.9203495428247271, "seconds": 25.75111608800944, "official_fused": {"mAP": 66.47176454068291, "Rank-1": 65.78947305679321, "Rank-5": 73.0861246585846, "Rank-10": 81.57894611358643}, "best_epoch": 2}
{"event": "epoch", "dataset": "RGBNT201", "epoch": 8, "steps": 53, "mean_loss": 0.9091458388094632, "seconds": 25.729686119011603, "official_fused": {"mAP": 66.17776398521261, "Rank-1": 65.78947305679321, "Rank-5": 74.16267991065979, "Rank-10": 81.81818127632141}, "best_epoch": 2}
{"event": "epoch", "dataset": "RGBNT201", "epoch": 9, "steps": 53, "mean_loss": 0.9027179637045231, "seconds": 25.6609579710057, "official_fused": {"mAP": 67.62219550624302, "Rank-1": 66.74641370773315, "Rank-5": 75.35884976387024, "Rank-10": 82.8947365283966}, "best_epoch": 2}
{"event": "epoch", "dataset": "RGBNT201", "epoch": 10, "steps": 53, "mean_loss": 0.9010045483427228, "seconds": 25.655767956981435, "official_fused": {"mAP": 68.68071330128464, "Rank-1": 68.30143332481384, "Rank-5": 77.75119543075562, "Rank-10": 84.09090638160706}, "best_epoch": 2}
{"event": "epoch", "dataset": "RGBNT201", "epoch": 11, "steps": 53, "mean_loss": 0.8934882125764523, "seconds": 26.231372868991457, "official_fused": {"mAP": 69.20680987676138, "Rank-1": 67.9425835609436, "Rank-5": 75.59808492660522, "Rank-10": 82.77512192726135}, "best_epoch": 2}
{"event": "epoch", "dataset": "RGBNT201", "epoch": 12, "steps": 53, "mean_loss": 0.8922516816067245, "seconds": 25.771325340028852, "official_fused": {"mAP": 69.48464958478546, "Rank-1": 68.54066848754883, "Rank-5": 76.43540501594543, "Rank-10": 83.85167717933655}, "best_epoch": 2}
{"event": "epoch", "dataset": "RGBNT201", "epoch": 13, "steps": 53, "mean_loss": 0.8902038223338578, "seconds": 25.68736607703613, "official_fused": {"mAP": 69.31233064420096, "Rank-1": 68.66028904914856, "Rank-5": 76.9138753414154, "Rank-10": 83.37320685386658}, "best_epoch": 2}
{"event": "epoch", "dataset": "RGBNT201", "epoch": 14, "steps": 53, "mean_loss": 0.8858589867375931, "seconds": 25.63162367005134, "official_fused": {"mAP": 68.0946894638754, "Rank-1": 67.9425835609436, "Rank-5": 75.35884976387024, "Rank-10": 80.38277626037598}, "best_epoch": 2}
{"event": "epoch", "dataset": "RGBNT201", "epoch": 15, "steps": 53, "mean_loss": 0.8812948757747434, "seconds": 25.695342293009162, "official_fused": {"mAP": 68.68871204781514, "Rank-1": 68.54066848754883, "Rank-5": 77.15311050415039, "Rank-10": 84.44976210594177}, "best_epoch": 2}
{"event": "epoch", "dataset": "RGBNT201", "epoch": 16, "steps": 53, "mean_loss": 0.8820571550783122, "seconds": 25.90473438403569, "official_fused": {"mAP": 68.60129279178554, "Rank-1": 68.54066848754883, "Rank-5": 75.59808492660522, "Rank-10": 83.01435112953186}, "best_epoch": 2}
{"event": "epoch", "dataset": "RGBNT201", "epoch": 17, "steps": 53, "mean_loss": 0.8774805158939002, "seconds": 25.721106822020374, "official_fused": {"mAP": 68.1895796384147, "Rank-1": 68.66028904914856, "Rank-5": 76.0765552520752, "Rank-10": 82.41626620292664}, "best_epoch": 2}
{"event": "epoch", "dataset": "RGBNT201", "epoch": 18, "steps": 53, "mean_loss": 0.8761927238050496, "seconds": 25.517669110035058, "official_fused": {"mAP": 71.2649894665388, "Rank-1": 72.0095694065094, "Rank-5": 81.45933151245117, "Rank-10": 86.00478172302246}, "best_epoch": 18}
{"event": "epoch", "dataset": "RGBNT201", "epoch": 19, "steps": 53, "mean_loss": 0.8755668491687415, "seconds": 25.660374068946112, "official_fused": {"mAP": 69.95573902659056, "Rank-1": 71.41148447990417, "Rank-5": 79.0669858455658, "Rank-10": 84.44976210594177}, "best_epoch": 18}
{"event": "epoch", "dataset": "RGBNT201", "epoch": 20, "steps": 53, "mean_loss": 0.8722843089193668, "seconds": 25.81637175002834, "official_fused": {"mAP": 70.8380170312851, "Rank-1": 71.17224931716919, "Rank-5": 81.10047578811646, "Rank-10": 86.9617223739624}, "best_epoch": 18}
{"event": "epoch", "dataset": "RGBNT201", "epoch": 21, "steps": 53, "mean_loss": 0.8708845646876209, "seconds": 25.746753376035485, "official_fused": {"mAP": 70.76840126669207, "Rank-1": 70.81339955329895, "Rank-5": 78.11004519462585, "Rank-10": 84.92823243141174}, "best_epoch": 18}
{"event": "epoch", "dataset": "RGBNT201", "epoch": 22, "steps": 53, "mean_loss": 0.8700741248310737, "seconds": 25.79801522596972, "official_fused": {"mAP": 70.45697989296093, "Rank-1": 71.41148447990417, "Rank-5": 78.70813608169556, "Rank-10": 84.21052694320679}, "best_epoch": 18}
{"event": "epoch", "dataset": "RGBNT201", "epoch": 23, "steps": 53, "mean_loss": 0.8700164376564745, "seconds": 25.88125769601902, "official_fused": {"mAP": 69.95990402396004, "Rank-1": 69.97607946395874, "Rank-5": 79.18660044670105, "Rank-10": 83.73205661773682}, "best_epoch": 18}
{"event": "epoch", "dataset": "RGBNT201", "epoch": 24, "steps": 53, "mean_loss": 0.8683314492117684, "seconds": 25.694392398989294, "official_fused": {"mAP": 69.81574535151289, "Rank-1": 69.85645890235901, "Rank-5": 77.9904305934906, "Rank-10": 85.047847032547}, "best_epoch": 18}
{"event": "epoch", "dataset": "RGBNT201", "epoch": 25, "steps": 53, "mean_loss": 0.8666864982191121, "seconds": 25.97409643395804, "official_fused": {"mAP": 70.35702674159678, "Rank-1": 69.85645890235901, "Rank-5": 79.78469133377075, "Rank-10": 85.047847032547}, "best_epoch": 18}
{"event": "epoch", "dataset": "RGBNT201", "epoch": 26, "steps": 53, "mean_loss": 0.8648332706037557, "seconds": 25.70970516896341, "official_fused": {"mAP": 70.50541992526252, "Rank-1": 70.21530866622925, "Rank-5": 79.30622100830078, "Rank-10": 85.047847032547}, "best_epoch": 18}
{"event": "epoch", "dataset": "RGBNT201", "epoch": 27, "steps": 53, "mean_loss": 0.8632892493931752, "seconds": 25.568408106977586, "official_fused": {"mAP": 69.94836030546942, "Rank-1": 69.73684430122375, "Rank-5": 79.54545617103577, "Rank-10": 86.48325204849243}, "best_epoch": 18}
{"event": "epoch", "dataset": "RGBNT201", "epoch": 28, "steps": 53, "mean_loss": 0.8608460898669261, "seconds": 25.48449146898929, "official_fused": {"mAP": 71.06334072198061, "Rank-1": 71.05262875556946, "Rank-5": 80.02392053604126, "Rank-10": 85.40669679641724}, "best_epoch": 18}
{"event": "epoch", "dataset": "RGBNT201", "epoch": 29, "steps": 53, "mean_loss": 0.8607084976052338, "seconds": 25.686050322954543, "official_fused": {"mAP": 70.22420701527453, "Rank-1": 71.88995480537415, "Rank-5": 81.22009634971619, "Rank-10": 86.00478172302246}, "best_epoch": 18}
{"event": "epoch", "dataset": "RGBNT201", "epoch": 30, "steps": 53, "mean_loss": 0.8610707262776932, "seconds": 25.78536549396813, "official_fused": {"mAP": 71.15472287883095, "Rank-1": 70.81339955329895, "Rank-5": 79.904305934906, "Rank-10": 86.00478172302246}, "best_epoch": 18}
{"event": "epoch", "dataset": "RGBNT201", "epoch": 31, "steps": 53, "mean_loss": 0.860931100710383, "seconds": 25.980039261979982, "official_fused": {"mAP": 70.41871388366393, "Rank-1": 71.53109908103943, "Rank-5": 78.82775068283081, "Rank-10": 84.92823243141174}, "best_epoch": 18}
{"event": "epoch", "dataset": "RGBNT201", "epoch": 32, "steps": 53, "mean_loss": 0.858229140065751, "seconds": 25.64725608099252, "official_fused": {"mAP": 70.88749401239916, "Rank-1": 71.17224931716919, "Rank-5": 80.14354109764099, "Rank-10": 85.047847032547}, "best_epoch": 18}
{"event": "epoch", "dataset": "RGBNT201", "epoch": 33, "steps": 53, "mean_loss": 0.857483243042568, "seconds": 25.619879908976145, "official_fused": {"mAP": 71.08482151483753, "Rank-1": 72.12918400764465, "Rank-5": 79.78469133377075, "Rank-10": 86.00478172302246}, "best_epoch": 18}
{"event": "epoch", "dataset": "RGBNT201", "epoch": 34, "steps": 53, "mean_loss": 0.8573414379695676, "seconds": 26.58379841200076, "official_fused": {"mAP": 70.0566131262384, "Rank-1": 70.81339955329895, "Rank-5": 79.0669858455658, "Rank-10": 84.21052694320679}, "best_epoch": 18}
{"event": "epoch", "dataset": "RGBNT201", "epoch": 35, "steps": 53, "mean_loss": 0.8562911186578139, "seconds": 25.559959585021716, "official_fused": {"mAP": 70.35358386644754, "Rank-1": 71.17224931716919, "Rank-5": 80.26315569877625, "Rank-10": 85.16746163368225}, "best_epoch": 18}
{"event": "epoch", "dataset": "RGBNT201", "epoch": 36, "steps": 53, "mean_loss": 0.8557573230761402, "seconds": 25.724685366032645, "official_fused": {"mAP": 69.7395539573575, "Rank-1": 69.97607946395874, "Rank-5": 79.904305934906, "Rank-10": 85.16746163368225}, "best_epoch": 18}
{"event": "epoch", "dataset": "RGBNT201", "epoch": 37, "steps": 53, "mean_loss": 0.8559803287937956, "seconds": 25.701266614021733, "official_fused": {"mAP": 70.65977153669023, "Rank-1": 71.88995480537415, "Rank-5": 80.62201142311096, "Rank-10": 85.40669679641724}, "best_epoch": 18}
{"event": "epoch", "dataset": "RGBNT201", "epoch": 38, "steps": 53, "mean_loss": 0.8541780687728018, "seconds": 25.69153787504183, "official_fused": {"mAP": 70.59919722625008, "Rank-1": 71.05262875556946, "Rank-5": 80.14354109764099, "Rank-10": 85.047847032547}, "best_epoch": 18}
{"event": "epoch", "dataset": "RGBNT201", "epoch": 39, "steps": 53, "mean_loss": 0.853899065053688, "seconds": 25.979865661007352, "official_fused": {"mAP": 70.10901786309024, "Rank-1": 70.69377899169922, "Rank-5": 79.66507077217102, "Rank-10": 83.9712917804718}, "best_epoch": 18}
{"event": "epoch", "dataset": "RGBNT201", "epoch": 40, "steps": 53, "mean_loss": 0.8544688067346249, "seconds": 26.218197492009494, "official_fused": {"mAP": 70.57018863316108, "Rank-1": 71.05262875556946, "Rank-5": 79.54545617103577, "Rank-10": 84.80861186981201}, "best_epoch": 18}
{"event": "epoch", "dataset": "RGBNT201", "epoch": 41, "steps": 53, "mean_loss": 0.8531264640250296, "seconds": 25.651082706986926, "official_fused": {"mAP": 70.63274512333348, "Rank-1": 71.17224931716919, "Rank-5": 79.66507077217102, "Rank-10": 84.56937670707703}, "best_epoch": 18}
{"event": "epoch", "dataset": "RGBNT201", "epoch": 42, "steps": 53, "mean_loss": 0.8535314427231843, "seconds": 25.808091345999856, "official_fused": {"mAP": 70.62132710787276, "Rank-1": 71.53109908103943, "Rank-5": 79.78469133377075, "Rank-10": 84.80861186981201}, "best_epoch": 18}
{"event": "epoch", "dataset": "RGBNT201", "epoch": 43, "steps": 53, "mean_loss": 0.8524998134037234, "seconds": 25.74937488802243, "official_fused": {"mAP": 70.54720487610176, "Rank-1": 71.65071964263916, "Rank-5": 79.78469133377075, "Rank-10": 84.80861186981201}, "best_epoch": 18}
{"event": "epoch", "dataset": "RGBNT201", "epoch": 44, "steps": 53, "mean_loss": 0.8526659506671833, "seconds": 25.72380057198461, "official_fused": {"mAP": 70.61141531122512, "Rank-1": 71.41148447990417, "Rank-5": 79.66507077217102, "Rank-10": 84.68899726867676}, "best_epoch": 18}
{"event": "epoch", "dataset": "RGBNT201", "epoch": 45, "steps": 53, "mean_loss": 0.852052850543328, "seconds": 25.727468465978745, "official_fused": {"mAP": 70.51072447508082, "Rank-1": 71.53109908103943, "Rank-5": 79.54545617103577, "Rank-10": 84.56937670707703}, "best_epoch": 18}
{"event": "epoch", "dataset": "RGBNT201", "epoch": 46, "steps": 52, "mean_loss": 0.852346977362266, "seconds": 25.22390096797608, "official_fused": {"mAP": 70.42579824709331, "Rank-1": 71.65071964263916, "Rank-5": 79.54545617103577, "Rank-10": 84.56937670707703}, "best_epoch": 18}
{"event": "epoch", "dataset": "RGBNT201", "epoch": 47, "steps": 53, "mean_loss": 0.852001743496589, "seconds": 25.55490181199275, "official_fused": {"mAP": 70.56381919115613, "Rank-1": 71.77033424377441, "Rank-5": 79.66507077217102, "Rank-10": 84.68899726867676}, "best_epoch": 18}
{"event": "epoch", "dataset": "RGBNT201", "epoch": 48, "steps": 53, "mean_loss": 0.8523314752668705, "seconds": 25.67371601104969, "official_fused": {"mAP": 70.54832360059629, "Rank-1": 71.77033424377441, "Rank-5": 79.66507077217102, "Rank-10": 84.68899726867676}, "best_epoch": 18}
{"event": "epoch", "dataset": "RGBNT201", "epoch": 49, "steps": 53, "mean_loss": 0.8520494620755034, "seconds": 25.79907548899064, "official_fused": {"mAP": 70.55013145239849, "Rank-1": 71.65071964263916, "Rank-5": 79.66507077217102, "Rank-10": 84.56937670707703}, "best_epoch": 18}
{"event": "epoch", "dataset": "RGBNT201", "epoch": 50, "steps": 53, "mean_loss": 0.8521288093530907, "seconds": 25.711520799959544, "official_fused": {"mAP": 70.54632771741419, "Rank-1": 71.65071964263916, "Rank-5": 79.66507077217102, "Rank-10": 84.56937670707703}, "best_epoch": 18}
