/data/gaob/Re-ID/conda-envs/tri_reid/lib/python3.10/site-packages/timm/models/helpers.py:7: FutureWarning: Importing from timm.models.helpers is deprecated, please import via timm.models
  warnings.warn(f"Importing from {__name__} is deprecated, please import via timm.models", FutureWarning)
/data/gaob/Re-ID/conda-envs/tri_reid/lib/python3.10/site-packages/timm/models/registry.py:4: FutureWarning: Importing from timm.models.registry is deprecated, please import via timm.models
  warnings.warn(f"Importing from {__name__} is deprecated, please import via timm.models", FutureWarning)
/data/gaob/Re-ID/conda-envs/tri_reid/lib/python3.10/site-packages/timm/models/layers/__init__.py:48: FutureWarning: Importing from timm.models.layers is deprecated, please import via timm.layers
  warnings.warn(f"Importing from {__name__} is deprecated, please import via timm.layers", FutureWarning)
建立transformer............
using Transformer_type: ViT-B-16 as a backbone
Resized position embedding: %s to %s torch.Size([197, 768]) torch.Size([129, 768])
Position embedding resize to height:8 width: 16
Successfully load ckpt!
<All keys matched successfully>
Loading pretrained model from CLIP
camera number is : 8
===========Building Signal===========
{"event": "epoch", "dataset": "MSVR310", "epoch": 1, "steps": 20, "mean_loss": 5.204401326179505, "seconds": 11.358602124993922, "official_fused": {"mAP": 50.92306884182314, "Rank-1": 68.69712471961975, "Rank-5": 81.04906678199768, "Rank-10": 85.78680157661438}, "best_epoch": 1}
{"event": "epoch", "dataset": "MSVR310", "epoch": 2, "steps": 20, "mean_loss": 4.908519625663757, "seconds": 9.029111962998286, "official_fused": {"mAP": 49.71634276628373, "Rank-1": 67.17427968978882, "Rank-5": 81.38747811317444, "Rank-10": 84.94077920913696}, "best_epoch": 1}
{"event": "epoch", "dataset": "MSVR310", "epoch": 3, "steps": 20, "mean_loss": 4.4200406789779665, "seconds": 8.988873672002228, "official_fused": {"mAP": 50.50900354791919, "Rank-1": 67.68189668655396, "Rank-5": 81.38747811317444, "Rank-10": 84.94077920913696}, "best_epoch": 1}
{"event": "epoch", "dataset": "MSVR310", "epoch": 4, "steps": 20, "mean_loss": 3.7576870679855348, "seconds": 8.715582578995964, "official_fused": {"mAP": 48.57269563227524, "Rank-1": 65.48223495483398, "Rank-5": 79.18781638145447, "Rank-10": 84.77157354354858}, "best_epoch": 1}
{"event": "epoch", "dataset": "MSVR310", "epoch": 5, "steps": 20, "mean_loss": 3.0088107585906982, "seconds": 9.124542728997767, "official_fused": {"mAP": 49.153087680216764, "Rank-1": 66.83587431907654, "Rank-5": 80.54145574569702, "Rank-10": 85.95600724220276}, "best_epoch": 1}
{"event": "epoch", "dataset": "MSVR310", "epoch": 6, "steps": 20, "mean_loss": 2.307398122549057, "seconds": 9.015134525005124, "official_fused": {"mAP": 50.8839321917762, "Rank-1": 67.51269102096558, "Rank-5": 80.87986707687378, "Rank-10": 86.6328239440918}, "best_epoch": 1}
{"event": "epoch", "dataset": "MSVR310", "epoch": 7, "steps": 20, "mean_loss": 1.7956510484218597, "seconds": 9.12209855299443, "official_fused": {"mAP": 50.139863693668396, "Rank-1": 66.3282573223114, "Rank-5": 80.03383874893188, "Rank-10": 86.29441857337952}, "best_epoch": 1}
{"event": "epoch", "dataset": "MSVR310", "epoch": 8, "steps": 20, "mean_loss": 1.4843968510627747, "seconds": 9.019944255007431, "official_fused": {"mAP": 51.85698817461608, "Rank-1": 67.68189668655396, "Rank-5": 83.24872851371765, "Rank-10": 86.6328239440918}, "best_epoch": 8}
{"event": "epoch", "dataset": "MSVR310", "epoch": 9, "steps": 20, "mean_loss": 1.2383478879928589, "seconds": 8.988180472006206, "official_fused": {"mAP": 50.92596048353356, "Rank-1": 66.49746298789978, "Rank-5": 82.06430077552795, "Rank-10": 86.80202960968018}, "best_epoch": 8}
{"event": "epoch", "dataset": "MSVR310", "epoch": 10, "steps": 20, "mean_loss": 1.171668404340744, "seconds": 9.140982381999493, "official_fused": {"mAP": 52.48487555803318, "Rank-1": 68.02030205726624, "Rank-5": 83.41793417930603, "Rank-10": 89.3401026725769}, "best_epoch": 10}
{"event": "epoch", "dataset": "MSVR310", "epoch": 11, "steps": 20, "mean_loss": 1.102549535036087, "seconds": 9.014120327992714, "official_fused": {"mAP": 50.57316418295152, "Rank-1": 66.83587431907654, "Rank-5": 80.87986707687378, "Rank-10": 86.6328239440918}, "best_epoch": 10}
{"event": "epoch", "dataset": "MSVR310", "epoch": 12, "steps": 20, "mean_loss": 1.062898576259613, "seconds": 9.197920291990158, "official_fused": {"mAP": 51.29593357827269, "Rank-1": 67.17427968978882, "Rank-5": 81.38747811317444, "Rank-10": 87.30964660644531}, "best_epoch": 10}
{"event": "epoch", "dataset": "MSVR310", "epoch": 13, "steps": 20, "mean_loss": 1.0335885047912599, "seconds": 9.085001469007693, "official_fused": {"mAP": 51.29499393776005, "Rank-1": 67.17427968978882, "Rank-5": 82.74111747741699, "Rank-10": 88.49408030509949}, "best_epoch": 10}
{"event": "epoch", "dataset": "MSVR310", "epoch": 14, "steps": 20, "mean_loss": 1.0235873013734818, "seconds": 8.862115971001913, "official_fused": {"mAP": 50.48173373233967, "Rank-1": 66.49746298789978, "Rank-5": 81.38747811317444, "Rank-10": 86.6328239440918}, "best_epoch": 10}
{"event": "epoch", "dataset": "MSVR310", "epoch": 15, "steps": 20, "mean_loss": 1.0288625091314316, "seconds": 9.349766254003043, "official_fused": {"mAP": 52.108356352618166, "Rank-1": 68.18950772285461, "Rank-5": 82.40270614624023, "Rank-10": 88.15566897392273}, "best_epoch": 10}
{"event": "epoch", "dataset": "MSVR310", "epoch": 16, "steps": 20, "mean_loss": 0.9926445752382278, "seconds": 9.218371405993821, "official_fused": {"mAP": 51.094902812550636, "Rank-1": 67.3434853553772, "Rank-5": 82.06430077552795, "Rank-10": 88.15566897392273}, "best_epoch": 10}
{"event": "epoch", "dataset": "MSVR310", "epoch": 17, "steps": 20, "mean_loss": 0.9859532982110977, "seconds": 9.092933672000072, "official_fused": {"mAP": 50.82279171039094, "Rank-1": 68.69712471961975, "Rank-5": 82.74111747741699, "Rank-10": 86.80202960968018}, "best_epoch": 10}
{"event": "epoch", "dataset": "MSVR310", "epoch": 18, "steps": 20, "mean_loss": 0.9756072610616684, "seconds": 9.060272429996985, "official_fused": {"mAP": 50.94939614981849, "Rank-1": 66.49746298789978, "Rank-5": 81.55668377876282, "Rank-10": 87.47885227203369}, "best_epoch": 10}
{"event": "epoch", "dataset": "MSVR310", "epoch": 19, "steps": 20, "mean_loss": 0.9852676898241043, "seconds": 9.11703327599389, "official_fused": {"mAP": 50.69819300250211, "Rank-1": 66.3282573223114, "Rank-5": 80.37225008010864, "Rank-10": 85.95600724220276}, "best_epoch": 10}
{"event": "epoch", "dataset": "MSVR310", "epoch": 20, "steps": 20, "mean_loss": 0.9709100157022477, "seconds": 9.056486712011974, "official_fused": {"mAP": 50.98760361432183, "Rank-1": 67.3434853553772, "Rank-5": 82.40270614624023, "Rank-10": 87.81725764274597}, "best_epoch": 10}
{"event": "epoch", "dataset": "MSVR310", "epoch": 21, "steps": 20, "mean_loss": 0.9576142519712448, "seconds": 8.710287698995671, "official_fused": {"mAP": 50.20936197595296, "Rank-1": 65.82064032554626, "Rank-5": 80.20304441452026, "Rank-10": 85.78680157661438}, "best_epoch": 10}
{"event": "epoch", "dataset": "MSVR310", "epoch": 22, "steps": 20, "mean_loss": 0.9549729257822037, "seconds": 9.089954374998342, "official_fused": {"mAP": 51.10581849490375, "Rank-1": 68.52791905403137, "Rank-5": 81.7258894443512, "Rank-10": 87.81725764274597}, "best_epoch": 10}
{"event": "epoch", "dataset": "MSVR310", "epoch": 23, "steps": 20, "mean_loss": 0.9547470480203628, "seconds": 9.042973192001227, "official_fused": {"mAP": 51.203343982054896, "Rank-1": 68.18950772285461, "Rank-5": 83.07952880859375, "Rank-10": 87.30964660644531}, "best_epoch": 10}
{"event": "epoch", "dataset": "MSVR310", "epoch": 24, "steps": 20, "mean_loss": 0.947548121213913, "seconds": 9.106614731004811, "official_fused": {"mAP": 51.03706726375514, "Rank-1": 68.02030205726624, "Rank-5": 81.38747811317444, "Rank-10": 87.81725764274597}, "best_epoch": 10}
{"event": "epoch", "dataset": "MSVR310", "epoch": 25, "steps": 20, "mean_loss": 0.9529216229915619, "seconds": 8.865109600010328, "official_fused": {"mAP": 51.21526408316044, "Rank-1": 69.37394142150879, "Rank-5": 82.57191181182861, "Rank-10": 86.29441857337952}, "best_epoch": 10}
{"event": "epoch", "dataset": "MSVR310", "epoch": 26, "steps": 20, "mean_loss": 0.9373150944709778, "seconds": 9.122042001996306, "official_fused": {"mAP": 49.34783127462195, "Rank-1": 66.66666865348816, "Rank-5": 80.20304441452026, "Rank-10": 86.80202960968018}, "best_epoch": 10}
{"event": "epoch", "dataset": "MSVR310", "epoch": 27, "steps": 20, "mean_loss": 0.9299197226762772, "seconds": 8.942488440006855, "official_fused": {"mAP": 50.72523975190176, "Rank-1": 67.3434853553772, "Rank-5": 82.23350048065186, "Rank-10": 88.66328001022339}, "best_epoch": 10}
{"event": "epoch", "dataset": "MSVR310", "epoch": 28, "steps": 20, "mean_loss": 0.927850541472435, "seconds": 8.841272560996003, "official_fused": {"mAP": 49.262296717570315, "Rank-1": 65.48223495483398, "Rank-5": 80.7106614112854, "Rank-10": 86.29441857337952}, "best_epoch": 10}
{"event": "epoch", "dataset": "MSVR310", "epoch": 29, "steps": 20, "mean_loss": 0.9308210223913193, "seconds": 9.092797713004984, "official_fused": {"mAP": 49.86169005949295, "Rank-1": 66.83587431907654, "Rank-5": 79.35702204704285, "Rank-10": 85.95600724220276}, "best_epoch": 10}
{"event": "epoch", "dataset": "MSVR310", "epoch": 30, "steps": 20, "mean_loss": 0.9280883818864822, "seconds": 9.011077943010605, "official_fused": {"mAP": 49.711295935400116, "Rank-1": 67.00507402420044, "Rank-5": 81.21827244758606, "Rank-10": 86.6328239440918}, "best_epoch": 10}
