/data/gaob/Re-ID/conda-envs/tri_reid/lib/python3.10/site-packages/timm/models/helpers.py:7: FutureWarning: Importing from timm.models.helpers is deprecated, please import via timm.models
  warnings.warn(f"Importing from {__name__} is deprecated, please import via timm.models", FutureWarning)
/data/gaob/Re-ID/conda-envs/tri_reid/lib/python3.10/site-packages/timm/models/registry.py:4: FutureWarning: Importing from timm.models.registry is deprecated, please import via timm.models
  warnings.warn(f"Importing from {__name__} is deprecated, please import via timm.models", FutureWarning)
/data/gaob/Re-ID/conda-envs/tri_reid/lib/python3.10/site-packages/timm/models/layers/__init__.py:48: FutureWarning: Importing from timm.models.layers is deprecated, please import via timm.layers
  warnings.warn(f"Importing from {__name__} is deprecated, please import via timm.layers", FutureWarning)
建立transformer............
using Transformer_type: ViT-B-16 as a backbone
Resized position embedding: %s to %s torch.Size([197, 768]) torch.Size([129, 768])
Position embedding resize to height:8 width: 16
Successfully load ckpt!
<All keys matched successfully>
Loading pretrained model from CLIP
camera number is : 8
===========Building Signal===========
{"event": "epoch", "dataset": "MSVR310", "epoch": 1, "steps": 20, "mean_loss": 5.2005040645599365, "seconds": 13.141424628003733, "official_fused": {"mAP": 49.08312746175778, "Rank-1": 66.15905165672302, "Rank-5": 79.35702204704285, "Rank-10": 84.26395654678345}, "best_epoch": 1}
{"event": "epoch", "dataset": "MSVR310", "epoch": 2, "steps": 20, "mean_loss": 4.900052118301391, "seconds": 11.149551648006309, "official_fused": {"mAP": 48.74300613708795, "Rank-1": 67.00507402420044, "Rank-5": 78.84940505027771, "Rank-10": 84.6023678779602}, "best_epoch": 1}
{"event": "epoch", "dataset": "MSVR310", "epoch": 3, "steps": 20, "mean_loss": 4.4139938116073605, "seconds": 11.138823212007992, "official_fused": {"mAP": 49.967706898577184, "Rank-1": 65.65144062042236, "Rank-5": 80.54145574569702, "Rank-10": 85.27919054031372}, "best_epoch": 3}
{"event": "epoch", "dataset": "MSVR310", "epoch": 4, "steps": 20, "mean_loss": 3.7527358651161196, "seconds": 11.011523448993103, "official_fused": {"mAP": 48.99901351212947, "Rank-1": 65.82064032554626, "Rank-5": 79.18781638145447, "Rank-10": 83.75634551048279}, "best_epoch": 3}
{"event": "epoch", "dataset": "MSVR310", "epoch": 5, "steps": 20, "mean_loss": 3.0013425827026365, "seconds": 11.214962544006994, "official_fused": {"mAP": 47.47529504264794, "Rank-1": 64.29780125617981, "Rank-5": 77.66497731208801, "Rank-10": 84.26395654678345}, "best_epoch": 3}
{"event": "epoch", "dataset": "MSVR310", "epoch": 6, "steps": 20, "mean_loss": 2.2881771087646485, "seconds": 11.190764761995524, "official_fused": {"mAP": 51.256098872787426, "Rank-1": 68.86633038520813, "Rank-5": 81.7258894443512, "Rank-10": 87.64805197715759}, "best_epoch": 6}
{"event": "epoch", "dataset": "MSVR310", "epoch": 7, "steps": 20, "mean_loss": 1.7625601530075072, "seconds": 11.209991510011605, "official_fused": {"mAP": 50.430442004665444, "Rank-1": 66.66666865348816, "Rank-5": 80.54145574569702, "Rank-10": 87.30964660644531}, "best_epoch": 6}
{"event": "epoch", "dataset": "MSVR310", "epoch": 8, "steps": 20, "mean_loss": 1.4346891164779663, "seconds": 11.163950964008109, "official_fused": {"mAP": 52.323156203804565, "Rank-1": 68.86633038520813, "Rank-5": 82.57191181182861, "Rank-10": 88.15566897392273}, "best_epoch": 8}
{"event": "epoch", "dataset": "MSVR310", "epoch": 9, "steps": 20, "mean_loss": 1.187990653514862, "seconds": 11.375549703996512, "official_fused": {"mAP": 48.49852981186357, "Rank-1": 65.65144062042236, "Rank-5": 79.86463904380798, "Rank-10": 85.78680157661438}, "best_epoch": 8}
{"event": "epoch", "dataset": "MSVR310", "epoch": 10, "steps": 20, "mean_loss": 1.109182208776474, "seconds": 11.27563567100151, "official_fused": {"mAP": 52.9354302264704, "Rank-1": 67.85110235214233, "Rank-5": 82.91032314300537, "Rank-10": 88.66328001022339}, "best_epoch": 10}
{"event": "epoch", "dataset": "MSVR310", "epoch": 11, "steps": 20, "mean_loss": 1.046266856789589, "seconds": 11.408369833996403, "official_fused": {"mAP": 51.115140151507376, "Rank-1": 66.83587431907654, "Rank-5": 80.87986707687378, "Rank-10": 86.80202960968018}, "best_epoch": 10}
{"event": "epoch", "dataset": "MSVR310", "epoch": 12, "steps": 20, "mean_loss": 1.0119774520397187, "seconds": 11.50969401000475, "official_fused": {"mAP": 51.68610372527611, "Rank-1": 67.85110235214233, "Rank-5": 81.21827244758606, "Rank-10": 87.47885227203369}, "best_epoch": 10}
{"event": "epoch", "dataset": "MSVR310", "epoch": 13, "steps": 20, "mean_loss": 0.9938709020614624, "seconds": 11.504075288001332, "official_fused": {"mAP": 50.317810118300976, "Rank-1": 66.49746298789978, "Rank-5": 81.7258894443512, "Rank-10": 86.6328239440918}, "best_epoch": 10}
{"event": "epoch", "dataset": "MSVR310", "epoch": 14, "steps": 20, "mean_loss": 0.979277777671814, "seconds": 11.400246845994843, "official_fused": {"mAP": 49.09159358383808, "Rank-1": 64.46700692176819, "Rank-5": 79.18781638145447, "Rank-10": 85.617595911026}, "best_epoch": 10}
{"event": "epoch", "dataset": "MSVR310", "epoch": 15, "steps": 20, "mean_loss": 0.9806240290403366, "seconds": 11.419605664996197, "official_fused": {"mAP": 49.880972661648606, "Rank-1": 66.15905165672302, "Rank-5": 81.89509510993958, "Rank-10": 87.30964660644531}, "best_epoch": 10}
{"event": "epoch", "dataset": "MSVR310", "epoch": 16, "steps": 20, "mean_loss": 0.9481972008943558, "seconds": 11.42997604199627, "official_fused": {"mAP": 49.432014229560814, "Rank-1": 66.3282573223114, "Rank-5": 81.04906678199768, "Rank-10": 86.12521290779114}, "best_epoch": 10}
{"event": "epoch", "dataset": "MSVR310", "epoch": 17, "steps": 20, "mean_loss": 0.9441443175077439, "seconds": 11.254787992991623, "official_fused": {"mAP": 49.42890332378728, "Rank-1": 66.15905165672302, "Rank-5": 80.03383874893188, "Rank-10": 85.27919054031372}, "best_epoch": 10}
{"event": "epoch", "dataset": "MSVR310", "epoch": 18, "steps": 20, "mean_loss": 0.9356776535511017, "seconds": 11.398898428000393, "official_fused": {"mAP": 49.42460141141837, "Rank-1": 66.49746298789978, "Rank-5": 79.52622771263123, "Rank-10": 85.95600724220276}, "best_epoch": 10}
{"event": "epoch", "dataset": "MSVR310", "epoch": 19, "steps": 20, "mean_loss": 0.941079980134964, "seconds": 11.451768204002292, "official_fused": {"mAP": 49.18518719939483, "Rank-1": 64.12859559059143, "Rank-5": 80.87986707687378, "Rank-10": 86.46361827850342}, "best_epoch": 10}
{"event": "epoch", "dataset": "MSVR310", "epoch": 20, "steps": 20, "mean_loss": 0.9314044833183288, "seconds": 11.239411863993155, "official_fused": {"mAP": 46.34254635613673, "Rank-1": 62.6057505607605, "Rank-5": 78.51099967956543, "Rank-10": 84.43316221237183}, "best_epoch": 10}
{"event": "epoch", "dataset": "MSVR310", "epoch": 21, "steps": 20, "mean_loss": 0.9219286680221558, "seconds": 11.148784395001712, "official_fused": {"mAP": 48.60974348388804, "Rank-1": 65.3130292892456, "Rank-5": 79.86463904380798, "Rank-10": 85.44839024543762}, "best_epoch": 10}
{"event": "epoch", "dataset": "MSVR310", "epoch": 22, "steps": 20, "mean_loss": 0.9237178951501847, "seconds": 11.466225996002322, "official_fused": {"mAP": 48.43632057803561, "Rank-1": 66.15905165672302, "Rank-5": 79.6954333782196, "Rank-10": 85.95600724220276}, "best_epoch": 10}
{"event": "epoch", "dataset": "MSVR310", "epoch": 23, "steps": 20, "mean_loss": 0.9197776317596436, "seconds": 11.330326660987339, "official_fused": {"mAP": 50.21649788340433, "Rank-1": 67.68189668655396, "Rank-5": 81.89509510993958, "Rank-10": 86.80202960968018}, "best_epoch": 10}
{"event": "epoch", "dataset": "MSVR310", "epoch": 24, "steps": 20, "mean_loss": 0.914739015698433, "seconds": 11.507263199993758, "official_fused": {"mAP": 50.49019650034171, "Rank-1": 68.358713388443, "Rank-5": 81.89509510993958, "Rank-10": 87.81725764274597}, "best_epoch": 10}
{"event": "epoch", "dataset": "MSVR310", "epoch": 25, "steps": 20, "mean_loss": 0.9164148092269897, "seconds": 11.394164726996678, "official_fused": {"mAP": 50.18357039389978, "Rank-1": 68.02030205726624, "Rank-5": 82.40270614624023, "Rank-10": 86.46361827850342}, "best_epoch": 10}
{"event": "epoch", "dataset": "MSVR310", "epoch": 26, "steps": 20, "mean_loss": 0.9072260856628418, "seconds": 11.367905712002539, "official_fused": {"mAP": 48.316609140985086, "Rank-1": 65.48223495483398, "Rank-5": 80.20304441452026, "Rank-10": 85.10998487472534}, "best_epoch": 10}
{"event": "epoch", "dataset": "MSVR310", "epoch": 27, "steps": 20, "mean_loss": 0.9037841409444809, "seconds": 11.675814964997699, "official_fused": {"mAP": 47.343665595819694, "Rank-1": 64.63621258735657, "Rank-5": 78.84940505027771, "Rank-10": 84.43316221237183}, "best_epoch": 10}
{"event": "epoch", "dataset": "MSVR310", "epoch": 28, "steps": 20, "mean_loss": 0.9006873786449432, "seconds": 11.221927473990945, "official_fused": {"mAP": 49.18870175550526, "Rank-1": 67.3434853553772, "Rank-5": 80.20304441452026, "Rank-10": 86.80202960968018}, "best_epoch": 10}
{"event": "epoch", "dataset": "MSVR310", "epoch": 29, "steps": 20, "mean_loss": 0.9002268344163895, "seconds": 11.620480098004919, "official_fused": {"mAP": 48.957881704997824, "Rank-1": 65.98984599113464, "Rank-5": 80.03383874893188, "Rank-10": 84.6023678779602}, "best_epoch": 10}
{"event": "epoch", "dataset": "MSVR310", "epoch": 30, "steps": 20, "mean_loss": 0.8988276869058609, "seconds": 11.407685100988601, "official_fused": {"mAP": 49.06063198883207, "Rank-1": 66.49746298789978, "Rank-5": 80.37225008010864, "Rank-10": 84.94077920913696}, "best_epoch": 10}
{"event": "epoch", "dataset": "MSVR310", "epoch": 31, "steps": 20, "mean_loss": 0.8993012189865113, "seconds": 11.322826233998057, "official_fused": {"mAP": 49.380406935697295, "Rank-1": 66.15905165672302, "Rank-5": 81.04906678199768, "Rank-10": 86.29441857337952}, "best_epoch": 10}
{"event": "epoch", "dataset": "MSVR310", "epoch": 32, "steps": 20, "mean_loss": 0.8930226713418961, "seconds": 11.444415107995155, "official_fused": {"mAP": 47.71121232618255, "Rank-1": 64.12859559059143, "Rank-5": 78.84940505027771, "Rank-10": 84.77157354354858}, "best_epoch": 10}
{"event": "epoch", "dataset": "MSVR310", "epoch": 33, "steps": 20, "mean_loss": 0.8928152710199356, "seconds": 11.464125995000359, "official_fused": {"mAP": 48.1591536559041, "Rank-1": 64.80541229248047, "Rank-5": 80.7106614112854, "Rank-10": 86.6328239440918}, "best_epoch": 10}
{"event": "epoch", "dataset": "MSVR310", "epoch": 34, "steps": 20, "mean_loss": 0.8919130474328995, "seconds": 11.430369000998326, "official_fused": {"mAP": 47.81849365267515, "Rank-1": 64.46700692176819, "Rank-5": 79.52622771263123, "Rank-10": 85.10998487472534}, "best_epoch": 10}
{"event": "epoch", "dataset": "MSVR310", "epoch": 35, "steps": 20, "mean_loss": 0.8904611676931381, "seconds": 11.322089227003744, "official_fused": {"mAP": 47.378360832844166, "Rank-1": 64.46700692176819, "Rank-5": 78.68020534515381, "Rank-10": 82.91032314300537}, "best_epoch": 10}
{"event": "epoch", "dataset": "MSVR310", "epoch": 36, "steps": 20, "mean_loss": 0.889002549648285, "seconds": 11.387590712009114, "official_fused": {"mAP": 46.98241064682673, "Rank-1": 64.12859559059143, "Rank-5": 78.84940505027771, "Rank-10": 84.09475684165955}, "best_epoch": 10}
{"event": "epoch", "dataset": "MSVR310", "epoch": 37, "steps": 20, "mean_loss": 0.8866263002157211, "seconds": 11.530599891004385, "official_fused": {"mAP": 48.22920126375228, "Rank-1": 64.80541229248047, "Rank-5": 79.18781638145447, "Rank-10": 84.77157354354858}, "best_epoch": 10}
{"event": "epoch", "dataset": "MSVR310", "epoch": 38, "steps": 20, "mean_loss": 0.889416417479515, "seconds": 11.485599238003488, "official_fused": {"mAP": 47.7790010613513, "Rank-1": 65.14382362365723, "Rank-5": 79.35702204704285, "Rank-10": 84.94077920913696}, "best_epoch": 10}
{"event": "epoch", "dataset": "MSVR310", "epoch": 39, "steps": 20, "mean_loss": 0.888877946138382, "seconds": 11.28056951200415, "official_fused": {"mAP": 47.50767202792729, "Rank-1": 64.12859559059143, "Rank-5": 79.6954333782196, "Rank-10": 84.6023678779602}, "best_epoch": 10}
{"event": "epoch", "dataset": "MSVR310", "epoch": 40, "steps": 20, "mean_loss": 0.8863861739635468, "seconds": 11.253858232012135, "official_fused": {"mAP": 47.43413514414383, "Rank-1": 63.79018425941467, "Rank-5": 79.18781638145447, "Rank-10": 84.26395654678345}, "best_epoch": 10}
{"event": "epoch", "dataset": "MSVR310", "epoch": 41, "steps": 20, "mean_loss": 0.8842253714799881, "seconds": 11.457390358991688, "official_fused": {"mAP": 47.296849833275864, "Rank-1": 64.29780125617981, "Rank-5": 78.17258834838867, "Rank-10": 84.94077920913696}, "best_epoch": 10}
{"event": "epoch", "dataset": "MSVR310", "epoch": 42, "steps": 20, "mean_loss": 0.8829530507326127, "seconds": 11.542821700000786, "official_fused": {"mAP": 47.33871526897023, "Rank-1": 63.282573223114014, "Rank-5": 78.84940505027771, "Rank-10": 84.43316221237183}, "best_epoch": 10}
{"event": "epoch", "dataset": "MSVR310", "epoch": 43, "steps": 20, "mean_loss": 0.8807814508676529, "seconds": 11.261065424012486, "official_fused": {"mAP": 47.268810616761606, "Rank-1": 63.113367557525635, "Rank-5": 79.18781638145447, "Rank-10": 84.77157354354858}, "best_epoch": 10}
{"event": "epoch", "dataset": "MSVR310", "epoch": 44, "steps": 20, "mean_loss": 0.880675595998764, "seconds": 11.437193704012316, "official_fused": {"mAP": 46.766025527918416, "Rank-1": 62.77495622634888, "Rank-5": 78.68020534515381, "Rank-10": 84.09475684165955}, "best_epoch": 10}
{"event": "epoch", "dataset": "MSVR310", "epoch": 45, "steps": 20, "mean_loss": 0.8849060416221619, "seconds": 11.547119502007263, "official_fused": {"mAP": 46.727903967253845, "Rank-1": 62.77495622634888, "Rank-5": 78.68020534515381, "Rank-10": 84.77157354354858}, "best_epoch": 10}
{"event": "epoch", "dataset": "MSVR310", "epoch": 46, "steps": 20, "mean_loss": 0.8835151046514511, "seconds": 11.395795083008124, "official_fused": {"mAP": 46.66842347271655, "Rank-1": 62.77495622634888, "Rank-5": 78.34179401397705, "Rank-10": 84.43316221237183}, "best_epoch": 10}
{"event": "epoch", "dataset": "MSVR310", "epoch": 47, "steps": 20, "mean_loss": 0.8867878198623658, "seconds": 11.544417950994102, "official_fused": {"mAP": 46.68196039992628, "Rank-1": 62.6057505607605, "Rank-5": 78.34179401397705, "Rank-10": 84.26395654678345}, "best_epoch": 10}
{"event": "epoch", "dataset": "MSVR310", "epoch": 48, "steps": 20, "mean_loss": 0.8802599459886551, "seconds": 11.369032789007179, "official_fused": {"mAP": 46.82944744298977, "Rank-1": 62.944161891937256, "Rank-5": 78.51099967956543, "Rank-10": 84.26395654678345}, "best_epoch": 10}
{"event": "epoch", "dataset": "MSVR310", "epoch": 49, "steps": 20, "mean_loss": 0.8834545403718949, "seconds": 11.355667855998036, "official_fused": {"mAP": 46.86549594484832, "Rank-1": 62.944161891937256, "Rank-5": 78.51099967956543, "Rank-10": 84.26395654678345}, "best_epoch": 10}
{"event": "epoch", "dataset": "MSVR310", "epoch": 50, "steps": 20, "mean_loss": 0.8819112479686737, "seconds": 11.268615196997416, "official_fused": {"mAP": 46.88400127841072, "Rank-1": 62.944161891937256, "Rank-5": 78.51099967956543, "Rank-10": 84.26395654678345}, "best_epoch": 10}
