/root/miniconda3/envs/tri_reid/lib/python3.10/site-packages/timm/models/helpers.py:7: FutureWarning: Importing from timm.models.helpers is deprecated, please import via timm.models
  warnings.warn(f"Importing from {__name__} is deprecated, please import via timm.models", FutureWarning)
/root/miniconda3/envs/tri_reid/lib/python3.10/site-packages/timm/models/registry.py:4: FutureWarning: Importing from timm.models.registry is deprecated, please import via timm.models
  warnings.warn(f"Importing from {__name__} is deprecated, please import via timm.models", FutureWarning)
/root/miniconda3/envs/tri_reid/lib/python3.10/site-packages/timm/models/layers/__init__.py:48: FutureWarning: Importing from timm.models.layers is deprecated, please import via timm.layers
  warnings.warn(f"Importing from {__name__} is deprecated, please import via timm.layers", FutureWarning)
建立transformer............
using Transformer_type: ViT-B-16 as a backbone
Resized position embedding: %s to %s torch.Size([197, 768]) torch.Size([129, 768])
Position embedding resize to height:8 width: 16
Successfully load ckpt!
<All keys matched successfully>
Loading pretrained model from CLIP
camera number is : 8
===========Building Signal===========
{"event": "supported_balance_epoch", "endpoint": "control", "fold": 0, "mode": "comparison", "epoch": 1, "optimizer_steps": 13, "learning_rate": 7.000000000000001e-05, "mean_loss": 4.000746892048762, "elapsed_seconds": 43.11850155517459}
{"event": "supported_balance_epoch", "endpoint": "control", "fold": 0, "mode": "comparison", "epoch": 2, "optimizer_steps": 13, "learning_rate": 0.00014000000000000001, "mean_loss": 3.4806710940140944, "elapsed_seconds": 40.44611335545778}
{"event": "supported_balance_epoch", "endpoint": "control", "fold": 0, "mode": "comparison", "epoch": 3, "optimizer_steps": 13, "learning_rate": 0.00020999999999999998, "mean_loss": 2.7774536426250753, "elapsed_seconds": 40.56810606829822}
{"event": "supported_balance_epoch", "endpoint": "control", "fold": 0, "mode": "comparison", "epoch": 4, "optimizer_steps": 13, "learning_rate": 0.00028000000000000003, "mean_loss": 2.124188863314115, "elapsed_seconds": 40.04437116533518}
{"event": "supported_balance_epoch", "endpoint": "control", "fold": 0, "mode": "comparison", "epoch": 5, "optimizer_steps": 13, "learning_rate": 0.00035, "mean_loss": 1.6744512136165912, "elapsed_seconds": 40.56006934866309}
{"event": "supported_balance_epoch", "endpoint": "control", "fold": 0, "mode": "comparison", "epoch": 6, "optimizer_steps": 13, "learning_rate": 0.00035, "mean_loss": 1.4217851712153509, "elapsed_seconds": 120.83442458510399}
{"event": "supported_balance_epoch", "endpoint": "control", "fold": 0, "mode": "comparison", "epoch": 7, "optimizer_steps": 13, "learning_rate": 0.000346175830128416, "mean_loss": 1.2538931094683134, "elapsed_seconds": 162.77540984749794}
{"event": "supported_balance_epoch", "endpoint": "control", "fold": 0, "mode": "comparison", "epoch": 8, "optimizer_steps": 13, "learning_rate": 0.0003348704550874551, "mean_loss": 1.1206156794841473, "elapsed_seconds": 163.34508627466857}
{"event": "supported_balance_epoch", "endpoint": "control", "fold": 0, "mode": "comparison", "epoch": 9, "optimizer_steps": 13, "learning_rate": 0.0003165779740156158, "mean_loss": 0.9971731901168823, "elapsed_seconds": 162.66038007102907}
{"event": "supported_balance_epoch", "endpoint": "control", "fold": 0, "mode": "comparison", "epoch": 10, "optimizer_steps": 13, "learning_rate": 0.0002920978561128002, "mean_loss": 0.935121096097506, "elapsed_seconds": 162.66448495537043}
{"event": "supported_balance_epoch", "endpoint": "control", "fold": 0, "mode": "comparison", "epoch": 11, "optimizer_steps": 13, "learning_rate": 0.0002625, "mean_loss": 0.8955158316172086, "elapsed_seconds": 162.94440314732492}
{"event": "supported_balance_epoch", "endpoint": "control", "fold": 0, "mode": "comparison", "epoch": 12, "optimizer_steps": 13, "learning_rate": 0.0002290779740156158, "mean_loss": 0.8729509711265564, "elapsed_seconds": 162.66274487785995}
{"event": "supported_balance_epoch", "endpoint": "control", "fold": 0, "mode": "comparison", "epoch": 13, "optimizer_steps": 13, "learning_rate": 0.00019329248107183937, "mean_loss": 0.8429828790517954, "elapsed_seconds": 162.47653841227293}
{"event": "supported_balance_epoch", "endpoint": "control", "fold": 0, "mode": "comparison", "epoch": 14, "optimizer_steps": 13, "learning_rate": 0.00015670751892816066, "mean_loss": 0.8241893786650437, "elapsed_seconds": 155.36932475306094}
{"event": "supported_balance_epoch", "endpoint": "control", "fold": 0, "mode": "comparison", "epoch": 15, "optimizer_steps": 13, "learning_rate": 0.00012092202598438422, "mean_loss": 0.8068961363572341, "elapsed_seconds": 162.62585982866585}
{"event": "supported_balance_epoch", "endpoint": "control", "fold": 0, "mode": "comparison", "epoch": 16, "optimizer_steps": 13, "learning_rate": 8.750000000000004e-05, "mean_loss": 0.8047628219311054, "elapsed_seconds": 162.8154667839408}
{"event": "supported_balance_epoch", "endpoint": "control", "fold": 0, "mode": "comparison", "epoch": 17, "optimizer_steps": 13, "learning_rate": 5.7902143887199866e-05, "mean_loss": 0.8030304175156814, "elapsed_seconds": 161.74752279557288}
{"event": "supported_balance_epoch", "endpoint": "control", "fold": 0, "mode": "comparison", "epoch": 18, "optimizer_steps": 13, "learning_rate": 3.342202598438421e-05, "mean_loss": 0.7835816557590778, "elapsed_seconds": 162.76877460815012}
{"event": "supported_balance_epoch", "endpoint": "control", "fold": 0, "mode": "comparison", "epoch": 19, "optimizer_steps": 13, "learning_rate": 1.5129544912544829e-05, "mean_loss": 0.7846631820385273, "elapsed_seconds": 162.5924834329635}
{"event": "supported_balance_epoch", "endpoint": "control", "fold": 0, "mode": "comparison", "epoch": 20, "optimizer_steps": 13, "learning_rate": 3.824169871584004e-06, "mean_loss": 0.779148165996258, "elapsed_seconds": 162.38673548400402}
建立transformer............
using Transformer_type: ViT-B-16 as a backbone
Resized position embedding: %s to %s torch.Size([197, 768]) torch.Size([129, 768])
Position embedding resize to height:8 width: 16
Successfully load ckpt!
<All keys matched successfully>
Loading pretrained model from CLIP
camera number is : 8
===========Building Signal===========
建立transformer............
using Transformer_type: ViT-B-16 as a backbone
Resized position embedding: %s to %s torch.Size([197, 768]) torch.Size([129, 768])
Position embedding resize to height:8 width: 16
Successfully load ckpt!
<All keys matched successfully>
Loading pretrained model from CLIP
camera number is : 8
===========Building Signal===========
{"event": "supported_balance_epoch", "endpoint": "balanced", "fold": 0, "mode": "comparison", "epoch": 1, "optimizer_steps": 13, "learning_rate": 7.000000000000001e-05, "mean_loss": 4.000779353655302, "elapsed_seconds": 38.534012923017144}
{"event": "supported_balance_epoch", "endpoint": "balanced", "fold": 0, "mode": "comparison", "epoch": 2, "optimizer_steps": 13, "learning_rate": 0.00014000000000000001, "mean_loss": 3.4806806307572584, "elapsed_seconds": 38.69601143524051}
{"event": "supported_balance_epoch", "endpoint": "balanced", "fold": 0, "mode": "comparison", "epoch": 3, "optimizer_steps": 13, "learning_rate": 0.00020999999999999998, "mean_loss": 2.777419768846952, "elapsed_seconds": 38.528898410499096}
{"event": "supported_balance_epoch", "endpoint": "balanced", "fold": 0, "mode": "comparison", "epoch": 4, "optimizer_steps": 13, "learning_rate": 0.00028000000000000003, "mean_loss": 2.124064720593966, "elapsed_seconds": 38.392486825585365}
{"event": "supported_balance_epoch", "endpoint": "balanced", "fold": 0, "mode": "comparison", "epoch": 5, "optimizer_steps": 13, "learning_rate": 0.00035, "mean_loss": 1.6743337832964384, "elapsed_seconds": 38.73865141347051}
{"event": "supported_balance_epoch", "endpoint": "balanced", "fold": 0, "mode": "comparison", "epoch": 6, "optimizer_steps": 13, "learning_rate": 0.00035, "mean_loss": 1.4188478451508741, "elapsed_seconds": 119.21540743485093}
{"event": "supported_balance_epoch", "endpoint": "balanced", "fold": 0, "mode": "comparison", "epoch": 7, "optimizer_steps": 13, "learning_rate": 0.000346175830128416, "mean_loss": 1.2597706134502704, "elapsed_seconds": 162.04640275985003}
{"event": "supported_balance_epoch", "endpoint": "balanced", "fold": 0, "mode": "comparison", "epoch": 8, "optimizer_steps": 13, "learning_rate": 0.0003348704550874551, "mean_loss": 1.1265075344305773, "elapsed_seconds": 162.16580176353455}
{"event": "supported_balance_epoch", "endpoint": "balanced", "fold": 0, "mode": "comparison", "epoch": 9, "optimizer_steps": 13, "learning_rate": 0.0003165779740156158, "mean_loss": 1.0010353601895845, "elapsed_seconds": 161.62456571124494}
{"event": "supported_balance_epoch", "endpoint": "balanced", "fold": 0, "mode": "comparison", "epoch": 10, "optimizer_steps": 13, "learning_rate": 0.0002920978561128002, "mean_loss": 0.938202257339771, "elapsed_seconds": 161.4791453666985}
{"event": "supported_balance_epoch", "endpoint": "balanced", "fold": 0, "mode": "comparison", "epoch": 11, "optimizer_steps": 13, "learning_rate": 0.0002625, "mean_loss": 0.8981470373960642, "elapsed_seconds": 161.89904836937785}
{"event": "supported_balance_epoch", "endpoint": "balanced", "fold": 0, "mode": "comparison", "epoch": 12, "optimizer_steps": 13, "learning_rate": 0.0002290779740156158, "mean_loss": 0.8775604275556711, "elapsed_seconds": 161.790599020198}
{"event": "supported_balance_epoch", "endpoint": "balanced", "fold": 0, "mode": "comparison", "epoch": 13, "optimizer_steps": 13, "learning_rate": 0.00019329248107183937, "mean_loss": 0.8452725639710059, "elapsed_seconds": 161.57106965593994}
{"event": "supported_balance_epoch", "endpoint": "balanced", "fold": 0, "mode": "comparison", "epoch": 14, "optimizer_steps": 13, "learning_rate": 0.00015670751892816066, "mean_loss": 0.8280256207172687, "elapsed_seconds": 154.53665870055556}
{"event": "supported_balance_epoch", "endpoint": "balanced", "fold": 0, "mode": "comparison", "epoch": 15, "optimizer_steps": 13, "learning_rate": 0.00012092202598438422, "mean_loss": 0.8098823657402625, "elapsed_seconds": 161.59155046381056}
{"event": "supported_balance_epoch", "endpoint": "balanced", "fold": 0, "mode": "comparison", "epoch": 16, "optimizer_steps": 13, "learning_rate": 8.750000000000004e-05, "mean_loss": 0.8087952412091769, "elapsed_seconds": 161.71987154893577}
{"event": "supported_balance_epoch", "endpoint": "balanced", "fold": 0, "mode": "comparison", "epoch": 17, "optimizer_steps": 13, "learning_rate": 5.7902143887199866e-05, "mean_loss": 0.806780035679157, "elapsed_seconds": 161.37562178820372}
{"event": "supported_balance_epoch", "endpoint": "balanced", "fold": 0, "mode": "comparison", "epoch": 18, "optimizer_steps": 13, "learning_rate": 3.342202598438421e-05, "mean_loss": 0.7872990278097299, "elapsed_seconds": 161.93735890462995}
{"event": "supported_balance_epoch", "endpoint": "balanced", "fold": 0, "mode": "comparison", "epoch": 19, "optimizer_steps": 13, "learning_rate": 1.5129544912544829e-05, "mean_loss": 0.7890816239210275, "elapsed_seconds": 161.9877606332302}
{"event": "supported_balance_epoch", "endpoint": "balanced", "fold": 0, "mode": "comparison", "epoch": 20, "optimizer_steps": 13, "learning_rate": 3.824169871584004e-06, "mean_loss": 0.782797212784107, "elapsed_seconds": 161.65366379730403}
建立transformer............
using Transformer_type: ViT-B-16 as a backbone
Resized position embedding: %s to %s torch.Size([197, 768]) torch.Size([129, 768])
Position embedding resize to height:8 width: 16
Successfully load ckpt!
<All keys matched successfully>
Loading pretrained model from CLIP
camera number is : 8
===========Building Signal===========
建立transformer............
using Transformer_type: ViT-B-16 as a backbone
Resized position embedding: %s to %s torch.Size([197, 768]) torch.Size([129, 768])
Position embedding resize to height:8 width: 16
Successfully load ckpt!
<All keys matched successfully>
Loading pretrained model from CLIP
camera number is : 8
===========Building Signal===========
{"event": "supported_balance_epoch", "endpoint": "control", "fold": 1, "mode": "comparison", "epoch": 1, "optimizer_steps": 13, "learning_rate": 7.000000000000001e-05, "mean_loss": 4.045386754549467, "elapsed_seconds": 38.41353878751397}
{"event": "supported_balance_epoch", "endpoint": "control", "fold": 1, "mode": "comparison", "epoch": 2, "optimizer_steps": 13, "learning_rate": 0.00014000000000000001, "mean_loss": 3.527782311806312, "elapsed_seconds": 38.25477224774659}
{"event": "supported_balance_epoch", "endpoint": "control", "fold": 1, "mode": "comparison", "epoch": 3, "optimizer_steps": 13, "learning_rate": 0.00020999999999999998, "mean_loss": 2.824705270620493, "elapsed_seconds": 38.174756767228246}
{"event": "supported_balance_epoch", "endpoint": "control", "fold": 1, "mode": "comparison", "epoch": 4, "optimizer_steps": 13, "learning_rate": 0.00028000000000000003, "mean_loss": 2.202199945083031, "elapsed_seconds": 38.662795316427946}
{"event": "supported_balance_epoch", "endpoint": "control", "fold": 1, "mode": "comparison", "epoch": 5, "optimizer_steps": 13, "learning_rate": 0.00035, "mean_loss": 1.7011038248355572, "elapsed_seconds": 38.08481488376856}
{"event": "supported_balance_epoch", "endpoint": "control", "fold": 1, "mode": "comparison", "epoch": 6, "optimizer_steps": 13, "learning_rate": 0.00035, "mean_loss": 1.4823483412082379, "elapsed_seconds": 119.03983380272985}
{"event": "supported_balance_epoch", "endpoint": "control", "fold": 1, "mode": "comparison", "epoch": 7, "optimizer_steps": 13, "learning_rate": 0.000346175830128416, "mean_loss": 1.3329092080776508, "elapsed_seconds": 161.5448534619063}
{"event": "supported_balance_epoch", "endpoint": "control", "fold": 1, "mode": "comparison", "epoch": 8, "optimizer_steps": 13, "learning_rate": 0.0003348704550874551, "mean_loss": 1.1603122399403498, "elapsed_seconds": 161.51940068602562}
{"event": "supported_balance_epoch", "endpoint": "control", "fold": 1, "mode": "comparison", "epoch": 9, "optimizer_steps": 13, "learning_rate": 0.0003165779740156158, "mean_loss": 1.0886847835320692, "elapsed_seconds": 161.84565488994122}
{"event": "supported_balance_epoch", "endpoint": "control", "fold": 1, "mode": "comparison", "epoch": 10, "optimizer_steps": 13, "learning_rate": 0.0002920978561128002, "mean_loss": 0.9777031403321487, "elapsed_seconds": 161.5074876267463}
{"event": "supported_balance_epoch", "endpoint": "control", "fold": 1, "mode": "comparison", "epoch": 11, "optimizer_steps": 13, "learning_rate": 0.0002625, "mean_loss": 0.9584475205494807, "elapsed_seconds": 161.570772504434}
{"event": "supported_balance_epoch", "endpoint": "control", "fold": 1, "mode": "comparison", "epoch": 12, "optimizer_steps": 13, "learning_rate": 0.0002290779740156158, "mean_loss": 0.8860818010110122, "elapsed_seconds": 161.56097372062504}
{"event": "supported_balance_epoch", "endpoint": "control", "fold": 1, "mode": "comparison", "epoch": 13, "optimizer_steps": 13, "learning_rate": 0.00019329248107183937, "mean_loss": 0.8657698631286621, "elapsed_seconds": 161.43305938877165}
{"event": "supported_balance_epoch", "endpoint": "control", "fold": 1, "mode": "comparison", "epoch": 14, "optimizer_steps": 13, "learning_rate": 0.00015670751892816066, "mean_loss": 0.8364605857775762, "elapsed_seconds": 161.57676631771028}
{"event": "supported_balance_epoch", "endpoint": "control", "fold": 1, "mode": "comparison", "epoch": 15, "optimizer_steps": 13, "learning_rate": 0.00012092202598438422, "mean_loss": 0.8423230418792138, "elapsed_seconds": 161.75035181455314}
{"event": "supported_balance_epoch", "endpoint": "control", "fold": 1, "mode": "comparison", "epoch": 16, "optimizer_steps": 13, "learning_rate": 8.750000000000004e-05, "mean_loss": 0.8317651519408593, "elapsed_seconds": 161.73009347356856}
{"event": "supported_balance_epoch", "endpoint": "control", "fold": 1, "mode": "comparison", "epoch": 17, "optimizer_steps": 13, "learning_rate": 5.7902143887199866e-05, "mean_loss": 0.807077563725985, "elapsed_seconds": 154.7244083210826}
{"event": "supported_balance_epoch", "endpoint": "control", "fold": 1, "mode": "comparison", "epoch": 18, "optimizer_steps": 13, "learning_rate": 3.342202598438421e-05, "mean_loss": 0.8079054905818059, "elapsed_seconds": 161.4503036402166}
{"event": "supported_balance_epoch", "endpoint": "control", "fold": 1, "mode": "comparison", "epoch": 19, "optimizer_steps": 13, "learning_rate": 1.5129544912544829e-05, "mean_loss": 0.805812248816857, "elapsed_seconds": 161.3625834658742}
{"event": "supported_balance_epoch", "endpoint": "control", "fold": 1, "mode": "comparison", "epoch": 20, "optimizer_steps": 13, "learning_rate": 3.824169871584004e-06, "mean_loss": 0.8111024957436782, "elapsed_seconds": 161.52235882356763}
建立transformer............
using Transformer_type: ViT-B-16 as a backbone
Resized position embedding: %s to %s torch.Size([197, 768]) torch.Size([129, 768])
Position embedding resize to height:8 width: 16
Successfully load ckpt!
<All keys matched successfully>
Loading pretrained model from CLIP
camera number is : 8
===========Building Signal===========
建立transformer............
using Transformer_type: ViT-B-16 as a backbone
Resized position embedding: %s to %s torch.Size([197, 768]) torch.Size([129, 768])
Position embedding resize to height:8 width: 16
Successfully load ckpt!
<All keys matched successfully>
Loading pretrained model from CLIP
camera number is : 8
===========Building Signal===========
{"event": "supported_balance_epoch", "endpoint": "balanced", "fold": 1, "mode": "comparison", "epoch": 1, "optimizer_steps": 13, "learning_rate": 7.000000000000001e-05, "mean_loss": 4.045438399681678, "elapsed_seconds": 38.63202874176204}
{"event": "supported_balance_epoch", "endpoint": "balanced", "fold": 1, "mode": "comparison", "epoch": 2, "optimizer_steps": 13, "learning_rate": 0.00014000000000000001, "mean_loss": 3.5276688245626597, "elapsed_seconds": 38.52588642761111}
{"event": "supported_balance_epoch", "endpoint": "balanced", "fold": 1, "mode": "comparison", "epoch": 3, "optimizer_steps": 13, "learning_rate": 0.00020999999999999998, "mean_loss": 2.824659585952759, "elapsed_seconds": 39.24170026369393}
{"event": "supported_balance_epoch", "endpoint": "balanced", "fold": 1, "mode": "comparison", "epoch": 4, "optimizer_steps": 13, "learning_rate": 0.00028000000000000003, "mean_loss": 2.202021837234497, "elapsed_seconds": 38.52998382411897}
{"event": "supported_balance_epoch", "endpoint": "balanced", "fold": 1, "mode": "comparison", "epoch": 5, "optimizer_steps": 13, "learning_rate": 0.00035, "mean_loss": 1.7011740115972667, "elapsed_seconds": 37.946231642737985}
{"event": "supported_balance_epoch", "endpoint": "balanced", "fold": 1, "mode": "comparison", "epoch": 6, "optimizer_steps": 13, "learning_rate": 0.00035, "mean_loss": 1.4830509974406316, "elapsed_seconds": 118.89872925914824}
{"event": "supported_balance_epoch", "endpoint": "balanced", "fold": 1, "mode": "comparison", "epoch": 7, "optimizer_steps": 13, "learning_rate": 0.000346175830128416, "mean_loss": 1.3323235603479238, "elapsed_seconds": 161.2756114602089}
{"event": "supported_balance_epoch", "endpoint": "balanced", "fold": 1, "mode": "comparison", "epoch": 8, "optimizer_steps": 13, "learning_rate": 0.0003348704550874551, "mean_loss": 1.158213156920213, "elapsed_seconds": 161.50604718737304}
{"event": "supported_balance_epoch", "endpoint": "balanced", "fold": 1, "mode": "comparison", "epoch": 9, "optimizer_steps": 13, "learning_rate": 0.0003165779740156158, "mean_loss": 1.087189793586731, "elapsed_seconds": 161.23370548896492}
{"event": "supported_balance_epoch", "endpoint": "balanced", "fold": 1, "mode": "comparison", "epoch": 10, "optimizer_steps": 13, "learning_rate": 0.0002920978561128002, "mean_loss": 0.9762740410291232, "elapsed_seconds": 161.0386795848608}
{"event": "supported_balance_epoch", "endpoint": "balanced", "fold": 1, "mode": "comparison", "epoch": 11, "optimizer_steps": 13, "learning_rate": 0.0002625, "mean_loss": 0.9600579371819129, "elapsed_seconds": 161.36785980686545}
{"event": "supported_balance_epoch", "endpoint": "balanced", "fold": 1, "mode": "comparison", "epoch": 12, "optimizer_steps": 13, "learning_rate": 0.0002290779740156158, "mean_loss": 0.8863915250851557, "elapsed_seconds": 161.37003416195512}
{"event": "supported_balance_epoch", "endpoint": "balanced", "fold": 1, "mode": "comparison", "epoch": 13, "optimizer_steps": 13, "learning_rate": 0.00019329248107183937, "mean_loss": 0.8685693465746366, "elapsed_seconds": 161.26807981915772}
{"event": "supported_balance_epoch", "endpoint": "balanced", "fold": 1, "mode": "comparison", "epoch": 14, "optimizer_steps": 13, "learning_rate": 0.00015670751892816066, "mean_loss": 0.8380874762168298, "elapsed_seconds": 161.19242529198527}
{"event": "supported_balance_epoch", "endpoint": "balanced", "fold": 1, "mode": "comparison", "epoch": 15, "optimizer_steps": 13, "learning_rate": 0.00012092202598438422, "mean_loss": 0.8448874629460849, "elapsed_seconds": 161.25897188670933}
{"event": "supported_balance_epoch", "endpoint": "balanced", "fold": 1, "mode": "comparison", "epoch": 16, "optimizer_steps": 13, "learning_rate": 8.750000000000004e-05, "mean_loss": 0.833314088674692, "elapsed_seconds": 161.28864354267716}
{"event": "supported_balance_epoch", "endpoint": "balanced", "fold": 1, "mode": "comparison", "epoch": 17, "optimizer_steps": 13, "learning_rate": 5.7902143887199866e-05, "mean_loss": 0.8091446711466863, "elapsed_seconds": 154.02647388726473}
{"event": "supported_balance_epoch", "endpoint": "balanced", "fold": 1, "mode": "comparison", "epoch": 18, "optimizer_steps": 13, "learning_rate": 3.342202598438421e-05, "mean_loss": 0.8095134955186111, "elapsed_seconds": 160.86225507035851}
{"event": "supported_balance_epoch", "endpoint": "balanced", "fold": 1, "mode": "comparison", "epoch": 19, "optimizer_steps": 13, "learning_rate": 1.5129544912544829e-05, "mean_loss": 0.8077342647772568, "elapsed_seconds": 161.08527023904026}
{"event": "supported_balance_epoch", "endpoint": "balanced", "fold": 1, "mode": "comparison", "epoch": 20, "optimizer_steps": 13, "learning_rate": 3.824169871584004e-06, "mean_loss": 0.8141139195515559, "elapsed_seconds": 161.43321069516242}
建立transformer............
using Transformer_type: ViT-B-16 as a backbone
Resized position embedding: %s to %s torch.Size([197, 768]) torch.Size([129, 768])
Position embedding resize to height:8 width: 16
Successfully load ckpt!
<All keys matched successfully>
Loading pretrained model from CLIP
camera number is : 8
===========Building Signal===========
建立transformer............
using Transformer_type: ViT-B-16 as a backbone
Resized position embedding: %s to %s torch.Size([197, 768]) torch.Size([129, 768])
Position embedding resize to height:8 width: 16
Successfully load ckpt!
<All keys matched successfully>
Loading pretrained model from CLIP
camera number is : 8
===========Building Signal===========
{"event": "supported_balance_epoch", "endpoint": "control", "fold": 2, "mode": "comparison", "epoch": 1, "optimizer_steps": 13, "learning_rate": 7.000000000000001e-05, "mean_loss": 4.056970211175772, "elapsed_seconds": 39.045936949551105}
{"event": "supported_balance_epoch", "endpoint": "control", "fold": 2, "mode": "comparison", "epoch": 2, "optimizer_steps": 13, "learning_rate": 0.00014000000000000001, "mean_loss": 3.553510592533992, "elapsed_seconds": 38.35207425802946}
{"event": "supported_balance_epoch", "endpoint": "control", "fold": 2, "mode": "comparison", "epoch": 3, "optimizer_steps": 13, "learning_rate": 0.00020999999999999998, "mean_loss": 2.8410355677971473, "elapsed_seconds": 38.21910263039172}
{"event": "supported_balance_epoch", "endpoint": "control", "fold": 2, "mode": "comparison", "epoch": 4, "optimizer_steps": 13, "learning_rate": 0.00028000000000000003, "mean_loss": 2.11033073755411, "elapsed_seconds": 38.51726925559342}
{"event": "supported_balance_epoch", "endpoint": "control", "fold": 2, "mode": "comparison", "epoch": 5, "optimizer_steps": 13, "learning_rate": 0.00035, "mean_loss": 1.7406962926571186, "elapsed_seconds": 38.22191343642771}
{"event": "supported_balance_epoch", "endpoint": "control", "fold": 2, "mode": "comparison", "epoch": 6, "optimizer_steps": 13, "learning_rate": 0.00035, "mean_loss": 1.5022314970309918, "elapsed_seconds": 119.93477386422455}
{"event": "supported_balance_epoch", "endpoint": "control", "fold": 2, "mode": "comparison", "epoch": 7, "optimizer_steps": 13, "learning_rate": 0.000346175830128416, "mean_loss": 1.3223751324873705, "elapsed_seconds": 161.85769425146282}
{"event": "supported_balance_epoch", "endpoint": "control", "fold": 2, "mode": "comparison", "epoch": 8, "optimizer_steps": 13, "learning_rate": 0.0003348704550874551, "mean_loss": 1.1563706489709706, "elapsed_seconds": 161.76116907596588}
{"event": "supported_balance_epoch", "endpoint": "control", "fold": 2, "mode": "comparison", "epoch": 9, "optimizer_steps": 13, "learning_rate": 0.0003165779740156158, "mean_loss": 1.0665481365644014, "elapsed_seconds": 161.5699969176203}
{"event": "supported_balance_epoch", "endpoint": "control", "fold": 2, "mode": "comparison", "epoch": 10, "optimizer_steps": 13, "learning_rate": 0.0002920978561128002, "mean_loss": 0.9706042867440444, "elapsed_seconds": 160.821912355721}
{"event": "supported_balance_epoch", "endpoint": "control", "fold": 2, "mode": "comparison", "epoch": 11, "optimizer_steps": 13, "learning_rate": 0.0002625, "mean_loss": 0.9302115577917832, "elapsed_seconds": 155.80035049282014}
{"event": "supported_balance_epoch", "endpoint": "control", "fold": 2, "mode": "comparison", "epoch": 12, "optimizer_steps": 13, "learning_rate": 0.0002290779740156158, "mean_loss": 0.8758021317995511, "elapsed_seconds": 164.14451314508915}
{"event": "supported_balance_epoch", "endpoint": "control", "fold": 2, "mode": "comparison", "epoch": 13, "optimizer_steps": 13, "learning_rate": 0.00019329248107183937, "mean_loss": 0.8486649944232061, "elapsed_seconds": 163.12149217538536}
{"event": "supported_balance_epoch", "endpoint": "control", "fold": 2, "mode": "comparison", "epoch": 14, "optimizer_steps": 13, "learning_rate": 0.00015670751892816066, "mean_loss": 0.876123662178333, "elapsed_seconds": 162.8840032722801}
{"event": "supported_balance_epoch", "endpoint": "control", "fold": 2, "mode": "comparison", "epoch": 15, "optimizer_steps": 13, "learning_rate": 0.00012092202598438422, "mean_loss": 0.8409863939652076, "elapsed_seconds": 162.48816313035786}
{"event": "supported_balance_epoch", "endpoint": "control", "fold": 2, "mode": "comparison", "epoch": 16, "optimizer_steps": 13, "learning_rate": 8.750000000000004e-05, "mean_loss": 0.8045249168689435, "elapsed_seconds": 162.0464684497565}
{"event": "supported_balance_epoch", "endpoint": "control", "fold": 2, "mode": "comparison", "epoch": 17, "optimizer_steps": 13, "learning_rate": 5.7902143887199866e-05, "mean_loss": 0.8178064548052274, "elapsed_seconds": 162.58438663370907}
{"event": "supported_balance_epoch", "endpoint": "control", "fold": 2, "mode": "comparison", "epoch": 18, "optimizer_steps": 13, "learning_rate": 3.342202598438421e-05, "mean_loss": 0.7965099444756141, "elapsed_seconds": 155.53279946371913}
{"event": "supported_balance_epoch", "endpoint": "control", "fold": 2, "mode": "comparison", "epoch": 19, "optimizer_steps": 13, "learning_rate": 1.5129544912544829e-05, "mean_loss": 0.8159715808354892, "elapsed_seconds": 162.837737897411}
{"event": "supported_balance_epoch", "endpoint": "control", "fold": 2, "mode": "comparison", "epoch": 20, "optimizer_steps": 13, "learning_rate": 3.824169871584004e-06, "mean_loss": 0.7983640661606421, "elapsed_seconds": 162.6717375125736}
建立transformer............
using Transformer_type: ViT-B-16 as a backbone
Resized position embedding: %s to %s torch.Size([197, 768]) torch.Size([129, 768])
Position embedding resize to height:8 width: 16
Successfully load ckpt!
<All keys matched successfully>
Loading pretrained model from CLIP
camera number is : 8
===========Building Signal===========
建立transformer............
using Transformer_type: ViT-B-16 as a backbone
Resized position embedding: %s to %s torch.Size([197, 768]) torch.Size([129, 768])
Position embedding resize to height:8 width: 16
Successfully load ckpt!
<All keys matched successfully>
Loading pretrained model from CLIP
camera number is : 8
===========Building Signal===========
{"event": "supported_balance_epoch", "endpoint": "balanced", "fold": 2, "mode": "comparison", "epoch": 1, "optimizer_steps": 13, "learning_rate": 7.000000000000001e-05, "mean_loss": 4.056993686235868, "elapsed_seconds": 39.66956800222397}
{"event": "supported_balance_epoch", "endpoint": "balanced", "fold": 2, "mode": "comparison", "epoch": 2, "optimizer_steps": 13, "learning_rate": 0.00014000000000000001, "mean_loss": 3.5534816338465762, "elapsed_seconds": 39.27031887881458}
{"event": "supported_balance_epoch", "endpoint": "balanced", "fold": 2, "mode": "comparison", "epoch": 3, "optimizer_steps": 13, "learning_rate": 0.00020999999999999998, "mean_loss": 2.8410241237053504, "elapsed_seconds": 39.19205513782799}
{"event": "supported_balance_epoch", "endpoint": "balanced", "fold": 2, "mode": "comparison", "epoch": 4, "optimizer_steps": 13, "learning_rate": 0.00028000000000000003, "mean_loss": 2.1101237627176137, "elapsed_seconds": 39.21828301437199}
{"event": "supported_balance_epoch", "endpoint": "balanced", "fold": 2, "mode": "comparison", "epoch": 5, "optimizer_steps": 13, "learning_rate": 0.00035, "mean_loss": 1.740564960699815, "elapsed_seconds": 39.36633928306401}
{"event": "supported_balance_epoch", "endpoint": "balanced", "fold": 2, "mode": "comparison", "epoch": 6, "optimizer_steps": 13, "learning_rate": 0.00035, "mean_loss": 1.5035458894876332, "elapsed_seconds": 120.612787168473}
{"event": "supported_balance_epoch", "endpoint": "balanced", "fold": 2, "mode": "comparison", "epoch": 7, "optimizer_steps": 13, "learning_rate": 0.000346175830128416, "mean_loss": 1.3238697143701406, "elapsed_seconds": 162.41682279109955}
{"event": "supported_balance_epoch", "endpoint": "balanced", "fold": 2, "mode": "comparison", "epoch": 8, "optimizer_steps": 13, "learning_rate": 0.0003348704550874551, "mean_loss": 1.1564099009220417, "elapsed_seconds": 162.472858607769}
{"event": "supported_balance_epoch", "endpoint": "balanced", "fold": 2, "mode": "comparison", "epoch": 9, "optimizer_steps": 13, "learning_rate": 0.0003165779740156158, "mean_loss": 1.067669914318965, "elapsed_seconds": 162.707236379385}
{"event": "supported_balance_epoch", "endpoint": "balanced", "fold": 2, "mode": "comparison", "epoch": 10, "optimizer_steps": 13, "learning_rate": 0.0002920978561128002, "mean_loss": 0.9722224336404067, "elapsed_seconds": 162.92244686558843}
{"event": "supported_balance_epoch", "endpoint": "balanced", "fold": 2, "mode": "comparison", "epoch": 11, "optimizer_steps": 13, "learning_rate": 0.0002625, "mean_loss": 0.931405402146853, "elapsed_seconds": 155.6253832951188}
{"event": "supported_balance_epoch", "endpoint": "balanced", "fold": 2, "mode": "comparison", "epoch": 12, "optimizer_steps": 13, "learning_rate": 0.0002290779740156158, "mean_loss": 0.8777118141834552, "elapsed_seconds": 162.51254557818174}
{"event": "supported_balance_epoch", "endpoint": "balanced", "fold": 2, "mode": "comparison", "epoch": 13, "optimizer_steps": 13, "learning_rate": 0.00019329248107183937, "mean_loss": 0.8515043533765353, "elapsed_seconds": 162.31147752515972}
{"event": "supported_balance_epoch", "endpoint": "balanced", "fold": 2, "mode": "comparison", "epoch": 14, "optimizer_steps": 13, "learning_rate": 0.00015670751892816066, "mean_loss": 0.8764458115284259, "elapsed_seconds": 163.09385011531413}
{"event": "supported_balance_epoch", "endpoint": "balanced", "fold": 2, "mode": "comparison", "epoch": 15, "optimizer_steps": 13, "learning_rate": 0.00012092202598438422, "mean_loss": 0.8427745562333328, "elapsed_seconds": 162.65487041510642}
{"event": "supported_balance_epoch", "endpoint": "balanced", "fold": 2, "mode": "comparison", "epoch": 16, "optimizer_steps": 13, "learning_rate": 8.750000000000004e-05, "mean_loss": 0.8067659643980173, "elapsed_seconds": 162.4995227213949}
{"event": "supported_balance_epoch", "endpoint": "balanced", "fold": 2, "mode": "comparison", "epoch": 17, "optimizer_steps": 13, "learning_rate": 5.7902143887199866e-05, "mean_loss": 0.8191628410265996, "elapsed_seconds": 163.07214783504605}
{"event": "supported_balance_epoch", "endpoint": "balanced", "fold": 2, "mode": "comparison", "epoch": 18, "optimizer_steps": 13, "learning_rate": 3.342202598438421e-05, "mean_loss": 0.7986587148446304, "elapsed_seconds": 155.64535485580564}
{"event": "supported_balance_epoch", "endpoint": "balanced", "fold": 2, "mode": "comparison", "epoch": 19, "optimizer_steps": 13, "learning_rate": 1.5129544912544829e-05, "mean_loss": 0.8184118683521564, "elapsed_seconds": 162.7133590374142}
{"event": "supported_balance_epoch", "endpoint": "balanced", "fold": 2, "mode": "comparison", "epoch": 20, "optimizer_steps": 13, "learning_rate": 3.824169871584004e-06, "mean_loss": 0.8012251487145057, "elapsed_seconds": 162.4876312687993}
建立transformer............
using Transformer_type: ViT-B-16 as a backbone
Resized position embedding: %s to %s torch.Size([197, 768]) torch.Size([129, 768])
Position embedding resize to height:8 width: 16
Successfully load ckpt!
<All keys matched successfully>
Loading pretrained model from CLIP
camera number is : 8
===========Building Signal===========
