/data/gaob/Re-ID/conda-envs/tri_reid/lib/python3.10/site-packages/timm/models/helpers.py:7: FutureWarning: Importing from timm.models.helpers is deprecated, please import via timm.models
  warnings.warn(f"Importing from {__name__} is deprecated, please import via timm.models", FutureWarning)
/data/gaob/Re-ID/conda-envs/tri_reid/lib/python3.10/site-packages/timm/models/registry.py:4: FutureWarning: Importing from timm.models.registry is deprecated, please import via timm.models
  warnings.warn(f"Importing from {__name__} is deprecated, please import via timm.models", FutureWarning)
/data/gaob/Re-ID/conda-envs/tri_reid/lib/python3.10/site-packages/timm/models/layers/__init__.py:48: FutureWarning: Importing from timm.models.layers is deprecated, please import via timm.layers
  warnings.warn(f"Importing from {__name__} is deprecated, please import via timm.layers", FutureWarning)
建立transformer............
using Transformer_type: ViT-B-16 as a backbone
Resized position embedding: %s to %s torch.Size([197, 768]) torch.Size([129, 768])
Position embedding resize to height:16 width: 8
Successfully load ckpt!
<All keys matched successfully>
Loading pretrained model from CLIP
camera number is : 4
===========Building Signal===========
{"event": "epoch", "dataset": "RGBNT201", "epoch": 1, "steps": 53, "mean_loss": 5.002587633312873, "seconds": 23.12759242003085, "official_fused": {"mAP": 72.04960543126396, "Rank-1": 73.32535982131958, "Rank-5": 82.8947365283966, "Rank-10": 87.91866302490234}, "best_epoch": 1}
{"event": "epoch", "dataset": "RGBNT201", "epoch": 2, "steps": 53, "mean_loss": 4.165337211680862, "seconds": 21.031333456048742, "official_fused": {"mAP": 72.53354683816251, "Rank-1": 73.9234447479248, "Rank-5": 82.65550136566162, "Rank-10": 87.91866302490234}, "best_epoch": 2}
{"event": "epoch", "dataset": "RGBNT201", "epoch": 3, "steps": 53, "mean_loss": 2.8206844914634273, "seconds": 21.331025930994656, "official_fused": {"mAP": 70.93165499721265, "Rank-1": 71.65071964263916, "Rank-5": 80.14354109764099, "Rank-10": 85.8851671218872}, "best_epoch": 2}
{"event": "epoch", "dataset": "RGBNT201", "epoch": 4, "steps": 53, "mean_loss": 1.6238580492307555, "seconds": 21.56070876197191, "official_fused": {"mAP": 71.04535337160239, "Rank-1": 71.41148447990417, "Rank-5": 80.14354109764099, "Rank-10": 85.52631735801697}, "best_epoch": 2}
{"event": "epoch", "dataset": "RGBNT201", "epoch": 5, "steps": 53, "mean_loss": 1.0887362507154357, "seconds": 21.25844516197685, "official_fused": {"mAP": 69.60849071206587, "Rank-1": 70.095694065094, "Rank-5": 79.0669858455658, "Rank-10": 84.21052694320679}, "best_epoch": 2}
{"event": "epoch", "dataset": "RGBNT201", "epoch": 6, "steps": 53, "mean_loss": 0.9485319571674995, "seconds": 21.12480767100351, "official_fused": {"mAP": 69.26583202675317, "Rank-1": 68.89952421188354, "Rank-5": 78.34928035736084, "Rank-10": 83.49282145500183}, "best_epoch": 2}
{"event": "epoch", "dataset": "RGBNT201", "epoch": 7, "steps": 53, "mean_loss": 0.9182390503163608, "seconds": 21.101125827000942, "official_fused": {"mAP": 67.74707739294902, "Rank-1": 66.74641370773315, "Rank-5": 76.19616985321045, "Rank-10": 82.0574164390564}, "best_epoch": 2}
{"event": "epoch", "dataset": "RGBNT201", "epoch": 8, "steps": 53, "mean_loss": 0.9087456431028977, "seconds": 21.24989229097264, "official_fused": {"mAP": 69.43640779384602, "Rank-1": 68.42105388641357, "Rank-5": 77.63158082962036, "Rank-10": 84.68899726867676}, "best_epoch": 2}
{"event": "epoch", "dataset": "RGBNT201", "epoch": 9, "steps": 53, "mean_loss": 0.9022877081385199, "seconds": 21.10623910499271, "official_fused": {"mAP": 69.81702881437567, "Rank-1": 70.21530866622925, "Rank-5": 78.94737124443054, "Rank-10": 83.73205661773682}, "best_epoch": 2}
{"event": "epoch", "dataset": "RGBNT201", "epoch": 10, "steps": 53, "mean_loss": 0.8999049371143557, "seconds": 21.252361560997088, "official_fused": {"mAP": 69.20118944912468, "Rank-1": 70.57416439056396, "Rank-5": 77.75119543075562, "Rank-10": 83.85167717933655}, "best_epoch": 2}
{"event": "epoch", "dataset": "RGBNT201", "epoch": 11, "steps": 53, "mean_loss": 0.8945066580232585, "seconds": 21.1343121160171, "official_fused": {"mAP": 70.14449579076933, "Rank-1": 70.21530866622925, "Rank-5": 79.0669858455658, "Rank-10": 83.37320685386658}, "best_epoch": 2}
{"event": "epoch", "dataset": "RGBNT201", "epoch": 12, "steps": 53, "mean_loss": 0.8928665957360897, "seconds": 21.08231990999775, "official_fused": {"mAP": 69.93180662356323, "Rank-1": 69.73684430122375, "Rank-5": 78.11004519462585, "Rank-10": 82.77512192726135}, "best_epoch": 2}
{"event": "epoch", "dataset": "RGBNT201", "epoch": 13, "steps": 53, "mean_loss": 0.8904733320452133, "seconds": 21.396659112011548, "official_fused": {"mAP": 69.7101474827469, "Rank-1": 70.45454382896423, "Rank-5": 78.58851552009583, "Rank-10": 83.49282145500183}, "best_epoch": 2}
{"event": "epoch", "dataset": "RGBNT201", "epoch": 14, "steps": 53, "mean_loss": 0.8867771141933944, "seconds": 21.329900783021003, "official_fused": {"mAP": 68.484851015981, "Rank-1": 67.22487807273865, "Rank-5": 75.0, "Rank-10": 80.9808611869812}, "best_epoch": 2}
{"event": "epoch", "dataset": "RGBNT201", "epoch": 15, "steps": 53, "mean_loss": 0.8827533114631221, "seconds": 21.272890232037753, "official_fused": {"mAP": 69.76094557537189, "Rank-1": 69.97607946395874, "Rank-5": 79.54545617103577, "Rank-10": 84.21052694320679}, "best_epoch": 2}
