/data/gaob/Re-ID/conda-envs/tri_reid/lib/python3.10/site-packages/timm/models/helpers.py:7: FutureWarning: Importing from timm.models.helpers is deprecated, please import via timm.models
  warnings.warn(f"Importing from {__name__} is deprecated, please import via timm.models", FutureWarning)
/data/gaob/Re-ID/conda-envs/tri_reid/lib/python3.10/site-packages/timm/models/registry.py:4: FutureWarning: Importing from timm.models.registry is deprecated, please import via timm.models
  warnings.warn(f"Importing from {__name__} is deprecated, please import via timm.models", FutureWarning)
/data/gaob/Re-ID/conda-envs/tri_reid/lib/python3.10/site-packages/timm/models/layers/__init__.py:48: FutureWarning: Importing from timm.models.layers is deprecated, please import via timm.layers
  warnings.warn(f"Importing from {__name__} is deprecated, please import via timm.layers", FutureWarning)
建立transformer............
using Transformer_type: ViT-B-16 as a backbone
Resized position embedding: %s to %s torch.Size([197, 768]) torch.Size([129, 768])
Position embedding resize to height:8 width: 16
Successfully load ckpt!
<All keys matched successfully>
Loading pretrained model from CLIP
camera number is : 8
===========Building Signal===========
{"event": "epoch", "dataset": "RGBNT100", "epoch": 1, "steps": 130, "mean_loss": 2.5177168855300316, "seconds": 51.46556407600292, "official_fused": {"mAP": 85.10006074029585, "Rank-1": 95.10204195976257, "Rank-5": 95.68513035774231, "Rank-10": 96.03498578071594}, "best_epoch": 1}
{"event": "epoch", "dataset": "RGBNT100", "epoch": 2, "steps": 131, "mean_loss": 0.8849549225268473, "seconds": 50.455947100999765, "official_fused": {"mAP": 84.5370488542637, "Rank-1": 95.86005806922913, "Rank-5": 96.67638540267944, "Rank-10": 97.14285731315613}, "best_epoch": 1}
{"event": "epoch", "dataset": "RGBNT100", "epoch": 3, "steps": 132, "mean_loss": 0.7270091731439937, "seconds": 50.78130729800614, "official_fused": {"mAP": 82.34276804671626, "Rank-1": 96.26821875572205, "Rank-5": 96.96792960166931, "Rank-10": 97.14285731315613}, "best_epoch": 1}
{"event": "epoch", "dataset": "RGBNT100", "epoch": 4, "steps": 131, "mean_loss": 0.7172967095411461, "seconds": 50.82529847700789, "official_fused": {"mAP": 81.20180014580576, "Rank-1": 94.34402585029602, "Rank-5": 95.27696967124939, "Rank-10": 95.5102026462555}, "best_epoch": 1}
{"event": "epoch", "dataset": "RGBNT100", "epoch": 5, "steps": 132, "mean_loss": 0.7121158626043436, "seconds": 51.365846583998064, "official_fused": {"mAP": 81.65542992544366, "Rank-1": 94.69387531280518, "Rank-5": 95.68513035774231, "Rank-10": 95.80174684524536}, "best_epoch": 1}
{"event": "epoch", "dataset": "RGBNT100", "epoch": 6, "steps": 131, "mean_loss": 0.7105043275665691, "seconds": 50.9155792100064, "official_fused": {"mAP": 82.4194562781705, "Rank-1": 94.63557004928589, "Rank-5": 95.80174684524536, "Rank-10": 96.32652997970581}, "best_epoch": 1}
{"event": "epoch", "dataset": "RGBNT100", "epoch": 7, "steps": 132, "mean_loss": 0.7082795284011147, "seconds": 51.507040711003356, "official_fused": {"mAP": 82.1996008742693, "Rank-1": 94.75218653678894, "Rank-5": 95.21865844726562, "Rank-10": 95.62682509422302}, "best_epoch": 1}
