/data/gaob/Re-ID/conda-envs/tri_reid/lib/python3.10/site-packages/timm/models/helpers.py:7: FutureWarning: Importing from timm.models.helpers is deprecated, please import via timm.models
  warnings.warn(f"Importing from {__name__} is deprecated, please import via timm.models", FutureWarning)
/data/gaob/Re-ID/conda-envs/tri_reid/lib/python3.10/site-packages/timm/models/registry.py:4: FutureWarning: Importing from timm.models.registry is deprecated, please import via timm.models
  warnings.warn(f"Importing from {__name__} is deprecated, please import via timm.models", FutureWarning)
/data/gaob/Re-ID/conda-envs/tri_reid/lib/python3.10/site-packages/timm/models/layers/__init__.py:48: FutureWarning: Importing from timm.models.layers is deprecated, please import via timm.layers
  warnings.warn(f"Importing from {__name__} is deprecated, please import via timm.layers", FutureWarning)
建立transformer............
using Transformer_type: ViT-B-16 as a backbone
Resized position embedding: %s to %s torch.Size([197, 768]) torch.Size([129, 768])
Position embedding resize to height:16 width: 8
Successfully load ckpt!
<All keys matched successfully>
Loading pretrained model from CLIP
camera number is : 4
===========Building Signal===========
{"event": "epoch", "dataset": "RGBNT201", "epoch": 1, "steps": 53, "mean_loss": 5.418261932876875, "seconds": 32.951331662989105, "official_fused": {"mAP": 7.3128764504820545, "Rank-1": 5.50239235162735, "Rank-5": 12.081339955329895, "Rank-10": 17.105263471603394}, "best_epoch": 1}
{"event": "epoch", "dataset": "RGBNT201", "epoch": 2, "steps": 53, "mean_loss": 4.736611825115276, "seconds": 30.458731126011116, "official_fused": {"mAP": 26.855613258585638, "Rank-1": 22.727273404598236, "Rank-5": 36.36363744735718, "Rank-10": 46.29186689853668}, "best_epoch": 2}
{"event": "epoch", "dataset": "RGBNT201", "epoch": 3, "steps": 53, "mean_loss": 3.443428637846461, "seconds": 31.656582965995767, "official_fused": {"mAP": 41.035042466451124, "Rank-1": 37.67942488193512, "Rank-5": 50.119614601135254, "Rank-10": 59.80861186981201}, "best_epoch": 3}
{"event": "epoch", "dataset": "RGBNT201", "epoch": 4, "steps": 53, "mean_loss": 2.187501549720764, "seconds": 32.56983258499531, "official_fused": {"mAP": 58.5034072000005, "Rank-1": 56.100475788116455, "Rank-5": 68.66028904914856, "Rank-10": 76.67464017868042}, "best_epoch": 4}
{"event": "epoch", "dataset": "RGBNT201", "epoch": 5, "steps": 53, "mean_loss": 1.4044666425237116, "seconds": 32.21848616900388, "official_fused": {"mAP": 56.846524431328675, "Rank-1": 56.93780183792114, "Rank-5": 69.0191388130188, "Rank-10": 75.95694065093994}, "best_epoch": 4}
{"event": "epoch", "dataset": "RGBNT201", "epoch": 6, "steps": 53, "mean_loss": 1.089561069911381, "seconds": 31.86468663800042, "official_fused": {"mAP": 62.95421656315677, "Rank-1": 63.0382776260376, "Rank-5": 74.52152967453003, "Rank-10": 79.42583560943604}, "best_epoch": 6}
{"event": "epoch", "dataset": "RGBNT201", "epoch": 7, "steps": 53, "mean_loss": 0.9899347233322432, "seconds": 31.998100021999562, "official_fused": {"mAP": 62.773322404412134, "Rank-1": 64.1148328781128, "Rank-5": 75.11961460113525, "Rank-10": 80.86124658584595}, "best_epoch": 6}
{"event": "epoch", "dataset": "RGBNT201", "epoch": 8, "steps": 53, "mean_loss": 0.9611085057258606, "seconds": 32.343907110000146, "official_fused": {"mAP": 66.51018258362613, "Rank-1": 67.22487807273865, "Rank-5": 77.39234566688538, "Rank-10": 83.61244201660156}, "best_epoch": 8}
{"event": "epoch", "dataset": "RGBNT201", "epoch": 9, "steps": 53, "mean_loss": 0.9418411018713465, "seconds": 32.166318809002405, "official_fused": {"mAP": 65.79555864133964, "Rank-1": 69.0191388130188, "Rank-5": 77.51196026802063, "Rank-10": 82.53588676452637}, "best_epoch": 8}
{"event": "epoch", "dataset": "RGBNT201", "epoch": 10, "steps": 53, "mean_loss": 0.9402736740292243, "seconds": 32.14254941199033, "official_fused": {"mAP": 68.37552348530241, "Rank-1": 69.85645890235901, "Rank-5": 79.54545617103577, "Rank-10": 84.68899726867676}, "best_epoch": 10}
{"event": "epoch", "dataset": "RGBNT201", "epoch": 11, "steps": 53, "mean_loss": 0.9255315920092025, "seconds": 31.836883109004702, "official_fused": {"mAP": 69.39478733657978, "Rank-1": 70.57416439056396, "Rank-5": 79.0669858455658, "Rank-10": 84.68899726867676}, "best_epoch": 11}
{"event": "epoch", "dataset": "RGBNT201", "epoch": 12, "steps": 53, "mean_loss": 0.9151614240880283, "seconds": 32.167163542995695, "official_fused": {"mAP": 65.0916378080077, "Rank-1": 67.58373379707336, "Rank-5": 77.63158082962036, "Rank-10": 83.85167717933655}, "best_epoch": 11}
{"event": "epoch", "dataset": "RGBNT201", "epoch": 13, "steps": 53, "mean_loss": 0.911113755882911, "seconds": 32.198257279000245, "official_fused": {"mAP": 69.8763956482104, "Rank-1": 71.41148447990417, "Rank-5": 79.18660044670105, "Rank-10": 84.92823243141174}, "best_epoch": 13}
{"event": "epoch", "dataset": "RGBNT201", "epoch": 14, "steps": 53, "mean_loss": 0.9052327601414807, "seconds": 31.93282941900543, "official_fused": {"mAP": 67.32892442735073, "Rank-1": 68.06219816207886, "Rank-5": 75.95694065093994, "Rank-10": 83.49282145500183}, "best_epoch": 13}
{"event": "epoch", "dataset": "RGBNT201", "epoch": 15, "steps": 53, "mean_loss": 0.9000660237276329, "seconds": 32.30992493999656, "official_fused": {"mAP": 68.08208671388572, "Rank-1": 68.54066848754883, "Rank-5": 77.15311050415039, "Rank-10": 85.76555252075195}, "best_epoch": 13}
{"event": "epoch", "dataset": "RGBNT201", "epoch": 16, "steps": 53, "mean_loss": 0.8958415872645829, "seconds": 32.40936687300564, "official_fused": {"mAP": 66.23218894126056, "Rank-1": 66.26794338226318, "Rank-5": 76.9138753414154, "Rank-10": 83.01435112953186}, "best_epoch": 13}
{"event": "epoch", "dataset": "RGBNT201", "epoch": 17, "steps": 53, "mean_loss": 0.8875986360154062, "seconds": 31.964198554996983, "official_fused": {"mAP": 68.25478498420227, "Rank-1": 68.06219816207886, "Rank-5": 78.94737124443054, "Rank-10": 84.92823243141174}, "best_epoch": 13}
{"event": "epoch", "dataset": "RGBNT201", "epoch": 18, "steps": 53, "mean_loss": 0.8849001256924756, "seconds": 32.12263237799925, "official_fused": {"mAP": 65.36234075185955, "Rank-1": 65.78947305679321, "Rank-5": 76.43540501594543, "Rank-10": 81.69856667518616}, "best_epoch": 13}
{"event": "epoch", "dataset": "RGBNT201", "epoch": 19, "steps": 53, "mean_loss": 0.8857972239548305, "seconds": 32.34199891600292, "official_fused": {"mAP": 67.66971964363239, "Rank-1": 68.30143332481384, "Rank-5": 78.22966575622559, "Rank-10": 83.25358629226685}, "best_epoch": 13}
{"event": "epoch", "dataset": "RGBNT201", "epoch": 20, "steps": 53, "mean_loss": 0.8822842532733701, "seconds": 32.44240311201429, "official_fused": {"mAP": 65.38180931622838, "Rank-1": 68.18181872367859, "Rank-5": 76.31579041481018, "Rank-10": 83.01435112953186}, "best_epoch": 13}
{"event": "epoch", "dataset": "RGBNT201", "epoch": 21, "steps": 53, "mean_loss": 0.8800514981431781, "seconds": 32.014711857016664, "official_fused": {"mAP": 64.98289842302188, "Rank-1": 65.90909361839294, "Rank-5": 75.83732008934021, "Rank-10": 82.65550136566162}, "best_epoch": 13}
{"event": "epoch", "dataset": "RGBNT201", "epoch": 22, "steps": 53, "mean_loss": 0.8766276926364539, "seconds": 32.343045684014214, "official_fused": {"mAP": 63.99691430298624, "Rank-1": 64.71291780471802, "Rank-5": 76.79426074028015, "Rank-10": 81.45933151245117}, "best_epoch": 13}
{"event": "epoch", "dataset": "RGBNT201", "epoch": 23, "steps": 53, "mean_loss": 0.873900663177922, "seconds": 32.11087642898201, "official_fused": {"mAP": 67.60043871870238, "Rank-1": 68.66028904914856, "Rank-5": 77.63158082962036, "Rank-10": 83.25358629226685}, "best_epoch": 13}
{"event": "epoch", "dataset": "RGBNT201", "epoch": 24, "steps": 53, "mean_loss": 0.8745775402716871, "seconds": 32.153227122005774, "official_fused": {"mAP": 61.94245779792254, "Rank-1": 63.755983114242554, "Rank-5": 73.32535982131958, "Rank-10": 80.86124658584595}, "best_epoch": 13}
{"event": "epoch", "dataset": "RGBNT201", "epoch": 25, "steps": 53, "mean_loss": 0.8727129304184104, "seconds": 32.000975825008936, "official_fused": {"mAP": 67.01959559170817, "Rank-1": 66.38755798339844, "Rank-5": 74.88038539886475, "Rank-10": 83.49282145500183}, "best_epoch": 13}
{"event": "epoch", "dataset": "RGBNT201", "epoch": 26, "steps": 53, "mean_loss": 0.8694290091406625, "seconds": 32.186316954001086, "official_fused": {"mAP": 64.46486805952169, "Rank-1": 64.59330320358276, "Rank-5": 74.40191507339478, "Rank-10": 81.57894611358643}, "best_epoch": 13}
{"event": "epoch", "dataset": "RGBNT201", "epoch": 27, "steps": 53, "mean_loss": 0.8676885568870688, "seconds": 31.82068608602276, "official_fused": {"mAP": 64.03453798065252, "Rank-1": 63.51674795150757, "Rank-5": 74.28229451179504, "Rank-10": 80.74162602424622}, "best_epoch": 13}
{"event": "epoch", "dataset": "RGBNT201", "epoch": 28, "steps": 53, "mean_loss": 0.8665187662502505, "seconds": 32.297492925979896, "official_fused": {"mAP": 67.88861832114308, "Rank-1": 68.89952421188354, "Rank-5": 77.03348994255066, "Rank-10": 83.01435112953186}, "best_epoch": 13}
{"event": "epoch", "dataset": "RGBNT201", "epoch": 29, "steps": 53, "mean_loss": 0.8649078765005436, "seconds": 32.20233129398548, "official_fused": {"mAP": 66.40518312189515, "Rank-1": 65.43062329292297, "Rank-5": 75.11961460113525, "Rank-10": 82.53588676452637}, "best_epoch": 13}
{"event": "epoch", "dataset": "RGBNT201", "epoch": 30, "steps": 53, "mean_loss": 0.863893319975655, "seconds": 31.907494120998308, "official_fused": {"mAP": 65.80224997205777, "Rank-1": 65.19138813018799, "Rank-5": 76.43540501594543, "Rank-10": 82.29665160179138}, "best_epoch": 13}
{"event": "epoch", "dataset": "RGBNT201", "epoch": 31, "steps": 53, "mean_loss": 0.8629981189403894, "seconds": 31.832368873991072, "official_fused": {"mAP": 67.47850210900204, "Rank-1": 67.1052634716034, "Rank-5": 75.35884976387024, "Rank-10": 81.81818127632141}, "best_epoch": 13}
{"event": "epoch", "dataset": "RGBNT201", "epoch": 32, "steps": 53, "mean_loss": 0.861476573179353, "seconds": 32.64420065400191, "official_fused": {"mAP": 66.42695133808378, "Rank-1": 65.90909361839294, "Rank-5": 75.23923516273499, "Rank-10": 80.62201142311096}, "best_epoch": 13}
{"event": "epoch", "dataset": "RGBNT201", "epoch": 33, "steps": 53, "mean_loss": 0.8601777688512262, "seconds": 31.663337545993272, "official_fused": {"mAP": 65.71766879504318, "Rank-1": 65.66985845565796, "Rank-5": 75.47847032546997, "Rank-10": 82.0574164390564}, "best_epoch": 13}
{"event": "epoch", "dataset": "RGBNT201", "epoch": 34, "steps": 53, "mean_loss": 0.8589389953973159, "seconds": 31.658519716991577, "official_fused": {"mAP": 64.85348334216744, "Rank-1": 64.35406804084778, "Rank-5": 75.83732008934021, "Rank-10": 82.0574164390564}, "best_epoch": 13}
{"event": "epoch", "dataset": "RGBNT201", "epoch": 35, "steps": 53, "mean_loss": 0.8577949562162723, "seconds": 31.6480857419956, "official_fused": {"mAP": 65.14250271881619, "Rank-1": 64.59330320358276, "Rank-5": 74.88038539886475, "Rank-10": 81.93780183792114}, "best_epoch": 13}
{"event": "epoch", "dataset": "RGBNT201", "epoch": 36, "steps": 53, "mean_loss": 0.8574977978220526, "seconds": 32.071139630977996, "official_fused": {"mAP": 67.31511037105439, "Rank-1": 67.46411323547363, "Rank-5": 76.67464017868042, "Rank-10": 83.01435112953186}, "best_epoch": 13}
{"event": "epoch", "dataset": "RGBNT201", "epoch": 37, "steps": 53, "mean_loss": 0.8573651943566665, "seconds": 31.809942983003566, "official_fused": {"mAP": 65.6064490491853, "Rank-1": 65.07176756858826, "Rank-5": 76.31579041481018, "Rank-10": 82.77512192726135}, "best_epoch": 13}
{"event": "epoch", "dataset": "RGBNT201", "epoch": 38, "steps": 53, "mean_loss": 0.8564300244709231, "seconds": 31.512999789993046, "official_fused": {"mAP": 65.03189587859728, "Rank-1": 64.71291780471802, "Rank-5": 75.59808492660522, "Rank-10": 82.29665160179138}, "best_epoch": 13}
{"event": "epoch", "dataset": "RGBNT201", "epoch": 39, "steps": 53, "mean_loss": 0.8556284387156649, "seconds": 31.828607063012896, "official_fused": {"mAP": 65.5530581765294, "Rank-1": 65.90909361839294, "Rank-5": 75.59808492660522, "Rank-10": 82.41626620292664}, "best_epoch": 13}
{"event": "epoch", "dataset": "RGBNT201", "epoch": 40, "steps": 53, "mean_loss": 0.8551332185853202, "seconds": 31.82393941702321, "official_fused": {"mAP": 65.60963052153039, "Rank-1": 65.78947305679321, "Rank-5": 76.79426074028015, "Rank-10": 82.65550136566162}, "best_epoch": 13}
{"event": "epoch", "dataset": "RGBNT201", "epoch": 41, "steps": 53, "mean_loss": 0.8551375449828382, "seconds": 31.896277954016114, "official_fused": {"mAP": 65.81721359370744, "Rank-1": 65.66985845565796, "Rank-5": 76.43540501594543, "Rank-10": 82.41626620292664}, "best_epoch": 13}
{"event": "epoch", "dataset": "RGBNT201", "epoch": 42, "steps": 53, "mean_loss": 0.854239360341486, "seconds": 31.71054487998481, "official_fused": {"mAP": 65.92030882478963, "Rank-1": 66.14832282066345, "Rank-5": 76.9138753414154, "Rank-10": 83.13397169113159}, "best_epoch": 13}
{"event": "epoch", "dataset": "RGBNT201", "epoch": 43, "steps": 53, "mean_loss": 0.8540774999924425, "seconds": 31.698204540007282, "official_fused": {"mAP": 66.05475875285333, "Rank-1": 65.66985845565796, "Rank-5": 76.43540501594543, "Rank-10": 83.01435112953186}, "best_epoch": 13}
{"event": "epoch", "dataset": "RGBNT201", "epoch": 44, "steps": 53, "mean_loss": 0.8540985865413018, "seconds": 31.72633493397734, "official_fused": {"mAP": 66.15584985519668, "Rank-1": 66.0287082195282, "Rank-5": 76.79426074028015, "Rank-10": 83.49282145500183}, "best_epoch": 13}
{"event": "epoch", "dataset": "RGBNT201", "epoch": 45, "steps": 53, "mean_loss": 0.855161781580943, "seconds": 31.98060867100139, "official_fused": {"mAP": 65.9911751332961, "Rank-1": 65.66985845565796, "Rank-5": 77.03348994255066, "Rank-10": 82.41626620292664}, "best_epoch": 13}
{"event": "epoch", "dataset": "RGBNT201", "epoch": 46, "steps": 52, "mean_loss": 0.8538498339744715, "seconds": 31.366338449995965, "official_fused": {"mAP": 66.01510386892716, "Rank-1": 65.66985845565796, "Rank-5": 76.55502557754517, "Rank-10": 82.17703104019165}, "best_epoch": 13}
{"event": "epoch", "dataset": "RGBNT201", "epoch": 47, "steps": 53, "mean_loss": 0.8534678130779626, "seconds": 31.74893706300645, "official_fused": {"mAP": 66.16857037722288, "Rank-1": 65.90909361839294, "Rank-5": 76.67464017868042, "Rank-10": 82.41626620292664}, "best_epoch": 13}
{"event": "epoch", "dataset": "RGBNT201", "epoch": 48, "steps": 53, "mean_loss": 0.8537136698668858, "seconds": 32.02336188600748, "official_fused": {"mAP": 66.12945118480285, "Rank-1": 66.0287082195282, "Rank-5": 76.9138753414154, "Rank-10": 82.53588676452637}, "best_epoch": 13}
{"event": "epoch", "dataset": "RGBNT201", "epoch": 49, "steps": 53, "mean_loss": 0.8534998477629896, "seconds": 31.677642087015556, "official_fused": {"mAP": 66.12281666338637, "Rank-1": 66.0287082195282, "Rank-5": 76.67464017868042, "Rank-10": 82.53588676452637}, "best_epoch": 13}
{"event": "epoch", "dataset": "RGBNT201", "epoch": 50, "steps": 53, "mean_loss": 0.8539930908185132, "seconds": 31.646896688995184, "official_fused": {"mAP": 66.11068215664054, "Rank-1": 66.0287082195282, "Rank-5": 76.67464017868042, "Rank-10": 82.53588676452637}, "best_epoch": 13}
