/data/gaob/Re-ID/conda-envs/tri_reid/lib/python3.10/site-packages/timm/models/helpers.py:7: FutureWarning: Importing from timm.models.helpers is deprecated, please import via timm.models
  warnings.warn(f"Importing from {__name__} is deprecated, please import via timm.models", FutureWarning)
/data/gaob/Re-ID/conda-envs/tri_reid/lib/python3.10/site-packages/timm/models/registry.py:4: FutureWarning: Importing from timm.models.registry is deprecated, please import via timm.models
  warnings.warn(f"Importing from {__name__} is deprecated, please import via timm.models", FutureWarning)
/data/gaob/Re-ID/conda-envs/tri_reid/lib/python3.10/site-packages/timm/models/layers/__init__.py:48: FutureWarning: Importing from timm.models.layers is deprecated, please import via timm.layers
  warnings.warn(f"Importing from {__name__} is deprecated, please import via timm.layers", FutureWarning)
建立transformer............
using Transformer_type: ViT-B-16 as a backbone
Resized position embedding: %s to %s torch.Size([197, 768]) torch.Size([129, 768])
Position embedding resize to height:8 width: 16
Successfully load ckpt!
<All keys matched successfully>
Loading pretrained model from CLIP
camera number is : 8
===========Building Signal===========
{"event": "epoch", "dataset": "MSVR310", "epoch": 1, "steps": 20, "mean_loss": 5.2005040645599365, "seconds": 13.141424628003733, "official_fused": {"mAP": 49.08312746175778, "Rank-1": 66.15905165672302, "Rank-5": 79.35702204704285, "Rank-10": 84.26395654678345}, "best_epoch": 1}
{"event": "epoch", "dataset": "MSVR310", "epoch": 2, "steps": 20, "mean_loss": 4.900052118301391, "seconds": 11.149551648006309, "official_fused": {"mAP": 48.74300613708795, "Rank-1": 67.00507402420044, "Rank-5": 78.84940505027771, "Rank-10": 84.6023678779602}, "best_epoch": 1}
{"event": "epoch", "dataset": "MSVR310", "epoch": 3, "steps": 20, "mean_loss": 4.4139938116073605, "seconds": 11.138823212007992, "official_fused": {"mAP": 49.967706898577184, "Rank-1": 65.65144062042236, "Rank-5": 80.54145574569702, "Rank-10": 85.27919054031372}, "best_epoch": 3}
{"event": "epoch", "dataset": "MSVR310", "epoch": 4, "steps": 20, "mean_loss": 3.7527358651161196, "seconds": 11.011523448993103, "official_fused": {"mAP": 48.99901351212947, "Rank-1": 65.82064032554626, "Rank-5": 79.18781638145447, "Rank-10": 83.75634551048279}, "best_epoch": 3}
{"event": "epoch", "dataset": "MSVR310", "epoch": 5, "steps": 20, "mean_loss": 3.0013425827026365, "seconds": 11.214962544006994, "official_fused": {"mAP": 47.47529504264794, "Rank-1": 64.29780125617981, "Rank-5": 77.66497731208801, "Rank-10": 84.26395654678345}, "best_epoch": 3}
