/data/gaob/Re-ID/conda-envs/tri_reid/lib/python3.10/site-packages/timm/models/helpers.py:7: FutureWarning: Importing from timm.models.helpers is deprecated, please import via timm.models
  warnings.warn(f"Importing from {__name__} is deprecated, please import via timm.models", FutureWarning)
/data/gaob/Re-ID/conda-envs/tri_reid/lib/python3.10/site-packages/timm/models/registry.py:4: FutureWarning: Importing from timm.models.registry is deprecated, please import via timm.models
  warnings.warn(f"Importing from {__name__} is deprecated, please import via timm.models", FutureWarning)
/data/gaob/Re-ID/conda-envs/tri_reid/lib/python3.10/site-packages/timm/models/layers/__init__.py:48: FutureWarning: Importing from timm.models.layers is deprecated, please import via timm.layers
  warnings.warn(f"Importing from {__name__} is deprecated, please import via timm.layers", FutureWarning)
建立transformer............
using Transformer_type: ViT-B-16 as a backbone
Resized position embedding: %s to %s torch.Size([197, 768]) torch.Size([129, 768])
Position embedding resize to height:8 width: 16
Successfully load ckpt!
<All keys matched successfully>
Loading pretrained model from CLIP
camera number is : 8
===========Building Signal===========
{"event": "epoch", "dataset": "MSVR310", "epoch": 1, "steps": 20, "mean_loss": 5.20441255569458, "seconds": 11.36809458299831, "official_fused": {"mAP": 50.94363920846819, "Rank-1": 68.86633038520813, "Rank-5": 81.04906678199768, "Rank-10": 85.78680157661438}, "best_epoch": 1}
{"event": "epoch", "dataset": "MSVR310", "epoch": 2, "steps": 20, "mean_loss": 4.9085235595703125, "seconds": 9.022325912999804, "official_fused": {"mAP": 49.736592184880905, "Rank-1": 67.3434853553772, "Rank-5": 81.21827244758606, "Rank-10": 85.27919054031372}, "best_epoch": 1}
{"event": "epoch", "dataset": "MSVR310", "epoch": 3, "steps": 20, "mean_loss": 4.420163893699646, "seconds": 9.087518632004503, "official_fused": {"mAP": 50.498817745191985, "Rank-1": 67.51269102096558, "Rank-5": 81.89509510993958, "Rank-10": 84.94077920913696}, "best_epoch": 1}
{"event": "epoch", "dataset": "MSVR310", "epoch": 4, "steps": 20, "mean_loss": 3.757456660270691, "seconds": 8.92663543400704, "official_fused": {"mAP": 48.59605537526223, "Rank-1": 65.14382362365723, "Rank-5": 79.18781638145447, "Rank-10": 85.10998487472534}, "best_epoch": 1}
{"event": "epoch", "dataset": "MSVR310", "epoch": 5, "steps": 20, "mean_loss": 3.0081691265106203, "seconds": 9.005988586999592, "official_fused": {"mAP": 49.13962631355071, "Rank-1": 66.66666865348816, "Rank-5": 80.87986707687378, "Rank-10": 85.78680157661438}, "best_epoch": 1}
{"event": "epoch", "dataset": "MSVR310", "epoch": 6, "steps": 20, "mean_loss": 2.3098107099533083, "seconds": 9.027278533991193, "official_fused": {"mAP": 51.05726214827316, "Rank-1": 68.02030205726624, "Rank-5": 81.21827244758606, "Rank-10": 86.46361827850342}, "best_epoch": 6}
{"event": "epoch", "dataset": "MSVR310", "epoch": 7, "steps": 20, "mean_loss": 1.796020621061325, "seconds": 8.900090761002502, "official_fused": {"mAP": 50.052687944788964, "Rank-1": 66.3282573223114, "Rank-5": 80.20304441452026, "Rank-10": 86.46361827850342}, "best_epoch": 6}
{"event": "epoch", "dataset": "MSVR310", "epoch": 8, "steps": 20, "mean_loss": 1.4867519795894624, "seconds": 8.638664895988768, "official_fused": {"mAP": 51.74473416465478, "Rank-1": 68.02030205726624, "Rank-5": 83.07952880859375, "Rank-10": 86.80202960968018}, "best_epoch": 8}
{"event": "epoch", "dataset": "MSVR310", "epoch": 9, "steps": 20, "mean_loss": 1.2392333269119262, "seconds": 9.050312941995799, "official_fused": {"mAP": 50.8563278816338, "Rank-1": 66.49746298789978, "Rank-5": 81.7258894443512, "Rank-10": 86.6328239440918}, "best_epoch": 8}
{"event": "epoch", "dataset": "MSVR310", "epoch": 10, "steps": 20, "mean_loss": 1.171972632408142, "seconds": 8.985783688010997, "official_fused": {"mAP": 52.415867077136824, "Rank-1": 67.85110235214233, "Rank-5": 83.24872851371765, "Rank-10": 89.00169134140015}, "best_epoch": 10}
{"event": "epoch", "dataset": "MSVR310", "epoch": 11, "steps": 20, "mean_loss": 1.1022121161222458, "seconds": 9.103052589998697, "official_fused": {"mAP": 50.889194229447696, "Rank-1": 67.17427968978882, "Rank-5": 81.21827244758606, "Rank-10": 86.6328239440918}, "best_epoch": 10}
{"event": "epoch", "dataset": "MSVR310", "epoch": 12, "steps": 20, "mean_loss": 1.0625100165605545, "seconds": 9.122417224003584, "official_fused": {"mAP": 51.02247170576457, "Rank-1": 66.49746298789978, "Rank-5": 81.04906678199768, "Rank-10": 86.97123527526855}, "best_epoch": 10}
{"event": "epoch", "dataset": "MSVR310", "epoch": 13, "steps": 20, "mean_loss": 1.0339242339134216, "seconds": 8.826795179003966, "official_fused": {"mAP": 51.255322761681676, "Rank-1": 67.17427968978882, "Rank-5": 82.57191181182861, "Rank-10": 87.81725764274597}, "best_epoch": 10}
{"event": "epoch", "dataset": "MSVR310", "epoch": 14, "steps": 20, "mean_loss": 1.0251309156417847, "seconds": 8.789746287002345, "official_fused": {"mAP": 50.536135363696154, "Rank-1": 66.49746298789978, "Rank-5": 82.23350048065186, "Rank-10": 85.78680157661438}, "best_epoch": 10}
{"event": "epoch", "dataset": "MSVR310", "epoch": 15, "steps": 20, "mean_loss": 1.030475351214409, "seconds": 9.171768083993811, "official_fused": {"mAP": 52.39113998892655, "Rank-1": 68.18950772285461, "Rank-5": 83.07952880859375, "Rank-10": 87.14044094085693}, "best_epoch": 10}
{"event": "epoch", "dataset": "MSVR310", "epoch": 16, "steps": 20, "mean_loss": 0.9924046099185944, "seconds": 9.075862900004722, "official_fused": {"mAP": 50.91204274035776, "Rank-1": 68.18950772285461, "Rank-5": 82.06430077552795, "Rank-10": 87.64805197715759}, "best_epoch": 10}
{"event": "epoch", "dataset": "MSVR310", "epoch": 17, "steps": 20, "mean_loss": 0.9862873584032059, "seconds": 8.978542509008548, "official_fused": {"mAP": 50.514654780623594, "Rank-1": 68.02030205726624, "Rank-5": 81.21827244758606, "Rank-10": 86.29441857337952}, "best_epoch": 10}
{"event": "epoch", "dataset": "MSVR310", "epoch": 18, "steps": 20, "mean_loss": 0.9745939135551452, "seconds": 9.00426580599742, "official_fused": {"mAP": 51.06111597971358, "Rank-1": 66.66666865348816, "Rank-5": 81.89509510993958, "Rank-10": 87.47885227203369}, "best_epoch": 10}
{"event": "epoch", "dataset": "MSVR310", "epoch": 19, "steps": 20, "mean_loss": 0.9850706666707992, "seconds": 9.14340122298745, "official_fused": {"mAP": 50.65185208122548, "Rank-1": 66.15905165672302, "Rank-5": 81.04906678199768, "Rank-10": 86.12521290779114}, "best_epoch": 10}
{"event": "epoch", "dataset": "MSVR310", "epoch": 20, "steps": 20, "mean_loss": 0.9715438514947892, "seconds": 9.012662146997172, "official_fused": {"mAP": 50.78795533087148, "Rank-1": 66.49746298789978, "Rank-5": 82.06430077552795, "Rank-10": 87.64805197715759}, "best_epoch": 10}
{"event": "epoch", "dataset": "MSVR310", "epoch": 21, "steps": 20, "mean_loss": 0.9554351747035981, "seconds": 8.784422430995619, "official_fused": {"mAP": 50.049926751991435, "Rank-1": 66.66666865348816, "Rank-5": 80.03383874893188, "Rank-10": 86.12521290779114}, "best_epoch": 10}
{"event": "epoch", "dataset": "MSVR310", "epoch": 22, "steps": 20, "mean_loss": 0.9561667740345001, "seconds": 9.029794622998452, "official_fused": {"mAP": 50.95233142414358, "Rank-1": 68.18950772285461, "Rank-5": 82.06430077552795, "Rank-10": 87.30964660644531}, "best_epoch": 10}
{"event": "epoch", "dataset": "MSVR310", "epoch": 23, "steps": 20, "mean_loss": 0.9549948692321777, "seconds": 8.939994656000636, "official_fused": {"mAP": 50.359019601376765, "Rank-1": 67.3434853553772, "Rank-5": 81.89509510993958, "Rank-10": 88.15566897392273}, "best_epoch": 10}
{"event": "epoch", "dataset": "MSVR310", "epoch": 24, "steps": 20, "mean_loss": 0.9478636473417282, "seconds": 9.050772270013113, "official_fused": {"mAP": 50.896331537665354, "Rank-1": 66.3282573223114, "Rank-5": 81.89509510993958, "Rank-10": 87.47885227203369}, "best_epoch": 10}
{"event": "epoch", "dataset": "MSVR310", "epoch": 25, "steps": 20, "mean_loss": 0.9541101783514023, "seconds": 9.098853600997245, "official_fused": {"mAP": 51.0012676907966, "Rank-1": 68.18950772285461, "Rank-5": 82.23350048065186, "Rank-10": 86.46361827850342}, "best_epoch": 10}
{"event": "epoch", "dataset": "MSVR310", "epoch": 26, "steps": 20, "mean_loss": 0.936708950996399, "seconds": 8.982166073008557, "official_fused": {"mAP": 48.8391011202027, "Rank-1": 65.82064032554626, "Rank-5": 80.7106614112854, "Rank-10": 86.6328239440918}, "best_epoch": 10}
{"event": "epoch", "dataset": "MSVR310", "epoch": 27, "steps": 20, "mean_loss": 0.9307411193847657, "seconds": 8.871064581006067, "official_fused": {"mAP": 49.9721938730005, "Rank-1": 66.83587431907654, "Rank-5": 81.21827244758606, "Rank-10": 87.81725764274597}, "best_epoch": 10}
{"event": "epoch", "dataset": "MSVR310", "epoch": 28, "steps": 20, "mean_loss": 0.9279392987489701, "seconds": 8.748491114005446, "official_fused": {"mAP": 48.48943437273502, "Rank-1": 64.29780125617981, "Rank-5": 80.87986707687378, "Rank-10": 86.46361827850342}, "best_epoch": 10}
{"event": "epoch", "dataset": "MSVR310", "epoch": 29, "steps": 20, "mean_loss": 0.9300408899784088, "seconds": 8.971591937995981, "official_fused": {"mAP": 50.06638004288614, "Rank-1": 67.00507402420044, "Rank-5": 79.6954333782196, "Rank-10": 85.27919054031372}, "best_epoch": 10}
{"event": "epoch", "dataset": "MSVR310", "epoch": 30, "steps": 20, "mean_loss": 0.9274963080883026, "seconds": 9.184896299004322, "official_fused": {"mAP": 49.05520879691675, "Rank-1": 65.48223495483398, "Rank-5": 81.04906678199768, "Rank-10": 85.78680157661438}, "best_epoch": 10}
{"event": "epoch", "dataset": "MSVR310", "epoch": 31, "steps": 20, "mean_loss": 0.927123698592186, "seconds": 8.927356801010319, "official_fused": {"mAP": 49.27940626522588, "Rank-1": 66.83587431907654, "Rank-5": 81.55668377876282, "Rank-10": 86.46361827850342}, "best_epoch": 10}
{"event": "epoch", "dataset": "MSVR310", "epoch": 32, "steps": 20, "mean_loss": 0.9208897471427917, "seconds": 9.024594967995654, "official_fused": {"mAP": 49.83051381458454, "Rank-1": 66.15905165672302, "Rank-5": 81.21827244758606, "Rank-10": 86.80202960968018}, "best_epoch": 10}
{"event": "epoch", "dataset": "MSVR310", "epoch": 33, "steps": 20, "mean_loss": 0.9176207423210144, "seconds": 9.034906297994894, "official_fused": {"mAP": 49.30787957140311, "Rank-1": 65.3130292892456, "Rank-5": 81.04906678199768, "Rank-10": 87.14044094085693}, "best_epoch": 10}
{"event": "epoch", "dataset": "MSVR310", "epoch": 34, "steps": 20, "mean_loss": 0.9172633171081543, "seconds": 9.03761920100078, "official_fused": {"mAP": 50.44328283980663, "Rank-1": 66.83587431907654, "Rank-5": 81.04906678199768, "Rank-10": 86.80202960968018}, "best_epoch": 10}
{"event": "epoch", "dataset": "MSVR310", "epoch": 35, "steps": 20, "mean_loss": 0.9156490623950958, "seconds": 8.810382780997315, "official_fused": {"mAP": 49.66939105864065, "Rank-1": 65.14382362365723, "Rank-5": 80.37225008010864, "Rank-10": 86.6328239440918}, "best_epoch": 10}
{"event": "epoch", "dataset": "MSVR310", "epoch": 36, "steps": 20, "mean_loss": 0.9156635224819183, "seconds": 8.989666238005157, "official_fused": {"mAP": 48.9452356354449, "Rank-1": 64.80541229248047, "Rank-5": 80.37225008010864, "Rank-10": 86.46361827850342}, "best_epoch": 10}
{"event": "epoch", "dataset": "MSVR310", "epoch": 37, "steps": 20, "mean_loss": 0.9093980461359024, "seconds": 8.985462687996915, "official_fused": {"mAP": 49.64722251061861, "Rank-1": 65.82064032554626, "Rank-5": 81.21827244758606, "Rank-10": 87.14044094085693}, "best_epoch": 10}
{"event": "epoch", "dataset": "MSVR310", "epoch": 38, "steps": 20, "mean_loss": 0.9157991766929626, "seconds": 9.067184845000156, "official_fused": {"mAP": 48.9659139530221, "Rank-1": 64.97461795806885, "Rank-5": 80.87986707687378, "Rank-10": 86.80202960968018}, "best_epoch": 10}
{"event": "epoch", "dataset": "MSVR310", "epoch": 39, "steps": 20, "mean_loss": 0.9114410251379013, "seconds": 8.983180339011597, "official_fused": {"mAP": 49.453225054465406, "Rank-1": 65.14382362365723, "Rank-5": 81.21827244758606, "Rank-10": 86.12521290779114}, "best_epoch": 10}
{"event": "epoch", "dataset": "MSVR310", "epoch": 40, "steps": 20, "mean_loss": 0.9100145161151886, "seconds": 8.791084702999797, "official_fused": {"mAP": 48.89387752150478, "Rank-1": 65.3130292892456, "Rank-5": 80.37225008010864, "Rank-10": 86.12521290779114}, "best_epoch": 10}
{"event": "epoch", "dataset": "MSVR310", "epoch": 41, "steps": 20, "mean_loss": 0.9093194454908371, "seconds": 9.017965535997064, "official_fused": {"mAP": 49.09317151108581, "Rank-1": 65.82064032554626, "Rank-5": 80.54145574569702, "Rank-10": 85.95600724220276}, "best_epoch": 10}
{"event": "epoch", "dataset": "MSVR310", "epoch": 42, "steps": 20, "mean_loss": 0.9047797977924347, "seconds": 8.953709901994443, "official_fused": {"mAP": 49.56012029610789, "Rank-1": 66.66666865348816, "Rank-5": 81.21827244758606, "Rank-10": 86.29441857337952}, "best_epoch": 10}
{"event": "epoch", "dataset": "MSVR310", "epoch": 43, "steps": 20, "mean_loss": 0.8991612046957016, "seconds": 8.877641671992023, "official_fused": {"mAP": 49.347839528528894, "Rank-1": 65.98984599113464, "Rank-5": 80.87986707687378, "Rank-10": 85.95600724220276}, "best_epoch": 10}
{"event": "epoch", "dataset": "MSVR310", "epoch": 44, "steps": 20, "mean_loss": 0.9006475925445556, "seconds": 8.965046495999559, "official_fused": {"mAP": 48.6747076511021, "Rank-1": 64.97461795806885, "Rank-5": 80.7106614112854, "Rank-10": 85.95600724220276}, "best_epoch": 10}
{"event": "epoch", "dataset": "MSVR310", "epoch": 45, "steps": 20, "mean_loss": 0.905147197842598, "seconds": 9.061262659990462, "official_fused": {"mAP": 48.62101946117811, "Rank-1": 65.14382362365723, "Rank-5": 81.55668377876282, "Rank-10": 85.78680157661438}, "best_epoch": 10}
{"event": "epoch", "dataset": "MSVR310", "epoch": 46, "steps": 20, "mean_loss": 0.9032206654548645, "seconds": 8.950716740990174, "official_fused": {"mAP": 48.64088904201898, "Rank-1": 64.97461795806885, "Rank-5": 81.04906678199768, "Rank-10": 85.617595911026}, "best_epoch": 10}
{"event": "epoch", "dataset": "MSVR310", "epoch": 47, "steps": 20, "mean_loss": 0.9100706785917282, "seconds": 9.082822897995356, "official_fused": {"mAP": 48.73253113185916, "Rank-1": 64.63621258735657, "Rank-5": 80.87986707687378, "Rank-10": 86.12521290779114}, "best_epoch": 10}
{"event": "epoch", "dataset": "MSVR310", "epoch": 48, "steps": 20, "mean_loss": 0.8997874528169632, "seconds": 8.932060922001256, "official_fused": {"mAP": 48.73886369711607, "Rank-1": 64.63621258735657, "Rank-5": 81.04906678199768, "Rank-10": 85.95600724220276}, "best_epoch": 10}
{"event": "epoch", "dataset": "MSVR310", "epoch": 49, "steps": 20, "mean_loss": 0.9034825772047043, "seconds": 8.846745108006871, "official_fused": {"mAP": 48.729611119692386, "Rank-1": 64.46700692176819, "Rank-5": 80.54145574569702, "Rank-10": 85.95600724220276}, "best_epoch": 10}
{"event": "epoch", "dataset": "MSVR310", "epoch": 50, "steps": 20, "mean_loss": 0.9037744641304016, "seconds": 9.067632815000252, "official_fused": {"mAP": 48.743588638216195, "Rank-1": 64.46700692176819, "Rank-5": 80.54145574569702, "Rank-10": 85.95600724220276}, "best_epoch": 10}
