/data/gaob/Re-ID/conda-envs/tri_reid/lib/python3.10/site-packages/timm/models/helpers.py:7: FutureWarning: Importing from timm.models.helpers is deprecated, please import via timm.models
  warnings.warn(f"Importing from {__name__} is deprecated, please import via timm.models", FutureWarning)
/data/gaob/Re-ID/conda-envs/tri_reid/lib/python3.10/site-packages/timm/models/registry.py:4: FutureWarning: Importing from timm.models.registry is deprecated, please import via timm.models
  warnings.warn(f"Importing from {__name__} is deprecated, please import via timm.models", FutureWarning)
/data/gaob/Re-ID/conda-envs/tri_reid/lib/python3.10/site-packages/timm/models/layers/__init__.py:48: FutureWarning: Importing from timm.models.layers is deprecated, please import via timm.layers
  warnings.warn(f"Importing from {__name__} is deprecated, please import via timm.layers", FutureWarning)
建立transformer............
using Transformer_type: ViT-B-16 as a backbone
Resized position embedding: %s to %s torch.Size([197, 768]) torch.Size([129, 768])
Position embedding resize to height:16 width: 8
Successfully load ckpt!
<All keys matched successfully>
Loading pretrained model from CLIP
camera number is : 4
===========Building Signal===========
{"event": "epoch", "dataset": "RGBNT201", "epoch": 1, "steps": 53, "mean_loss": 5.002587633312873, "seconds": 23.12759242003085, "official_fused": {"mAP": 72.04960543126396, "Rank-1": 73.32535982131958, "Rank-5": 82.8947365283966, "Rank-10": 87.91866302490234}, "best_epoch": 1}
{"event": "epoch", "dataset": "RGBNT201", "epoch": 2, "steps": 53, "mean_loss": 4.165337211680862, "seconds": 21.031333456048742, "official_fused": {"mAP": 72.53354683816251, "Rank-1": 73.9234447479248, "Rank-5": 82.65550136566162, "Rank-10": 87.91866302490234}, "best_epoch": 2}
{"event": "epoch", "dataset": "RGBNT201", "epoch": 3, "steps": 53, "mean_loss": 2.8206844914634273, "seconds": 21.331025930994656, "official_fused": {"mAP": 70.93165499721265, "Rank-1": 71.65071964263916, "Rank-5": 80.14354109764099, "Rank-10": 85.8851671218872}, "best_epoch": 2}
{"event": "epoch", "dataset": "RGBNT201", "epoch": 4, "steps": 53, "mean_loss": 1.6238580492307555, "seconds": 21.56070876197191, "official_fused": {"mAP": 71.04535337160239, "Rank-1": 71.41148447990417, "Rank-5": 80.14354109764099, "Rank-10": 85.52631735801697}, "best_epoch": 2}
{"event": "epoch", "dataset": "RGBNT201", "epoch": 5, "steps": 53, "mean_loss": 1.0887362507154357, "seconds": 21.25844516197685, "official_fused": {"mAP": 69.60849071206587, "Rank-1": 70.095694065094, "Rank-5": 79.0669858455658, "Rank-10": 84.21052694320679}, "best_epoch": 2}
{"event": "epoch", "dataset": "RGBNT201", "epoch": 6, "steps": 53, "mean_loss": 0.9485319571674995, "seconds": 21.12480767100351, "official_fused": {"mAP": 69.26583202675317, "Rank-1": 68.89952421188354, "Rank-5": 78.34928035736084, "Rank-10": 83.49282145500183}, "best_epoch": 2}
{"event": "epoch", "dataset": "RGBNT201", "epoch": 7, "steps": 53, "mean_loss": 0.9182390503163608, "seconds": 21.101125827000942, "official_fused": {"mAP": 67.74707739294902, "Rank-1": 66.74641370773315, "Rank-5": 76.19616985321045, "Rank-10": 82.0574164390564}, "best_epoch": 2}
{"event": "epoch", "dataset": "RGBNT201", "epoch": 8, "steps": 53, "mean_loss": 0.9087456431028977, "seconds": 21.24989229097264, "official_fused": {"mAP": 69.43640779384602, "Rank-1": 68.42105388641357, "Rank-5": 77.63158082962036, "Rank-10": 84.68899726867676}, "best_epoch": 2}
{"event": "epoch", "dataset": "RGBNT201", "epoch": 9, "steps": 53, "mean_loss": 0.9022877081385199, "seconds": 21.10623910499271, "official_fused": {"mAP": 69.81702881437567, "Rank-1": 70.21530866622925, "Rank-5": 78.94737124443054, "Rank-10": 83.73205661773682}, "best_epoch": 2}
{"event": "epoch", "dataset": "RGBNT201", "epoch": 10, "steps": 53, "mean_loss": 0.8999049371143557, "seconds": 21.252361560997088, "official_fused": {"mAP": 69.20118944912468, "Rank-1": 70.57416439056396, "Rank-5": 77.75119543075562, "Rank-10": 83.85167717933655}, "best_epoch": 2}
{"event": "epoch", "dataset": "RGBNT201", "epoch": 11, "steps": 53, "mean_loss": 0.8945066580232585, "seconds": 21.1343121160171, "official_fused": {"mAP": 70.14449579076933, "Rank-1": 70.21530866622925, "Rank-5": 79.0669858455658, "Rank-10": 83.37320685386658}, "best_epoch": 2}
{"event": "epoch", "dataset": "RGBNT201", "epoch": 12, "steps": 53, "mean_loss": 0.8928665957360897, "seconds": 21.08231990999775, "official_fused": {"mAP": 69.93180662356323, "Rank-1": 69.73684430122375, "Rank-5": 78.11004519462585, "Rank-10": 82.77512192726135}, "best_epoch": 2}
{"event": "epoch", "dataset": "RGBNT201", "epoch": 13, "steps": 53, "mean_loss": 0.8904733320452133, "seconds": 21.396659112011548, "official_fused": {"mAP": 69.7101474827469, "Rank-1": 70.45454382896423, "Rank-5": 78.58851552009583, "Rank-10": 83.49282145500183}, "best_epoch": 2}
{"event": "epoch", "dataset": "RGBNT201", "epoch": 14, "steps": 53, "mean_loss": 0.8867771141933944, "seconds": 21.329900783021003, "official_fused": {"mAP": 68.484851015981, "Rank-1": 67.22487807273865, "Rank-5": 75.0, "Rank-10": 80.9808611869812}, "best_epoch": 2}
{"event": "epoch", "dataset": "RGBNT201", "epoch": 15, "steps": 53, "mean_loss": 0.8827533114631221, "seconds": 21.272890232037753, "official_fused": {"mAP": 69.76094557537189, "Rank-1": 69.97607946395874, "Rank-5": 79.54545617103577, "Rank-10": 84.21052694320679}, "best_epoch": 2}
{"event": "epoch", "dataset": "RGBNT201", "epoch": 16, "steps": 53, "mean_loss": 0.8827753516862977, "seconds": 21.125131661014166, "official_fused": {"mAP": 69.57520955739663, "Rank-1": 68.77990365028381, "Rank-5": 76.19616985321045, "Rank-10": 81.93780183792114}, "best_epoch": 2}
{"event": "epoch", "dataset": "RGBNT201", "epoch": 17, "steps": 53, "mean_loss": 0.8775415645455414, "seconds": 21.294526928977575, "official_fused": {"mAP": 69.72588909992848, "Rank-1": 69.49760913848877, "Rank-5": 75.47847032546997, "Rank-10": 82.29665160179138}, "best_epoch": 2}
{"event": "epoch", "dataset": "RGBNT201", "epoch": 18, "steps": 53, "mean_loss": 0.8752226154759245, "seconds": 21.39504954998847, "official_fused": {"mAP": 70.12680182453602, "Rank-1": 70.33492922782898, "Rank-5": 78.11004519462585, "Rank-10": 83.61244201660156}, "best_epoch": 2}
{"event": "epoch", "dataset": "RGBNT201", "epoch": 19, "steps": 53, "mean_loss": 0.8744695152876512, "seconds": 21.267364865983836, "official_fused": {"mAP": 70.19378606188587, "Rank-1": 70.33492922782898, "Rank-5": 79.30622100830078, "Rank-10": 84.09090638160706}, "best_epoch": 2}
{"event": "epoch", "dataset": "RGBNT201", "epoch": 20, "steps": 53, "mean_loss": 0.8740363615863728, "seconds": 21.362005801987834, "official_fused": {"mAP": 71.25784247242424, "Rank-1": 71.88995480537415, "Rank-5": 79.66507077217102, "Rank-10": 84.09090638160706}, "best_epoch": 2}
{"event": "epoch", "dataset": "RGBNT201", "epoch": 21, "steps": 53, "mean_loss": 0.8712561029308247, "seconds": 21.235837429005187, "official_fused": {"mAP": 69.5945191345472, "Rank-1": 70.33492922782898, "Rank-5": 79.30622100830078, "Rank-10": 84.21052694320679}, "best_epoch": 2}
{"event": "epoch", "dataset": "RGBNT201", "epoch": 22, "steps": 53, "mean_loss": 0.8698292070964597, "seconds": 21.18999906699173, "official_fused": {"mAP": 70.24743897747639, "Rank-1": 70.33492922782898, "Rank-5": 77.03348994255066, "Rank-10": 83.37320685386658}, "best_epoch": 2}
{"event": "epoch", "dataset": "RGBNT201", "epoch": 23, "steps": 53, "mean_loss": 0.8681006499056546, "seconds": 21.31482958898414, "official_fused": {"mAP": 70.60425486883281, "Rank-1": 71.29186391830444, "Rank-5": 79.42583560943604, "Rank-10": 84.09090638160706}, "best_epoch": 2}
{"event": "epoch", "dataset": "RGBNT201", "epoch": 24, "steps": 53, "mean_loss": 0.8662753779933138, "seconds": 21.031756768992636, "official_fused": {"mAP": 70.62152468198813, "Rank-1": 72.12918400764465, "Rank-5": 79.54545617103577, "Rank-10": 83.9712917804718}, "best_epoch": 2}
{"event": "epoch", "dataset": "RGBNT201", "epoch": 25, "steps": 53, "mean_loss": 0.8663569733781634, "seconds": 21.500603852968197, "official_fused": {"mAP": 71.17287699587767, "Rank-1": 72.36841917037964, "Rank-5": 80.02392053604126, "Rank-10": 84.33014154434204}, "best_epoch": 2}
{"event": "epoch", "dataset": "RGBNT201", "epoch": 26, "steps": 53, "mean_loss": 0.8647823165047843, "seconds": 20.99725719698472, "official_fused": {"mAP": 70.58481326741179, "Rank-1": 71.29186391830444, "Rank-5": 78.34928035736084, "Rank-10": 84.09090638160706}, "best_epoch": 2}
{"event": "epoch", "dataset": "RGBNT201", "epoch": 27, "steps": 53, "mean_loss": 0.8629522177408326, "seconds": 21.1455037050182, "official_fused": {"mAP": 69.47242527524985, "Rank-1": 69.61722373962402, "Rank-5": 78.82775068283081, "Rank-10": 83.37320685386658}, "best_epoch": 2}
{"event": "epoch", "dataset": "RGBNT201", "epoch": 28, "steps": 53, "mean_loss": 0.8621761281535311, "seconds": 21.150576515006833, "official_fused": {"mAP": 69.55599100805607, "Rank-1": 70.45454382896423, "Rank-5": 78.34928035736084, "Rank-10": 83.13397169113159}, "best_epoch": 2}
{"event": "epoch", "dataset": "RGBNT201", "epoch": 29, "steps": 53, "mean_loss": 0.8623062518407714, "seconds": 21.09832470800029, "official_fused": {"mAP": 70.35071498054101, "Rank-1": 72.24880456924438, "Rank-5": 79.66507077217102, "Rank-10": 84.33014154434204}, "best_epoch": 2}
{"event": "epoch", "dataset": "RGBNT201", "epoch": 30, "steps": 53, "mean_loss": 0.8605878712995997, "seconds": 21.150946802983526, "official_fused": {"mAP": 70.54466788111104, "Rank-1": 72.24880456924438, "Rank-5": 79.66507077217102, "Rank-10": 83.9712917804718}, "best_epoch": 2}
{"event": "epoch", "dataset": "RGBNT201", "epoch": 31, "steps": 53, "mean_loss": 0.8606977417783918, "seconds": 21.12531409796793, "official_fused": {"mAP": 70.19454642297634, "Rank-1": 70.57416439056396, "Rank-5": 79.42583560943604, "Rank-10": 83.73205661773682}, "best_epoch": 2}
{"event": "epoch", "dataset": "RGBNT201", "epoch": 32, "steps": 53, "mean_loss": 0.8593116121472053, "seconds": 21.4544099419727, "official_fused": {"mAP": 71.12924825851343, "Rank-1": 72.0095694065094, "Rank-5": 80.62201142311096, "Rank-10": 84.92823243141174}, "best_epoch": 2}
{"event": "epoch", "dataset": "RGBNT201", "epoch": 33, "steps": 53, "mean_loss": 0.8582074417258209, "seconds": 21.314370537991636, "official_fused": {"mAP": 70.02935877569666, "Rank-1": 70.57416439056396, "Rank-5": 78.94737124443054, "Rank-10": 83.9712917804718}, "best_epoch": 2}
{"event": "epoch", "dataset": "RGBNT201", "epoch": 34, "steps": 53, "mean_loss": 0.8563967122221893, "seconds": 21.181480731000192, "official_fused": {"mAP": 70.49849145924033, "Rank-1": 72.0095694065094, "Rank-5": 78.46890091896057, "Rank-10": 83.73205661773682}, "best_epoch": 2}
{"event": "epoch", "dataset": "RGBNT201", "epoch": 35, "steps": 53, "mean_loss": 0.8557231043869594, "seconds": 21.025004306982737, "official_fused": {"mAP": 70.7955048203084, "Rank-1": 72.72727489471436, "Rank-5": 79.18660044670105, "Rank-10": 84.09090638160706}, "best_epoch": 2}
{"event": "epoch", "dataset": "RGBNT201", "epoch": 36, "steps": 53, "mean_loss": 0.8554683440136459, "seconds": 21.26068177295383, "official_fused": {"mAP": 70.00088602499325, "Rank-1": 71.53109908103943, "Rank-5": 79.42583560943604, "Rank-10": 83.73205661773682}, "best_epoch": 2}
{"event": "epoch", "dataset": "RGBNT201", "epoch": 37, "steps": 53, "mean_loss": 0.8549857072110446, "seconds": 21.00210910203168, "official_fused": {"mAP": 69.5112960543338, "Rank-1": 71.29186391830444, "Rank-5": 79.78469133377075, "Rank-10": 84.09090638160706}, "best_epoch": 2}
{"event": "epoch", "dataset": "RGBNT201", "epoch": 38, "steps": 53, "mean_loss": 0.8543661810317129, "seconds": 21.24187345901737, "official_fused": {"mAP": 69.00644393477943, "Rank-1": 70.095694065094, "Rank-5": 78.46890091896057, "Rank-10": 83.01435112953186}, "best_epoch": 2}
{"event": "epoch", "dataset": "RGBNT201", "epoch": 39, "steps": 53, "mean_loss": 0.8532596612876316, "seconds": 21.31444276898401, "official_fused": {"mAP": 69.67747588785836, "Rank-1": 71.05262875556946, "Rank-5": 79.30622100830078, "Rank-10": 83.49282145500183}, "best_epoch": 2}
{"event": "epoch", "dataset": "RGBNT201", "epoch": 40, "steps": 53, "mean_loss": 0.8530014067325952, "seconds": 21.17652887001168, "official_fused": {"mAP": 70.25055089514758, "Rank-1": 72.12918400764465, "Rank-5": 80.26315569877625, "Rank-10": 83.85167717933655}, "best_epoch": 2}
{"event": "epoch", "dataset": "RGBNT201", "epoch": 41, "steps": 53, "mean_loss": 0.8534908688293313, "seconds": 21.029239127994515, "official_fused": {"mAP": 70.40941814499203, "Rank-1": 72.36841917037964, "Rank-5": 79.78469133377075, "Rank-10": 83.73205661773682}, "best_epoch": 2}
{"event": "epoch", "dataset": "RGBNT201", "epoch": 42, "steps": 53, "mean_loss": 0.8525893676955745, "seconds": 21.137008448014967, "official_fused": {"mAP": 70.43778799351541, "Rank-1": 72.60765433311462, "Rank-5": 80.50239086151123, "Rank-10": 83.85167717933655}, "best_epoch": 2}
{"event": "epoch", "dataset": "RGBNT201", "epoch": 43, "steps": 53, "mean_loss": 0.8519903275201905, "seconds": 20.96274149400415, "official_fused": {"mAP": 70.17198291753616, "Rank-1": 71.29186391830444, "Rank-5": 80.02392053604126, "Rank-10": 83.85167717933655}, "best_epoch": 2}
{"event": "epoch", "dataset": "RGBNT201", "epoch": 44, "steps": 53, "mean_loss": 0.8524222182777693, "seconds": 20.85667116800323, "official_fused": {"mAP": 70.19490286019906, "Rank-1": 71.53109908103943, "Rank-5": 79.66507077217102, "Rank-10": 83.73205661773682}, "best_epoch": 2}
{"event": "epoch", "dataset": "RGBNT201", "epoch": 45, "steps": 53, "mean_loss": 0.8528226647736892, "seconds": 21.033660718007013, "official_fused": {"mAP": 69.94165910566439, "Rank-1": 71.41148447990417, "Rank-5": 79.30622100830078, "Rank-10": 83.73205661773682}, "best_epoch": 2}
{"event": "epoch", "dataset": "RGBNT201", "epoch": 46, "steps": 52, "mean_loss": 0.8520470972244556, "seconds": 20.881011025980115, "official_fused": {"mAP": 70.07684959060964, "Rank-1": 71.65071964263916, "Rank-5": 79.42583560943604, "Rank-10": 83.49282145500183}, "best_epoch": 2}
{"event": "epoch", "dataset": "RGBNT201", "epoch": 47, "steps": 53, "mean_loss": 0.8517405446970238, "seconds": 21.0684103910462, "official_fused": {"mAP": 70.2042867293604, "Rank-1": 71.77033424377441, "Rank-5": 79.54545617103577, "Rank-10": 83.61244201660156}, "best_epoch": 2}
{"event": "epoch", "dataset": "RGBNT201", "epoch": 48, "steps": 53, "mean_loss": 0.8519348232251294, "seconds": 20.92171534796944, "official_fused": {"mAP": 70.12744748734418, "Rank-1": 71.77033424377441, "Rank-5": 79.54545617103577, "Rank-10": 83.61244201660156}, "best_epoch": 2}
{"event": "epoch", "dataset": "RGBNT201", "epoch": 49, "steps": 53, "mean_loss": 0.8515604014666576, "seconds": 21.09042198600946, "official_fused": {"mAP": 70.05706406690126, "Rank-1": 71.53109908103943, "Rank-5": 79.66507077217102, "Rank-10": 83.61244201660156}, "best_epoch": 2}
{"event": "epoch", "dataset": "RGBNT201", "epoch": 50, "steps": 53, "mean_loss": 0.8521772049508005, "seconds": 21.110649590962566, "official_fused": {"mAP": 70.05776547410181, "Rank-1": 71.53109908103943, "Rank-5": 79.66507077217102, "Rank-10": 83.61244201660156}, "best_epoch": 2}
