/data/gaob/Re-ID/conda-envs/tri_reid/lib/python3.10/site-packages/timm/models/helpers.py:7: FutureWarning: Importing from timm.models.helpers is deprecated, please import via timm.models
  warnings.warn(f"Importing from {__name__} is deprecated, please import via timm.models", FutureWarning)
/data/gaob/Re-ID/conda-envs/tri_reid/lib/python3.10/site-packages/timm/models/registry.py:4: FutureWarning: Importing from timm.models.registry is deprecated, please import via timm.models
  warnings.warn(f"Importing from {__name__} is deprecated, please import via timm.models", FutureWarning)
/data/gaob/Re-ID/conda-envs/tri_reid/lib/python3.10/site-packages/timm/models/layers/__init__.py:48: FutureWarning: Importing from timm.models.layers is deprecated, please import via timm.layers
  warnings.warn(f"Importing from {__name__} is deprecated, please import via timm.layers", FutureWarning)
建立transformer............
using Transformer_type: ViT-B-16 as a backbone
Resized position embedding: %s to %s torch.Size([197, 768]) torch.Size([129, 768])
Position embedding resize to height:16 width: 8
Successfully load ckpt!
<All keys matched successfully>
Loading pretrained model from CLIP
camera number is : 4
===========Building Signal===========
using soft triplet loss for training
label smooth on, numclasses: 171
{"event": "epoch", "dataset": "RGBNT201", "recipe": "semantic", "epoch": 1, "steps": 53, "mean_loss": 4.128311485614416, "seconds": 34.55057839700021, "official_fused": {"mAP": 29.4483269244449, "Rank-1": 28.588515520095825, "Rank-5": 45.69377899169922, "Rank-10": 55.741626024246216}}
{"event": "epoch", "dataset": "RGBNT201", "recipe": "semantic", "epoch": 2, "steps": 53, "mean_loss": 3.2340579347790412, "seconds": 31.764788473024964, "official_fused": {"mAP": 52.79794056749893, "Rank-1": 52.272725105285645, "Rank-5": 64.35406804084778, "Rank-10": 70.69377899169922}}
{"event": "epoch", "dataset": "RGBNT201", "recipe": "semantic", "epoch": 3, "steps": 53, "mean_loss": 2.3519243541753516, "seconds": 32.80034611397423, "official_fused": {"mAP": 71.4544570720679, "Rank-1": 77.9904305934906, "Rank-5": 87.91866302490234, "Rank-10": 91.38755798339844}}
{"event": "epoch", "dataset": "RGBNT201", "recipe": "semantic", "epoch": 4, "steps": 53, "mean_loss": 1.742085429857362, "seconds": 32.764665207942016, "official_fused": {"mAP": 70.92673423507905, "Rank-1": 73.68420958518982, "Rank-5": 84.21052694320679, "Rank-10": 88.87559771537781}}
{"event": "epoch", "dataset": "RGBNT201", "recipe": "semantic", "epoch": 5, "steps": 53, "mean_loss": 1.3366463431772195, "seconds": 32.56854252296034, "official_fused": {"mAP": 66.1826594394748, "Rank-1": 68.89952421188354, "Rank-5": 80.74162602424622, "Rank-10": 86.12440228462219}}
{"event": "epoch", "dataset": "RGBNT201", "recipe": "semantic", "epoch": 6, "steps": 53, "mean_loss": 0.8262695164050696, "seconds": 32.24497115495615, "official_fused": {"mAP": 67.93308447110005, "Rank-1": 72.36841917037964, "Rank-5": 81.45933151245117, "Rank-10": 88.87559771537781}}
{"event": "epoch", "dataset": "RGBNT201", "recipe": "semantic", "epoch": 7, "steps": 53, "mean_loss": 0.5956783553339401, "seconds": 33.20422173908446, "official_fused": {"mAP": 73.8703080457142, "Rank-1": 77.51196026802063, "Rank-5": 88.0382776260376, "Rank-10": 92.46411323547363}}
{"event": "epoch", "dataset": "RGBNT201", "recipe": "semantic", "epoch": 8, "steps": 53, "mean_loss": 0.5546185874714041, "seconds": 32.336738014942966, "official_fused": {"mAP": 74.19037910724309, "Rank-1": 78.70813608169556, "Rank-5": 87.91866302490234, "Rank-10": 91.50717854499817}}
{"event": "epoch", "dataset": "RGBNT201", "recipe": "semantic", "epoch": 9, "steps": 53, "mean_loss": 0.5149693893936446, "seconds": 32.270618746988475, "official_fused": {"mAP": 72.89799989822498, "Rank-1": 75.71770548820496, "Rank-5": 86.24401688575745, "Rank-10": 90.19138813018799}}
{"event": "epoch", "dataset": "RGBNT201", "recipe": "semantic", "epoch": 10, "steps": 53, "mean_loss": 0.5083622004625932, "seconds": 32.98883059702348, "official_fused": {"mAP": 72.78915751749736, "Rank-1": 75.83732008934021, "Rank-5": 85.8851671218872, "Rank-10": 89.83253836631775}}
{"event": "epoch", "dataset": "RGBNT201", "recipe": "semantic", "epoch": 11, "steps": 53, "mean_loss": 0.5008166567334589, "seconds": 32.94131915702019, "official_fused": {"mAP": 72.59735699294254, "Rank-1": 75.23923516273499, "Rank-5": 85.64593195915222, "Rank-10": 90.55023789405823}}
{"event": "epoch", "dataset": "RGBNT201", "recipe": "semantic", "epoch": 12, "steps": 53, "mean_loss": 0.514655775056695, "seconds": 32.381355892983265, "official_fused": {"mAP": 73.23306944418114, "Rank-1": 76.79426074028015, "Rank-5": 86.84210777282715, "Rank-10": 91.50717854499817}}
{"event": "epoch", "dataset": "RGBNT201", "recipe": "semantic", "epoch": 13, "steps": 53, "mean_loss": 0.495145431667004, "seconds": 33.101644285954535, "official_fused": {"mAP": 73.04168573164431, "Rank-1": 76.0765552520752, "Rank-5": 86.9617223739624, "Rank-10": 91.14832282066345}}
{"event": "epoch", "dataset": "RGBNT201", "recipe": "semantic", "epoch": 14, "steps": 53, "mean_loss": 0.49565529373456846, "seconds": 32.43380172201432, "official_fused": {"mAP": 70.68641536640875, "Rank-1": 74.16267991065979, "Rank-5": 84.21052694320679, "Rank-10": 89.23444747924805}}
{"event": "epoch", "dataset": "RGBNT201", "recipe": "semantic", "epoch": 15, "steps": 53, "mean_loss": 0.4842522993402661, "seconds": 32.80087459797505, "official_fused": {"mAP": 71.17329830276279, "Rank-1": 74.16267991065979, "Rank-5": 85.047847032547, "Rank-10": 89.71291780471802}}
{"event": "epoch", "dataset": "RGBNT201", "recipe": "semantic", "epoch": 16, "steps": 53, "mean_loss": 0.4916039969561235, "seconds": 32.96073615294881, "official_fused": {"mAP": 70.88513331214223, "Rank-1": 72.96651005744934, "Rank-5": 83.13397169113159, "Rank-10": 88.75598311424255}}
{"event": "epoch", "dataset": "RGBNT201", "recipe": "semantic", "epoch": 17, "steps": 53, "mean_loss": 0.4782667250003455, "seconds": 32.64360641897656, "official_fused": {"mAP": 72.46183172470626, "Rank-1": 74.16267991065979, "Rank-5": 85.047847032547, "Rank-10": 89.952152967453}}
{"event": "epoch", "dataset": "RGBNT201", "recipe": "semantic", "epoch": 18, "steps": 53, "mean_loss": 0.4735769218993637, "seconds": 32.54762611200567, "official_fused": {"mAP": 73.5758790044642, "Rank-1": 75.83732008934021, "Rank-5": 86.00478172302246, "Rank-10": 90.43062329292297}}
{"event": "epoch", "dataset": "RGBNT201", "recipe": "semantic", "epoch": 19, "steps": 53, "mean_loss": 0.49905371834646983, "seconds": 32.905621781013906, "official_fused": {"mAP": 73.0198458292295, "Rank-1": 76.67464017868042, "Rank-5": 86.12440228462219, "Rank-10": 91.0287082195282}}
{"event": "epoch", "dataset": "RGBNT201", "recipe": "semantic", "epoch": 20, "steps": 53, "mean_loss": 0.4791648967086144, "seconds": 32.97219597897492, "official_fused": {"mAP": 73.69750502990952, "Rank-1": 75.35884976387024, "Rank-5": 85.76555252075195, "Rank-10": 90.55023789405823}}
{"event": "epoch", "dataset": "RGBNT201", "recipe": "semantic", "epoch": 21, "steps": 53, "mean_loss": 0.47575871674519665, "seconds": 32.88045656704344, "official_fused": {"mAP": 73.16806987069151, "Rank-1": 76.55502557754517, "Rank-5": 85.52631735801697, "Rank-10": 90.07176756858826}}
{"event": "epoch", "dataset": "RGBNT201", "recipe": "semantic", "epoch": 22, "steps": 53, "mean_loss": 0.47213059832464976, "seconds": 32.800108431023546, "official_fused": {"mAP": 71.33026068896626, "Rank-1": 72.48803973197937, "Rank-5": 82.65550136566162, "Rank-10": 87.67942786216736}}
{"event": "epoch", "dataset": "RGBNT201", "recipe": "semantic", "epoch": 23, "steps": 53, "mean_loss": 0.47866703429312074, "seconds": 33.16132600198034, "official_fused": {"mAP": 69.6067047706609, "Rank-1": 71.88995480537415, "Rank-5": 80.9808611869812, "Rank-10": 86.36363744735718}}
{"event": "epoch", "dataset": "RGBNT201", "recipe": "semantic", "epoch": 24, "steps": 53, "mean_loss": 0.4690748846755837, "seconds": 32.06402726797387, "official_fused": {"mAP": 69.8114753764688, "Rank-1": 71.88995480537415, "Rank-5": 81.57894611358643, "Rank-10": 87.44019269943237}}
{"event": "epoch", "dataset": "RGBNT201", "recipe": "semantic", "epoch": 25, "steps": 53, "mean_loss": 0.4664412315161723, "seconds": 32.78809149202425, "official_fused": {"mAP": 71.5068115296197, "Rank-1": 73.44497442245483, "Rank-5": 83.85167717933655, "Rank-10": 89.59330320358276}}
{"event": "epoch", "dataset": "RGBNT201", "recipe": "semantic", "epoch": 26, "steps": 53, "mean_loss": 0.46329828478255364, "seconds": 32.179823687067255, "official_fused": {"mAP": 72.13119143436356, "Rank-1": 74.52152967453003, "Rank-5": 84.09090638160706, "Rank-10": 90.31100273132324}}
{"event": "epoch", "dataset": "RGBNT201", "recipe": "semantic", "epoch": 27, "steps": 53, "mean_loss": 0.4594270075267216, "seconds": 32.90766798797995, "official_fused": {"mAP": 72.38130819100351, "Rank-1": 74.40191507339478, "Rank-5": 84.44976210594177, "Rank-10": 90.31100273132324}}
{"event": "epoch", "dataset": "RGBNT201", "recipe": "semantic", "epoch": 28, "steps": 53, "mean_loss": 0.45932613510005876, "seconds": 32.76216894201934, "official_fused": {"mAP": 72.07290988780171, "Rank-1": 74.04305934906006, "Rank-5": 84.09090638160706, "Rank-10": 89.59330320358276}}
{"event": "epoch", "dataset": "RGBNT201", "recipe": "semantic", "epoch": 29, "steps": 53, "mean_loss": 0.4590821131220404, "seconds": 32.924789489014074, "official_fused": {"mAP": 72.3623368028109, "Rank-1": 74.28229451179504, "Rank-5": 82.77512192726135, "Rank-10": 88.99521827697754}}
{"event": "epoch", "dataset": "RGBNT201", "recipe": "semantic", "epoch": 30, "steps": 53, "mean_loss": 0.46139457540692025, "seconds": 32.8076877030544, "official_fused": {"mAP": 72.11212918575075, "Rank-1": 73.9234447479248, "Rank-5": 83.85167717933655, "Rank-10": 88.99521827697754}}
{"event": "epoch", "dataset": "RGBNT201", "recipe": "semantic", "epoch": 31, "steps": 53, "mean_loss": 0.45711931192649985, "seconds": 32.84169126697816, "official_fused": {"mAP": 72.05264795233377, "Rank-1": 74.52152967453003, "Rank-5": 83.25358629226685, "Rank-10": 88.99521827697754}}
{"event": "epoch", "dataset": "RGBNT201", "recipe": "semantic", "epoch": 32, "steps": 53, "mean_loss": 0.45811576663323167, "seconds": 32.788708778098226, "official_fused": {"mAP": 70.92282012002136, "Rank-1": 72.84688949584961, "Rank-5": 83.01435112953186, "Rank-10": 88.87559771537781}}
{"event": "epoch", "dataset": "RGBNT201", "recipe": "semantic", "epoch": 33, "steps": 53, "mean_loss": 0.4564108561794713, "seconds": 33.244126389035955, "official_fused": {"mAP": 71.42270641384621, "Rank-1": 72.84688949584961, "Rank-5": 84.68899726867676, "Rank-10": 89.59330320358276}}
{"event": "epoch", "dataset": "RGBNT201", "recipe": "semantic", "epoch": 34, "steps": 53, "mean_loss": 0.45498049202954993, "seconds": 32.84949348401278, "official_fused": {"mAP": 71.06769046995994, "Rank-1": 73.20573925971985, "Rank-5": 84.33014154434204, "Rank-10": 89.952152967453}}
{"event": "epoch", "dataset": "RGBNT201", "recipe": "semantic", "epoch": 35, "steps": 53, "mean_loss": 0.4547191318475975, "seconds": 32.676819119020365, "official_fused": {"mAP": 71.04041991311921, "Rank-1": 73.20573925971985, "Rank-5": 83.85167717933655, "Rank-10": 89.1148328781128}}
{"event": "epoch", "dataset": "RGBNT201", "recipe": "semantic", "epoch": 36, "steps": 53, "mean_loss": 0.45288985630251327, "seconds": 31.881106460932642, "official_fused": {"mAP": 71.23299540779217, "Rank-1": 73.32535982131958, "Rank-5": 84.21052694320679, "Rank-10": 89.1148328781128}}
{"event": "epoch", "dataset": "RGBNT201", "recipe": "semantic", "epoch": 37, "steps": 53, "mean_loss": 0.4578794831374906, "seconds": 32.85714434599504, "official_fused": {"mAP": 71.54482714365088, "Rank-1": 74.88038539886475, "Rank-5": 85.76555252075195, "Rank-10": 89.35406804084778}}
{"event": "epoch", "dataset": "RGBNT201", "recipe": "semantic", "epoch": 38, "steps": 53, "mean_loss": 0.4577145520246254, "seconds": 32.81879154103808, "official_fused": {"mAP": 71.59600284284687, "Rank-1": 75.11961460113525, "Rank-5": 85.16746163368225, "Rank-10": 89.35406804084778}}
{"event": "epoch", "dataset": "RGBNT201", "recipe": "semantic", "epoch": 39, "steps": 53, "mean_loss": 0.4539585270971622, "seconds": 32.64610185509082, "official_fused": {"mAP": 71.38213158635725, "Rank-1": 74.88038539886475, "Rank-5": 84.56937670707703, "Rank-10": 89.59330320358276}}
{"event": "epoch", "dataset": "RGBNT201", "recipe": "semantic", "epoch": 40, "steps": 53, "mean_loss": 0.4530982808122095, "seconds": 32.808741351007484, "official_fused": {"mAP": 71.25552955362228, "Rank-1": 74.76076483726501, "Rank-5": 84.56937670707703, "Rank-10": 89.47368264198303}}
{"event": "epoch", "dataset": "RGBNT201", "recipe": "semantic", "epoch": 41, "steps": 53, "mean_loss": 0.4560693120056728, "seconds": 32.60107971401885, "official_fused": {"mAP": 70.99483451017579, "Rank-1": 73.68420958518982, "Rank-5": 83.61244201660156, "Rank-10": 89.23444747924805}}
{"event": "epoch", "dataset": "RGBNT201", "recipe": "semantic", "epoch": 42, "steps": 53, "mean_loss": 0.45310117107517317, "seconds": 32.604248248972, "official_fused": {"mAP": 71.17536401119547, "Rank-1": 73.9234447479248, "Rank-5": 83.9712917804718, "Rank-10": 89.83253836631775}}
{"event": "epoch", "dataset": "RGBNT201", "recipe": "semantic", "epoch": 43, "steps": 53, "mean_loss": 0.4542978490298649, "seconds": 32.552837542956695, "official_fused": {"mAP": 71.37418269709886, "Rank-1": 74.04305934906006, "Rank-5": 84.44976210594177, "Rank-10": 89.83253836631775}}
{"event": "epoch", "dataset": "RGBNT201", "recipe": "semantic", "epoch": 44, "steps": 53, "mean_loss": 0.4541826000753439, "seconds": 33.11679674393963, "official_fused": {"mAP": 71.4430943020844, "Rank-1": 74.16267991065979, "Rank-5": 83.85167717933655, "Rank-10": 89.71291780471802}}
{"event": "epoch", "dataset": "RGBNT201", "recipe": "semantic", "epoch": 45, "steps": 53, "mean_loss": 0.452562614994229, "seconds": 32.938798684976064, "official_fused": {"mAP": 71.31891092093049, "Rank-1": 74.16267991065979, "Rank-5": 83.85167717933655, "Rank-10": 89.952152967453}}
{"event": "epoch", "dataset": "RGBNT201", "recipe": "semantic", "epoch": 46, "steps": 52, "mean_loss": 0.4536219858206235, "seconds": 31.999738060985692, "official_fused": {"mAP": 71.28707668119368, "Rank-1": 74.28229451179504, "Rank-5": 84.21052694320679, "Rank-10": 89.83253836631775}}
{"event": "epoch", "dataset": "RGBNT201", "recipe": "semantic", "epoch": 47, "steps": 53, "mean_loss": 0.45171041083785723, "seconds": 32.79445117991418, "official_fused": {"mAP": 71.3363642509223, "Rank-1": 74.28229451179504, "Rank-5": 84.09090638160706, "Rank-10": 89.952152967453}}
{"event": "epoch", "dataset": "RGBNT201", "recipe": "semantic", "epoch": 48, "steps": 53, "mean_loss": 0.45324272929497483, "seconds": 32.789001415949315, "official_fused": {"mAP": 71.42429224364174, "Rank-1": 74.16267991065979, "Rank-5": 84.33014154434204, "Rank-10": 89.71291780471802}}
{"event": "epoch", "dataset": "RGBNT201", "recipe": "semantic", "epoch": 49, "steps": 53, "mean_loss": 0.45270981203834965, "seconds": 32.15992606501095, "official_fused": {"mAP": 71.46507611357059, "Rank-1": 74.04305934906006, "Rank-5": 84.21052694320679, "Rank-10": 89.952152967453}}
{"event": "epoch", "dataset": "RGBNT201", "recipe": "semantic", "epoch": 50, "steps": 53, "mean_loss": 0.4517569525061913, "seconds": 32.758752419031225, "official_fused": {"mAP": 71.28952404886525, "Rank-1": 74.28229451179504, "Rank-5": 84.21052694320679, "Rank-10": 89.71291780471802}}
