/data/gaob/Re-ID/conda-envs/tri_reid/lib/python3.10/site-packages/timm/models/helpers.py:7: FutureWarning: Importing from timm.models.helpers is deprecated, please import via timm.models
  warnings.warn(f"Importing from {__name__} is deprecated, please import via timm.models", FutureWarning)
/data/gaob/Re-ID/conda-envs/tri_reid/lib/python3.10/site-packages/timm/models/registry.py:4: FutureWarning: Importing from timm.models.registry is deprecated, please import via timm.models
  warnings.warn(f"Importing from {__name__} is deprecated, please import via timm.models", FutureWarning)
/data/gaob/Re-ID/conda-envs/tri_reid/lib/python3.10/site-packages/timm/models/layers/__init__.py:48: FutureWarning: Importing from timm.models.layers is deprecated, please import via timm.layers
  warnings.warn(f"Importing from {__name__} is deprecated, please import via timm.layers", FutureWarning)
建立transformer............
using Transformer_type: ViT-B-16 as a backbone
Resized position embedding: %s to %s torch.Size([197, 768]) torch.Size([129, 768])
Position embedding resize to height:8 width: 16
Successfully load ckpt!
<All keys matched successfully>
Loading pretrained model from CLIP
camera number is : 8
===========Building Signal===========
using soft triplet loss for training
label smooth on, numclasses: 50
{"event": "epoch", "dataset": "RGBNT100", "recipe": "semantic", "epoch": 1, "steps": 62, "mean_loss": 10.99777066323065, "seconds": 68.42087969800923, "official_fused": {"mAP": 58.136521032374546, "Rank-1": 83.2069993019104, "Rank-5": 85.01457571983337, "Rank-10": 86.00583076477051}}
{"event": "epoch", "dataset": "RGBNT100", "recipe": "semantic", "epoch": 2, "steps": 62, "mean_loss": 8.540281288085446, "seconds": 64.90298670192715, "official_fused": {"mAP": 70.10804825040594, "Rank-1": 87.28863000869751, "Rank-5": 88.51311802864075, "Rank-10": 89.38775658607483}}
{"event": "epoch", "dataset": "RGBNT100", "recipe": "semantic", "epoch": 3, "steps": 63, "mean_loss": 5.163528885160174, "seconds": 66.21488832507748, "official_fused": {"mAP": 75.77497128427781, "Rank-1": 93.1195318698883, "Rank-5": 93.58600378036499, "Rank-10": 93.93585920333862}}
{"event": "epoch", "dataset": "RGBNT100", "recipe": "semantic", "epoch": 4, "steps": 61, "mean_loss": 2.6126187316706924, "seconds": 63.8570568789728, "official_fused": {"mAP": 80.74954385394287, "Rank-1": 94.1690981388092, "Rank-5": 94.63557004928589, "Rank-10": 94.69387531280518}}
{"event": "epoch", "dataset": "RGBNT100", "recipe": "semantic", "epoch": 5, "steps": 63, "mean_loss": 1.6579696053550357, "seconds": 66.67703250690829, "official_fused": {"mAP": 82.37434435414055, "Rank-1": 95.62682509422302, "Rank-5": 96.20991349220276, "Rank-10": 96.85131311416626}}
{"event": "epoch", "dataset": "RGBNT100", "recipe": "semantic", "epoch": 6, "steps": 63, "mean_loss": 1.417959209472414, "seconds": 66.82958997297101, "official_fused": {"mAP": 82.16603109345941, "Rank-1": 94.69387531280518, "Rank-5": 95.4518973827362, "Rank-10": 95.91836929321289}}
{"event": "epoch", "dataset": "RGBNT100", "recipe": "semantic", "epoch": 7, "steps": 62, "mean_loss": 1.30123984044598, "seconds": 65.83363822300453, "official_fused": {"mAP": 82.32419729757788, "Rank-1": 95.80174684524536, "Rank-5": 96.67638540267944, "Rank-10": 97.25947380065918}}
{"event": "epoch", "dataset": "RGBNT100", "recipe": "semantic", "epoch": 8, "steps": 63, "mean_loss": 1.2375714457224285, "seconds": 67.41808367194608, "official_fused": {"mAP": 82.63926711069965, "Rank-1": 95.62682509422302, "Rank-5": 96.67638540267944, "Rank-10": 97.25947380065918}}
{"event": "epoch", "dataset": "RGBNT100", "recipe": "semantic", "epoch": 9, "steps": 63, "mean_loss": 1.2020649172010875, "seconds": 66.5143043739954, "official_fused": {"mAP": 82.94312063643218, "Rank-1": 95.97667455673218, "Rank-5": 96.50145769119263, "Rank-10": 97.14285731315613}}
{"event": "epoch", "dataset": "RGBNT100", "recipe": "semantic", "epoch": 10, "steps": 62, "mean_loss": 1.176914022814843, "seconds": 64.7111907210201, "official_fused": {"mAP": 82.45038195779928, "Rank-1": 96.03498578071594, "Rank-5": 97.49271273612976, "Rank-10": 97.8425681591034}}
{"event": "epoch", "dataset": "RGBNT100", "recipe": "semantic", "epoch": 11, "steps": 63, "mean_loss": 1.1634508749795338, "seconds": 66.2920349650085, "official_fused": {"mAP": 82.70567210978996, "Rank-1": 96.67638540267944, "Rank-5": 97.37609624862671, "Rank-10": 97.78425693511963}}
{"event": "epoch", "dataset": "RGBNT100", "recipe": "semantic", "epoch": 12, "steps": 63, "mean_loss": 1.1518046591016982, "seconds": 66.26893920800649, "official_fused": {"mAP": 82.62933566299758, "Rank-1": 96.38484120368958, "Rank-5": 97.20116853713989, "Rank-10": 97.8425681591034}}
{"event": "epoch", "dataset": "RGBNT100", "recipe": "semantic", "epoch": 13, "steps": 63, "mean_loss": 1.1467522761178395, "seconds": 66.75418938009534, "official_fused": {"mAP": 82.59229612582375, "Rank-1": 96.44314646720886, "Rank-5": 97.20116853713989, "Rank-10": 97.66764044761658}}
{"event": "epoch", "dataset": "RGBNT100", "recipe": "semantic", "epoch": 14, "steps": 63, "mean_loss": 1.1417505514054072, "seconds": 66.68806222605053, "official_fused": {"mAP": 82.90200570838554, "Rank-1": 96.44314646720886, "Rank-5": 96.85131311416626, "Rank-10": 97.25947380065918}}
{"event": "epoch", "dataset": "RGBNT100", "recipe": "semantic", "epoch": 15, "steps": 63, "mean_loss": 1.134881543734717, "seconds": 66.20583375997376, "official_fused": {"mAP": 82.6918216054386, "Rank-1": 95.74344158172607, "Rank-5": 96.38484120368958, "Rank-10": 96.90961837768555}}
{"event": "epoch", "dataset": "RGBNT100", "recipe": "semantic", "epoch": 16, "steps": 63, "mean_loss": 1.1256245544978551, "seconds": 65.67666568094864, "official_fused": {"mAP": 82.52892489356749, "Rank-1": 96.20991349220276, "Rank-5": 96.96792960166931, "Rank-10": 97.14285731315613}}
{"event": "epoch", "dataset": "RGBNT100", "recipe": "semantic", "epoch": 17, "steps": 62, "mean_loss": 1.117225145140002, "seconds": 65.61991934897378, "official_fused": {"mAP": 82.50790621820488, "Rank-1": 95.74344158172607, "Rank-5": 96.67638540267944, "Rank-10": 97.02624082565308}}
{"event": "epoch", "dataset": "RGBNT100", "recipe": "semantic", "epoch": 18, "steps": 62, "mean_loss": 1.11396356936424, "seconds": 65.6754172029905, "official_fused": {"mAP": 82.17633466982134, "Rank-1": 96.151602268219, "Rank-5": 96.85131311416626, "Rank-10": 97.31778502464294}}
{"event": "epoch", "dataset": "RGBNT100", "recipe": "semantic", "epoch": 19, "steps": 63, "mean_loss": 1.1092951808656966, "seconds": 66.21691711398307, "official_fused": {"mAP": 81.80941716372745, "Rank-1": 95.5102026462555, "Rank-5": 96.32652997970581, "Rank-10": 96.67638540267944}}
{"event": "epoch", "dataset": "RGBNT100", "recipe": "semantic", "epoch": 20, "steps": 62, "mean_loss": 1.106032584944079, "seconds": 65.53598621103447, "official_fused": {"mAP": 81.74729956713207, "Rank-1": 95.97667455673218, "Rank-5": 96.50145769119263, "Rank-10": 96.7930018901825}}
{"event": "epoch", "dataset": "RGBNT100", "recipe": "semantic", "epoch": 21, "steps": 63, "mean_loss": 1.1015071925662814, "seconds": 66.11132913199253, "official_fused": {"mAP": 82.58813201056779, "Rank-1": 95.91836929321289, "Rank-5": 96.67638540267944, "Rank-10": 96.96792960166931}}
{"event": "epoch", "dataset": "RGBNT100", "recipe": "semantic", "epoch": 22, "steps": 63, "mean_loss": 1.104102136596801, "seconds": 66.04749241203535, "official_fused": {"mAP": 82.08923979908158, "Rank-1": 96.32652997970581, "Rank-5": 96.90961837768555, "Rank-10": 97.31778502464294}}
{"event": "epoch", "dataset": "RGBNT100", "recipe": "semantic", "epoch": 23, "steps": 63, "mean_loss": 1.0952676818484353, "seconds": 67.23201791802421, "official_fused": {"mAP": 82.15915353284372, "Rank-1": 95.62682509422302, "Rank-5": 96.38484120368958, "Rank-10": 96.73469662666321}}
{"event": "epoch", "dataset": "RGBNT100", "recipe": "semantic", "epoch": 24, "steps": 63, "mean_loss": 1.093140484794738, "seconds": 67.21367215400096, "official_fused": {"mAP": 82.38539171007892, "Rank-1": 95.74344158172607, "Rank-5": 96.26821875572205, "Rank-10": 96.67638540267944}}
{"event": "epoch", "dataset": "RGBNT100", "recipe": "semantic", "epoch": 25, "steps": 63, "mean_loss": 1.0919415174968659, "seconds": 67.08537477906793, "official_fused": {"mAP": 82.81836342673262, "Rank-1": 96.32652997970581, "Rank-5": 96.90961837768555, "Rank-10": 97.20116853713989}}
{"event": "epoch", "dataset": "RGBNT100", "recipe": "semantic", "epoch": 26, "steps": 63, "mean_loss": 1.0920900674093337, "seconds": 67.22608462395146, "official_fused": {"mAP": 83.28153653451179, "Rank-1": 96.44314646720886, "Rank-5": 97.25947380065918, "Rank-10": 97.66764044761658}}
{"event": "epoch", "dataset": "RGBNT100", "recipe": "semantic", "epoch": 27, "steps": 63, "mean_loss": 1.0898213291925096, "seconds": 67.06990329094697, "official_fused": {"mAP": 82.77966696575648, "Rank-1": 96.38484120368958, "Rank-5": 96.67638540267944, "Rank-10": 97.14285731315613}}
{"event": "epoch", "dataset": "RGBNT100", "recipe": "semantic", "epoch": 28, "steps": 62, "mean_loss": 1.0880363545110148, "seconds": 65.45875251397956, "official_fused": {"mAP": 83.11048660488979, "Rank-1": 96.32652997970581, "Rank-5": 96.67638540267944, "Rank-10": 97.08454608917236}}
{"event": "epoch", "dataset": "RGBNT100", "recipe": "semantic", "epoch": 29, "steps": 63, "mean_loss": 1.0875896783102126, "seconds": 66.96532000903971, "official_fused": {"mAP": 82.80307528332848, "Rank-1": 96.03498578071594, "Rank-5": 96.44314646720886, "Rank-10": 96.96792960166931}}
{"event": "epoch", "dataset": "RGBNT100", "recipe": "semantic", "epoch": 30, "steps": 62, "mean_loss": 1.0847189272603681, "seconds": 65.31031229509972, "official_fused": {"mAP": 82.72444528850548, "Rank-1": 95.74344158172607, "Rank-5": 96.55976891517639, "Rank-10": 96.90961837768555}}
{"event": "epoch", "dataset": "RGBNT100", "recipe": "semantic", "epoch": 31, "steps": 62, "mean_loss": 1.0848476790612744, "seconds": 65.77497626200784, "official_fused": {"mAP": 82.1371287124942, "Rank-1": 95.62682509422302, "Rank-5": 96.44314646720886, "Rank-10": 96.85131311416626}}
{"event": "epoch", "dataset": "RGBNT100", "recipe": "semantic", "epoch": 32, "steps": 62, "mean_loss": 1.0835874022976044, "seconds": 65.73584290000144, "official_fused": {"mAP": 82.41406499643813, "Rank-1": 95.86005806922913, "Rank-5": 96.50145769119263, "Rank-10": 97.02624082565308}}
{"event": "epoch", "dataset": "RGBNT100", "recipe": "semantic", "epoch": 33, "steps": 63, "mean_loss": 1.081786937183804, "seconds": 67.5275567030767, "official_fused": {"mAP": 82.72069307577873, "Rank-1": 95.62682509422302, "Rank-5": 96.73469662666321, "Rank-10": 97.25947380065918}}
{"event": "epoch", "dataset": "RGBNT100", "recipe": "semantic", "epoch": 34, "steps": 62, "mean_loss": 1.0812363720709277, "seconds": 65.1857641619863, "official_fused": {"mAP": 82.42047420923919, "Rank-1": 95.74344158172607, "Rank-5": 96.55976891517639, "Rank-10": 96.90961837768555}}
{"event": "epoch", "dataset": "RGBNT100", "recipe": "semantic", "epoch": 35, "steps": 63, "mean_loss": 1.0811068311570182, "seconds": 65.13934604392853, "official_fused": {"mAP": 82.49943158938746, "Rank-1": 95.97667455673218, "Rank-5": 96.85131311416626, "Rank-10": 97.20116853713989}}
{"event": "epoch", "dataset": "RGBNT100", "recipe": "semantic", "epoch": 36, "steps": 62, "mean_loss": 1.08422177837741, "seconds": 64.5695551210083, "official_fused": {"mAP": 82.51177616715894, "Rank-1": 95.62682509422302, "Rank-5": 96.50145769119263, "Rank-10": 97.08454608917236}}
{"event": "epoch", "dataset": "RGBNT100", "recipe": "semantic", "epoch": 37, "steps": 63, "mean_loss": 1.0807354620524816, "seconds": 65.74397513305303, "official_fused": {"mAP": 82.33254620049243, "Rank-1": 95.56851387023926, "Rank-5": 96.90961837768555, "Rank-10": 97.25947380065918}}
{"event": "epoch", "dataset": "RGBNT100", "recipe": "semantic", "epoch": 38, "steps": 63, "mean_loss": 1.0791720889863514, "seconds": 65.49705572100356, "official_fused": {"mAP": 82.44147101090087, "Rank-1": 95.80174684524536, "Rank-5": 96.50145769119263, "Rank-10": 97.08454608917236}}
{"event": "epoch", "dataset": "RGBNT100", "recipe": "semantic", "epoch": 39, "steps": 63, "mean_loss": 1.0802853618349348, "seconds": 65.76004237297457, "official_fused": {"mAP": 82.41142866910589, "Rank-1": 95.62682509422302, "Rank-5": 96.90961837768555, "Rank-10": 97.25947380065918}}
{"event": "epoch", "dataset": "RGBNT100", "recipe": "semantic", "epoch": 40, "steps": 62, "mean_loss": 1.0792259131708453, "seconds": 64.57339494000189, "official_fused": {"mAP": 82.48075879589555, "Rank-1": 95.5102026462555, "Rank-5": 96.55976891517639, "Rank-10": 97.08454608917236}}
{"event": "epoch", "dataset": "RGBNT100", "recipe": "semantic", "epoch": 41, "steps": 63, "mean_loss": 1.0789591055067758, "seconds": 65.79485207400285, "official_fused": {"mAP": 82.62924533870685, "Rank-1": 95.62682509422302, "Rank-5": 96.61807417869568, "Rank-10": 96.90961837768555}}
{"event": "epoch", "dataset": "RGBNT100", "recipe": "semantic", "epoch": 42, "steps": 63, "mean_loss": 1.0784029392969041, "seconds": 65.78909154608846, "official_fused": {"mAP": 82.55781363667082, "Rank-1": 95.74344158172607, "Rank-5": 96.73469662666321, "Rank-10": 97.08454608917236}}
{"event": "epoch", "dataset": "RGBNT100", "recipe": "semantic", "epoch": 43, "steps": 62, "mean_loss": 1.078230292566361, "seconds": 64.6051962589845, "official_fused": {"mAP": 82.58067516922777, "Rank-1": 95.74344158172607, "Rank-5": 96.7930018901825, "Rank-10": 96.85131311416626}}
{"event": "epoch", "dataset": "RGBNT100", "recipe": "semantic", "epoch": 44, "steps": 62, "mean_loss": 1.0777147604573158, "seconds": 65.01516035199165, "official_fused": {"mAP": 82.61816441333653, "Rank-1": 95.86005806922913, "Rank-5": 96.7930018901825, "Rank-10": 97.02624082565308}}
{"event": "epoch", "dataset": "RGBNT100", "recipe": "semantic", "epoch": 45, "steps": 62, "mean_loss": 1.078209602063702, "seconds": 64.722826218931, "official_fused": {"mAP": 82.52264963822189, "Rank-1": 95.62682509422302, "Rank-5": 96.50145769119263, "Rank-10": 96.85131311416626}}
{"event": "epoch", "dataset": "RGBNT100", "recipe": "semantic", "epoch": 46, "steps": 63, "mean_loss": 1.0775756173663669, "seconds": 66.47255813202355, "official_fused": {"mAP": 82.7732916299508, "Rank-1": 95.80174684524536, "Rank-5": 96.7930018901825, "Rank-10": 96.96792960166931}}
{"event": "epoch", "dataset": "RGBNT100", "recipe": "semantic", "epoch": 47, "steps": 62, "mean_loss": 1.077631865778277, "seconds": 64.50927817600314, "official_fused": {"mAP": 82.67455532190631, "Rank-1": 95.68513035774231, "Rank-5": 96.55976891517639, "Rank-10": 96.96792960166931}}
{"event": "epoch", "dataset": "RGBNT100", "recipe": "semantic", "epoch": 48, "steps": 63, "mean_loss": 1.0771699500462366, "seconds": 66.10586565197445, "official_fused": {"mAP": 82.5256371764893, "Rank-1": 95.74344158172607, "Rank-5": 96.50145769119263, "Rank-10": 97.14285731315613}}
{"event": "epoch", "dataset": "RGBNT100", "recipe": "semantic", "epoch": 49, "steps": 63, "mean_loss": 1.077272821986486, "seconds": 65.9735385630047, "official_fused": {"mAP": 82.47662602679497, "Rank-1": 95.80174684524536, "Rank-5": 96.38484120368958, "Rank-10": 97.08454608917236}}
{"event": "epoch", "dataset": "RGBNT100", "recipe": "semantic", "epoch": 50, "steps": 62, "mean_loss": 1.0770265709969304, "seconds": 65.36251369898673, "official_fused": {"mAP": 82.41858507783543, "Rank-1": 95.74344158172607, "Rank-5": 96.50145769119263, "Rank-10": 96.96792960166931}}
