/data/gaob/Re-ID/conda-envs/tri_reid/lib/python3.10/site-packages/timm/models/helpers.py:7: FutureWarning: Importing from timm.models.helpers is deprecated, please import via timm.models
  warnings.warn(f"Importing from {__name__} is deprecated, please import via timm.models", FutureWarning)
/data/gaob/Re-ID/conda-envs/tri_reid/lib/python3.10/site-packages/timm/models/registry.py:4: FutureWarning: Importing from timm.models.registry is deprecated, please import via timm.models
  warnings.warn(f"Importing from {__name__} is deprecated, please import via timm.models", FutureWarning)
/data/gaob/Re-ID/conda-envs/tri_reid/lib/python3.10/site-packages/timm/models/layers/__init__.py:48: FutureWarning: Importing from timm.models.layers is deprecated, please import via timm.layers
  warnings.warn(f"Importing from {__name__} is deprecated, please import via timm.layers", FutureWarning)
建立transformer............
using Transformer_type: ViT-B-16 as a backbone
Resized position embedding: %s to %s torch.Size([197, 768]) torch.Size([129, 768])
Position embedding resize to height:8 width: 16
Successfully load ckpt!
<All keys matched successfully>
Loading pretrained model from CLIP
camera number is : 8
===========Building Signal===========
{"event": "epoch", "dataset": "RGBNT100", "epoch": 1, "steps": 130, "mean_loss": 2.531353382880871, "seconds": 41.330818086004, "official_fused": {"mAP": 85.18839867069983, "Rank-1": 95.10204195976257, "Rank-5": 95.68513035774231, "Rank-10": 96.0932970046997}, "best_epoch": 1}
{"event": "epoch", "dataset": "RGBNT100", "epoch": 2, "steps": 131, "mean_loss": 0.8945162023296793, "seconds": 39.93440456400276, "official_fused": {"mAP": 84.75470501022006, "Rank-1": 95.80174684524536, "Rank-5": 96.61807417869568, "Rank-10": 97.08454608917236}, "best_epoch": 1}
{"event": "epoch", "dataset": "RGBNT100", "epoch": 3, "steps": 132, "mean_loss": 0.7292475411386201, "seconds": 40.27462563398876, "official_fused": {"mAP": 82.44770428151915, "Rank-1": 95.74344158172607, "Rank-5": 96.67638540267944, "Rank-10": 97.08454608917236}, "best_epoch": 1}
{"event": "epoch", "dataset": "RGBNT100", "epoch": 4, "steps": 131, "mean_loss": 0.7188570799718377, "seconds": 40.33546969699091, "official_fused": {"mAP": 81.28753202549558, "Rank-1": 94.46064233779907, "Rank-5": 95.10204195976257, "Rank-10": 95.86005806922913}, "best_epoch": 1}
{"event": "epoch", "dataset": "RGBNT100", "epoch": 5, "steps": 132, "mean_loss": 0.7135732864791696, "seconds": 40.31691494099505, "official_fused": {"mAP": 81.9511529827523, "Rank-1": 95.21865844726562, "Rank-5": 95.86005806922913, "Rank-10": 96.20991349220276}, "best_epoch": 1}
{"event": "epoch", "dataset": "RGBNT100", "epoch": 6, "steps": 131, "mean_loss": 0.7112320402196346, "seconds": 40.043108698999276, "official_fused": {"mAP": 82.19818230518425, "Rank-1": 94.51894760131836, "Rank-5": 95.56851387023926, "Rank-10": 95.97667455673218}, "best_epoch": 1}
{"event": "epoch", "dataset": "RGBNT100", "epoch": 7, "steps": 132, "mean_loss": 0.7089777588844299, "seconds": 40.35036961500009, "official_fused": {"mAP": 81.84294038168801, "Rank-1": 94.8104977607727, "Rank-5": 95.56851387023926, "Rank-10": 95.80174684524536}, "best_epoch": 1}
{"event": "epoch", "dataset": "RGBNT100", "epoch": 8, "steps": 131, "mean_loss": 0.7083207664598945, "seconds": 40.06121356700896, "official_fused": {"mAP": 82.12289868261836, "Rank-1": 94.40233111381531, "Rank-5": 95.33527493476868, "Rank-10": 95.68513035774231}, "best_epoch": 1}
{"event": "epoch", "dataset": "RGBNT100", "epoch": 9, "steps": 130, "mean_loss": 0.7082326348011311, "seconds": 39.76045700100076, "official_fused": {"mAP": 82.55147473108077, "Rank-1": 94.86880302429199, "Rank-5": 95.5102026462555, "Rank-10": 96.26821875572205}, "best_epoch": 1}
{"event": "epoch", "dataset": "RGBNT100", "epoch": 10, "steps": 132, "mean_loss": 0.7078038905606125, "seconds": 40.33400368099683, "official_fused": {"mAP": 82.63718363455556, "Rank-1": 94.51894760131836, "Rank-5": 95.80174684524536, "Rank-10": 96.50145769119263}, "best_epoch": 1}
{"event": "epoch", "dataset": "RGBNT100", "epoch": 11, "steps": 131, "mean_loss": 0.7074907358366115, "seconds": 40.07362772199849, "official_fused": {"mAP": 82.71355585951532, "Rank-1": 94.57725882530212, "Rank-5": 95.91836929321289, "Rank-10": 96.61807417869568}, "best_epoch": 1}
{"event": "epoch", "dataset": "RGBNT100", "epoch": 12, "steps": 131, "mean_loss": 0.7076122724372922, "seconds": 39.90331475100538, "official_fused": {"mAP": 82.1444795655461, "Rank-1": 94.28571462631226, "Rank-5": 95.68513035774231, "Rank-10": 96.26821875572205}, "best_epoch": 1}
{"event": "epoch", "dataset": "RGBNT100", "epoch": 13, "steps": 131, "mean_loss": 0.707495036470981, "seconds": 39.7485521339986, "official_fused": {"mAP": 82.42688786615773, "Rank-1": 94.69387531280518, "Rank-5": 95.4518973827362, "Rank-10": 96.0932970046997}, "best_epoch": 1}
{"event": "epoch", "dataset": "RGBNT100", "epoch": 14, "steps": 132, "mean_loss": 0.7075772687341227, "seconds": 40.18837575700309, "official_fused": {"mAP": 82.54695627990543, "Rank-1": 94.1690981388092, "Rank-5": 95.21865844726562, "Rank-10": 95.80174684524536}, "best_epoch": 1}
{"event": "epoch", "dataset": "RGBNT100", "epoch": 15, "steps": 129, "mean_loss": 0.7072980066602544, "seconds": 39.5892302840075, "official_fused": {"mAP": 82.12967293209947, "Rank-1": 94.69387531280518, "Rank-5": 95.5102026462555, "Rank-10": 95.91836929321289}, "best_epoch": 1}
{"event": "epoch", "dataset": "RGBNT100", "epoch": 16, "steps": 131, "mean_loss": 0.707164469566054, "seconds": 40.43612111399125, "official_fused": {"mAP": 82.56235225244126, "Rank-1": 94.63557004928589, "Rank-5": 95.33527493476868, "Rank-10": 95.68513035774231}, "best_epoch": 1}
{"event": "epoch", "dataset": "RGBNT100", "epoch": 17, "steps": 132, "mean_loss": 0.7072021283886649, "seconds": 40.44832124099776, "official_fused": {"mAP": 82.4129251349354, "Rank-1": 94.46064233779907, "Rank-5": 95.5102026462555, "Rank-10": 96.32652997970581}, "best_epoch": 1}
{"event": "epoch", "dataset": "RGBNT100", "epoch": 18, "steps": 132, "mean_loss": 0.7074416713281111, "seconds": 40.51751532399794, "official_fused": {"mAP": 82.80580468439749, "Rank-1": 94.8104977607727, "Rank-5": 95.5102026462555, "Rank-10": 96.26821875572205}, "best_epoch": 1}
{"event": "epoch", "dataset": "RGBNT100", "epoch": 19, "steps": 132, "mean_loss": 0.7070644976514758, "seconds": 40.35065422201296, "official_fused": {"mAP": 82.58522431068245, "Rank-1": 94.51894760131836, "Rank-5": 95.33527493476868, "Rank-10": 95.91836929321289}, "best_epoch": 1}
