/data2/gb/Re-ID/conda-envs/tri_reid/lib/python3.10/site-packages/timm/models/helpers.py:7: FutureWarning: Importing from timm.models.helpers is deprecated, please import via timm.models
  warnings.warn(f"Importing from {__name__} is deprecated, please import via timm.models", FutureWarning)
/data2/gb/Re-ID/conda-envs/tri_reid/lib/python3.10/site-packages/timm/models/registry.py:4: FutureWarning: Importing from timm.models.registry is deprecated, please import via timm.models
  warnings.warn(f"Importing from {__name__} is deprecated, please import via timm.models", FutureWarning)
/data2/gb/Re-ID/conda-envs/tri_reid/lib/python3.10/site-packages/timm/models/layers/__init__.py:48: FutureWarning: Importing from timm.models.layers is deprecated, please import via timm.layers
  warnings.warn(f"Importing from {__name__} is deprecated, please import via timm.layers", FutureWarning)
建立transformer............
using Transformer_type: ViT-B-16 as a backbone
Resized position embedding: %s to %s torch.Size([197, 768]) torch.Size([129, 768])
Position embedding resize to height:16 width: 8
Successfully load ckpt!
<All keys matched successfully>
Loading pretrained model from CLIP
camera number is : 4
===========Building Signal===========
using soft triplet loss for training
label smooth on, numclasses: 171
{"event": "epoch", "dataset": "RGBNT201", "recipe": "author", "epoch": 1, "steps": 53, "mean_loss": 2.0752748565853767, "seconds": 28.27630669507198, "official_fused": {"mAP": 26.048165433148924, "Rank-1": 23.923444747924805, "Rank-5": 37.081339955329895, "Rank-10": 48.56459200382233}}
{"event": "epoch", "dataset": "RGBNT201", "recipe": "author", "epoch": 2, "steps": 53, "mean_loss": 1.5963536096069049, "seconds": 28.316035644966178, "official_fused": {"mAP": 58.232242780954245, "Rank-1": 59.21052694320679, "Rank-5": 69.73684430122375, "Rank-10": 78.34928035736084}}
{"event": "epoch", "dataset": "RGBNT201", "recipe": "author", "epoch": 3, "steps": 53, "mean_loss": 1.1868875251626068, "seconds": 28.89540711895097, "official_fused": {"mAP": 52.35113481215935, "Rank-1": 58.253586292266846, "Rank-5": 69.85645890235901, "Rank-10": 75.71770548820496}}
{"event": "epoch", "dataset": "RGBNT201", "recipe": "author", "epoch": 4, "steps": 53, "mean_loss": 0.8793235927257897, "seconds": 30.126044470001943, "official_fused": {"mAP": 68.59726047394126, "Rank-1": 74.76076483726501, "Rank-5": 85.047847032547, "Rank-10": 90.43062329292297}}
{"event": "epoch", "dataset": "RGBNT201", "recipe": "author", "epoch": 5, "steps": 53, "mean_loss": 0.6559801798946453, "seconds": 29.6830912460573, "official_fused": {"mAP": 69.65188687783427, "Rank-1": 70.69377899169922, "Rank-5": 81.45933151245117, "Rank-10": 86.00478172302246}}
{"event": "epoch", "dataset": "RGBNT201", "recipe": "author", "epoch": 6, "steps": 53, "mean_loss": 0.39435823908391987, "seconds": 29.095905155991204, "official_fused": {"mAP": 66.89311855992565, "Rank-1": 67.9425835609436, "Rank-5": 79.0669858455658, "Rank-10": 85.28708219528198}}
{"event": "epoch", "dataset": "RGBNT201", "recipe": "author", "epoch": 7, "steps": 53, "mean_loss": 0.2994974862854436, "seconds": 29.668738052016124, "official_fused": {"mAP": 71.87508772526438, "Rank-1": 74.16267991065979, "Rank-5": 84.80861186981201, "Rank-10": 89.23444747924805}}
{"event": "epoch", "dataset": "RGBNT201", "recipe": "author", "epoch": 8, "steps": 53, "mean_loss": 0.2787967625091661, "seconds": 29.55591525998898, "official_fused": {"mAP": 71.05364434121203, "Rank-1": 74.16267991065979, "Rank-5": 84.44976210594177, "Rank-10": 88.51674795150757}}
{"event": "epoch", "dataset": "RGBNT201", "recipe": "author", "epoch": 9, "steps": 53, "mean_loss": 0.25794230513977556, "seconds": 30.252354395925067, "official_fused": {"mAP": 69.76910532007047, "Rank-1": 73.56459498405457, "Rank-5": 82.17703104019165, "Rank-10": 86.12440228462219}}
{"event": "epoch", "dataset": "RGBNT201", "recipe": "author", "epoch": 10, "steps": 53, "mean_loss": 0.2546458924716374, "seconds": 29.775928443996236, "official_fused": {"mAP": 69.90517025794996, "Rank-1": 73.20573925971985, "Rank-5": 81.81818127632141, "Rank-10": 86.84210777282715}}
{"event": "epoch", "dataset": "RGBNT201", "recipe": "author", "epoch": 11, "steps": 53, "mean_loss": 0.2500228789055122, "seconds": 30.40749853698071, "official_fused": {"mAP": 70.6158961248523, "Rank-1": 73.32535982131958, "Rank-5": 83.25358629226685, "Rank-10": 87.20095753669739}}
{"event": "epoch", "dataset": "RGBNT201", "recipe": "author", "epoch": 12, "steps": 53, "mean_loss": 0.25494096948290773, "seconds": 30.093349086935632, "official_fused": {"mAP": 71.83228389414545, "Rank-1": 75.11961460113525, "Rank-5": 83.9712917804718, "Rank-10": 87.67942786216736}}
{"event": "epoch", "dataset": "RGBNT201", "recipe": "author", "epoch": 13, "steps": 53, "mean_loss": 0.24811459937185612, "seconds": 29.998233130085282, "official_fused": {"mAP": 72.11059255614735, "Rank-1": 75.35884976387024, "Rank-5": 83.73205661773682, "Rank-10": 87.91866302490234}}
{"event": "epoch", "dataset": "RGBNT201", "recipe": "author", "epoch": 14, "steps": 53, "mean_loss": 0.2467482219327171, "seconds": 29.413754537003115, "official_fused": {"mAP": 70.01822045458253, "Rank-1": 71.88995480537415, "Rank-5": 82.29665160179138, "Rank-10": 87.08133697509766}}
{"event": "epoch", "dataset": "RGBNT201", "recipe": "author", "epoch": 15, "steps": 53, "mean_loss": 0.2425159528008047, "seconds": 30.026822054060176, "official_fused": {"mAP": 70.57714538153063, "Rank-1": 72.96651005744934, "Rank-5": 82.8947365283966, "Rank-10": 87.44019269943237}}
{"event": "epoch", "dataset": "RGBNT201", "recipe": "author", "epoch": 16, "steps": 53, "mean_loss": 0.24587059864458047, "seconds": 29.944181462051347, "official_fused": {"mAP": 71.94828804976504, "Rank-1": 74.76076483726501, "Rank-5": 85.40669679641724, "Rank-10": 89.47368264198303}}
{"event": "epoch", "dataset": "RGBNT201", "recipe": "author", "epoch": 17, "steps": 53, "mean_loss": 0.24124490652444228, "seconds": 30.987575381994247, "official_fused": {"mAP": 71.97696809234291, "Rank-1": 74.16267991065979, "Rank-5": 84.09090638160706, "Rank-10": 88.27751278877258}}
{"event": "epoch", "dataset": "RGBNT201", "recipe": "author", "epoch": 18, "steps": 53, "mean_loss": 0.24303450927419482, "seconds": 29.827954204985872, "official_fused": {"mAP": 71.26288733316154, "Rank-1": 74.16267991065979, "Rank-5": 83.85167717933655, "Rank-10": 87.91866302490234}}
{"event": "epoch", "dataset": "RGBNT201", "recipe": "author", "epoch": 19, "steps": 53, "mean_loss": 0.24807612879096336, "seconds": 29.709289207006805, "official_fused": {"mAP": 69.69164264014664, "Rank-1": 75.11961460113525, "Rank-5": 84.68899726867676, "Rank-10": 88.27751278877258}}
{"event": "epoch", "dataset": "RGBNT201", "recipe": "author", "epoch": 20, "steps": 53, "mean_loss": 0.24006275832653046, "seconds": 30.062376928981394, "official_fused": {"mAP": 71.92604203960921, "Rank-1": 75.95694065093994, "Rank-5": 85.40669679641724, "Rank-10": 87.91866302490234}}
{"event": "epoch", "dataset": "RGBNT201", "recipe": "author", "epoch": 21, "steps": 53, "mean_loss": 0.23718755087762508, "seconds": 29.895074993022718, "official_fused": {"mAP": 71.64379107095671, "Rank-1": 73.9234447479248, "Rank-5": 84.56937670707703, "Rank-10": 88.15789222717285}}
{"event": "epoch", "dataset": "RGBNT201", "recipe": "author", "epoch": 22, "steps": 53, "mean_loss": 0.23683952835370908, "seconds": 29.750414642039686, "official_fused": {"mAP": 70.22564680471018, "Rank-1": 73.44497442245483, "Rank-5": 84.09090638160706, "Rank-10": 88.39712738990784}}
{"event": "epoch", "dataset": "RGBNT201", "recipe": "author", "epoch": 23, "steps": 53, "mean_loss": 0.23809617870258834, "seconds": 30.475369030958973, "official_fused": {"mAP": 71.47606818929226, "Rank-1": 75.59808492660522, "Rank-5": 85.8851671218872, "Rank-10": 89.23444747924805}}
{"event": "epoch", "dataset": "RGBNT201", "recipe": "author", "epoch": 24, "steps": 53, "mean_loss": 0.23527486791025917, "seconds": 29.87779529602267, "official_fused": {"mAP": 71.57182845772539, "Rank-1": 75.71770548820496, "Rank-5": 85.047847032547, "Rank-10": 89.35406804084778}}
{"event": "epoch", "dataset": "RGBNT201", "recipe": "author", "epoch": 25, "steps": 53, "mean_loss": 0.23377213725503884, "seconds": 29.992574670002796, "official_fused": {"mAP": 72.60133706153118, "Rank-1": 76.31579041481018, "Rank-5": 85.64593195915222, "Rank-10": 88.87559771537781}}
{"event": "epoch", "dataset": "RGBNT201", "recipe": "author", "epoch": 26, "steps": 53, "mean_loss": 0.23305582775259917, "seconds": 29.030107308062725, "official_fused": {"mAP": 72.85831155523374, "Rank-1": 76.79426074028015, "Rank-5": 85.52631735801697, "Rank-10": 89.83253836631775}}
{"event": "epoch", "dataset": "RGBNT201", "recipe": "author", "epoch": 27, "steps": 53, "mean_loss": 0.2318260942427617, "seconds": 29.562482869019732, "official_fused": {"mAP": 73.47275487487326, "Rank-1": 77.15311050415039, "Rank-5": 85.8851671218872, "Rank-10": 89.952152967453}}
{"event": "epoch", "dataset": "RGBNT201", "recipe": "author", "epoch": 28, "steps": 53, "mean_loss": 0.23175480511953245, "seconds": 29.30060209403746, "official_fused": {"mAP": 72.85050672817847, "Rank-1": 75.83732008934021, "Rank-5": 85.52631735801697, "Rank-10": 89.35406804084778}}
{"event": "epoch", "dataset": "RGBNT201", "recipe": "author", "epoch": 29, "steps": 53, "mean_loss": 0.2305077131626741, "seconds": 29.901407205034047, "official_fused": {"mAP": 72.25056699554796, "Rank-1": 74.40191507339478, "Rank-5": 85.28708219528198, "Rank-10": 89.35406804084778}}
{"event": "epoch", "dataset": "RGBNT201", "recipe": "author", "epoch": 30, "steps": 53, "mean_loss": 0.231392558172064, "seconds": 29.86692827998195, "official_fused": {"mAP": 72.08589184751726, "Rank-1": 74.76076483726501, "Rank-5": 84.92823243141174, "Rank-10": 89.23444747924805}}
{"event": "epoch", "dataset": "RGBNT201", "recipe": "author", "epoch": 31, "steps": 53, "mean_loss": 0.22991983255125442, "seconds": 29.437070865067653, "official_fused": {"mAP": 71.52550101242934, "Rank-1": 73.56459498405457, "Rank-5": 84.56937670707703, "Rank-10": 88.87559771537781}}
{"event": "epoch", "dataset": "RGBNT201", "recipe": "author", "epoch": 32, "steps": 53, "mean_loss": 0.23086738108464008, "seconds": 29.758404633030295, "official_fused": {"mAP": 72.05856492870706, "Rank-1": 75.0, "Rank-5": 85.28708219528198, "Rank-10": 89.47368264198303}}
{"event": "epoch", "dataset": "RGBNT201", "recipe": "author", "epoch": 33, "steps": 53, "mean_loss": 0.22928573528550705, "seconds": 29.687211669050157, "official_fused": {"mAP": 72.26542447452003, "Rank-1": 75.23923516273499, "Rank-5": 85.28708219528198, "Rank-10": 89.1148328781128}}
{"event": "epoch", "dataset": "RGBNT201", "recipe": "author", "epoch": 34, "steps": 53, "mean_loss": 0.22891462495866813, "seconds": 29.45923135895282, "official_fused": {"mAP": 71.92280609258434, "Rank-1": 74.88038539886475, "Rank-5": 85.16746163368225, "Rank-10": 88.99521827697754}}
{"event": "epoch", "dataset": "RGBNT201", "recipe": "author", "epoch": 35, "steps": 53, "mean_loss": 0.2290118415400667, "seconds": 29.81749939592555, "official_fused": {"mAP": 71.95396531756636, "Rank-1": 74.64115023612976, "Rank-5": 85.16746163368225, "Rank-10": 88.99521827697754}}
{"event": "epoch", "dataset": "RGBNT201", "recipe": "author", "epoch": 36, "steps": 53, "mean_loss": 0.2279437451430087, "seconds": 29.57698252494447, "official_fused": {"mAP": 72.07679932319616, "Rank-1": 74.76076483726501, "Rank-5": 85.047847032547, "Rank-10": 89.1148328781128}}
{"event": "epoch", "dataset": "RGBNT201", "recipe": "author", "epoch": 37, "steps": 53, "mean_loss": 0.22885724761576023, "seconds": 29.739429375971667, "official_fused": {"mAP": 72.57848862244754, "Rank-1": 75.95694065093994, "Rank-5": 85.64593195915222, "Rank-10": 89.1148328781128}}
{"event": "epoch", "dataset": "RGBNT201", "recipe": "author", "epoch": 38, "steps": 53, "mean_loss": 0.22934941132113618, "seconds": 29.893975396989845, "official_fused": {"mAP": 72.53087810964479, "Rank-1": 75.83732008934021, "Rank-5": 85.76555252075195, "Rank-10": 89.23444747924805}}
{"event": "epoch", "dataset": "RGBNT201", "recipe": "author", "epoch": 39, "steps": 53, "mean_loss": 0.22800998474067113, "seconds": 29.12067106203176, "official_fused": {"mAP": 72.25800675322924, "Rank-1": 75.11961460113525, "Rank-5": 85.40669679641724, "Rank-10": 89.47368264198303}}
{"event": "epoch", "dataset": "RGBNT201", "recipe": "author", "epoch": 40, "steps": 53, "mean_loss": 0.2278340076500515, "seconds": 29.28069130599033, "official_fused": {"mAP": 72.16308474853946, "Rank-1": 75.11961460113525, "Rank-5": 85.40669679641724, "Rank-10": 89.47368264198303}}
{"event": "epoch", "dataset": "RGBNT201", "recipe": "author", "epoch": 41, "steps": 53, "mean_loss": 0.22928500063014481, "seconds": 29.34359607892111, "official_fused": {"mAP": 72.18259626098344, "Rank-1": 75.83732008934021, "Rank-5": 85.40669679641724, "Rank-10": 89.47368264198303}}
{"event": "epoch", "dataset": "RGBNT201", "recipe": "author", "epoch": 42, "steps": 53, "mean_loss": 0.22781603038311005, "seconds": 29.33007640799042, "official_fused": {"mAP": 71.95716389117325, "Rank-1": 75.0, "Rank-5": 85.52631735801697, "Rank-10": 89.47368264198303}}
{"event": "epoch", "dataset": "RGBNT201", "recipe": "author", "epoch": 43, "steps": 53, "mean_loss": 0.22822860923578153, "seconds": 29.468468882958405, "official_fused": {"mAP": 72.04202539940736, "Rank-1": 75.23923516273499, "Rank-5": 85.40669679641724, "Rank-10": 89.47368264198303}}
{"event": "epoch", "dataset": "RGBNT201", "recipe": "author", "epoch": 44, "steps": 53, "mean_loss": 0.22825681741507547, "seconds": 29.098753232043236, "official_fused": {"mAP": 72.07530320280013, "Rank-1": 74.88038539886475, "Rank-5": 85.64593195915222, "Rank-10": 89.35406804084778}}
{"event": "epoch", "dataset": "RGBNT201", "recipe": "author", "epoch": 45, "steps": 53, "mean_loss": 0.22741226317747584, "seconds": 29.467501296079718, "official_fused": {"mAP": 72.20572834648645, "Rank-1": 75.23923516273499, "Rank-5": 85.64593195915222, "Rank-10": 89.59330320358276}}
{"event": "epoch", "dataset": "RGBNT201", "recipe": "author", "epoch": 46, "steps": 52, "mean_loss": 0.22787377438866174, "seconds": 29.254448996973224, "official_fused": {"mAP": 72.35466768014881, "Rank-1": 75.0, "Rank-5": 85.76555252075195, "Rank-10": 89.59330320358276}}
{"event": "epoch", "dataset": "RGBNT201", "recipe": "author", "epoch": 47, "steps": 53, "mean_loss": 0.2273179239259576, "seconds": 30.155541065032594, "official_fused": {"mAP": 72.44604900253115, "Rank-1": 75.0, "Rank-5": 85.8851671218872, "Rank-10": 89.59330320358276}}
{"event": "epoch", "dataset": "RGBNT201", "recipe": "author", "epoch": 48, "steps": 53, "mean_loss": 0.22866247453779545, "seconds": 29.724092579097487, "official_fused": {"mAP": 72.12222710371393, "Rank-1": 75.71770548820496, "Rank-5": 85.28708219528198, "Rank-10": 89.47368264198303}}
{"event": "epoch", "dataset": "RGBNT201", "recipe": "author", "epoch": 49, "steps": 53, "mean_loss": 0.22747056832853355, "seconds": 29.534391697961837, "official_fused": {"mAP": 71.94675213828839, "Rank-1": 75.59808492660522, "Rank-5": 85.52631735801697, "Rank-10": 89.59330320358276}}
{"event": "epoch", "dataset": "RGBNT201", "recipe": "author", "epoch": 50, "steps": 53, "mean_loss": 0.22751207902746381, "seconds": 30.109993441030383, "official_fused": {"mAP": 71.81698336194027, "Rank-1": 75.11961460113525, "Rank-5": 85.28708219528198, "Rank-10": 89.59330320358276}}
