/data/gaob/Re-ID/conda-envs/tri_reid/lib/python3.10/site-packages/timm/models/helpers.py:7: FutureWarning: Importing from timm.models.helpers is deprecated, please import via timm.models
  warnings.warn(f"Importing from {__name__} is deprecated, please import via timm.models", FutureWarning)
/data/gaob/Re-ID/conda-envs/tri_reid/lib/python3.10/site-packages/timm/models/registry.py:4: FutureWarning: Importing from timm.models.registry is deprecated, please import via timm.models
  warnings.warn(f"Importing from {__name__} is deprecated, please import via timm.models", FutureWarning)
/data/gaob/Re-ID/conda-envs/tri_reid/lib/python3.10/site-packages/timm/models/layers/__init__.py:48: FutureWarning: Importing from timm.models.layers is deprecated, please import via timm.layers
  warnings.warn(f"Importing from {__name__} is deprecated, please import via timm.layers", FutureWarning)
建立transformer............
using Transformer_type: ViT-B-16 as a backbone
Resized position embedding: %s to %s torch.Size([197, 768]) torch.Size([129, 768])
Position embedding resize to height:16 width: 8
Successfully load ckpt!
<All keys matched successfully>
Loading pretrained model from CLIP
camera number is : 4
===========Building Signal===========
using soft triplet loss for training
label smooth on, numclasses: 171
{"event": "epoch", "dataset": "RGBNT201", "recipe": "semantic", "epoch": 1, "steps": 53, "mean_loss": 4.03755132657177, "seconds": 33.88172952900641, "official_fused": {"mAP": 29.35413703690331, "Rank-1": 28.708133101463318, "Rank-5": 45.45454680919647, "Rank-10": 55.62201142311096}}
{"event": "epoch", "dataset": "RGBNT201", "recipe": "semantic", "epoch": 2, "steps": 53, "mean_loss": 3.480448551897733, "seconds": 31.519446188991424, "official_fused": {"mAP": 53.048165385527014, "Rank-1": 52.272725105285645, "Rank-5": 63.51674795150757, "Rank-10": 71.65071964263916}}
{"event": "epoch", "dataset": "RGBNT201", "recipe": "semantic", "epoch": 3, "steps": 53, "mean_loss": 2.794993665983092, "seconds": 31.72504966199631, "official_fused": {"mAP": 70.87122167142942, "Rank-1": 77.15311050415039, "Rank-5": 88.0382776260376, "Rank-10": 91.38755798339844}}
{"event": "epoch", "dataset": "RGBNT201", "recipe": "semantic", "epoch": 4, "steps": 53, "mean_loss": 2.2335039017335423, "seconds": 32.1014981950284, "official_fused": {"mAP": 70.50893617611885, "Rank-1": 72.84688949584961, "Rank-5": 84.21052694320679, "Rank-10": 88.75598311424255}}
{"event": "epoch", "dataset": "RGBNT201", "recipe": "semantic", "epoch": 5, "steps": 53, "mean_loss": 1.8172903465774823, "seconds": 31.951730355038308, "official_fused": {"mAP": 67.07324983575619, "Rank-1": 70.9330141544342, "Rank-5": 82.17703104019165, "Rank-10": 86.84210777282715}}
{"event": "epoch", "dataset": "RGBNT201", "recipe": "semantic", "epoch": 6, "steps": 53, "mean_loss": 1.3250813349237982, "seconds": 31.859199037018698, "official_fused": {"mAP": 69.26210165289449, "Rank-1": 72.48803973197937, "Rank-5": 80.9808611869812, "Rank-10": 86.60287261009216}}
{"event": "epoch", "dataset": "RGBNT201", "recipe": "semantic", "epoch": 7, "steps": 53, "mean_loss": 1.0875019712268181, "seconds": 31.553743235010188, "official_fused": {"mAP": 74.23052515900909, "Rank-1": 78.11004519462585, "Rank-5": 88.0382776260376, "Rank-10": 91.98564887046814}}
{"event": "epoch", "dataset": "RGBNT201", "recipe": "semantic", "epoch": 8, "steps": 53, "mean_loss": 1.0440476154381375, "seconds": 31.9650557290297, "official_fused": {"mAP": 74.93628060662883, "Rank-1": 78.70813608169556, "Rank-5": 87.44019269943237, "Rank-10": 92.1052634716034}}
{"event": "epoch", "dataset": "RGBNT201", "recipe": "semantic", "epoch": 9, "steps": 53, "mean_loss": 0.9993216237931881, "seconds": 32.57653607794782, "official_fused": {"mAP": 73.26159201317677, "Rank-1": 76.31579041481018, "Rank-5": 85.8851671218872, "Rank-10": 90.31100273132324}}
{"event": "epoch", "dataset": "RGBNT201", "recipe": "semantic", "epoch": 10, "steps": 53, "mean_loss": 0.9881022381332686, "seconds": 31.90518898202572, "official_fused": {"mAP": 73.34320235784108, "Rank-1": 76.19616985321045, "Rank-5": 85.40669679641724, "Rank-10": 89.71291780471802}}
{"event": "epoch", "dataset": "RGBNT201", "recipe": "semantic", "epoch": 11, "steps": 53, "mean_loss": 0.978646069202783, "seconds": 31.72710872697644, "official_fused": {"mAP": 72.72224076675765, "Rank-1": 74.88038539886475, "Rank-5": 84.44976210594177, "Rank-10": 89.47368264198303}}
{"event": "epoch", "dataset": "RGBNT201", "recipe": "semantic", "epoch": 12, "steps": 53, "mean_loss": 0.9892045743060562, "seconds": 31.54031800897792, "official_fused": {"mAP": 74.26743991118116, "Rank-1": 76.31579041481018, "Rank-5": 87.32057213783264, "Rank-10": 92.34449863433838}}
{"event": "epoch", "dataset": "RGBNT201", "recipe": "semantic", "epoch": 13, "steps": 53, "mean_loss": 0.9705495069611747, "seconds": 31.847987966029905, "official_fused": {"mAP": 74.06347728139086, "Rank-1": 76.67464017868042, "Rank-5": 86.48325204849243, "Rank-10": 91.38755798339844}}
{"event": "epoch", "dataset": "RGBNT201", "recipe": "semantic", "epoch": 14, "steps": 53, "mean_loss": 0.9726878100971006, "seconds": 31.610810727986973, "official_fused": {"mAP": 71.75175901306434, "Rank-1": 73.0861246585846, "Rank-5": 83.73205661773682, "Rank-10": 89.71291780471802}}
{"event": "epoch", "dataset": "RGBNT201", "recipe": "semantic", "epoch": 15, "steps": 53, "mean_loss": 0.9655032101667153, "seconds": 31.95525430102134, "official_fused": {"mAP": 72.51241438411611, "Rank-1": 74.04305934906006, "Rank-5": 84.21052694320679, "Rank-10": 89.59330320358276}}
{"event": "epoch", "dataset": "RGBNT201", "recipe": "semantic", "epoch": 16, "steps": 53, "mean_loss": 0.9654342048573044, "seconds": 31.86426073301118, "official_fused": {"mAP": 72.06389719419055, "Rank-1": 73.0861246585846, "Rank-5": 82.77512192726135, "Rank-10": 87.91866302490234}}
{"event": "epoch", "dataset": "RGBNT201", "recipe": "semantic", "epoch": 17, "steps": 53, "mean_loss": 0.9541305697189187, "seconds": 31.876588135026395, "official_fused": {"mAP": 73.4968585111127, "Rank-1": 75.11961460113525, "Rank-5": 85.40669679641724, "Rank-10": 90.78947305679321}}
{"event": "epoch", "dataset": "RGBNT201", "recipe": "semantic", "epoch": 18, "steps": 53, "mean_loss": 0.9445322662029626, "seconds": 31.963629683014005, "official_fused": {"mAP": 74.69617487097312, "Rank-1": 76.9138753414154, "Rank-5": 85.16746163368225, "Rank-10": 90.78947305679321}}
{"event": "epoch", "dataset": "RGBNT201", "recipe": "semantic", "epoch": 19, "steps": 53, "mean_loss": 0.967963455982928, "seconds": 31.881023099995218, "official_fused": {"mAP": 74.39725903324603, "Rank-1": 76.79426074028015, "Rank-5": 86.84210777282715, "Rank-10": 92.34449863433838}}
{"event": "epoch", "dataset": "RGBNT201", "recipe": "semantic", "epoch": 20, "steps": 53, "mean_loss": 0.9493596677510243, "seconds": 31.782936821051408, "official_fused": {"mAP": 74.48609377035109, "Rank-1": 75.47847032546997, "Rank-5": 86.60287261009216, "Rank-10": 90.31100273132324}}
{"event": "epoch", "dataset": "RGBNT201", "recipe": "semantic", "epoch": 21, "steps": 53, "mean_loss": 0.9497875211373815, "seconds": 31.860363257001154, "official_fused": {"mAP": 74.79162294276361, "Rank-1": 78.46890091896057, "Rank-5": 87.08133697509766, "Rank-10": 91.26794338226318}}
{"event": "epoch", "dataset": "RGBNT201", "recipe": "semantic", "epoch": 22, "steps": 53, "mean_loss": 0.9400308773202716, "seconds": 31.77815152297262, "official_fused": {"mAP": 72.57787535739155, "Rank-1": 73.80383014678955, "Rank-5": 83.13397169113159, "Rank-10": 87.55980730056763}}
{"event": "epoch", "dataset": "RGBNT201", "recipe": "semantic", "epoch": 23, "steps": 53, "mean_loss": 0.9484982827924332, "seconds": 31.675197680015117, "official_fused": {"mAP": 71.57805908420222, "Rank-1": 72.36841917037964, "Rank-5": 81.69856667518616, "Rank-10": 86.24401688575745}}
{"event": "epoch", "dataset": "RGBNT201", "recipe": "semantic", "epoch": 24, "steps": 53, "mean_loss": 0.9388370660116088, "seconds": 31.931284221005626, "official_fused": {"mAP": 71.49042119127412, "Rank-1": 72.96651005744934, "Rank-5": 81.57894611358643, "Rank-10": 87.44019269943237}}
{"event": "epoch", "dataset": "RGBNT201", "recipe": "semantic", "epoch": 25, "steps": 53, "mean_loss": 0.9331817930599429, "seconds": 32.1713077389868, "official_fused": {"mAP": 73.05719007685562, "Rank-1": 74.76076483726501, "Rank-5": 83.61244201660156, "Rank-10": 90.19138813018799}}
{"event": "epoch", "dataset": "RGBNT201", "recipe": "semantic", "epoch": 26, "steps": 53, "mean_loss": 0.9320903555402216, "seconds": 31.939174684986938, "official_fused": {"mAP": 74.69039641365893, "Rank-1": 76.43540501594543, "Rank-5": 87.55980730056763, "Rank-10": 92.1052634716034}}
{"event": "epoch", "dataset": "RGBNT201", "recipe": "semantic", "epoch": 27, "steps": 53, "mean_loss": 0.9217309614397445, "seconds": 32.16792900301516, "official_fused": {"mAP": 74.62355861226429, "Rank-1": 76.55502557754517, "Rank-5": 86.72248721122742, "Rank-10": 91.62679314613342}}
{"event": "epoch", "dataset": "RGBNT201", "recipe": "semantic", "epoch": 28, "steps": 53, "mean_loss": 0.925005149166539, "seconds": 31.962771769962274, "official_fused": {"mAP": 72.86683309120188, "Rank-1": 74.16267991065979, "Rank-5": 82.41626620292664, "Rank-10": 88.63636255264282}}
{"event": "epoch", "dataset": "RGBNT201", "recipe": "semantic", "epoch": 29, "steps": 53, "mean_loss": 0.9215469540290113, "seconds": 32.116930614982266, "official_fused": {"mAP": 73.96536027076657, "Rank-1": 76.19616985321045, "Rank-5": 84.56937670707703, "Rank-10": 89.71291780471802}}
{"event": "epoch", "dataset": "RGBNT201", "recipe": "semantic", "epoch": 30, "steps": 53, "mean_loss": 0.9220372528400061, "seconds": 32.082208369043656, "official_fused": {"mAP": 73.38260995542188, "Rank-1": 74.76076483726501, "Rank-5": 82.65550136566162, "Rank-10": 88.0382776260376}}
{"event": "epoch", "dataset": "RGBNT201", "recipe": "semantic", "epoch": 31, "steps": 53, "mean_loss": 0.9165846964098373, "seconds": 32.3107311190106, "official_fused": {"mAP": 73.51736575032666, "Rank-1": 75.0, "Rank-5": 83.61244201660156, "Rank-10": 88.75598311424255}}
{"event": "epoch", "dataset": "RGBNT201", "recipe": "semantic", "epoch": 32, "steps": 53, "mean_loss": 0.9130394829894012, "seconds": 33.192870955041144, "official_fused": {"mAP": 71.81048588171348, "Rank-1": 74.28229451179504, "Rank-5": 81.93780183792114, "Rank-10": 87.79904246330261}}
{"event": "epoch", "dataset": "RGBNT201", "recipe": "semantic", "epoch": 33, "steps": 53, "mean_loss": 0.9180243195227857, "seconds": 31.90468855301151, "official_fused": {"mAP": 72.85329128655506, "Rank-1": 74.76076483726501, "Rank-5": 83.49282145500183, "Rank-10": 89.35406804084778}}
{"event": "epoch", "dataset": "RGBNT201", "recipe": "semantic", "epoch": 34, "steps": 53, "mean_loss": 0.9114748250763371, "seconds": 31.994047167012468, "official_fused": {"mAP": 72.46101400545486, "Rank-1": 74.52152967453003, "Rank-5": 83.49282145500183, "Rank-10": 88.39712738990784}}
{"event": "epoch", "dataset": "RGBNT201", "recipe": "semantic", "epoch": 35, "steps": 53, "mean_loss": 0.9134864222328618, "seconds": 32.15089434600668, "official_fused": {"mAP": 72.14309592330689, "Rank-1": 74.52152967453003, "Rank-5": 82.8947365283966, "Rank-10": 88.0382776260376}}
{"event": "epoch", "dataset": "RGBNT201", "recipe": "semantic", "epoch": 36, "steps": 53, "mean_loss": 0.9073400789836668, "seconds": 32.19127254700288, "official_fused": {"mAP": 72.382165385313, "Rank-1": 74.88038539886475, "Rank-5": 82.77512192726135, "Rank-10": 87.32057213783264}}
{"event": "epoch", "dataset": "RGBNT201", "recipe": "semantic", "epoch": 37, "steps": 53, "mean_loss": 0.9143531671110189, "seconds": 32.23371456901077, "official_fused": {"mAP": 72.35870060569589, "Rank-1": 74.76076483726501, "Rank-5": 82.65550136566162, "Rank-10": 87.91866302490234}}
{"event": "epoch", "dataset": "RGBNT201", "recipe": "semantic", "epoch": 38, "steps": 53, "mean_loss": 0.9148001310960302, "seconds": 31.73663081601262, "official_fused": {"mAP": 72.79269007052423, "Rank-1": 74.88038539886475, "Rank-5": 83.37320685386658, "Rank-10": 87.91866302490234}}
{"event": "epoch", "dataset": "RGBNT201", "recipe": "semantic", "epoch": 39, "steps": 53, "mean_loss": 0.9110708742771508, "seconds": 32.14413918700302, "official_fused": {"mAP": 72.8637400849471, "Rank-1": 75.83732008934021, "Rank-5": 83.9712917804718, "Rank-10": 89.71291780471802}}
{"event": "epoch", "dataset": "RGBNT201", "recipe": "semantic", "epoch": 40, "steps": 53, "mean_loss": 0.9068703820120614, "seconds": 31.57022260199301, "official_fused": {"mAP": 71.88131844410822, "Rank-1": 74.76076483726501, "Rank-5": 83.13397169113159, "Rank-10": 88.75598311424255}}
{"event": "epoch", "dataset": "RGBNT201", "recipe": "semantic", "epoch": 41, "steps": 53, "mean_loss": 0.9143405432971019, "seconds": 31.86380506202113, "official_fused": {"mAP": 71.92011439244791, "Rank-1": 74.64115023612976, "Rank-5": 82.65550136566162, "Rank-10": 88.27751278877258}}
{"event": "epoch", "dataset": "RGBNT201", "recipe": "semantic", "epoch": 42, "steps": 53, "mean_loss": 0.9068265725981515, "seconds": 31.737463291967288, "official_fused": {"mAP": 72.02899498371977, "Rank-1": 74.52152967453003, "Rank-5": 82.17703104019165, "Rank-10": 88.39712738990784}}
{"event": "epoch", "dataset": "RGBNT201", "recipe": "semantic", "epoch": 43, "steps": 53, "mean_loss": 0.9101207380024892, "seconds": 31.99460222799098, "official_fused": {"mAP": 71.78698296532623, "Rank-1": 73.9234447479248, "Rank-5": 81.93780183792114, "Rank-10": 87.79904246330261}}
{"event": "epoch", "dataset": "RGBNT201", "recipe": "semantic", "epoch": 44, "steps": 53, "mean_loss": 0.9117586635193735, "seconds": 32.145179545041174, "official_fused": {"mAP": 72.1795525486233, "Rank-1": 74.16267991065979, "Rank-5": 82.65550136566162, "Rank-10": 88.39712738990784}}
{"event": "epoch", "dataset": "RGBNT201", "recipe": "semantic", "epoch": 45, "steps": 53, "mean_loss": 0.9081763636391118, "seconds": 31.911917563003954, "official_fused": {"mAP": 71.96622580747379, "Rank-1": 74.28229451179504, "Rank-5": 82.41626620292664, "Rank-10": 88.15789222717285}}
{"event": "epoch", "dataset": "RGBNT201", "recipe": "semantic", "epoch": 46, "steps": 52, "mean_loss": 0.9082126216246531, "seconds": 31.280945878010243, "official_fused": {"mAP": 72.31238514856236, "Rank-1": 75.0, "Rank-5": 82.8947365283966, "Rank-10": 88.39712738990784}}
{"event": "epoch", "dataset": "RGBNT201", "recipe": "semantic", "epoch": 47, "steps": 53, "mean_loss": 0.9038376628227953, "seconds": 31.88577846699627, "official_fused": {"mAP": 72.32607773440974, "Rank-1": 75.0, "Rank-5": 82.8947365283966, "Rank-10": 88.15789222717285}}
{"event": "epoch", "dataset": "RGBNT201", "recipe": "semantic", "epoch": 48, "steps": 53, "mean_loss": 0.9030461131401781, "seconds": 32.030185666983016, "official_fused": {"mAP": 72.31555960935617, "Rank-1": 75.0, "Rank-5": 83.13397169113159, "Rank-10": 88.39712738990784}}
{"event": "epoch", "dataset": "RGBNT201", "recipe": "semantic", "epoch": 49, "steps": 53, "mean_loss": 0.9029922496597722, "seconds": 31.69278151198523, "official_fused": {"mAP": 72.335513940572, "Rank-1": 74.88038539886475, "Rank-5": 82.77512192726135, "Rank-10": 88.39712738990784}}
{"event": "epoch", "dataset": "RGBNT201", "recipe": "semantic", "epoch": 50, "steps": 53, "mean_loss": 0.9073692863842227, "seconds": 31.9803145879996, "official_fused": {"mAP": 72.15494651181787, "Rank-1": 74.52152967453003, "Rank-5": 82.65550136566162, "Rank-10": 88.27751278877258}}
