/data/gaob/Re-ID/conda-envs/tri_reid/lib/python3.10/site-packages/timm/models/helpers.py:7: FutureWarning: Importing from timm.models.helpers is deprecated, please import via timm.models
  warnings.warn(f"Importing from {__name__} is deprecated, please import via timm.models", FutureWarning)
/data/gaob/Re-ID/conda-envs/tri_reid/lib/python3.10/site-packages/timm/models/registry.py:4: FutureWarning: Importing from timm.models.registry is deprecated, please import via timm.models
  warnings.warn(f"Importing from {__name__} is deprecated, please import via timm.models", FutureWarning)
/data/gaob/Re-ID/conda-envs/tri_reid/lib/python3.10/site-packages/timm/models/layers/__init__.py:48: FutureWarning: Importing from timm.models.layers is deprecated, please import via timm.layers
  warnings.warn(f"Importing from {__name__} is deprecated, please import via timm.layers", FutureWarning)
建立transformer............
using Transformer_type: ViT-B-16 as a backbone
Resized position embedding: %s to %s torch.Size([197, 768]) torch.Size([129, 768])
Position embedding resize to height:8 width: 16
Successfully load ckpt!
<All keys matched successfully>
Loading pretrained model from CLIP
camera number is : 8
===========Building Signal===========
{"event": "epoch", "dataset": "MSVR310", "recipe": "normalized", "epoch": 1, "steps": 20, "mean_loss": 5.426661634445191, "seconds": 12.00737192199449, "official_fused": {"mAP": 14.523596817054555, "Rank-1": 34.517765045166016, "Rank-5": 53.976309299468994, "Rank-10": 61.08291149139404}}
{"event": "epoch", "dataset": "MSVR310", "recipe": "normalized", "epoch": 2, "steps": 20, "mean_loss": 5.23375723361969, "seconds": 10.54648982998333, "official_fused": {"mAP": 21.221820136067112, "Rank-1": 42.63959527015686, "Rank-5": 62.6057505607605, "Rank-10": 69.20473575592041}}
{"event": "epoch", "dataset": "MSVR310", "recipe": "normalized", "epoch": 3, "steps": 20, "mean_loss": 4.90158371925354, "seconds": 10.975462923990563, "official_fused": {"mAP": 29.260003440449285, "Rank-1": 52.79187560081482, "Rank-5": 70.0507640838623, "Rank-10": 75.46531558036804}}
{"event": "epoch", "dataset": "MSVR310", "recipe": "normalized", "epoch": 4, "steps": 20, "mean_loss": 4.375179624557495, "seconds": 11.123571992997313, "official_fused": {"mAP": 33.43644550968451, "Rank-1": 54.14551496505737, "Rank-5": 71.0659921169281, "Rank-10": 76.9881546497345}}
{"event": "epoch", "dataset": "MSVR310", "recipe": "normalized", "epoch": 5, "steps": 20, "mean_loss": 3.655936908721924, "seconds": 11.072818412998458, "official_fused": {"mAP": 34.83038610701267, "Rank-1": 55.837565660476685, "Rank-5": 70.38916945457458, "Rank-10": 75.12690424919128}}
{"event": "epoch", "dataset": "MSVR310", "recipe": "normalized", "epoch": 6, "steps": 20, "mean_loss": 2.916500461101532, "seconds": 11.066504140995676, "official_fused": {"mAP": 38.560246098646694, "Rank-1": 58.544838428497314, "Rank-5": 73.77326488494873, "Rank-10": 79.01861071586609}}
{"event": "epoch", "dataset": "MSVR310", "recipe": "normalized", "epoch": 7, "steps": 20, "mean_loss": 2.331609171628952, "seconds": 11.13705484798993, "official_fused": {"mAP": 39.54129489370437, "Rank-1": 59.05245542526245, "Rank-5": 73.77326488494873, "Rank-10": 79.52622771263123}}
{"event": "epoch", "dataset": "MSVR310", "recipe": "normalized", "epoch": 8, "steps": 20, "mean_loss": 1.9008621573448181, "seconds": 11.099973393022083, "official_fused": {"mAP": 44.14524232246974, "Rank-1": 62.26734519004822, "Rank-5": 76.64974331855774, "Rank-10": 81.89509510993958}}
{"event": "epoch", "dataset": "MSVR310", "recipe": "normalized", "epoch": 9, "steps": 20, "mean_loss": 1.5592850983142852, "seconds": 11.326013397978386, "official_fused": {"mAP": 43.80769114030095, "Rank-1": 62.4365508556366, "Rank-5": 76.48054361343384, "Rank-10": 81.89509510993958}}
{"event": "epoch", "dataset": "MSVR310", "recipe": "normalized", "epoch": 10, "steps": 20, "mean_loss": 1.3782510936260224, "seconds": 11.448787627014099, "official_fused": {"mAP": 46.487142061024144, "Rank-1": 64.80541229248047, "Rank-5": 78.34179401397705, "Rank-10": 83.41793417930603}}
{"event": "epoch", "dataset": "MSVR310", "recipe": "normalized", "epoch": 11, "steps": 20, "mean_loss": 1.2467528522014617, "seconds": 11.498001252009999, "official_fused": {"mAP": 45.700240816842005, "Rank-1": 64.46700692176819, "Rank-5": 76.9881546497345, "Rank-10": 83.24872851371765}}
{"event": "epoch", "dataset": "MSVR310", "recipe": "normalized", "epoch": 12, "steps": 20, "mean_loss": 1.180859100818634, "seconds": 11.546495968999807, "official_fused": {"mAP": 47.42669868193346, "Rank-1": 65.48223495483398, "Rank-5": 79.35702204704285, "Rank-10": 84.77157354354858}}
{"event": "epoch", "dataset": "MSVR310", "recipe": "normalized", "epoch": 13, "steps": 20, "mean_loss": 1.120028755068779, "seconds": 11.375643669976853, "official_fused": {"mAP": 47.72748336286826, "Rank-1": 65.14382362365723, "Rank-5": 79.01861071586609, "Rank-10": 85.10998487472534}}
{"event": "epoch", "dataset": "MSVR310", "recipe": "normalized", "epoch": 14, "steps": 20, "mean_loss": 1.0960484623908997, "seconds": 11.218119374010712, "official_fused": {"mAP": 45.049018503493045, "Rank-1": 61.75972819328308, "Rank-5": 76.64974331855774, "Rank-10": 82.91032314300537}}
{"event": "epoch", "dataset": "MSVR310", "recipe": "normalized", "epoch": 15, "steps": 20, "mean_loss": 1.0883354246616364, "seconds": 11.65205676399637, "official_fused": {"mAP": 47.32019174862362, "Rank-1": 63.45177888870239, "Rank-5": 79.18781638145447, "Rank-10": 84.09475684165955}}
{"event": "epoch", "dataset": "MSVR310", "recipe": "normalized", "epoch": 16, "steps": 20, "mean_loss": 1.0451773881912232, "seconds": 11.657806770992465, "official_fused": {"mAP": 49.32974972373659, "Rank-1": 67.00507402420044, "Rank-5": 81.7258894443512, "Rank-10": 85.95600724220276}}
{"event": "epoch", "dataset": "MSVR310", "recipe": "normalized", "epoch": 17, "steps": 20, "mean_loss": 1.0373457312583922, "seconds": 11.55769033098477, "official_fused": {"mAP": 48.513614029020026, "Rank-1": 65.14382362365723, "Rank-5": 80.7106614112854, "Rank-10": 85.27919054031372}}
{"event": "epoch", "dataset": "MSVR310", "recipe": "normalized", "epoch": 18, "steps": 20, "mean_loss": 1.0191284358501433, "seconds": 11.612537088018144, "official_fused": {"mAP": 48.13184451244694, "Rank-1": 64.97461795806885, "Rank-5": 80.37225008010864, "Rank-10": 84.6023678779602}}
{"event": "epoch", "dataset": "MSVR310", "recipe": "normalized", "epoch": 19, "steps": 20, "mean_loss": 1.014763480424881, "seconds": 11.866337173007196, "official_fused": {"mAP": 47.613832692437, "Rank-1": 63.45177888870239, "Rank-5": 80.7106614112854, "Rank-10": 84.26395654678345}}
{"event": "epoch", "dataset": "MSVR310", "recipe": "normalized", "epoch": 20, "steps": 20, "mean_loss": 0.9975373089313507, "seconds": 11.685290237015579, "official_fused": {"mAP": 46.74666806412945, "Rank-1": 63.282573223114014, "Rank-5": 79.01861071586609, "Rank-10": 83.24872851371765}}
{"event": "epoch", "dataset": "MSVR310", "recipe": "normalized", "epoch": 21, "steps": 20, "mean_loss": 0.9822714567184448, "seconds": 11.07253935400513, "official_fused": {"mAP": 48.60569979045114, "Rank-1": 66.49746298789978, "Rank-5": 80.20304441452026, "Rank-10": 84.6023678779602}}
{"event": "epoch", "dataset": "MSVR310", "recipe": "normalized", "epoch": 22, "steps": 20, "mean_loss": 0.9830000996589661, "seconds": 11.844381638016785, "official_fused": {"mAP": 47.57582051389748, "Rank-1": 64.29780125617981, "Rank-5": 79.01861071586609, "Rank-10": 83.58713984489441}}
{"event": "epoch", "dataset": "MSVR310", "recipe": "normalized", "epoch": 23, "steps": 20, "mean_loss": 0.9826106578111649, "seconds": 11.41913774900604, "official_fused": {"mAP": 48.265242692371444, "Rank-1": 63.45177888870239, "Rank-5": 79.18781638145447, "Rank-10": 83.41793417930603}}
{"event": "epoch", "dataset": "MSVR310", "recipe": "normalized", "epoch": 24, "steps": 20, "mean_loss": 0.9772256344556809, "seconds": 11.368151327013038, "official_fused": {"mAP": 50.35673958098721, "Rank-1": 67.51269102096558, "Rank-5": 81.38747811317444, "Rank-10": 86.29441857337952}}
{"event": "epoch", "dataset": "MSVR310", "recipe": "normalized", "epoch": 25, "steps": 20, "mean_loss": 0.9754174888134003, "seconds": 11.110907288006274, "official_fused": {"mAP": 48.39306284132977, "Rank-1": 65.98984599113464, "Rank-5": 80.20304441452026, "Rank-10": 84.6023678779602}}
{"event": "epoch", "dataset": "MSVR310", "recipe": "normalized", "epoch": 26, "steps": 20, "mean_loss": 0.961335352063179, "seconds": 11.42323554601171, "official_fused": {"mAP": 47.18726263778879, "Rank-1": 63.282573223114014, "Rank-5": 79.86463904380798, "Rank-10": 84.09475684165955}}
{"event": "epoch", "dataset": "MSVR310", "recipe": "normalized", "epoch": 27, "steps": 20, "mean_loss": 0.951278081536293, "seconds": 11.368531635002, "official_fused": {"mAP": 47.840303023702404, "Rank-1": 64.63621258735657, "Rank-5": 79.6954333782196, "Rank-10": 84.26395654678345}}
{"event": "epoch", "dataset": "MSVR310", "recipe": "normalized", "epoch": 28, "steps": 20, "mean_loss": 0.9480177909135818, "seconds": 11.564786988979904, "official_fused": {"mAP": 49.98748716725993, "Rank-1": 67.3434853553772, "Rank-5": 81.7258894443512, "Rank-10": 86.29441857337952}}
{"event": "epoch", "dataset": "MSVR310", "recipe": "normalized", "epoch": 29, "steps": 20, "mean_loss": 0.9487439513206481, "seconds": 11.44217724801274, "official_fused": {"mAP": 50.25049027844888, "Rank-1": 66.49746298789978, "Rank-5": 81.21827244758606, "Rank-10": 85.27919054031372}}
{"event": "epoch", "dataset": "MSVR310", "recipe": "normalized", "epoch": 30, "steps": 20, "mean_loss": 0.9491829752922059, "seconds": 11.774435111990897, "official_fused": {"mAP": 49.434452554644345, "Rank-1": 65.82064032554626, "Rank-5": 81.04906678199768, "Rank-10": 85.78680157661438}}
{"event": "epoch", "dataset": "MSVR310", "recipe": "normalized", "epoch": 31, "steps": 20, "mean_loss": 0.9436310082674026, "seconds": 11.375666361011099, "official_fused": {"mAP": 49.735018332195196, "Rank-1": 65.82064032554626, "Rank-5": 82.06430077552795, "Rank-10": 85.44839024543762}}
{"event": "epoch", "dataset": "MSVR310", "recipe": "normalized", "epoch": 32, "steps": 20, "mean_loss": 0.9363285630941391, "seconds": 11.495292873994913, "official_fused": {"mAP": 49.620379826488005, "Rank-1": 65.65144062042236, "Rank-5": 81.38747811317444, "Rank-10": 85.44839024543762}}
{"event": "epoch", "dataset": "MSVR310", "recipe": "normalized", "epoch": 33, "steps": 20, "mean_loss": 0.9294757127761841, "seconds": 11.563396926998394, "official_fused": {"mAP": 48.589224992514836, "Rank-1": 63.95938992500305, "Rank-5": 81.38747811317444, "Rank-10": 84.94077920913696}}
{"event": "epoch", "dataset": "MSVR310", "recipe": "normalized", "epoch": 34, "steps": 20, "mean_loss": 0.930281811952591, "seconds": 11.868324994982686, "official_fused": {"mAP": 49.3693530286789, "Rank-1": 65.65144062042236, "Rank-5": 81.89509510993958, "Rank-10": 85.44839024543762}}
{"event": "epoch", "dataset": "MSVR310", "recipe": "normalized", "epoch": 35, "steps": 20, "mean_loss": 0.9279391765594482, "seconds": 11.318836802005535, "official_fused": {"mAP": 48.676422590559106, "Rank-1": 64.80541229248047, "Rank-5": 81.21827244758606, "Rank-10": 84.6023678779602}}
{"event": "epoch", "dataset": "MSVR310", "recipe": "normalized", "epoch": 36, "steps": 20, "mean_loss": 0.93217513859272, "seconds": 11.389800586010097, "official_fused": {"mAP": 48.223125645012686, "Rank-1": 63.79018425941467, "Rank-5": 80.54145574569702, "Rank-10": 84.77157354354858}}
{"event": "epoch", "dataset": "MSVR310", "recipe": "normalized", "epoch": 37, "steps": 20, "mean_loss": 0.9263412326574325, "seconds": 11.941882398008602, "official_fused": {"mAP": 49.52188511450578, "Rank-1": 65.48223495483398, "Rank-5": 81.89509510993958, "Rank-10": 85.78680157661438}}
{"event": "epoch", "dataset": "MSVR310", "recipe": "normalized", "epoch": 38, "steps": 20, "mean_loss": 0.9339568138122558, "seconds": 11.6893025500176, "official_fused": {"mAP": 48.77584512075826, "Rank-1": 64.12859559059143, "Rank-5": 80.37225008010864, "Rank-10": 85.95600724220276}}
{"event": "epoch", "dataset": "MSVR310", "recipe": "normalized", "epoch": 39, "steps": 20, "mean_loss": 0.9264107912778854, "seconds": 11.664625016011996, "official_fused": {"mAP": 48.959848436749915, "Rank-1": 64.63621258735657, "Rank-5": 80.87986707687378, "Rank-10": 85.78680157661438}}
{"event": "epoch", "dataset": "MSVR310", "recipe": "normalized", "epoch": 40, "steps": 20, "mean_loss": 0.9317768901586533, "seconds": 11.405646109982627, "official_fused": {"mAP": 48.03005466355335, "Rank-1": 64.12859559059143, "Rank-5": 80.37225008010864, "Rank-10": 85.617595911026}}
{"event": "epoch", "dataset": "MSVR310", "recipe": "normalized", "epoch": 41, "steps": 20, "mean_loss": 0.9266593962907791, "seconds": 11.606831877987133, "official_fused": {"mAP": 48.318222605857116, "Rank-1": 64.29780125617981, "Rank-5": 80.03383874893188, "Rank-10": 85.27919054031372}}
{"event": "epoch", "dataset": "MSVR310", "recipe": "normalized", "epoch": 42, "steps": 20, "mean_loss": 0.919537079334259, "seconds": 11.505047821992775, "official_fused": {"mAP": 49.238034361607546, "Rank-1": 65.3130292892456, "Rank-5": 81.04906678199768, "Rank-10": 85.44839024543762}}
{"event": "epoch", "dataset": "MSVR310", "recipe": "normalized", "epoch": 43, "steps": 20, "mean_loss": 0.9141176849603653, "seconds": 11.422943578014383, "official_fused": {"mAP": 49.262154298685616, "Rank-1": 64.97461795806885, "Rank-5": 81.04906678199768, "Rank-10": 85.617595911026}}
{"event": "epoch", "dataset": "MSVR310", "recipe": "normalized", "epoch": 44, "steps": 20, "mean_loss": 0.914413133263588, "seconds": 11.479756274988176, "official_fused": {"mAP": 48.997144742061046, "Rank-1": 64.46700692176819, "Rank-5": 80.54145574569702, "Rank-10": 85.44839024543762}}
{"event": "epoch", "dataset": "MSVR310", "recipe": "normalized", "epoch": 45, "steps": 20, "mean_loss": 0.9244072437286377, "seconds": 12.041892726003425, "official_fused": {"mAP": 48.840499820250606, "Rank-1": 64.80541229248047, "Rank-5": 80.7106614112854, "Rank-10": 84.94077920913696}}
{"event": "epoch", "dataset": "MSVR310", "recipe": "normalized", "epoch": 46, "steps": 20, "mean_loss": 0.9198805093765259, "seconds": 11.63186642099754, "official_fused": {"mAP": 48.74052782266226, "Rank-1": 64.80541229248047, "Rank-5": 80.7106614112854, "Rank-10": 84.77157354354858}}
{"event": "epoch", "dataset": "MSVR310", "recipe": "normalized", "epoch": 47, "steps": 20, "mean_loss": 0.924344789981842, "seconds": 11.520919614005834, "official_fused": {"mAP": 48.804806032791, "Rank-1": 64.80541229248047, "Rank-5": 80.7106614112854, "Rank-10": 84.94077920913696}}
{"event": "epoch", "dataset": "MSVR310", "recipe": "normalized", "epoch": 48, "steps": 20, "mean_loss": 0.9159639775753021, "seconds": 11.56243466900196, "official_fused": {"mAP": 48.78680535388649, "Rank-1": 64.80541229248047, "Rank-5": 80.7106614112854, "Rank-10": 84.94077920913696}}
{"event": "epoch", "dataset": "MSVR310", "recipe": "normalized", "epoch": 49, "steps": 20, "mean_loss": 0.922358027100563, "seconds": 11.428125392994843, "official_fused": {"mAP": 48.76770514318795, "Rank-1": 65.14382362365723, "Rank-5": 80.54145574569702, "Rank-10": 84.94077920913696}}
{"event": "epoch", "dataset": "MSVR310", "recipe": "normalized", "epoch": 50, "steps": 20, "mean_loss": 0.9178178876638412, "seconds": 11.854150067985756, "official_fused": {"mAP": 48.77443958567159, "Rank-1": 65.14382362365723, "Rank-5": 80.54145574569702, "Rank-10": 84.94077920913696}}
