/data/gaob/Re-ID/conda-envs/tri_reid/lib/python3.10/site-packages/timm/models/helpers.py:7: FutureWarning: Importing from timm.models.helpers is deprecated, please import via timm.models
  warnings.warn(f"Importing from {__name__} is deprecated, please import via timm.models", FutureWarning)
/data/gaob/Re-ID/conda-envs/tri_reid/lib/python3.10/site-packages/timm/models/registry.py:4: FutureWarning: Importing from timm.models.registry is deprecated, please import via timm.models
  warnings.warn(f"Importing from {__name__} is deprecated, please import via timm.models", FutureWarning)
/data/gaob/Re-ID/conda-envs/tri_reid/lib/python3.10/site-packages/timm/models/layers/__init__.py:48: FutureWarning: Importing from timm.models.layers is deprecated, please import via timm.layers
  warnings.warn(f"Importing from {__name__} is deprecated, please import via timm.layers", FutureWarning)
/data/gaob/Re-ID/conda-envs/tri_reid/lib/python3.10/site-packages/torch/optim/lr_scheduler.py:224: UserWarning: Detected call of `lr_scheduler.step()` before `optimizer.step()`. In PyTorch 1.1.0 and later, you should call them in the opposite order: `optimizer.step()` before `lr_scheduler.step()`.  Failure to do this will result in PyTorch skipping the first value of the learning rate schedule. See more details at https://pytorch.org/docs/stable/optim.html#how-to-adjust-learning-rate
  warnings.warn(
/data/gaob/Re-ID/conda-envs/tri_reid/lib/python3.10/site-packages/torch/optim/lr_scheduler.py:240: UserWarning: The epoch parameter in `scheduler.step()` was not necessary and is being deprecated where possible. Please use `scheduler.step()` to step the scheduler. During the deprecation, if epoch is different from None, the closed form is used instead of the new chainable form, where available. Please open an issue if you are unable to replicate your use case: https://github.com/pytorch/pytorch/issues/new/choose.
  warnings.warn(EPOCH_DEPRECATION_WARNING, UserWarning)
建立transformer............
using Transformer_type: ViT-B-16 as a backbone
Resized position embedding: %s to %s torch.Size([197, 768]) torch.Size([129, 768])
Position embedding resize to height:8 width: 16
Successfully load ckpt!
<All keys matched successfully>
Loading pretrained model from CLIP
camera number is : 8
===========Building Signal===========
using soft triplet loss for training
label smooth on, numclasses: 155
{"event": "epoch", "dataset": "MSVR310", "recipe": "native", "epoch": 1, "steps": 14, "mean_loss": 15.474786485944476, "seconds": 12.219400672998745, "official_fused": {"mAP": 15.514703716073114, "Rank-1": 34.1793566942215, "Rank-5": 54.31472063064575, "Rank-10": 61.92893385887146}}
/data/gaob/Re-ID/conda-envs/tri_reid/lib/python3.10/site-packages/torch/optim/lr_scheduler.py:240: UserWarning: The epoch parameter in `scheduler.step()` was not necessary and is being deprecated where possible. Please use `scheduler.step()` to step the scheduler. During the deprecation, if epoch is different from None, the closed form is used instead of the new chainable form, where available. Please open an issue if you are unable to replicate your use case: https://github.com/pytorch/pytorch/issues/new/choose.
  warnings.warn(EPOCH_DEPRECATION_WARNING, UserWarning)
{"event": "epoch", "dataset": "MSVR310", "recipe": "native", "epoch": 2, "steps": 14, "mean_loss": 12.50740214756557, "seconds": 10.233007856004406, "official_fused": {"mAP": 21.41580163503799, "Rank-1": 40.60913622379303, "Rank-5": 61.42131686210632, "Rank-10": 68.69712471961975}}
{"event": "epoch", "dataset": "MSVR310", "recipe": "native", "epoch": 3, "steps": 14, "mean_loss": 11.48028666632516, "seconds": 10.250814560044091, "official_fused": {"mAP": 25.40000312362431, "Rank-1": 42.3011839389801, "Rank-5": 64.29780125617981, "Rank-10": 71.91201448440552}}
{"event": "epoch", "dataset": "MSVR310", "recipe": "native", "epoch": 4, "steps": 14, "mean_loss": 10.794660908835274, "seconds": 10.052545776998159, "official_fused": {"mAP": 29.76367140817027, "Rank-1": 47.88494110107422, "Rank-5": 66.83587431907654, "Rank-10": 75.46531558036804}}
{"event": "epoch", "dataset": "MSVR310", "recipe": "native", "epoch": 5, "steps": 14, "mean_loss": 10.171213899339948, "seconds": 10.015121851989534, "official_fused": {"mAP": 33.17623245656334, "Rank-1": 50.76141953468323, "Rank-5": 68.86633038520813, "Rank-10": 78.17258834838867}}
{"event": "epoch", "dataset": "MSVR310", "recipe": "native", "epoch": 6, "steps": 14, "mean_loss": 9.65908568246024, "seconds": 10.00707254302688, "official_fused": {"mAP": 34.9498231395895, "Rank-1": 52.62267589569092, "Rank-5": 71.91201448440552, "Rank-10": 79.01861071586609}}
{"event": "epoch", "dataset": "MSVR310", "recipe": "native", "epoch": 7, "steps": 14, "mean_loss": 9.226074150630406, "seconds": 10.231669125030749, "official_fused": {"mAP": 37.588360824445985, "Rank-1": 56.6835880279541, "Rank-5": 73.77326488494873, "Rank-10": 80.03383874893188}}
{"event": "epoch", "dataset": "MSVR310", "recipe": "native", "epoch": 8, "steps": 14, "mean_loss": 8.771918160574776, "seconds": 10.06062057201052, "official_fused": {"mAP": 36.67575385719255, "Rank-1": 54.99153733253479, "Rank-5": 72.41962552070618, "Rank-10": 79.35702204704285}}
{"event": "epoch", "dataset": "MSVR310", "recipe": "native", "epoch": 9, "steps": 14, "mean_loss": 8.362140996115548, "seconds": 10.580801957985386, "official_fused": {"mAP": 38.920102895293866, "Rank-1": 56.6835880279541, "Rank-5": 75.12690424919128, "Rank-10": 80.87986707687378}}
{"event": "epoch", "dataset": "MSVR310", "recipe": "native", "epoch": 10, "steps": 15, "mean_loss": 8.006198374430339, "seconds": 10.867524298024364, "official_fused": {"mAP": 41.29637207903726, "Rank-1": 59.39086079597473, "Rank-5": 77.32656598091125, "Rank-10": 83.41793417930603}}
{"event": "epoch", "dataset": "MSVR310", "recipe": "native", "epoch": 11, "steps": 14, "mean_loss": 7.68707663672311, "seconds": 10.064320327015594, "official_fused": {"mAP": 41.67323366845717, "Rank-1": 59.56006646156311, "Rank-5": 76.81894898414612, "Rank-10": 83.07952880859375}}
{"event": "epoch", "dataset": "MSVR310", "recipe": "native", "epoch": 12, "steps": 14, "mean_loss": 7.4418832915169855, "seconds": 9.886782266024966, "official_fused": {"mAP": 43.94401758694775, "Rank-1": 62.09813952445984, "Rank-5": 79.18781638145447, "Rank-10": 83.58713984489441}}
{"event": "epoch", "dataset": "MSVR310", "recipe": "native", "epoch": 13, "steps": 14, "mean_loss": 7.097433907645089, "seconds": 9.884384064003825, "official_fused": {"mAP": 44.434235395105866, "Rank-1": 61.75972819328308, "Rank-5": 78.0033826828003, "Rank-10": 83.41793417930603}}
{"event": "epoch", "dataset": "MSVR310", "recipe": "native", "epoch": 14, "steps": 14, "mean_loss": 6.844130481992449, "seconds": 10.074335496989079, "official_fused": {"mAP": 44.17398288543099, "Rank-1": 60.913705825805664, "Rank-5": 79.18781638145447, "Rank-10": 83.24872851371765}}
{"event": "epoch", "dataset": "MSVR310", "recipe": "native", "epoch": 15, "steps": 14, "mean_loss": 6.687339339937482, "seconds": 10.399477033992298, "official_fused": {"mAP": 45.6930398960239, "Rank-1": 62.6057505607605, "Rank-5": 79.86463904380798, "Rank-10": 84.6023678779602}}
{"event": "epoch", "dataset": "MSVR310", "recipe": "native", "epoch": 16, "steps": 14, "mean_loss": 6.442460332598005, "seconds": 10.247362677997444, "official_fused": {"mAP": 48.50019848193021, "Rank-1": 66.49746298789978, "Rank-5": 81.55668377876282, "Rank-10": 85.617595911026}}
{"event": "epoch", "dataset": "MSVR310", "recipe": "native", "epoch": 17, "steps": 15, "mean_loss": 6.290082804361979, "seconds": 10.673154735006392, "official_fused": {"mAP": 47.96816770763037, "Rank-1": 64.80541229248047, "Rank-5": 80.87986707687378, "Rank-10": 85.27919054031372}}
{"event": "epoch", "dataset": "MSVR310", "recipe": "native", "epoch": 18, "steps": 14, "mean_loss": 5.992644309997559, "seconds": 10.057697828975506, "official_fused": {"mAP": 49.263645330443836, "Rank-1": 67.00507402420044, "Rank-5": 81.38747811317444, "Rank-10": 85.78680157661438}}
{"event": "epoch", "dataset": "MSVR310", "recipe": "native", "epoch": 19, "steps": 15, "mean_loss": 5.783158810933431, "seconds": 10.710444257012568, "official_fused": {"mAP": 49.35611219402421, "Rank-1": 68.52791905403137, "Rank-5": 82.06430077552795, "Rank-10": 86.97123527526855}}
{"event": "epoch", "dataset": "MSVR310", "recipe": "native", "epoch": 20, "steps": 14, "mean_loss": 5.5218064444405695, "seconds": 10.200497611018363, "official_fused": {"mAP": 49.69827960940469, "Rank-1": 67.68189668655396, "Rank-5": 82.23350048065186, "Rank-10": 86.6328239440918}}
{"event": "epoch", "dataset": "MSVR310", "recipe": "native", "epoch": 21, "steps": 14, "mean_loss": 5.418629237583706, "seconds": 10.117648210027255, "official_fused": {"mAP": 49.469507917072214, "Rank-1": 67.00507402420044, "Rank-5": 81.55668377876282, "Rank-10": 85.95600724220276}}
{"event": "epoch", "dataset": "MSVR310", "recipe": "native", "epoch": 22, "steps": 14, "mean_loss": 5.318594081061227, "seconds": 10.053450273000635, "official_fused": {"mAP": 49.70315407471489, "Rank-1": 67.00507402420044, "Rank-5": 80.87986707687378, "Rank-10": 85.10998487472534}}
{"event": "epoch", "dataset": "MSVR310", "recipe": "native", "epoch": 23, "steps": 14, "mean_loss": 5.4192171437399725, "seconds": 10.147834464034531, "official_fused": {"mAP": 49.91914022388123, "Rank-1": 68.02030205726624, "Rank-5": 81.7258894443512, "Rank-10": 85.10998487472534}}
{"event": "epoch", "dataset": "MSVR310", "recipe": "native", "epoch": 24, "steps": 14, "mean_loss": 5.331138951437814, "seconds": 10.072506104013883, "official_fused": {"mAP": 49.6787546447862, "Rank-1": 67.68189668655396, "Rank-5": 80.7106614112854, "Rank-10": 85.10998487472534}}
{"event": "epoch", "dataset": "MSVR310", "recipe": "native", "epoch": 25, "steps": 15, "mean_loss": 5.309483083089193, "seconds": 10.769134241971187, "official_fused": {"mAP": 49.97545653528009, "Rank-1": 68.02030205726624, "Rank-5": 81.04906678199768, "Rank-10": 84.94077920913696}}
{"event": "epoch", "dataset": "MSVR310", "recipe": "native", "epoch": 26, "steps": 14, "mean_loss": 5.313525710787092, "seconds": 10.025888581993058, "official_fused": {"mAP": 50.27218899105436, "Rank-1": 68.358713388443, "Rank-5": 80.7106614112854, "Rank-10": 85.10998487472534}}
{"event": "epoch", "dataset": "MSVR310", "recipe": "native", "epoch": 27, "steps": 14, "mean_loss": 5.246194328580584, "seconds": 10.079197913000826, "official_fused": {"mAP": 49.86193490596066, "Rank-1": 67.00507402420044, "Rank-5": 80.37225008010864, "Rank-10": 84.94077920913696}}
{"event": "epoch", "dataset": "MSVR310", "recipe": "native", "epoch": 28, "steps": 15, "mean_loss": 5.231680806477865, "seconds": 10.552935758954845, "official_fused": {"mAP": 49.952932997153646, "Rank-1": 67.3434853553772, "Rank-5": 80.7106614112854, "Rank-10": 85.27919054031372}}
{"event": "epoch", "dataset": "MSVR310", "recipe": "native", "epoch": 29, "steps": 14, "mean_loss": 5.118141685213361, "seconds": 10.09636376798153, "official_fused": {"mAP": 50.04483705583765, "Rank-1": 67.17427968978882, "Rank-5": 80.87986707687378, "Rank-10": 85.78680157661438}}
{"event": "epoch", "dataset": "MSVR310", "recipe": "native", "epoch": 30, "steps": 14, "mean_loss": 5.191987003598895, "seconds": 10.19806919695111, "official_fused": {"mAP": 50.03666409296258, "Rank-1": 67.17427968978882, "Rank-5": 81.21827244758606, "Rank-10": 85.44839024543762}}
{"event": "epoch", "dataset": "MSVR310", "recipe": "native", "epoch": 31, "steps": 14, "mean_loss": 5.200491837092808, "seconds": 10.186339108971879, "official_fused": {"mAP": 49.7450585474777, "Rank-1": 67.17427968978882, "Rank-5": 80.7106614112854, "Rank-10": 84.94077920913696}}
{"event": "epoch", "dataset": "MSVR310", "recipe": "native", "epoch": 32, "steps": 14, "mean_loss": 5.044054678508213, "seconds": 10.165789128048345, "official_fused": {"mAP": 50.320710731065965, "Rank-1": 68.02030205726624, "Rank-5": 81.55668377876282, "Rank-10": 85.95600724220276}}
{"event": "epoch", "dataset": "MSVR310", "recipe": "native", "epoch": 33, "steps": 14, "mean_loss": 5.035811288016183, "seconds": 10.116068161034491, "official_fused": {"mAP": 50.1723991578207, "Rank-1": 67.85110235214233, "Rank-5": 81.55668377876282, "Rank-10": 86.46361827850342}}
{"event": "epoch", "dataset": "MSVR310", "recipe": "native", "epoch": 34, "steps": 14, "mean_loss": 4.992478506905692, "seconds": 10.093826514028478, "official_fused": {"mAP": 49.86890525775728, "Rank-1": 66.49746298789978, "Rank-5": 80.87986707687378, "Rank-10": 85.95600724220276}}
{"event": "epoch", "dataset": "MSVR310", "recipe": "native", "epoch": 35, "steps": 14, "mean_loss": 5.006175824574062, "seconds": 10.043115701002534, "official_fused": {"mAP": 49.601912918938446, "Rank-1": 66.49746298789978, "Rank-5": 80.37225008010864, "Rank-10": 84.94077920913696}}
{"event": "epoch", "dataset": "MSVR310", "recipe": "native", "epoch": 36, "steps": 14, "mean_loss": 5.034328392573765, "seconds": 10.173162257007789, "official_fused": {"mAP": 49.52548725626333, "Rank-1": 66.83587431907654, "Rank-5": 80.37225008010864, "Rank-10": 84.77157354354858}}
{"event": "epoch", "dataset": "MSVR310", "recipe": "native", "epoch": 37, "steps": 14, "mean_loss": 4.9436533110482355, "seconds": 9.989950220973697, "official_fused": {"mAP": 50.31385388297123, "Rank-1": 67.85110235214233, "Rank-5": 80.54145574569702, "Rank-10": 85.617595911026}}
{"event": "epoch", "dataset": "MSVR310", "recipe": "native", "epoch": 38, "steps": 14, "mean_loss": 4.989872523716518, "seconds": 10.23902394605102, "official_fused": {"mAP": 50.54213502750579, "Rank-1": 67.85110235214233, "Rank-5": 80.54145574569702, "Rank-10": 85.44839024543762}}
{"event": "epoch", "dataset": "MSVR310", "recipe": "native", "epoch": 39, "steps": 14, "mean_loss": 4.968038661139352, "seconds": 10.048750870046206, "official_fused": {"mAP": 50.235351180027486, "Rank-1": 67.51269102096558, "Rank-5": 80.87986707687378, "Rank-10": 85.44839024543762}}
{"event": "epoch", "dataset": "MSVR310", "recipe": "native", "epoch": 40, "steps": 14, "mean_loss": 4.8613535676683695, "seconds": 10.165447586972732, "official_fused": {"mAP": 50.30801492947023, "Rank-1": 67.85110235214233, "Rank-5": 80.87986707687378, "Rank-10": 85.617595911026}}
{"event": "epoch", "dataset": "MSVR310", "recipe": "native", "epoch": 41, "steps": 14, "mean_loss": 4.8770129680633545, "seconds": 10.103048819000833, "official_fused": {"mAP": 50.323038566316626, "Rank-1": 67.85110235214233, "Rank-5": 80.87986707687378, "Rank-10": 85.617595911026}}
{"event": "epoch", "dataset": "MSVR310", "recipe": "native", "epoch": 42, "steps": 14, "mean_loss": 4.906506844929287, "seconds": 10.216182757983916, "official_fused": {"mAP": 50.33261439881285, "Rank-1": 67.85110235214233, "Rank-5": 80.87986707687378, "Rank-10": 85.617595911026}}
{"event": "epoch", "dataset": "MSVR310", "recipe": "native", "epoch": 43, "steps": 15, "mean_loss": 4.959758599599202, "seconds": 10.904832804983016, "official_fused": {"mAP": 50.350128389977925, "Rank-1": 67.85110235214233, "Rank-5": 80.87986707687378, "Rank-10": 85.617595911026}}
{"event": "epoch", "dataset": "MSVR310", "recipe": "native", "epoch": 44, "steps": 14, "mean_loss": 4.858793531145368, "seconds": 10.21540892100893, "official_fused": {"mAP": 50.38267183382729, "Rank-1": 67.68189668655396, "Rank-5": 80.87986707687378, "Rank-10": 85.617595911026}}
{"event": "epoch", "dataset": "MSVR310", "recipe": "native", "epoch": 45, "steps": 14, "mean_loss": 4.870943103517805, "seconds": 10.11817950400291, "official_fused": {"mAP": 50.40851171233569, "Rank-1": 67.68189668655396, "Rank-5": 80.87986707687378, "Rank-10": 85.617595911026}}
{"event": "epoch", "dataset": "MSVR310", "recipe": "native", "epoch": 46, "steps": 14, "mean_loss": 4.892860616956439, "seconds": 10.226603272021748, "official_fused": {"mAP": 50.4374553871477, "Rank-1": 67.68189668655396, "Rank-5": 81.04906678199768, "Rank-10": 85.78680157661438}}
{"event": "epoch", "dataset": "MSVR310", "recipe": "native", "epoch": 47, "steps": 14, "mean_loss": 4.861217686108181, "seconds": 10.25755608396139, "official_fused": {"mAP": 50.4815947289336, "Rank-1": 67.68189668655396, "Rank-5": 81.04906678199768, "Rank-10": 85.78680157661438}}
{"event": "epoch", "dataset": "MSVR310", "recipe": "native", "epoch": 48, "steps": 14, "mean_loss": 4.9626602445329935, "seconds": 10.590840944030788, "official_fused": {"mAP": 50.47278958564843, "Rank-1": 67.68189668655396, "Rank-5": 81.04906678199768, "Rank-10": 85.78680157661438}}
{"event": "epoch", "dataset": "MSVR310", "recipe": "native", "epoch": 49, "steps": 14, "mean_loss": 4.877998522349766, "seconds": 10.387219653988723, "official_fused": {"mAP": 50.47587787075398, "Rank-1": 67.68189668655396, "Rank-5": 81.38747811317444, "Rank-10": 85.617595911026}}
{"event": "epoch", "dataset": "MSVR310", "recipe": "native", "epoch": 50, "steps": 14, "mean_loss": 4.923072065625872, "seconds": 10.047289385984186, "official_fused": {"mAP": 50.481222074269525, "Rank-1": 67.68189668655396, "Rank-5": 81.38747811317444, "Rank-10": 85.617595911026}}
