/data/gaob/Re-ID/conda-envs/tri_reid/lib/python3.10/site-packages/timm/models/helpers.py:7: FutureWarning: Importing from timm.models.helpers is deprecated, please import via timm.models
  warnings.warn(f"Importing from {__name__} is deprecated, please import via timm.models", FutureWarning)
/data/gaob/Re-ID/conda-envs/tri_reid/lib/python3.10/site-packages/timm/models/registry.py:4: FutureWarning: Importing from timm.models.registry is deprecated, please import via timm.models
  warnings.warn(f"Importing from {__name__} is deprecated, please import via timm.models", FutureWarning)
/data/gaob/Re-ID/conda-envs/tri_reid/lib/python3.10/site-packages/timm/models/layers/__init__.py:48: FutureWarning: Importing from timm.models.layers is deprecated, please import via timm.layers
  warnings.warn(f"Importing from {__name__} is deprecated, please import via timm.layers", FutureWarning)
建立transformer............
using Transformer_type: ViT-B-16 as a backbone
Resized position embedding: %s to %s torch.Size([197, 768]) torch.Size([129, 768])
Position embedding resize to height:16 width: 8
Successfully load ckpt!
<All keys matched successfully>
Loading pretrained model from CLIP
camera number is : 4
===========Building Signal===========
using soft triplet loss for training
label smooth on, numclasses: 171
{"event": "epoch", "dataset": "RGBNT201", "recipe": "semantic", "epoch": 1, "steps": 53, "mean_loss": 4.128393015771542, "seconds": 34.018690230033826, "official_fused": {"mAP": 29.45603992725294, "Rank-1": 28.588515520095825, "Rank-5": 45.69377899169922, "Rank-10": 55.741626024246216}}
{"event": "epoch", "dataset": "RGBNT201", "recipe": "semantic", "epoch": 2, "steps": 53, "mean_loss": 3.2342152865427845, "seconds": 31.966962005011737, "official_fused": {"mAP": 52.54799311664659, "Rank-1": 52.15311050415039, "Rank-5": 63.755983114242554, "Rank-10": 70.69377899169922}}
{"event": "epoch", "dataset": "RGBNT201", "recipe": "semantic", "epoch": 3, "steps": 53, "mean_loss": 2.352219779536409, "seconds": 31.84301699901698, "official_fused": {"mAP": 71.51896994944079, "Rank-1": 77.87081599235535, "Rank-5": 88.39712738990784, "Rank-10": 91.26794338226318}}
{"event": "epoch", "dataset": "RGBNT201", "recipe": "semantic", "epoch": 4, "steps": 53, "mean_loss": 1.741732822274262, "seconds": 31.805700011958834, "official_fused": {"mAP": 71.17669003759201, "Rank-1": 74.16267991065979, "Rank-5": 84.09090638160706, "Rank-10": 89.1148328781128}}
{"event": "epoch", "dataset": "RGBNT201", "recipe": "semantic", "epoch": 5, "steps": 53, "mean_loss": 1.3362439645911164, "seconds": 32.05258328100899, "official_fused": {"mAP": 66.52154233258085, "Rank-1": 69.25837397575378, "Rank-5": 80.9808611869812, "Rank-10": 86.12440228462219}}
{"event": "epoch", "dataset": "RGBNT201", "recipe": "semantic", "epoch": 6, "steps": 53, "mean_loss": 0.8251083347032655, "seconds": 32.08954089100007, "official_fused": {"mAP": 67.98248587402875, "Rank-1": 72.36841917037964, "Rank-5": 81.45933151245117, "Rank-10": 88.99521827697754}}
{"event": "epoch", "dataset": "RGBNT201", "recipe": "semantic", "epoch": 7, "steps": 53, "mean_loss": 0.5953264202711717, "seconds": 31.877474862034433, "official_fused": {"mAP": 73.93302043563949, "Rank-1": 77.87081599235535, "Rank-5": 88.0382776260376, "Rank-10": 92.1052634716034}}
{"event": "epoch", "dataset": "RGBNT201", "recipe": "semantic", "epoch": 8, "steps": 53, "mean_loss": 0.5543436250596676, "seconds": 32.163576231047045, "official_fused": {"mAP": 74.3397509199159, "Rank-1": 79.42583560943604, "Rank-5": 88.15789222717285, "Rank-10": 91.62679314613342}}
{"event": "epoch", "dataset": "RGBNT201", "recipe": "semantic", "epoch": 9, "steps": 53, "mean_loss": 0.5149003340388244, "seconds": 31.894978862954304, "official_fused": {"mAP": 72.98829797656111, "Rank-1": 75.95694065093994, "Rank-5": 86.36363744735718, "Rank-10": 90.31100273132324}}
{"event": "epoch", "dataset": "RGBNT201", "recipe": "semantic", "epoch": 10, "steps": 53, "mean_loss": 0.5083195083546188, "seconds": 31.949859418033157, "official_fused": {"mAP": 72.8148837116752, "Rank-1": 75.83732008934021, "Rank-5": 86.24401688575745, "Rank-10": 89.952152967453}}
{"event": "epoch", "dataset": "RGBNT201", "recipe": "semantic", "epoch": 11, "steps": 53, "mean_loss": 0.5007697203249302, "seconds": 32.243824303965084, "official_fused": {"mAP": 72.47980936957238, "Rank-1": 75.47847032546997, "Rank-5": 85.64593195915222, "Rank-10": 90.90909361839294}}
{"event": "epoch", "dataset": "RGBNT201", "recipe": "semantic", "epoch": 12, "steps": 53, "mean_loss": 0.5146091917775711, "seconds": 31.73501080099959, "official_fused": {"mAP": 73.15981870855363, "Rank-1": 76.79426074028015, "Rank-5": 86.72248721122742, "Rank-10": 91.50717854499817}}
{"event": "epoch", "dataset": "RGBNT201", "recipe": "semantic", "epoch": 13, "steps": 53, "mean_loss": 0.4950229272527515, "seconds": 32.05890718300361, "official_fused": {"mAP": 73.17101897162146, "Rank-1": 76.0765552520752, "Rank-5": 86.12440228462219, "Rank-10": 90.90909361839294}}
{"event": "epoch", "dataset": "RGBNT201", "recipe": "semantic", "epoch": 14, "steps": 53, "mean_loss": 0.49562239590680823, "seconds": 32.0270364159951, "official_fused": {"mAP": 70.73296792783542, "Rank-1": 73.9234447479248, "Rank-5": 84.21052694320679, "Rank-10": 89.35406804084778}}
{"event": "epoch", "dataset": "RGBNT201", "recipe": "semantic", "epoch": 15, "steps": 53, "mean_loss": 0.4842415643188189, "seconds": 32.01734967599623, "official_fused": {"mAP": 71.38789928239937, "Rank-1": 74.40191507339478, "Rank-5": 84.80861186981201, "Rank-10": 89.59330320358276}}
{"event": "epoch", "dataset": "RGBNT201", "recipe": "semantic", "epoch": 16, "steps": 53, "mean_loss": 0.49154589198670295, "seconds": 31.883830085978843, "official_fused": {"mAP": 70.9579357099324, "Rank-1": 72.60765433311462, "Rank-5": 82.8947365283966, "Rank-10": 88.87559771537781}}
{"event": "epoch", "dataset": "RGBNT201", "recipe": "semantic", "epoch": 17, "steps": 53, "mean_loss": 0.47814219571509453, "seconds": 32.04839767998783, "official_fused": {"mAP": 72.52990115043086, "Rank-1": 74.64115023612976, "Rank-5": 85.047847032547, "Rank-10": 89.952152967453}}
{"event": "epoch", "dataset": "RGBNT201", "recipe": "semantic", "epoch": 18, "steps": 53, "mean_loss": 0.47354541578382814, "seconds": 32.06574842898408, "official_fused": {"mAP": 73.6372631281349, "Rank-1": 76.31579041481018, "Rank-5": 86.00478172302246, "Rank-10": 90.31100273132324}}
{"event": "epoch", "dataset": "RGBNT201", "recipe": "semantic", "epoch": 19, "steps": 53, "mean_loss": 0.49879463045102246, "seconds": 32.13613366702339, "official_fused": {"mAP": 72.96254491659812, "Rank-1": 76.9138753414154, "Rank-5": 85.64593195915222, "Rank-10": 91.14832282066345}}
{"event": "epoch", "dataset": "RGBNT201", "recipe": "semantic", "epoch": 20, "steps": 53, "mean_loss": 0.4792834868970907, "seconds": 32.08382753399201, "official_fused": {"mAP": 73.56028896146215, "Rank-1": 75.35884976387024, "Rank-5": 85.64593195915222, "Rank-10": 90.66985845565796}}
{"event": "epoch", "dataset": "RGBNT201", "recipe": "semantic", "epoch": 21, "steps": 53, "mean_loss": 0.47576934942659344, "seconds": 32.07225409604143, "official_fused": {"mAP": 72.9254953554399, "Rank-1": 76.19616985321045, "Rank-5": 85.76555252075195, "Rank-10": 90.31100273132324}}
{"event": "epoch", "dataset": "RGBNT201", "recipe": "semantic", "epoch": 22, "steps": 53, "mean_loss": 0.4721881218676297, "seconds": 31.819497487973422, "official_fused": {"mAP": 71.33192718966028, "Rank-1": 72.36841917037964, "Rank-5": 83.25358629226685, "Rank-10": 87.55980730056763}}
{"event": "epoch", "dataset": "RGBNT201", "recipe": "semantic", "epoch": 23, "steps": 53, "mean_loss": 0.4787314275525651, "seconds": 32.158502175007015, "official_fused": {"mAP": 69.65318722237521, "Rank-1": 71.88995480537415, "Rank-5": 80.9808611869812, "Rank-10": 86.48325204849243}}
{"event": "epoch", "dataset": "RGBNT201", "recipe": "semantic", "epoch": 24, "steps": 53, "mean_loss": 0.46905610583863167, "seconds": 31.77451939403545, "official_fused": {"mAP": 69.84652065486172, "Rank-1": 71.65071964263916, "Rank-5": 81.81818127632141, "Rank-10": 87.32057213783264}}
{"event": "epoch", "dataset": "RGBNT201", "recipe": "semantic", "epoch": 25, "steps": 53, "mean_loss": 0.4664614599830699, "seconds": 31.70576165401144, "official_fused": {"mAP": 71.54228215396468, "Rank-1": 73.68420958518982, "Rank-5": 83.9712917804718, "Rank-10": 89.83253836631775}}
{"event": "epoch", "dataset": "RGBNT201", "recipe": "semantic", "epoch": 26, "steps": 53, "mean_loss": 0.4632323552977364, "seconds": 32.00404172798153, "official_fused": {"mAP": 72.03795688296907, "Rank-1": 74.52152967453003, "Rank-5": 84.21052694320679, "Rank-10": 89.83253836631775}}
{"event": "epoch", "dataset": "RGBNT201", "recipe": "semantic", "epoch": 27, "steps": 53, "mean_loss": 0.45938771288349944, "seconds": 32.07743028202094, "official_fused": {"mAP": 72.32923209438627, "Rank-1": 74.16267991065979, "Rank-5": 84.44976210594177, "Rank-10": 89.952152967453}}
{"event": "epoch", "dataset": "RGBNT201", "recipe": "semantic", "epoch": 28, "steps": 53, "mean_loss": 0.45933086748393076, "seconds": 32.1866852749954, "official_fused": {"mAP": 72.10201684956581, "Rank-1": 73.80383014678955, "Rank-5": 84.33014154434204, "Rank-10": 89.23444747924805}}
{"event": "epoch", "dataset": "RGBNT201", "recipe": "semantic", "epoch": 29, "steps": 53, "mean_loss": 0.45912267801896584, "seconds": 32.18833823298337, "official_fused": {"mAP": 72.5212929827146, "Rank-1": 74.64115023612976, "Rank-5": 83.61244201660156, "Rank-10": 88.99521827697754}}
{"event": "epoch", "dataset": "RGBNT201", "recipe": "semantic", "epoch": 30, "steps": 53, "mean_loss": 0.4614310568233706, "seconds": 32.361355631030165, "official_fused": {"mAP": 72.1398565960324, "Rank-1": 74.04305934906006, "Rank-5": 83.49282145500183, "Rank-10": 89.1148328781128}}
{"event": "epoch", "dataset": "RGBNT201", "recipe": "semantic", "epoch": 31, "steps": 53, "mean_loss": 0.45718910502937604, "seconds": 31.82914178201463, "official_fused": {"mAP": 72.13378484930828, "Rank-1": 74.04305934906006, "Rank-5": 83.25358629226685, "Rank-10": 89.23444747924805}}
{"event": "epoch", "dataset": "RGBNT201", "recipe": "semantic", "epoch": 32, "steps": 53, "mean_loss": 0.45814230869401174, "seconds": 32.16692170500755, "official_fused": {"mAP": 71.02510419019808, "Rank-1": 72.48803973197937, "Rank-5": 83.37320685386658, "Rank-10": 88.63636255264282}}
{"event": "epoch", "dataset": "RGBNT201", "recipe": "semantic", "epoch": 33, "steps": 53, "mean_loss": 0.456417182706437, "seconds": 32.08108528499724, "official_fused": {"mAP": 71.67196669359377, "Rank-1": 73.32535982131958, "Rank-5": 84.21052694320679, "Rank-10": 89.47368264198303}}
{"event": "epoch", "dataset": "RGBNT201", "recipe": "semantic", "epoch": 34, "steps": 53, "mean_loss": 0.4551148847588953, "seconds": 31.685155490005855, "official_fused": {"mAP": 71.27392919878189, "Rank-1": 72.96651005744934, "Rank-5": 84.44976210594177, "Rank-10": 89.35406804084778}}
{"event": "epoch", "dataset": "RGBNT201", "recipe": "semantic", "epoch": 35, "steps": 53, "mean_loss": 0.4547158395344356, "seconds": 32.21167982800398, "official_fused": {"mAP": 71.2428398729244, "Rank-1": 73.20573925971985, "Rank-5": 84.44976210594177, "Rank-10": 89.23444747924805}}
{"event": "epoch", "dataset": "RGBNT201", "recipe": "semantic", "epoch": 36, "steps": 53, "mean_loss": 0.45290594730737077, "seconds": 31.915044706955086, "official_fused": {"mAP": 71.43825963983392, "Rank-1": 73.44497442245483, "Rank-5": 84.56937670707703, "Rank-10": 89.23444747924805}}
{"event": "epoch", "dataset": "RGBNT201", "recipe": "semantic", "epoch": 37, "steps": 53, "mean_loss": 0.4578563779030206, "seconds": 32.069301302020904, "official_fused": {"mAP": 71.83553343289283, "Rank-1": 75.0, "Rank-5": 85.8851671218872, "Rank-10": 89.47368264198303}}
{"event": "epoch", "dataset": "RGBNT201", "recipe": "semantic", "epoch": 38, "steps": 53, "mean_loss": 0.4576797052374426, "seconds": 32.11519946804037, "official_fused": {"mAP": 71.92884506645889, "Rank-1": 75.35884976387024, "Rank-5": 85.52631735801697, "Rank-10": 89.71291780471802}}
{"event": "epoch", "dataset": "RGBNT201", "recipe": "semantic", "epoch": 39, "steps": 53, "mean_loss": 0.4539307288403781, "seconds": 32.15087921003578, "official_fused": {"mAP": 71.68058446150744, "Rank-1": 74.88038539886475, "Rank-5": 84.80861186981201, "Rank-10": 89.71291780471802}}
{"event": "epoch", "dataset": "RGBNT201", "recipe": "semantic", "epoch": 40, "steps": 53, "mean_loss": 0.4531168319144339, "seconds": 32.03926586499438, "official_fused": {"mAP": 71.5428089113909, "Rank-1": 74.52152967453003, "Rank-5": 84.68899726867676, "Rank-10": 89.59330320358276}}
{"event": "epoch", "dataset": "RGBNT201", "recipe": "semantic", "epoch": 41, "steps": 53, "mean_loss": 0.4560585797957654, "seconds": 31.58035825396655, "official_fused": {"mAP": 71.11084970730256, "Rank-1": 73.68420958518982, "Rank-5": 83.85167717933655, "Rank-10": 89.83253836631775}}
{"event": "epoch", "dataset": "RGBNT201", "recipe": "semantic", "epoch": 42, "steps": 53, "mean_loss": 0.453156312681594, "seconds": 32.31253511394607, "official_fused": {"mAP": 71.38070051896483, "Rank-1": 73.9234447479248, "Rank-5": 84.09090638160706, "Rank-10": 90.07176756858826}}
{"event": "epoch", "dataset": "RGBNT201", "recipe": "semantic", "epoch": 43, "steps": 53, "mean_loss": 0.454324076198182, "seconds": 32.15259745699586, "official_fused": {"mAP": 71.64404336271095, "Rank-1": 74.04305934906006, "Rank-5": 84.33014154434204, "Rank-10": 89.952152967453}}
{"event": "epoch", "dataset": "RGBNT201", "recipe": "semantic", "epoch": 44, "steps": 53, "mean_loss": 0.4541789394504619, "seconds": 32.12784268800169, "official_fused": {"mAP": 71.75855208463675, "Rank-1": 74.28229451179504, "Rank-5": 84.21052694320679, "Rank-10": 89.59330320358276}}
{"event": "epoch", "dataset": "RGBNT201", "recipe": "semantic", "epoch": 45, "steps": 53, "mean_loss": 0.4525891491826975, "seconds": 32.07267707004212, "official_fused": {"mAP": 71.62010601884052, "Rank-1": 74.28229451179504, "Rank-5": 84.44976210594177, "Rank-10": 89.71291780471802}}
{"event": "epoch", "dataset": "RGBNT201", "recipe": "semantic", "epoch": 46, "steps": 52, "mean_loss": 0.45364436507225037, "seconds": 31.44170846999623, "official_fused": {"mAP": 71.53526750895918, "Rank-1": 74.40191507339478, "Rank-5": 84.09090638160706, "Rank-10": 89.83253836631775}}
{"event": "epoch", "dataset": "RGBNT201", "recipe": "semantic", "epoch": 47, "steps": 53, "mean_loss": 0.4517029327041698, "seconds": 32.011282649007626, "official_fused": {"mAP": 71.5917284216598, "Rank-1": 74.64115023612976, "Rank-5": 84.09090638160706, "Rank-10": 89.83253836631775}}
{"event": "epoch", "dataset": "RGBNT201", "recipe": "semantic", "epoch": 48, "steps": 53, "mean_loss": 0.45324146241511937, "seconds": 32.380167822993826, "official_fused": {"mAP": 71.66721962024684, "Rank-1": 74.16267991065979, "Rank-5": 84.21052694320679, "Rank-10": 89.952152967453}}
{"event": "epoch", "dataset": "RGBNT201", "recipe": "semantic", "epoch": 49, "steps": 53, "mean_loss": 0.4526952735657962, "seconds": 32.30238427699078, "official_fused": {"mAP": 71.72015986952192, "Rank-1": 74.28229451179504, "Rank-5": 84.21052694320679, "Rank-10": 89.952152967453}}
{"event": "epoch", "dataset": "RGBNT201", "recipe": "semantic", "epoch": 50, "steps": 53, "mean_loss": 0.45176475284234535, "seconds": 32.134694847045466, "official_fused": {"mAP": 71.54930071154834, "Rank-1": 73.9234447479248, "Rank-5": 84.33014154434204, "Rank-10": 89.59330320358276}}
