/data/gaob/Re-ID/conda-envs/tri_reid/lib/python3.10/site-packages/timm/models/helpers.py:7: FutureWarning: Importing from timm.models.helpers is deprecated, please import via timm.models
  warnings.warn(f"Importing from {__name__} is deprecated, please import via timm.models", FutureWarning)
/data/gaob/Re-ID/conda-envs/tri_reid/lib/python3.10/site-packages/timm/models/registry.py:4: FutureWarning: Importing from timm.models.registry is deprecated, please import via timm.models
  warnings.warn(f"Importing from {__name__} is deprecated, please import via timm.models", FutureWarning)
/data/gaob/Re-ID/conda-envs/tri_reid/lib/python3.10/site-packages/timm/models/layers/__init__.py:48: FutureWarning: Importing from timm.models.layers is deprecated, please import via timm.layers
  warnings.warn(f"Importing from {__name__} is deprecated, please import via timm.layers", FutureWarning)
建立transformer............
using Transformer_type: ViT-B-16 as a backbone
Resized position embedding: %s to %s torch.Size([197, 768]) torch.Size([129, 768])
Position embedding resize to height:8 width: 16
Successfully load ckpt!
<All keys matched successfully>
Loading pretrained model from CLIP
camera number is : 8
===========Building Signal===========
using soft triplet loss for training
label smooth on, numclasses: 50
{"event": "epoch", "dataset": "RGBNT100", "recipe": "semantic", "epoch": 1, "steps": 62, "mean_loss": 10.997797966003418, "seconds": 66.48815004696371, "official_fused": {"mAP": 58.51540173589876, "Rank-1": 83.49854350090027, "Rank-5": 85.1311981678009, "Rank-10": 86.29737496376038}}
{"event": "epoch", "dataset": "RGBNT100", "recipe": "semantic", "epoch": 2, "steps": 62, "mean_loss": 8.560789677404589, "seconds": 64.42434892198071, "official_fused": {"mAP": 69.93202771892068, "Rank-1": 87.40524649620056, "Rank-5": 88.92128467559814, "Rank-10": 89.56268429756165}}
{"event": "epoch", "dataset": "RGBNT100", "recipe": "semantic", "epoch": 3, "steps": 63, "mean_loss": 5.229657861921522, "seconds": 65.03033133497229, "official_fused": {"mAP": 75.5977049925968, "Rank-1": 91.54518842697144, "Rank-5": 93.00291538238525, "Rank-10": 93.64431500434875}}
{"event": "epoch", "dataset": "RGBNT100", "recipe": "semantic", "epoch": 4, "steps": 61, "mean_loss": 2.619489224230657, "seconds": 63.371476828993764, "official_fused": {"mAP": 80.76812825863855, "Rank-1": 94.11078691482544, "Rank-5": 94.34402585029602, "Rank-10": 94.40233111381531}}
{"event": "epoch", "dataset": "RGBNT100", "recipe": "semantic", "epoch": 5, "steps": 63, "mean_loss": 1.6749889718161688, "seconds": 65.8858475809684, "official_fused": {"mAP": 82.32307178996415, "Rank-1": 94.69387531280518, "Rank-5": 95.62682509422302, "Rank-10": 96.26821875572205}}
{"event": "epoch", "dataset": "RGBNT100", "recipe": "semantic", "epoch": 6, "steps": 63, "mean_loss": 1.419709252932715, "seconds": 65.47350693598855, "official_fused": {"mAP": 82.32124194206752, "Rank-1": 95.39358615875244, "Rank-5": 95.80174684524536, "Rank-10": 96.0932970046997}}
{"event": "epoch", "dataset": "RGBNT100", "recipe": "semantic", "epoch": 7, "steps": 62, "mean_loss": 1.3043159534854274, "seconds": 65.39139894902473, "official_fused": {"mAP": 83.32464215519502, "Rank-1": 95.62682509422302, "Rank-5": 96.38484120368958, "Rank-10": 96.7930018901825}}
{"event": "epoch", "dataset": "RGBNT100", "recipe": "semantic", "epoch": 8, "steps": 63, "mean_loss": 1.2406734606576344, "seconds": 65.33745506900596, "official_fused": {"mAP": 83.07216364552716, "Rank-1": 95.74344158172607, "Rank-5": 96.38484120368958, "Rank-10": 96.85131311416626}}
{"event": "epoch", "dataset": "RGBNT100", "recipe": "semantic", "epoch": 9, "steps": 63, "mean_loss": 1.204214472619314, "seconds": 65.58443980204174, "official_fused": {"mAP": 82.89882318816446, "Rank-1": 95.91836929321289, "Rank-5": 96.32652997970581, "Rank-10": 96.90961837768555}}
{"event": "epoch", "dataset": "RGBNT100", "recipe": "semantic", "epoch": 10, "steps": 62, "mean_loss": 1.178291957224569, "seconds": 64.65794771799119, "official_fused": {"mAP": 82.5669426811278, "Rank-1": 95.91836929321289, "Rank-5": 96.38484120368958, "Rank-10": 97.14285731315613}}
{"event": "epoch", "dataset": "RGBNT100", "recipe": "semantic", "epoch": 11, "steps": 63, "mean_loss": 1.1645477707423861, "seconds": 66.03359614801593, "official_fused": {"mAP": 82.88689629219986, "Rank-1": 96.55976891517639, "Rank-5": 97.20116853713989, "Rank-10": 97.8425681591034}}
{"event": "epoch", "dataset": "RGBNT100", "recipe": "semantic", "epoch": 12, "steps": 63, "mean_loss": 1.1525623646993486, "seconds": 66.31997464899905, "official_fused": {"mAP": 82.49395815128567, "Rank-1": 96.73469662666321, "Rank-5": 97.14285731315613, "Rank-10": 97.8425681591034}}
{"event": "epoch", "dataset": "RGBNT100", "recipe": "semantic", "epoch": 13, "steps": 63, "mean_loss": 1.147754538626898, "seconds": 65.75724428001558, "official_fused": {"mAP": 82.71243324665826, "Rank-1": 97.02624082565308, "Rank-5": 97.55101799964905, "Rank-10": 97.8425681591034}}
{"event": "epoch", "dataset": "RGBNT100", "recipe": "semantic", "epoch": 14, "steps": 63, "mean_loss": 1.142632592292059, "seconds": 65.72673844895326, "official_fused": {"mAP": 82.93474417126788, "Rank-1": 96.44314646720886, "Rank-5": 96.73469662666321, "Rank-10": 97.08454608917236}}
{"event": "epoch", "dataset": "RGBNT100", "recipe": "semantic", "epoch": 15, "steps": 63, "mean_loss": 1.1353650395832364, "seconds": 65.43066853599157, "official_fused": {"mAP": 83.04244094902509, "Rank-1": 95.74344158172607, "Rank-5": 96.67638540267944, "Rank-10": 97.02624082565308}}
{"event": "epoch", "dataset": "RGBNT100", "recipe": "semantic", "epoch": 16, "steps": 63, "mean_loss": 1.1262101370190818, "seconds": 65.51575924904319, "official_fused": {"mAP": 82.78817252408304, "Rank-1": 96.38484120368958, "Rank-5": 97.14285731315613, "Rank-10": 97.25947380065918}}
{"event": "epoch", "dataset": "RGBNT100", "recipe": "semantic", "epoch": 17, "steps": 62, "mean_loss": 1.1174123998611205, "seconds": 65.08335735695437, "official_fused": {"mAP": 82.74640801668215, "Rank-1": 96.44314646720886, "Rank-5": 97.08454608917236, "Rank-10": 97.434401512146}}
{"event": "epoch", "dataset": "RGBNT100", "recipe": "semantic", "epoch": 18, "steps": 62, "mean_loss": 1.1140521207163412, "seconds": 64.68981103698025, "official_fused": {"mAP": 82.83473834917928, "Rank-1": 96.55976891517639, "Rank-5": 97.49271273612976, "Rank-10": 97.78425693511963}}
{"event": "epoch", "dataset": "RGBNT100", "recipe": "semantic", "epoch": 19, "steps": 63, "mean_loss": 1.1094049782980056, "seconds": 65.69280585600063, "official_fused": {"mAP": 82.40428113159115, "Rank-1": 95.97667455673218, "Rank-5": 96.61807417869568, "Rank-10": 96.96792960166931}}
{"event": "epoch", "dataset": "RGBNT100", "recipe": "semantic", "epoch": 20, "steps": 62, "mean_loss": 1.1059788830818669, "seconds": 64.71517756296089, "official_fused": {"mAP": 81.8630863004213, "Rank-1": 96.03498578071594, "Rank-5": 96.73469662666321, "Rank-10": 96.96792960166931}}
{"event": "epoch", "dataset": "RGBNT100", "recipe": "semantic", "epoch": 21, "steps": 63, "mean_loss": 1.101410536538987, "seconds": 65.43322820600588, "official_fused": {"mAP": 82.70328577665863, "Rank-1": 96.26821875572205, "Rank-5": 96.73469662666321, "Rank-10": 97.08454608917236}}
{"event": "epoch", "dataset": "RGBNT100", "recipe": "semantic", "epoch": 22, "steps": 63, "mean_loss": 1.104329956902398, "seconds": 65.65020995703526, "official_fused": {"mAP": 82.6279275165673, "Rank-1": 96.50145769119263, "Rank-5": 97.20116853713989, "Rank-10": 97.434401512146}}
{"event": "epoch", "dataset": "RGBNT100", "recipe": "semantic", "epoch": 23, "steps": 63, "mean_loss": 1.0951341750129822, "seconds": 65.99531213700539, "official_fused": {"mAP": 82.35928992079401, "Rank-1": 95.91836929321289, "Rank-5": 96.55976891517639, "Rank-10": 96.96792960166931}}
{"event": "epoch", "dataset": "RGBNT100", "recipe": "semantic", "epoch": 24, "steps": 63, "mean_loss": 1.0929770583198184, "seconds": 65.5731170210056, "official_fused": {"mAP": 82.52706635636943, "Rank-1": 95.62682509422302, "Rank-5": 96.38484120368958, "Rank-10": 96.7930018901825}}
{"event": "epoch", "dataset": "RGBNT100", "recipe": "semantic", "epoch": 25, "steps": 63, "mean_loss": 1.0918972113775829, "seconds": 65.94025444803992, "official_fused": {"mAP": 82.88800102356443, "Rank-1": 96.44314646720886, "Rank-5": 97.14285731315613, "Rank-10": 97.49271273612976}}
{"event": "epoch", "dataset": "RGBNT100", "recipe": "semantic", "epoch": 26, "steps": 63, "mean_loss": 1.0919826825459797, "seconds": 65.47967876197072, "official_fused": {"mAP": 83.49920269739064, "Rank-1": 96.61807417869568, "Rank-5": 97.08454608917236, "Rank-10": 97.60932922363281}}
{"event": "epoch", "dataset": "RGBNT100", "recipe": "semantic", "epoch": 27, "steps": 63, "mean_loss": 1.089654947084094, "seconds": 65.80909225402866, "official_fused": {"mAP": 82.91129662228018, "Rank-1": 96.20991349220276, "Rank-5": 96.7930018901825, "Rank-10": 97.31778502464294}}
{"event": "epoch", "dataset": "RGBNT100", "recipe": "semantic", "epoch": 28, "steps": 62, "mean_loss": 1.08788574318732, "seconds": 64.89494226197712, "official_fused": {"mAP": 83.04606588514062, "Rank-1": 96.67638540267944, "Rank-5": 97.31778502464294, "Rank-10": 97.60932922363281}}
{"event": "epoch", "dataset": "RGBNT100", "recipe": "semantic", "epoch": 29, "steps": 63, "mean_loss": 1.087472711290632, "seconds": 65.61224587797187, "official_fused": {"mAP": 82.75522272445764, "Rank-1": 95.86005806922913, "Rank-5": 96.67638540267944, "Rank-10": 97.08454608917236}}
{"event": "epoch", "dataset": "RGBNT100", "recipe": "semantic", "epoch": 30, "steps": 62, "mean_loss": 1.0846829645095333, "seconds": 64.92902851698454, "official_fused": {"mAP": 82.53824882649748, "Rank-1": 95.68513035774231, "Rank-5": 96.50145769119263, "Rank-10": 97.31778502464294}}
{"event": "epoch", "dataset": "RGBNT100", "recipe": "semantic", "epoch": 31, "steps": 62, "mean_loss": 1.0847442573116672, "seconds": 64.66830757702701, "official_fused": {"mAP": 82.1222881800206, "Rank-1": 96.20991349220276, "Rank-5": 96.73469662666321, "Rank-10": 97.20116853713989}}
{"event": "epoch", "dataset": "RGBNT100", "recipe": "semantic", "epoch": 32, "steps": 62, "mean_loss": 1.083439423191932, "seconds": 64.97180831502192, "official_fused": {"mAP": 82.29589889522101, "Rank-1": 96.44314646720886, "Rank-5": 97.14285731315613, "Rank-10": 97.434401512146}}
{"event": "epoch", "dataset": "RGBNT100", "recipe": "semantic", "epoch": 33, "steps": 63, "mean_loss": 1.0815165402397278, "seconds": 65.85650641296525, "official_fused": {"mAP": 82.56377837948232, "Rank-1": 96.38484120368958, "Rank-5": 96.85131311416626, "Rank-10": 97.434401512146}}
{"event": "epoch", "dataset": "RGBNT100", "recipe": "semantic", "epoch": 34, "steps": 62, "mean_loss": 1.08114525195091, "seconds": 64.6399952750071, "official_fused": {"mAP": 82.28981369704509, "Rank-1": 96.32652997970581, "Rank-5": 96.96792960166931, "Rank-10": 97.434401512146}}
{"event": "epoch", "dataset": "RGBNT100", "recipe": "semantic", "epoch": 35, "steps": 63, "mean_loss": 1.080972535269601, "seconds": 65.75685445300769, "official_fused": {"mAP": 82.45292309450853, "Rank-1": 96.32652997970581, "Rank-5": 97.20116853713989, "Rank-10": 97.55101799964905}}
{"event": "epoch", "dataset": "RGBNT100", "recipe": "semantic", "epoch": 36, "steps": 62, "mean_loss": 1.0841030055476772, "seconds": 65.24363918299787, "official_fused": {"mAP": 82.5301651258441, "Rank-1": 96.03498578071594, "Rank-5": 97.20116853713989, "Rank-10": 97.49271273612976}}
{"event": "epoch", "dataset": "RGBNT100", "recipe": "semantic", "epoch": 37, "steps": 63, "mean_loss": 1.0805713846569969, "seconds": 65.87082321505295, "official_fused": {"mAP": 82.31514131291921, "Rank-1": 96.32652997970581, "Rank-5": 96.96792960166931, "Rank-10": 97.434401512146}}
{"event": "epoch", "dataset": "RGBNT100", "recipe": "semantic", "epoch": 38, "steps": 63, "mean_loss": 1.0790135841521005, "seconds": 66.6244775619707, "official_fused": {"mAP": 82.36831780508858, "Rank-1": 96.20991349220276, "Rank-5": 96.90961837768555, "Rank-10": 97.37609624862671}}
{"event": "epoch", "dataset": "RGBNT100", "recipe": "semantic", "epoch": 39, "steps": 63, "mean_loss": 1.0801599101414756, "seconds": 66.26368192204973, "official_fused": {"mAP": 82.36834408285422, "Rank-1": 96.03498578071594, "Rank-5": 96.96792960166931, "Rank-10": 97.49271273612976}}
{"event": "epoch", "dataset": "RGBNT100", "recipe": "semantic", "epoch": 40, "steps": 62, "mean_loss": 1.079026504870384, "seconds": 64.69841189403087, "official_fused": {"mAP": 82.42629276486632, "Rank-1": 96.32652997970581, "Rank-5": 97.02624082565308, "Rank-10": 97.37609624862671}}
{"event": "epoch", "dataset": "RGBNT100", "recipe": "semantic", "epoch": 41, "steps": 63, "mean_loss": 1.0787320080257596, "seconds": 66.09263850498246, "official_fused": {"mAP": 82.52162385608895, "Rank-1": 95.97667455673218, "Rank-5": 96.90961837768555, "Rank-10": 97.02624082565308}}
{"event": "epoch", "dataset": "RGBNT100", "recipe": "semantic", "epoch": 42, "steps": 63, "mean_loss": 1.0782235917590914, "seconds": 66.14719974499894, "official_fused": {"mAP": 82.50637527640372, "Rank-1": 96.38484120368958, "Rank-5": 97.08454608917236, "Rank-10": 97.37609624862671}}
{"event": "epoch", "dataset": "RGBNT100", "recipe": "semantic", "epoch": 43, "steps": 62, "mean_loss": 1.078048954086919, "seconds": 64.78622395498678, "official_fused": {"mAP": 82.53524230421417, "Rank-1": 96.44314646720886, "Rank-5": 97.25947380065918, "Rank-10": 97.434401512146}}
{"event": "epoch", "dataset": "RGBNT100", "recipe": "semantic", "epoch": 44, "steps": 62, "mean_loss": 1.0775050886215702, "seconds": 65.18608317303006, "official_fused": {"mAP": 82.53014543903662, "Rank-1": 96.38484120368958, "Rank-5": 97.25947380065918, "Rank-10": 97.434401512146}}
{"event": "epoch", "dataset": "RGBNT100", "recipe": "semantic", "epoch": 45, "steps": 62, "mean_loss": 1.0780813482499891, "seconds": 65.13096549501643, "official_fused": {"mAP": 82.54288635460202, "Rank-1": 96.26821875572205, "Rank-5": 97.14285731315613, "Rank-10": 97.31778502464294}}
{"event": "epoch", "dataset": "RGBNT100", "recipe": "semantic", "epoch": 46, "steps": 63, "mean_loss": 1.0773938459063332, "seconds": 66.27056732797064, "official_fused": {"mAP": 82.70126886301522, "Rank-1": 96.26821875572205, "Rank-5": 96.96792960166931, "Rank-10": 97.25947380065918}}
{"event": "epoch", "dataset": "RGBNT100", "recipe": "semantic", "epoch": 47, "steps": 62, "mean_loss": 1.077402489800607, "seconds": 65.179213816009, "official_fused": {"mAP": 82.62603413958148, "Rank-1": 96.26821875572205, "Rank-5": 97.25947380065918, "Rank-10": 97.37609624862671}}
{"event": "epoch", "dataset": "RGBNT100", "recipe": "semantic", "epoch": 48, "steps": 63, "mean_loss": 1.0769578729357039, "seconds": 67.23582304595038, "official_fused": {"mAP": 82.46045473528784, "Rank-1": 96.20991349220276, "Rank-5": 97.08454608917236, "Rank-10": 97.49271273612976}}
{"event": "epoch", "dataset": "RGBNT100", "recipe": "semantic", "epoch": 49, "steps": 63, "mean_loss": 1.0771212880573575, "seconds": 65.70253908401355, "official_fused": {"mAP": 82.43511495259538, "Rank-1": 96.151602268219, "Rank-5": 97.02624082565308, "Rank-10": 97.37609624862671}}
{"event": "epoch", "dataset": "RGBNT100", "recipe": "semantic", "epoch": 50, "steps": 62, "mean_loss": 1.0769030605593035, "seconds": 65.21788944298169, "official_fused": {"mAP": 82.35686895761656, "Rank-1": 96.38484120368958, "Rank-5": 97.02624082565308, "Rank-10": 97.31778502464294}}
