/data/gaob/Re-ID/conda-envs/tri_reid/lib/python3.10/site-packages/timm/models/helpers.py:7: FutureWarning: Importing from timm.models.helpers is deprecated, please import via timm.models
  warnings.warn(f"Importing from {__name__} is deprecated, please import via timm.models", FutureWarning)
/data/gaob/Re-ID/conda-envs/tri_reid/lib/python3.10/site-packages/timm/models/registry.py:4: FutureWarning: Importing from timm.models.registry is deprecated, please import via timm.models
  warnings.warn(f"Importing from {__name__} is deprecated, please import via timm.models", FutureWarning)
/data/gaob/Re-ID/conda-envs/tri_reid/lib/python3.10/site-packages/timm/models/layers/__init__.py:48: FutureWarning: Importing from timm.models.layers is deprecated, please import via timm.layers
  warnings.warn(f"Importing from {__name__} is deprecated, please import via timm.layers", FutureWarning)
建立transformer............
using Transformer_type: ViT-B-16 as a backbone
Resized position embedding: %s to %s torch.Size([197, 768]) torch.Size([129, 768])
Position embedding resize to height:16 width: 8
Successfully load ckpt!
<All keys matched successfully>
Loading pretrained model from CLIP
camera number is : 4
===========Building Signal===========
using soft triplet loss for training
label smooth on, numclasses: 171
{"event": "epoch", "dataset": "RGBNT201", "recipe": "native", "epoch": 1, "steps": 53, "mean_loss": 4.128310172063, "seconds": 34.00604310299968, "official_fused": {"mAP": 29.45668761991731, "Rank-1": 28.588515520095825, "Rank-5": 45.69377899169922, "Rank-10": 55.741626024246216}}
{"event": "epoch", "dataset": "RGBNT201", "recipe": "native", "epoch": 2, "steps": 53, "mean_loss": 3.2339801923283993, "seconds": 32.04248952597845, "official_fused": {"mAP": 52.83124164365246, "Rank-1": 52.15311050415039, "Rank-5": 64.1148328781128, "Rank-10": 70.69377899169922}}
{"event": "epoch", "dataset": "RGBNT201", "recipe": "native", "epoch": 3, "steps": 53, "mean_loss": 2.3520500165111615, "seconds": 31.99663954396965, "official_fused": {"mAP": 71.33413485692056, "Rank-1": 77.63158082962036, "Rank-5": 88.27751278877258, "Rank-10": 91.50717854499817}}
{"event": "epoch", "dataset": "RGBNT201", "recipe": "native", "epoch": 4, "steps": 53, "mean_loss": 1.7419878221907705, "seconds": 32.188898403022904, "official_fused": {"mAP": 71.14942238278122, "Rank-1": 74.52152967453003, "Rank-5": 84.21052694320679, "Rank-10": 88.99521827697754}}
{"event": "epoch", "dataset": "RGBNT201", "recipe": "native", "epoch": 5, "steps": 53, "mean_loss": 1.3362080218657009, "seconds": 32.04903629102046, "official_fused": {"mAP": 66.3938446830274, "Rank-1": 68.89952421188354, "Rank-5": 81.33971095085144, "Rank-10": 86.12440228462219}}
{"event": "epoch", "dataset": "RGBNT201", "recipe": "native", "epoch": 6, "steps": 53, "mean_loss": 0.8251325139459574, "seconds": 32.05851596099092, "official_fused": {"mAP": 68.03153763627594, "Rank-1": 72.12918400764465, "Rank-5": 81.69856667518616, "Rank-10": 88.51674795150757}}
{"event": "epoch", "dataset": "RGBNT201", "recipe": "native", "epoch": 7, "steps": 53, "mean_loss": 0.5954084891193318, "seconds": 32.20112808898557, "official_fused": {"mAP": 73.98613783837607, "Rank-1": 78.46890091896057, "Rank-5": 88.15789222717285, "Rank-10": 92.1052634716034}}
{"event": "epoch", "dataset": "RGBNT201", "recipe": "native", "epoch": 8, "steps": 53, "mean_loss": 0.5543145385553252, "seconds": 32.138909490953665, "official_fused": {"mAP": 74.67848098839367, "Rank-1": 79.54545617103577, "Rank-5": 88.51674795150757, "Rank-10": 91.86602830886841}}
{"event": "epoch", "dataset": "RGBNT201", "recipe": "native", "epoch": 9, "steps": 53, "mean_loss": 0.5147644703118306, "seconds": 32.13755735795712, "official_fused": {"mAP": 73.19756001449655, "Rank-1": 76.55502557754517, "Rank-5": 86.9617223739624, "Rank-10": 90.43062329292297}}
{"event": "epoch", "dataset": "RGBNT201", "recipe": "native", "epoch": 10, "steps": 53, "mean_loss": 0.5081593450510277, "seconds": 32.215937784989364, "official_fused": {"mAP": 72.98014255567537, "Rank-1": 76.19616985321045, "Rank-5": 86.60287261009216, "Rank-10": 90.55023789405823}}
{"event": "epoch", "dataset": "RGBNT201", "recipe": "native", "epoch": 11, "steps": 53, "mean_loss": 0.5006762214426724, "seconds": 32.05846361600561, "official_fused": {"mAP": 72.62603344662043, "Rank-1": 75.71770548820496, "Rank-5": 86.12440228462219, "Rank-10": 90.66985845565796}}
{"event": "epoch", "dataset": "RGBNT201", "recipe": "native", "epoch": 12, "steps": 53, "mean_loss": 0.5144159192184232, "seconds": 32.12734772596741, "official_fused": {"mAP": 72.85363308152706, "Rank-1": 76.31579041481018, "Rank-5": 86.9617223739624, "Rank-10": 91.38755798339844}}
{"event": "epoch", "dataset": "RGBNT201", "recipe": "native", "epoch": 13, "steps": 53, "mean_loss": 0.49511888904391593, "seconds": 31.654044240014628, "official_fused": {"mAP": 72.84404621185982, "Rank-1": 75.59808492660522, "Rank-5": 86.60287261009216, "Rank-10": 90.78947305679321}}
{"event": "epoch", "dataset": "RGBNT201", "recipe": "native", "epoch": 14, "steps": 53, "mean_loss": 0.49569906322461255, "seconds": 31.81265173398424, "official_fused": {"mAP": 70.53179847900459, "Rank-1": 74.16267991065979, "Rank-5": 83.9712917804718, "Rank-10": 89.23444747924805}}
{"event": "epoch", "dataset": "RGBNT201", "recipe": "native", "epoch": 15, "steps": 53, "mean_loss": 0.48410372576623595, "seconds": 32.12168150598882, "official_fused": {"mAP": 70.9112277311669, "Rank-1": 73.0861246585846, "Rank-5": 84.44976210594177, "Rank-10": 89.71291780471802}}
{"event": "epoch", "dataset": "RGBNT201", "recipe": "native", "epoch": 16, "steps": 53, "mean_loss": 0.4915961375776327, "seconds": 31.820816677005496, "official_fused": {"mAP": 70.95694667348606, "Rank-1": 72.72727489471436, "Rank-5": 82.8947365283966, "Rank-10": 88.87559771537781}}
{"event": "epoch", "dataset": "RGBNT201", "recipe": "native", "epoch": 17, "steps": 53, "mean_loss": 0.47813956636302873, "seconds": 32.03700466000009, "official_fused": {"mAP": 72.49401721830793, "Rank-1": 74.52152967453003, "Rank-5": 85.16746163368225, "Rank-10": 89.952152967453}}
{"event": "epoch", "dataset": "RGBNT201", "recipe": "native", "epoch": 18, "steps": 53, "mean_loss": 0.47348988899644817, "seconds": 31.995161110011395, "official_fused": {"mAP": 73.49580971934306, "Rank-1": 75.71770548820496, "Rank-5": 85.52631735801697, "Rank-10": 90.31100273132324}}
{"event": "epoch", "dataset": "RGBNT201", "recipe": "native", "epoch": 19, "steps": 53, "mean_loss": 0.49887023163291644, "seconds": 31.942576735047624, "official_fused": {"mAP": 73.07758651754442, "Rank-1": 77.15311050415039, "Rank-5": 85.64593195915222, "Rank-10": 91.38755798339844}}
{"event": "epoch", "dataset": "RGBNT201", "recipe": "native", "epoch": 20, "steps": 53, "mean_loss": 0.47926669750573503, "seconds": 32.18045363400597, "official_fused": {"mAP": 73.6430625832205, "Rank-1": 75.83732008934021, "Rank-5": 85.52631735801697, "Rank-10": 90.43062329292297}}
{"event": "epoch", "dataset": "RGBNT201", "recipe": "native", "epoch": 21, "steps": 53, "mean_loss": 0.4757712871398566, "seconds": 32.31255551998038, "official_fused": {"mAP": 73.05355434168548, "Rank-1": 76.31579041481018, "Rank-5": 85.76555252075195, "Rank-10": 90.43062329292297}}
{"event": "epoch", "dataset": "RGBNT201", "recipe": "native", "epoch": 22, "steps": 53, "mean_loss": 0.47215082622923943, "seconds": 31.908913035003934, "official_fused": {"mAP": 71.49142841870277, "Rank-1": 72.36841917037964, "Rank-5": 83.37320685386658, "Rank-10": 87.67942786216736}}
{"event": "epoch", "dataset": "RGBNT201", "recipe": "native", "epoch": 23, "steps": 53, "mean_loss": 0.4786820929005461, "seconds": 31.91226038901368, "official_fused": {"mAP": 69.73142654139849, "Rank-1": 71.65071964263916, "Rank-5": 80.62201142311096, "Rank-10": 86.12440228462219}}
{"event": "epoch", "dataset": "RGBNT201", "recipe": "native", "epoch": 24, "steps": 53, "mean_loss": 0.4690159047549626, "seconds": 31.807160775992088, "official_fused": {"mAP": 69.97206035586339, "Rank-1": 72.0095694065094, "Rank-5": 82.0574164390564, "Rank-10": 87.32057213783264}}
{"event": "epoch", "dataset": "RGBNT201", "recipe": "native", "epoch": 25, "steps": 53, "mean_loss": 0.46642119535860027, "seconds": 32.327128375007305, "official_fused": {"mAP": 71.66158892195372, "Rank-1": 73.56459498405457, "Rank-5": 83.9712917804718, "Rank-10": 89.71291780471802}}
{"event": "epoch", "dataset": "RGBNT201", "recipe": "native", "epoch": 26, "steps": 53, "mean_loss": 0.4632295285755733, "seconds": 31.672637319017667, "official_fused": {"mAP": 72.1645115190709, "Rank-1": 74.88038539886475, "Rank-5": 84.44976210594177, "Rank-10": 90.19138813018799}}
{"event": "epoch", "dataset": "RGBNT201", "recipe": "native", "epoch": 27, "steps": 53, "mean_loss": 0.4593380127313002, "seconds": 32.20368893799605, "official_fused": {"mAP": 72.4064313064995, "Rank-1": 74.40191507339478, "Rank-5": 84.56937670707703, "Rank-10": 90.07176756858826}}
{"event": "epoch", "dataset": "RGBNT201", "recipe": "native", "epoch": 28, "steps": 53, "mean_loss": 0.45929266371816957, "seconds": 32.204358768998645, "official_fused": {"mAP": 72.22569693233059, "Rank-1": 74.40191507339478, "Rank-5": 84.33014154434204, "Rank-10": 89.35406804084778}}
{"event": "epoch", "dataset": "RGBNT201", "recipe": "native", "epoch": 29, "steps": 53, "mean_loss": 0.4590706589087, "seconds": 31.95718157698866, "official_fused": {"mAP": 72.6409395334139, "Rank-1": 74.64115023612976, "Rank-5": 83.37320685386658, "Rank-10": 89.1148328781128}}
{"event": "epoch", "dataset": "RGBNT201", "recipe": "native", "epoch": 30, "steps": 53, "mean_loss": 0.4614264267795491, "seconds": 31.932487548037898, "official_fused": {"mAP": 72.19372303361263, "Rank-1": 74.52152967453003, "Rank-5": 83.25358629226685, "Rank-10": 89.1148328781128}}
{"event": "epoch", "dataset": "RGBNT201", "recipe": "native", "epoch": 31, "steps": 53, "mean_loss": 0.45712531062791933, "seconds": 32.005717654014006, "official_fused": {"mAP": 72.14840456127236, "Rank-1": 74.16267991065979, "Rank-5": 82.8947365283966, "Rank-10": 89.23444747924805}}
{"event": "epoch", "dataset": "RGBNT201", "recipe": "native", "epoch": 32, "steps": 53, "mean_loss": 0.4580413164957514, "seconds": 31.803858756960835, "official_fused": {"mAP": 71.18487780004781, "Rank-1": 72.48803973197937, "Rank-5": 83.01435112953186, "Rank-10": 88.75598311424255}}
{"event": "epoch", "dataset": "RGBNT201", "recipe": "native", "epoch": 33, "steps": 53, "mean_loss": 0.4563726310460073, "seconds": 32.694931493955664, "official_fused": {"mAP": 71.55407663612382, "Rank-1": 73.80383014678955, "Rank-5": 84.68899726867676, "Rank-10": 89.59330320358276}}
{"event": "epoch", "dataset": "RGBNT201", "recipe": "native", "epoch": 34, "steps": 53, "mean_loss": 0.4551056308566399, "seconds": 32.067033985978924, "official_fused": {"mAP": 71.22785642804412, "Rank-1": 73.56459498405457, "Rank-5": 84.09090638160706, "Rank-10": 89.83253836631775}}
{"event": "epoch", "dataset": "RGBNT201", "recipe": "native", "epoch": 35, "steps": 53, "mean_loss": 0.45470584451027635, "seconds": 31.857472438947298, "official_fused": {"mAP": 71.16091349498886, "Rank-1": 73.44497442245483, "Rank-5": 83.9712917804718, "Rank-10": 89.23444747924805}}
{"event": "epoch", "dataset": "RGBNT201", "recipe": "native", "epoch": 36, "steps": 53, "mean_loss": 0.4528662624224177, "seconds": 32.0712138810195, "official_fused": {"mAP": 71.37001035226402, "Rank-1": 73.80383014678955, "Rank-5": 84.09090638160706, "Rank-10": 89.23444747924805}}
{"event": "epoch", "dataset": "RGBNT201", "recipe": "native", "epoch": 37, "steps": 53, "mean_loss": 0.4578248436720866, "seconds": 31.7725599159603, "official_fused": {"mAP": 71.6935419792019, "Rank-1": 74.76076483726501, "Rank-5": 86.24401688575745, "Rank-10": 89.71291780471802}}
{"event": "epoch", "dataset": "RGBNT201", "recipe": "native", "epoch": 38, "steps": 53, "mean_loss": 0.4576561557796766, "seconds": 32.005532728973776, "official_fused": {"mAP": 71.79350817771748, "Rank-1": 75.47847032546997, "Rank-5": 85.76555252075195, "Rank-10": 89.47368264198303}}
{"event": "epoch", "dataset": "RGBNT201", "recipe": "native", "epoch": 39, "steps": 53, "mean_loss": 0.4539236555684288, "seconds": 32.19867102900753, "official_fused": {"mAP": 71.58196966866942, "Rank-1": 75.0, "Rank-5": 84.44976210594177, "Rank-10": 89.59330320358276}}
{"event": "epoch", "dataset": "RGBNT201", "recipe": "native", "epoch": 40, "steps": 53, "mean_loss": 0.453078068089935, "seconds": 32.342257545969915, "official_fused": {"mAP": 71.45803518382034, "Rank-1": 74.88038539886475, "Rank-5": 84.44976210594177, "Rank-10": 89.71291780471802}}
{"event": "epoch", "dataset": "RGBNT201", "recipe": "native", "epoch": 41, "steps": 53, "mean_loss": 0.4560061889999318, "seconds": 31.9852029660251, "official_fused": {"mAP": 71.0095316876025, "Rank-1": 73.68420958518982, "Rank-5": 83.73205661773682, "Rank-10": 90.19138813018799}}
{"event": "epoch", "dataset": "RGBNT201", "recipe": "native", "epoch": 42, "steps": 53, "mean_loss": 0.4531391622885218, "seconds": 31.982139451021794, "official_fused": {"mAP": 71.26668466898006, "Rank-1": 74.40191507339478, "Rank-5": 84.09090638160706, "Rank-10": 90.19138813018799}}
{"event": "epoch", "dataset": "RGBNT201", "recipe": "native", "epoch": 43, "steps": 53, "mean_loss": 0.4542847270110868, "seconds": 31.915927855006885, "official_fused": {"mAP": 71.49098962810723, "Rank-1": 74.16267991065979, "Rank-5": 84.33014154434204, "Rank-10": 89.952152967453}}
{"event": "epoch", "dataset": "RGBNT201", "recipe": "native", "epoch": 44, "steps": 53, "mean_loss": 0.4541524648666382, "seconds": 32.11814948398387, "official_fused": {"mAP": 71.59086617928362, "Rank-1": 74.04305934906006, "Rank-5": 84.33014154434204, "Rank-10": 89.952152967453}}
{"event": "epoch", "dataset": "RGBNT201", "recipe": "native", "epoch": 45, "steps": 53, "mean_loss": 0.4525652977655519, "seconds": 32.048758391989395, "official_fused": {"mAP": 71.4059670722601, "Rank-1": 74.04305934906006, "Rank-5": 84.09090638160706, "Rank-10": 89.83253836631775}}
{"event": "epoch", "dataset": "RGBNT201", "recipe": "native", "epoch": 46, "steps": 52, "mean_loss": 0.4536266831251291, "seconds": 31.657953970017843, "official_fused": {"mAP": 71.36732683482006, "Rank-1": 74.28229451179504, "Rank-5": 83.9712917804718, "Rank-10": 90.31100273132324}}
{"event": "epoch", "dataset": "RGBNT201", "recipe": "native", "epoch": 47, "steps": 53, "mean_loss": 0.45167369156513576, "seconds": 31.92503669700818, "official_fused": {"mAP": 71.42105356655432, "Rank-1": 74.04305934906006, "Rank-5": 84.09090638160706, "Rank-10": 90.19138813018799}}
{"event": "epoch", "dataset": "RGBNT201", "recipe": "native", "epoch": 48, "steps": 53, "mean_loss": 0.4532062248238977, "seconds": 31.868368012015708, "official_fused": {"mAP": 71.52036266043899, "Rank-1": 73.68420958518982, "Rank-5": 84.33014154434204, "Rank-10": 89.83253836631775}}
{"event": "epoch", "dataset": "RGBNT201", "recipe": "native", "epoch": 49, "steps": 53, "mean_loss": 0.45265528166069174, "seconds": 31.722646322043147, "official_fused": {"mAP": 71.57370997041322, "Rank-1": 73.9234447479248, "Rank-5": 84.21052694320679, "Rank-10": 89.83253836631775}}
{"event": "epoch", "dataset": "RGBNT201", "recipe": "native", "epoch": 50, "steps": 53, "mean_loss": 0.45171092816118924, "seconds": 32.13559762499062, "official_fused": {"mAP": 71.3928688846671, "Rank-1": 73.68420958518982, "Rank-5": 84.09090638160706, "Rank-10": 89.71291780471802}}
