/data/gaob/Re-ID/conda-envs/tri_reid/lib/python3.10/site-packages/timm/models/helpers.py:7: FutureWarning: Importing from timm.models.helpers is deprecated, please import via timm.models
  warnings.warn(f"Importing from {__name__} is deprecated, please import via timm.models", FutureWarning)
/data/gaob/Re-ID/conda-envs/tri_reid/lib/python3.10/site-packages/timm/models/registry.py:4: FutureWarning: Importing from timm.models.registry is deprecated, please import via timm.models
  warnings.warn(f"Importing from {__name__} is deprecated, please import via timm.models", FutureWarning)
/data/gaob/Re-ID/conda-envs/tri_reid/lib/python3.10/site-packages/timm/models/layers/__init__.py:48: FutureWarning: Importing from timm.models.layers is deprecated, please import via timm.layers
  warnings.warn(f"Importing from {__name__} is deprecated, please import via timm.layers", FutureWarning)
建立transformer............
using Transformer_type: ViT-B-16 as a backbone
Resized position embedding: %s to %s torch.Size([197, 768]) torch.Size([129, 768])
Position embedding resize to height:8 width: 16
Successfully load ckpt!
<All keys matched successfully>
Loading pretrained model from CLIP
camera number is : 8
===========Building Signal===========
{"event": "epoch", "dataset": "RGBNT100", "epoch": 1, "steps": 130, "mean_loss": 2.5177160061322725, "seconds": 51.82116721999773, "official_fused": {"mAP": 85.10352421510171, "Rank-1": 95.04373073577881, "Rank-5": 95.68513035774231, "Rank-10": 96.03498578071594}, "best_epoch": 1}
{"event": "epoch", "dataset": "RGBNT100", "epoch": 2, "steps": 131, "mean_loss": 0.8849534992953293, "seconds": 53.778734954990796, "official_fused": {"mAP": 84.54002903776063, "Rank-1": 95.86005806922913, "Rank-5": 96.67638540267944, "Rank-10": 97.20116853713989}, "best_epoch": 1}
{"event": "epoch", "dataset": "RGBNT100", "epoch": 3, "steps": 132, "mean_loss": 0.7270067266442559, "seconds": 54.52427512699796, "official_fused": {"mAP": 82.33545460914145, "Rank-1": 96.26821875572205, "Rank-5": 96.90961837768555, "Rank-10": 97.20116853713989}, "best_epoch": 1}
{"event": "epoch", "dataset": "RGBNT100", "epoch": 4, "steps": 131, "mean_loss": 0.7172987670388841, "seconds": 55.291131304999, "official_fused": {"mAP": 81.1826614082454, "Rank-1": 94.57725882530212, "Rank-5": 95.16034722328186, "Rank-10": 95.56851387023926}, "best_epoch": 1}
{"event": "epoch", "dataset": "RGBNT100", "epoch": 5, "steps": 132, "mean_loss": 0.7121073323668856, "seconds": 55.37911146400438, "official_fused": {"mAP": 81.82381104819741, "Rank-1": 94.98542547225952, "Rank-5": 95.74344158172607, "Rank-10": 96.03498578071594}, "best_epoch": 1}
{"event": "epoch", "dataset": "RGBNT100", "epoch": 6, "steps": 131, "mean_loss": 0.7103237468777722, "seconds": 54.80283231299836, "official_fused": {"mAP": 82.38528690421046, "Rank-1": 94.40233111381531, "Rank-5": 95.39358615875244, "Rank-10": 96.151602268219}, "best_epoch": 1}
{"event": "epoch", "dataset": "RGBNT100", "epoch": 7, "steps": 132, "mean_loss": 0.7083780621037339, "seconds": 54.86159328999929, "official_fused": {"mAP": 81.98624804142423, "Rank-1": 94.69387531280518, "Rank-5": 95.21865844726562, "Rank-10": 95.5102026462555}, "best_epoch": 1}
{"event": "epoch", "dataset": "RGBNT100", "epoch": 8, "steps": 131, "mean_loss": 0.7078429351326163, "seconds": 54.78962863099878, "official_fused": {"mAP": 82.26754321459613, "Rank-1": 94.22740340232849, "Rank-5": 95.33527493476868, "Rank-10": 95.80174684524536}, "best_epoch": 1}
{"event": "epoch", "dataset": "RGBNT100", "epoch": 9, "steps": 130, "mean_loss": 0.7081604182720185, "seconds": 53.567747214998235, "official_fused": {"mAP": 82.28725413332108, "Rank-1": 94.86880302429199, "Rank-5": 95.5102026462555, "Rank-10": 95.86005806922913}, "best_epoch": 1}
{"event": "epoch", "dataset": "RGBNT100", "epoch": 10, "steps": 132, "mean_loss": 0.7075497115200217, "seconds": 54.559906799011515, "official_fused": {"mAP": 82.05895493689025, "Rank-1": 94.34402585029602, "Rank-5": 95.39358615875244, "Rank-10": 95.62682509422302}, "best_epoch": 1}
{"event": "epoch", "dataset": "RGBNT100", "epoch": 11, "steps": 131, "mean_loss": 0.7073206705901459, "seconds": 53.61547297499783, "official_fused": {"mAP": 82.37520558803499, "Rank-1": 94.51894760131836, "Rank-5": 95.4518973827362, "Rank-10": 96.0932970046997}, "best_epoch": 1}
{"event": "epoch", "dataset": "RGBNT100", "epoch": 12, "steps": 131, "mean_loss": 0.7072778585302921, "seconds": 54.69828459400742, "official_fused": {"mAP": 81.90322693355324, "Rank-1": 94.40233111381531, "Rank-5": 95.16034722328186, "Rank-10": 95.4518973827362}, "best_epoch": 1}
{"event": "epoch", "dataset": "RGBNT100", "epoch": 13, "steps": 131, "mean_loss": 0.7073539204269875, "seconds": 53.545264043001225, "official_fused": {"mAP": 82.04244021239636, "Rank-1": 93.58600378036499, "Rank-5": 95.10204195976257, "Rank-10": 95.68513035774231}, "best_epoch": 1}
{"event": "epoch", "dataset": "RGBNT100", "epoch": 14, "steps": 132, "mean_loss": 0.7075279901425043, "seconds": 53.986475441997754, "official_fused": {"mAP": 82.10521413777484, "Rank-1": 93.5276985168457, "Rank-5": 94.34402585029602, "Rank-10": 94.63557004928589}, "best_epoch": 1}
{"event": "epoch", "dataset": "RGBNT100", "epoch": 15, "steps": 129, "mean_loss": 0.7071812346924183, "seconds": 52.99773021499277, "official_fused": {"mAP": 81.61912207243537, "Rank-1": 93.70262622833252, "Rank-5": 94.34402585029602, "Rank-10": 94.8104977607727}, "best_epoch": 1}
{"event": "epoch", "dataset": "RGBNT100", "epoch": 16, "steps": 131, "mean_loss": 0.707112893803429, "seconds": 54.06357103899063, "official_fused": {"mAP": 81.37722188614657, "Rank-1": 93.17784309387207, "Rank-5": 94.11078691482544, "Rank-10": 94.69387531280518}, "best_epoch": 1}
{"event": "epoch", "dataset": "RGBNT100", "epoch": 17, "steps": 132, "mean_loss": 0.7070137700348189, "seconds": 54.520382946997415, "official_fused": {"mAP": 81.51209333739085, "Rank-1": 93.99417042732239, "Rank-5": 95.04373073577881, "Rank-10": 95.56851387023926}, "best_epoch": 1}
