/data/gaob/Re-ID/conda-envs/tri_reid/lib/python3.10/site-packages/timm/models/helpers.py:7: FutureWarning: Importing from timm.models.helpers is deprecated, please import via timm.models
  warnings.warn(f"Importing from {__name__} is deprecated, please import via timm.models", FutureWarning)
/data/gaob/Re-ID/conda-envs/tri_reid/lib/python3.10/site-packages/timm/models/registry.py:4: FutureWarning: Importing from timm.models.registry is deprecated, please import via timm.models
  warnings.warn(f"Importing from {__name__} is deprecated, please import via timm.models", FutureWarning)
/data/gaob/Re-ID/conda-envs/tri_reid/lib/python3.10/site-packages/timm/models/layers/__init__.py:48: FutureWarning: Importing from timm.models.layers is deprecated, please import via timm.layers
  warnings.warn(f"Importing from {__name__} is deprecated, please import via timm.layers", FutureWarning)
/data/gaob/Re-ID/conda-envs/tri_reid/lib/python3.10/site-packages/torch/optim/lr_scheduler.py:224: UserWarning: Detected call of `lr_scheduler.step()` before `optimizer.step()`. In PyTorch 1.1.0 and later, you should call them in the opposite order: `optimizer.step()` before `lr_scheduler.step()`.  Failure to do this will result in PyTorch skipping the first value of the learning rate schedule. See more details at https://pytorch.org/docs/stable/optim.html#how-to-adjust-learning-rate
  warnings.warn(
/data/gaob/Re-ID/conda-envs/tri_reid/lib/python3.10/site-packages/torch/optim/lr_scheduler.py:240: UserWarning: The epoch parameter in `scheduler.step()` was not necessary and is being deprecated where possible. Please use `scheduler.step()` to step the scheduler. During the deprecation, if epoch is different from None, the closed form is used instead of the new chainable form, where available. Please open an issue if you are unable to replicate your use case: https://github.com/pytorch/pytorch/issues/new/choose.
  warnings.warn(EPOCH_DEPRECATION_WARNING, UserWarning)
建立transformer............
using Transformer_type: ViT-B-16 as a backbone
Resized position embedding: %s to %s torch.Size([197, 768]) torch.Size([129, 768])
Position embedding resize to height:8 width: 16
Successfully load ckpt!
<All keys matched successfully>
Loading pretrained model from CLIP
camera number is : 8
===========Building Signal===========
using soft triplet loss for training
label smooth on, numclasses: 155
{"event": "epoch", "dataset": "MSVR310", "recipe": "semantic", "epoch": 1, "steps": 14, "mean_loss": 7.731721196855817, "seconds": 12.261583774001338, "official_fused": {"mAP": 15.713600756064597, "Rank-1": 34.348562359809875, "Rank-5": 55.16074299812317, "Rank-10": 63.95938992500305}}
/data/gaob/Re-ID/conda-envs/tri_reid/lib/python3.10/site-packages/torch/optim/lr_scheduler.py:240: UserWarning: The epoch parameter in `scheduler.step()` was not necessary and is being deprecated where possible. Please use `scheduler.step()` to step the scheduler. During the deprecation, if epoch is different from None, the closed form is used instead of the new chainable form, where available. Please open an issue if you are unable to replicate your use case: https://github.com/pytorch/pytorch/issues/new/choose.
  warnings.warn(EPOCH_DEPRECATION_WARNING, UserWarning)
{"event": "epoch", "dataset": "MSVR310", "recipe": "semantic", "epoch": 2, "steps": 14, "mean_loss": 6.251593249184745, "seconds": 9.752660783997271, "official_fused": {"mAP": 22.44986932051272, "Rank-1": 42.47038960456848, "Rank-5": 63.45177888870239, "Rank-10": 70.55837512016296}}
{"event": "epoch", "dataset": "MSVR310", "recipe": "semantic", "epoch": 3, "steps": 14, "mean_loss": 5.731908185141427, "seconds": 9.893535432056524, "official_fused": {"mAP": 25.748919691803774, "Rank-1": 42.808797955513, "Rank-5": 64.80541229248047, "Rank-10": 72.75803685188293}}
{"event": "epoch", "dataset": "MSVR310", "recipe": "semantic", "epoch": 4, "steps": 14, "mean_loss": 5.385279519217355, "seconds": 10.224903027003165, "official_fused": {"mAP": 30.40936107533406, "Rank-1": 48.730963468551636, "Rank-5": 67.85110235214233, "Rank-10": 75.80372095108032}}
{"event": "epoch", "dataset": "MSVR310", "recipe": "semantic", "epoch": 5, "steps": 14, "mean_loss": 5.076219184058053, "seconds": 9.786864480003715, "official_fused": {"mAP": 33.71279833754188, "Rank-1": 51.77664756774902, "Rank-5": 71.235191822052, "Rank-10": 78.51099967956543}}
{"event": "epoch", "dataset": "MSVR310", "recipe": "semantic", "epoch": 6, "steps": 14, "mean_loss": 4.818576233727591, "seconds": 10.048695215955377, "official_fused": {"mAP": 35.35151275917535, "Rank-1": 53.807103633880615, "Rank-5": 72.25042581558228, "Rank-10": 79.6954333782196}}
{"event": "epoch", "dataset": "MSVR310", "recipe": "semantic", "epoch": 7, "steps": 14, "mean_loss": 4.60205922807966, "seconds": 10.158175828983076, "official_fused": {"mAP": 38.317864190220426, "Rank-1": 57.36040472984314, "Rank-5": 74.61928725242615, "Rank-10": 81.04906678199768}}
{"event": "epoch", "dataset": "MSVR310", "recipe": "semantic", "epoch": 8, "steps": 14, "mean_loss": 4.376977954592023, "seconds": 9.816317571036052, "official_fused": {"mAP": 36.99849579779562, "Rank-1": 55.837565660476685, "Rank-5": 73.26565384864807, "Rank-10": 79.6954333782196}}
{"event": "epoch", "dataset": "MSVR310", "recipe": "semantic", "epoch": 9, "steps": 14, "mean_loss": 4.170790365764073, "seconds": 9.85378943302203, "official_fused": {"mAP": 40.070321994590145, "Rank-1": 58.88324975967407, "Rank-5": 75.80372095108032, "Rank-10": 81.89509510993958}}
{"event": "epoch", "dataset": "MSVR310", "recipe": "semantic", "epoch": 10, "steps": 15, "mean_loss": 3.9940322558085124, "seconds": 10.549940137017984, "official_fused": {"mAP": 42.01291411456479, "Rank-1": 61.42131686210632, "Rank-5": 77.49577164649963, "Rank-10": 83.07952880859375}}
{"event": "epoch", "dataset": "MSVR310", "recipe": "semantic", "epoch": 11, "steps": 14, "mean_loss": 3.830466662134443, "seconds": 9.762555534951389, "official_fused": {"mAP": 42.213170517746505, "Rank-1": 60.744500160217285, "Rank-5": 77.32656598091125, "Rank-10": 82.91032314300537}}
{"event": "epoch", "dataset": "MSVR310", "recipe": "semantic", "epoch": 12, "steps": 14, "mean_loss": 3.70544501713344, "seconds": 9.657966859987937, "official_fused": {"mAP": 44.633126088540926, "Rank-1": 62.26734519004822, "Rank-5": 79.35702204704285, "Rank-10": 83.75634551048279}}
{"event": "epoch", "dataset": "MSVR310", "recipe": "semantic", "epoch": 13, "steps": 14, "mean_loss": 3.534943308149065, "seconds": 10.011779583990574, "official_fused": {"mAP": 45.463985236010885, "Rank-1": 63.113367557525635, "Rank-5": 78.51099967956543, "Rank-10": 83.92555117607117}}
{"event": "epoch", "dataset": "MSVR310", "recipe": "semantic", "epoch": 14, "steps": 14, "mean_loss": 3.4095195872443065, "seconds": 9.78086437197635, "official_fused": {"mAP": 45.00402600756696, "Rank-1": 61.92893385887146, "Rank-5": 78.84940505027771, "Rank-10": 83.07952880859375}}
{"event": "epoch", "dataset": "MSVR310", "recipe": "semantic", "epoch": 15, "steps": 14, "mean_loss": 3.3330617461885725, "seconds": 10.244032143964432, "official_fused": {"mAP": 46.594783796080115, "Rank-1": 64.29780125617981, "Rank-5": 79.52622771263123, "Rank-10": 84.94077920913696}}
{"event": "epoch", "dataset": "MSVR310", "recipe": "semantic", "epoch": 16, "steps": 14, "mean_loss": 3.205858758517674, "seconds": 9.95799777796492, "official_fused": {"mAP": 49.36997124439549, "Rank-1": 66.15905165672302, "Rank-5": 82.06430077552795, "Rank-10": 86.12521290779114}}
{"event": "epoch", "dataset": "MSVR310", "recipe": "semantic", "epoch": 17, "steps": 15, "mean_loss": 3.1258152802785237, "seconds": 10.496094171016011, "official_fused": {"mAP": 48.02269736485905, "Rank-1": 64.97461795806885, "Rank-5": 81.7258894443512, "Rank-10": 85.27919054031372}}
{"event": "epoch", "dataset": "MSVR310", "recipe": "semantic", "epoch": 18, "steps": 14, "mean_loss": 2.977459226335798, "seconds": 9.956708383047953, "official_fused": {"mAP": 49.73674819556239, "Rank-1": 67.51269102096558, "Rank-5": 82.06430077552795, "Rank-10": 85.95600724220276}}
{"event": "epoch", "dataset": "MSVR310", "recipe": "semantic", "epoch": 19, "steps": 15, "mean_loss": 2.8769641399383543, "seconds": 10.40302015299676, "official_fused": {"mAP": 49.731397645355756, "Rank-1": 67.51269102096558, "Rank-5": 81.7258894443512, "Rank-10": 86.29441857337952}}
{"event": "epoch", "dataset": "MSVR310", "recipe": "semantic", "epoch": 20, "steps": 14, "mean_loss": 2.735421930040632, "seconds": 9.785620819951873, "official_fused": {"mAP": 49.93377527139629, "Rank-1": 68.02030205726624, "Rank-5": 81.7258894443512, "Rank-10": 86.46361827850342}}
{"event": "epoch", "dataset": "MSVR310", "recipe": "semantic", "epoch": 21, "steps": 14, "mean_loss": 2.6797462701797485, "seconds": 9.933863150014076, "official_fused": {"mAP": 49.682670991567576, "Rank-1": 67.17427968978882, "Rank-5": 81.38747811317444, "Rank-10": 85.44839024543762}}
{"event": "epoch", "dataset": "MSVR310", "recipe": "semantic", "epoch": 22, "steps": 14, "mean_loss": 2.638863103730338, "seconds": 9.760918398969807, "official_fused": {"mAP": 50.04404176856655, "Rank-1": 67.3434853553772, "Rank-5": 81.04906678199768, "Rank-10": 85.27919054031372}}
{"event": "epoch", "dataset": "MSVR310", "recipe": "semantic", "epoch": 23, "steps": 14, "mean_loss": 2.68528083392552, "seconds": 9.70187274098862, "official_fused": {"mAP": 50.08775727638217, "Rank-1": 67.68189668655396, "Rank-5": 80.87986707687378, "Rank-10": 85.78680157661438}}
{"event": "epoch", "dataset": "MSVR310", "recipe": "semantic", "epoch": 24, "steps": 14, "mean_loss": 2.6410267863954817, "seconds": 9.648782678006683, "official_fused": {"mAP": 49.75987632485948, "Rank-1": 67.51269102096558, "Rank-5": 80.54145574569702, "Rank-10": 84.77157354354858}}
{"event": "epoch", "dataset": "MSVR310", "recipe": "semantic", "epoch": 25, "steps": 15, "mean_loss": 2.626108153661092, "seconds": 10.398002505011391, "official_fused": {"mAP": 50.10450546294316, "Rank-1": 67.51269102096558, "Rank-5": 81.04906678199768, "Rank-10": 85.27919054031372}}
{"event": "epoch", "dataset": "MSVR310", "recipe": "semantic", "epoch": 26, "steps": 14, "mean_loss": 2.6330290862492154, "seconds": 9.787140533037018, "official_fused": {"mAP": 50.541839390107114, "Rank-1": 68.52791905403137, "Rank-5": 81.38747811317444, "Rank-10": 85.44839024543762}}
{"event": "epoch", "dataset": "MSVR310", "recipe": "semantic", "epoch": 27, "steps": 14, "mean_loss": 2.601727230208261, "seconds": 9.948055787011981, "official_fused": {"mAP": 50.20854023976303, "Rank-1": 67.68189668655396, "Rank-5": 80.87986707687378, "Rank-10": 85.27919054031372}}
{"event": "epoch", "dataset": "MSVR310", "recipe": "semantic", "epoch": 28, "steps": 15, "mean_loss": 2.5890303452809653, "seconds": 10.505270358989947, "official_fused": {"mAP": 50.32535888659411, "Rank-1": 67.68189668655396, "Rank-5": 80.87986707687378, "Rank-10": 85.27919054031372}}
{"event": "epoch", "dataset": "MSVR310", "recipe": "semantic", "epoch": 29, "steps": 14, "mean_loss": 2.534346887043544, "seconds": 9.96734924899647, "official_fused": {"mAP": 50.52402416252324, "Rank-1": 67.68189668655396, "Rank-5": 80.54145574569702, "Rank-10": 85.78680157661438}}
{"event": "epoch", "dataset": "MSVR310", "recipe": "semantic", "epoch": 30, "steps": 14, "mean_loss": 2.5738847085407803, "seconds": 10.000730754982214, "official_fused": {"mAP": 50.34180655125786, "Rank-1": 67.3434853553772, "Rank-5": 81.21827244758606, "Rank-10": 85.78680157661438}}
{"event": "epoch", "dataset": "MSVR310", "recipe": "semantic", "epoch": 31, "steps": 14, "mean_loss": 2.575798051697867, "seconds": 10.229230944998562, "official_fused": {"mAP": 49.96894641956455, "Rank-1": 67.85110235214233, "Rank-5": 81.04906678199768, "Rank-10": 85.44839024543762}}
{"event": "epoch", "dataset": "MSVR310", "recipe": "semantic", "epoch": 32, "steps": 14, "mean_loss": 2.4991392408098494, "seconds": 9.909607945999596, "official_fused": {"mAP": 50.584479308110666, "Rank-1": 68.18950772285461, "Rank-5": 81.89509510993958, "Rank-10": 86.29441857337952}}
{"event": "epoch", "dataset": "MSVR310", "recipe": "semantic", "epoch": 33, "steps": 14, "mean_loss": 2.489498564175197, "seconds": 9.948490395967383, "official_fused": {"mAP": 50.53124138844086, "Rank-1": 68.02030205726624, "Rank-5": 81.38747811317444, "Rank-10": 86.46361827850342}}
{"event": "epoch", "dataset": "MSVR310", "recipe": "semantic", "epoch": 34, "steps": 14, "mean_loss": 2.473609140941075, "seconds": 9.72574025701033, "official_fused": {"mAP": 50.31659448079028, "Rank-1": 67.85110235214233, "Rank-5": 81.21827244758606, "Rank-10": 85.617595911026}}
{"event": "epoch", "dataset": "MSVR310", "recipe": "semantic", "epoch": 35, "steps": 14, "mean_loss": 2.4778090034212386, "seconds": 9.683661661983933, "official_fused": {"mAP": 49.94184877143097, "Rank-1": 67.51269102096558, "Rank-5": 80.54145574569702, "Rank-10": 85.44839024543762}}
{"event": "epoch", "dataset": "MSVR310", "recipe": "semantic", "epoch": 36, "steps": 14, "mean_loss": 2.4904144491468156, "seconds": 10.010184960032348, "official_fused": {"mAP": 49.846769934461285, "Rank-1": 67.85110235214233, "Rank-5": 80.03383874893188, "Rank-10": 85.27919054031372}}
{"event": "epoch", "dataset": "MSVR310", "recipe": "semantic", "epoch": 37, "steps": 14, "mean_loss": 2.4430826732090543, "seconds": 10.02895924000768, "official_fused": {"mAP": 50.539911066217805, "Rank-1": 68.18950772285461, "Rank-5": 81.04906678199768, "Rank-10": 85.44839024543762}}
{"event": "epoch", "dataset": "MSVR310", "recipe": "semantic", "epoch": 38, "steps": 14, "mean_loss": 2.465821845190866, "seconds": 10.06703054899117, "official_fused": {"mAP": 50.78495128776558, "Rank-1": 68.358713388443, "Rank-5": 81.04906678199768, "Rank-10": 85.44839024543762}}
{"event": "epoch", "dataset": "MSVR310", "recipe": "semantic", "epoch": 39, "steps": 14, "mean_loss": 2.45704231943403, "seconds": 9.968687710992526, "official_fused": {"mAP": 50.553731069309514, "Rank-1": 68.69712471961975, "Rank-5": 81.38747811317444, "Rank-10": 85.27919054031372}}
{"event": "epoch", "dataset": "MSVR310", "recipe": "semantic", "epoch": 40, "steps": 14, "mean_loss": 2.4085474014282227, "seconds": 10.011232819000725, "official_fused": {"mAP": 50.60798803445461, "Rank-1": 68.52791905403137, "Rank-5": 81.38747811317444, "Rank-10": 85.44839024543762}}
{"event": "epoch", "dataset": "MSVR310", "recipe": "semantic", "epoch": 41, "steps": 14, "mean_loss": 2.4148435422352383, "seconds": 9.946313615015242, "official_fused": {"mAP": 50.657303887232516, "Rank-1": 68.52791905403137, "Rank-5": 81.38747811317444, "Rank-10": 85.617595911026}}
{"event": "epoch", "dataset": "MSVR310", "recipe": "semantic", "epoch": 42, "steps": 14, "mean_loss": 2.4290639332362582, "seconds": 10.151644846017007, "official_fused": {"mAP": 50.604190616370246, "Rank-1": 68.52791905403137, "Rank-5": 81.38747811317444, "Rank-10": 85.44839024543762}}
{"event": "epoch", "dataset": "MSVR310", "recipe": "semantic", "epoch": 43, "steps": 15, "mean_loss": 2.4596112251281737, "seconds": 10.473504678986501, "official_fused": {"mAP": 50.6218484633013, "Rank-1": 68.358713388443, "Rank-5": 81.38747811317444, "Rank-10": 85.27919054031372}}
{"event": "epoch", "dataset": "MSVR310", "recipe": "semantic", "epoch": 44, "steps": 14, "mean_loss": 2.4067928280149187, "seconds": 9.88338760600891, "official_fused": {"mAP": 50.663262273664245, "Rank-1": 68.52791905403137, "Rank-5": 81.38747811317444, "Rank-10": 85.78680157661438}}
{"event": "epoch", "dataset": "MSVR310", "recipe": "semantic", "epoch": 45, "steps": 14, "mean_loss": 2.414767861366272, "seconds": 9.884295905008912, "official_fused": {"mAP": 50.7002163036155, "Rank-1": 68.52791905403137, "Rank-5": 81.38747811317444, "Rank-10": 85.78680157661438}}
{"event": "epoch", "dataset": "MSVR310", "recipe": "semantic", "epoch": 46, "steps": 14, "mean_loss": 2.4237358570098877, "seconds": 10.233618347963784, "official_fused": {"mAP": 50.702618969528345, "Rank-1": 68.52791905403137, "Rank-5": 81.21827244758606, "Rank-10": 85.78680157661438}}
{"event": "epoch", "dataset": "MSVR310", "recipe": "semantic", "epoch": 47, "steps": 14, "mean_loss": 2.409142392022269, "seconds": 9.930165925994515, "official_fused": {"mAP": 50.72809689253342, "Rank-1": 68.69712471961975, "Rank-5": 81.38747811317444, "Rank-10": 85.78680157661438}}
{"event": "epoch", "dataset": "MSVR310", "recipe": "semantic", "epoch": 48, "steps": 14, "mean_loss": 2.4557285649435863, "seconds": 10.191366353014018, "official_fused": {"mAP": 50.730672894814134, "Rank-1": 68.69712471961975, "Rank-5": 81.55668377876282, "Rank-10": 85.617595911026}}
{"event": "epoch", "dataset": "MSVR310", "recipe": "semantic", "epoch": 49, "steps": 14, "mean_loss": 2.41750545161111, "seconds": 9.933290231972933, "official_fused": {"mAP": 50.78510218574025, "Rank-1": 68.86633038520813, "Rank-5": 81.55668377876282, "Rank-10": 85.44839024543762}}
{"event": "epoch", "dataset": "MSVR310", "recipe": "semantic", "epoch": 50, "steps": 14, "mean_loss": 2.435903923852103, "seconds": 9.669382171996403, "official_fused": {"mAP": 50.76934345618662, "Rank-1": 68.86633038520813, "Rank-5": 81.55668377876282, "Rank-10": 85.617595911026}}
