/data/gaob/Re-ID/conda-envs/tri_reid/lib/python3.10/site-packages/timm/models/helpers.py:7: FutureWarning: Importing from timm.models.helpers is deprecated, please import via timm.models
  warnings.warn(f"Importing from {__name__} is deprecated, please import via timm.models", FutureWarning)
/data/gaob/Re-ID/conda-envs/tri_reid/lib/python3.10/site-packages/timm/models/registry.py:4: FutureWarning: Importing from timm.models.registry is deprecated, please import via timm.models
  warnings.warn(f"Importing from {__name__} is deprecated, please import via timm.models", FutureWarning)
/data/gaob/Re-ID/conda-envs/tri_reid/lib/python3.10/site-packages/timm/models/layers/__init__.py:48: FutureWarning: Importing from timm.models.layers is deprecated, please import via timm.layers
  warnings.warn(f"Importing from {__name__} is deprecated, please import via timm.layers", FutureWarning)
建立transformer............
using Transformer_type: ViT-B-16 as a backbone
Resized position embedding: %s to %s torch.Size([197, 768]) torch.Size([129, 768])
Position embedding resize to height:8 width: 16
Successfully load ckpt!
<All keys matched successfully>
Loading pretrained model from CLIP
camera number is : 8
===========Building Signal===========
{"event": "epoch", "dataset": "RGBNT100", "epoch": 1, "steps": 130, "mean_loss": 2.50245638352174, "seconds": 72.88757869400433, "official_fused": {"mAP": 85.37991550280026, "Rank-1": 95.21865844726562, "Rank-5": 96.03498578071594, "Rank-10": 96.50145769119263}, "best_epoch": 1}
{"event": "epoch", "dataset": "RGBNT100", "epoch": 2, "steps": 131, "mean_loss": 0.875449386716799, "seconds": 84.16006774400012, "official_fused": {"mAP": 84.79122483687568, "Rank-1": 95.74344158172607, "Rank-5": 96.55976891517639, "Rank-10": 96.96792960166931}, "best_epoch": 1}
{"event": "epoch", "dataset": "RGBNT100", "epoch": 3, "steps": 132, "mean_loss": 0.7239834169546763, "seconds": 80.23429247300373, "official_fused": {"mAP": 82.00787863601376, "Rank-1": 94.69387531280518, "Rank-5": 95.68513035774231, "Rank-10": 96.20991349220276}, "best_epoch": 1}
{"event": "epoch", "dataset": "RGBNT100", "epoch": 4, "steps": 131, "mean_loss": 0.7155931773986525, "seconds": 82.20162634400185, "official_fused": {"mAP": 81.07606214563997, "Rank-1": 94.05247569084167, "Rank-5": 94.75218653678894, "Rank-10": 95.10204195976257}, "best_epoch": 1}
{"event": "epoch", "dataset": "RGBNT100", "epoch": 5, "steps": 132, "mean_loss": 0.7113406942649321, "seconds": 82.99593618999643, "official_fused": {"mAP": 81.67719061784854, "Rank-1": 94.92711424827576, "Rank-5": 95.27696967124939, "Rank-10": 95.56851387023926}, "best_epoch": 1}
{"event": "epoch", "dataset": "RGBNT100", "epoch": 6, "steps": 131, "mean_loss": 0.7099282354798936, "seconds": 82.9741695440025, "official_fused": {"mAP": 81.38593744972638, "Rank-1": 94.22740340232849, "Rank-5": 95.04373073577881, "Rank-10": 95.5102026462555}, "best_epoch": 1}
{"event": "epoch", "dataset": "RGBNT100", "epoch": 7, "steps": 132, "mean_loss": 0.708125857241226, "seconds": 84.02952365699457, "official_fused": {"mAP": 81.11659401714323, "Rank-1": 93.81924271583557, "Rank-5": 94.40233111381531, "Rank-10": 94.69387531280518}, "best_epoch": 1}
{"event": "epoch", "dataset": "RGBNT100", "epoch": 8, "steps": 131, "mean_loss": 0.7078815416525338, "seconds": 85.31085803300084, "official_fused": {"mAP": 82.1922375306998, "Rank-1": 94.86880302429199, "Rank-5": 95.4518973827362, "Rank-10": 95.74344158172607}, "best_epoch": 1}
{"event": "epoch", "dataset": "RGBNT100", "epoch": 9, "steps": 130, "mean_loss": 0.707780861396056, "seconds": 84.3335002810054, "official_fused": {"mAP": 82.00834738505388, "Rank-1": 94.69387531280518, "Rank-5": 95.68513035774231, "Rank-10": 95.97667455673218}, "best_epoch": 1}
{"event": "epoch", "dataset": "RGBNT100", "epoch": 10, "steps": 132, "mean_loss": 0.7072961953553286, "seconds": 82.57567055300751, "official_fused": {"mAP": 81.36366213205802, "Rank-1": 94.05247569084167, "Rank-5": 95.04373073577881, "Rank-10": 95.56851387023926}, "best_epoch": 1}
