/data/gaob/Re-ID/conda-envs/tri_reid/lib/python3.10/site-packages/timm/models/helpers.py:7: FutureWarning: Importing from timm.models.helpers is deprecated, please import via timm.models
  warnings.warn(f"Importing from {__name__} is deprecated, please import via timm.models", FutureWarning)
/data/gaob/Re-ID/conda-envs/tri_reid/lib/python3.10/site-packages/timm/models/registry.py:4: FutureWarning: Importing from timm.models.registry is deprecated, please import via timm.models
  warnings.warn(f"Importing from {__name__} is deprecated, please import via timm.models", FutureWarning)
/data/gaob/Re-ID/conda-envs/tri_reid/lib/python3.10/site-packages/timm/models/layers/__init__.py:48: FutureWarning: Importing from timm.models.layers is deprecated, please import via timm.layers
  warnings.warn(f"Importing from {__name__} is deprecated, please import via timm.layers", FutureWarning)
建立transformer............
using Transformer_type: ViT-B-16 as a backbone
Resized position embedding: %s to %s torch.Size([197, 768]) torch.Size([129, 768])
Position embedding resize to height:8 width: 16
Successfully load ckpt!
<All keys matched successfully>
Loading pretrained model from CLIP
camera number is : 8
===========Building Signal===========
using soft triplet loss for training
label smooth on, numclasses: 50
{"event": "epoch", "dataset": "RGBNT100", "recipe": "semantic", "epoch": 1, "steps": 62, "mean_loss": 5.491533810092557, "seconds": 65.84365172998514, "official_fused": {"mAP": 57.83107981736555, "Rank-1": 82.09912776947021, "Rank-5": 85.01457571983337, "Rank-10": 86.88046932220459}}
{"event": "epoch", "dataset": "RGBNT100", "recipe": "semantic", "epoch": 2, "steps": 62, "mean_loss": 4.261189760700349, "seconds": 64.60862327599898, "official_fused": {"mAP": 72.13118045396111, "Rank-1": 89.38775658607483, "Rank-5": 91.1953330039978, "Rank-10": 92.12828278541565}}
{"event": "epoch", "dataset": "RGBNT100", "recipe": "semantic", "epoch": 3, "steps": 63, "mean_loss": 2.6397859331161255, "seconds": 65.74368920200504, "official_fused": {"mAP": 73.61131242174973, "Rank-1": 92.59475469589233, "Rank-5": 93.41107606887817, "Rank-10": 94.11078691482544}}
{"event": "epoch", "dataset": "RGBNT100", "recipe": "semantic", "epoch": 4, "steps": 61, "mean_loss": 1.3362569339939805, "seconds": 62.8757372580003, "official_fused": {"mAP": 78.42685418726543, "Rank-1": 92.76967644691467, "Rank-5": 93.41107606887817, "Rank-10": 94.1690981388092}}
{"event": "epoch", "dataset": "RGBNT100", "recipe": "semantic", "epoch": 5, "steps": 63, "mean_loss": 0.8291038189615522, "seconds": 64.87615054700291, "official_fused": {"mAP": 81.94178573174348, "Rank-1": 94.75218653678894, "Rank-5": 95.27696967124939, "Rank-10": 95.68513035774231}}
{"event": "epoch", "dataset": "RGBNT100", "recipe": "semantic", "epoch": 6, "steps": 63, "mean_loss": 0.6785609532916357, "seconds": 65.09199083800195, "official_fused": {"mAP": 79.90178841943137, "Rank-1": 94.40233111381531, "Rank-5": 95.56851387023926, "Rank-10": 96.32652997970581}}
{"event": "epoch", "dataset": "RGBNT100", "recipe": "semantic", "epoch": 7, "steps": 62, "mean_loss": 0.6372844692199461, "seconds": 64.15982295694994, "official_fused": {"mAP": 80.0646776551661, "Rank-1": 94.8104977607727, "Rank-5": 95.56851387023926, "Rank-10": 95.86005806922913}}
{"event": "epoch", "dataset": "RGBNT100", "recipe": "semantic", "epoch": 8, "steps": 63, "mean_loss": 0.6172438424731058, "seconds": 66.02215377299581, "official_fused": {"mAP": 79.38565336631734, "Rank-1": 95.27696967124939, "Rank-5": 96.03498578071594, "Rank-10": 96.44314646720886}}
{"event": "epoch", "dataset": "RGBNT100", "recipe": "semantic", "epoch": 9, "steps": 63, "mean_loss": 0.6062990408095102, "seconds": 65.1476093470119, "official_fused": {"mAP": 79.92491629653689, "Rank-1": 95.39358615875244, "Rank-5": 95.86005806922913, "Rank-10": 96.151602268219}}
{"event": "epoch", "dataset": "RGBNT100", "recipe": "semantic", "epoch": 10, "steps": 62, "mean_loss": 0.5956307938021999, "seconds": 63.22162997798296, "official_fused": {"mAP": 79.42787025453313, "Rank-1": 95.21865844726562, "Rank-5": 95.62682509422302, "Rank-10": 96.151602268219}}
{"event": "epoch", "dataset": "RGBNT100", "recipe": "semantic", "epoch": 11, "steps": 63, "mean_loss": 0.5882193729991004, "seconds": 65.4907615549746, "official_fused": {"mAP": 78.75383138435443, "Rank-1": 95.16034722328186, "Rank-5": 95.74344158172607, "Rank-10": 96.03498578071594}}
{"event": "epoch", "dataset": "RGBNT100", "recipe": "semantic", "epoch": 12, "steps": 63, "mean_loss": 0.5821159510385423, "seconds": 66.47650907299249, "official_fused": {"mAP": 78.67142985554733, "Rank-1": 95.10204195976257, "Rank-5": 95.80174684524536, "Rank-10": 96.151602268219}}
{"event": "epoch", "dataset": "RGBNT100", "recipe": "semantic", "epoch": 13, "steps": 63, "mean_loss": 0.5794125852130708, "seconds": 64.27873190800892, "official_fused": {"mAP": 78.58788643571275, "Rank-1": 95.10204195976257, "Rank-5": 95.62682509422302, "Rank-10": 96.26821875572205}}
{"event": "epoch", "dataset": "RGBNT100", "recipe": "semantic", "epoch": 14, "steps": 63, "mean_loss": 0.5766954308464414, "seconds": 66.1569031199906, "official_fused": {"mAP": 78.70454954374553, "Rank-1": 95.16034722328186, "Rank-5": 96.0932970046997, "Rank-10": 96.67638540267944}}
{"event": "epoch", "dataset": "RGBNT100", "recipe": "semantic", "epoch": 15, "steps": 63, "mean_loss": 0.5733995106485155, "seconds": 64.1957116779522, "official_fused": {"mAP": 79.14293210828443, "Rank-1": 93.81924271583557, "Rank-5": 94.92711424827576, "Rank-10": 95.5102026462555}}
{"event": "epoch", "dataset": "RGBNT100", "recipe": "semantic", "epoch": 16, "steps": 63, "mean_loss": 0.5705933268108065, "seconds": 65.05690159101505, "official_fused": {"mAP": 78.51446241560527, "Rank-1": 94.46064233779907, "Rank-5": 96.03498578071594, "Rank-10": 96.55976891517639}}
{"event": "epoch", "dataset": "RGBNT100", "recipe": "semantic", "epoch": 17, "steps": 62, "mean_loss": 0.5649966559102458, "seconds": 64.91045450000092, "official_fused": {"mAP": 78.45038746472756, "Rank-1": 94.75218653678894, "Rank-5": 95.97667455673218, "Rank-10": 96.44314646720886}}
{"event": "epoch", "dataset": "RGBNT100", "recipe": "semantic", "epoch": 18, "steps": 62, "mean_loss": 0.5634610220309226, "seconds": 65.27229975996306, "official_fused": {"mAP": 78.56033034856583, "Rank-1": 93.99417042732239, "Rank-5": 95.16034722328186, "Rank-10": 95.56851387023926}}
{"event": "epoch", "dataset": "RGBNT100", "recipe": "semantic", "epoch": 19, "steps": 63, "mean_loss": 0.5602884131764608, "seconds": 66.48098315898096, "official_fused": {"mAP": 77.80227963032095, "Rank-1": 93.41107606887817, "Rank-5": 94.98542547225952, "Rank-10": 95.74344158172607}}
{"event": "epoch", "dataset": "RGBNT100", "recipe": "semantic", "epoch": 20, "steps": 62, "mean_loss": 0.5575535364689366, "seconds": 65.02826593397185, "official_fused": {"mAP": 78.76151803675678, "Rank-1": 94.75218653678894, "Rank-5": 95.68513035774231, "Rank-10": 96.38484120368958}}
{"event": "epoch", "dataset": "RGBNT100", "recipe": "semantic", "epoch": 21, "steps": 63, "mean_loss": 0.5561441050635444, "seconds": 65.60888148698723, "official_fused": {"mAP": 78.02939914014657, "Rank-1": 93.64431500434875, "Rank-5": 94.46064233779907, "Rank-10": 95.27696967124939}}
{"event": "epoch", "dataset": "RGBNT100", "recipe": "semantic", "epoch": 22, "steps": 63, "mean_loss": 0.5561952240883358, "seconds": 65.44323971896665, "official_fused": {"mAP": 78.7286338787227, "Rank-1": 94.8104977607727, "Rank-5": 95.97667455673218, "Rank-10": 96.38484120368958}}
{"event": "epoch", "dataset": "RGBNT100", "recipe": "semantic", "epoch": 23, "steps": 63, "mean_loss": 0.5526869429482354, "seconds": 65.64492323901504, "official_fused": {"mAP": 77.9426675645654, "Rank-1": 94.11078691482544, "Rank-5": 95.04373073577881, "Rank-10": 95.4518973827362}}
{"event": "epoch", "dataset": "RGBNT100", "recipe": "semantic", "epoch": 24, "steps": 63, "mean_loss": 0.5509731996627081, "seconds": 64.92070630396483, "official_fused": {"mAP": 78.42840779119172, "Rank-1": 93.81924271583557, "Rank-5": 95.21865844726562, "Rank-10": 96.0932970046997}}
{"event": "epoch", "dataset": "RGBNT100", "recipe": "semantic", "epoch": 25, "steps": 63, "mean_loss": 0.5499990289173429, "seconds": 66.0429202800151, "official_fused": {"mAP": 78.22693660821486, "Rank-1": 93.99417042732239, "Rank-5": 94.92711424827576, "Rank-10": 95.91836929321289}}
{"event": "epoch", "dataset": "RGBNT100", "recipe": "semantic", "epoch": 26, "steps": 63, "mean_loss": 0.5549373021201481, "seconds": 64.86253583297366, "official_fused": {"mAP": 79.50113069153947, "Rank-1": 94.51894760131836, "Rank-5": 95.86005806922913, "Rank-10": 96.44314646720886}}
{"event": "epoch", "dataset": "RGBNT100", "recipe": "semantic", "epoch": 27, "steps": 63, "mean_loss": 0.5528097975821722, "seconds": 64.8148425599793, "official_fused": {"mAP": 78.07724948072575, "Rank-1": 94.86880302429199, "Rank-5": 95.56851387023926, "Rank-10": 96.26821875572205}}
{"event": "epoch", "dataset": "RGBNT100", "recipe": "semantic", "epoch": 28, "steps": 62, "mean_loss": 0.5490171409422352, "seconds": 63.601842219009995, "official_fused": {"mAP": 78.09351967548365, "Rank-1": 93.99417042732239, "Rank-5": 94.57725882530212, "Rank-10": 95.33527493476868}}
{"event": "epoch", "dataset": "RGBNT100", "recipe": "semantic", "epoch": 29, "steps": 63, "mean_loss": 0.5476583157266889, "seconds": 65.36697497201385, "official_fused": {"mAP": 78.16987249369015, "Rank-1": 93.70262622833252, "Rank-5": 94.34402585029602, "Rank-10": 94.63557004928589}}
{"event": "epoch", "dataset": "RGBNT100", "recipe": "semantic", "epoch": 30, "steps": 62, "mean_loss": 0.546300313165111, "seconds": 64.10273750702618, "official_fused": {"mAP": 78.16718650685655, "Rank-1": 93.7609314918518, "Rank-5": 94.75218653678894, "Rank-10": 95.5102026462555}}
{"event": "epoch", "dataset": "RGBNT100", "recipe": "semantic", "epoch": 31, "steps": 62, "mean_loss": 0.5460035166432781, "seconds": 63.93364651896991, "official_fused": {"mAP": 78.09495771990925, "Rank-1": 93.81924271583557, "Rank-5": 94.75218653678894, "Rank-10": 95.16034722328186}}
{"event": "epoch", "dataset": "RGBNT100", "recipe": "semantic", "epoch": 32, "steps": 62, "mean_loss": 0.5459104641791312, "seconds": 62.680152587010525, "official_fused": {"mAP": 77.9296203012608, "Rank-1": 92.71137118339539, "Rank-5": 93.64431500434875, "Rank-10": 94.57725882530212}}
{"event": "epoch", "dataset": "RGBNT100", "recipe": "semantic", "epoch": 33, "steps": 63, "mean_loss": 0.5450825653378926, "seconds": 64.6494066810119, "official_fused": {"mAP": 78.05772532802638, "Rank-1": 93.70262622833252, "Rank-5": 94.34402585029602, "Rank-10": 95.39358615875244}}
{"event": "epoch", "dataset": "RGBNT100", "recipe": "semantic", "epoch": 34, "steps": 62, "mean_loss": 0.5442720199784925, "seconds": 63.493922776018735, "official_fused": {"mAP": 78.03130620295939, "Rank-1": 93.70262622833252, "Rank-5": 94.57725882530212, "Rank-10": 95.16034722328186}}
{"event": "epoch", "dataset": "RGBNT100", "recipe": "semantic", "epoch": 35, "steps": 63, "mean_loss": 0.5440535223673261, "seconds": 64.7080738620134, "official_fused": {"mAP": 78.12263773547278, "Rank-1": 93.87755393981934, "Rank-5": 94.34402585029602, "Rank-10": 95.04373073577881}}
{"event": "epoch", "dataset": "RGBNT100", "recipe": "semantic", "epoch": 36, "steps": 62, "mean_loss": 0.5439478399292115, "seconds": 63.58357649802929, "official_fused": {"mAP": 78.17153352350002, "Rank-1": 93.93585920333862, "Rank-5": 94.75218653678894, "Rank-10": 95.21865844726562}}
{"event": "epoch", "dataset": "RGBNT100", "recipe": "semantic", "epoch": 37, "steps": 63, "mean_loss": 0.5439170002937317, "seconds": 64.27477160003036, "official_fused": {"mAP": 78.49377287613557, "Rank-1": 94.46064233779907, "Rank-5": 95.10204195976257, "Rank-10": 95.56851387023926}}
{"event": "epoch", "dataset": "RGBNT100", "recipe": "semantic", "epoch": 38, "steps": 63, "mean_loss": 0.5435716736884344, "seconds": 65.77377184701618, "official_fused": {"mAP": 78.33974268205908, "Rank-1": 94.05247569084167, "Rank-5": 94.86880302429199, "Rank-10": 95.33527493476868}}
{"event": "epoch", "dataset": "RGBNT100", "recipe": "semantic", "epoch": 39, "steps": 63, "mean_loss": 0.5434545836751423, "seconds": 65.90965796401724, "official_fused": {"mAP": 78.18236801169417, "Rank-1": 93.70262622833252, "Rank-5": 94.57725882530212, "Rank-10": 95.21865844726562}}
{"event": "epoch", "dataset": "RGBNT100", "recipe": "semantic", "epoch": 40, "steps": 62, "mean_loss": 0.5432771953844255, "seconds": 64.12523013504688, "official_fused": {"mAP": 78.27153965307613, "Rank-1": 94.11078691482544, "Rank-5": 94.51894760131836, "Rank-10": 95.39358615875244}}
{"event": "epoch", "dataset": "RGBNT100", "recipe": "semantic", "epoch": 41, "steps": 63, "mean_loss": 0.5429205175430055, "seconds": 64.75431420101086, "official_fused": {"mAP": 78.40165944439423, "Rank-1": 94.22740340232849, "Rank-5": 94.98542547225952, "Rank-10": 95.74344158172607}}
{"event": "epoch", "dataset": "RGBNT100", "recipe": "semantic", "epoch": 42, "steps": 63, "mean_loss": 0.5427345075304546, "seconds": 64.78398512699641, "official_fused": {"mAP": 78.48850875789944, "Rank-1": 94.22740340232849, "Rank-5": 94.63557004928589, "Rank-10": 95.33527493476868}}
{"event": "epoch", "dataset": "RGBNT100", "recipe": "semantic", "epoch": 43, "steps": 62, "mean_loss": 0.5426587385516013, "seconds": 64.3394539449946, "official_fused": {"mAP": 78.48676479224179, "Rank-1": 94.22740340232849, "Rank-5": 94.8104977607727, "Rank-10": 95.27696967124939}}
{"event": "epoch", "dataset": "RGBNT100", "recipe": "semantic", "epoch": 44, "steps": 62, "mean_loss": 0.5424724557707387, "seconds": 63.671199329954106, "official_fused": {"mAP": 78.39235531177555, "Rank-1": 94.05247569084167, "Rank-5": 94.63557004928589, "Rank-10": 95.16034722328186}}
{"event": "epoch", "dataset": "RGBNT100", "recipe": "semantic", "epoch": 45, "steps": 62, "mean_loss": 0.5423935507574389, "seconds": 63.59092207998037, "official_fused": {"mAP": 78.37537547821105, "Rank-1": 94.40233111381531, "Rank-5": 95.10204195976257, "Rank-10": 95.62682509422302}}
{"event": "epoch", "dataset": "RGBNT100", "recipe": "semantic", "epoch": 46, "steps": 63, "mean_loss": 0.5420987710120186, "seconds": 64.83209962199908, "official_fused": {"mAP": 78.26160388614892, "Rank-1": 93.93585920333862, "Rank-5": 94.69387531280518, "Rank-10": 94.98542547225952}}
{"event": "epoch", "dataset": "RGBNT100", "recipe": "semantic", "epoch": 47, "steps": 62, "mean_loss": 0.5421860564139581, "seconds": 64.38642887002788, "official_fused": {"mAP": 78.34235419046666, "Rank-1": 94.11078691482544, "Rank-5": 94.69387531280518, "Rank-10": 95.10204195976257}}
{"event": "epoch", "dataset": "RGBNT100", "recipe": "semantic", "epoch": 48, "steps": 63, "mean_loss": 0.5421149863137139, "seconds": 64.62909782101633, "official_fused": {"mAP": 78.20545666837596, "Rank-1": 93.93585920333862, "Rank-5": 94.63557004928589, "Rank-10": 95.33527493476868}}
{"event": "epoch", "dataset": "RGBNT100", "recipe": "semantic", "epoch": 49, "steps": 63, "mean_loss": 0.5418599787212554, "seconds": 65.08618401596323, "official_fused": {"mAP": 78.36666626053297, "Rank-1": 94.1690981388092, "Rank-5": 94.69387531280518, "Rank-10": 95.27696967124939}}
{"event": "epoch", "dataset": "RGBNT100", "recipe": "semantic", "epoch": 50, "steps": 62, "mean_loss": 0.541922273174409, "seconds": 65.14652589499019, "official_fused": {"mAP": 78.22662643942299, "Rank-1": 93.87755393981934, "Rank-5": 94.69387531280518, "Rank-10": 95.16034722328186}}
