/data/gaob/Re-ID/conda-envs/tri_reid/lib/python3.10/site-packages/timm/models/helpers.py:7: FutureWarning: Importing from timm.models.helpers is deprecated, please import via timm.models
  warnings.warn(f"Importing from {__name__} is deprecated, please import via timm.models", FutureWarning)
/data/gaob/Re-ID/conda-envs/tri_reid/lib/python3.10/site-packages/timm/models/registry.py:4: FutureWarning: Importing from timm.models.registry is deprecated, please import via timm.models
  warnings.warn(f"Importing from {__name__} is deprecated, please import via timm.models", FutureWarning)
/data/gaob/Re-ID/conda-envs/tri_reid/lib/python3.10/site-packages/timm/models/layers/__init__.py:48: FutureWarning: Importing from timm.models.layers is deprecated, please import via timm.layers
  warnings.warn(f"Importing from {__name__} is deprecated, please import via timm.layers", FutureWarning)
建立transformer............
using Transformer_type: ViT-B-16 as a backbone
Resized position embedding: %s to %s torch.Size([197, 768]) torch.Size([129, 768])
Position embedding resize to height:16 width: 8
Successfully load ckpt!
<All keys matched successfully>
Loading pretrained model from CLIP
camera number is : 4
===========Building Signal===========
{"event": "epoch", "dataset": "RGBNT201", "epoch": 1, "steps": 53, "mean_loss": 5.002739123578341, "seconds": 22.099132341005316, "official_fused": {"mAP": 72.07838713753443, "Rank-1": 73.32535982131958, "Rank-5": 82.8947365283966, "Rank-10": 87.91866302490234}, "best_epoch": 1}
{"event": "epoch", "dataset": "RGBNT201", "epoch": 2, "steps": 53, "mean_loss": 4.166246706584714, "seconds": 21.018497227996704, "official_fused": {"mAP": 72.54423506496221, "Rank-1": 73.9234447479248, "Rank-5": 83.13397169113159, "Rank-10": 88.0382776260376}, "best_epoch": 2}
{"event": "epoch", "dataset": "RGBNT201", "epoch": 3, "steps": 53, "mean_loss": 2.822297411144904, "seconds": 21.625356775999535, "official_fused": {"mAP": 71.022020521493, "Rank-1": 71.65071964263916, "Rank-5": 80.38277626037598, "Rank-10": 85.8851671218872}, "best_epoch": 2}
{"event": "epoch", "dataset": "RGBNT201", "epoch": 4, "steps": 53, "mean_loss": 1.623184730421822, "seconds": 21.42448910200619, "official_fused": {"mAP": 71.24569838088918, "Rank-1": 71.29186391830444, "Rank-5": 80.74162602424622, "Rank-10": 85.64593195915222}, "best_epoch": 2}
{"event": "epoch", "dataset": "RGBNT201", "epoch": 5, "steps": 53, "mean_loss": 1.0869227872704559, "seconds": 21.462056716001825, "official_fused": {"mAP": 69.95063272331255, "Rank-1": 70.095694065094, "Rank-5": 79.66507077217102, "Rank-10": 84.56937670707703}, "best_epoch": 2}
{"event": "epoch", "dataset": "RGBNT201", "epoch": 6, "steps": 53, "mean_loss": 0.9479001423098007, "seconds": 21.47883047299547, "official_fused": {"mAP": 69.51466792877436, "Rank-1": 69.0191388130188, "Rank-5": 79.0669858455658, "Rank-10": 83.85167717933655}, "best_epoch": 2}
{"event": "epoch", "dataset": "RGBNT201", "epoch": 7, "steps": 53, "mean_loss": 0.918076587173174, "seconds": 21.794546348995937, "official_fused": {"mAP": 68.34668985738898, "Rank-1": 67.9425835609436, "Rank-5": 76.9138753414154, "Rank-10": 82.65550136566162}, "best_epoch": 2}
{"event": "epoch", "dataset": "RGBNT201", "epoch": 8, "steps": 53, "mean_loss": 0.908198911064076, "seconds": 21.913811563004856, "official_fused": {"mAP": 69.29705696020211, "Rank-1": 68.66028904914856, "Rank-5": 78.58851552009583, "Rank-10": 84.80861186981201}, "best_epoch": 2}
{"event": "epoch", "dataset": "RGBNT201", "epoch": 9, "steps": 53, "mean_loss": 0.9012951041167637, "seconds": 21.920372711996606, "official_fused": {"mAP": 70.40120567485698, "Rank-1": 71.05262875556946, "Rank-5": 79.54545617103577, "Rank-10": 84.09090638160706}, "best_epoch": 2}
{"event": "epoch", "dataset": "RGBNT201", "epoch": 10, "steps": 53, "mean_loss": 0.8993219407099597, "seconds": 22.111085083000944, "official_fused": {"mAP": 69.21928396840559, "Rank-1": 69.73684430122375, "Rank-5": 78.94737124443054, "Rank-10": 84.44976210594177}, "best_epoch": 2}
{"event": "epoch", "dataset": "RGBNT201", "epoch": 11, "steps": 53, "mean_loss": 0.8941562895504933, "seconds": 22.287564833000943, "official_fused": {"mAP": 71.20504475917555, "Rank-1": 71.41148447990417, "Rank-5": 80.26315569877625, "Rank-10": 85.16746163368225}, "best_epoch": 2}
{"event": "epoch", "dataset": "RGBNT201", "epoch": 12, "steps": 53, "mean_loss": 0.892098384083442, "seconds": 22.0261255660007, "official_fused": {"mAP": 70.17564768702599, "Rank-1": 70.33492922782898, "Rank-5": 78.82775068283081, "Rank-10": 83.61244201660156}, "best_epoch": 2}
{"event": "epoch", "dataset": "RGBNT201", "epoch": 13, "steps": 53, "mean_loss": 0.8900284857120154, "seconds": 22.397416395004257, "official_fused": {"mAP": 69.06657484069068, "Rank-1": 69.37798857688904, "Rank-5": 78.82775068283081, "Rank-10": 83.85167717933655}, "best_epoch": 2}
{"event": "epoch", "dataset": "RGBNT201", "epoch": 14, "steps": 53, "mean_loss": 0.8863454753497861, "seconds": 22.53939778300264, "official_fused": {"mAP": 69.15338740290176, "Rank-1": 67.70334839820862, "Rank-5": 76.55502557754517, "Rank-10": 82.65550136566162}, "best_epoch": 2}
{"event": "epoch", "dataset": "RGBNT201", "epoch": 15, "steps": 53, "mean_loss": 0.8825379812492514, "seconds": 22.147553233000508, "official_fused": {"mAP": 69.6788215241256, "Rank-1": 70.57416439056396, "Rank-5": 79.66507077217102, "Rank-10": 84.44976210594177}, "best_epoch": 2}
{"event": "epoch", "dataset": "RGBNT201", "epoch": 16, "steps": 53, "mean_loss": 0.8821828309095131, "seconds": 22.131991094000114, "official_fused": {"mAP": 70.30264677175907, "Rank-1": 69.61722373962402, "Rank-5": 77.63158082962036, "Rank-10": 82.77512192726135}, "best_epoch": 2}
{"event": "epoch", "dataset": "RGBNT201", "epoch": 17, "steps": 53, "mean_loss": 0.8769081099978033, "seconds": 22.584824028002913, "official_fused": {"mAP": 69.97004402859551, "Rank-1": 70.45454382896423, "Rank-5": 77.75119543075562, "Rank-10": 83.9712917804718}, "best_epoch": 2}
{"event": "epoch", "dataset": "RGBNT201", "epoch": 18, "steps": 53, "mean_loss": 0.8750481391852757, "seconds": 21.992927136001526, "official_fused": {"mAP": 70.76630319977055, "Rank-1": 70.45454382896423, "Rank-5": 78.46890091896057, "Rank-10": 84.56937670707703}, "best_epoch": 2}
{"event": "epoch", "dataset": "RGBNT201", "epoch": 19, "steps": 53, "mean_loss": 0.8744096047473404, "seconds": 22.16472117999365, "official_fused": {"mAP": 70.2869513813533, "Rank-1": 71.41148447990417, "Rank-5": 80.14354109764099, "Rank-10": 84.44976210594177}, "best_epoch": 2}
{"event": "epoch", "dataset": "RGBNT201", "epoch": 20, "steps": 53, "mean_loss": 0.8732516788086802, "seconds": 22.37965539000288, "official_fused": {"mAP": 70.8869327984507, "Rank-1": 72.36841917037964, "Rank-5": 80.38277626037598, "Rank-10": 84.80861186981201}, "best_epoch": 2}
{"event": "epoch", "dataset": "RGBNT201", "epoch": 21, "steps": 53, "mean_loss": 0.8707703025835865, "seconds": 22.295106393001333, "official_fused": {"mAP": 70.27543796977945, "Rank-1": 72.0095694065094, "Rank-5": 79.904305934906, "Rank-10": 85.047847032547}, "best_epoch": 2}
{"event": "epoch", "dataset": "RGBNT201", "epoch": 22, "steps": 53, "mean_loss": 0.8689108850821009, "seconds": 22.16447661100392, "official_fused": {"mAP": 71.32074305015182, "Rank-1": 72.60765433311462, "Rank-5": 79.78469133377075, "Rank-10": 84.33014154434204}, "best_epoch": 2}
{"event": "epoch", "dataset": "RGBNT201", "epoch": 23, "steps": 53, "mean_loss": 0.867495632396554, "seconds": 22.977306423999835, "official_fused": {"mAP": 70.44744875532736, "Rank-1": 72.48803973197937, "Rank-5": 79.904305934906, "Rank-10": 84.44976210594177}, "best_epoch": 2}
{"event": "epoch", "dataset": "RGBNT201", "epoch": 24, "steps": 53, "mean_loss": 0.8657027291801741, "seconds": 22.771481897994818, "official_fused": {"mAP": 70.5648915524852, "Rank-1": 72.0095694065094, "Rank-5": 80.86124658584595, "Rank-10": 85.16746163368225}, "best_epoch": 2}
{"event": "epoch", "dataset": "RGBNT201", "epoch": 25, "steps": 53, "mean_loss": 0.8654635166222194, "seconds": 22.50693400399905, "official_fused": {"mAP": 70.25451234076262, "Rank-1": 72.36841917037964, "Rank-5": 79.54545617103577, "Rank-10": 83.9712917804718}, "best_epoch": 2}
{"event": "epoch", "dataset": "RGBNT201", "epoch": 26, "steps": 53, "mean_loss": 0.8643117097188842, "seconds": 22.67952238200087, "official_fused": {"mAP": 69.79120421152757, "Rank-1": 70.9330141544342, "Rank-5": 80.02392053604126, "Rank-10": 84.68899726867676}, "best_epoch": 2}
{"event": "epoch", "dataset": "RGBNT201", "epoch": 27, "steps": 53, "mean_loss": 0.8628345064397128, "seconds": 22.507191666001745, "official_fused": {"mAP": 68.89061657130918, "Rank-1": 70.69377899169922, "Rank-5": 78.82775068283081, "Rank-10": 84.44976210594177}, "best_epoch": 2}
{"event": "epoch", "dataset": "RGBNT201", "epoch": 28, "steps": 53, "mean_loss": 0.8621636921504758, "seconds": 22.70478250800079, "official_fused": {"mAP": 69.26048276736275, "Rank-1": 70.9330141544342, "Rank-5": 78.94737124443054, "Rank-10": 83.61244201660156}, "best_epoch": 2}
{"event": "epoch", "dataset": "RGBNT201", "epoch": 29, "steps": 53, "mean_loss": 0.8619152161310304, "seconds": 22.371783435999532, "official_fused": {"mAP": 69.14647193673153, "Rank-1": 70.69377899169922, "Rank-5": 79.30622100830078, "Rank-10": 83.73205661773682}, "best_epoch": 2}
{"event": "epoch", "dataset": "RGBNT201", "epoch": 30, "steps": 53, "mean_loss": 0.8598865742953319, "seconds": 22.46805629099981, "official_fused": {"mAP": 69.07145615670107, "Rank-1": 69.97607946395874, "Rank-5": 78.94737124443054, "Rank-10": 83.25358629226685}, "best_epoch": 2}
{"event": "epoch", "dataset": "RGBNT201", "epoch": 31, "steps": 53, "mean_loss": 0.860064724706254, "seconds": 22.323622327996418, "official_fused": {"mAP": 70.05182205535667, "Rank-1": 71.17224931716919, "Rank-5": 79.66507077217102, "Rank-10": 83.73205661773682}, "best_epoch": 2}
{"event": "epoch", "dataset": "RGBNT201", "epoch": 32, "steps": 53, "mean_loss": 0.858896367954758, "seconds": 22.54419461300131, "official_fused": {"mAP": 70.20897001511143, "Rank-1": 71.77033424377441, "Rank-5": 80.14354109764099, "Rank-10": 84.56937670707703}, "best_epoch": 2}
{"event": "epoch", "dataset": "RGBNT201", "epoch": 33, "steps": 53, "mean_loss": 0.8585023115266044, "seconds": 22.356310411996674, "official_fused": {"mAP": 69.38601246490435, "Rank-1": 70.9330141544342, "Rank-5": 78.58851552009583, "Rank-10": 83.61244201660156}, "best_epoch": 2}
{"event": "epoch", "dataset": "RGBNT201", "epoch": 34, "steps": 53, "mean_loss": 0.8566335169774182, "seconds": 22.089956948999316, "official_fused": {"mAP": 69.58814118304932, "Rank-1": 72.0095694065094, "Rank-5": 79.0669858455658, "Rank-10": 82.8947365283966}, "best_epoch": 2}
{"event": "epoch", "dataset": "RGBNT201", "epoch": 35, "steps": 53, "mean_loss": 0.8556532803571449, "seconds": 22.364903482994123, "official_fused": {"mAP": 69.38198336846143, "Rank-1": 70.9330141544342, "Rank-5": 78.58851552009583, "Rank-10": 83.61244201660156}, "best_epoch": 2}
{"event": "epoch", "dataset": "RGBNT201", "epoch": 36, "steps": 53, "mean_loss": 0.8553866957718471, "seconds": 22.421543110998755, "official_fused": {"mAP": 69.34375257011267, "Rank-1": 71.65071964263916, "Rank-5": 79.66507077217102, "Rank-10": 83.49282145500183}, "best_epoch": 2}
{"event": "epoch", "dataset": "RGBNT201", "epoch": 37, "steps": 53, "mean_loss": 0.8550640513312142, "seconds": 22.072024323999358, "official_fused": {"mAP": 68.77871426192218, "Rank-1": 70.33492922782898, "Rank-5": 78.82775068283081, "Rank-10": 84.09090638160706}, "best_epoch": 2}
{"event": "epoch", "dataset": "RGBNT201", "epoch": 38, "steps": 53, "mean_loss": 0.8541792406226104, "seconds": 22.121441893003066, "official_fused": {"mAP": 68.97405996756409, "Rank-1": 70.81339955329895, "Rank-5": 78.70813608169556, "Rank-10": 83.73205661773682}, "best_epoch": 2}
{"event": "epoch", "dataset": "RGBNT201", "epoch": 39, "steps": 53, "mean_loss": 0.8533539648325938, "seconds": 22.31796280400158, "official_fused": {"mAP": 69.14142283069239, "Rank-1": 70.9330141544342, "Rank-5": 78.82775068283081, "Rank-10": 84.33014154434204}, "best_epoch": 2}
{"event": "epoch", "dataset": "RGBNT201", "epoch": 40, "steps": 53, "mean_loss": 0.8532063230028692, "seconds": 21.803715699003078, "official_fused": {"mAP": 69.5935385323956, "Rank-1": 71.41148447990417, "Rank-5": 79.78469133377075, "Rank-10": 84.33014154434204}, "best_epoch": 2}
{"event": "epoch", "dataset": "RGBNT201", "epoch": 41, "steps": 53, "mean_loss": 0.8535070205634495, "seconds": 21.737357526995766, "official_fused": {"mAP": 69.7071749419621, "Rank-1": 70.81339955329895, "Rank-5": 79.78469133377075, "Rank-10": 84.21052694320679}, "best_epoch": 2}
{"event": "epoch", "dataset": "RGBNT201", "epoch": 42, "steps": 53, "mean_loss": 0.8525138812245063, "seconds": 21.965655305997643, "official_fused": {"mAP": 69.47766895032969, "Rank-1": 70.33492922782898, "Rank-5": 80.14354109764099, "Rank-10": 84.80861186981201}, "best_epoch": 2}
{"event": "epoch", "dataset": "RGBNT201", "epoch": 43, "steps": 53, "mean_loss": 0.8520509094562171, "seconds": 21.708069186999637, "official_fused": {"mAP": 69.36206547051832, "Rank-1": 70.57416439056396, "Rank-5": 79.42583560943604, "Rank-10": 84.68899726867676}, "best_epoch": 2}
{"event": "epoch", "dataset": "RGBNT201", "epoch": 44, "steps": 53, "mean_loss": 0.8525041577950964, "seconds": 21.702440724999178, "official_fused": {"mAP": 69.30857842832177, "Rank-1": 70.21530866622925, "Rank-5": 79.54545617103577, "Rank-10": 84.68899726867676}, "best_epoch": 2}
{"event": "epoch", "dataset": "RGBNT201", "epoch": 45, "steps": 53, "mean_loss": 0.8531468555612384, "seconds": 22.029107231996022, "official_fused": {"mAP": 69.15474129852907, "Rank-1": 70.57416439056396, "Rank-5": 79.18660044670105, "Rank-10": 84.44976210594177}, "best_epoch": 2}
{"event": "epoch", "dataset": "RGBNT201", "epoch": 46, "steps": 52, "mean_loss": 0.8522743513950934, "seconds": 21.434170968001126, "official_fused": {"mAP": 69.14820451982835, "Rank-1": 70.095694065094, "Rank-5": 79.30622100830078, "Rank-10": 84.21052694320679}, "best_epoch": 2}
{"event": "epoch", "dataset": "RGBNT201", "epoch": 47, "steps": 53, "mean_loss": 0.8519671413133729, "seconds": 21.719859527001972, "official_fused": {"mAP": 69.22692846231269, "Rank-1": 70.45454382896423, "Rank-5": 79.18660044670105, "Rank-10": 84.09090638160706}, "best_epoch": 2}
{"event": "epoch", "dataset": "RGBNT201", "epoch": 48, "steps": 53, "mean_loss": 0.8521323766348496, "seconds": 21.786654723000538, "official_fused": {"mAP": 69.2085530024385, "Rank-1": 70.33492922782898, "Rank-5": 79.18660044670105, "Rank-10": 84.09090638160706}, "best_epoch": 2}
{"event": "epoch", "dataset": "RGBNT201", "epoch": 49, "steps": 53, "mean_loss": 0.8516391335793261, "seconds": 21.832345556998916, "official_fused": {"mAP": 69.17850815946814, "Rank-1": 70.21530866622925, "Rank-5": 78.94737124443054, "Rank-10": 84.09090638160706}, "best_epoch": 2}
{"event": "epoch", "dataset": "RGBNT201", "epoch": 50, "steps": 53, "mean_loss": 0.8522133950917226, "seconds": 22.204335207999975, "official_fused": {"mAP": 69.1778448073533, "Rank-1": 70.21530866622925, "Rank-5": 78.94737124443054, "Rank-10": 84.09090638160706}, "best_epoch": 2}
