/root/miniconda3/envs/tri_reid/lib/python3.10/site-packages/timm/models/helpers.py:7: FutureWarning: Importing from timm.models.helpers is deprecated, please import via timm.models
  warnings.warn(f"Importing from {__name__} is deprecated, please import via timm.models", FutureWarning)
/root/miniconda3/envs/tri_reid/lib/python3.10/site-packages/timm/models/registry.py:4: FutureWarning: Importing from timm.models.registry is deprecated, please import via timm.models
  warnings.warn(f"Importing from {__name__} is deprecated, please import via timm.models", FutureWarning)
/root/miniconda3/envs/tri_reid/lib/python3.10/site-packages/timm/models/layers/__init__.py:48: FutureWarning: Importing from timm.models.layers is deprecated, please import via timm.layers
  warnings.warn(f"Importing from {__name__} is deprecated, please import via timm.layers", FutureWarning)
建立transformer............
using Transformer_type: ViT-B-16 as a backbone
Resized position embedding: %s to %s torch.Size([197, 768]) torch.Size([129, 768])
Position embedding resize to height:8 width: 16
Successfully load ckpt!
<All keys matched successfully>
Loading pretrained model from CLIP
camera number is : 8
===========Building Signal===========
{"fold": 0, "step": 1, "elapsed_seconds": 5.834484860301018}
{"fold": 0, "step": 2, "elapsed_seconds": 8.143829975277185}
{"fold": 0, "step": 3, "elapsed_seconds": 10.448779059574008}
{"fold": 0, "step": 4, "elapsed_seconds": 16.600304266437888}
{"fold": 0, "step": 5, "elapsed_seconds": 23.529265655204654}
{"fold": 0, "step": 6, "elapsed_seconds": 32.738607527688146}
{"fold": 0, "step": 7, "elapsed_seconds": 44.33664255030453}
{"fold": 0, "step": 8, "elapsed_seconds": 58.27082064375281}
建立transformer............
using Transformer_type: ViT-B-16 as a backbone
Resized position embedding: %s to %s torch.Size([197, 768]) torch.Size([129, 768])
Position embedding resize to height:8 width: 16
Successfully load ckpt!
<All keys matched successfully>
Loading pretrained model from CLIP
camera number is : 8
===========Building Signal===========
{"fold": 1, "step": 1, "elapsed_seconds": 3.87389924749732}
{"fold": 1, "step": 2, "elapsed_seconds": 6.203426448628306}
{"fold": 1, "step": 3, "elapsed_seconds": 8.502111185342073}
{"fold": 1, "step": 4, "elapsed_seconds": 14.631074603646994}
{"fold": 1, "step": 5, "elapsed_seconds": 21.5794794857502}
{"fold": 1, "step": 6, "elapsed_seconds": 30.855404725298285}
{"fold": 1, "step": 7, "elapsed_seconds": 42.46218670345843}
{"fold": 1, "step": 8, "elapsed_seconds": 56.40305788628757}
建立transformer............
using Transformer_type: ViT-B-16 as a backbone
Resized position embedding: %s to %s torch.Size([197, 768]) torch.Size([129, 768])
Position embedding resize to height:8 width: 16
Successfully load ckpt!
<All keys matched successfully>
Loading pretrained model from CLIP
camera number is : 8
===========Building Signal===========
{"fold": 2, "step": 1, "elapsed_seconds": 4.436276778578758}
{"fold": 2, "step": 2, "elapsed_seconds": 6.795517221093178}
{"fold": 2, "step": 3, "elapsed_seconds": 9.100701171904802}
{"fold": 2, "step": 4, "elapsed_seconds": 15.206278327852488}
{"fold": 2, "step": 5, "elapsed_seconds": 22.142083065584302}
{"fold": 2, "step": 6, "elapsed_seconds": 31.431191962212324}
{"fold": 2, "step": 7, "elapsed_seconds": 43.004059897735715}
{"fold": 2, "step": 8, "elapsed_seconds": 56.91308310069144}
