/root/miniconda3/envs/tri_reid/lib/python3.10/site-packages/timm/models/helpers.py:7: FutureWarning: Importing from timm.models.helpers is deprecated, please import via timm.models
  warnings.warn(f"Importing from {__name__} is deprecated, please import via timm.models", FutureWarning)
/root/miniconda3/envs/tri_reid/lib/python3.10/site-packages/timm/models/registry.py:4: FutureWarning: Importing from timm.models.registry is deprecated, please import via timm.models
  warnings.warn(f"Importing from {__name__} is deprecated, please import via timm.models", FutureWarning)
/root/miniconda3/envs/tri_reid/lib/python3.10/site-packages/timm/models/layers/__init__.py:48: FutureWarning: Importing from timm.models.layers is deprecated, please import via timm.layers
  warnings.warn(f"Importing from {__name__} is deprecated, please import via timm.layers", FutureWarning)
建立transformer............
using Transformer_type: ViT-B-16 as a backbone
Resized position embedding: %s to %s torch.Size([197, 768]) torch.Size([129, 768])
Position embedding resize to height:8 width: 16
Successfully load ckpt!
<All keys matched successfully>
Loading pretrained model from CLIP
camera number is : 8
===========Building Signal===========
{"event": "rgbnt100_role_epoch", "fold": "full_train", "mode": "comparison", "epoch": 1, "optimizer_steps": 130, "learning_rate": 7.000000000000001e-05, "mean_loss": 1.3872977907841022, "elapsed_seconds": 144.15527962520719}
{"event": "rgbnt100_role_epoch", "fold": "full_train", "mode": "comparison", "epoch": 2, "optimizer_steps": 131, "learning_rate": 0.00014000000000000001, "mean_loss": 0.6015927832545215, "elapsed_seconds": 143.12959924340248}
{"event": "rgbnt100_role_epoch", "fold": "full_train", "mode": "comparison", "epoch": 3, "optimizer_steps": 132, "learning_rate": 0.00020999999999999998, "mean_loss": 0.5431442418784806, "elapsed_seconds": 144.9885020777583}
{"event": "rgbnt100_role_epoch", "fold": "full_train", "mode": "comparison", "epoch": 4, "optimizer_steps": 131, "learning_rate": 0.00028000000000000003, "mean_loss": 0.5396273668485744, "elapsed_seconds": 143.51593939587474}
{"event": "rgbnt100_role_epoch", "fold": "full_train", "mode": "comparison", "epoch": 5, "optimizer_steps": 132, "learning_rate": 0.00035, "mean_loss": 0.5454263443296606, "elapsed_seconds": 144.2395733911544}
{"event": "rgbnt100_role_epoch", "fold": "full_train", "mode": "comparison", "epoch": 6, "optimizer_steps": 131, "learning_rate": 0.00035, "mean_loss": 0.5674214972794511, "elapsed_seconds": 143.53932208940387}
{"event": "rgbnt100_role_epoch", "fold": "full_train", "mode": "comparison", "epoch": 7, "optimizer_steps": 132, "learning_rate": 0.000346175830128416, "mean_loss": 0.5992431022001036, "elapsed_seconds": 144.25746327638626}
{"event": "rgbnt100_role_epoch", "fold": "full_train", "mode": "comparison", "epoch": 8, "optimizer_steps": 131, "learning_rate": 0.0003348704550874551, "mean_loss": 0.5736555889362597, "elapsed_seconds": 143.3857346046716}
{"event": "rgbnt100_role_epoch", "fold": "full_train", "mode": "comparison", "epoch": 9, "optimizer_steps": 130, "learning_rate": 0.0003165779740156158, "mean_loss": 0.5600402304759392, "elapsed_seconds": 143.15538646280766}
{"event": "rgbnt100_role_epoch", "fold": "full_train", "mode": "comparison", "epoch": 10, "optimizer_steps": 132, "learning_rate": 0.0002920978561128002, "mean_loss": 0.5508411002881599, "elapsed_seconds": 144.0110567510128}
{"event": "rgbnt100_role_epoch", "fold": "full_train", "mode": "comparison", "epoch": 11, "optimizer_steps": 131, "learning_rate": 0.0002625, "mean_loss": 0.5426674658105574, "elapsed_seconds": 144.01253738999367}
{"event": "rgbnt100_role_epoch", "fold": "full_train", "mode": "comparison", "epoch": 12, "optimizer_steps": 131, "learning_rate": 0.0002290779740156158, "mean_loss": 0.5423754808556942, "elapsed_seconds": 142.93763526715338}
{"event": "rgbnt100_role_epoch", "fold": "full_train", "mode": "comparison", "epoch": 13, "optimizer_steps": 131, "learning_rate": 0.00019329248107183937, "mean_loss": 0.5373111585624345, "elapsed_seconds": 143.3588700555265}
{"event": "rgbnt100_role_epoch", "fold": "full_train", "mode": "comparison", "epoch": 14, "optimizer_steps": 132, "learning_rate": 0.00015670751892816066, "mean_loss": 0.5327761963461385, "elapsed_seconds": 144.31354761868715}
{"event": "rgbnt100_role_epoch", "fold": "full_train", "mode": "comparison", "epoch": 15, "optimizer_steps": 129, "learning_rate": 0.00012092202598438422, "mean_loss": 0.5320426687713742, "elapsed_seconds": 141.21809884347022}
{"event": "rgbnt100_role_epoch", "fold": "full_train", "mode": "comparison", "epoch": 16, "optimizer_steps": 131, "learning_rate": 8.750000000000004e-05, "mean_loss": 0.5317641396558922, "elapsed_seconds": 143.0814314763993}
{"event": "rgbnt100_role_epoch", "fold": "full_train", "mode": "comparison", "epoch": 17, "optimizer_steps": 132, "learning_rate": 5.7902143887199866e-05, "mean_loss": 0.5314228665648084, "elapsed_seconds": 144.05587539076805}
{"event": "rgbnt100_role_epoch", "fold": "full_train", "mode": "comparison", "epoch": 18, "optimizer_steps": 132, "learning_rate": 3.342202598438421e-05, "mean_loss": 0.5313386312036803, "elapsed_seconds": 142.3155435603112}
{"event": "rgbnt100_role_epoch", "fold": "full_train", "mode": "comparison", "epoch": 19, "optimizer_steps": 132, "learning_rate": 1.5129544912544829e-05, "mean_loss": 0.5312159639416318, "elapsed_seconds": 144.2652776185423}
{"event": "rgbnt100_role_epoch", "fold": "full_train", "mode": "comparison", "epoch": 20, "optimizer_steps": 132, "learning_rate": 3.824169871584004e-06, "mean_loss": 0.5311871500629367, "elapsed_seconds": 145.03227280825377}
建立transformer............
using Transformer_type: ViT-B-16 as a backbone
Resized position embedding: %s to %s torch.Size([197, 768]) torch.Size([129, 768])
Position embedding resize to height:8 width: 16
Successfully load ckpt!
<All keys matched successfully>
Loading pretrained model from CLIP
camera number is : 8
===========Building Signal===========
{"status": "COMPLETE_FULL50_ROLES_FIXED_EPOCH20", "optimizer_steps": 2625, "elapsed_seconds": 2900.9036689009517, "official_model_record_forwards": 0}
