/data/gaob/Re-ID/conda-envs/tri_reid/lib/python3.10/site-packages/timm/models/helpers.py:7: FutureWarning: Importing from timm.models.helpers is deprecated, please import via timm.models
  warnings.warn(f"Importing from {__name__} is deprecated, please import via timm.models", FutureWarning)
/data/gaob/Re-ID/conda-envs/tri_reid/lib/python3.10/site-packages/timm/models/registry.py:4: FutureWarning: Importing from timm.models.registry is deprecated, please import via timm.models
  warnings.warn(f"Importing from {__name__} is deprecated, please import via timm.models", FutureWarning)
/data/gaob/Re-ID/conda-envs/tri_reid/lib/python3.10/site-packages/timm/models/layers/__init__.py:48: FutureWarning: Importing from timm.models.layers is deprecated, please import via timm.layers
  warnings.warn(f"Importing from {__name__} is deprecated, please import via timm.layers", FutureWarning)
建立transformer............
using Transformer_type: ViT-B-16 as a backbone
Resized position embedding: %s to %s torch.Size([197, 768]) torch.Size([129, 768])
Position embedding resize to height:8 width: 16
Successfully load ckpt!
<All keys matched successfully>
Loading pretrained model from CLIP
camera number is : 8
===========Building Signal===========
Traceback (most recent call last):
  File "/data/gaob/Re-ID/Trifusion/refine-logs/deployment_metric_fixed_best_diagnosis_v1/DIAGNOSE_FIVE.py", line 81, in <module>
    raise SystemExit(diagnosis.main())
  File "/data/gaob/Re-ID/Trifusion/tools/diagnose_native_research_best.py", line 266, in main
    diagnose(args, seal)
  File "/data/gaob/Re-ID/Trifusion/tools/diagnose_native_research_best.py", line 211, in diagnose
    require_inputs(seal)
  File "/data/gaob/Re-ID/Trifusion/tools/diagnose_native_research_best.py", line 42, in require_inputs
    assert panel.base.sha(Path(name)) == digest, name
  File "/data/gaob/Re-ID/Trifusion/tools/collect_correspondence_roles.py", line 26, in sha
    with path.open("rb") as stream:
  File "/data/gaob/Re-ID/conda-envs/tri_reid/lib/python3.10/pathlib.py", line 1119, in open
    return self._accessor.open(self, mode, buffering, encoding, errors,
FileNotFoundError: [Errno 2] No such file or directory: '/data/gaob/Re-ID/Trifusion/refine-logs/native_fixed_best_diagnosis_v1/INPUT_SEAL.json'
