/root/miniconda3/envs/tri_reid/lib/python3.10/site-packages/timm/models/helpers.py:7: FutureWarning: Importing from timm.models.helpers is deprecated, please import via timm.models
  warnings.warn(f"Importing from {__name__} is deprecated, please import via timm.models", FutureWarning)
/root/miniconda3/envs/tri_reid/lib/python3.10/site-packages/timm/models/registry.py:4: FutureWarning: Importing from timm.models.registry is deprecated, please import via timm.models
  warnings.warn(f"Importing from {__name__} is deprecated, please import via timm.models", FutureWarning)
/root/miniconda3/envs/tri_reid/lib/python3.10/site-packages/timm/models/layers/__init__.py:48: FutureWarning: Importing from timm.models.layers is deprecated, please import via timm.layers
  warnings.warn(f"Importing from {__name__} is deprecated, please import via timm.layers", FutureWarning)
建立transformer............
using Transformer_type: ViT-B-16 as a backbone
Resized position embedding: %s to %s torch.Size([197, 768]) torch.Size([129, 768])
Position embedding resize to height:16 width: 8
Successfully load ckpt!
<All keys matched successfully>
Loading pretrained model from CLIP
camera number is : 4
===========Building Signal===========
建立transformer............
using Transformer_type: ViT-B-16 as a backbone
Resized position embedding: %s to %s torch.Size([197, 768]) torch.Size([129, 768])
Position embedding resize to height:16 width: 8
Successfully load ckpt!
<All keys matched successfully>
Loading pretrained model from CLIP
camera number is : 4
===========Building Signal===========
建立transformer............
using Transformer_type: ViT-B-16 as a backbone
Resized position embedding: %s to %s torch.Size([197, 768]) torch.Size([129, 768])
Position embedding resize to height:16 width: 8
Successfully load ckpt!
<All keys matched successfully>
Loading pretrained model from CLIP
camera number is : 4
===========Building Signal===========
{"fold": 0, "epoch": 1, "completed_batches": 29, "model_forwards": 174, "elapsed_seconds": 123.35550546646118}
{"fold": 0, "epoch": 2, "completed_batches": 58, "model_forwards": 348, "elapsed_seconds": 228.1575608253479}
{"fold": 0, "epoch": 3, "completed_batches": 87, "model_forwards": 522, "elapsed_seconds": 333.023316860199}
{"fold": 0, "epoch": 4, "completed_batches": 116, "model_forwards": 696, "elapsed_seconds": 437.7770779132843}
{"fold": 0, "epoch": 5, "completed_batches": 145, "model_forwards": 870, "elapsed_seconds": 542.5312750339508}
{"fold": 0, "epoch": 6, "completed_batches": 174, "model_forwards": 1044, "elapsed_seconds": 647.345134973526}
{"fold": 0, "epoch": 7, "completed_batches": 203, "model_forwards": 1218, "elapsed_seconds": 751.8935649394989}
{"fold": 0, "epoch": 8, "completed_batches": 232, "model_forwards": 1392, "elapsed_seconds": 856.8368995189667}
{"fold": 0, "epoch": 9, "completed_batches": 261, "model_forwards": 1566, "elapsed_seconds": 961.6241774559021}
{"fold": 0, "epoch": 10, "completed_batches": 290, "model_forwards": 1740, "elapsed_seconds": 1066.58358168602}
{"fold": 0, "epoch": 11, "completed_batches": 319, "model_forwards": 1914, "elapsed_seconds": 1171.310353755951}
{"fold": 0, "epoch": 12, "completed_batches": 348, "model_forwards": 2088, "elapsed_seconds": 1276.1706771850586}
{"fold": 0, "epoch": 13, "completed_batches": 377, "model_forwards": 2262, "elapsed_seconds": 1381.1099336147308}
{"fold": 0, "epoch": 14, "completed_batches": 406, "model_forwards": 2436, "elapsed_seconds": 1485.8682391643524}
{"fold": 0, "epoch": 15, "completed_batches": 435, "model_forwards": 2610, "elapsed_seconds": 1590.2760384082794}
{"fold": 0, "epoch": 16, "completed_batches": 464, "model_forwards": 2784, "elapsed_seconds": 1695.2191061973572}
{"fold": 0, "epoch": 17, "completed_batches": 493, "model_forwards": 2958, "elapsed_seconds": 1800.1587438583374}
{"fold": 0, "epoch": 18, "completed_batches": 522, "model_forwards": 3132, "elapsed_seconds": 1904.6567068099976}
{"fold": 0, "epoch": 19, "completed_batches": 551, "model_forwards": 3306, "elapsed_seconds": 2009.5376892089844}
{"fold": 0, "epoch": 20, "completed_batches": 580, "model_forwards": 3480, "elapsed_seconds": 2114.2810246944427}
建立transformer............
using Transformer_type: ViT-B-16 as a backbone
Resized position embedding: %s to %s torch.Size([197, 768]) torch.Size([129, 768])
Position embedding resize to height:16 width: 8
Successfully load ckpt!
<All keys matched successfully>
Loading pretrained model from CLIP
camera number is : 4
===========Building Signal===========
建立transformer............
using Transformer_type: ViT-B-16 as a backbone
Resized position embedding: %s to %s torch.Size([197, 768]) torch.Size([129, 768])
Position embedding resize to height:16 width: 8
Successfully load ckpt!
<All keys matched successfully>
Loading pretrained model from CLIP
camera number is : 4
===========Building Signal===========
建立transformer............
using Transformer_type: ViT-B-16 as a backbone
Resized position embedding: %s to %s torch.Size([197, 768]) torch.Size([129, 768])
Position embedding resize to height:16 width: 8
Successfully load ckpt!
<All keys matched successfully>
Loading pretrained model from CLIP
camera number is : 4
===========Building Signal===========
{"fold": 1, "epoch": 1, "completed_batches": 608, "model_forwards": 3648, "elapsed_seconds": 2233.0217790603638}
{"fold": 1, "epoch": 2, "completed_batches": 636, "model_forwards": 3816, "elapsed_seconds": 2334.3657393455505}
{"fold": 1, "epoch": 3, "completed_batches": 664, "model_forwards": 3984, "elapsed_seconds": 2435.7214753627777}
{"fold": 1, "epoch": 4, "completed_batches": 692, "model_forwards": 4152, "elapsed_seconds": 2537.059362411499}
{"fold": 1, "epoch": 5, "completed_batches": 720, "model_forwards": 4320, "elapsed_seconds": 2638.4163343906403}
{"fold": 1, "epoch": 6, "completed_batches": 748, "model_forwards": 4488, "elapsed_seconds": 2739.9913969039917}
{"fold": 1, "epoch": 7, "completed_batches": 776, "model_forwards": 4656, "elapsed_seconds": 2841.3362617492676}
{"fold": 1, "epoch": 8, "completed_batches": 804, "model_forwards": 4824, "elapsed_seconds": 2942.9529111385345}
{"fold": 1, "epoch": 9, "completed_batches": 832, "model_forwards": 4992, "elapsed_seconds": 3044.6816008090973}
{"fold": 1, "epoch": 10, "completed_batches": 860, "model_forwards": 5160, "elapsed_seconds": 3146.596197128296}
{"fold": 1, "epoch": 11, "completed_batches": 888, "model_forwards": 5328, "elapsed_seconds": 3248.8094041347504}
{"fold": 1, "epoch": 12, "completed_batches": 916, "model_forwards": 5496, "elapsed_seconds": 3350.104509830475}
{"fold": 1, "epoch": 13, "completed_batches": 944, "model_forwards": 5664, "elapsed_seconds": 3451.412474155426}
{"fold": 1, "epoch": 14, "completed_batches": 972, "model_forwards": 5832, "elapsed_seconds": 3552.742029428482}
{"fold": 1, "epoch": 15, "completed_batches": 1000, "model_forwards": 6000, "elapsed_seconds": 3654.824741125107}
{"fold": 1, "epoch": 16, "completed_batches": 1028, "model_forwards": 6168, "elapsed_seconds": 3756.2319827079773}
{"fold": 1, "epoch": 17, "completed_batches": 1056, "model_forwards": 6336, "elapsed_seconds": 3857.724102973938}
{"fold": 1, "epoch": 18, "completed_batches": 1084, "model_forwards": 6504, "elapsed_seconds": 3958.691653251648}
{"fold": 1, "epoch": 19, "completed_batches": 1112, "model_forwards": 6672, "elapsed_seconds": 4059.9088110923767}
{"fold": 1, "epoch": 20, "completed_batches": 1140, "model_forwards": 6840, "elapsed_seconds": 4161.133186578751}
建立transformer............
using Transformer_type: ViT-B-16 as a backbone
Resized position embedding: %s to %s torch.Size([197, 768]) torch.Size([129, 768])
Position embedding resize to height:16 width: 8
Successfully load ckpt!
<All keys matched successfully>
Loading pretrained model from CLIP
camera number is : 4
===========Building Signal===========
建立transformer............
using Transformer_type: ViT-B-16 as a backbone
Resized position embedding: %s to %s torch.Size([197, 768]) torch.Size([129, 768])
Position embedding resize to height:16 width: 8
Successfully load ckpt!
<All keys matched successfully>
Loading pretrained model from CLIP
camera number is : 4
===========Building Signal===========
建立transformer............
using Transformer_type: ViT-B-16 as a backbone
Resized position embedding: %s to %s torch.Size([197, 768]) torch.Size([129, 768])
Position embedding resize to height:16 width: 8
Successfully load ckpt!
<All keys matched successfully>
Loading pretrained model from CLIP
camera number is : 4
===========Building Signal===========
{"fold": 2, "epoch": 1, "completed_batches": 1167, "model_forwards": 7002, "elapsed_seconds": 4276.419003009796}
{"fold": 2, "epoch": 2, "completed_batches": 1194, "model_forwards": 7164, "elapsed_seconds": 4374.152685642242}
{"fold": 2, "epoch": 3, "completed_batches": 1221, "model_forwards": 7326, "elapsed_seconds": 4471.804327487946}
{"fold": 2, "epoch": 4, "completed_batches": 1248, "model_forwards": 7488, "elapsed_seconds": 4569.458979845047}
{"fold": 2, "epoch": 5, "completed_batches": 1275, "model_forwards": 7650, "elapsed_seconds": 4667.097491979599}
{"fold": 2, "epoch": 6, "completed_batches": 1302, "model_forwards": 7812, "elapsed_seconds": 4764.723199129105}
{"fold": 2, "epoch": 7, "completed_batches": 1329, "model_forwards": 7974, "elapsed_seconds": 4862.650203466415}
{"fold": 2, "epoch": 8, "completed_batches": 1356, "model_forwards": 8136, "elapsed_seconds": 4960.716891527176}
{"fold": 2, "epoch": 9, "completed_batches": 1383, "model_forwards": 8298, "elapsed_seconds": 5059.187343597412}
{"fold": 2, "epoch": 10, "completed_batches": 1410, "model_forwards": 8460, "elapsed_seconds": 5157.027579545975}
{"fold": 2, "epoch": 11, "completed_batches": 1437, "model_forwards": 8622, "elapsed_seconds": 5254.681319236755}
{"fold": 2, "epoch": 12, "completed_batches": 1464, "model_forwards": 8784, "elapsed_seconds": 5352.520645856857}
{"fold": 2, "epoch": 13, "completed_batches": 1491, "model_forwards": 8946, "elapsed_seconds": 5450.2979028224945}
{"fold": 2, "epoch": 14, "completed_batches": 1518, "model_forwards": 9108, "elapsed_seconds": 5547.950573921204}
{"fold": 2, "epoch": 15, "completed_batches": 1545, "model_forwards": 9270, "elapsed_seconds": 5645.583744525909}
{"fold": 2, "epoch": 16, "completed_batches": 1572, "model_forwards": 9432, "elapsed_seconds": 5743.043241262436}
{"fold": 2, "epoch": 17, "completed_batches": 1599, "model_forwards": 9594, "elapsed_seconds": 5840.680514097214}
{"fold": 2, "epoch": 18, "completed_batches": 1626, "model_forwards": 9756, "elapsed_seconds": 5938.472875595093}
{"fold": 2, "epoch": 19, "completed_batches": 1653, "model_forwards": 9918, "elapsed_seconds": 6036.135648965836}
{"fold": 2, "epoch": 20, "completed_batches": 1680, "model_forwards": 10080, "elapsed_seconds": 6133.400057554245}
{"status": "COMPLETE_FIXED_SOURCE_STYLE_RELATION_DIAGNOSTIC_PENDING_CPU_VERIFICATION", "model_forwards": 10080, "optimizer_updates": 0}
