/data/gaob/Re-ID/conda-envs/tri_reid/lib/python3.10/site-packages/timm/models/helpers.py:7: FutureWarning: Importing from timm.models.helpers is deprecated, please import via timm.models
  warnings.warn(f"Importing from {__name__} is deprecated, please import via timm.models", FutureWarning)
/data/gaob/Re-ID/conda-envs/tri_reid/lib/python3.10/site-packages/timm/models/registry.py:4: FutureWarning: Importing from timm.models.registry is deprecated, please import via timm.models
  warnings.warn(f"Importing from {__name__} is deprecated, please import via timm.models", FutureWarning)
/data/gaob/Re-ID/conda-envs/tri_reid/lib/python3.10/site-packages/timm/models/layers/__init__.py:48: FutureWarning: Importing from timm.models.layers is deprecated, please import via timm.layers
  warnings.warn(f"Importing from {__name__} is deprecated, please import via timm.layers", FutureWarning)
建立transformer............
using Transformer_type: ViT-B-16 as a backbone
Resized position embedding: %s to %s torch.Size([197, 768]) torch.Size([129, 768])
Position embedding resize to height:8 width: 16
Successfully load ckpt!
<All keys matched successfully>
Loading pretrained model from CLIP
camera number is : 8
===========Building Signal===========
{"event": "epoch", "dataset": "RGBNT100", "epoch": 1, "steps": 130, "mean_loss": 2.489818164018484, "seconds": 92.58305843699782, "official_fused": {"mAP": 85.41758894916663, "Rank-1": 95.33527493476868, "Rank-5": 95.86005806922913, "Rank-10": 96.38484120368958}, "best_epoch": 1}
{"event": "epoch", "dataset": "RGBNT100", "epoch": 2, "steps": 131, "mean_loss": 0.8679622329828394, "seconds": 103.21330592599406, "official_fused": {"mAP": 84.60207544422154, "Rank-1": 95.86005806922913, "Rank-5": 96.55976891517639, "Rank-10": 97.02624082565308}, "best_epoch": 1}
{"event": "epoch", "dataset": "RGBNT100", "epoch": 3, "steps": 132, "mean_loss": 0.7225798255566395, "seconds": 102.54539723999915, "official_fused": {"mAP": 81.97347385351941, "Rank-1": 94.40233111381531, "Rank-5": 95.62682509422302, "Rank-10": 95.91836929321289}, "best_epoch": 1}
{"event": "epoch", "dataset": "RGBNT100", "epoch": 4, "steps": 131, "mean_loss": 0.7145370809176496, "seconds": 102.6378523089952, "official_fused": {"mAP": 81.3569696634921, "Rank-1": 93.58600378036499, "Rank-5": 94.34402585029602, "Rank-10": 94.63557004928589}, "best_epoch": 1}
{"event": "epoch", "dataset": "RGBNT100", "epoch": 5, "steps": 132, "mean_loss": 0.7106759001811346, "seconds": 100.53099840199866, "official_fused": {"mAP": 81.44875678227564, "Rank-1": 95.04373073577881, "Rank-5": 95.86005806922913, "Rank-10": 95.97667455673218}, "best_epoch": 1}
