/root/miniconda3/envs/tri_reid/lib/python3.10/site-packages/timm/models/helpers.py:7: FutureWarning: Importing from timm.models.helpers is deprecated, please import via timm.models
  warnings.warn(f"Importing from {__name__} is deprecated, please import via timm.models", FutureWarning)
/root/miniconda3/envs/tri_reid/lib/python3.10/site-packages/timm/models/registry.py:4: FutureWarning: Importing from timm.models.registry is deprecated, please import via timm.models
  warnings.warn(f"Importing from {__name__} is deprecated, please import via timm.models", FutureWarning)
/root/miniconda3/envs/tri_reid/lib/python3.10/site-packages/timm/models/layers/__init__.py:48: FutureWarning: Importing from timm.models.layers is deprecated, please import via timm.layers
  warnings.warn(f"Importing from {__name__} is deprecated, please import via timm.layers", FutureWarning)
建立transformer............
using Transformer_type: ViT-B-16 as a backbone
Resized position embedding: %s to %s torch.Size([197, 768]) torch.Size([129, 768])
Position embedding resize to height:8 width: 16
Successfully load ckpt!
<All keys matched successfully>
Loading pretrained model from CLIP
camera number is : 8
===========Building Signal===========
{"event": "instance_memory_epoch", "endpoint": "control", "fold": 0, "mode": "comparison", "epoch": 1, "optimizer_steps": 13, "learning_rate": 7.000000000000001e-05, "mean_loss": 4.000770183709951, "elapsed_seconds": 21.007836000993848}
{"event": "instance_memory_epoch", "endpoint": "control", "fold": 0, "mode": "comparison", "epoch": 2, "optimizer_steps": 13, "learning_rate": 0.00014000000000000001, "mean_loss": 3.480674523573655, "elapsed_seconds": 19.140509063377976}
{"event": "instance_memory_epoch", "endpoint": "control", "fold": 0, "mode": "comparison", "epoch": 3, "optimizer_steps": 13, "learning_rate": 0.00020999999999999998, "mean_loss": 2.7774201723245473, "elapsed_seconds": 18.65892636217177}
{"event": "instance_memory_epoch", "endpoint": "control", "fold": 0, "mode": "comparison", "epoch": 4, "optimizer_steps": 13, "learning_rate": 0.00028000000000000003, "mean_loss": 2.124092166240399, "elapsed_seconds": 18.72452196292579}
{"event": "instance_memory_epoch", "endpoint": "control", "fold": 0, "mode": "comparison", "epoch": 5, "optimizer_steps": 13, "learning_rate": 0.00035, "mean_loss": 1.6743813386330237, "elapsed_seconds": 18.515920059755445}
{"event": "instance_memory_epoch", "endpoint": "control", "fold": 0, "mode": "comparison", "epoch": 6, "optimizer_steps": 13, "learning_rate": 0.00035, "mean_loss": 1.4675433452312763, "elapsed_seconds": 59.43604191951454}
{"event": "instance_memory_epoch", "endpoint": "control", "fold": 0, "mode": "comparison", "epoch": 7, "optimizer_steps": 13, "learning_rate": 0.000346175830128416, "mean_loss": 1.4075003954080434, "elapsed_seconds": 71.17007572390139}
{"event": "instance_memory_epoch", "endpoint": "control", "fold": 0, "mode": "comparison", "epoch": 8, "optimizer_steps": 13, "learning_rate": 0.0003348704550874551, "mean_loss": 1.2881490083841176, "elapsed_seconds": 71.04790631867945}
{"event": "instance_memory_epoch", "endpoint": "control", "fold": 0, "mode": "comparison", "epoch": 9, "optimizer_steps": 13, "learning_rate": 0.0003165779740156158, "mean_loss": 1.163939865735861, "elapsed_seconds": 71.17349694296718}
{"event": "instance_memory_epoch", "endpoint": "control", "fold": 0, "mode": "comparison", "epoch": 10, "optimizer_steps": 13, "learning_rate": 0.0002920978561128002, "mean_loss": 1.1478444246145396, "elapsed_seconds": 70.87349959649146}
{"event": "instance_memory_epoch", "endpoint": "control", "fold": 0, "mode": "comparison", "epoch": 11, "optimizer_steps": 13, "learning_rate": 0.0002625, "mean_loss": 1.088846545953017, "elapsed_seconds": 71.26865989156067}
{"event": "instance_memory_epoch", "endpoint": "control", "fold": 0, "mode": "comparison", "epoch": 12, "optimizer_steps": 13, "learning_rate": 0.0002290779740156158, "mean_loss": 1.076821038356194, "elapsed_seconds": 71.08878124505281}
{"event": "instance_memory_epoch", "endpoint": "control", "fold": 0, "mode": "comparison", "epoch": 13, "optimizer_steps": 13, "learning_rate": 0.00019329248107183937, "mean_loss": 1.043280684030973, "elapsed_seconds": 71.41307087428868}
{"event": "instance_memory_epoch", "endpoint": "control", "fold": 0, "mode": "comparison", "epoch": 14, "optimizer_steps": 13, "learning_rate": 0.00015670751892816066, "mean_loss": 1.039572271016928, "elapsed_seconds": 71.16294550709426}
{"event": "instance_memory_epoch", "endpoint": "control", "fold": 0, "mode": "comparison", "epoch": 15, "optimizer_steps": 13, "learning_rate": 0.00012092202598438422, "mean_loss": 1.0228440027970533, "elapsed_seconds": 70.98889451660216}
{"event": "instance_memory_epoch", "endpoint": "control", "fold": 0, "mode": "comparison", "epoch": 16, "optimizer_steps": 13, "learning_rate": 8.750000000000004e-05, "mean_loss": 1.010684609413147, "elapsed_seconds": 70.23009587079287}
{"event": "instance_memory_epoch", "endpoint": "control", "fold": 0, "mode": "comparison", "epoch": 17, "optimizer_steps": 13, "learning_rate": 5.7902143887199866e-05, "mean_loss": 1.018723740027501, "elapsed_seconds": 70.4828034285456}
{"event": "instance_memory_epoch", "endpoint": "control", "fold": 0, "mode": "comparison", "epoch": 18, "optimizer_steps": 13, "learning_rate": 3.342202598438421e-05, "mean_loss": 0.9873280341808612, "elapsed_seconds": 71.43269679509103}
{"event": "instance_memory_epoch", "endpoint": "control", "fold": 0, "mode": "comparison", "epoch": 19, "optimizer_steps": 13, "learning_rate": 1.5129544912544829e-05, "mean_loss": 0.9697917012067941, "elapsed_seconds": 70.78333961591125}
{"event": "instance_memory_epoch", "endpoint": "control", "fold": 0, "mode": "comparison", "epoch": 20, "optimizer_steps": 13, "learning_rate": 3.824169871584004e-06, "mean_loss": 0.9751229790540842, "elapsed_seconds": 70.87349543720484}
建立transformer............
using Transformer_type: ViT-B-16 as a backbone
Resized position embedding: %s to %s torch.Size([197, 768]) torch.Size([129, 768])
Position embedding resize to height:8 width: 16
Successfully load ckpt!
<All keys matched successfully>
Loading pretrained model from CLIP
camera number is : 8
===========Building Signal===========
建立transformer............
using Transformer_type: ViT-B-16 as a backbone
Resized position embedding: %s to %s torch.Size([197, 768]) torch.Size([129, 768])
Position embedding resize to height:8 width: 16
Successfully load ckpt!
<All keys matched successfully>
Loading pretrained model from CLIP
camera number is : 8
===========Building Signal===========
{"event": "instance_memory_epoch", "endpoint": "fresh_memory", "fold": 0, "mode": "comparison", "epoch": 1, "optimizer_steps": 13, "learning_rate": 7.000000000000001e-05, "mean_loss": 4.000732513574453, "elapsed_seconds": 17.844288798049092}
{"event": "instance_memory_epoch", "endpoint": "fresh_memory", "fold": 0, "mode": "comparison", "epoch": 2, "optimizer_steps": 13, "learning_rate": 0.00014000000000000001, "mean_loss": 3.4807159900665283, "elapsed_seconds": 17.405021162703633}
{"event": "instance_memory_epoch", "endpoint": "fresh_memory", "fold": 0, "mode": "comparison", "epoch": 3, "optimizer_steps": 13, "learning_rate": 0.00020999999999999998, "mean_loss": 2.777404656777015, "elapsed_seconds": 17.44683305360377}
{"event": "instance_memory_epoch", "endpoint": "fresh_memory", "fold": 0, "mode": "comparison", "epoch": 4, "optimizer_steps": 13, "learning_rate": 0.00028000000000000003, "mean_loss": 2.1240651332415066, "elapsed_seconds": 17.67843644693494}
{"event": "instance_memory_epoch", "endpoint": "fresh_memory", "fold": 0, "mode": "comparison", "epoch": 5, "optimizer_steps": 13, "learning_rate": 0.00035, "mean_loss": 1.6746268364099355, "elapsed_seconds": 17.046646343544126}
{"event": "instance_memory_epoch", "endpoint": "fresh_memory", "fold": 0, "mode": "comparison", "epoch": 6, "optimizer_steps": 13, "learning_rate": 0.00035, "mean_loss": 1.4776753737376287, "elapsed_seconds": 58.366508008912206}
{"event": "instance_memory_epoch", "endpoint": "fresh_memory", "fold": 0, "mode": "comparison", "epoch": 7, "optimizer_steps": 13, "learning_rate": 0.000346175830128416, "mean_loss": 1.3813350659150343, "elapsed_seconds": 70.29143845103681}
{"event": "instance_memory_epoch", "endpoint": "fresh_memory", "fold": 0, "mode": "comparison", "epoch": 8, "optimizer_steps": 13, "learning_rate": 0.0003348704550874551, "mean_loss": 1.2636162959612334, "elapsed_seconds": 70.0639800876379}
{"event": "instance_memory_epoch", "endpoint": "fresh_memory", "fold": 0, "mode": "comparison", "epoch": 9, "optimizer_steps": 13, "learning_rate": 0.0003165779740156158, "mean_loss": 1.135895169698275, "elapsed_seconds": 69.84613975323737}
{"event": "instance_memory_epoch", "endpoint": "fresh_memory", "fold": 0, "mode": "comparison", "epoch": 10, "optimizer_steps": 13, "learning_rate": 0.0002920978561128002, "mean_loss": 1.1034532189369202, "elapsed_seconds": 69.76473898626864}
{"event": "instance_memory_epoch", "endpoint": "fresh_memory", "fold": 0, "mode": "comparison", "epoch": 11, "optimizer_steps": 13, "learning_rate": 0.0002625, "mean_loss": 1.0655450454125037, "elapsed_seconds": 69.87382466904819}
{"event": "instance_memory_epoch", "endpoint": "fresh_memory", "fold": 0, "mode": "comparison", "epoch": 12, "optimizer_steps": 13, "learning_rate": 0.0002290779740156158, "mean_loss": 1.0420199128297658, "elapsed_seconds": 70.6515430137515}
{"event": "instance_memory_epoch", "endpoint": "fresh_memory", "fold": 0, "mode": "comparison", "epoch": 13, "optimizer_steps": 13, "learning_rate": 0.00019329248107183937, "mean_loss": 1.0086508393287659, "elapsed_seconds": 69.84703852981329}
{"event": "instance_memory_epoch", "endpoint": "fresh_memory", "fold": 0, "mode": "comparison", "epoch": 14, "optimizer_steps": 13, "learning_rate": 0.00015670751892816066, "mean_loss": 0.9960177724178021, "elapsed_seconds": 70.21271104179323}
{"event": "instance_memory_epoch", "endpoint": "fresh_memory", "fold": 0, "mode": "comparison", "epoch": 15, "optimizer_steps": 13, "learning_rate": 0.00012092202598438422, "mean_loss": 0.9732141311352069, "elapsed_seconds": 70.14017808996141}
{"event": "instance_memory_epoch", "endpoint": "fresh_memory", "fold": 0, "mode": "comparison", "epoch": 16, "optimizer_steps": 13, "learning_rate": 8.750000000000004e-05, "mean_loss": 0.9638574902827923, "elapsed_seconds": 69.90120608732104}
{"event": "instance_memory_epoch", "endpoint": "fresh_memory", "fold": 0, "mode": "comparison", "epoch": 17, "optimizer_steps": 13, "learning_rate": 5.7902143887199866e-05, "mean_loss": 0.9658408623475295, "elapsed_seconds": 69.74137105979025}
{"event": "instance_memory_epoch", "endpoint": "fresh_memory", "fold": 0, "mode": "comparison", "epoch": 18, "optimizer_steps": 13, "learning_rate": 3.342202598438421e-05, "mean_loss": 0.9417305726271409, "elapsed_seconds": 69.94285982847214}
{"event": "instance_memory_epoch", "endpoint": "fresh_memory", "fold": 0, "mode": "comparison", "epoch": 19, "optimizer_steps": 13, "learning_rate": 1.5129544912544829e-05, "mean_loss": 0.9291595770762517, "elapsed_seconds": 69.84280868060887}
{"event": "instance_memory_epoch", "endpoint": "fresh_memory", "fold": 0, "mode": "comparison", "epoch": 20, "optimizer_steps": 13, "learning_rate": 3.824169871584004e-06, "mean_loss": 0.933739015689263, "elapsed_seconds": 69.8206382598728}
建立transformer............
using Transformer_type: ViT-B-16 as a backbone
Resized position embedding: %s to %s torch.Size([197, 768]) torch.Size([129, 768])
Position embedding resize to height:8 width: 16
Successfully load ckpt!
<All keys matched successfully>
Loading pretrained model from CLIP
camera number is : 8
===========Building Signal===========
建立transformer............
using Transformer_type: ViT-B-16 as a backbone
Resized position embedding: %s to %s torch.Size([197, 768]) torch.Size([129, 768])
Position embedding resize to height:8 width: 16
Successfully load ckpt!
<All keys matched successfully>
Loading pretrained model from CLIP
camera number is : 8
===========Building Signal===========
{"event": "instance_memory_epoch", "endpoint": "control", "fold": 1, "mode": "comparison", "epoch": 1, "optimizer_steps": 13, "learning_rate": 7.000000000000001e-05, "mean_loss": 4.0454528881953316, "elapsed_seconds": 17.172130124643445}
{"event": "instance_memory_epoch", "endpoint": "control", "fold": 1, "mode": "comparison", "epoch": 2, "optimizer_steps": 13, "learning_rate": 0.00014000000000000001, "mean_loss": 3.527712876980121, "elapsed_seconds": 16.90139285288751}
{"event": "instance_memory_epoch", "endpoint": "control", "fold": 1, "mode": "comparison", "epoch": 3, "optimizer_steps": 13, "learning_rate": 0.00020999999999999998, "mean_loss": 2.8245673913222094, "elapsed_seconds": 16.803255500271916}
{"event": "instance_memory_epoch", "endpoint": "control", "fold": 1, "mode": "comparison", "epoch": 4, "optimizer_steps": 13, "learning_rate": 0.00028000000000000003, "mean_loss": 2.201982929156377, "elapsed_seconds": 17.439302675426006}
{"event": "instance_memory_epoch", "endpoint": "control", "fold": 1, "mode": "comparison", "epoch": 5, "optimizer_steps": 13, "learning_rate": 0.00035, "mean_loss": 1.701052656540504, "elapsed_seconds": 17.352573797106743}
{"event": "instance_memory_epoch", "endpoint": "control", "fold": 1, "mode": "comparison", "epoch": 6, "optimizer_steps": 13, "learning_rate": 0.00035, "mean_loss": 1.5369746043131902, "elapsed_seconds": 58.20721116103232}
{"event": "instance_memory_epoch", "endpoint": "control", "fold": 1, "mode": "comparison", "epoch": 7, "optimizer_steps": 13, "learning_rate": 0.000346175830128416, "mean_loss": 1.4445458467190082, "elapsed_seconds": 69.93100711889565}
{"event": "instance_memory_epoch", "endpoint": "control", "fold": 1, "mode": "comparison", "epoch": 8, "optimizer_steps": 13, "learning_rate": 0.0003348704550874551, "mean_loss": 1.315864737217243, "elapsed_seconds": 70.20158556848764}
{"event": "instance_memory_epoch", "endpoint": "control", "fold": 1, "mode": "comparison", "epoch": 9, "optimizer_steps": 13, "learning_rate": 0.0003165779740156158, "mean_loss": 1.2565480837455163, "elapsed_seconds": 70.02608643658459}
{"event": "instance_memory_epoch", "endpoint": "control", "fold": 1, "mode": "comparison", "epoch": 10, "optimizer_steps": 13, "learning_rate": 0.0002920978561128002, "mean_loss": 1.1745062791384184, "elapsed_seconds": 70.10113359242678}
{"event": "instance_memory_epoch", "endpoint": "control", "fold": 1, "mode": "comparison", "epoch": 11, "optimizer_steps": 13, "learning_rate": 0.0002625, "mean_loss": 1.1522653836470385, "elapsed_seconds": 69.81655326113105}
{"event": "instance_memory_epoch", "endpoint": "control", "fold": 1, "mode": "comparison", "epoch": 12, "optimizer_steps": 13, "learning_rate": 0.0002290779740156158, "mean_loss": 1.1297689171937795, "elapsed_seconds": 69.69261051528156}
{"event": "instance_memory_epoch", "endpoint": "control", "fold": 1, "mode": "comparison", "epoch": 13, "optimizer_steps": 13, "learning_rate": 0.00019329248107183937, "mean_loss": 1.0956235436292796, "elapsed_seconds": 70.11246345378458}
{"event": "instance_memory_epoch", "endpoint": "control", "fold": 1, "mode": "comparison", "epoch": 14, "optimizer_steps": 13, "learning_rate": 0.00015670751892816066, "mean_loss": 1.0632267686036916, "elapsed_seconds": 69.84726274013519}
{"event": "instance_memory_epoch", "endpoint": "control", "fold": 1, "mode": "comparison", "epoch": 15, "optimizer_steps": 13, "learning_rate": 0.00012092202598438422, "mean_loss": 1.0778360412671015, "elapsed_seconds": 70.13853753171861}
{"event": "instance_memory_epoch", "endpoint": "control", "fold": 1, "mode": "comparison", "epoch": 16, "optimizer_steps": 13, "learning_rate": 8.750000000000004e-05, "mean_loss": 1.0760598411926856, "elapsed_seconds": 70.20453131571412}
{"event": "instance_memory_epoch", "endpoint": "control", "fold": 1, "mode": "comparison", "epoch": 17, "optimizer_steps": 13, "learning_rate": 5.7902143887199866e-05, "mean_loss": 1.0319755673408508, "elapsed_seconds": 70.20418423600495}
{"event": "instance_memory_epoch", "endpoint": "control", "fold": 1, "mode": "comparison", "epoch": 18, "optimizer_steps": 13, "learning_rate": 3.342202598438421e-05, "mean_loss": 1.0252374273080092, "elapsed_seconds": 69.89301633276045}
{"event": "instance_memory_epoch", "endpoint": "control", "fold": 1, "mode": "comparison", "epoch": 19, "optimizer_steps": 13, "learning_rate": 1.5129544912544829e-05, "mean_loss": 1.0186873215895433, "elapsed_seconds": 69.98905673250556}
{"event": "instance_memory_epoch", "endpoint": "control", "fold": 1, "mode": "comparison", "epoch": 20, "optimizer_steps": 13, "learning_rate": 3.824169871584004e-06, "mean_loss": 1.021500330704909, "elapsed_seconds": 69.65097719617188}
建立transformer............
using Transformer_type: ViT-B-16 as a backbone
Resized position embedding: %s to %s torch.Size([197, 768]) torch.Size([129, 768])
Position embedding resize to height:8 width: 16
Successfully load ckpt!
<All keys matched successfully>
Loading pretrained model from CLIP
camera number is : 8
===========Building Signal===========
建立transformer............
using Transformer_type: ViT-B-16 as a backbone
Resized position embedding: %s to %s torch.Size([197, 768]) torch.Size([129, 768])
Position embedding resize to height:8 width: 16
Successfully load ckpt!
<All keys matched successfully>
Loading pretrained model from CLIP
camera number is : 8
===========Building Signal===========
{"event": "instance_memory_epoch", "endpoint": "fresh_memory", "fold": 1, "mode": "comparison", "epoch": 1, "optimizer_steps": 13, "learning_rate": 7.000000000000001e-05, "mean_loss": 4.045395300938533, "elapsed_seconds": 17.466206680983305}
{"event": "instance_memory_epoch", "endpoint": "fresh_memory", "fold": 1, "mode": "comparison", "epoch": 2, "optimizer_steps": 13, "learning_rate": 0.00014000000000000001, "mean_loss": 3.527617729627169, "elapsed_seconds": 17.576139675453305}
{"event": "instance_memory_epoch", "endpoint": "fresh_memory", "fold": 1, "mode": "comparison", "epoch": 3, "optimizer_steps": 13, "learning_rate": 0.00020999999999999998, "mean_loss": 2.824560183745164, "elapsed_seconds": 17.088352289050817}
{"event": "instance_memory_epoch", "endpoint": "fresh_memory", "fold": 1, "mode": "comparison", "epoch": 4, "optimizer_steps": 13, "learning_rate": 0.00028000000000000003, "mean_loss": 2.202042194513174, "elapsed_seconds": 17.02664067596197}
{"event": "instance_memory_epoch", "endpoint": "fresh_memory", "fold": 1, "mode": "comparison", "epoch": 5, "optimizer_steps": 13, "learning_rate": 0.00035, "mean_loss": 1.700707848255451, "elapsed_seconds": 16.88801078312099}
{"event": "instance_memory_epoch", "endpoint": "fresh_memory", "fold": 1, "mode": "comparison", "epoch": 6, "optimizer_steps": 13, "learning_rate": 0.00035, "mean_loss": 1.5652827116159291, "elapsed_seconds": 58.486883563920856}
{"event": "instance_memory_epoch", "endpoint": "fresh_memory", "fold": 1, "mode": "comparison", "epoch": 7, "optimizer_steps": 13, "learning_rate": 0.000346175830128416, "mean_loss": 1.4394581226202159, "elapsed_seconds": 70.7016749419272}
{"event": "instance_memory_epoch", "endpoint": "fresh_memory", "fold": 1, "mode": "comparison", "epoch": 8, "optimizer_steps": 13, "learning_rate": 0.0003348704550874551, "mean_loss": 1.2731922406416674, "elapsed_seconds": 70.47719739563763}
{"event": "instance_memory_epoch", "endpoint": "fresh_memory", "fold": 1, "mode": "comparison", "epoch": 9, "optimizer_steps": 13, "learning_rate": 0.0003165779740156158, "mean_loss": 1.2076366314521203, "elapsed_seconds": 70.72474041208625}
{"event": "instance_memory_epoch", "endpoint": "fresh_memory", "fold": 1, "mode": "comparison", "epoch": 10, "optimizer_steps": 13, "learning_rate": 0.0002920978561128002, "mean_loss": 1.1306424416028535, "elapsed_seconds": 70.27422693744302}
{"event": "instance_memory_epoch", "endpoint": "fresh_memory", "fold": 1, "mode": "comparison", "epoch": 11, "optimizer_steps": 13, "learning_rate": 0.0002625, "mean_loss": 1.1127542303158686, "elapsed_seconds": 70.21462384238839}
{"event": "instance_memory_epoch", "endpoint": "fresh_memory", "fold": 1, "mode": "comparison", "epoch": 12, "optimizer_steps": 13, "learning_rate": 0.0002290779740156158, "mean_loss": 1.084246351168706, "elapsed_seconds": 70.18967617675662}
{"event": "instance_memory_epoch", "endpoint": "fresh_memory", "fold": 1, "mode": "comparison", "epoch": 13, "optimizer_steps": 13, "learning_rate": 0.00019329248107183937, "mean_loss": 1.0484886903029222, "elapsed_seconds": 70.17720784805715}
{"event": "instance_memory_epoch", "endpoint": "fresh_memory", "fold": 1, "mode": "comparison", "epoch": 14, "optimizer_steps": 13, "learning_rate": 0.00015670751892816066, "mean_loss": 1.0148326662870555, "elapsed_seconds": 70.14300444722176}
{"event": "instance_memory_epoch", "endpoint": "fresh_memory", "fold": 1, "mode": "comparison", "epoch": 15, "optimizer_steps": 13, "learning_rate": 0.00012092202598438422, "mean_loss": 1.016445279121399, "elapsed_seconds": 70.54945043101907}
{"event": "instance_memory_epoch", "endpoint": "fresh_memory", "fold": 1, "mode": "comparison", "epoch": 16, "optimizer_steps": 13, "learning_rate": 8.750000000000004e-05, "mean_loss": 1.017838024176084, "elapsed_seconds": 70.4468471314758}
{"event": "instance_memory_epoch", "endpoint": "fresh_memory", "fold": 1, "mode": "comparison", "epoch": 17, "optimizer_steps": 13, "learning_rate": 5.7902143887199866e-05, "mean_loss": 0.9790496734472421, "elapsed_seconds": 70.1302769947797}
{"event": "instance_memory_epoch", "endpoint": "fresh_memory", "fold": 1, "mode": "comparison", "epoch": 18, "optimizer_steps": 13, "learning_rate": 3.342202598438421e-05, "mean_loss": 0.9706034476940448, "elapsed_seconds": 69.4845304787159}
{"event": "instance_memory_epoch", "endpoint": "fresh_memory", "fold": 1, "mode": "comparison", "epoch": 19, "optimizer_steps": 13, "learning_rate": 1.5129544912544829e-05, "mean_loss": 0.9725226576511676, "elapsed_seconds": 70.27764897979796}
{"event": "instance_memory_epoch", "endpoint": "fresh_memory", "fold": 1, "mode": "comparison", "epoch": 20, "optimizer_steps": 13, "learning_rate": 3.824169871584004e-06, "mean_loss": 0.9770303001770606, "elapsed_seconds": 69.99772195145488}
建立transformer............
using Transformer_type: ViT-B-16 as a backbone
Resized position embedding: %s to %s torch.Size([197, 768]) torch.Size([129, 768])
Position embedding resize to height:8 width: 16
Successfully load ckpt!
<All keys matched successfully>
Loading pretrained model from CLIP
camera number is : 8
===========Building Signal===========
建立transformer............
using Transformer_type: ViT-B-16 as a backbone
Resized position embedding: %s to %s torch.Size([197, 768]) torch.Size([129, 768])
Position embedding resize to height:8 width: 16
Successfully load ckpt!
<All keys matched successfully>
Loading pretrained model from CLIP
camera number is : 8
===========Building Signal===========
{"event": "instance_memory_epoch", "endpoint": "control", "fold": 2, "mode": "comparison", "epoch": 1, "optimizer_steps": 13, "learning_rate": 7.000000000000001e-05, "mean_loss": 4.056939821976882, "elapsed_seconds": 17.776696659624577}
{"event": "instance_memory_epoch", "endpoint": "control", "fold": 2, "mode": "comparison", "epoch": 2, "optimizer_steps": 13, "learning_rate": 0.00014000000000000001, "mean_loss": 3.553437122931847, "elapsed_seconds": 16.8466327637434}
{"event": "instance_memory_epoch", "endpoint": "control", "fold": 2, "mode": "comparison", "epoch": 3, "optimizer_steps": 13, "learning_rate": 0.00020999999999999998, "mean_loss": 2.840924758177537, "elapsed_seconds": 17.205452408641577}
{"event": "instance_memory_epoch", "endpoint": "control", "fold": 2, "mode": "comparison", "epoch": 4, "optimizer_steps": 13, "learning_rate": 0.00028000000000000003, "mean_loss": 2.1102042198181152, "elapsed_seconds": 17.20782647654414}
{"event": "instance_memory_epoch", "endpoint": "control", "fold": 2, "mode": "comparison", "epoch": 5, "optimizer_steps": 13, "learning_rate": 0.00035, "mean_loss": 1.7404835132452159, "elapsed_seconds": 16.99650727584958}
{"event": "instance_memory_epoch", "endpoint": "control", "fold": 2, "mode": "comparison", "epoch": 6, "optimizer_steps": 13, "learning_rate": 0.00035, "mean_loss": 1.53656293795659, "elapsed_seconds": 58.149169109761715}
{"event": "instance_memory_epoch", "endpoint": "control", "fold": 2, "mode": "comparison", "epoch": 7, "optimizer_steps": 13, "learning_rate": 0.000346175830128416, "mean_loss": 1.4427988254106963, "elapsed_seconds": 69.83399478532374}
{"event": "instance_memory_epoch", "endpoint": "control", "fold": 2, "mode": "comparison", "epoch": 8, "optimizer_steps": 13, "learning_rate": 0.0003348704550874551, "mean_loss": 1.316526174545288, "elapsed_seconds": 69.83412560075521}
{"event": "instance_memory_epoch", "endpoint": "control", "fold": 2, "mode": "comparison", "epoch": 9, "optimizer_steps": 13, "learning_rate": 0.0003165779740156158, "mean_loss": 1.2366820390407856, "elapsed_seconds": 69.34829293750226}
{"event": "instance_memory_epoch", "endpoint": "control", "fold": 2, "mode": "comparison", "epoch": 10, "optimizer_steps": 13, "learning_rate": 0.0002920978561128002, "mean_loss": 1.17393854031196, "elapsed_seconds": 69.89707045257092}
{"event": "instance_memory_epoch", "endpoint": "control", "fold": 2, "mode": "comparison", "epoch": 11, "optimizer_steps": 13, "learning_rate": 0.0002625, "mean_loss": 1.1332325889514043, "elapsed_seconds": 69.74995600618422}
{"event": "instance_memory_epoch", "endpoint": "control", "fold": 2, "mode": "comparison", "epoch": 12, "optimizer_steps": 13, "learning_rate": 0.0002290779740156158, "mean_loss": 1.064447705562298, "elapsed_seconds": 69.89596791937947}
{"event": "instance_memory_epoch", "endpoint": "control", "fold": 2, "mode": "comparison", "epoch": 13, "optimizer_steps": 13, "learning_rate": 0.00019329248107183937, "mean_loss": 1.0577956346365123, "elapsed_seconds": 69.8730630427599}
{"event": "instance_memory_epoch", "endpoint": "control", "fold": 2, "mode": "comparison", "epoch": 14, "optimizer_steps": 13, "learning_rate": 0.00015670751892816066, "mean_loss": 1.0928862140728877, "elapsed_seconds": 70.00797551684082}
{"event": "instance_memory_epoch", "endpoint": "control", "fold": 2, "mode": "comparison", "epoch": 15, "optimizer_steps": 13, "learning_rate": 0.00012092202598438422, "mean_loss": 1.0664702608035161, "elapsed_seconds": 70.02583381533623}
{"event": "instance_memory_epoch", "endpoint": "control", "fold": 2, "mode": "comparison", "epoch": 16, "optimizer_steps": 13, "learning_rate": 8.750000000000004e-05, "mean_loss": 1.0260506776662974, "elapsed_seconds": 70.02266966365278}
{"event": "instance_memory_epoch", "endpoint": "control", "fold": 2, "mode": "comparison", "epoch": 17, "optimizer_steps": 13, "learning_rate": 5.7902143887199866e-05, "mean_loss": 1.0094555432979877, "elapsed_seconds": 69.92541833221912}
{"event": "instance_memory_epoch", "endpoint": "control", "fold": 2, "mode": "comparison", "epoch": 18, "optimizer_steps": 13, "learning_rate": 3.342202598438421e-05, "mean_loss": 1.0059545636177063, "elapsed_seconds": 70.05287590436637}
{"event": "instance_memory_epoch", "endpoint": "control", "fold": 2, "mode": "comparison", "epoch": 19, "optimizer_steps": 13, "learning_rate": 1.5129544912544829e-05, "mean_loss": 0.9952015509972205, "elapsed_seconds": 69.79096011258662}
{"event": "instance_memory_epoch", "endpoint": "control", "fold": 2, "mode": "comparison", "epoch": 20, "optimizer_steps": 13, "learning_rate": 3.824169871584004e-06, "mean_loss": 0.985453555217156, "elapsed_seconds": 69.90069454722106}
建立transformer............
using Transformer_type: ViT-B-16 as a backbone
Resized position embedding: %s to %s torch.Size([197, 768]) torch.Size([129, 768])
Position embedding resize to height:8 width: 16
Successfully load ckpt!
<All keys matched successfully>
Loading pretrained model from CLIP
camera number is : 8
===========Building Signal===========
建立transformer............
using Transformer_type: ViT-B-16 as a backbone
Resized position embedding: %s to %s torch.Size([197, 768]) torch.Size([129, 768])
Position embedding resize to height:8 width: 16
Successfully load ckpt!
<All keys matched successfully>
Loading pretrained model from CLIP
camera number is : 8
===========Building Signal===========
{"event": "instance_memory_epoch", "endpoint": "fresh_memory", "fold": 2, "mode": "comparison", "epoch": 1, "optimizer_steps": 13, "learning_rate": 7.000000000000001e-05, "mean_loss": 4.056986827116746, "elapsed_seconds": 17.91040537133813}
{"event": "instance_memory_epoch", "endpoint": "fresh_memory", "fold": 2, "mode": "comparison", "epoch": 2, "optimizer_steps": 13, "learning_rate": 0.00014000000000000001, "mean_loss": 3.553497919669518, "elapsed_seconds": 16.95782596245408}
{"event": "instance_memory_epoch", "endpoint": "fresh_memory", "fold": 2, "mode": "comparison", "epoch": 3, "optimizer_steps": 13, "learning_rate": 0.00020999999999999998, "mean_loss": 2.8409936061272254, "elapsed_seconds": 17.027174102142453}
{"event": "instance_memory_epoch", "endpoint": "fresh_memory", "fold": 2, "mode": "comparison", "epoch": 4, "optimizer_steps": 13, "learning_rate": 0.00028000000000000003, "mean_loss": 2.110090182377742, "elapsed_seconds": 17.17196405865252}
{"event": "instance_memory_epoch", "endpoint": "fresh_memory", "fold": 2, "mode": "comparison", "epoch": 5, "optimizer_steps": 13, "learning_rate": 0.00035, "mean_loss": 1.7407480569986196, "elapsed_seconds": 17.043464731425047}
{"event": "instance_memory_epoch", "endpoint": "fresh_memory", "fold": 2, "mode": "comparison", "epoch": 6, "optimizer_steps": 13, "learning_rate": 0.00035, "mean_loss": 1.5521655907997718, "elapsed_seconds": 58.36988822929561}
{"event": "instance_memory_epoch", "endpoint": "fresh_memory", "fold": 2, "mode": "comparison", "epoch": 7, "optimizer_steps": 13, "learning_rate": 0.000346175830128416, "mean_loss": 1.4207046673848078, "elapsed_seconds": 69.53172640874982}
{"event": "instance_memory_epoch", "endpoint": "fresh_memory", "fold": 2, "mode": "comparison", "epoch": 8, "optimizer_steps": 13, "learning_rate": 0.0003348704550874551, "mean_loss": 1.2780550810006948, "elapsed_seconds": 69.47184461914003}
{"event": "instance_memory_epoch", "endpoint": "fresh_memory", "fold": 2, "mode": "comparison", "epoch": 9, "optimizer_steps": 13, "learning_rate": 0.0003165779740156158, "mean_loss": 1.1965065552638128, "elapsed_seconds": 69.45473619177938}
{"event": "instance_memory_epoch", "endpoint": "fresh_memory", "fold": 2, "mode": "comparison", "epoch": 10, "optimizer_steps": 13, "learning_rate": 0.0002920978561128002, "mean_loss": 1.1352130954082196, "elapsed_seconds": 70.0479357354343}
{"event": "instance_memory_epoch", "endpoint": "fresh_memory", "fold": 2, "mode": "comparison", "epoch": 11, "optimizer_steps": 13, "learning_rate": 0.0002625, "mean_loss": 1.0928907898756175, "elapsed_seconds": 70.3132752738893}
{"event": "instance_memory_epoch", "endpoint": "fresh_memory", "fold": 2, "mode": "comparison", "epoch": 12, "optimizer_steps": 13, "learning_rate": 0.0002290779740156158, "mean_loss": 1.0408285168501048, "elapsed_seconds": 70.48545655608177}
{"event": "instance_memory_epoch", "endpoint": "fresh_memory", "fold": 2, "mode": "comparison", "epoch": 13, "optimizer_steps": 13, "learning_rate": 0.00019329248107183937, "mean_loss": 1.0120130273012014, "elapsed_seconds": 70.31632271409035}
{"event": "instance_memory_epoch", "endpoint": "fresh_memory", "fold": 2, "mode": "comparison", "epoch": 14, "optimizer_steps": 13, "learning_rate": 0.00015670751892816066, "mean_loss": 1.0369161596665015, "elapsed_seconds": 70.35113559290767}
{"event": "instance_memory_epoch", "endpoint": "fresh_memory", "fold": 2, "mode": "comparison", "epoch": 15, "optimizer_steps": 13, "learning_rate": 0.00012092202598438422, "mean_loss": 1.010051782314594, "elapsed_seconds": 69.89049741625786}
{"event": "instance_memory_epoch", "endpoint": "fresh_memory", "fold": 2, "mode": "comparison", "epoch": 16, "optimizer_steps": 13, "learning_rate": 8.750000000000004e-05, "mean_loss": 0.9678228451655462, "elapsed_seconds": 70.1030708104372}
{"event": "instance_memory_epoch", "endpoint": "fresh_memory", "fold": 2, "mode": "comparison", "epoch": 17, "optimizer_steps": 13, "learning_rate": 5.7902143887199866e-05, "mean_loss": 0.9615815052619348, "elapsed_seconds": 70.17037839442492}
{"event": "instance_memory_epoch", "endpoint": "fresh_memory", "fold": 2, "mode": "comparison", "epoch": 18, "optimizer_steps": 13, "learning_rate": 3.342202598438421e-05, "mean_loss": 0.9636060274564303, "elapsed_seconds": 70.35256526619196}
{"event": "instance_memory_epoch", "endpoint": "fresh_memory", "fold": 2, "mode": "comparison", "epoch": 19, "optimizer_steps": 13, "learning_rate": 1.5129544912544829e-05, "mean_loss": 0.9558091530433068, "elapsed_seconds": 69.7881200760603}
{"event": "instance_memory_epoch", "endpoint": "fresh_memory", "fold": 2, "mode": "comparison", "epoch": 20, "optimizer_steps": 13, "learning_rate": 3.824169871584004e-06, "mean_loss": 0.9507429232964149, "elapsed_seconds": 70.21129755489528}
建立transformer............
using Transformer_type: ViT-B-16 as a backbone
Resized position embedding: %s to %s torch.Size([197, 768]) torch.Size([129, 768])
Position embedding resize to height:8 width: 16
Successfully load ckpt!
<All keys matched successfully>
Loading pretrained model from CLIP
camera number is : 8
===========Building Signal===========
