/data/gaob/Re-ID/conda-envs/tri_reid/lib/python3.10/site-packages/timm/models/helpers.py:7: FutureWarning: Importing from timm.models.helpers is deprecated, please import via timm.models
  warnings.warn(f"Importing from {__name__} is deprecated, please import via timm.models", FutureWarning)
/data/gaob/Re-ID/conda-envs/tri_reid/lib/python3.10/site-packages/timm/models/registry.py:4: FutureWarning: Importing from timm.models.registry is deprecated, please import via timm.models
  warnings.warn(f"Importing from {__name__} is deprecated, please import via timm.models", FutureWarning)
/data/gaob/Re-ID/conda-envs/tri_reid/lib/python3.10/site-packages/timm/models/layers/__init__.py:48: FutureWarning: Importing from timm.models.layers is deprecated, please import via timm.layers
  warnings.warn(f"Importing from {__name__} is deprecated, please import via timm.layers", FutureWarning)
建立transformer............
using Transformer_type: ViT-B-16 as a backbone
Resized position embedding: %s to %s torch.Size([197, 768]) torch.Size([129, 768])
Position embedding resize to height:8 width: 16
Successfully load ckpt!
<All keys matched successfully>
Loading pretrained model from CLIP
camera number is : 8
===========Building Signal===========
using soft triplet loss for training
label smooth on, numclasses: 50
{"event": "epoch", "dataset": "RGBNT100", "recipe": "semantic", "epoch": 1, "steps": 62, "mean_loss": 10.997811194389097, "seconds": 66.43636445200536, "official_fused": {"mAP": 58.49972194935834, "Rank-1": 83.79008769989014, "Rank-5": 85.1311981678009, "Rank-10": 86.23906970024109}}
{"event": "epoch", "dataset": "RGBNT100", "recipe": "semantic", "epoch": 2, "steps": 62, "mean_loss": 8.567189247377458, "seconds": 64.65975674998481, "official_fused": {"mAP": 69.6310414338601, "Rank-1": 86.88046932220459, "Rank-5": 88.04664611816406, "Rank-10": 88.86297345161438}}
{"event": "epoch", "dataset": "RGBNT100", "recipe": "semantic", "epoch": 3, "steps": 63, "mean_loss": 5.26497172930884, "seconds": 67.96752623602515, "official_fused": {"mAP": 77.03573268587428, "Rank-1": 92.8862988948822, "Rank-5": 93.81924271583557, "Rank-10": 94.40233111381531}}
{"event": "epoch", "dataset": "RGBNT100", "recipe": "semantic", "epoch": 4, "steps": 61, "mean_loss": 2.653201228282491, "seconds": 64.82511747599347, "official_fused": {"mAP": 81.85271094047577, "Rank-1": 95.91836929321289, "Rank-5": 96.44314646720886, "Rank-10": 96.73469662666321}}
{"event": "epoch", "dataset": "RGBNT100", "recipe": "semantic", "epoch": 5, "steps": 63, "mean_loss": 1.6758618562940568, "seconds": 66.30706575099612, "official_fused": {"mAP": 84.09030506924212, "Rank-1": 95.86005806922913, "Rank-5": 96.61807417869568, "Rank-10": 97.20116853713989}}
{"event": "epoch", "dataset": "RGBNT100", "recipe": "semantic", "epoch": 6, "steps": 63, "mean_loss": 1.4206190676916213, "seconds": 65.45526644197525, "official_fused": {"mAP": 82.03439021388118, "Rank-1": 95.33527493476868, "Rank-5": 96.67638540267944, "Rank-10": 97.02624082565308}}
{"event": "epoch", "dataset": "RGBNT100", "recipe": "semantic", "epoch": 7, "steps": 62, "mean_loss": 1.3048161268234253, "seconds": 64.4521199039882, "official_fused": {"mAP": 83.07251676352709, "Rank-1": 96.73469662666321, "Rank-5": 97.02624082565308, "Rank-10": 97.49271273612976}}
{"event": "epoch", "dataset": "RGBNT100", "recipe": "semantic", "epoch": 8, "steps": 63, "mean_loss": 1.2406183765048073, "seconds": 65.5808651940315, "official_fused": {"mAP": 82.96301363163381, "Rank-1": 97.14285731315613, "Rank-5": 97.8425681591034, "Rank-10": 98.0758011341095}}
{"event": "epoch", "dataset": "RGBNT100", "recipe": "semantic", "epoch": 9, "steps": 63, "mean_loss": 1.2049341201782227, "seconds": 65.38827290997142, "official_fused": {"mAP": 83.02189743824586, "Rank-1": 96.0932970046997, "Rank-5": 96.61807417869568, "Rank-10": 97.14285731315613}}
{"event": "epoch", "dataset": "RGBNT100", "recipe": "semantic", "epoch": 10, "steps": 62, "mean_loss": 1.1787588192570595, "seconds": 64.19786773098167, "official_fused": {"mAP": 82.55061994254007, "Rank-1": 96.50145769119263, "Rank-5": 97.55101799964905, "Rank-10": 97.78425693511963}}
{"event": "epoch", "dataset": "RGBNT100", "recipe": "semantic", "epoch": 11, "steps": 63, "mean_loss": 1.1650548473237052, "seconds": 65.82703363796463, "official_fused": {"mAP": 82.74928357570579, "Rank-1": 96.61807417869568, "Rank-5": 97.434401512146, "Rank-10": 98.19241762161255}}
{"event": "epoch", "dataset": "RGBNT100", "recipe": "semantic", "epoch": 12, "steps": 63, "mean_loss": 1.1530447327901447, "seconds": 65.23828633700032, "official_fused": {"mAP": 82.47880811231809, "Rank-1": 96.44314646720886, "Rank-5": 97.434401512146, "Rank-10": 97.95918464660645}}
{"event": "epoch", "dataset": "RGBNT100", "recipe": "semantic", "epoch": 13, "steps": 63, "mean_loss": 1.1477421673517378, "seconds": 65.53973402798874, "official_fused": {"mAP": 82.3667873264382, "Rank-1": 96.50145769119263, "Rank-5": 97.08454608917236, "Rank-10": 97.8425681591034}}
{"event": "epoch", "dataset": "RGBNT100", "recipe": "semantic", "epoch": 14, "steps": 63, "mean_loss": 1.1428697449820382, "seconds": 65.56187388097169, "official_fused": {"mAP": 82.94642086939076, "Rank-1": 96.50145769119263, "Rank-5": 97.25947380065918, "Rank-10": 97.72594571113586}}
{"event": "epoch", "dataset": "RGBNT100", "recipe": "semantic", "epoch": 15, "steps": 63, "mean_loss": 1.1356026653259519, "seconds": 65.2383016020176, "official_fused": {"mAP": 82.28754857443805, "Rank-1": 95.21865844726562, "Rank-5": 96.32652997970581, "Rank-10": 96.96792960166931}}
{"event": "epoch", "dataset": "RGBNT100", "recipe": "semantic", "epoch": 16, "steps": 63, "mean_loss": 1.126201347699241, "seconds": 64.84037003200501, "official_fused": {"mAP": 82.29351139320104, "Rank-1": 95.4518973827362, "Rank-5": 96.61807417869568, "Rank-10": 97.20116853713989}}
{"event": "epoch", "dataset": "RGBNT100", "recipe": "semantic", "epoch": 17, "steps": 62, "mean_loss": 1.1175811617605147, "seconds": 66.53368109004805, "official_fused": {"mAP": 82.31745792049317, "Rank-1": 95.80174684524536, "Rank-5": 96.7930018901825, "Rank-10": 97.14285731315613}}
{"event": "epoch", "dataset": "RGBNT100", "recipe": "semantic", "epoch": 18, "steps": 62, "mean_loss": 1.1142770051956177, "seconds": 65.85169781197328, "official_fused": {"mAP": 82.61671700209085, "Rank-1": 96.03498578071594, "Rank-5": 97.20116853713989, "Rank-10": 97.60932922363281}}
{"event": "epoch", "dataset": "RGBNT100", "recipe": "semantic", "epoch": 19, "steps": 63, "mean_loss": 1.109634276420351, "seconds": 66.3625403920305, "official_fused": {"mAP": 82.0307437357671, "Rank-1": 95.74344158172607, "Rank-5": 96.7930018901825, "Rank-10": 97.25947380065918}}
{"event": "epoch", "dataset": "RGBNT100", "recipe": "semantic", "epoch": 20, "steps": 62, "mean_loss": 1.10635845891891, "seconds": 67.20159249700373, "official_fused": {"mAP": 81.83768284562188, "Rank-1": 95.86005806922913, "Rank-5": 96.90961837768555, "Rank-10": 97.31778502464294}}
{"event": "epoch", "dataset": "RGBNT100", "recipe": "semantic", "epoch": 21, "steps": 63, "mean_loss": 1.1016910284284562, "seconds": 68.14380850299494, "official_fused": {"mAP": 82.6083388573263, "Rank-1": 96.03498578071594, "Rank-5": 96.90961837768555, "Rank-10": 97.14285731315613}}
{"event": "epoch", "dataset": "RGBNT100", "recipe": "semantic", "epoch": 22, "steps": 63, "mean_loss": 1.1046567095650568, "seconds": 67.31563861499308, "official_fused": {"mAP": 82.29987726606204, "Rank-1": 96.44314646720886, "Rank-5": 97.02624082565308, "Rank-10": 97.78425693511963}}
{"event": "epoch", "dataset": "RGBNT100", "recipe": "semantic", "epoch": 23, "steps": 63, "mean_loss": 1.0957087164833432, "seconds": 66.28973838797538, "official_fused": {"mAP": 82.18308977299533, "Rank-1": 95.86005806922913, "Rank-5": 96.55976891517639, "Rank-10": 96.90961837768555}}
{"event": "epoch", "dataset": "RGBNT100", "recipe": "semantic", "epoch": 24, "steps": 63, "mean_loss": 1.0932922041605388, "seconds": 66.1246778020286, "official_fused": {"mAP": 82.51547267206065, "Rank-1": 95.27696967124939, "Rank-5": 96.44314646720886, "Rank-10": 96.73469662666321}}
{"event": "epoch", "dataset": "RGBNT100", "recipe": "semantic", "epoch": 25, "steps": 63, "mean_loss": 1.0921173530911643, "seconds": 66.35586507903645, "official_fused": {"mAP": 82.7364560114999, "Rank-1": 96.38484120368958, "Rank-5": 97.08454608917236, "Rank-10": 97.72594571113586}}
{"event": "epoch", "dataset": "RGBNT100", "recipe": "semantic", "epoch": 26, "steps": 63, "mean_loss": 1.09220714606936, "seconds": 65.9065831110347, "official_fused": {"mAP": 83.35231775549283, "Rank-1": 96.03498578071594, "Rank-5": 96.96792960166931, "Rank-10": 97.37609624862671}}
{"event": "epoch", "dataset": "RGBNT100", "recipe": "semantic", "epoch": 27, "steps": 63, "mean_loss": 1.0900546217721605, "seconds": 64.91885957703926, "official_fused": {"mAP": 82.84828665593153, "Rank-1": 96.03498578071594, "Rank-5": 96.7930018901825, "Rank-10": 97.434401512146}}
{"event": "epoch", "dataset": "RGBNT100", "recipe": "semantic", "epoch": 28, "steps": 62, "mean_loss": 1.088086812726913, "seconds": 64.98095126298722, "official_fused": {"mAP": 82.85583044728162, "Rank-1": 95.91836929321289, "Rank-5": 96.61807417869568, "Rank-10": 96.7930018901825}}
{"event": "epoch", "dataset": "RGBNT100", "recipe": "semantic", "epoch": 29, "steps": 63, "mean_loss": 1.0877966029303414, "seconds": 65.81760463502724, "official_fused": {"mAP": 82.63112855700692, "Rank-1": 95.68513035774231, "Rank-5": 96.32652997970581, "Rank-10": 96.73469662666321}}
{"event": "epoch", "dataset": "RGBNT100", "recipe": "semantic", "epoch": 30, "steps": 62, "mean_loss": 1.084985254272338, "seconds": 64.14305460901232, "official_fused": {"mAP": 82.60445748311305, "Rank-1": 95.62682509422302, "Rank-5": 96.20991349220276, "Rank-10": 96.90961837768555}}
{"event": "epoch", "dataset": "RGBNT100", "recipe": "semantic", "epoch": 31, "steps": 62, "mean_loss": 1.084970514620504, "seconds": 64.75529106805334, "official_fused": {"mAP": 81.89184471646658, "Rank-1": 95.21865844726562, "Rank-5": 95.86005806922913, "Rank-10": 96.151602268219}}
{"event": "epoch", "dataset": "RGBNT100", "recipe": "semantic", "epoch": 32, "steps": 62, "mean_loss": 1.0836622253541024, "seconds": 64.65850422397489, "official_fused": {"mAP": 82.2825088382113, "Rank-1": 95.68513035774231, "Rank-5": 96.26821875572205, "Rank-10": 96.50145769119263}}
{"event": "epoch", "dataset": "RGBNT100", "recipe": "semantic", "epoch": 33, "steps": 63, "mean_loss": 1.0817933290723771, "seconds": 65.53045236197067, "official_fused": {"mAP": 82.62570297328516, "Rank-1": 95.97667455673218, "Rank-5": 96.61807417869568, "Rank-10": 97.02624082565308}}
{"event": "epoch", "dataset": "RGBNT100", "recipe": "semantic", "epoch": 34, "steps": 62, "mean_loss": 1.0813995042154867, "seconds": 64.84986745199421, "official_fused": {"mAP": 82.18443459392782, "Rank-1": 95.80174684524536, "Rank-5": 96.61807417869568, "Rank-10": 96.96792960166931}}
{"event": "epoch", "dataset": "RGBNT100", "recipe": "semantic", "epoch": 35, "steps": 63, "mean_loss": 1.0813418683551608, "seconds": 65.570051548013, "official_fused": {"mAP": 82.43820112054205, "Rank-1": 95.80174684524536, "Rank-5": 96.85131311416626, "Rank-10": 97.20116853713989}}
{"event": "epoch", "dataset": "RGBNT100", "recipe": "semantic", "epoch": 36, "steps": 62, "mean_loss": 1.0847181062544546, "seconds": 64.44234099803725, "official_fused": {"mAP": 82.41830759422271, "Rank-1": 96.03498578071594, "Rank-5": 96.73469662666321, "Rank-10": 97.08454608917236}}
{"event": "epoch", "dataset": "RGBNT100", "recipe": "semantic", "epoch": 37, "steps": 63, "mean_loss": 1.0808691108037556, "seconds": 65.98918525199406, "official_fused": {"mAP": 82.14490433137553, "Rank-1": 95.91836929321289, "Rank-5": 96.96792960166931, "Rank-10": 97.25947380065918}}
{"event": "epoch", "dataset": "RGBNT100", "recipe": "semantic", "epoch": 38, "steps": 63, "mean_loss": 1.0792989049639021, "seconds": 66.43830471695401, "official_fused": {"mAP": 82.24848065234784, "Rank-1": 95.91836929321289, "Rank-5": 96.73469662666321, "Rank-10": 97.02624082565308}}
{"event": "epoch", "dataset": "RGBNT100", "recipe": "semantic", "epoch": 39, "steps": 63, "mean_loss": 1.0803800291485257, "seconds": 65.7208914149669, "official_fused": {"mAP": 82.31361492484078, "Rank-1": 95.97667455673218, "Rank-5": 96.67638540267944, "Rank-10": 96.90961837768555}}
{"event": "epoch", "dataset": "RGBNT100", "recipe": "semantic", "epoch": 40, "steps": 62, "mean_loss": 1.0792699302396467, "seconds": 64.35807297402062, "official_fused": {"mAP": 82.31952194355709, "Rank-1": 95.80174684524536, "Rank-5": 96.50145769119263, "Rank-10": 96.7930018901825}}
{"event": "epoch", "dataset": "RGBNT100", "recipe": "semantic", "epoch": 41, "steps": 63, "mean_loss": 1.0789747767978244, "seconds": 65.32897493604105, "official_fused": {"mAP": 82.40894142776429, "Rank-1": 95.86005806922913, "Rank-5": 96.61807417869568, "Rank-10": 96.7930018901825}}
{"event": "epoch", "dataset": "RGBNT100", "recipe": "semantic", "epoch": 42, "steps": 63, "mean_loss": 1.0784553081270247, "seconds": 65.71337947796565, "official_fused": {"mAP": 82.4554735945664, "Rank-1": 96.0932970046997, "Rank-5": 96.73469662666321, "Rank-10": 97.08454608917236}}
{"event": "epoch", "dataset": "RGBNT100", "recipe": "semantic", "epoch": 43, "steps": 62, "mean_loss": 1.0782720831132704, "seconds": 64.17101414198987, "official_fused": {"mAP": 82.4504813356121, "Rank-1": 95.91836929321289, "Rank-5": 96.7930018901825, "Rank-10": 97.08454608917236}}
{"event": "epoch", "dataset": "RGBNT100", "recipe": "semantic", "epoch": 44, "steps": 62, "mean_loss": 1.0777584564301275, "seconds": 64.29862741299439, "official_fused": {"mAP": 82.42555974829949, "Rank-1": 95.74344158172607, "Rank-5": 96.61807417869568, "Rank-10": 96.85131311416626}}
{"event": "epoch", "dataset": "RGBNT100", "recipe": "semantic", "epoch": 45, "steps": 62, "mean_loss": 1.0782905797804556, "seconds": 64.29988976602908, "official_fused": {"mAP": 82.3948081859253, "Rank-1": 95.74344158172607, "Rank-5": 96.50145769119263, "Rank-10": 96.90961837768555}}
{"event": "epoch", "dataset": "RGBNT100", "recipe": "semantic", "epoch": 46, "steps": 63, "mean_loss": 1.0776000987915766, "seconds": 65.37884053302696, "official_fused": {"mAP": 82.6269449458248, "Rank-1": 95.97667455673218, "Rank-5": 96.67638540267944, "Rank-10": 96.96792960166931}}
{"event": "epoch", "dataset": "RGBNT100", "recipe": "semantic", "epoch": 47, "steps": 62, "mean_loss": 1.0776397028276998, "seconds": 65.14650402602274, "official_fused": {"mAP": 82.54048390296788, "Rank-1": 96.03498578071594, "Rank-5": 96.7930018901825, "Rank-10": 96.90961837768555}}
{"event": "epoch", "dataset": "RGBNT100", "recipe": "semantic", "epoch": 48, "steps": 63, "mean_loss": 1.0771889383830722, "seconds": 65.51476502901642, "official_fused": {"mAP": 82.37613808822242, "Rank-1": 95.91836929321289, "Rank-5": 96.90961837768555, "Rank-10": 97.02624082565308}}
{"event": "epoch", "dataset": "RGBNT100", "recipe": "semantic", "epoch": 49, "steps": 63, "mean_loss": 1.0773421242123558, "seconds": 65.91647158697015, "official_fused": {"mAP": 82.37859893309947, "Rank-1": 96.03498578071594, "Rank-5": 96.85131311416626, "Rank-10": 97.14285731315613}}
{"event": "epoch", "dataset": "RGBNT100", "recipe": "semantic", "epoch": 50, "steps": 62, "mean_loss": 1.0771021573774275, "seconds": 63.92527623701608, "official_fused": {"mAP": 82.2821482237148, "Rank-1": 96.0932970046997, "Rank-5": 96.96792960166931, "Rank-10": 97.14285731315613}}
