/data/gaob/Re-ID/conda-envs/tri_reid/lib/python3.10/site-packages/timm/models/helpers.py:7: FutureWarning: Importing from timm.models.helpers is deprecated, please import via timm.models
  warnings.warn(f"Importing from {__name__} is deprecated, please import via timm.models", FutureWarning)
/data/gaob/Re-ID/conda-envs/tri_reid/lib/python3.10/site-packages/timm/models/registry.py:4: FutureWarning: Importing from timm.models.registry is deprecated, please import via timm.models
  warnings.warn(f"Importing from {__name__} is deprecated, please import via timm.models", FutureWarning)
/data/gaob/Re-ID/conda-envs/tri_reid/lib/python3.10/site-packages/timm/models/layers/__init__.py:48: FutureWarning: Importing from timm.models.layers is deprecated, please import via timm.layers
  warnings.warn(f"Importing from {__name__} is deprecated, please import via timm.layers", FutureWarning)
建立transformer............
using Transformer_type: ViT-B-16 as a backbone
Resized position embedding: %s to %s torch.Size([197, 768]) torch.Size([129, 768])
Position embedding resize to height:8 width: 16
Successfully load ckpt!
<All keys matched successfully>
Loading pretrained model from CLIP
camera number is : 8
===========Building Signal===========
{"variant": "competitive", "query_rows": 591, "gallery_rows": 1055, "max_replay_error_pp": 2.4709201369432776e-06}
建立transformer............
using Transformer_type: ViT-B-16 as a backbone
Resized position embedding: %s to %s torch.Size([197, 768]) torch.Size([129, 768])
Position embedding resize to height:8 width: 16
Successfully load ckpt!
<All keys matched successfully>
Loading pretrained model from CLIP
camera number is : 8
===========Building Signal===========
{"variant": "independent", "query_rows": 591, "gallery_rows": 1055, "max_replay_error_pp": 1.2405027547401914e-06}
{"status": "COMPLETE_PAIRED_SLOT_DIAGNOSIS", "dataset": "MSVR310", "completed_at": "2026-10-01T06:40:30.848620+08:00", "matrix_sha256": "e3433db691dbb1070595386c542f27782cd88b45f5f6faa8660b246e7c2fd4b8", "source_sha256": "73bc9adeef0ea9ed8d546c3abf6b8e94a618b46643eed29a1442c33968a3a069", "endpoint_reports": {"competitive": "fe2c41360254f7a31fe6ab9438a9d0ee188d3cca9c72bea20a8d442511c1610c", "independent": "387fc90125f436aa3e3db2399a2c65c6e85c1b01728695f0505e69e88ce1e16e"}}
