/data/gaob/Re-ID/conda-envs/tri_reid/lib/python3.10/site-packages/timm/models/helpers.py:7: FutureWarning: Importing from timm.models.helpers is deprecated, please import via timm.models
  warnings.warn(f"Importing from {__name__} is deprecated, please import via timm.models", FutureWarning)
/data/gaob/Re-ID/conda-envs/tri_reid/lib/python3.10/site-packages/timm/models/registry.py:4: FutureWarning: Importing from timm.models.registry is deprecated, please import via timm.models
  warnings.warn(f"Importing from {__name__} is deprecated, please import via timm.models", FutureWarning)
/data/gaob/Re-ID/conda-envs/tri_reid/lib/python3.10/site-packages/timm/models/layers/__init__.py:48: FutureWarning: Importing from timm.models.layers is deprecated, please import via timm.layers
  warnings.warn(f"Importing from {__name__} is deprecated, please import via timm.layers", FutureWarning)
建立transformer............
using Transformer_type: ViT-B-16 as a backbone
Resized position embedding: %s to %s torch.Size([197, 768]) torch.Size([129, 768])
Position embedding resize to height:16 width: 8
Successfully load ckpt!
<All keys matched successfully>
Loading pretrained model from CLIP
camera number is : 4
===========Building Signal===========
{"variant": "competitive", "query_rows": 836, "gallery_rows": 836, "max_replay_error_pp": 2.8518968804291944e-06}
建立transformer............
using Transformer_type: ViT-B-16 as a backbone
Resized position embedding: %s to %s torch.Size([197, 768]) torch.Size([129, 768])
Position embedding resize to height:16 width: 8
Successfully load ckpt!
<All keys matched successfully>
Loading pretrained model from CLIP
camera number is : 4
===========Building Signal===========
{"variant": "independent", "query_rows": 836, "gallery_rows": 836, "max_replay_error_pp": 2.737821006348895e-06}
{"status": "COMPLETE_PAIRED_SLOT_DIAGNOSIS", "dataset": "RGBNT201", "completed_at": "2026-10-01T06:40:30.211433+08:00", "matrix_sha256": "e3433db691dbb1070595386c542f27782cd88b45f5f6faa8660b246e7c2fd4b8", "source_sha256": "73bc9adeef0ea9ed8d546c3abf6b8e94a618b46643eed29a1442c33968a3a069", "endpoint_reports": {"competitive": "f011e698592168f8122c6dab28e0cfddd513dd66adfce5d1f12416e1e7ceddc0", "independent": "bffb24ec36643bfb63cb20defd5de535f1abf89e248bf9a06229ae1af92334ec"}}
